[2019-10-14T07:32:15.623+0000][1][gc] Using Concurrent Mark Sweep
[2019-10-14T07:32:15.624+0000][1][gc,heap,coops] Heap address: 0x00000000f0000000, size: 256 MB, Compressed Oops mode: 32-bit
[2019-10-14T07:32:15.706+0000][1][safepoint    ] Entering safepoint region: EnableBiasedLocking
[2019-10-14T07:32:15.707+0000][1][safepoint    ] Leaving safepoint region
[2019-10-14T07:32:15.708+0000][1][safepoint    ] Total time for which application threads were stopped: 0.0020040 seconds, Stopping threads took: 0.0010812 seconds
[2019-10-14T07:32:15.727+0000][1][safepoint    ] Application time: 0.0122040 seconds
[2019-10-14T07:32:15.729+0000][1][safepoint    ] Entering safepoint region: RevokeBias
[2019-10-14T07:32:15.730+0000][1][safepoint    ] Leaving safepoint region
[2019-10-14T07:32:15.731+0000][1][safepoint    ] Total time for which application threads were stopped: 0.0015635 seconds, Stopping threads took: 0.0008608 seconds
[2019-10-14T07:32:15.742+0000][1][safepoint    ] Application time: 0.0104360 seconds
[2019-10-14T07:32:15.743+0000][1][safepoint    ] Entering safepoint region: Deoptimize
[2019-10-14T07:32:15.744+0000][1][safepoint    ] Leaving safepoint region
[2019-10-14T07:32:15.745+0000][1][safepoint    ] Total time for which application threads were stopped: 0.0023198 seconds, Stopping threads took: 0.0013566 seconds
[2019-10-14T07:32:15.946+0000][1][safepoint    ] Application time: 0.1998944 seconds
[2019-10-14T07:32:15.948+0000][1][safepoint    ] Entering safepoint region: RevokeBias
[2019-10-14T07:32:15.948+0000][1][safepoint    ] Leaving safepoint region
[2019-10-14T07:32:15.949+0000][1][safepoint    ] Total time for which application threads were stopped: 0.0032196 seconds, Stopping threads took: 0.0018070 seconds
[2019-10-14T07:32:15.960+0000][1][safepoint    ] Application time: 0.0098202 seconds
[2019-10-14T07:32:15.960+0000][1][safepoint    ] Entering safepoint region: RevokeBias
[2019-10-14T07:32:15.961+0000][1][safepoint    ] Leaving safepoint region
[2019-10-14T07:32:15.961+0000][1][safepoint    ] Total time for which application threads were stopped: 0.0007800 seconds, Stopping threads took: 0.0004107 seconds
[2019-10-14T07:32:15.962+0000][1][safepoint    ] Application time: 0.0006896 seconds
[2019-10-14T07:32:15.962+0000][1][safepoint    ] Entering safepoint region: Deoptimize
[2019-10-14T07:32:15.963+0000][1][safepoint    ] Leaving safepoint region
[2019-10-14T07:32:15.963+0000][1][safepoint    ] Total time for which application threads were stopped: 0.0007762 seconds, Stopping threads took: 0.0005037 seconds
[2019-10-14T07:32:16.029+0000][1][safepoint    ] Application time: 0.0651752 seconds
[2019-10-14T07:32:16.029+0000][1][safepoint    ] Entering safepoint region: Deoptimize
[2019-10-14T07:32:16.030+0000][1][safepoint    ] Leaving safepoint region
[2019-10-14T07:32:16.031+0000][1][safepoint    ] Total time for which application threads were stopped: 0.0015268 seconds, Stopping threads took: 0.0009000 seconds
[2019-10-14T07:32:16.990+0000][1][safepoint    ] Application time: 0.9574739 seconds
[2019-10-14T07:32:16.990+0000][1][safepoint    ] Entering safepoint region: Deoptimize
[2019-10-14T07:32:16.991+0000][1][safepoint    ] Leaving safepoint region
[2019-10-14T07:32:16.991+0000][1][safepoint    ] Total time for which application threads were stopped: 0.0010092 seconds, Stopping threads took: 0.0005758 seconds
[2019-10-14T07:32:17.081+0000][1][safepoint    ] Application time: 0.0891573 seconds
[2019-10-14T07:32:17.081+0000][1][safepoint    ] Entering safepoint region: Deoptimize
[2019-10-14T07:32:17.082+0000][1][safepoint    ] Leaving safepoint region
[2019-10-14T07:32:17.082+0000][1][safepoint    ] Total time for which application threads were stopped: 0.0007297 seconds, Stopping threads took: 0.0003017 seconds
[2019-10-14T07:32:17.124+0000][1][safepoint    ] Application time: 0.0417342 seconds
[2019-10-14T07:32:17.125+0000][1][safepoint    ] Entering safepoint region: Deoptimize
[2019-10-14T07:32:17.125+0000][1][safepoint    ] Leaving safepoint region
[2019-10-14T07:32:17.125+0000][1][safepoint    ] Total time for which application threads were stopped: 0.0007464 seconds, Stopping threads took: 0.0003244 seconds
[2019-10-14T07:32:18.069+0000][1][safepoint    ] Application time: 0.9430491 seconds
[2019-10-14T07:32:18.070+0000][1][safepoint    ] Entering safepoint region: Deoptimize
[2019-10-14T07:32:18.070+0000][1][safepoint    ] Leaving safepoint region
[2019-10-14T07:32:18.071+0000][1][safepoint    ] Total time for which application threads were stopped: 0.0015174 seconds, Stopping threads took: 0.0006321 seconds
[2019-10-14T07:32:18.710+0000][1][safepoint    ] Application time: 0.6389245 seconds
[2019-10-14T07:32:18.711+0000][1][safepoint    ] Entering safepoint region: Deoptimize
[2019-10-14T07:32:18.714+0000][1][safepoint    ] Leaving safepoint region
[2019-10-14T07:32:18.716+0000][1][safepoint    ] Total time for which application threads were stopped: 0.0043695 seconds, Stopping threads took: 0.0026712 seconds
[2019-10-14T07:32:19.420+0000][1][safepoint    ] Application time: 0.7026287 seconds
[2019-10-14T07:32:19.422+0000][1][safepoint    ] Entering safepoint region: Deoptimize
[2019-10-14T07:32:19.424+0000][1][safepoint    ] Leaving safepoint region
[2019-10-14T07:32:19.425+0000][1][safepoint    ] Total time for which application threads were stopped: 0.0024313 seconds, Stopping threads took: 0.0013485 seconds
[2019-10-14T07:32:19.426+0000][1][safepoint    ] Application time: 0.0007146 seconds
[2019-10-14T07:32:19.427+0000][1][safepoint    ] Entering safepoint region: Deoptimize
[2019-10-14T07:32:19.429+0000][1][safepoint    ] Leaving safepoint region
[2019-10-14T07:32:19.431+0000][1][safepoint    ] Total time for which application threads were stopped: 0.0035275 seconds, Stopping threads took: 0.0014570 seconds
[2019-10-14T07:32:19.500+0000][1][safepoint    ] Application time: 0.0686082 seconds
[2019-10-14T07:32:19.501+0000][1][safepoint    ] Entering safepoint region: Deoptimize
[2019-10-14T07:32:19.503+0000][1][safepoint    ] Leaving safepoint region
[2019-10-14T07:32:19.504+0000][1][safepoint    ] Total time for which application threads were stopped: 0.0029626 seconds, Stopping threads took: 0.0007062 seconds
[2019-10-14T07:32:19.539+0000][1][safepoint    ] Application time: 0.0333700 seconds
[2019-10-14T07:32:19.540+0000][1][safepoint    ] Entering safepoint region: Deoptimize
[2019-10-14T07:32:19.540+0000][1][safepoint    ] Leaving safepoint region
[2019-10-14T07:32:19.540+0000][1][safepoint    ] Total time for which application threads were stopped: 0.0007275 seconds, Stopping threads took: 0.0002545 seconds
[2019-10-14T07:32:19.588+0000][1][safepoint    ] Application time: 0.0475681 seconds
[2019-10-14T07:32:19.595+0000][1][safepoint    ] Entering safepoint region: RevokeBias
[2019-10-14T07:32:19.596+0000][1][safepoint    ] Leaving safepoint region
[2019-10-14T07:32:19.597+0000][1][safepoint    ] Total time for which application threads were stopped: 0.0080082 seconds, Stopping threads took: 0.0072000 seconds
[2019-10-14T07:32:19.598+0000][1][safepoint    ] Application time: 0.0001966 seconds
[2019-10-14T07:32:19.598+0000][1][safepoint    ] Entering safepoint region: RevokeBias
[2019-10-14T07:32:19.599+0000][1][safepoint    ] Leaving safepoint region
[2019-10-14T07:32:19.599+0000][1][safepoint    ] Total time for which application threads were stopped: 0.0007190 seconds, Stopping threads took: 0.0003838 seconds
[2019-10-14T07:32:19.599+0000][1][safepoint    ] Application time: 0.0000543 seconds
[2019-10-14T07:32:19.600+0000][1][safepoint    ] Entering safepoint region: RevokeBias
[2019-10-14T07:32:19.600+0000][1][safepoint    ] Leaving safepoint region
[2019-10-14T07:32:19.601+0000][1][safepoint    ] Total time for which application threads were stopped: 0.0008678 seconds, Stopping threads took: 0.0003804 seconds
[2019-10-14T07:32:19.601+0000][1][safepoint    ] Application time: 0.0001055 seconds
[2019-10-14T07:32:19.601+0000][1][safepoint    ] Entering safepoint region: RevokeBias
[2019-10-14T07:32:19.602+0000][1][safepoint    ] Leaving safepoint region
[2019-10-14T07:32:19.602+0000][1][safepoint    ] Total time for which application threads were stopped: 0.0009951 seconds, Stopping threads took: 0.0003547 seconds
[2019-10-14T07:32:19.603+0000][1][safepoint    ] Application time: 0.0002894 seconds
[2019-10-14T07:32:19.604+0000][1][safepoint    ] Entering safepoint region: RevokeBias
[2019-10-14T07:32:19.604+0000][1][safepoint    ] Leaving safepoint region
[2019-10-14T07:32:19.605+0000][1][safepoint    ] Total time for which application threads were stopped: 0.0009232 seconds, Stopping threads took: 0.0005542 seconds
[2019-10-14T07:32:19.608+0000][1][safepoint    ] Application time: 0.0033195 seconds
[2019-10-14T07:32:19.609+0000][1][safepoint    ] Entering safepoint region: Deoptimize
[2019-10-14T07:32:19.609+0000][1][safepoint    ] Leaving safepoint region
[2019-10-14T07:32:19.610+0000][1][safepoint    ] Total time for which application threads were stopped: 0.0008876 seconds, Stopping threads took: 0.0003605 seconds
[2019-10-14T07:32:20.150+0000][1][safepoint    ] Application time: 0.5403230 seconds
[2019-10-14T07:32:20.151+0000][1][safepoint    ] Entering safepoint region: GenCollectForAllocation
[2019-10-14T07:32:20.152+0000][1][gc,start     ] GC(0) Pause Young (Allocation Failure)
[2019-10-14T07:32:20.154+0000][1][gc,task      ] GC(0) Using 2 workers of 2 for evacuation
[2019-10-14T07:32:20.174+0000][1][gc,age       ] GC(0) Desired survivor size 4456448 bytes, new threshold 1 (max threshold 6)
[2019-10-14T07:32:20.175+0000][1][gc,age       ] GC(0) Age table with threshold 1 (max threshold 6)
[2019-10-14T07:32:20.175+0000][1][gc,age       ] GC(0) - age   1:    6372520 bytes,    6372520 total
[2019-10-14T07:32:20.176+0000][1][gc,heap      ] GC(0) ParNew: 69952K->6267K(78656K)
[2019-10-14T07:32:20.176+0000][1][gc,heap      ] GC(0) CMS: 0K->0K(174784K)
[2019-10-14T07:32:20.177+0000][1][gc,metaspace ] GC(0) Metaspace: 12220K->12220K(1060864K)
[2019-10-14T07:32:20.177+0000][1][gc           ] GC(0) Pause Young (Allocation Failure) 68M->6M(247M) 25.355ms
[2019-10-14T07:32:20.178+0000][1][gc,cpu       ] GC(0) User=0.02s Sys=0.00s Real=0.02s
[2019-10-14T07:32:20.178+0000][1][safepoint    ] Leaving safepoint region
[2019-10-14T07:32:20.178+0000][1][safepoint    ] Total time for which application threads were stopped: 0.0276655 seconds, Stopping threads took: 0.0009237 seconds
[2019-10-14T07:32:20.198+0000][1][safepoint    ] Application time: 0.0188064 seconds
[2019-10-14T07:32:20.201+0000][1][safepoint    ] Entering safepoint region: RevokeBias
[2019-10-14T07:32:20.202+0000][1][safepoint    ] Leaving safepoint region
[2019-10-14T07:32:20.202+0000][1][safepoint    ] Total time for which application threads were stopped: 0.0043183 seconds, Stopping threads took: 0.0038389 seconds
[2019-10-14T07:32:20.203+0000][1][safepoint    ] Application time: 0.0001147 seconds
[2019-10-14T07:32:20.203+0000][1][safepoint    ] Entering safepoint region: RevokeBias
[2019-10-14T07:32:20.204+0000][1][safepoint    ] Leaving safepoint region
[2019-10-14T07:32:20.204+0000][1][safepoint    ] Total time for which application threads were stopped: 0.0009595 seconds, Stopping threads took: 0.0005255 seconds
[2019-10-14T07:32:20.204+0000][1][safepoint    ] Application time: 0.0001453 seconds
[2019-10-14T07:32:20.205+0000][1][safepoint    ] Entering safepoint region: RevokeBias
[2019-10-14T07:32:20.205+0000][1][safepoint    ] Leaving safepoint region
[2019-10-14T07:32:20.205+0000][1][safepoint    ] Total time for which application threads were stopped: 0.0007511 seconds, Stopping threads took: 0.0003311 seconds
[2019-10-14T07:32:20.206+0000][1][safepoint    ] Application time: 0.0000519 seconds
[2019-10-14T07:32:20.207+0000][1][safepoint    ] Entering safepoint region: RevokeBias
[2019-10-14T07:32:20.207+0000][1][safepoint    ] Leaving safepoint region
[2019-10-14T07:32:20.208+0000][1][safepoint    ] Total time for which application threads were stopped: 0.0005679 seconds, Stopping threads took: 0.0002474 seconds
[2019-10-14T07:32:20.208+0000][1][safepoint    ] Application time: 0.0001376 seconds
[2019-10-14T07:32:20.208+0000][1][safepoint    ] Entering safepoint region: RevokeBias
[2019-10-14T07:32:20.209+0000][1][safepoint    ] Leaving safepoint region
[2019-10-14T07:32:20.209+0000][1][safepoint    ] Total time for which application threads were stopped: 0.0007983 seconds, Stopping threads took: 0.0003890 seconds
[2019-10-14T07:32:20.209+0000][1][safepoint    ] Application time: 0.0000520 seconds
[2019-10-14T07:32:20.210+0000][1][safepoint    ] Entering safepoint region: RevokeBias
[2019-10-14T07:32:20.210+0000][1][safepoint    ] Leaving safepoint region
[2019-10-14T07:32:20.211+0000][1][safepoint    ] Total time for which application threads were stopped: 0.0007098 seconds, Stopping threads took: 0.0003928 seconds
[2019-10-14T07:32:20.211+0000][1][safepoint    ] Application time: 0.0000966 seconds
[2019-10-14T07:32:20.211+0000][1][safepoint    ] Entering safepoint region: RevokeBias
[2019-10-14T07:32:20.212+0000][1][safepoint    ] Leaving safepoint region
[2019-10-14T07:32:20.212+0000][1][safepoint    ] Total time for which application threads were stopped: 0.0006081 seconds, Stopping threads took: 0.0003188 seconds
[2019-10-14T07:32:20.218+0000][1][safepoint    ] Application time: 0.0060623 seconds
[2019-10-14T07:32:20.219+0000][1][safepoint    ] Entering safepoint region: RevokeBias
[2019-10-14T07:32:20.219+0000][1][safepoint    ] Leaving safepoint region
[2019-10-14T07:32:20.219+0000][1][safepoint    ] Total time for which application threads were stopped: 0.0005145 seconds, Stopping threads took: 0.0002642 seconds
[2019-10-14T07:32:20.223+0000][1][safepoint    ] Application time: 0.0031291 seconds
[2019-10-14T07:32:20.224+0000][1][safepoint    ] Entering safepoint region: RevokeBias
[2019-10-14T07:32:20.225+0000][1][safepoint    ] Leaving safepoint region
[2019-10-14T07:32:20.225+0000][1][safepoint    ] Total time for which application threads were stopped: 0.0019865 seconds, Stopping threads took: 0.0016317 seconds
[2019-10-14T07:32:20.225+0000][1][safepoint    ] Application time: 0.0000557 seconds
[2019-10-14T07:32:20.226+0000][1][safepoint    ] Entering safepoint region: RevokeBias
[2019-10-14T07:32:20.226+0000][1][safepoint    ] Leaving safepoint region
[2019-10-14T07:32:20.227+0000][1][safepoint    ] Total time for which application threads were stopped: 0.0007267 seconds, Stopping threads took: 0.0003495 seconds
[2019-10-14T07:32:20.227+0000][1][safepoint    ] Application time: 0.0000667 seconds
[2019-10-14T07:32:20.227+0000][1][safepoint    ] Entering safepoint region: RevokeBias
[2019-10-14T07:32:20.227+0000][1][safepoint    ] Leaving safepoint region
[2019-10-14T07:32:20.228+0000][1][safepoint    ] Total time for which application threads were stopped: 0.0006736 seconds, Stopping threads took: 0.0003579 seconds
[2019-10-14T07:32:20.228+0000][1][safepoint    ] Application time: 0.0000568 seconds
[2019-10-14T07:32:20.228+0000][1][safepoint    ] Entering safepoint region: RevokeBias
[2019-10-14T07:32:20.229+0000][1][safepoint    ] Leaving safepoint region
[2019-10-14T07:32:20.229+0000][1][safepoint    ] Total time for which application threads were stopped: 0.0006574 seconds, Stopping threads took: 0.0002276 seconds
[2019-10-14T07:32:20.229+0000][1][safepoint    ] Application time: 0.0000787 seconds
[2019-10-14T07:32:20.230+0000][1][safepoint    ] Entering safepoint region: RevokeBias
[2019-10-14T07:32:20.230+0000][1][safepoint    ] Leaving safepoint region
[2019-10-14T07:32:20.230+0000][1][safepoint    ] Total time for which application threads were stopped: 0.0005462 seconds, Stopping threads took: 0.0002187 seconds
[2019-10-14T07:32:20.231+0000][1][safepoint    ] Application time: 0.0000959 seconds
[2019-10-14T07:32:20.231+0000][1][safepoint    ] Entering safepoint region: RevokeBias
[2019-10-14T07:32:20.231+0000][1][safepoint    ] Leaving safepoint region
[2019-10-14T07:32:20.231+0000][1][safepoint    ] Total time for which application threads were stopped: 0.0007002 seconds, Stopping threads took: 0.0002523 seconds
[2019-10-14T07:32:20.236+0000][1][safepoint    ] Application time: 0.0042332 seconds
[2019-10-14T07:32:20.237+0000][1][safepoint    ] Entering safepoint region: RevokeBias
[2019-10-14T07:32:20.237+0000][1][safepoint    ] Leaving safepoint region
[2019-10-14T07:32:20.238+0000][1][safepoint    ] Total time for which application threads were stopped: 0.0012470 seconds, Stopping threads took: 0.0008653 seconds
[2019-10-14T07:32:20.238+0000][1][safepoint    ] Application time: 0.0000731 seconds
[2019-10-14T07:32:20.238+0000][1][safepoint    ] Entering safepoint region: RevokeBias
[2019-10-14T07:32:20.239+0000][1][safepoint    ] Leaving safepoint region
[2019-10-14T07:32:20.239+0000][1][safepoint    ] Total time for which application threads were stopped: 0.0007296 seconds, Stopping threads took: 0.0003804 seconds
[2019-10-14T07:32:20.239+0000][1][safepoint    ] Application time: 0.0001127 seconds
[2019-10-14T07:32:20.240+0000][1][safepoint    ] Entering safepoint region: RevokeBias
[2019-10-14T07:32:20.240+0000][1][safepoint    ] Leaving safepoint region
[2019-10-14T07:32:20.241+0000][1][safepoint    ] Total time for which application threads were stopped: 0.0009496 seconds, Stopping threads took: 0.0004893 seconds
[2019-10-14T07:32:20.241+0000][1][safepoint    ] Application time: 0.0000733 seconds
[2019-10-14T07:32:20.241+0000][1][safepoint    ] Entering safepoint region: RevokeBias
[2019-10-14T07:32:20.242+0000][1][safepoint    ] Leaving safepoint region
[2019-10-14T07:32:20.243+0000][1][safepoint    ] Total time for which application threads were stopped: 0.0013907 seconds, Stopping threads took: 0.0009375 seconds
[2019-10-14T07:32:20.243+0000][1][safepoint    ] Application time: 0.0002476 seconds
[2019-10-14T07:32:20.244+0000][1][safepoint    ] Entering safepoint region: RevokeBias
[2019-10-14T07:32:20.244+0000][1][safepoint    ] Leaving safepoint region
[2019-10-14T07:32:20.244+0000][1][safepoint    ] Total time for which application threads were stopped: 0.0007640 seconds, Stopping threads took: 0.0004068 seconds
[2019-10-14T07:32:20.245+0000][1][safepoint    ] Application time: 0.0001219 seconds
[2019-10-14T07:32:20.245+0000][1][safepoint    ] Entering safepoint region: RevokeBias
[2019-10-14T07:32:20.245+0000][1][safepoint    ] Leaving safepoint region
[2019-10-14T07:32:20.246+0000][1][safepoint    ] Total time for which application threads were stopped: 0.0006848 seconds, Stopping threads took: 0.0003177 seconds
[2019-10-14T07:32:20.246+0000][1][safepoint    ] Application time: 0.0001034 seconds
[2019-10-14T07:32:20.247+0000][1][safepoint    ] Entering safepoint region: RevokeBias
[2019-10-14T07:32:20.247+0000][1][safepoint    ] Leaving safepoint region
[2019-10-14T07:32:20.248+0000][1][safepoint    ] Total time for which application threads were stopped: 0.0011579 seconds, Stopping threads took: 0.0005283 seconds
[2019-10-14T07:32:20.248+0000][1][safepoint    ] Application time: 0.0001477 seconds
[2019-10-14T07:32:20.249+0000][1][safepoint    ] Entering safepoint region: RevokeBias
[2019-10-14T07:32:20.249+0000][1][safepoint    ] Leaving safepoint region
[2019-10-14T07:32:20.250+0000][1][safepoint    ] Total time for which application threads were stopped: 0.0008028 seconds, Stopping threads took: 0.0004004 seconds
[2019-10-14T07:32:20.250+0000][1][safepoint    ] Application time: 0.0001901 seconds
[2019-10-14T07:32:20.251+0000][1][safepoint    ] Entering safepoint region: RevokeBias
[2019-10-14T07:32:20.251+0000][1][safepoint    ] Leaving safepoint region
[2019-10-14T07:32:20.252+0000][1][safepoint    ] Total time for which application threads were stopped: 0.0013067 seconds, Stopping threads took: 0.0009201 seconds
[2019-10-14T07:32:20.252+0000][1][safepoint    ] Application time: 0.0000744 seconds
[2019-10-14T07:32:20.252+0000][1][safepoint    ] Entering safepoint region: RevokeBias
[2019-10-14T07:32:20.253+0000][1][safepoint    ] Leaving safepoint region
[2019-10-14T07:32:20.253+0000][1][safepoint    ] Total time for which application threads were stopped: 0.0004658 seconds, Stopping threads took: 0.0002076 seconds
[2019-10-14T07:32:20.256+0000][1][safepoint    ] Application time: 0.0029479 seconds
[2019-10-14T07:32:20.257+0000][1][safepoint    ] Entering safepoint region: RevokeBias
[2019-10-14T07:32:20.257+0000][1][safepoint    ] Leaving safepoint region
[2019-10-14T07:32:20.257+0000][1][safepoint    ] Total time for which application threads were stopped: 0.0009841 seconds, Stopping threads took: 0.0004346 seconds
[2019-10-14T07:32:20.258+0000][1][safepoint    ] Application time: 0.0000763 seconds
[2019-10-14T07:32:20.258+0000][1][safepoint    ] Entering safepoint region: RevokeBias
[2019-10-14T07:32:20.259+0000][1][safepoint    ] Leaving safepoint region
[2019-10-14T07:32:20.259+0000][1][safepoint    ] Total time for which application threads were stopped: 0.0006164 seconds, Stopping threads took: 0.0002983 seconds
[2019-10-14T07:32:20.259+0000][1][safepoint    ] Application time: 0.0000807 seconds
[2019-10-14T07:32:20.260+0000][1][safepoint    ] Entering safepoint region: RevokeBias
[2019-10-14T07:32:20.261+0000][1][safepoint    ] Leaving safepoint region
[2019-10-14T07:32:20.261+0000][1][safepoint    ] Total time for which application threads were stopped: 0.0012018 seconds, Stopping threads took: 0.0009035 seconds
[2019-10-14T07:32:20.261+0000][1][safepoint    ] Application time: 0.0000646 seconds
[2019-10-14T07:32:20.261+0000][1][safepoint    ] Entering safepoint region: RevokeBias
[2019-10-14T07:32:20.262+0000][1][safepoint    ] Leaving safepoint region
[2019-10-14T07:32:20.262+0000][1][safepoint    ] Total time for which application threads were stopped: 0.0009219 seconds, Stopping threads took: 0.0004840 seconds
[2019-10-14T07:32:20.892+0000][1][safepoint    ] Application time: 0.6294606 seconds
[2019-10-14T07:32:20.893+0000][1][safepoint    ] Entering safepoint region: Deoptimize
[2019-10-14T07:32:20.894+0000][1][safepoint    ] Leaving safepoint region
[2019-10-14T07:32:20.894+0000][1][safepoint    ] Total time for which application threads were stopped: 0.0011993 seconds, Stopping threads took: 0.0004780 seconds
[2019-10-14T07:32:20.990+0000][1][safepoint    ] Application time: 0.0956336 seconds
[2019-10-14T07:32:20.990+0000][1][safepoint    ] Entering safepoint region: Deoptimize
[2019-10-14T07:32:20.991+0000][1][safepoint    ] Leaving safepoint region
[2019-10-14T07:32:20.991+0000][1][safepoint    ] Total time for which application threads were stopped: 0.0009108 seconds, Stopping threads took: 0.0002750 seconds
[2019-10-14T07:32:21.500+0000][1][safepoint    ] Application time: 0.5085907 seconds
[2019-10-14T07:32:21.501+0000][1][safepoint    ] Entering safepoint region: GenCollectForAllocation
[2019-10-14T07:32:21.501+0000][1][gc,start     ] GC(1) Pause Young (Allocation Failure)
[2019-10-14T07:32:21.502+0000][1][gc,task      ] GC(1) Using 2 workers of 2 for evacuation
[2019-10-14T07:32:21.557+0000][1][gc,age       ] GC(1) Desired survivor size 4456448 bytes, new threshold 6 (max threshold 6)
[2019-10-14T07:32:21.558+0000][1][gc,age       ] GC(1) Age table with threshold 6 (max threshold 6)
[2019-10-14T07:32:21.558+0000][1][gc,age       ] GC(1) - age   1:    2435504 bytes,    2435504 total
[2019-10-14T07:32:21.558+0000][1][gc,heap      ] GC(1) ParNew: 76219K->3967K(78656K)
[2019-10-14T07:32:21.558+0000][1][gc,heap      ] GC(1) CMS: 0K->6680K(174784K)
[2019-10-14T07:32:21.559+0000][1][gc,metaspace ] GC(1) Metaspace: 14785K->14785K(1062912K)
[2019-10-14T07:32:21.559+0000][1][gc           ] GC(1) Pause Young (Allocation Failure) 74M->10M(247M) 57.981ms
[2019-10-14T07:32:21.559+0000][1][gc,cpu       ] GC(1) User=0.06s Sys=0.00s Real=0.06s
[2019-10-14T07:32:21.560+0000][1][safepoint    ] Leaving safepoint region
[2019-10-14T07:32:21.560+0000][1][safepoint    ] Total time for which application threads were stopped: 0.0593233 seconds, Stopping threads took: 0.0002978 seconds
[2019-10-14T07:32:21.567+0000][1][safepoint    ] Application time: 0.0068534 seconds
[2019-10-14T07:32:21.569+0000][1][safepoint    ] Entering safepoint region: BulkRevokeBias
[2019-10-14T07:32:21.570+0000][1][safepoint    ] Leaving safepoint region
[2019-10-14T07:32:21.570+0000][1][safepoint    ] Total time for which application threads were stopped: 0.0026196 seconds, Stopping threads took: 0.0020440 seconds
[2019-10-14T07:32:21.570+0000][1][safepoint    ] Application time: 0.0001188 seconds
[2019-10-14T07:32:21.571+0000][1][safepoint    ] Entering safepoint region: RevokeBias
[2019-10-14T07:32:21.571+0000][1][safepoint    ] Leaving safepoint region
[2019-10-14T07:32:21.571+0000][1][safepoint    ] Total time for which application threads were stopped: 0.0006221 seconds, Stopping threads took: 0.0002757 seconds
[2019-10-14T07:32:21.572+0000][1][safepoint    ] Application time: 0.0002062 seconds
[2019-10-14T07:32:21.572+0000][1][safepoint    ] Entering safepoint region: RevokeBias
[2019-10-14T07:32:21.573+0000][1][safepoint    ] Leaving safepoint region
[2019-10-14T07:32:21.573+0000][1][safepoint    ] Total time for which application threads were stopped: 0.0006816 seconds, Stopping threads took: 0.0002748 seconds
[2019-10-14T07:32:21.573+0000][1][safepoint    ] Application time: 0.0000598 seconds
[2019-10-14T07:32:21.574+0000][1][safepoint    ] Entering safepoint region: RevokeBias
[2019-10-14T07:32:21.574+0000][1][safepoint    ] Leaving safepoint region
[2019-10-14T07:32:21.574+0000][1][safepoint    ] Total time for which application threads were stopped: 0.0008002 seconds, Stopping threads took: 0.0004311 seconds
[2019-10-14T07:32:21.575+0000][1][safepoint    ] Application time: 0.0000807 seconds
[2019-10-14T07:32:21.575+0000][1][safepoint    ] Entering safepoint region: RevokeBias
[2019-10-14T07:32:21.575+0000][1][safepoint    ] Leaving safepoint region
[2019-10-14T07:32:21.576+0000][1][safepoint    ] Total time for which application threads were stopped: 0.0005842 seconds, Stopping threads took: 0.0002238 seconds
[2019-10-14T07:32:21.576+0000][1][safepoint    ] Application time: 0.0000932 seconds
[2019-10-14T07:32:21.576+0000][1][safepoint    ] Entering safepoint region: RevokeBias
[2019-10-14T07:32:21.577+0000][1][safepoint    ] Leaving safepoint region
[2019-10-14T07:32:21.577+0000][1][safepoint    ] Total time for which application threads were stopped: 0.0007944 seconds, Stopping threads took: 0.0004049 seconds
[2019-10-14T07:32:21.578+0000][1][safepoint    ] Application time: 0.0002425 seconds
[2019-10-14T07:32:21.578+0000][1][safepoint    ] Entering safepoint region: RevokeBias
[2019-10-14T07:32:21.578+0000][1][safepoint    ] Leaving safepoint region
[2019-10-14T07:32:21.579+0000][1][safepoint    ] Total time for which application threads were stopped: 0.0004364 seconds, Stopping threads took: 0.0002134 seconds
[2019-10-14T07:32:21.579+0000][1][safepoint    ] Application time: 0.0000423 seconds
[2019-10-14T07:32:21.579+0000][1][safepoint    ] Entering safepoint region: RevokeBias
[2019-10-14T07:32:21.579+0000][1][safepoint    ] Leaving safepoint region
[2019-10-14T07:32:21.580+0000][1][safepoint    ] Total time for which application threads were stopped: 0.0005925 seconds, Stopping threads took: 0.0002558 seconds
[2019-10-14T07:32:21.580+0000][1][safepoint    ] Application time: 0.0001247 seconds
[2019-10-14T07:32:21.580+0000][1][safepoint    ] Entering safepoint region: RevokeBias
[2019-10-14T07:32:21.581+0000][1][safepoint    ] Leaving safepoint region
[2019-10-14T07:32:21.581+0000][1][safepoint    ] Total time for which application threads were stopped: 0.0005342 seconds, Stopping threads took: 0.0002443 seconds
[2019-10-14T07:32:21.581+0000][1][safepoint    ] Application time: 0.0000582 seconds
[2019-10-14T07:32:21.582+0000][1][safepoint    ] Entering safepoint region: RevokeBias
[2019-10-14T07:32:21.582+0000][1][safepoint    ] Leaving safepoint region
[2019-10-14T07:32:21.582+0000][1][safepoint    ] Total time for which application threads were stopped: 0.0006462 seconds, Stopping threads took: 0.0002540 seconds
[2019-10-14T07:32:21.583+0000][1][safepoint    ] Application time: 0.0000860 seconds
[2019-10-14T07:32:21.583+0000][1][safepoint    ] Entering safepoint region: BulkRevokeBias
[2019-10-14T07:32:21.583+0000][1][safepoint    ] Leaving safepoint region
[2019-10-14T07:32:21.584+0000][1][safepoint    ] Total time for which application threads were stopped: 0.0007837 seconds, Stopping threads took: 0.0002926 seconds
[2019-10-14T07:32:21.589+0000][1][safepoint    ] Application time: 0.0044746 seconds
[2019-10-14T07:32:21.589+0000][1][safepoint    ] Entering safepoint region: BulkRevokeBias
[2019-10-14T07:32:21.590+0000][1][safepoint    ] Leaving safepoint region
[2019-10-14T07:32:21.590+0000][1][safepoint    ] Total time for which application threads were stopped: 0.0009242 seconds, Stopping threads took: 0.0004723 seconds
[2019-10-14T07:32:22.063+0000][1][safepoint    ] Application time: 0.4727063 seconds
[2019-10-14T07:32:22.063+0000][1][safepoint    ] Entering safepoint region: GenCollectForAllocation
[2019-10-14T07:32:22.064+0000][1][gc,start     ] GC(2) Pause Young (Allocation Failure)
[2019-10-14T07:32:22.064+0000][1][gc,task      ] GC(2) Using 2 workers of 2 for evacuation
[2019-10-14T07:32:22.077+0000][1][gc,age       ] GC(2) Desired survivor size 4456448 bytes, new threshold 6 (max threshold 6)
[2019-10-14T07:32:22.077+0000][1][gc,age       ] GC(2) Age table with threshold 6 (max threshold 6)
[2019-10-14T07:32:22.079+0000][1][gc,age       ] GC(2) - age   1:    2833032 bytes,    2833032 total
[2019-10-14T07:32:22.079+0000][1][gc,age       ] GC(2) - age   2:    1156992 bytes,    3990024 total
[2019-10-14T07:32:22.080+0000][1][gc,heap      ] GC(2) ParNew: 73919K->4709K(78656K)
[2019-10-14T07:32:22.080+0000][1][gc,heap      ] GC(2) CMS: 6680K->6680K(174784K)
[2019-10-14T07:32:22.080+0000][1][gc,metaspace ] GC(2) Metaspace: 14914K->14914K(1062912K)
[2019-10-14T07:32:22.081+0000][1][gc           ] GC(2) Pause Young (Allocation Failure) 78M->11M(247M) 16.949ms
[2019-10-14T07:32:22.081+0000][1][gc,cpu       ] GC(2) User=0.02s Sys=0.00s Real=0.02s
[2019-10-14T07:32:22.082+0000][1][safepoint    ] Leaving safepoint region
[2019-10-14T07:32:22.082+0000][1][safepoint    ] Total time for which application threads were stopped: 0.0187180 seconds, Stopping threads took: 0.0003694 seconds
[2019-10-14T07:32:22.083+0000][1][safepoint    ] Application time: 0.0002558 seconds
[2019-10-14T07:32:22.084+0000][1][safepoint    ] Entering safepoint region: RevokeBias
[2019-10-14T07:32:22.084+0000][1][safepoint    ] Leaving safepoint region
[2019-10-14T07:32:22.084+0000][1][safepoint    ] Total time for which application threads were stopped: 0.0015308 seconds, Stopping threads took: 0.0011022 seconds
[2019-10-14T07:32:22.085+0000][1][safepoint    ] Application time: 0.0000487 seconds
[2019-10-14T07:32:22.085+0000][1][safepoint    ] Entering safepoint region: RevokeBias
[2019-10-14T07:32:22.086+0000][1][safepoint    ] Leaving safepoint region
[2019-10-14T07:32:22.086+0000][1][safepoint    ] Total time for which application threads were stopped: 0.0009228 seconds, Stopping threads took: 0.0005527 seconds
[2019-10-14T07:32:22.087+0000][1][safepoint    ] Application time: 0.0001277 seconds
[2019-10-14T07:32:22.087+0000][1][safepoint    ] Entering safepoint region: RevokeBias
[2019-10-14T07:32:22.087+0000][1][safepoint    ] Leaving safepoint region
[2019-10-14T07:32:22.088+0000][1][safepoint    ] Total time for which application threads were stopped: 0.0007849 seconds, Stopping threads took: 0.0004566 seconds
[2019-10-14T07:32:22.088+0000][1][safepoint    ] Application time: 0.0001159 seconds
[2019-10-14T07:32:22.089+0000][1][safepoint    ] Entering safepoint region: RevokeBias
[2019-10-14T07:32:22.089+0000][1][safepoint    ] Leaving safepoint region
[2019-10-14T07:32:22.090+0000][1][safepoint    ] Total time for which application threads were stopped: 0.0011917 seconds, Stopping threads took: 0.0004492 seconds
[2019-10-14T07:32:22.090+0000][1][safepoint    ] Application time: 0.0001284 seconds
[2019-10-14T07:32:22.090+0000][1][safepoint    ] Entering safepoint region: RevokeBias
[2019-10-14T07:32:22.091+0000][1][safepoint    ] Leaving safepoint region
[2019-10-14T07:32:22.091+0000][1][safepoint    ] Total time for which application threads were stopped: 0.0007142 seconds, Stopping threads took: 0.0004205 seconds
[2019-10-14T07:32:22.092+0000][1][safepoint    ] Application time: 0.0000928 seconds
[2019-10-14T07:32:22.092+0000][1][safepoint    ] Entering safepoint region: RevokeBias
[2019-10-14T07:32:22.092+0000][1][safepoint    ] Leaving safepoint region
[2019-10-14T07:32:22.093+0000][1][safepoint    ] Total time for which application threads were stopped: 0.0008879 seconds, Stopping threads took: 0.0005162 seconds
[2019-10-14T07:32:22.151+0000][1][safepoint    ] Application time: 0.0578875 seconds
[2019-10-14T07:32:22.153+0000][1][safepoint    ] Entering safepoint region: RevokeBias
[2019-10-14T07:32:22.154+0000][1][safepoint    ] Leaving safepoint region
[2019-10-14T07:32:22.154+0000][1][safepoint    ] Total time for which application threads were stopped: 0.0016623 seconds, Stopping threads took: 0.0008076 seconds
[2019-10-14T07:32:22.465+0000][1][safepoint    ] Application time: 0.3107887 seconds
[2019-10-14T07:32:22.466+0000][1][safepoint    ] Entering safepoint region: Deoptimize
[2019-10-14T07:32:22.467+0000][1][safepoint    ] Leaving safepoint region
[2019-10-14T07:32:22.467+0000][1][safepoint    ] Total time for which application threads were stopped: 0.0017951 seconds, Stopping threads took: 0.0003048 seconds
[2019-10-14T07:32:22.470+0000][1][safepoint    ] Application time: 0.0021515 seconds
[2019-10-14T07:32:22.470+0000][1][safepoint    ] Entering safepoint region: Deoptimize
[2019-10-14T07:32:22.471+0000][1][safepoint    ] Leaving safepoint region
[2019-10-14T07:32:22.472+0000][1][safepoint    ] Total time for which application threads were stopped: 0.0014308 seconds, Stopping threads took: 0.0004422 seconds
[2019-10-14T07:32:23.239+0000][1][safepoint    ] Application time: 0.7667312 seconds
[2019-10-14T07:32:23.239+0000][1][safepoint    ] Entering safepoint region: GenCollectForAllocation
[2019-10-14T07:32:23.240+0000][1][gc,start     ] GC(3) Pause Young (Allocation Failure)
[2019-10-14T07:32:23.240+0000][1][gc,task      ] GC(3) Using 2 workers of 2 for evacuation
[2019-10-14T07:32:23.267+0000][1][gc,age       ] GC(3) Desired survivor size 4456448 bytes, new threshold 3 (max threshold 6)
[2019-10-14T07:32:23.268+0000][1][gc,age       ] GC(3) Age table with threshold 3 (max threshold 6)
[2019-10-14T07:32:23.268+0000][1][gc,age       ] GC(3) - age   1:    4104096 bytes,    4104096 total
[2019-10-14T07:32:23.268+0000][1][gc,age       ] GC(3) - age   2:     295584 bytes,    4399680 total
[2019-10-14T07:32:23.269+0000][1][gc,age       ] GC(3) - age   3:    1153840 bytes,    5553520 total
[2019-10-14T07:32:23.269+0000][1][gc,heap      ] GC(3) ParNew: 74661K->6792K(78656K)
[2019-10-14T07:32:23.269+0000][1][gc,heap      ] GC(3) CMS: 6680K->6680K(174784K)
[2019-10-14T07:32:23.270+0000][1][gc,metaspace ] GC(3) Metaspace: 18403K->18403K(1067008K)
[2019-10-14T07:32:23.270+0000][1][gc           ] GC(3) Pause Young (Allocation Failure) 79M->13M(247M) 30.094ms
[2019-10-14T07:32:23.271+0000][1][gc,cpu       ] GC(3) User=0.03s Sys=0.00s Real=0.03s
[2019-10-14T07:32:23.271+0000][1][safepoint    ] Leaving safepoint region
[2019-10-14T07:32:23.271+0000][1][safepoint    ] Total time for which application threads were stopped: 0.0318673 seconds, Stopping threads took: 0.0003275 seconds
[2019-10-14T07:32:23.272+0000][1][safepoint    ] Application time: 0.0002535 seconds
[2019-10-14T07:32:23.272+0000][1][safepoint    ] Entering safepoint region: BulkRevokeBias
[2019-10-14T07:32:23.272+0000][1][safepoint    ] Leaving safepoint region
[2019-10-14T07:32:23.273+0000][1][safepoint    ] Total time for which application threads were stopped: 0.0006951 seconds, Stopping threads took: 0.0003714 seconds
[2019-10-14T07:32:23.274+0000][1][safepoint    ] Application time: 0.0004911 seconds
[2019-10-14T07:32:23.274+0000][1][safepoint    ] Entering safepoint region: RevokeBias
[2019-10-14T07:32:23.274+0000][1][safepoint    ] Leaving safepoint region
[2019-10-14T07:32:23.274+0000][1][safepoint    ] Total time for which application threads were stopped: 0.0005642 seconds, Stopping threads took: 0.0002284 seconds
[2019-10-14T07:32:23.275+0000][1][safepoint    ] Application time: 0.0000630 seconds
[2019-10-14T07:32:23.275+0000][1][safepoint    ] Entering safepoint region: RevokeBias
[2019-10-14T07:32:23.275+0000][1][safepoint    ] Leaving safepoint region
[2019-10-14T07:32:23.276+0000][1][safepoint    ] Total time for which application threads were stopped: 0.0008114 seconds, Stopping threads took: 0.0003781 seconds
[2019-10-14T07:32:23.276+0000][1][safepoint    ] Application time: 0.0000923 seconds
[2019-10-14T07:32:23.276+0000][1][safepoint    ] Entering safepoint region: RevokeBias
[2019-10-14T07:32:23.277+0000][1][safepoint    ] Leaving safepoint region
[2019-10-14T07:32:23.277+0000][1][safepoint    ] Total time for which application threads were stopped: 0.0008098 seconds, Stopping threads took: 0.0004166 seconds
[2019-10-14T07:32:23.278+0000][1][safepoint    ] Application time: 0.0001892 seconds
[2019-10-14T07:32:23.278+0000][1][safepoint    ] Entering safepoint region: RevokeBias
[2019-10-14T07:32:23.278+0000][1][safepoint    ] Leaving safepoint region
[2019-10-14T07:32:23.279+0000][1][safepoint    ] Total time for which application threads were stopped: 0.0010066 seconds, Stopping threads took: 0.0004621 seconds
[2019-10-14T07:32:23.279+0000][1][safepoint    ] Application time: 0.0000510 seconds
[2019-10-14T07:32:23.279+0000][1][safepoint    ] Entering safepoint region: RevokeBias
[2019-10-14T07:32:23.280+0000][1][safepoint    ] Leaving safepoint region
[2019-10-14T07:32:23.280+0000][1][safepoint    ] Total time for which application threads were stopped: 0.0005489 seconds, Stopping threads took: 0.0002473 seconds
[2019-10-14T07:32:23.280+0000][1][safepoint    ] Application time: 0.0000490 seconds
[2019-10-14T07:32:23.281+0000][1][safepoint    ] Entering safepoint region: RevokeBias
[2019-10-14T07:32:23.282+0000][1][safepoint    ] Leaving safepoint region
[2019-10-14T07:32:23.282+0000][1][safepoint    ] Total time for which application threads were stopped: 0.0011263 seconds, Stopping threads took: 0.0007854 seconds
[2019-10-14T07:32:23.282+0000][1][safepoint    ] Application time: 0.0000452 seconds
[2019-10-14T07:32:23.282+0000][1][safepoint    ] Entering safepoint region: RevokeBias
[2019-10-14T07:32:23.283+0000][1][safepoint    ] Leaving safepoint region
[2019-10-14T07:32:23.283+0000][1][safepoint    ] Total time for which application threads were stopped: 0.0006268 seconds, Stopping threads took: 0.0002731 seconds
[2019-10-14T07:32:23.283+0000][1][safepoint    ] Application time: 0.0000575 seconds
[2019-10-14T07:32:23.284+0000][1][safepoint    ] Entering safepoint region: RevokeBias
[2019-10-14T07:32:23.284+0000][1][safepoint    ] Leaving safepoint region
[2019-10-14T07:32:23.284+0000][1][safepoint    ] Total time for which application threads were stopped: 0.0006484 seconds, Stopping threads took: 0.0002960 seconds
[2019-10-14T07:32:23.285+0000][1][safepoint    ] Application time: 0.0000411 seconds
[2019-10-14T07:32:23.285+0000][1][safepoint    ] Entering safepoint region: RevokeBias
[2019-10-14T07:32:23.286+0000][1][safepoint    ] Leaving safepoint region
[2019-10-14T07:32:23.287+0000][1][safepoint    ] Total time for which application threads were stopped: 0.0015186 seconds, Stopping threads took: 0.0005178 seconds
[2019-10-14T07:32:23.287+0000][1][safepoint    ] Application time: 0.0000590 seconds
[2019-10-14T07:32:23.287+0000][1][safepoint    ] Entering safepoint region: RevokeBias
[2019-10-14T07:32:23.287+0000][1][safepoint    ] Leaving safepoint region
[2019-10-14T07:32:23.288+0000][1][safepoint    ] Total time for which application threads were stopped: 0.0004991 seconds, Stopping threads took: 0.0002351 seconds
[2019-10-14T07:32:23.288+0000][1][safepoint    ] Application time: 0.0000413 seconds
[2019-10-14T07:32:23.288+0000][1][safepoint    ] Entering safepoint region: RevokeBias
[2019-10-14T07:32:23.289+0000][1][safepoint    ] Leaving safepoint region
[2019-10-14T07:32:23.289+0000][1][safepoint    ] Total time for which application threads were stopped: 0.0007822 seconds, Stopping threads took: 0.0002993 seconds
[2019-10-14T07:32:23.296+0000][1][safepoint    ] Application time: 0.0060428 seconds
[2019-10-14T07:32:23.297+0000][1][safepoint    ] Entering safepoint region: RevokeBias
[2019-10-14T07:32:23.298+0000][1][safepoint    ] Leaving safepoint region
[2019-10-14T07:32:23.298+0000][1][safepoint    ] Total time for which application threads were stopped: 0.0010464 seconds, Stopping threads took: 0.0007159 seconds
[2019-10-14T07:32:23.299+0000][1][safepoint    ] Application time: 0.0000721 seconds
[2019-10-14T07:32:23.299+0000][1][safepoint    ] Entering safepoint region: RevokeBias
[2019-10-14T07:32:23.299+0000][1][safepoint    ] Leaving safepoint region
[2019-10-14T07:32:23.300+0000][1][safepoint    ] Total time for which application threads were stopped: 0.0005577 seconds, Stopping threads took: 0.0002938 seconds
[2019-10-14T07:32:23.300+0000][1][safepoint    ] Application time: 0.0000683 seconds
[2019-10-14T07:32:23.300+0000][1][safepoint    ] Entering safepoint region: RevokeBias
[2019-10-14T07:32:23.300+0000][1][safepoint    ] Leaving safepoint region
[2019-10-14T07:32:23.301+0000][1][safepoint    ] Total time for which application threads were stopped: 0.0005992 seconds, Stopping threads took: 0.0003324 seconds
[2019-10-14T07:32:23.301+0000][1][safepoint    ] Application time: 0.0000559 seconds
[2019-10-14T07:32:23.301+0000][1][safepoint    ] Entering safepoint region: RevokeBias
[2019-10-14T07:32:23.302+0000][1][safepoint    ] Leaving safepoint region
[2019-10-14T07:32:23.302+0000][1][safepoint    ] Total time for which application threads were stopped: 0.0007963 seconds, Stopping threads took: 0.0003391 seconds
[2019-10-14T07:32:23.303+0000][1][safepoint    ] Application time: 0.0007350 seconds
[2019-10-14T07:32:23.311+0000][1][safepoint    ] Entering safepoint region: RevokeBias
[2019-10-14T07:32:23.311+0000][1][safepoint    ] Leaving safepoint region
[2019-10-14T07:32:23.311+0000][1][safepoint    ] Total time for which application threads were stopped: 0.0006938 seconds, Stopping threads took: 0.0003833 seconds
[2019-10-14T07:32:23.312+0000][1][safepoint    ] Application time: 0.0000612 seconds
[2019-10-14T07:32:23.312+0000][1][safepoint    ] Entering safepoint region: RevokeBias
[2019-10-14T07:32:23.313+0000][1][safepoint    ] Leaving safepoint region
[2019-10-14T07:32:23.313+0000][1][safepoint    ] Total time for which application threads were stopped: 0.0005799 seconds, Stopping threads took: 0.0002461 seconds
[2019-10-14T07:32:23.313+0000][1][safepoint    ] Application time: 0.0000614 seconds
[2019-10-14T07:32:23.313+0000][1][safepoint    ] Entering safepoint region: RevokeBias
[2019-10-14T07:32:23.314+0000][1][safepoint    ] Leaving safepoint region
[2019-10-14T07:32:23.314+0000][1][safepoint    ] Total time for which application threads were stopped: 0.0005611 seconds, Stopping threads took: 0.0002999 seconds
[2019-10-14T07:32:23.317+0000][1][safepoint    ] Application time: 0.0023090 seconds
[2019-10-14T07:32:23.328+0000][1][safepoint    ] Entering safepoint region: RevokeBias
[2019-10-14T07:32:23.329+0000][1][safepoint    ] Leaving safepoint region
[2019-10-14T07:32:23.329+0000][1][safepoint    ] Total time for which application threads were stopped: 0.0113018 seconds, Stopping threads took: 0.0109140 seconds
[2019-10-14T07:32:23.329+0000][1][safepoint    ] Application time: 0.0000345 seconds
[2019-10-14T07:32:23.330+0000][1][safepoint    ] Entering safepoint region: RevokeBias
[2019-10-14T07:32:23.330+0000][1][safepoint    ] Leaving safepoint region
[2019-10-14T07:32:23.330+0000][1][safepoint    ] Total time for which application threads were stopped: 0.0006184 seconds, Stopping threads took: 0.0001839 seconds
[2019-10-14T07:32:23.548+0000][1][safepoint    ] Application time: 0.2174579 seconds
[2019-10-14T07:32:23.549+0000][1][safepoint    ] Entering safepoint region: GenCollectForAllocation
[2019-10-14T07:32:23.549+0000][1][gc,start     ] GC(4) Pause Young (Allocation Failure)
[2019-10-14T07:32:23.550+0000][1][gc,task      ] GC(4) Using 2 workers of 2 for evacuation
[2019-10-14T07:32:23.579+0000][1][gc,age       ] GC(4) Desired survivor size 4456448 bytes, new threshold 2 (max threshold 6)
[2019-10-14T07:32:23.579+0000][1][gc,age       ] GC(4) Age table with threshold 2 (max threshold 6)
[2019-10-14T07:32:23.580+0000][1][gc,age       ] GC(4) - age   1:    1487224 bytes,    1487224 total
[2019-10-14T07:32:23.580+0000][1][gc,age       ] GC(4) - age   2:    3329392 bytes,    4816616 total
[2019-10-14T07:32:23.580+0000][1][gc,age       ] GC(4) - age   3:     295056 bytes,    5111672 total
[2019-10-14T07:32:23.581+0000][1][gc,heap      ] GC(4) ParNew: 76744K->7366K(78656K)
[2019-10-14T07:32:23.581+0000][1][gc,heap      ] GC(4) CMS: 6680K->7824K(174784K)
[2019-10-14T07:32:23.581+0000][1][gc,metaspace ] GC(4) Metaspace: 18605K->18605K(1067008K)
[2019-10-14T07:32:23.581+0000][1][gc           ] GC(4) Pause Young (Allocation Failure) 81M->14M(247M) 32.109ms
[2019-10-14T07:32:23.582+0000][1][gc,cpu       ] GC(4) User=0.03s Sys=0.00s Real=0.03s
[2019-10-14T07:32:23.582+0000][1][safepoint    ] Leaving safepoint region
[2019-10-14T07:32:23.582+0000][1][safepoint    ] Total time for which application threads were stopped: 0.0333006 seconds, Stopping threads took: 0.0003334 seconds
[2019-10-14T07:32:23.584+0000][1][safepoint    ] Application time: 0.0012092 seconds
[2019-10-14T07:32:23.584+0000][1][safepoint    ] Entering safepoint region: RevokeBias
[2019-10-14T07:32:23.584+0000][1][safepoint    ] Leaving safepoint region
[2019-10-14T07:32:23.584+0000][1][safepoint    ] Total time for which application threads were stopped: 0.0005028 seconds, Stopping threads took: 0.0001871 seconds
[2019-10-14T07:32:23.585+0000][1][safepoint    ] Application time: 0.0000741 seconds
[2019-10-14T07:32:23.597+0000][1][safepoint    ] Entering safepoint region: RevokeBias
[2019-10-14T07:32:23.598+0000][1][safepoint    ] Leaving safepoint region
[2019-10-14T07:32:23.598+0000][1][safepoint    ] Total time for which application threads were stopped: 0.0132570 seconds, Stopping threads took: 0.0127909 seconds
[2019-10-14T07:32:23.599+0000][1][safepoint    ] Application time: 0.0000974 seconds
[2019-10-14T07:32:23.599+0000][1][safepoint    ] Entering safepoint region: RevokeBias
[2019-10-14T07:32:23.599+0000][1][safepoint    ] Leaving safepoint region
[2019-10-14T07:32:23.600+0000][1][safepoint    ] Total time for which application threads were stopped: 0.0006304 seconds, Stopping threads took: 0.0002799 seconds
[2019-10-14T07:32:23.600+0000][1][safepoint    ] Application time: 0.0000650 seconds
[2019-10-14T07:32:23.600+0000][1][safepoint    ] Entering safepoint region: RevokeBias
[2019-10-14T07:32:23.601+0000][1][safepoint    ] Leaving safepoint region
[2019-10-14T07:32:23.601+0000][1][safepoint    ] Total time for which application threads were stopped: 0.0007425 seconds, Stopping threads took: 0.0004415 seconds
[2019-10-14T07:32:23.613+0000][1][safepoint    ] Application time: 0.0116216 seconds
[2019-10-14T07:32:23.613+0000][1][safepoint    ] Entering safepoint region: Deoptimize
[2019-10-14T07:32:23.614+0000][1][safepoint    ] Leaving safepoint region
[2019-10-14T07:32:23.614+0000][1][safepoint    ] Total time for which application threads were stopped: 0.0008875 seconds, Stopping threads took: 0.0002962 seconds
[2019-10-14T07:32:23.702+0000][1][safepoint    ] Application time: 0.0880235 seconds
[2019-10-14T07:32:23.703+0000][1][safepoint    ] Entering safepoint region: Deoptimize
[2019-10-14T07:32:23.704+0000][1][safepoint    ] Leaving safepoint region
[2019-10-14T07:32:23.704+0000][1][safepoint    ] Total time for which application threads were stopped: 0.0009919 seconds, Stopping threads took: 0.0003244 seconds
[2019-10-14T07:32:23.708+0000][1][safepoint    ] Application time: 0.0035156 seconds
[2019-10-14T07:32:23.708+0000][1][safepoint    ] Entering safepoint region: RevokeBias
[2019-10-14T07:32:23.708+0000][1][safepoint    ] Leaving safepoint region
[2019-10-14T07:32:23.714+0000][1][safepoint    ] Total time for which application threads were stopped: 0.0060028 seconds, Stopping threads took: 0.0002978 seconds
[2019-10-14T07:32:23.814+0000][1][safepoint    ] Application time: 0.0991121 seconds
[2019-10-14T07:32:23.815+0000][1][safepoint    ] Entering safepoint region: RevokeBias
[2019-10-14T07:32:23.815+0000][1][safepoint    ] Leaving safepoint region
[2019-10-14T07:32:23.816+0000][1][safepoint    ] Total time for which application threads were stopped: 0.0006499 seconds, Stopping threads took: 0.0002864 seconds
[2019-10-14T07:32:23.924+0000][1][safepoint    ] Application time: 0.1084526 seconds
[2019-10-14T07:32:23.925+0000][1][safepoint    ] Entering safepoint region: GenCollectForAllocation
[2019-10-14T07:32:23.926+0000][1][gc,start     ] GC(5) Pause Young (Allocation Failure)
[2019-10-14T07:32:23.926+0000][1][gc,task      ] GC(5) Using 2 workers of 2 for evacuation
[2019-10-14T07:32:23.951+0000][1][gc,age       ] GC(5) Desired survivor size 4456448 bytes, new threshold 6 (max threshold 6)
[2019-10-14T07:32:23.957+0000][1][gc,age       ] GC(5) Age table with threshold 6 (max threshold 6)
[2019-10-14T07:32:23.966+0000][1][gc,age       ] GC(5) - age   1:    2965496 bytes,    2965496 total
[2019-10-14T07:32:23.966+0000][1][gc,age       ] GC(5) - age   2:     443344 bytes,    3408840 total
[2019-10-14T07:32:23.967+0000][1][gc,heap      ] GC(5) ParNew: 77318K->7457K(78656K)
[2019-10-14T07:32:23.968+0000][1][gc,heap      ] GC(5) CMS: 7824K->11395K(174784K)
[2019-10-14T07:32:23.968+0000][1][gc,metaspace ] GC(5) Metaspace: 18940K->18940K(1067008K)
[2019-10-14T07:32:23.968+0000][1][gc           ] GC(5) Pause Young (Allocation Failure) 83M->18M(247M) 42.808ms
[2019-10-14T07:32:23.969+0000][1][gc,cpu       ] GC(5) User=0.02s Sys=0.00s Real=0.05s
[2019-10-14T07:32:23.969+0000][1][safepoint    ] Leaving safepoint region
[2019-10-14T07:32:23.970+0000][1][safepoint    ] Total time for which application threads were stopped: 0.0446983 seconds, Stopping threads took: 0.0004433 seconds
[2019-10-14T07:32:23.984+0000][1][safepoint    ] Application time: 0.0140699 seconds
[2019-10-14T07:32:23.986+0000][1][safepoint    ] Entering safepoint region: RevokeBias
[2019-10-14T07:32:23.986+0000][1][safepoint    ] Leaving safepoint region
[2019-10-14T07:32:23.987+0000][1][safepoint    ] Total time for which application threads were stopped: 0.0017025 seconds, Stopping threads took: 0.0010995 seconds
[2019-10-14T07:32:23.993+0000][1][safepoint    ] Application time: 0.0009456 seconds
[2019-10-14T07:32:23.995+0000][1][safepoint    ] Entering safepoint region: RevokeBias
[2019-10-14T07:32:23.996+0000][1][safepoint    ] Leaving safepoint region
[2019-10-14T07:32:23.996+0000][1][safepoint    ] Total time for which application threads were stopped: 0.0026613 seconds, Stopping threads took: 0.0020734 seconds
[2019-10-14T07:32:23.998+0000][1][safepoint    ] Application time: 0.0011749 seconds
[2019-10-14T07:32:23.998+0000][1][safepoint    ] Entering safepoint region: RevokeBias
[2019-10-14T07:32:23.999+0000][1][safepoint    ] Leaving safepoint region
[2019-10-14T07:32:24.000+0000][1][safepoint    ] Total time for which application threads were stopped: 0.0013374 seconds, Stopping threads took: 0.0007485 seconds
[2019-10-14T07:32:24.001+0000][1][safepoint    ] Application time: 0.0006849 seconds
[2019-10-14T07:32:24.002+0000][1][safepoint    ] Entering safepoint region: RevokeBias
[2019-10-14T07:32:24.003+0000][1][safepoint    ] Leaving safepoint region
[2019-10-14T07:32:24.003+0000][1][safepoint    ] Total time for which application threads were stopped: 0.0015450 seconds, Stopping threads took: 0.0010364 seconds
[2019-10-14T07:32:24.004+0000][1][safepoint    ] Application time: 0.0003429 seconds
[2019-10-14T07:32:24.004+0000][1][safepoint    ] Entering safepoint region: RevokeBias
[2019-10-14T07:32:24.005+0000][1][safepoint    ] Leaving safepoint region
[2019-10-14T07:32:24.005+0000][1][safepoint    ] Total time for which application threads were stopped: 0.0010189 seconds, Stopping threads took: 0.0004340 seconds
[2019-10-14T07:32:24.006+0000][1][safepoint    ] Application time: 0.0004026 seconds
[2019-10-14T07:32:24.007+0000][1][safepoint    ] Entering safepoint region: RevokeBias
[2019-10-14T07:32:24.008+0000][1][safepoint    ] Leaving safepoint region
[2019-10-14T07:32:24.008+0000][1][safepoint    ] Total time for which application threads were stopped: 0.0018976 seconds, Stopping threads took: 0.0012678 seconds
[2019-10-14T07:32:24.208+0000][1][safepoint    ] Application time: 0.1989329 seconds
[2019-10-14T07:32:24.208+0000][1][safepoint    ] Entering safepoint region: GenCollectForAllocation
[2019-10-14T07:32:24.209+0000][1][gc,start     ] GC(6) Pause Young (Allocation Failure)
[2019-10-14T07:32:24.209+0000][1][gc,task      ] GC(6) Using 2 workers of 2 for evacuation
[2019-10-14T07:32:24.228+0000][1][gc,age       ] GC(6) Desired survivor size 4456448 bytes, new threshold 6 (max threshold 6)
[2019-10-14T07:32:24.229+0000][1][gc,age       ] GC(6) Age table with threshold 6 (max threshold 6)
[2019-10-14T07:32:24.229+0000][1][gc,age       ] GC(6) - age   1:    1699408 bytes,    1699408 total
[2019-10-14T07:32:24.229+0000][1][gc,age       ] GC(6) - age   2:    2195368 bytes,    3894776 total
[2019-10-14T07:32:24.230+0000][1][gc,age       ] GC(6) - age   3:     443344 bytes,    4338120 total
[2019-10-14T07:32:24.230+0000][1][gc,heap      ] GC(6) ParNew: 77409K->4982K(78656K)
[2019-10-14T07:32:24.230+0000][1][gc,heap      ] GC(6) CMS: 11395K->11395K(174784K)
[2019-10-14T07:32:24.230+0000][1][gc,metaspace ] GC(6) Metaspace: 19245K->19245K(1067008K)
[2019-10-14T07:32:24.231+0000][1][gc           ] GC(6) Pause Young (Allocation Failure) 86M->15M(247M) 21.999ms
[2019-10-14T07:32:24.231+0000][1][gc,cpu       ] GC(6) User=0.01s Sys=0.00s Real=0.02s
[2019-10-14T07:32:24.232+0000][1][safepoint    ] Leaving safepoint region
[2019-10-14T07:32:24.233+0000][1][safepoint    ] Total time for which application threads were stopped: 0.0246694 seconds, Stopping threads took: 0.0003772 seconds
[2019-10-14T07:32:24.234+0000][1][safepoint    ] Application time: 0.0001978 seconds
[2019-10-14T07:32:24.234+0000][1][safepoint    ] Entering safepoint region: RevokeBias
[2019-10-14T07:32:24.234+0000][1][safepoint    ] Leaving safepoint region
[2019-10-14T07:32:24.235+0000][1][safepoint    ] Total time for which application threads were stopped: 0.0009549 seconds, Stopping threads took: 0.0004325 seconds
[2019-10-14T07:32:24.235+0000][1][safepoint    ] Application time: 0.0000534 seconds
[2019-10-14T07:32:24.235+0000][1][safepoint    ] Entering safepoint region: BulkRevokeBias
[2019-10-14T07:32:24.236+0000][1][safepoint    ] Leaving safepoint region
[2019-10-14T07:32:24.236+0000][1][safepoint    ] Total time for which application threads were stopped: 0.0007480 seconds, Stopping threads took: 0.0002402 seconds
[2019-10-14T07:32:24.237+0000][1][safepoint    ] Application time: 0.0000735 seconds
[2019-10-14T07:32:24.237+0000][1][safepoint    ] Entering safepoint region: BulkRevokeBias
[2019-10-14T07:32:24.238+0000][1][safepoint    ] Leaving safepoint region
[2019-10-14T07:32:24.238+0000][1][safepoint    ] Total time for which application threads were stopped: 0.0006376 seconds, Stopping threads took: 0.0003162 seconds
[2019-10-14T07:32:24.417+0000][1][safepoint    ] Application time: 0.1788449 seconds
[2019-10-14T07:32:24.418+0000][1][safepoint    ] Entering safepoint region: CollectForMetadataAllocation
[2019-10-14T07:32:24.418+0000][1][safepoint    ] Leaving safepoint region
[2019-10-14T07:32:24.418+0000][1][safepoint    ] Total time for which application threads were stopped: 0.0006446 seconds, Stopping threads took: 0.0002834 seconds
[2019-10-14T07:32:24.443+0000][1][safepoint    ] Application time: 0.0248484 seconds
[2019-10-14T07:32:24.444+0000][1][safepoint    ] Entering safepoint region: CollectForMetadataAllocation
[2019-10-14T07:32:24.445+0000][1][safepoint    ] Leaving safepoint region
[2019-10-14T07:32:24.445+0000][1][safepoint    ] Total time for which application threads were stopped: 0.0009875 seconds, Stopping threads took: 0.0005474 seconds
[2019-10-14T07:32:24.463+0000][1][safepoint    ] Application time: 0.0181488 seconds
[2019-10-14T07:32:24.464+0000][1][safepoint    ] Entering safepoint region: GenCollectForAllocation
[2019-10-14T07:32:24.464+0000][1][gc,start     ] GC(7) Pause Young (Allocation Failure)
[2019-10-14T07:32:24.465+0000][1][gc,task      ] GC(7) Using 2 workers of 2 for evacuation
[2019-10-14T07:32:24.473+0000][1][gc,age       ] GC(7) Desired survivor size 4456448 bytes, new threshold 4 (max threshold 6)
[2019-10-14T07:32:24.474+0000][1][gc,age       ] GC(7) Age table with threshold 4 (max threshold 6)
[2019-10-14T07:32:24.474+0000][1][gc,age       ] GC(7) - age   1:    1132168 bytes,    1132168 total
[2019-10-14T07:32:24.474+0000][1][gc,age       ] GC(7) - age   2:    1129656 bytes,    2261824 total
[2019-10-14T07:32:24.475+0000][1][gc,age       ] GC(7) - age   3:    2193072 bytes,    4454896 total
[2019-10-14T07:32:24.475+0000][1][gc,age       ] GC(7) - age   4:     443344 bytes,    4898240 total
[2019-10-14T07:32:24.475+0000][1][gc,heap      ] GC(7) ParNew: 74934K->5700K(78656K)
[2019-10-14T07:32:24.476+0000][1][gc,heap      ] GC(7) CMS: 11395K->11395K(174784K)
[2019-10-14T07:32:24.476+0000][1][gc,metaspace ] GC(7) Metaspace: 20264K->20264K(1069056K)
[2019-10-14T07:32:24.476+0000][1][gc           ] GC(7) Pause Young (Allocation Failure) 84M->16M(247M) 11.573ms
[2019-10-14T07:32:24.476+0000][1][gc,cpu       ] GC(7) User=0.01s Sys=0.00s Real=0.01s
[2019-10-14T07:32:24.477+0000][1][safepoint    ] Leaving safepoint region
[2019-10-14T07:32:24.477+0000][1][safepoint    ] Total time for which application threads were stopped: 0.0129353 seconds, Stopping threads took: 0.0003861 seconds
[2019-10-14T07:32:24.477+0000][1][safepoint    ] Application time: 0.0001686 seconds
[2019-10-14T07:32:24.481+0000][1][safepoint    ] Entering safepoint region: CMS_Initial_Mark
[2019-10-14T07:32:24.481+0000][1][gc,start     ] GC(8) Pause Initial Mark
[2019-10-14T07:32:24.484+0000][1][gc           ] GC(8) Pause Initial Mark 18M->18M(247M) 2.613ms
[2019-10-14T07:32:24.484+0000][1][gc,cpu       ] GC(8) User=0.01s Sys=0.00s Real=0.00s
[2019-10-14T07:32:24.484+0000][1][safepoint    ] Leaving safepoint region
[2019-10-14T07:32:24.485+0000][1][safepoint    ] Total time for which application threads were stopped: 0.0071716 seconds, Stopping threads took: 0.0036542 seconds
[2019-10-14T07:32:24.485+0000][1][gc           ] GC(8) Concurrent Mark
[2019-10-14T07:32:24.506+0000][1][gc           ] GC(8) Concurrent Mark 21.006ms
[2019-10-14T07:32:24.513+0000][1][gc,cpu       ] GC(8) User=0.04s Sys=0.00s Real=0.03s
[2019-10-14T07:32:24.513+0000][1][gc           ] GC(8) Concurrent Preclean
[2019-10-14T07:32:24.514+0000][1][gc           ] GC(8) Concurrent Preclean 0.563ms
[2019-10-14T07:32:24.514+0000][1][gc,cpu       ] GC(8) User=0.00s Sys=0.00s Real=0.00s
[2019-10-14T07:32:24.514+0000][1][gc           ] GC(8) Concurrent Abortable Preclean
[2019-10-14T07:32:24.614+0000][1][safepoint    ] Application time: 0.1294899 seconds
[2019-10-14T07:32:24.615+0000][1][safepoint    ] Entering safepoint region: GenCollectForAllocation
[2019-10-14T07:32:24.615+0000][1][gc,start     ] GC(9) Pause Young (Allocation Failure)
[2019-10-14T07:32:24.617+0000][1][gc,task      ] GC(9) Using 2 workers of 2 for evacuation
[2019-10-14T07:32:24.627+0000][1][gc,age       ] GC(9) Desired survivor size 4456448 bytes, new threshold 4 (max threshold 6)
[2019-10-14T07:32:24.627+0000][1][gc,age       ] GC(9) Age table with threshold 4 (max threshold 6)
[2019-10-14T07:32:24.627+0000][1][gc,age       ] GC(9) - age   1:     906704 bytes,     906704 total
[2019-10-14T07:32:24.628+0000][1][gc,age       ] GC(9) - age   2:     787904 bytes,    1694608 total
[2019-10-14T07:32:24.628+0000][1][gc,age       ] GC(9) - age   3:    1129656 bytes,    2824264 total
[2019-10-14T07:32:24.628+0000][1][gc,age       ] GC(9) - age   4:    2193072 bytes,    5017336 total
[2019-10-14T07:32:24.629+0000][1][gc,heap      ] GC(9) ParNew: 75652K->6806K(78656K)
[2019-10-14T07:32:24.629+0000][1][gc,heap      ] GC(9) CMS: 11395K->11832K(174784K)
[2019-10-14T07:32:24.629+0000][1][gc,metaspace ] GC(9) Metaspace: 20288K->20288K(1069056K)
[2019-10-14T07:32:24.630+0000][1][gc           ] GC(9) Pause Young (Allocation Failure) 85M->18M(247M) 14.061ms
[2019-10-14T07:32:24.630+0000][1][gc,cpu       ] GC(9) User=0.01s Sys=0.01s Real=0.02s
[2019-10-14T07:32:24.630+0000][1][safepoint    ] Leaving safepoint region
[2019-10-14T07:32:24.631+0000][1][safepoint    ] Total time for which application threads were stopped: 0.0158232 seconds, Stopping threads took: 0.0005146 seconds
[2019-10-14T07:32:24.848+0000][1][safepoint    ] Application time: 0.2170724 seconds
[2019-10-14T07:32:24.849+0000][1][safepoint    ] Entering safepoint region: GenCollectForAllocation
[2019-10-14T07:32:24.849+0000][1][gc,start     ] GC(10) Pause Young (Allocation Failure)
[2019-10-14T07:32:24.850+0000][1][gc,task      ] GC(10) Using 2 workers of 2 for evacuation
[2019-10-14T07:32:24.864+0000][1][gc,age       ] GC(10) Desired survivor size 4456448 bytes, new threshold 6 (max threshold 6)
[2019-10-14T07:32:24.865+0000][1][gc,age       ] GC(10) Age table with threshold 6 (max threshold 6)
[2019-10-14T07:32:24.865+0000][1][gc,age       ] GC(10) - age   1:     575888 bytes,     575888 total
[2019-10-14T07:32:24.865+0000][1][gc,age       ] GC(10) - age   2:     206040 bytes,     781928 total
[2019-10-14T07:32:24.866+0000][1][gc,age       ] GC(10) - age   3:     787784 bytes,    1569712 total
[2019-10-14T07:32:24.866+0000][1][gc,age       ] GC(10) - age   4:    1129656 bytes,    2699368 total
[2019-10-14T07:32:24.867+0000][1][gc,heap      ] GC(10) ParNew: 76758K->4809K(78656K)
[2019-10-14T07:32:24.869+0000][1][gc,heap      ] GC(10) CMS: 11832K->13988K(174784K)
[2019-10-14T07:32:24.869+0000][1][gc,metaspace ] GC(10) Metaspace: 20399K->20399K(1069056K)
[2019-10-14T07:32:24.870+0000][1][gc           ] GC(10) Pause Young (Allocation Failure) 86M->18M(247M) 20.660ms
[2019-10-14T07:32:24.870+0000][1][gc,cpu       ] GC(10) User=0.02s Sys=0.00s Real=0.02s
[2019-10-14T07:32:24.871+0000][1][safepoint    ] Leaving safepoint region
[2019-10-14T07:32:24.871+0000][1][safepoint    ] Total time for which application threads were stopped: 0.0225568 seconds, Stopping threads took: 0.0003752 seconds
[2019-10-14T07:32:24.872+0000][1][gc           ] GC(8) Concurrent Abortable Preclean 357.240ms
[2019-10-14T07:32:24.878+0000][1][gc,cpu       ] GC(8) User=0.37s Sys=0.05s Real=0.36s
[2019-10-14T07:32:24.879+0000][1][safepoint    ] Application time: 0.0071072 seconds
[2019-10-14T07:32:24.882+0000][1][safepoint    ] Entering safepoint region: CMS_Final_Remark
[2019-10-14T07:32:24.882+0000][1][gc,start     ] GC(8) Pause Remark
[2019-10-14T07:32:24.896+0000][1][gc           ] GC(8) Pause Remark 25M->25M(247M) 13.765ms
[2019-10-14T07:32:24.897+0000][1][gc,cpu       ] GC(8) User=0.02s Sys=0.00s Real=0.01s
[2019-10-14T07:32:24.897+0000][1][safepoint    ] Leaving safepoint region
[2019-10-14T07:32:24.897+0000][1][safepoint    ] Total time for which application threads were stopped: 0.0182313 seconds, Stopping threads took: 0.0032881 seconds
[2019-10-14T07:32:24.898+0000][1][gc           ] GC(8) Concurrent Sweep
[2019-10-14T07:32:24.913+0000][1][gc           ] GC(8) Concurrent Sweep 14.927ms
[2019-10-14T07:32:24.932+0000][1][gc,cpu       ] GC(8) User=0.03s Sys=0.01s Real=0.03s
[2019-10-14T07:32:24.932+0000][1][gc           ] GC(8) Concurrent Reset
[2019-10-14T07:32:24.934+0000][1][gc           ] GC(8) Concurrent Reset 1.262ms
[2019-10-14T07:32:24.934+0000][1][gc,cpu       ] GC(8) User=0.00s Sys=0.00s Real=0.00s
[2019-10-14T07:32:24.934+0000][1][gc,heap      ] GC(8) Old: 11395K->13962K(174784K)
[2019-10-14T07:32:25.326+0000][1][safepoint    ] Application time: 0.4279958 seconds
[2019-10-14T07:32:25.328+0000][1][safepoint    ] Entering safepoint region: GenCollectForAllocation
[2019-10-14T07:32:25.329+0000][1][gc,start     ] GC(11) Pause Young (Allocation Failure)
[2019-10-14T07:32:25.329+0000][1][gc,task      ] GC(11) Using 2 workers of 2 for evacuation
[2019-10-14T07:32:25.337+0000][1][gc,age       ] GC(11) Desired survivor size 4456448 bytes, new threshold 6 (max threshold 6)
[2019-10-14T07:32:25.338+0000][1][gc,age       ] GC(11) Age table with threshold 6 (max threshold 6)
[2019-10-14T07:32:25.338+0000][1][gc,age       ] GC(11) - age   1:    1120648 bytes,    1120648 total
[2019-10-14T07:32:25.339+0000][1][gc,age       ] GC(11) - age   2:      99312 bytes,    1219960 total
[2019-10-14T07:32:25.339+0000][1][gc,age       ] GC(11) - age   3:     206040 bytes,    1426000 total
[2019-10-14T07:32:25.339+0000][1][gc,age       ] GC(11) - age   4:     787632 bytes,    2213632 total
[2019-10-14T07:32:25.340+0000][1][gc,age       ] GC(11) - age   5:    1129368 bytes,    3343000 total
[2019-10-14T07:32:25.340+0000][1][gc,heap      ] GC(11) ParNew: 74761K->4381K(78656K)
[2019-10-14T07:32:25.340+0000][1][gc,heap      ] GC(11) CMS: 13962K->13962K(174784K)
[2019-10-14T07:32:25.341+0000][1][gc,metaspace ] GC(11) Metaspace: 20490K->20490K(1069056K)
[2019-10-14T07:32:25.341+0000][1][gc           ] GC(11) Pause Young (Allocation Failure) 86M->17M(247M) 12.082ms
[2019-10-14T07:32:25.341+0000][1][gc,cpu       ] GC(11) User=0.00s Sys=0.01s Real=0.01s
[2019-10-14T07:32:25.342+0000][1][safepoint    ] Leaving safepoint region
[2019-10-14T07:32:25.342+0000][1][safepoint    ] Total time for which application threads were stopped: 0.0160345 seconds, Stopping threads took: 0.0022624 seconds
[2019-10-14T07:32:25.437+0000][1][safepoint    ] Application time: 0.0941902 seconds
[2019-10-14T07:32:25.438+0000][1][safepoint    ] Entering safepoint region: Deoptimize
[2019-10-14T07:32:25.438+0000][1][safepoint    ] Leaving safepoint region
[2019-10-14T07:32:25.439+0000][1][safepoint    ] Total time for which application threads were stopped: 0.0014264 seconds, Stopping threads took: 0.0008590 seconds
[2019-10-14T07:32:26.441+0000][1][safepoint    ] Application time: 1.0018940 seconds
[2019-10-14T07:32:26.441+0000][1][safepoint    ] Entering safepoint region: Cleanup
[2019-10-14T07:32:26.442+0000][1][safepoint    ] Leaving safepoint region
[2019-10-14T07:32:26.442+0000][1][safepoint    ] Total time for which application threads were stopped: 0.0009003 seconds, Stopping threads took: 0.0004410 seconds
[2019-10-14T07:32:26.443+0000][1][safepoint    ] Application time: 0.0004585 seconds
[2019-10-14T07:32:26.443+0000][1][safepoint    ] Entering safepoint region: RevokeBias
[2019-10-14T07:32:26.444+0000][1][safepoint    ] Leaving safepoint region
[2019-10-14T07:32:26.444+0000][1][safepoint    ] Total time for which application threads were stopped: 0.0006423 seconds, Stopping threads took: 0.0003045 seconds
[2019-10-14T07:32:26.444+0000][1][safepoint    ] Application time: 0.0001411 seconds
[2019-10-14T07:32:26.445+0000][1][safepoint    ] Entering safepoint region: RevokeBias
[2019-10-14T07:32:26.445+0000][1][safepoint    ] Leaving safepoint region
[2019-10-14T07:32:26.445+0000][1][safepoint    ] Total time for which application threads were stopped: 0.0006457 seconds, Stopping threads took: 0.0002959 seconds
[2019-10-14T07:32:26.521+0000][1][safepoint    ] Application time: 0.0755908 seconds
[2019-10-14T07:32:26.522+0000][1][safepoint    ] Entering safepoint region: Deoptimize
[2019-10-14T07:32:26.522+0000][1][safepoint    ] Leaving safepoint region
[2019-10-14T07:32:26.523+0000][1][safepoint    ] Total time for which application threads were stopped: 0.0010809 seconds, Stopping threads took: 0.0003236 seconds
[2019-10-14T07:32:26.556+0000][1][safepoint    ] Application time: 0.0333251 seconds
[2019-10-14T07:32:26.557+0000][1][safepoint    ] Entering safepoint region: Deoptimize
[2019-10-14T07:32:26.558+0000][1][safepoint    ] Leaving safepoint region
[2019-10-14T07:32:26.558+0000][1][safepoint    ] Total time for which application threads were stopped: 0.0014323 seconds, Stopping threads took: 0.0004266 seconds
[2019-10-14T07:32:26.566+0000][1][safepoint    ] Application time: 0.0070020 seconds
[2019-10-14T07:32:26.567+0000][1][safepoint    ] Entering safepoint region: Deoptimize
[2019-10-14T07:32:26.569+0000][1][safepoint    ] Leaving safepoint region
[2019-10-14T07:32:26.569+0000][1][safepoint    ] Total time for which application threads were stopped: 0.0018927 seconds, Stopping threads took: 0.0008632 seconds
[2019-10-14T07:32:27.397+0000][1][safepoint    ] Application time: 0.8230617 seconds
[2019-10-14T07:32:27.398+0000][1][safepoint    ] Entering safepoint region: GenCollectForAllocation
[2019-10-14T07:32:27.398+0000][1][gc,start     ] GC(12) Pause Young (Allocation Failure)
[2019-10-14T07:32:27.398+0000][1][gc,task      ] GC(12) Using 2 workers of 2 for evacuation
[2019-10-14T07:32:27.423+0000][1][gc,age       ] GC(12) Desired survivor size 4456448 bytes, new threshold 1 (max threshold 6)
[2019-10-14T07:32:27.424+0000][1][gc,age       ] GC(12) Age table with threshold 1 (max threshold 6)
[2019-10-14T07:32:27.424+0000][1][gc,age       ] GC(12) - age   1:    5712888 bytes,    5712888 total
[2019-10-14T07:32:27.424+0000][1][gc,age       ] GC(12) - age   2:     377800 bytes,    6090688 total
[2019-10-14T07:32:27.424+0000][1][gc,age       ] GC(12) - age   3:      96440 bytes,    6187128 total
[2019-10-14T07:32:27.425+0000][1][gc,age       ] GC(12) - age   4:     205288 bytes,    6392416 total
[2019-10-14T07:32:27.425+0000][1][gc,age       ] GC(12) - age   5:     738776 bytes,    7131192 total
[2019-10-14T07:32:27.425+0000][1][gc,age       ] GC(12) - age   6:    1114672 bytes,    8245864 total
[2019-10-14T07:32:27.426+0000][1][gc,heap      ] GC(12) ParNew: 74333K->8704K(78656K)
[2019-10-14T07:32:27.426+0000][1][gc,heap      ] GC(12) CMS: 13962K->14472K(174784K)
[2019-10-14T07:32:27.426+0000][1][gc,metaspace ] GC(12) Metaspace: 26867K->26867K(1075200K)
[2019-10-14T07:32:27.427+0000][1][gc           ] GC(12) Pause Young (Allocation Failure) 86M->22M(247M) 28.686ms
[2019-10-14T07:32:27.427+0000][1][gc,cpu       ] GC(12) User=0.03s Sys=0.00s Real=0.03s
[2019-10-14T07:32:27.427+0000][1][safepoint    ] Leaving safepoint region
[2019-10-14T07:32:27.428+0000][1][safepoint    ] Total time for which application threads were stopped: 0.0301710 seconds, Stopping threads took: 0.0002267 seconds
[2019-10-14T07:32:28.428+0000][1][safepoint    ] Application time: 1.0001904 seconds
[2019-10-14T07:32:28.430+0000][1][safepoint    ] Entering safepoint region: Cleanup
[2019-10-14T07:32:28.430+0000][1][safepoint    ] Leaving safepoint region
[2019-10-14T07:32:28.430+0000][1][safepoint    ] Total time for which application threads were stopped: 0.0012510 seconds, Stopping threads took: 0.0008791 seconds
[2019-10-14T07:32:28.960+0000][1][safepoint    ] Application time: 0.5294199 seconds
[2019-10-14T07:32:28.967+0000][1][safepoint    ] Entering safepoint region: GenCollectForAllocation
[2019-10-14T07:32:28.968+0000][1][gc,start     ] GC(13) Pause Young (Allocation Failure)
[2019-10-14T07:32:28.970+0000][1][gc,task      ] GC(13) Using 2 workers of 2 for evacuation
[2019-10-14T07:32:29.078+0000][1][gc,age       ] GC(13) Desired survivor size 4456448 bytes, new threshold 1 (max threshold 6)
[2019-10-14T07:32:29.078+0000][1][gc,age       ] GC(13) Age table with threshold 1 (max threshold 6)
[2019-10-14T07:32:29.079+0000][1][gc,age       ] GC(13) - age   1:    8912816 bytes,    8912816 total
[2019-10-14T07:32:29.079+0000][1][gc,heap      ] GC(13) ParNew: 78656K->8704K(78656K)
[2019-10-14T07:32:29.079+0000][1][gc,heap      ] GC(13) CMS: 14472K->27091K(174784K)
[2019-10-14T07:32:29.079+0000][1][gc,metaspace ] GC(13) Metaspace: 26899K->26899K(1075200K)
[2019-10-14T07:32:29.080+0000][1][gc           ] GC(13) Pause Young (Allocation Failure) 90M->34M(247M) 111.725ms
[2019-10-14T07:32:29.080+0000][1][gc,cpu       ] GC(13) User=0.12s Sys=0.02s Real=0.11s
[2019-10-14T07:32:29.081+0000][1][safepoint    ] Leaving safepoint region
[2019-10-14T07:32:29.081+0000][1][safepoint    ] Total time for which application threads were stopped: 0.1196066 seconds, Stopping threads took: 0.0064445 seconds
[2019-10-14T07:32:30.082+0000][1][safepoint    ] Application time: 1.0004606 seconds
[2019-10-14T07:32:30.083+0000][1][safepoint    ] Entering safepoint region: Cleanup
[2019-10-14T07:32:30.084+0000][1][safepoint    ] Leaving safepoint region
[2019-10-14T07:32:30.084+0000][1][safepoint    ] Total time for which application threads were stopped: 0.0018885 seconds, Stopping threads took: 0.0012478 seconds
[2019-10-14T07:32:30.267+0000][1][safepoint    ] Application time: 0.1829346 seconds
[2019-10-14T07:32:30.268+0000][1][safepoint    ] Entering safepoint region: GenCollectForAllocation
[2019-10-14T07:32:30.268+0000][1][gc,start     ] GC(14) Pause Young (Allocation Failure)
[2019-10-14T07:32:30.269+0000][1][gc,task      ] GC(14) Using 2 workers of 2 for evacuation
[2019-10-14T07:32:30.361+0000][1][gc,age       ] GC(14) Desired survivor size 4456448 bytes, new threshold 1 (max threshold 6)
[2019-10-14T07:32:30.362+0000][1][gc,age       ] GC(14) Age table with threshold 1 (max threshold 6)
[2019-10-14T07:32:30.362+0000][1][gc,age       ] GC(14) - age   1:    8912816 bytes,    8912816 total
[2019-10-14T07:32:30.363+0000][1][gc,heap      ] GC(14) ParNew: 78656K->8704K(78656K)
[2019-10-14T07:32:30.363+0000][1][gc,heap      ] GC(14) CMS: 27091K->39958K(174784K)
[2019-10-14T07:32:30.364+0000][1][gc,metaspace ] GC(14) Metaspace: 27028K->27028K(1075200K)
[2019-10-14T07:32:30.364+0000][1][gc           ] GC(14) Pause Young (Allocation Failure) 103M->47M(247M) 96.088ms
[2019-10-14T07:32:30.365+0000][1][gc,cpu       ] GC(14) User=0.11s Sys=0.00s Real=0.09s
[2019-10-14T07:32:30.365+0000][1][safepoint    ] Leaving safepoint region
[2019-10-14T07:32:30.366+0000][1][safepoint    ] Total time for which application threads were stopped: 0.0980163 seconds, Stopping threads took: 0.0003521 seconds
[2019-10-14T07:32:30.496+0000][1][safepoint    ] Application time: 0.1299269 seconds
[2019-10-14T07:32:30.497+0000][1][safepoint    ] Entering safepoint region: RevokeBias
[2019-10-14T07:32:30.497+0000][1][safepoint    ] Leaving safepoint region
[2019-10-14T07:32:30.498+0000][1][safepoint    ] Total time for which application threads were stopped: 0.0006788 seconds, Stopping threads took: 0.0003212 seconds
[2019-10-14T07:32:30.907+0000][1][safepoint    ] Application time: 0.4090741 seconds
[2019-10-14T07:32:30.907+0000][1][safepoint    ] Entering safepoint region: RevokeBias
[2019-10-14T07:32:30.908+0000][1][safepoint    ] Leaving safepoint region
[2019-10-14T07:32:30.909+0000][1][safepoint    ] Total time for which application threads were stopped: 0.0019862 seconds, Stopping threads took: 0.0002958 seconds
[2019-10-14T07:32:31.910+0000][1][safepoint    ] Application time: 1.0002599 seconds
[2019-10-14T07:32:31.911+0000][1][safepoint    ] Entering safepoint region: Cleanup
[2019-10-14T07:32:31.911+0000][1][safepoint    ] Leaving safepoint region
[2019-10-14T07:32:31.912+0000][1][safepoint    ] Total time for which application threads were stopped: 0.0016224 seconds, Stopping threads took: 0.0005472 seconds
[2019-10-14T07:32:31.946+0000][1][safepoint    ] Application time: 0.0328328 seconds
[2019-10-14T07:32:31.959+0000][1][safepoint    ] Entering safepoint region: GenCollectForAllocation
[2019-10-14T07:32:31.959+0000][1][gc,start     ] GC(15) Pause Young (Allocation Failure)
[2019-10-14T07:32:31.960+0000][1][gc,task      ] GC(15) Using 2 workers of 2 for evacuation
[2019-10-14T07:32:32.062+0000][1][gc,age       ] GC(15) Desired survivor size 4456448 bytes, new threshold 1 (max threshold 6)
[2019-10-14T07:32:32.063+0000][1][gc,age       ] GC(15) Age table with threshold 1 (max threshold 6)
[2019-10-14T07:32:32.063+0000][1][gc,age       ] GC(15) - age   1:    5297816 bytes,    5297816 total
[2019-10-14T07:32:32.063+0000][1][gc,heap      ] GC(15) ParNew: 78656K->8704K(78656K)
[2019-10-14T07:32:32.063+0000][1][gc,heap      ] GC(15) CMS: 39958K->50314K(174784K)
[2019-10-14T07:32:32.064+0000][1][gc,metaspace ] GC(15) Metaspace: 32197K->32197K(1079296K)
[2019-10-14T07:32:32.064+0000][1][gc           ] GC(15) Pause Young (Allocation Failure) 115M->57M(247M) 104.655ms
[2019-10-14T07:32:32.064+0000][1][gc,cpu       ] GC(15) User=0.12s Sys=0.00s Real=0.10s
[2019-10-14T07:32:32.064+0000][1][safepoint    ] Leaving safepoint region
[2019-10-14T07:32:32.065+0000][1][safepoint    ] Total time for which application threads were stopped: 0.1186553 seconds, Stopping threads took: 0.0132110 seconds
[2019-10-14T07:32:32.354+0000][1][safepoint    ] Application time: 0.2894980 seconds
[2019-10-14T07:32:32.358+0000][1][safepoint    ] Entering safepoint region: GenCollectForAllocation
[2019-10-14T07:32:32.358+0000][1][gc,start     ] GC(16) Pause Young (Allocation Failure)
[2019-10-14T07:32:32.359+0000][1][gc,task      ] GC(16) Using 2 workers of 2 for evacuation
[2019-10-14T07:32:32.371+0000][1][gc,age       ] GC(16) Desired survivor size 4456448 bytes, new threshold 6 (max threshold 6)
[2019-10-14T07:32:32.372+0000][1][gc,age       ] GC(16) Age table with threshold 6 (max threshold 6)
[2019-10-14T07:32:32.372+0000][1][gc,age       ] GC(16) - age   1:     329568 bytes,     329568 total
[2019-10-14T07:32:32.372+0000][1][gc,heap      ] GC(16) ParNew: 78656K->4086K(78656K)
[2019-10-14T07:32:32.373+0000][1][gc,heap      ] GC(16) CMS: 50314K->55518K(174784K)
[2019-10-14T07:32:32.373+0000][1][gc,metaspace ] GC(16) Metaspace: 32846K->32846K(1079296K)
[2019-10-14T07:32:32.373+0000][1][gc           ] GC(16) Pause Young (Allocation Failure) 125M->58M(247M) 15.106ms
[2019-10-14T07:32:32.374+0000][1][gc,cpu       ] GC(16) User=0.02s Sys=0.00s Real=0.01s
[2019-10-14T07:32:32.374+0000][1][safepoint    ] Leaving safepoint region
[2019-10-14T07:32:32.375+0000][1][safepoint    ] Total time for which application threads were stopped: 0.0198113 seconds, Stopping threads took: 0.0034052 seconds
[2019-10-14T07:32:32.937+0000][1][safepoint    ] Application time: 0.5616497 seconds
[2019-10-14T07:32:32.937+0000][1][safepoint    ] Entering safepoint region: CollectForMetadataAllocation
[2019-10-14T07:32:32.937+0000][1][safepoint    ] Leaving safepoint region
[2019-10-14T07:32:32.938+0000][1][safepoint    ] Total time for which application threads were stopped: 0.0007703 seconds, Stopping threads took: 0.0003474 seconds
[2019-10-14T07:32:33.018+0000][1][safepoint    ] Application time: 0.0802873 seconds
[2019-10-14T07:32:33.019+0000][1][safepoint    ] Entering safepoint region: CollectForMetadataAllocation
[2019-10-14T07:32:33.019+0000][1][safepoint    ] Leaving safepoint region
[2019-10-14T07:32:33.019+0000][1][safepoint    ] Total time for which application threads were stopped: 0.0007093 seconds, Stopping threads took: 0.0002754 seconds
[2019-10-14T07:32:33.067+0000][1][safepoint    ] Application time: 0.0476685 seconds
[2019-10-14T07:32:33.068+0000][1][safepoint    ] Entering safepoint region: CollectForMetadataAllocation
[2019-10-14T07:32:33.068+0000][1][safepoint    ] Leaving safepoint region
[2019-10-14T07:32:33.069+0000][1][safepoint    ] Total time for which application threads were stopped: 0.0007442 seconds, Stopping threads took: 0.0003220 seconds
[2019-10-14T07:32:33.091+0000][1][safepoint    ] Application time: 0.0215754 seconds
[2019-10-14T07:32:33.091+0000][1][safepoint    ] Entering safepoint region: CollectForMetadataAllocation
[2019-10-14T07:32:33.092+0000][1][safepoint    ] Leaving safepoint region
[2019-10-14T07:32:33.092+0000][1][safepoint    ] Total time for which application threads were stopped: 0.0007766 seconds, Stopping threads took: 0.0003672 seconds
[2019-10-14T07:32:33.125+0000][1][safepoint    ] Application time: 0.0332664 seconds
[2019-10-14T07:32:33.128+0000][1][safepoint    ] Entering safepoint region: CollectForMetadataAllocation
[2019-10-14T07:32:33.129+0000][1][safepoint    ] Leaving safepoint region
[2019-10-14T07:32:33.129+0000][1][safepoint    ] Total time for which application threads were stopped: 0.0010506 seconds, Stopping threads took: 0.0004930 seconds
[2019-10-14T07:32:33.200+0000][1][safepoint    ] Application time: 0.0704567 seconds
[2019-10-14T07:32:33.201+0000][1][safepoint    ] Entering safepoint region: CollectForMetadataAllocation
[2019-10-14T07:32:33.201+0000][1][safepoint    ] Leaving safepoint region
[2019-10-14T07:32:33.201+0000][1][safepoint    ] Total time for which application threads were stopped: 0.0008563 seconds, Stopping threads took: 0.0005268 seconds
[2019-10-14T07:32:33.235+0000][1][safepoint    ] Application time: 0.0335089 seconds
[2019-10-14T07:32:33.236+0000][1][safepoint    ] Entering safepoint region: CollectForMetadataAllocation
[2019-10-14T07:32:33.237+0000][1][safepoint    ] Leaving safepoint region
[2019-10-14T07:32:33.239+0000][1][safepoint    ] Total time for which application threads were stopped: 0.0023637 seconds, Stopping threads took: 0.0005217 seconds
[2019-10-14T07:32:33.297+0000][1][safepoint    ] Application time: 0.0578348 seconds
[2019-10-14T07:32:33.302+0000][1][safepoint    ] Entering safepoint region: CollectForMetadataAllocation
[2019-10-14T07:32:33.304+0000][1][safepoint    ] Leaving safepoint region
[2019-10-14T07:32:33.314+0000][1][safepoint    ] Total time for which application threads were stopped: 0.0113978 seconds, Stopping threads took: 0.0013213 seconds
[2019-10-14T07:32:33.364+0000][1][safepoint    ] Application time: 0.0430659 seconds
[2019-10-14T07:32:33.365+0000][1][safepoint    ] Entering safepoint region: CollectForMetadataAllocation
[2019-10-14T07:32:33.366+0000][1][safepoint    ] Leaving safepoint region
[2019-10-14T07:32:33.366+0000][1][safepoint    ] Total time for which application threads were stopped: 0.0013313 seconds, Stopping threads took: 0.0004368 seconds
[2019-10-14T07:32:33.502+0000][1][safepoint    ] Application time: 0.1359380 seconds
[2019-10-14T07:32:33.503+0000][1][safepoint    ] Entering safepoint region: CollectForMetadataAllocation
[2019-10-14T07:32:33.503+0000][1][safepoint    ] Leaving safepoint region
[2019-10-14T07:32:33.504+0000][1][safepoint    ] Total time for which application threads were stopped: 0.0008807 seconds, Stopping threads took: 0.0002878 seconds
[2019-10-14T07:32:33.516+0000][1][safepoint    ] Application time: 0.0118078 seconds
[2019-10-14T07:32:33.516+0000][1][safepoint    ] Entering safepoint region: RevokeBias
[2019-10-14T07:32:33.517+0000][1][safepoint    ] Leaving safepoint region
[2019-10-14T07:32:33.517+0000][1][safepoint    ] Total time for which application threads were stopped: 0.0009635 seconds, Stopping threads took: 0.0005278 seconds
[2019-10-14T07:32:33.551+0000][1][safepoint    ] Application time: 0.0333413 seconds
[2019-10-14T07:32:33.551+0000][1][safepoint    ] Entering safepoint region: CollectForMetadataAllocation
[2019-10-14T07:32:33.552+0000][1][safepoint    ] Leaving safepoint region
[2019-10-14T07:32:33.552+0000][1][safepoint    ] Total time for which application threads were stopped: 0.0007703 seconds, Stopping threads took: 0.0003662 seconds
[2019-10-14T07:32:33.664+0000][1][safepoint    ] Application time: 0.1114147 seconds
[2019-10-14T07:32:33.664+0000][1][safepoint    ] Entering safepoint region: CollectForMetadataAllocation
[2019-10-14T07:32:33.665+0000][1][safepoint    ] Leaving safepoint region
[2019-10-14T07:32:33.665+0000][1][safepoint    ] Total time for which application threads were stopped: 0.0007483 seconds, Stopping threads took: 0.0002798 seconds
[2019-10-14T07:32:33.728+0000][1][safepoint    ] Application time: 0.0633057 seconds
[2019-10-14T07:32:33.729+0000][1][safepoint    ] Entering safepoint region: CollectForMetadataAllocation
[2019-10-14T07:32:33.729+0000][1][safepoint    ] Leaving safepoint region
[2019-10-14T07:32:33.730+0000][1][safepoint    ] Total time for which application threads were stopped: 0.0011244 seconds, Stopping threads took: 0.0003845 seconds
[2019-10-14T07:32:33.827+0000][1][safepoint    ] Application time: 0.1187211 seconds
[2019-10-14T07:32:33.828+0000][1][safepoint    ] Entering safepoint region: CollectForMetadataAllocation
[2019-10-14T07:32:33.828+0000][1][safepoint    ] Leaving safepoint region
[2019-10-14T07:32:33.828+0000][1][safepoint    ] Total time for which application threads were stopped: 0.0007141 seconds, Stopping threads took: 0.0002341 seconds
[2019-10-14T07:32:33.896+0000][1][safepoint    ] Application time: 0.0677755 seconds
[2019-10-14T07:32:33.899+0000][1][safepoint    ] Entering safepoint region: CollectForMetadataAllocation
[2019-10-14T07:32:33.901+0000][1][safepoint    ] Leaving safepoint region
[2019-10-14T07:32:33.901+0000][1][safepoint    ] Total time for which application threads were stopped: 0.0040830 seconds, Stopping threads took: 0.0025725 seconds
[2019-10-14T07:32:33.936+0000][1][safepoint    ] Application time: 0.0344869 seconds
[2019-10-14T07:32:33.936+0000][1][safepoint    ] Entering safepoint region: CollectForMetadataAllocation
[2019-10-14T07:32:33.937+0000][1][safepoint    ] Leaving safepoint region
[2019-10-14T07:32:33.937+0000][1][safepoint    ] Total time for which application threads were stopped: 0.0008776 seconds, Stopping threads took: 0.0002798 seconds
[2019-10-14T07:32:34.008+0000][1][safepoint    ] Application time: 0.0704159 seconds
[2019-10-14T07:32:34.008+0000][1][safepoint    ] Entering safepoint region: CollectForMetadataAllocation
[2019-10-14T07:32:34.009+0000][1][safepoint    ] Leaving safepoint region
[2019-10-14T07:32:34.010+0000][1][safepoint    ] Total time for which application threads were stopped: 0.0014949 seconds, Stopping threads took: 0.0008715 seconds
[2019-10-14T07:32:34.030+0000][1][safepoint    ] Application time: 0.0193923 seconds
[2019-10-14T07:32:34.030+0000][1][safepoint    ] Entering safepoint region: CollectForMetadataAllocation
[2019-10-14T07:32:34.032+0000][1][safepoint    ] Leaving safepoint region
[2019-10-14T07:32:34.033+0000][1][safepoint    ] Total time for which application threads were stopped: 0.0032245 seconds, Stopping threads took: 0.0021920 seconds
[2019-10-14T07:32:34.075+0000][1][safepoint    ] Application time: 0.0407693 seconds
[2019-10-14T07:32:34.075+0000][1][safepoint    ] Entering safepoint region: CollectForMetadataAllocation
[2019-10-14T07:32:34.076+0000][1][safepoint    ] Leaving safepoint region
[2019-10-14T07:32:34.076+0000][1][safepoint    ] Total time for which application threads were stopped: 0.0007683 seconds, Stopping threads took: 0.0003247 seconds
[2019-10-14T07:32:34.138+0000][1][safepoint    ] Application time: 0.0613645 seconds
[2019-10-14T07:32:34.139+0000][1][safepoint    ] Entering safepoint region: CollectForMetadataAllocation
[2019-10-14T07:32:34.140+0000][1][safepoint    ] Leaving safepoint region
[2019-10-14T07:32:34.140+0000][1][safepoint    ] Total time for which application threads were stopped: 0.0010544 seconds, Stopping threads took: 0.0004509 seconds
[2019-10-14T07:32:34.212+0000][1][safepoint    ] Application time: 0.0722127 seconds
[2019-10-14T07:32:34.213+0000][1][safepoint    ] Entering safepoint region: CollectForMetadataAllocation
[2019-10-14T07:32:34.213+0000][1][safepoint    ] Leaving safepoint region
[2019-10-14T07:32:34.214+0000][1][safepoint    ] Total time for which application threads were stopped: 0.0008010 seconds, Stopping threads took: 0.0002691 seconds
[2019-10-14T07:32:34.264+0000][1][safepoint    ] Application time: 0.0501771 seconds
[2019-10-14T07:32:34.269+0000][1][safepoint    ] Entering safepoint region: CollectForMetadataAllocation
[2019-10-14T07:32:34.270+0000][1][safepoint    ] Leaving safepoint region
[2019-10-14T07:32:34.270+0000][1][safepoint    ] Total time for which application threads were stopped: 0.0020547 seconds, Stopping threads took: 0.0015181 seconds
[2019-10-14T07:32:34.357+0000][1][safepoint    ] Application time: 0.0866490 seconds
[2019-10-14T07:32:34.361+0000][1][safepoint    ] Entering safepoint region: CMS_Initial_Mark
[2019-10-14T07:32:34.361+0000][1][gc,start     ] GC(17) Pause Initial Mark
[2019-10-14T07:32:34.389+0000][1][gc           ] GC(17) Pause Initial Mark 113M->113M(247M) 27.739ms
[2019-10-14T07:32:34.389+0000][1][gc,cpu       ] GC(17) User=0.03s Sys=0.00s Real=0.03s
[2019-10-14T07:32:34.390+0000][1][safepoint    ] Leaving safepoint region
[2019-10-14T07:32:34.390+0000][1][safepoint    ] Total time for which application threads were stopped: 0.0324946 seconds, Stopping threads took: 0.0036380 seconds
[2019-10-14T07:32:34.391+0000][1][gc           ] GC(17) Concurrent Mark
[2019-10-14T07:32:34.395+0000][1][safepoint    ] Application time: 0.0048726 seconds
[2019-10-14T07:32:34.396+0000][1][safepoint    ] Entering safepoint region: CollectForMetadataAllocation
[2019-10-14T07:32:34.397+0000][1][safepoint    ] Leaving safepoint region
[2019-10-14T07:32:34.398+0000][1][safepoint    ] Total time for which application threads were stopped: 0.0020328 seconds, Stopping threads took: 0.0008161 seconds
[2019-10-14T07:32:34.504+0000][1][safepoint    ] Application time: 0.1042371 seconds
[2019-10-14T07:32:34.505+0000][1][safepoint    ] Entering safepoint region: CollectForMetadataAllocation
[2019-10-14T07:32:34.506+0000][1][safepoint    ] Leaving safepoint region
[2019-10-14T07:32:34.506+0000][1][safepoint    ] Total time for which application threads were stopped: 0.0009534 seconds, Stopping threads took: 0.0004574 seconds
[2019-10-14T07:32:34.590+0000][1][safepoint    ] Application time: 0.0834334 seconds
[2019-10-14T07:32:34.596+0000][1][safepoint    ] Entering safepoint region: CollectForMetadataAllocation
[2019-10-14T07:32:34.596+0000][1][safepoint    ] Leaving safepoint region
[2019-10-14T07:32:34.596+0000][1][safepoint    ] Total time for which application threads were stopped: 0.0007142 seconds, Stopping threads took: 0.0003414 seconds
[2019-10-14T07:32:34.639+0000][1][gc           ] GC(17) Concurrent Mark 248.707ms
[2019-10-14T07:32:34.640+0000][1][gc,cpu       ] GC(17) User=0.24s Sys=0.02s Real=0.25s
[2019-10-14T07:32:34.640+0000][1][gc           ] GC(17) Concurrent Preclean
[2019-10-14T07:32:34.642+0000][1][gc           ] GC(17) Concurrent Preclean 2.104ms
[2019-10-14T07:32:34.642+0000][1][gc,cpu       ] GC(17) User=0.00s Sys=0.00s Real=0.00s
[2019-10-14T07:32:34.643+0000][1][gc           ] GC(17) Concurrent Abortable Preclean
[2019-10-14T07:32:34.650+0000][1][safepoint    ] Application time: 0.0537096 seconds
[2019-10-14T07:32:34.651+0000][1][safepoint    ] Entering safepoint region: CollectForMetadataAllocation
[2019-10-14T07:32:34.651+0000][1][safepoint    ] Leaving safepoint region
[2019-10-14T07:32:34.652+0000][1][safepoint    ] Total time for which application threads were stopped: 0.0009386 seconds, Stopping threads took: 0.0003456 seconds
[2019-10-14T07:32:34.807+0000][1][safepoint    ] Application time: 0.1547788 seconds
[2019-10-14T07:32:34.807+0000][1][safepoint    ] Entering safepoint region: CollectForMetadataAllocation
[2019-10-14T07:32:34.808+0000][1][safepoint    ] Leaving safepoint region
[2019-10-14T07:32:34.808+0000][1][safepoint    ] Total time for which application threads were stopped: 0.0007266 seconds, Stopping threads took: 0.0002514 seconds
[2019-10-14T07:32:34.855+0000][1][safepoint    ] Application time: 0.0466696 seconds
[2019-10-14T07:32:34.864+0000][1][safepoint    ] Entering safepoint region: RevokeBias
[2019-10-14T07:32:34.864+0000][1][safepoint    ] Leaving safepoint region
[2019-10-14T07:32:34.865+0000][1][safepoint    ] Total time for which application threads were stopped: 0.0008024 seconds, Stopping threads took: 0.0004842 seconds
[2019-10-14T07:32:34.870+0000][1][safepoint    ] Application time: 0.0052910 seconds
[2019-10-14T07:32:34.871+0000][1][safepoint    ] Entering safepoint region: RevokeBias
[2019-10-14T07:32:34.872+0000][1][safepoint    ] Leaving safepoint region
[2019-10-14T07:32:34.873+0000][1][safepoint    ] Total time for which application threads were stopped: 0.0021497 seconds, Stopping threads took: 0.0009011 seconds
[2019-10-14T07:32:34.910+0000][1][safepoint    ] Application time: 0.0367485 seconds
[2019-10-14T07:32:34.911+0000][1][safepoint    ] Entering safepoint region: CollectForMetadataAllocation
[2019-10-14T07:32:34.912+0000][1][safepoint    ] Leaving safepoint region
[2019-10-14T07:32:34.913+0000][1][safepoint    ] Total time for which application threads were stopped: 0.0017488 seconds, Stopping threads took: 0.0006390 seconds
[2019-10-14T07:32:35.414+0000][1][safepoint    ] Application time: 0.5008214 seconds
[2019-10-14T07:32:35.415+0000][1][safepoint    ] Entering safepoint region: GenCollectForAllocation
[2019-10-14T07:32:35.415+0000][1][gc,start     ] GC(18) Pause Young (Allocation Failure)
[2019-10-14T07:32:35.416+0000][1][gc,task      ] GC(18) Using 2 workers of 2 for evacuation
[2019-10-14T07:32:35.430+0000][1][gc,age       ] GC(18) Desired survivor size 4456448 bytes, new threshold 6 (max threshold 6)
[2019-10-14T07:32:35.430+0000][1][gc,age       ] GC(18) Age table with threshold 6 (max threshold 6)
[2019-10-14T07:32:35.431+0000][1][gc,age       ] GC(18) - age   1:    3592304 bytes,    3592304 total
[2019-10-14T07:32:35.431+0000][1][gc,age       ] GC(18) - age   2:     290136 bytes,    3882440 total
[2019-10-14T07:32:35.432+0000][1][gc,heap      ] GC(18) ParNew: 74038K->4327K(78656K)
[2019-10-14T07:32:35.432+0000][1][gc,heap      ] GC(18) CMS: 55518K->55518K(174784K)
[2019-10-14T07:32:35.432+0000][1][gc,metaspace ] GC(18) Metaspace: 41876K->41876K(1087488K)
[2019-10-14T07:32:35.433+0000][1][gc           ] GC(18) Pause Young (Allocation Failure) 126M->58M(247M) 17.595ms
[2019-10-14T07:32:35.434+0000][1][gc,cpu       ] GC(18) User=0.02s Sys=0.00s Real=0.02s
[2019-10-14T07:32:35.434+0000][1][safepoint    ] Leaving safepoint region
[2019-10-14T07:32:35.435+0000][1][safepoint    ] Total time for which application threads were stopped: 0.0196795 seconds, Stopping threads took: 0.0005000 seconds
[2019-10-14T07:32:35.561+0000][1][safepoint    ] Application time: 0.1258936 seconds
[2019-10-14T07:32:35.562+0000][1][safepoint    ] Entering safepoint region: RevokeBias
[2019-10-14T07:32:35.562+0000][1][safepoint    ] Leaving safepoint region
[2019-10-14T07:32:35.563+0000][1][safepoint    ] Total time for which application threads were stopped: 0.0009961 seconds, Stopping threads took: 0.0004791 seconds
[2019-10-14T07:32:35.754+0000][1][safepoint    ] Application time: 0.1901174 seconds
[2019-10-14T07:32:35.754+0000][1][safepoint    ] Entering safepoint region: CollectForMetadataAllocation
[2019-10-14T07:32:35.755+0000][1][safepoint    ] Leaving safepoint region
[2019-10-14T07:32:35.755+0000][1][safepoint    ] Total time for which application threads were stopped: 0.0010260 seconds, Stopping threads took: 0.0004171 seconds
[2019-10-14T07:32:36.166+0000][1][safepoint    ] Application time: 0.4102094 seconds
[2019-10-14T07:32:36.166+0000][1][safepoint    ] Entering safepoint region: CollectForMetadataAllocation
[2019-10-14T07:32:36.167+0000][1][safepoint    ] Leaving safepoint region
[2019-10-14T07:32:36.167+0000][1][safepoint    ] Total time for which application threads were stopped: 0.0008887 seconds, Stopping threads took: 0.0003184 seconds
[2019-10-14T07:32:36.214+0000][1][safepoint    ] Application time: 0.0459323 seconds
[2019-10-14T07:32:36.214+0000][1][safepoint    ] Entering safepoint region: CollectForMetadataAllocation
[2019-10-14T07:32:36.215+0000][1][safepoint    ] Leaving safepoint region
[2019-10-14T07:32:36.215+0000][1][safepoint    ] Total time for which application threads were stopped: 0.0008589 seconds, Stopping threads took: 0.0003401 seconds
[2019-10-14T07:32:36.457+0000][1][safepoint    ] Application time: 0.2422870 seconds
[2019-10-14T07:32:36.458+0000][1][safepoint    ] Entering safepoint region: CollectForMetadataAllocation
[2019-10-14T07:32:36.459+0000][1][safepoint    ] Leaving safepoint region
[2019-10-14T07:32:36.459+0000][1][safepoint    ] Total time for which application threads were stopped: 0.0015363 seconds, Stopping threads took: 0.0006056 seconds
[2019-10-14T07:32:36.598+0000][1][safepoint    ] Application time: 0.1379415 seconds
[2019-10-14T07:32:36.598+0000][1][safepoint    ] Entering safepoint region: CollectForMetadataAllocation
[2019-10-14T07:32:36.598+0000][1][safepoint    ] Leaving safepoint region
[2019-10-14T07:32:36.599+0000][1][safepoint    ] Total time for which application threads were stopped: 0.0006930 seconds, Stopping threads took: 0.0002918 seconds
[2019-10-14T07:32:36.681+0000][1][gc           ] GC(17) Concurrent Abortable Preclean 2038.497ms
[2019-10-14T07:32:36.686+0000][1][gc,cpu       ] GC(17) User=3.05s Sys=0.20s Real=2.05s
[2019-10-14T07:32:36.687+0000][1][safepoint    ] Application time: 0.0879000 seconds
[2019-10-14T07:32:36.688+0000][1][safepoint    ] Entering safepoint region: CMS_Final_Remark
[2019-10-14T07:32:36.688+0000][1][gc,start     ] GC(17) Pause Remark
[2019-10-14T07:32:36.719+0000][1][gc           ] GC(17) Pause Remark 97M->97M(247M) 30.604ms
[2019-10-14T07:32:36.719+0000][1][gc,cpu       ] GC(17) User=0.05s Sys=0.01s Real=0.03s
[2019-10-14T07:32:36.720+0000][1][safepoint    ] Leaving safepoint region
[2019-10-14T07:32:36.720+0000][1][safepoint    ] Total time for which application threads were stopped: 0.0323576 seconds, Stopping threads took: 0.0003521 seconds
[2019-10-14T07:32:36.720+0000][1][gc           ] GC(17) Concurrent Sweep
[2019-10-14T07:32:36.736+0000][1][safepoint    ] Application time: 0.0161425 seconds
[2019-10-14T07:32:36.737+0000][1][safepoint    ] Entering safepoint region: CollectForMetadataAllocation
[2019-10-14T07:32:36.738+0000][1][safepoint    ] Leaving safepoint region
[2019-10-14T07:32:36.738+0000][1][safepoint    ] Total time for which application threads were stopped: 0.0015780 seconds, Stopping threads took: 0.0005134 seconds
[2019-10-14T07:32:36.740+0000][1][safepoint    ] Application time: 0.0008506 seconds
[2019-10-14T07:32:36.740+0000][1][safepoint    ] Entering safepoint region: CollectForMetadataAllocation
[2019-10-14T07:32:36.740+0000][1][safepoint    ] Leaving safepoint region
[2019-10-14T07:32:36.741+0000][1][safepoint    ] Total time for which application threads were stopped: 0.0007063 seconds, Stopping threads took: 0.0002937 seconds
[2019-10-14T07:32:36.763+0000][1][gc           ] GC(17) Concurrent Sweep 42.646ms
[2019-10-14T07:32:36.763+0000][1][gc,cpu       ] GC(17) User=0.08s Sys=0.00s Real=0.04s
[2019-10-14T07:32:36.764+0000][1][gc           ] GC(17) Concurrent Reset
[2019-10-14T07:32:36.764+0000][1][gc           ] GC(17) Concurrent Reset 0.541ms
[2019-10-14T07:32:36.765+0000][1][gc,cpu       ] GC(17) User=0.00s Sys=0.00s Real=0.00s
[2019-10-14T07:32:36.765+0000][1][gc,heap      ] GC(17) Old: 55518K->55314K(174784K)
[2019-10-14T07:32:36.863+0000][1][safepoint    ] Application time: 0.1223273 seconds
[2019-10-14T07:32:36.864+0000][1][safepoint    ] Entering safepoint region: RevokeBias
[2019-10-14T07:32:36.864+0000][1][safepoint    ] Leaving safepoint region
[2019-10-14T07:32:36.864+0000][1][safepoint    ] Total time for which application threads were stopped: 0.0006746 seconds, Stopping threads took: 0.0002713 seconds
[2019-10-14T07:32:36.870+0000][1][safepoint    ] Application time: 0.0049128 seconds
[2019-10-14T07:32:36.870+0000][1][safepoint    ] Entering safepoint region: RevokeBias
[2019-10-14T07:32:36.870+0000][1][safepoint    ] Leaving safepoint region
[2019-10-14T07:32:36.871+0000][1][safepoint    ] Total time for which application threads were stopped: 0.0005850 seconds, Stopping threads took: 0.0002923 seconds
[2019-10-14T07:32:37.045+0000][1][safepoint    ] Application time: 0.1743704 seconds
[2019-10-14T07:32:37.049+0000][1][safepoint    ] Entering safepoint region: RevokeBias
[2019-10-14T07:32:37.050+0000][1][safepoint    ] Leaving safepoint region
[2019-10-14T07:32:37.050+0000][1][safepoint    ] Total time for which application threads were stopped: 0.0041899 seconds, Stopping threads took: 0.0034930 seconds
[2019-10-14T07:32:37.050+0000][1][safepoint    ] Application time: 0.0001489 seconds
[2019-10-14T07:32:37.051+0000][1][safepoint    ] Entering safepoint region: RevokeBias
[2019-10-14T07:32:37.051+0000][1][safepoint    ] Leaving safepoint region
[2019-10-14T07:32:37.052+0000][1][safepoint    ] Total time for which application threads were stopped: 0.0008980 seconds, Stopping threads took: 0.0005515 seconds
[2019-10-14T07:32:37.052+0000][1][safepoint    ] Application time: 0.0002730 seconds
[2019-10-14T07:32:37.055+0000][1][safepoint    ] Entering safepoint region: RevokeBias
[2019-10-14T07:32:37.055+0000][1][safepoint    ] Leaving safepoint region
[2019-10-14T07:32:37.056+0000][1][safepoint    ] Total time for which application threads were stopped: 0.0031287 seconds, Stopping threads took: 0.0026612 seconds
[2019-10-14T07:32:37.057+0000][1][safepoint    ] Application time: 0.0005447 seconds
[2019-10-14T07:32:37.057+0000][1][safepoint    ] Entering safepoint region: RevokeBias
[2019-10-14T07:32:37.057+0000][1][safepoint    ] Leaving safepoint region
[2019-10-14T07:32:37.058+0000][1][safepoint    ] Total time for which application threads were stopped: 0.0011608 seconds, Stopping threads took: 0.0003542 seconds
[2019-10-14T07:32:37.076+0000][1][safepoint    ] Application time: 0.0175035 seconds
[2019-10-14T07:32:37.076+0000][1][safepoint    ] Entering safepoint region: GenCollectForAllocation
[2019-10-14T07:32:37.077+0000][1][gc,start     ] GC(19) Pause Young (Allocation Failure)
[2019-10-14T07:32:37.077+0000][1][gc,task      ] GC(19) Using 2 workers of 2 for evacuation
[2019-10-14T07:32:37.126+0000][1][gc,age       ] GC(19) Desired survivor size 4456448 bytes, new threshold 2 (max threshold 6)
[2019-10-14T07:32:37.126+0000][1][gc,age       ] GC(19) Age table with threshold 2 (max threshold 6)
[2019-10-14T07:32:37.126+0000][1][gc,age       ] GC(19) - age   1:    3028568 bytes,    3028568 total
[2019-10-14T07:32:37.127+0000][1][gc,age       ] GC(19) - age   2:    3504736 bytes,    6533304 total
[2019-10-14T07:32:37.127+0000][1][gc,age       ] GC(19) - age   3:     290040 bytes,    6823344 total
[2019-10-14T07:32:37.128+0000][1][gc,heap      ] GC(19) ParNew: 74279K->8704K(78656K)
[2019-10-14T07:32:37.128+0000][1][gc,heap      ] GC(19) CMS: 55314K->55314K(174784K)
[2019-10-14T07:32:37.129+0000][1][gc,metaspace ] GC(19) Metaspace: 46438K->46438K(1091584K)
[2019-10-14T07:32:37.129+0000][1][gc           ] GC(19) Pause Young (Allocation Failure) 126M->62M(247M) 52.024ms
[2019-10-14T07:32:37.129+0000][1][gc,cpu       ] GC(19) User=0.05s Sys=0.01s Real=0.05s
[2019-10-14T07:32:37.130+0000][1][safepoint    ] Leaving safepoint region
[2019-10-14T07:32:37.130+0000][1][safepoint    ] Total time for which application threads were stopped: 0.0537784 seconds, Stopping threads took: 0.0004098 seconds
[2019-10-14T07:32:37.233+0000][1][safepoint    ] Application time: 0.1020821 seconds
[2019-10-14T07:32:37.233+0000][1][safepoint    ] Entering safepoint region: RevokeBias
[2019-10-14T07:32:37.233+0000][1][safepoint    ] Leaving safepoint region
[2019-10-14T07:32:37.234+0000][1][safepoint    ] Total time for which application threads were stopped: 0.0006971 seconds, Stopping threads took: 0.0002930 seconds
[2019-10-14T07:32:37.234+0000][1][safepoint    ] Application time: 0.0001113 seconds
[2019-10-14T07:32:37.238+0000][1][safepoint    ] Entering safepoint region: RevokeBias
[2019-10-14T07:32:37.238+0000][1][safepoint    ] Leaving safepoint region
[2019-10-14T07:32:37.239+0000][1][safepoint    ] Total time for which application threads were stopped: 0.0010169 seconds, Stopping threads took: 0.0006808 seconds
[2019-10-14T07:32:37.240+0000][1][safepoint    ] Application time: 0.0003945 seconds
[2019-10-14T07:32:37.240+0000][1][safepoint    ] Entering safepoint region: RevokeBias
[2019-10-14T07:32:37.241+0000][1][safepoint    ] Leaving safepoint region
[2019-10-14T07:32:37.241+0000][1][safepoint    ] Total time for which application threads were stopped: 0.0006917 seconds, Stopping threads took: 0.0003183 seconds
[2019-10-14T07:32:37.242+0000][1][safepoint    ] Application time: 0.0006951 seconds
[2019-10-14T07:32:37.244+0000][1][safepoint    ] Entering safepoint region: RevokeBias
[2019-10-14T07:32:37.244+0000][1][safepoint    ] Leaving safepoint region
[2019-10-14T07:32:37.244+0000][1][safepoint    ] Total time for which application threads were stopped: 0.0010081 seconds, Stopping threads took: 0.0005774 seconds
[2019-10-14T07:32:37.245+0000][1][safepoint    ] Application time: 0.0002601 seconds
[2019-10-14T07:32:37.245+0000][1][safepoint    ] Entering safepoint region: RevokeBias
[2019-10-14T07:32:37.246+0000][1][safepoint    ] Leaving safepoint region
[2019-10-14T07:32:37.246+0000][1][safepoint    ] Total time for which application threads were stopped: 0.0006092 seconds, Stopping threads took: 0.0002589 seconds
[2019-10-14T07:32:37.246+0000][1][safepoint    ] Application time: 0.0000967 seconds
[2019-10-14T07:32:37.247+0000][1][safepoint    ] Entering safepoint region: RevokeBias
[2019-10-14T07:32:37.247+0000][1][safepoint    ] Leaving safepoint region
[2019-10-14T07:32:37.247+0000][1][safepoint    ] Total time for which application threads were stopped: 0.0007090 seconds, Stopping threads took: 0.0003156 seconds
[2019-10-14T07:32:37.248+0000][1][safepoint    ] Application time: 0.0000501 seconds
[2019-10-14T07:32:37.248+0000][1][safepoint    ] Entering safepoint region: RevokeBias
[2019-10-14T07:32:37.248+0000][1][safepoint    ] Leaving safepoint region
[2019-10-14T07:32:37.249+0000][1][safepoint    ] Total time for which application threads were stopped: 0.0005633 seconds, Stopping threads took: 0.0002105 seconds
[2019-10-14T07:32:37.249+0000][1][safepoint    ] Application time: 0.0000611 seconds
[2019-10-14T07:32:37.249+0000][1][safepoint    ] Entering safepoint region: RevokeBias
[2019-10-14T07:32:37.249+0000][1][safepoint    ] Leaving safepoint region
[2019-10-14T07:32:37.250+0000][1][safepoint    ] Total time for which application threads were stopped: 0.0005106 seconds, Stopping threads took: 0.0002518 seconds
[2019-10-14T07:32:37.250+0000][1][safepoint    ] Application time: 0.0000613 seconds
[2019-10-14T07:32:37.250+0000][1][safepoint    ] Entering safepoint region: RevokeBias
[2019-10-14T07:32:37.251+0000][1][safepoint    ] Leaving safepoint region
[2019-10-14T07:32:37.251+0000][1][safepoint    ] Total time for which application threads were stopped: 0.0005453 seconds, Stopping threads took: 0.0002989 seconds
[2019-10-14T07:32:37.252+0000][1][safepoint    ] Application time: 0.0000625 seconds
[2019-10-14T07:32:37.253+0000][1][safepoint    ] Entering safepoint region: RevokeBias
[2019-10-14T07:32:37.255+0000][1][safepoint    ] Leaving safepoint region
[2019-10-14T07:32:37.255+0000][1][safepoint    ] Total time for which application threads were stopped: 0.0026532 seconds, Stopping threads took: 0.0016479 seconds
[2019-10-14T07:32:37.256+0000][1][safepoint    ] Application time: 0.0001428 seconds
[2019-10-14T07:32:37.256+0000][1][safepoint    ] Entering safepoint region: RevokeBias
[2019-10-14T07:32:37.256+0000][1][safepoint    ] Leaving safepoint region
[2019-10-14T07:32:37.257+0000][1][safepoint    ] Total time for which application threads were stopped: 0.0005647 seconds, Stopping threads took: 0.0003114 seconds
[2019-10-14T07:32:37.257+0000][1][safepoint    ] Application time: 0.0000543 seconds
[2019-10-14T07:32:37.257+0000][1][safepoint    ] Entering safepoint region: RevokeBias
[2019-10-14T07:32:37.258+0000][1][safepoint    ] Leaving safepoint region
[2019-10-14T07:32:37.258+0000][1][safepoint    ] Total time for which application threads were stopped: 0.0005924 seconds, Stopping threads took: 0.0002854 seconds
[2019-10-14T07:32:37.258+0000][1][safepoint    ] Application time: 0.0000509 seconds
[2019-10-14T07:32:37.258+0000][1][safepoint    ] Entering safepoint region: RevokeBias
[2019-10-14T07:32:37.259+0000][1][safepoint    ] Leaving safepoint region
[2019-10-14T07:32:37.259+0000][1][safepoint    ] Total time for which application threads were stopped: 0.0006959 seconds, Stopping threads took: 0.0003802 seconds
[2019-10-14T07:32:37.260+0000][1][safepoint    ] Application time: 0.0000713 seconds
[2019-10-14T07:32:37.261+0000][1][safepoint    ] Entering safepoint region: RevokeBias
[2019-10-14T07:32:37.261+0000][1][safepoint    ] Leaving safepoint region
[2019-10-14T07:32:37.262+0000][1][safepoint    ] Total time for which application threads were stopped: 0.0009763 seconds, Stopping threads took: 0.0006503 seconds
[2019-10-14T07:32:37.262+0000][1][safepoint    ] Application time: 0.0000508 seconds
[2019-10-14T07:32:37.262+0000][1][safepoint    ] Entering safepoint region: RevokeBias
[2019-10-14T07:32:37.262+0000][1][safepoint    ] Leaving safepoint region
[2019-10-14T07:32:37.263+0000][1][safepoint    ] Total time for which application threads were stopped: 0.0006729 seconds, Stopping threads took: 0.0003001 seconds
[2019-10-14T07:32:37.263+0000][1][safepoint    ] Application time: 0.0000411 seconds
[2019-10-14T07:32:37.263+0000][1][safepoint    ] Entering safepoint region: RevokeBias
[2019-10-14T07:32:37.264+0000][1][safepoint    ] Leaving safepoint region
[2019-10-14T07:32:37.264+0000][1][safepoint    ] Total time for which application threads were stopped: 0.0011114 seconds, Stopping threads took: 0.0007314 seconds
[2019-10-14T07:32:37.265+0000][1][safepoint    ] Application time: 0.0000418 seconds
[2019-10-14T07:32:37.265+0000][1][safepoint    ] Entering safepoint region: RevokeBias
[2019-10-14T07:32:37.265+0000][1][safepoint    ] Leaving safepoint region
[2019-10-14T07:32:37.266+0000][1][safepoint    ] Total time for which application threads were stopped: 0.0005823 seconds, Stopping threads took: 0.0002658 seconds
[2019-10-14T07:32:37.266+0000][1][safepoint    ] Application time: 0.0000444 seconds
[2019-10-14T07:32:37.266+0000][1][safepoint    ] Entering safepoint region: RevokeBias
[2019-10-14T07:32:37.267+0000][1][safepoint    ] Leaving safepoint region
[2019-10-14T07:32:37.268+0000][1][safepoint    ] Total time for which application threads were stopped: 0.0012135 seconds, Stopping threads took: 0.0003387 seconds
[2019-10-14T07:32:37.268+0000][1][safepoint    ] Application time: 0.0000495 seconds
[2019-10-14T07:32:37.270+0000][1][safepoint    ] Entering safepoint region: RevokeBias
[2019-10-14T07:32:37.270+0000][1][safepoint    ] Leaving safepoint region
[2019-10-14T07:32:37.271+0000][1][safepoint    ] Total time for which application threads were stopped: 0.0008764 seconds, Stopping threads took: 0.0005487 seconds
[2019-10-14T07:32:37.271+0000][1][safepoint    ] Application time: 0.0001839 seconds
[2019-10-14T07:32:37.271+0000][1][safepoint    ] Entering safepoint region: RevokeBias
[2019-10-14T07:32:37.272+0000][1][safepoint    ] Leaving safepoint region
[2019-10-14T07:32:37.272+0000][1][safepoint    ] Total time for which application threads were stopped: 0.0007097 seconds, Stopping threads took: 0.0003485 seconds
[2019-10-14T07:32:37.272+0000][1][safepoint    ] Application time: 0.0000595 seconds
[2019-10-14T07:32:37.273+0000][1][safepoint    ] Entering safepoint region: RevokeBias
[2019-10-14T07:32:37.273+0000][1][safepoint    ] Leaving safepoint region
[2019-10-14T07:32:37.273+0000][1][safepoint    ] Total time for which application threads were stopped: 0.0005560 seconds, Stopping threads took: 0.0002229 seconds
[2019-10-14T07:32:37.274+0000][1][safepoint    ] Application time: 0.0000439 seconds
[2019-10-14T07:32:37.274+0000][1][safepoint    ] Entering safepoint region: RevokeBias
[2019-10-14T07:32:37.274+0000][1][safepoint    ] Leaving safepoint region
[2019-10-14T07:32:37.274+0000][1][safepoint    ] Total time for which application threads were stopped: 0.0005371 seconds, Stopping threads took: 0.0002677 seconds
[2019-10-14T07:32:37.275+0000][1][safepoint    ] Application time: 0.0000393 seconds
[2019-10-14T07:32:37.275+0000][1][safepoint    ] Entering safepoint region: RevokeBias
[2019-10-14T07:32:37.275+0000][1][safepoint    ] Leaving safepoint region
[2019-10-14T07:32:37.276+0000][1][safepoint    ] Total time for which application threads were stopped: 0.0005075 seconds, Stopping threads took: 0.0002442 seconds
[2019-10-14T07:32:37.276+0000][1][safepoint    ] Application time: 0.0000383 seconds
[2019-10-14T07:32:37.276+0000][1][safepoint    ] Entering safepoint region: RevokeBias
[2019-10-14T07:32:37.276+0000][1][safepoint    ] Leaving safepoint region
[2019-10-14T07:32:37.277+0000][1][safepoint    ] Total time for which application threads were stopped: 0.0010251 seconds, Stopping threads took: 0.0003323 seconds
[2019-10-14T07:32:37.278+0000][1][safepoint    ] Application time: 0.0000710 seconds
[2019-10-14T07:32:37.278+0000][1][safepoint    ] Entering safepoint region: BulkRevokeBias
[2019-10-14T07:32:37.278+0000][1][safepoint    ] Leaving safepoint region
[2019-10-14T07:32:37.279+0000][1][safepoint    ] Total time for which application threads were stopped: 0.0008789 seconds, Stopping threads took: 0.0003839 seconds
[2019-10-14T07:32:37.279+0000][1][safepoint    ] Application time: 0.0001788 seconds
[2019-10-14T07:32:37.279+0000][1][safepoint    ] Entering safepoint region: RevokeBias
[2019-10-14T07:32:37.280+0000][1][safepoint    ] Leaving safepoint region
[2019-10-14T07:32:37.280+0000][1][safepoint    ] Total time for which application threads were stopped: 0.0006849 seconds, Stopping threads took: 0.0003307 seconds
[2019-10-14T07:32:37.280+0000][1][safepoint    ] Application time: 0.0000715 seconds
[2019-10-14T07:32:37.281+0000][1][safepoint    ] Entering safepoint region: RevokeBias
[2019-10-14T07:32:37.281+0000][1][safepoint    ] Leaving safepoint region
[2019-10-14T07:32:37.281+0000][1][safepoint    ] Total time for which application threads were stopped: 0.0004698 seconds, Stopping threads took: 0.0002116 seconds
[2019-10-14T07:32:37.281+0000][1][safepoint    ] Application time: 0.0001180 seconds
[2019-10-14T07:32:37.282+0000][1][safepoint    ] Entering safepoint region: RevokeBias
[2019-10-14T07:32:37.282+0000][1][safepoint    ] Leaving safepoint region
[2019-10-14T07:32:37.282+0000][1][safepoint    ] Total time for which application threads were stopped: 0.0005018 seconds, Stopping threads took: 0.0002548 seconds
[2019-10-14T07:32:37.283+0000][1][safepoint    ] Application time: 0.0001827 seconds
[2019-10-14T07:32:37.283+0000][1][safepoint    ] Entering safepoint region: RevokeBias
[2019-10-14T07:32:37.283+0000][1][safepoint    ] Leaving safepoint region
[2019-10-14T07:32:37.283+0000][1][safepoint    ] Total time for which application threads were stopped: 0.0006021 seconds, Stopping threads took: 0.0003140 seconds
[2019-10-14T07:32:37.284+0000][1][safepoint    ] Application time: 0.0000972 seconds
[2019-10-14T07:32:37.284+0000][1][safepoint    ] Entering safepoint region: RevokeBias
[2019-10-14T07:32:37.285+0000][1][safepoint    ] Leaving safepoint region
[2019-10-14T07:32:37.285+0000][1][safepoint    ] Total time for which application threads were stopped: 0.0009777 seconds, Stopping threads took: 0.0004589 seconds
[2019-10-14T07:32:37.286+0000][1][safepoint    ] Application time: 0.0000791 seconds
[2019-10-14T07:32:37.287+0000][1][safepoint    ] Entering safepoint region: RevokeBias
[2019-10-14T07:32:37.287+0000][1][safepoint    ] Leaving safepoint region
[2019-10-14T07:32:37.288+0000][1][safepoint    ] Total time for which application threads were stopped: 0.0008922 seconds, Stopping threads took: 0.0003562 seconds
[2019-10-14T07:32:37.288+0000][1][safepoint    ] Application time: 0.0001869 seconds
[2019-10-14T07:32:37.289+0000][1][safepoint    ] Entering safepoint region: RevokeBias
[2019-10-14T07:32:37.289+0000][1][safepoint    ] Leaving safepoint region
[2019-10-14T07:32:37.289+0000][1][safepoint    ] Total time for which application threads were stopped: 0.0006297 seconds, Stopping threads took: 0.0002854 seconds
[2019-10-14T07:32:37.290+0000][1][safepoint    ] Application time: 0.0003827 seconds
[2019-10-14T07:32:37.290+0000][1][safepoint    ] Entering safepoint region: RevokeBias
[2019-10-14T07:32:37.291+0000][1][safepoint    ] Leaving safepoint region
[2019-10-14T07:32:37.291+0000][1][safepoint    ] Total time for which application threads were stopped: 0.0007111 seconds, Stopping threads took: 0.0002847 seconds
[2019-10-14T07:32:37.291+0000][1][safepoint    ] Application time: 0.0000522 seconds
[2019-10-14T07:32:37.292+0000][1][safepoint    ] Entering safepoint region: RevokeBias
[2019-10-14T07:32:37.292+0000][1][safepoint    ] Leaving safepoint region
[2019-10-14T07:32:37.293+0000][1][safepoint    ] Total time for which application threads were stopped: 0.0011030 seconds, Stopping threads took: 0.0003171 seconds
[2019-10-14T07:32:37.293+0000][1][safepoint    ] Application time: 0.0000533 seconds
[2019-10-14T07:32:37.294+0000][1][safepoint    ] Entering safepoint region: RevokeBias
[2019-10-14T07:32:37.294+0000][1][safepoint    ] Leaving safepoint region
[2019-10-14T07:32:37.294+0000][1][safepoint    ] Total time for which application threads were stopped: 0.0008092 seconds, Stopping threads took: 0.0003215 seconds
[2019-10-14T07:32:37.295+0000][1][safepoint    ] Application time: 0.0000553 seconds
[2019-10-14T07:32:37.295+0000][1][safepoint    ] Entering safepoint region: RevokeBias
[2019-10-14T07:32:37.295+0000][1][safepoint    ] Leaving safepoint region
[2019-10-14T07:32:37.295+0000][1][safepoint    ] Total time for which application threads were stopped: 0.0005780 seconds, Stopping threads took: 0.0002774 seconds
[2019-10-14T07:32:37.296+0000][1][safepoint    ] Application time: 0.0000330 seconds
[2019-10-14T07:32:37.296+0000][1][safepoint    ] Entering safepoint region: RevokeBias
[2019-10-14T07:32:37.296+0000][1][safepoint    ] Leaving safepoint region
[2019-10-14T07:32:37.297+0000][1][safepoint    ] Total time for which application threads were stopped: 0.0006784 seconds, Stopping threads took: 0.0003360 seconds
[2019-10-14T07:32:37.297+0000][1][safepoint    ] Application time: 0.0000544 seconds
[2019-10-14T07:32:37.297+0000][1][safepoint    ] Entering safepoint region: RevokeBias
[2019-10-14T07:32:37.297+0000][1][safepoint    ] Leaving safepoint region
[2019-10-14T07:32:37.298+0000][1][safepoint    ] Total time for which application threads were stopped: 0.0005507 seconds, Stopping threads took: 0.0002082 seconds
[2019-10-14T07:32:37.298+0000][1][safepoint    ] Application time: 0.0000541 seconds
[2019-10-14T07:32:37.298+0000][1][safepoint    ] Entering safepoint region: RevokeBias
[2019-10-14T07:32:37.299+0000][1][safepoint    ] Leaving safepoint region
[2019-10-14T07:32:37.299+0000][1][safepoint    ] Total time for which application threads were stopped: 0.0007125 seconds, Stopping threads took: 0.0003431 seconds
[2019-10-14T07:32:37.299+0000][1][safepoint    ] Application time: 0.0000472 seconds
[2019-10-14T07:32:37.300+0000][1][safepoint    ] Entering safepoint region: RevokeBias
[2019-10-14T07:32:37.300+0000][1][safepoint    ] Leaving safepoint region
[2019-10-14T07:32:37.300+0000][1][safepoint    ] Total time for which application threads were stopped: 0.0006902 seconds, Stopping threads took: 0.0002247 seconds
[2019-10-14T07:32:37.301+0000][1][safepoint    ] Application time: 0.0000372 seconds
[2019-10-14T07:32:37.301+0000][1][safepoint    ] Entering safepoint region: RevokeBias
[2019-10-14T07:32:37.302+0000][1][safepoint    ] Leaving safepoint region
[2019-10-14T07:32:37.302+0000][1][safepoint    ] Total time for which application threads were stopped: 0.0005562 seconds, Stopping threads took: 0.0002844 seconds
[2019-10-14T07:32:37.302+0000][1][safepoint    ] Application time: 0.0000794 seconds
[2019-10-14T07:32:37.303+0000][1][safepoint    ] Entering safepoint region: RevokeBias
[2019-10-14T07:32:37.304+0000][1][safepoint    ] Leaving safepoint region
[2019-10-14T07:32:37.304+0000][1][safepoint    ] Total time for which application threads were stopped: 0.0016656 seconds, Stopping threads took: 0.0012366 seconds
[2019-10-14T07:32:37.304+0000][1][safepoint    ] Application time: 0.0000437 seconds
[2019-10-14T07:32:37.305+0000][1][safepoint    ] Entering safepoint region: RevokeBias
[2019-10-14T07:32:37.305+0000][1][safepoint    ] Leaving safepoint region
[2019-10-14T07:32:37.305+0000][1][safepoint    ] Total time for which application threads were stopped: 0.0006104 seconds, Stopping threads took: 0.0002714 seconds
[2019-10-14T07:32:37.306+0000][1][safepoint    ] Application time: 0.0000527 seconds
[2019-10-14T07:32:37.306+0000][1][safepoint    ] Entering safepoint region: RevokeBias
[2019-10-14T07:32:37.306+0000][1][safepoint    ] Leaving safepoint region
[2019-10-14T07:32:37.306+0000][1][safepoint    ] Total time for which application threads were stopped: 0.0004809 seconds, Stopping threads took: 0.0002086 seconds
[2019-10-14T07:32:37.307+0000][1][safepoint    ] Application time: 0.0001098 seconds
[2019-10-14T07:32:37.307+0000][1][safepoint    ] Entering safepoint region: RevokeBias
[2019-10-14T07:32:37.307+0000][1][safepoint    ] Leaving safepoint region
[2019-10-14T07:32:37.308+0000][1][safepoint    ] Total time for which application threads were stopped: 0.0006073 seconds, Stopping threads took: 0.0002094 seconds
[2019-10-14T07:32:37.308+0000][1][safepoint    ] Application time: 0.0000565 seconds
[2019-10-14T07:32:37.308+0000][1][safepoint    ] Entering safepoint region: RevokeBias
[2019-10-14T07:32:37.309+0000][1][safepoint    ] Leaving safepoint region
[2019-10-14T07:32:37.309+0000][1][safepoint    ] Total time for which application threads were stopped: 0.0005198 seconds, Stopping threads took: 0.0002104 seconds
[2019-10-14T07:32:37.309+0000][1][safepoint    ] Application time: 0.0000572 seconds
[2019-10-14T07:32:37.309+0000][1][safepoint    ] Entering safepoint region: RevokeBias
[2019-10-14T07:32:37.310+0000][1][safepoint    ] Leaving safepoint region
[2019-10-14T07:32:37.310+0000][1][safepoint    ] Total time for which application threads were stopped: 0.0006346 seconds, Stopping threads took: 0.0003222 seconds
[2019-10-14T07:32:37.310+0000][1][safepoint    ] Application time: 0.0000485 seconds
[2019-10-14T07:32:37.311+0000][1][safepoint    ] Entering safepoint region: BulkRevokeBias
[2019-10-14T07:32:37.311+0000][1][safepoint    ] Leaving safepoint region
[2019-10-14T07:32:37.311+0000][1][safepoint    ] Total time for which application threads were stopped: 0.0006157 seconds, Stopping threads took: 0.0002865 seconds
[2019-10-14T07:32:37.315+0000][1][safepoint    ] Application time: 0.0034661 seconds
[2019-10-14T07:32:37.316+0000][1][safepoint    ] Entering safepoint region: RevokeBias
[2019-10-14T07:32:37.316+0000][1][safepoint    ] Leaving safepoint region
[2019-10-14T07:32:37.316+0000][1][safepoint    ] Total time for which application threads were stopped: 0.0006827 seconds, Stopping threads took: 0.0003555 seconds
[2019-10-14T07:32:37.317+0000][1][safepoint    ] Application time: 0.0001208 seconds
[2019-10-14T07:32:37.317+0000][1][safepoint    ] Entering safepoint region: RevokeBias
[2019-10-14T07:32:37.317+0000][1][safepoint    ] Leaving safepoint region
[2019-10-14T07:32:37.318+0000][1][safepoint    ] Total time for which application threads were stopped: 0.0005939 seconds, Stopping threads took: 0.0002397 seconds
[2019-10-14T07:32:37.326+0000][1][safepoint    ] Application time: 0.0079777 seconds
[2019-10-14T07:32:37.329+0000][1][safepoint    ] Entering safepoint region: RevokeBias
[2019-10-14T07:32:37.329+0000][1][safepoint    ] Leaving safepoint region
[2019-10-14T07:32:37.330+0000][1][safepoint    ] Total time for which application threads were stopped: 0.0034191 seconds, Stopping threads took: 0.0031025 seconds
[2019-10-14T07:32:37.330+0000][1][safepoint    ] Application time: 0.0000848 seconds
[2019-10-14T07:32:37.331+0000][1][safepoint    ] Entering safepoint region: RevokeBias
[2019-10-14T07:32:37.331+0000][1][safepoint    ] Leaving safepoint region
[2019-10-14T07:32:37.331+0000][1][safepoint    ] Total time for which application threads were stopped: 0.0006223 seconds, Stopping threads took: 0.0003734 seconds
[2019-10-14T07:32:37.331+0000][1][safepoint    ] Application time: 0.0000537 seconds
[2019-10-14T07:32:37.332+0000][1][safepoint    ] Entering safepoint region: RevokeBias
[2019-10-14T07:32:37.332+0000][1][safepoint    ] Leaving safepoint region
[2019-10-14T07:32:37.332+0000][1][safepoint    ] Total time for which application threads were stopped: 0.0006959 seconds, Stopping threads took: 0.0004061 seconds
[2019-10-14T07:32:37.333+0000][1][safepoint    ] Application time: 0.0000541 seconds
[2019-10-14T07:32:37.333+0000][1][safepoint    ] Entering safepoint region: RevokeBias
[2019-10-14T07:32:37.333+0000][1][safepoint    ] Leaving safepoint region
[2019-10-14T07:32:37.334+0000][1][safepoint    ] Total time for which application threads were stopped: 0.0006665 seconds, Stopping threads took: 0.0003396 seconds
[2019-10-14T07:32:37.334+0000][1][safepoint    ] Application time: 0.0002540 seconds
[2019-10-14T07:32:37.334+0000][1][safepoint    ] Entering safepoint region: RevokeBias
[2019-10-14T07:32:37.335+0000][1][safepoint    ] Leaving safepoint region
[2019-10-14T07:32:37.335+0000][1][safepoint    ] Total time for which application threads were stopped: 0.0009763 seconds, Stopping threads took: 0.0002606 seconds
[2019-10-14T07:32:37.336+0000][1][safepoint    ] Application time: 0.0004667 seconds
[2019-10-14T07:32:37.337+0000][1][safepoint    ] Entering safepoint region: RevokeBias
[2019-10-14T07:32:37.338+0000][1][safepoint    ] Leaving safepoint region
[2019-10-14T07:32:37.338+0000][1][safepoint    ] Total time for which application threads were stopped: 0.0008657 seconds, Stopping threads took: 0.0003839 seconds
[2019-10-14T07:32:37.339+0000][1][safepoint    ] Application time: 0.0004432 seconds
[2019-10-14T07:32:37.339+0000][1][safepoint    ] Entering safepoint region: RevokeBias
[2019-10-14T07:32:37.339+0000][1][safepoint    ] Leaving safepoint region
[2019-10-14T07:32:37.339+0000][1][safepoint    ] Total time for which application threads were stopped: 0.0005260 seconds, Stopping threads took: 0.0002477 seconds
[2019-10-14T07:32:37.340+0000][1][safepoint    ] Application time: 0.0001600 seconds
[2019-10-14T07:32:37.340+0000][1][safepoint    ] Entering safepoint region: RevokeBias
[2019-10-14T07:32:37.341+0000][1][safepoint    ] Leaving safepoint region
[2019-10-14T07:32:37.341+0000][1][safepoint    ] Total time for which application threads were stopped: 0.0008059 seconds, Stopping threads took: 0.0004069 seconds
[2019-10-14T07:32:37.342+0000][1][safepoint    ] Application time: 0.0003210 seconds
[2019-10-14T07:32:37.342+0000][1][safepoint    ] Entering safepoint region: RevokeBias
[2019-10-14T07:32:37.342+0000][1][safepoint    ] Leaving safepoint region
[2019-10-14T07:32:37.343+0000][1][safepoint    ] Total time for which application threads were stopped: 0.0005946 seconds, Stopping threads took: 0.0002725 seconds
[2019-10-14T07:32:37.343+0000][1][safepoint    ] Application time: 0.0003039 seconds
[2019-10-14T07:32:37.343+0000][1][safepoint    ] Entering safepoint region: RevokeBias
[2019-10-14T07:32:37.344+0000][1][safepoint    ] Leaving safepoint region
[2019-10-14T07:32:37.344+0000][1][safepoint    ] Total time for which application threads were stopped: 0.0006104 seconds, Stopping threads took: 0.0002903 seconds
[2019-10-14T07:32:37.345+0000][1][safepoint    ] Application time: 0.0001596 seconds
[2019-10-14T07:32:37.345+0000][1][safepoint    ] Entering safepoint region: RevokeBias
[2019-10-14T07:32:37.345+0000][1][safepoint    ] Leaving safepoint region
[2019-10-14T07:32:37.346+0000][1][safepoint    ] Total time for which application threads were stopped: 0.0008130 seconds, Stopping threads took: 0.0004952 seconds
[2019-10-14T07:32:37.356+0000][1][safepoint    ] Application time: 0.0096438 seconds
[2019-10-14T07:32:37.359+0000][1][safepoint    ] Entering safepoint region: RevokeBias
[2019-10-14T07:32:37.360+0000][1][safepoint    ] Leaving safepoint region
[2019-10-14T07:32:37.360+0000][1][safepoint    ] Total time for which application threads were stopped: 0.0039767 seconds, Stopping threads took: 0.0036304 seconds
[2019-10-14T07:32:37.361+0000][1][safepoint    ] Application time: 0.0003380 seconds
[2019-10-14T07:32:37.361+0000][1][safepoint    ] Entering safepoint region: RevokeBias
[2019-10-14T07:32:37.361+0000][1][safepoint    ] Leaving safepoint region
[2019-10-14T07:32:37.362+0000][1][safepoint    ] Total time for which application threads were stopped: 0.0005960 seconds, Stopping threads took: 0.0002918 seconds
[2019-10-14T07:32:37.362+0000][1][safepoint    ] Application time: 0.0003605 seconds
[2019-10-14T07:32:37.362+0000][1][safepoint    ] Entering safepoint region: RevokeBias
[2019-10-14T07:32:37.363+0000][1][safepoint    ] Leaving safepoint region
[2019-10-14T07:32:37.363+0000][1][safepoint    ] Total time for which application threads were stopped: 0.0007952 seconds, Stopping threads took: 0.0003128 seconds
[2019-10-14T07:32:37.365+0000][1][safepoint    ] Application time: 0.0016426 seconds
[2019-10-14T07:32:37.366+0000][1][safepoint    ] Entering safepoint region: RevokeBias
[2019-10-14T07:32:37.366+0000][1][safepoint    ] Leaving safepoint region
[2019-10-14T07:32:37.366+0000][1][safepoint    ] Total time for which application threads were stopped: 0.0007284 seconds, Stopping threads took: 0.0002567 seconds
[2019-10-14T07:32:37.367+0000][1][safepoint    ] Application time: 0.0002521 seconds
[2019-10-14T07:32:37.367+0000][1][safepoint    ] Entering safepoint region: RevokeBias
[2019-10-14T07:32:37.367+0000][1][safepoint    ] Leaving safepoint region
[2019-10-14T07:32:37.368+0000][1][safepoint    ] Total time for which application threads were stopped: 0.0005905 seconds, Stopping threads took: 0.0002820 seconds
[2019-10-14T07:32:37.368+0000][1][safepoint    ] Application time: 0.0000476 seconds
[2019-10-14T07:32:37.369+0000][1][safepoint    ] Entering safepoint region: RevokeBias
[2019-10-14T07:32:37.370+0000][1][safepoint    ] Leaving safepoint region
[2019-10-14T07:32:37.371+0000][1][safepoint    ] Total time for which application threads were stopped: 0.0022290 seconds, Stopping threads took: 0.0011534 seconds
[2019-10-14T07:32:37.373+0000][1][safepoint    ] Application time: 0.0023249 seconds
[2019-10-14T07:32:37.374+0000][1][safepoint    ] Entering safepoint region: RevokeBias
[2019-10-14T07:32:37.374+0000][1][safepoint    ] Leaving safepoint region
[2019-10-14T07:32:37.374+0000][1][safepoint    ] Total time for which application threads were stopped: 0.0006962 seconds, Stopping threads took: 0.0003718 seconds
[2019-10-14T07:32:37.375+0000][1][safepoint    ] Application time: 0.0000443 seconds
[2019-10-14T07:32:37.375+0000][1][safepoint    ] Entering safepoint region: RevokeBias
[2019-10-14T07:32:37.375+0000][1][safepoint    ] Leaving safepoint region
[2019-10-14T07:32:37.376+0000][1][safepoint    ] Total time for which application threads were stopped: 0.0009389 seconds, Stopping threads took: 0.0002584 seconds
[2019-10-14T07:32:37.377+0000][1][safepoint    ] Application time: 0.0002198 seconds
[2019-10-14T07:32:37.377+0000][1][safepoint    ] Entering safepoint region: RevokeBias
[2019-10-14T07:32:37.377+0000][1][safepoint    ] Leaving safepoint region
[2019-10-14T07:32:37.378+0000][1][safepoint    ] Total time for which application threads were stopped: 0.0005920 seconds, Stopping threads took: 0.0003221 seconds
[2019-10-14T07:32:37.942+0000][1][safepoint    ] Application time: 0.5644738 seconds
[2019-10-14T07:32:37.943+0000][1][safepoint    ] Entering safepoint region: GenCollectForAllocation
[2019-10-14T07:32:37.943+0000][1][gc,start     ] GC(20) Pause Young (Allocation Failure)
[2019-10-14T07:32:37.944+0000][1][gc,task      ] GC(20) Using 2 workers of 2 for evacuation
[2019-10-14T07:32:37.965+0000][1][gc,age       ] GC(20) Desired survivor size 4456448 bytes, new threshold 6 (max threshold 6)
[2019-10-14T07:32:37.966+0000][1][gc,age       ] GC(20) Age table with threshold 6 (max threshold 6)
[2019-10-14T07:32:37.966+0000][1][gc,age       ] GC(20) - age   1:    1387072 bytes,    1387072 total
[2019-10-14T07:32:37.966+0000][1][gc,age       ] GC(20) - age   2:    2991688 bytes,    4378760 total
[2019-10-14T07:32:37.966+0000][1][gc,heap      ] GC(20) ParNew: 78656K->5776K(78656K)
[2019-10-14T07:32:37.967+0000][1][gc,heap      ] GC(20) CMS: 55314K->59139K(174784K)
[2019-10-14T07:32:37.967+0000][1][gc,metaspace ] GC(20) Metaspace: 52206K->52206K(1097728K)
[2019-10-14T07:32:37.967+0000][1][gc           ] GC(20) Pause Young (Allocation Failure) 130M->63M(247M) 24.182ms
[2019-10-14T07:32:37.968+0000][1][gc,cpu       ] GC(20) User=0.05s Sys=0.00s Real=0.03s
[2019-10-14T07:32:37.968+0000][1][safepoint    ] Leaving safepoint region
[2019-10-14T07:32:37.968+0000][1][safepoint    ] Total time for which application threads were stopped: 0.0253030 seconds, Stopping threads took: 0.0002822 seconds
[2019-10-14T07:32:38.030+0000][1][safepoint    ] Application time: 0.0612952 seconds
[2019-10-14T07:32:38.031+0000][1][safepoint    ] Entering safepoint region: RevokeBias
[2019-10-14T07:32:38.031+0000][1][safepoint    ] Leaving safepoint region
[2019-10-14T07:32:38.031+0000][1][safepoint    ] Total time for which application threads were stopped: 0.0007742 seconds, Stopping threads took: 0.0002954 seconds
[2019-10-14T07:32:38.032+0000][1][safepoint    ] Application time: 0.0000572 seconds
[2019-10-14T07:32:38.032+0000][1][safepoint    ] Entering safepoint region: RevokeBias
[2019-10-14T07:32:38.032+0000][1][safepoint    ] Leaving safepoint region
[2019-10-14T07:32:38.033+0000][1][safepoint    ] Total time for which application threads were stopped: 0.0006290 seconds, Stopping threads took: 0.0003220 seconds
[2019-10-14T07:32:38.033+0000][1][safepoint    ] Application time: 0.0005643 seconds
[2019-10-14T07:32:38.034+0000][1][safepoint    ] Entering safepoint region: BulkRevokeBias
[2019-10-14T07:32:38.034+0000][1][safepoint    ] Leaving safepoint region
[2019-10-14T07:32:38.035+0000][1][safepoint    ] Total time for which application threads were stopped: 0.0010466 seconds, Stopping threads took: 0.0005260 seconds
[2019-10-14T07:32:38.036+0000][1][safepoint    ] Application time: 0.0006118 seconds
[2019-10-14T07:32:38.038+0000][1][safepoint    ] Entering safepoint region: RevokeBias
[2019-10-14T07:32:38.039+0000][1][safepoint    ] Leaving safepoint region
[2019-10-14T07:32:38.039+0000][1][safepoint    ] Total time for which application threads were stopped: 0.0025115 seconds, Stopping threads took: 0.0021546 seconds
[2019-10-14T07:32:38.162+0000][1][safepoint    ] Application time: 0.1223615 seconds
[2019-10-14T07:32:38.162+0000][1][safepoint    ] Entering safepoint region: Deoptimize
[2019-10-14T07:32:38.163+0000][1][safepoint    ] Leaving safepoint region
[2019-10-14T07:32:38.163+0000][1][safepoint    ] Total time for which application threads were stopped: 0.0012425 seconds, Stopping threads took: 0.0003319 seconds
[2019-10-14T07:32:38.512+0000][1][safepoint    ] Application time: 0.3485045 seconds
[2019-10-14T07:32:38.513+0000][1][safepoint    ] Entering safepoint region: RevokeBias
[2019-10-14T07:32:38.514+0000][1][safepoint    ] Leaving safepoint region
[2019-10-14T07:32:38.514+0000][1][safepoint    ] Total time for which application threads were stopped: 0.0010606 seconds, Stopping threads took: 0.0002358 seconds
[2019-10-14T07:32:38.595+0000][1][safepoint    ] Application time: 0.0809392 seconds
[2019-10-14T07:32:38.595+0000][1][safepoint    ] Entering safepoint region: Deoptimize
[2019-10-14T07:32:38.596+0000][1][safepoint    ] Leaving safepoint region
[2019-10-14T07:32:38.597+0000][1][safepoint    ] Total time for which application threads were stopped: 0.0011629 seconds, Stopping threads took: 0.0002666 seconds
[2019-10-14T07:32:38.650+0000][1][safepoint    ] Application time: 0.0535916 seconds
[2019-10-14T07:32:38.651+0000][1][safepoint    ] Entering safepoint region: RevokeBias
[2019-10-14T07:32:38.651+0000][1][safepoint    ] Leaving safepoint region
[2019-10-14T07:32:38.652+0000][1][safepoint    ] Total time for which application threads were stopped: 0.0007888 seconds, Stopping threads took: 0.0002512 seconds
[2019-10-14T07:32:38.659+0000][1][safepoint    ] Application time: 0.0069758 seconds
[2019-10-14T07:32:38.659+0000][1][safepoint    ] Entering safepoint region: RevokeBias
[2019-10-14T07:32:38.660+0000][1][safepoint    ] Leaving safepoint region
[2019-10-14T07:32:38.660+0000][1][safepoint    ] Total time for which application threads were stopped: 0.0008951 seconds, Stopping threads took: 0.0003948 seconds
[2019-10-14T07:32:38.661+0000][1][safepoint    ] Application time: 0.0003886 seconds
[2019-10-14T07:32:38.661+0000][1][safepoint    ] Entering safepoint region: RevokeBias
[2019-10-14T07:32:38.662+0000][1][safepoint    ] Leaving safepoint region
[2019-10-14T07:32:38.662+0000][1][safepoint    ] Total time for which application threads were stopped: 0.0007150 seconds, Stopping threads took: 0.0003028 seconds
[2019-10-14T07:32:38.666+0000][1][safepoint    ] Application time: 0.0036587 seconds
[2019-10-14T07:32:38.666+0000][1][safepoint    ] Entering safepoint region: RevokeBias
[2019-10-14T07:32:38.667+0000][1][safepoint    ] Leaving safepoint region
[2019-10-14T07:32:38.667+0000][1][safepoint    ] Total time for which application threads were stopped: 0.0005631 seconds, Stopping threads took: 0.0002499 seconds
[2019-10-14T07:32:39.045+0000][1][safepoint    ] Application time: 0.3780484 seconds
[2019-10-14T07:32:39.046+0000][1][safepoint    ] Entering safepoint region: RevokeBias
[2019-10-14T07:32:39.047+0000][1][safepoint    ] Leaving safepoint region
[2019-10-14T07:32:39.047+0000][1][safepoint    ] Total time for which application threads were stopped: 0.0015694 seconds, Stopping threads took: 0.0003171 seconds
[2019-10-14T07:32:39.048+0000][1][safepoint    ] Application time: 0.0001230 seconds
[2019-10-14T07:32:39.048+0000][1][safepoint    ] Entering safepoint region: RevokeBias
[2019-10-14T07:32:39.048+0000][1][safepoint    ] Leaving safepoint region
[2019-10-14T07:32:39.049+0000][1][safepoint    ] Total time for which application threads were stopped: 0.0006749 seconds, Stopping threads took: 0.0003214 seconds
[2019-10-14T07:32:39.049+0000][1][safepoint    ] Application time: 0.0000929 seconds
[2019-10-14T07:32:39.049+0000][1][safepoint    ] Entering safepoint region: RevokeBias
[2019-10-14T07:32:39.050+0000][1][safepoint    ] Leaving safepoint region
[2019-10-14T07:32:39.050+0000][1][safepoint    ] Total time for which application threads were stopped: 0.0007651 seconds, Stopping threads took: 0.0004217 seconds
[2019-10-14T07:32:39.069+0000][1][safepoint    ] Application time: 0.0181700 seconds
[2019-10-14T07:32:39.069+0000][1][safepoint    ] Entering safepoint region: Deoptimize
[2019-10-14T07:32:39.070+0000][1][safepoint    ] Leaving safepoint region
[2019-10-14T07:32:39.071+0000][1][safepoint    ] Total time for which application threads were stopped: 0.0022301 seconds, Stopping threads took: 0.0003018 seconds
[2019-10-14T07:32:39.260+0000][1][safepoint    ] Application time: 0.1885075 seconds
[2019-10-14T07:32:39.261+0000][1][safepoint    ] Entering safepoint region: RevokeBias
[2019-10-14T07:32:39.261+0000][1][safepoint    ] Leaving safepoint region
[2019-10-14T07:32:39.261+0000][1][safepoint    ] Total time for which application threads were stopped: 0.0007154 seconds, Stopping threads took: 0.0003142 seconds
[2019-10-14T07:32:39.324+0000][1][safepoint    ] Application time: 0.0622483 seconds
[2019-10-14T07:32:39.324+0000][1][safepoint    ] Entering safepoint region: RevokeBias
[2019-10-14T07:32:39.325+0000][1][safepoint    ] Leaving safepoint region
[2019-10-14T07:32:39.325+0000][1][safepoint    ] Total time for which application threads were stopped: 0.0007858 seconds, Stopping threads took: 0.0002835 seconds
[2019-10-14T07:32:39.326+0000][1][safepoint    ] Application time: 0.0002263 seconds
[2019-10-14T07:32:39.326+0000][1][safepoint    ] Entering safepoint region: RevokeBias
[2019-10-14T07:32:39.326+0000][1][safepoint    ] Leaving safepoint region
[2019-10-14T07:32:39.326+0000][1][safepoint    ] Total time for which application threads were stopped: 0.0005186 seconds, Stopping threads took: 0.0002231 seconds
[2019-10-14T07:32:39.327+0000][1][safepoint    ] Application time: 0.0000331 seconds
[2019-10-14T07:32:39.327+0000][1][safepoint    ] Entering safepoint region: RevokeBias
[2019-10-14T07:32:39.327+0000][1][safepoint    ] Leaving safepoint region
[2019-10-14T07:32:39.328+0000][1][safepoint    ] Total time for which application threads were stopped: 0.0005480 seconds, Stopping threads took: 0.0002358 seconds
[2019-10-14T07:32:39.328+0000][1][safepoint    ] Application time: 0.0000851 seconds
[2019-10-14T07:32:39.329+0000][1][safepoint    ] Entering safepoint region: RevokeBias
[2019-10-14T07:32:39.329+0000][1][safepoint    ] Leaving safepoint region
[2019-10-14T07:32:39.330+0000][1][safepoint    ] Total time for which application threads were stopped: 0.0009910 seconds, Stopping threads took: 0.0005032 seconds
[2019-10-14T07:32:39.330+0000][1][safepoint    ] Application time: 0.0000407 seconds
[2019-10-14T07:32:39.330+0000][1][safepoint    ] Entering safepoint region: RevokeBias
[2019-10-14T07:32:39.331+0000][1][safepoint    ] Leaving safepoint region
[2019-10-14T07:32:39.331+0000][1][safepoint    ] Total time for which application threads were stopped: 0.0005183 seconds, Stopping threads took: 0.0002397 seconds
[2019-10-14T07:32:39.331+0000][1][safepoint    ] Application time: 0.0000363 seconds
[2019-10-14T07:32:39.331+0000][1][safepoint    ] Entering safepoint region: RevokeBias
[2019-10-14T07:32:39.332+0000][1][safepoint    ] Leaving safepoint region
[2019-10-14T07:32:39.332+0000][1][safepoint    ] Total time for which application threads were stopped: 0.0004212 seconds, Stopping threads took: 0.0002120 seconds
[2019-10-14T07:32:39.340+0000][1][safepoint    ] Application time: 0.0082516 seconds
[2019-10-14T07:32:39.341+0000][1][safepoint    ] Entering safepoint region: GenCollectForAllocation
[2019-10-14T07:32:39.341+0000][1][gc,start     ] GC(21) Pause Young (Allocation Failure)
[2019-10-14T07:32:39.341+0000][1][gc,task      ] GC(21) Using 2 workers of 2 for evacuation
[2019-10-14T07:32:39.355+0000][1][gc,age       ] GC(21) Desired survivor size 4456448 bytes, new threshold 2 (max threshold 6)
[2019-10-14T07:32:39.356+0000][1][gc,age       ] GC(21) Age table with threshold 2 (max threshold 6)
[2019-10-14T07:32:39.356+0000][1][gc,age       ] GC(21) - age   1:    3560784 bytes,    3560784 total
[2019-10-14T07:32:39.356+0000][1][gc,age       ] GC(21) - age   2:    1181560 bytes,    4742344 total
[2019-10-14T07:32:39.356+0000][1][gc,age       ] GC(21) - age   3:    2980752 bytes,    7723096 total
[2019-10-14T07:32:39.357+0000][1][gc,heap      ] GC(21) ParNew: 75728K->8704K(78656K)
[2019-10-14T07:32:39.357+0000][1][gc,heap      ] GC(21) CMS: 59139K->59139K(174784K)
[2019-10-14T07:32:39.357+0000][1][gc,metaspace ] GC(21) Metaspace: 59730K->59730K(1103872K)
[2019-10-14T07:32:39.358+0000][1][gc           ] GC(21) Pause Young (Allocation Failure) 131M->66M(247M) 16.765ms
[2019-10-14T07:32:39.358+0000][1][gc,cpu       ] GC(21) User=0.03s Sys=0.00s Real=0.02s
[2019-10-14T07:32:39.358+0000][1][safepoint    ] Leaving safepoint region
[2019-10-14T07:32:39.359+0000][1][safepoint    ] Total time for which application threads were stopped: 0.0181065 seconds, Stopping threads took: 0.0002344 seconds
[2019-10-14T07:32:39.690+0000][1][safepoint    ] Application time: 0.3305270 seconds
[2019-10-14T07:32:39.690+0000][1][safepoint    ] Entering safepoint region: RevokeBias
[2019-10-14T07:32:39.690+0000][1][safepoint    ] Leaving safepoint region
[2019-10-14T07:32:39.691+0000][1][safepoint    ] Total time for which application threads were stopped: 0.0013070 seconds, Stopping threads took: 0.0002828 seconds
[2019-10-14T07:32:39.802+0000][1][safepoint    ] Application time: 0.1109870 seconds
[2019-10-14T07:32:39.803+0000][1][safepoint    ] Entering safepoint region: Deoptimize
[2019-10-14T07:32:39.804+0000][1][safepoint    ] Leaving safepoint region
[2019-10-14T07:32:39.804+0000][1][safepoint    ] Total time for which application threads were stopped: 0.0011226 seconds, Stopping threads took: 0.0002810 seconds
[2019-10-14T07:32:39.816+0000][1][safepoint    ] Application time: 0.0111613 seconds
[2019-10-14T07:32:39.817+0000][1][safepoint    ] Entering safepoint region: RevokeBias
[2019-10-14T07:32:39.817+0000][1][safepoint    ] Leaving safepoint region
[2019-10-14T07:32:39.817+0000][1][safepoint    ] Total time for which application threads were stopped: 0.0008390 seconds, Stopping threads took: 0.0003950 seconds
[2019-10-14T07:32:39.818+0000][1][safepoint    ] Application time: 0.0003895 seconds
[2019-10-14T07:32:39.819+0000][1][safepoint    ] Entering safepoint region: BulkRevokeBias
[2019-10-14T07:32:39.819+0000][1][safepoint    ] Leaving safepoint region
[2019-10-14T07:32:39.819+0000][1][safepoint    ] Total time for which application threads were stopped: 0.0006496 seconds, Stopping threads took: 0.0002875 seconds
[2019-10-14T07:32:39.821+0000][1][safepoint    ] Application time: 0.0012789 seconds
[2019-10-14T07:32:39.821+0000][1][safepoint    ] Entering safepoint region: RevokeBias
[2019-10-14T07:32:39.823+0000][1][safepoint    ] Leaving safepoint region
[2019-10-14T07:32:39.824+0000][1][safepoint    ] Total time for which application threads were stopped: 0.0021990 seconds, Stopping threads took: 0.0012106 seconds
[2019-10-14T07:32:39.824+0000][1][safepoint    ] Application time: 0.0002563 seconds
[2019-10-14T07:32:39.825+0000][1][safepoint    ] Entering safepoint region: RevokeBias
[2019-10-14T07:32:39.825+0000][1][safepoint    ] Leaving safepoint region
[2019-10-14T07:32:39.825+0000][1][safepoint    ] Total time for which application threads were stopped: 0.0007825 seconds, Stopping threads took: 0.0003168 seconds
[2019-10-14T07:32:39.826+0000][1][safepoint    ] Application time: 0.0004259 seconds
[2019-10-14T07:32:39.826+0000][1][safepoint    ] Entering safepoint region: RevokeBias
[2019-10-14T07:32:39.827+0000][1][safepoint    ] Leaving safepoint region
[2019-10-14T07:32:39.827+0000][1][safepoint    ] Total time for which application threads were stopped: 0.0007862 seconds, Stopping threads took: 0.0003879 seconds
[2019-10-14T07:32:39.828+0000][1][safepoint    ] Application time: 0.0000669 seconds
[2019-10-14T07:32:39.828+0000][1][safepoint    ] Entering safepoint region: RevokeBias
[2019-10-14T07:32:39.828+0000][1][safepoint    ] Leaving safepoint region
[2019-10-14T07:32:39.829+0000][1][safepoint    ] Total time for which application threads were stopped: 0.0008016 seconds, Stopping threads took: 0.0003861 seconds
[2019-10-14T07:32:39.829+0000][1][safepoint    ] Application time: 0.0001983 seconds
[2019-10-14T07:32:39.830+0000][1][safepoint    ] Entering safepoint region: RevokeBias
[2019-10-14T07:32:39.830+0000][1][safepoint    ] Leaving safepoint region
[2019-10-14T07:32:39.831+0000][1][safepoint    ] Total time for which application threads were stopped: 0.0006413 seconds, Stopping threads took: 0.0003032 seconds
[2019-10-14T07:32:39.831+0000][1][safepoint    ] Application time: 0.0000645 seconds
[2019-10-14T07:32:39.831+0000][1][safepoint    ] Entering safepoint region: RevokeBias
[2019-10-14T07:32:39.832+0000][1][safepoint    ] Leaving safepoint region
[2019-10-14T07:32:39.832+0000][1][safepoint    ] Total time for which application threads were stopped: 0.0006516 seconds, Stopping threads took: 0.0003502 seconds
[2019-10-14T07:32:39.832+0000][1][safepoint    ] Application time: 0.0003780 seconds
[2019-10-14T07:32:39.833+0000][1][safepoint    ] Entering safepoint region: RevokeBias
[2019-10-14T07:32:39.833+0000][1][safepoint    ] Leaving safepoint region
[2019-10-14T07:32:39.833+0000][1][safepoint    ] Total time for which application threads were stopped: 0.0005840 seconds, Stopping threads took: 0.0002799 seconds
[2019-10-14T07:32:39.834+0000][1][safepoint    ] Application time: 0.0003568 seconds
[2019-10-14T07:32:39.834+0000][1][safepoint    ] Entering safepoint region: RevokeBias
[2019-10-14T07:32:39.835+0000][1][safepoint    ] Leaving safepoint region
[2019-10-14T07:32:39.835+0000][1][safepoint    ] Total time for which application threads were stopped: 0.0005772 seconds, Stopping threads took: 0.0002695 seconds
[2019-10-14T07:32:39.836+0000][1][safepoint    ] Application time: 0.0003100 seconds
[2019-10-14T07:32:39.836+0000][1][safepoint    ] Entering safepoint region: RevokeBias
[2019-10-14T07:32:39.837+0000][1][safepoint    ] Leaving safepoint region
[2019-10-14T07:32:39.837+0000][1][safepoint    ] Total time for which application threads were stopped: 0.0011536 seconds, Stopping threads took: 0.0004347 seconds
[2019-10-14T07:32:39.838+0000][1][safepoint    ] Application time: 0.0005091 seconds
[2019-10-14T07:32:39.840+0000][1][safepoint    ] Entering safepoint region: RevokeBias
[2019-10-14T07:32:39.840+0000][1][safepoint    ] Leaving safepoint region
[2019-10-14T07:32:39.841+0000][1][safepoint    ] Total time for which application threads were stopped: 0.0013264 seconds, Stopping threads took: 0.0004380 seconds
[2019-10-14T07:32:39.842+0000][1][safepoint    ] Application time: 0.0004758 seconds
[2019-10-14T07:32:39.842+0000][1][safepoint    ] Entering safepoint region: RevokeBias
[2019-10-14T07:32:39.843+0000][1][safepoint    ] Leaving safepoint region
[2019-10-14T07:32:39.843+0000][1][safepoint    ] Total time for which application threads were stopped: 0.0006788 seconds, Stopping threads took: 0.0002638 seconds
[2019-10-14T07:32:39.844+0000][1][safepoint    ] Application time: 0.0002580 seconds
[2019-10-14T07:32:39.844+0000][1][safepoint    ] Entering safepoint region: RevokeBias
[2019-10-14T07:32:39.844+0000][1][safepoint    ] Leaving safepoint region
[2019-10-14T07:32:39.845+0000][1][safepoint    ] Total time for which application threads were stopped: 0.0008321 seconds, Stopping threads took: 0.0003151 seconds
[2019-10-14T07:32:39.845+0000][1][safepoint    ] Application time: 0.0000863 seconds
[2019-10-14T07:32:39.846+0000][1][safepoint    ] Entering safepoint region: RevokeBias
[2019-10-14T07:32:39.847+0000][1][safepoint    ] Leaving safepoint region
[2019-10-14T07:32:39.847+0000][1][safepoint    ] Total time for which application threads were stopped: 0.0011180 seconds, Stopping threads took: 0.0006741 seconds
[2019-10-14T07:32:39.864+0000][1][safepoint    ] Application time: 0.0162467 seconds
[2019-10-14T07:32:39.864+0000][1][safepoint    ] Entering safepoint region: RevokeBias
[2019-10-14T07:32:39.864+0000][1][safepoint    ] Leaving safepoint region
[2019-10-14T07:32:39.865+0000][1][safepoint    ] Total time for which application threads were stopped: 0.0007327 seconds, Stopping threads took: 0.0003880 seconds
[2019-10-14T07:32:39.865+0000][1][safepoint    ] Application time: 0.0002467 seconds
[2019-10-14T07:32:39.866+0000][1][safepoint    ] Entering safepoint region: RevokeBias
[2019-10-14T07:32:39.866+0000][1][safepoint    ] Leaving safepoint region
[2019-10-14T07:32:39.867+0000][1][safepoint    ] Total time for which application threads were stopped: 0.0007961 seconds, Stopping threads took: 0.0004349 seconds
[2019-10-14T07:32:39.870+0000][1][safepoint    ] Application time: 0.0033363 seconds
[2019-10-14T07:32:39.871+0000][1][safepoint    ] Entering safepoint region: Deoptimize
[2019-10-14T07:32:39.873+0000][1][safepoint    ] Leaving safepoint region
[2019-10-14T07:32:39.874+0000][1][safepoint    ] Total time for which application threads were stopped: 0.0026796 seconds, Stopping threads took: 0.0008012 seconds
[2019-10-14T07:32:39.875+0000][1][safepoint    ] Application time: 0.0013126 seconds
[2019-10-14T07:32:39.876+0000][1][safepoint    ] Entering safepoint region: RevokeBias
[2019-10-14T07:32:39.876+0000][1][safepoint    ] Leaving safepoint region
[2019-10-14T07:32:39.877+0000][1][safepoint    ] Total time for which application threads were stopped: 0.0009290 seconds, Stopping threads took: 0.0004864 seconds
[2019-10-14T07:32:39.947+0000][1][safepoint    ] Application time: 0.0696529 seconds
[2019-10-14T07:32:39.947+0000][1][safepoint    ] Entering safepoint region: RevokeBias
[2019-10-14T07:32:39.947+0000][1][safepoint    ] Leaving safepoint region
[2019-10-14T07:32:39.948+0000][1][safepoint    ] Total time for which application threads were stopped: 0.0008048 seconds, Stopping threads took: 0.0003103 seconds
[2019-10-14T07:32:39.949+0000][1][safepoint    ] Application time: 0.0003707 seconds
[2019-10-14T07:32:39.949+0000][1][safepoint    ] Entering safepoint region: RevokeBias
[2019-10-14T07:32:39.949+0000][1][safepoint    ] Leaving safepoint region
[2019-10-14T07:32:39.950+0000][1][safepoint    ] Total time for which application threads were stopped: 0.0007861 seconds, Stopping threads took: 0.0004326 seconds
[2019-10-14T07:32:40.029+0000][1][safepoint    ] Application time: 0.0789313 seconds
[2019-10-14T07:32:40.029+0000][1][safepoint    ] Entering safepoint region: RevokeBias
[2019-10-14T07:32:40.030+0000][1][safepoint    ] Leaving safepoint region
[2019-10-14T07:32:40.030+0000][1][safepoint    ] Total time for which application threads were stopped: 0.0005252 seconds, Stopping threads took: 0.0002948 seconds
[2019-10-14T07:32:40.031+0000][1][safepoint    ] Application time: 0.0002733 seconds
[2019-10-14T07:32:40.031+0000][1][safepoint    ] Entering safepoint region: RevokeBias
[2019-10-14T07:32:40.031+0000][1][safepoint    ] Leaving safepoint region
[2019-10-14T07:32:40.031+0000][1][safepoint    ] Total time for which application threads were stopped: 0.0006560 seconds, Stopping threads took: 0.0003405 seconds
[2019-10-14T07:32:40.032+0000][1][safepoint    ] Application time: 0.0003199 seconds
[2019-10-14T07:32:40.032+0000][1][safepoint    ] Entering safepoint region: RevokeBias
[2019-10-14T07:32:40.033+0000][1][safepoint    ] Leaving safepoint region
[2019-10-14T07:32:40.033+0000][1][safepoint    ] Total time for which application threads were stopped: 0.0006940 seconds, Stopping threads took: 0.0004154 seconds
[2019-10-14T07:32:40.034+0000][1][safepoint    ] Application time: 0.0010290 seconds
[2019-10-14T07:32:40.035+0000][1][safepoint    ] Entering safepoint region: RevokeBias
[2019-10-14T07:32:40.035+0000][1][safepoint    ] Leaving safepoint region
[2019-10-14T07:32:40.035+0000][1][safepoint    ] Total time for which application threads were stopped: 0.0006149 seconds, Stopping threads took: 0.0003209 seconds
[2019-10-14T07:32:40.039+0000][1][safepoint    ] Application time: 0.0028032 seconds
[2019-10-14T07:32:40.039+0000][1][safepoint    ] Entering safepoint region: RevokeBias
[2019-10-14T07:32:40.040+0000][1][safepoint    ] Leaving safepoint region
[2019-10-14T07:32:40.040+0000][1][safepoint    ] Total time for which application threads were stopped: 0.0011844 seconds, Stopping threads took: 0.0006308 seconds
[2019-10-14T07:32:40.041+0000][1][safepoint    ] Application time: 0.0006158 seconds
[2019-10-14T07:32:40.042+0000][1][safepoint    ] Entering safepoint region: RevokeBias
[2019-10-14T07:32:40.042+0000][1][safepoint    ] Leaving safepoint region
[2019-10-14T07:32:40.043+0000][1][safepoint    ] Total time for which application threads were stopped: 0.0009326 seconds, Stopping threads took: 0.0003787 seconds
[2019-10-14T07:32:40.043+0000][1][safepoint    ] Application time: 0.0002117 seconds
[2019-10-14T07:32:40.043+0000][1][safepoint    ] Entering safepoint region: RevokeBias
[2019-10-14T07:32:40.044+0000][1][safepoint    ] Leaving safepoint region
[2019-10-14T07:32:40.044+0000][1][safepoint    ] Total time for which application threads were stopped: 0.0006296 seconds, Stopping threads took: 0.0002961 seconds
[2019-10-14T07:32:40.044+0000][1][safepoint    ] Application time: 0.0002102 seconds
[2019-10-14T07:32:40.045+0000][1][safepoint    ] Entering safepoint region: RevokeBias
[2019-10-14T07:32:40.045+0000][1][safepoint    ] Leaving safepoint region
[2019-10-14T07:32:40.045+0000][1][safepoint    ] Total time for which application threads were stopped: 0.0006680 seconds, Stopping threads took: 0.0003373 seconds
[2019-10-14T07:32:40.047+0000][1][safepoint    ] Application time: 0.0006345 seconds
[2019-10-14T07:32:40.047+0000][1][safepoint    ] Entering safepoint region: RevokeBias
[2019-10-14T07:32:40.047+0000][1][safepoint    ] Leaving safepoint region
[2019-10-14T07:32:40.047+0000][1][safepoint    ] Total time for which application threads were stopped: 0.0005617 seconds, Stopping threads took: 0.0002478 seconds
[2019-10-14T07:32:40.048+0000][1][safepoint    ] Application time: 0.0003802 seconds
[2019-10-14T07:32:40.048+0000][1][safepoint    ] Entering safepoint region: RevokeBias
[2019-10-14T07:32:40.049+0000][1][safepoint    ] Leaving safepoint region
[2019-10-14T07:32:40.049+0000][1][safepoint    ] Total time for which application threads were stopped: 0.0006904 seconds, Stopping threads took: 0.0002995 seconds
[2019-10-14T07:32:40.050+0000][1][safepoint    ] Application time: 0.0003457 seconds
[2019-10-14T07:32:40.050+0000][1][safepoint    ] Entering safepoint region: RevokeBias
[2019-10-14T07:32:40.051+0000][1][safepoint    ] Leaving safepoint region
[2019-10-14T07:32:40.051+0000][1][safepoint    ] Total time for which application threads were stopped: 0.0008948 seconds, Stopping threads took: 0.0002800 seconds
[2019-10-14T07:32:40.052+0000][1][safepoint    ] Application time: 0.0005657 seconds
[2019-10-14T07:32:40.053+0000][1][safepoint    ] Entering safepoint region: RevokeBias
[2019-10-14T07:32:40.053+0000][1][safepoint    ] Leaving safepoint region
[2019-10-14T07:32:40.054+0000][1][safepoint    ] Total time for which application threads were stopped: 0.0008705 seconds, Stopping threads took: 0.0004158 seconds
[2019-10-14T07:32:40.067+0000][1][safepoint    ] Application time: 0.0129123 seconds
[2019-10-14T07:32:40.068+0000][1][safepoint    ] Entering safepoint region: RevokeBias
[2019-10-14T07:32:40.068+0000][1][safepoint    ] Leaving safepoint region
[2019-10-14T07:32:40.068+0000][1][safepoint    ] Total time for which application threads were stopped: 0.0005965 seconds, Stopping threads took: 0.0002369 seconds
[2019-10-14T07:32:40.073+0000][1][safepoint    ] Application time: 0.0046858 seconds
[2019-10-14T07:32:40.073+0000][1][safepoint    ] Entering safepoint region: RevokeBias
[2019-10-14T07:32:40.074+0000][1][safepoint    ] Leaving safepoint region
[2019-10-14T07:32:40.074+0000][1][safepoint    ] Total time for which application threads were stopped: 0.0009896 seconds, Stopping threads took: 0.0003366 seconds
[2019-10-14T07:32:40.075+0000][1][safepoint    ] Application time: 0.0004845 seconds
[2019-10-14T07:32:40.076+0000][1][safepoint    ] Entering safepoint region: BulkRevokeBias
[2019-10-14T07:32:40.081+0000][1][safepoint    ] Leaving safepoint region
[2019-10-14T07:32:40.082+0000][1][safepoint    ] Total time for which application threads were stopped: 0.0063825 seconds, Stopping threads took: 0.0046589 seconds
[2019-10-14T07:32:40.186+0000][1][safepoint    ] Application time: 0.1029559 seconds
[2019-10-14T07:32:40.187+0000][1][safepoint    ] Entering safepoint region: RevokeBias
[2019-10-14T07:32:40.187+0000][1][safepoint    ] Leaving safepoint region
[2019-10-14T07:32:40.191+0000][1][safepoint    ] Total time for which application threads were stopped: 0.0041636 seconds, Stopping threads took: 0.0003398 seconds
[2019-10-14T07:32:40.192+0000][1][safepoint    ] Application time: 0.0004342 seconds
[2019-10-14T07:32:40.192+0000][1][safepoint    ] Entering safepoint region: RevokeBias
[2019-10-14T07:32:40.192+0000][1][safepoint    ] Leaving safepoint region
[2019-10-14T07:32:40.192+0000][1][safepoint    ] Total time for which application threads were stopped: 0.0005465 seconds, Stopping threads took: 0.0002668 seconds
[2019-10-14T07:32:40.233+0000][1][safepoint    ] Application time: 0.0401227 seconds
[2019-10-14T07:32:40.234+0000][1][safepoint    ] Entering safepoint region: RevokeBias
[2019-10-14T07:32:40.234+0000][1][safepoint    ] Leaving safepoint region
[2019-10-14T07:32:40.234+0000][1][safepoint    ] Total time for which application threads were stopped: 0.0006316 seconds, Stopping threads took: 0.0003228 seconds
[2019-10-14T07:32:40.235+0000][1][safepoint    ] Application time: 0.0002257 seconds
[2019-10-14T07:32:40.235+0000][1][safepoint    ] Entering safepoint region: RevokeBias
[2019-10-14T07:32:40.235+0000][1][safepoint    ] Leaving safepoint region
[2019-10-14T07:32:40.236+0000][1][safepoint    ] Total time for which application threads were stopped: 0.0006824 seconds, Stopping threads took: 0.0002841 seconds
[2019-10-14T07:32:40.244+0000][1][safepoint    ] Application time: 0.0077116 seconds
[2019-10-14T07:32:40.244+0000][1][safepoint    ] Entering safepoint region: RevokeBias
[2019-10-14T07:32:40.244+0000][1][safepoint    ] Leaving safepoint region
[2019-10-14T07:32:40.245+0000][1][safepoint    ] Total time for which application threads were stopped: 0.0005503 seconds, Stopping threads took: 0.0002507 seconds
[2019-10-14T07:32:40.248+0000][1][safepoint    ] Application time: 0.0025976 seconds
[2019-10-14T07:32:40.248+0000][1][safepoint    ] Entering safepoint region: RevokeBias
[2019-10-14T07:32:40.248+0000][1][safepoint    ] Leaving safepoint region
[2019-10-14T07:32:40.249+0000][1][safepoint    ] Total time for which application threads were stopped: 0.0005173 seconds, Stopping threads took: 0.0002364 seconds
[2019-10-14T07:32:40.260+0000][1][safepoint    ] Application time: 0.0115669 seconds
[2019-10-14T07:32:40.261+0000][1][safepoint    ] Entering safepoint region: RevokeBias
[2019-10-14T07:32:40.261+0000][1][safepoint    ] Leaving safepoint region
[2019-10-14T07:32:40.261+0000][1][safepoint    ] Total time for which application threads were stopped: 0.0006391 seconds, Stopping threads took: 0.0002690 seconds
[2019-10-14T07:32:40.266+0000][1][safepoint    ] Application time: 0.0046811 seconds
[2019-10-14T07:32:40.267+0000][1][safepoint    ] Entering safepoint region: RevokeBias
[2019-10-14T07:32:40.267+0000][1][safepoint    ] Leaving safepoint region
[2019-10-14T07:32:40.267+0000][1][safepoint    ] Total time for which application threads were stopped: 0.0005834 seconds, Stopping threads took: 0.0002863 seconds
[2019-10-14T07:32:40.268+0000][1][safepoint    ] Application time: 0.0001517 seconds
[2019-10-14T07:32:40.268+0000][1][safepoint    ] Entering safepoint region: RevokeBias
[2019-10-14T07:32:40.268+0000][1][safepoint    ] Leaving safepoint region
[2019-10-14T07:32:40.269+0000][1][safepoint    ] Total time for which application threads were stopped: 0.0005801 seconds, Stopping threads took: 0.0002623 seconds
[2019-10-14T07:32:40.279+0000][1][safepoint    ] Application time: 0.0097940 seconds
[2019-10-14T07:32:40.279+0000][1][safepoint    ] Entering safepoint region: RevokeBias
[2019-10-14T07:32:40.280+0000][1][safepoint    ] Leaving safepoint region
[2019-10-14T07:32:40.280+0000][1][safepoint    ] Total time for which application threads were stopped: 0.0007378 seconds, Stopping threads took: 0.0004304 seconds
[2019-10-14T07:32:40.283+0000][1][safepoint    ] Application time: 0.0027006 seconds
[2019-10-14T07:32:40.284+0000][1][safepoint    ] Entering safepoint region: RevokeBias
[2019-10-14T07:32:40.284+0000][1][safepoint    ] Leaving safepoint region
[2019-10-14T07:32:40.284+0000][1][safepoint    ] Total time for which application threads were stopped: 0.0006127 seconds, Stopping threads took: 0.0002904 seconds
[2019-10-14T07:32:40.284+0000][1][safepoint    ] Application time: 0.0000534 seconds
[2019-10-14T07:32:40.285+0000][1][safepoint    ] Entering safepoint region: RevokeBias
[2019-10-14T07:32:40.285+0000][1][safepoint    ] Leaving safepoint region
[2019-10-14T07:32:40.285+0000][1][safepoint    ] Total time for which application threads were stopped: 0.0005805 seconds, Stopping threads took: 0.0002596 seconds
[2019-10-14T07:32:40.286+0000][1][safepoint    ] Application time: 0.0000757 seconds
[2019-10-14T07:32:40.286+0000][1][safepoint    ] Entering safepoint region: RevokeBias
[2019-10-14T07:32:40.286+0000][1][safepoint    ] Leaving safepoint region
[2019-10-14T07:32:40.286+0000][1][safepoint    ] Total time for which application threads were stopped: 0.0005323 seconds, Stopping threads took: 0.0002906 seconds
[2019-10-14T07:32:40.287+0000][1][safepoint    ] Application time: 0.0000752 seconds
[2019-10-14T07:32:40.287+0000][1][safepoint    ] Entering safepoint region: RevokeBias
[2019-10-14T07:32:40.287+0000][1][safepoint    ] Leaving safepoint region
[2019-10-14T07:32:40.288+0000][1][safepoint    ] Total time for which application threads were stopped: 0.0007450 seconds, Stopping threads took: 0.0002811 seconds
[2019-10-14T07:32:40.288+0000][1][safepoint    ] Application time: 0.0000674 seconds
[2019-10-14T07:32:40.290+0000][1][safepoint    ] Entering safepoint region: RevokeBias
[2019-10-14T07:32:40.290+0000][1][safepoint    ] Leaving safepoint region
[2019-10-14T07:32:40.291+0000][1][safepoint    ] Total time for which application threads were stopped: 0.0009352 seconds, Stopping threads took: 0.0004557 seconds
[2019-10-14T07:32:40.291+0000][1][safepoint    ] Application time: 0.0000874 seconds
[2019-10-14T07:32:40.292+0000][1][safepoint    ] Entering safepoint region: RevokeBias
[2019-10-14T07:32:40.292+0000][1][safepoint    ] Leaving safepoint region
[2019-10-14T07:32:40.293+0000][1][safepoint    ] Total time for which application threads were stopped: 0.0011709 seconds, Stopping threads took: 0.0005595 seconds
[2019-10-14T07:32:40.293+0000][1][safepoint    ] Application time: 0.0000602 seconds
[2019-10-14T07:32:40.293+0000][1][safepoint    ] Entering safepoint region: RevokeBias
[2019-10-14T07:32:40.294+0000][1][safepoint    ] Leaving safepoint region
[2019-10-14T07:32:40.294+0000][1][safepoint    ] Total time for which application threads were stopped: 0.0005839 seconds, Stopping threads took: 0.0002614 seconds
[2019-10-14T07:32:40.295+0000][1][safepoint    ] Application time: 0.0002003 seconds
[2019-10-14T07:32:40.295+0000][1][safepoint    ] Entering safepoint region: RevokeBias
[2019-10-14T07:32:40.295+0000][1][safepoint    ] Leaving safepoint region
[2019-10-14T07:32:40.305+0000][1][safepoint    ] Total time for which application threads were stopped: 0.0104373 seconds, Stopping threads took: 0.0004530 seconds
[2019-10-14T07:32:40.347+0000][1][safepoint    ] Application time: 0.0409388 seconds
[2019-10-14T07:32:40.347+0000][1][safepoint    ] Entering safepoint region: RevokeBias
[2019-10-14T07:32:40.347+0000][1][safepoint    ] Leaving safepoint region
[2019-10-14T07:32:40.348+0000][1][safepoint    ] Total time for which application threads were stopped: 0.0010163 seconds, Stopping threads took: 0.0003615 seconds
[2019-10-14T07:32:40.413+0000][1][safepoint    ] Application time: 0.0644994 seconds
[2019-10-14T07:32:40.413+0000][1][safepoint    ] Entering safepoint region: RevokeBias
[2019-10-14T07:32:40.413+0000][1][safepoint    ] Leaving safepoint region
[2019-10-14T07:32:40.414+0000][1][safepoint    ] Total time for which application threads were stopped: 0.0009010 seconds, Stopping threads took: 0.0003172 seconds
[2019-10-14T07:32:40.414+0000][1][safepoint    ] Application time: 0.0001521 seconds
[2019-10-14T07:32:40.415+0000][1][safepoint    ] Entering safepoint region: RevokeBias
[2019-10-14T07:32:40.415+0000][1][safepoint    ] Leaving safepoint region
[2019-10-14T07:32:40.415+0000][1][safepoint    ] Total time for which application threads were stopped: 0.0006789 seconds, Stopping threads took: 0.0003108 seconds
[2019-10-14T07:32:40.423+0000][1][safepoint    ] Application time: 0.0073938 seconds
[2019-10-14T07:32:40.423+0000][1][safepoint    ] Entering safepoint region: RevokeBias
[2019-10-14T07:32:40.424+0000][1][safepoint    ] Leaving safepoint region
[2019-10-14T07:32:40.424+0000][1][safepoint    ] Total time for which application threads were stopped: 0.0005794 seconds, Stopping threads took: 0.0002726 seconds
[2019-10-14T07:32:40.425+0000][1][safepoint    ] Application time: 0.0005081 seconds
[2019-10-14T07:32:40.425+0000][1][safepoint    ] Entering safepoint region: RevokeBias
[2019-10-14T07:32:40.426+0000][1][safepoint    ] Leaving safepoint region
[2019-10-14T07:32:40.426+0000][1][safepoint    ] Total time for which application threads were stopped: 0.0009006 seconds, Stopping threads took: 0.0005910 seconds
[2019-10-14T07:32:40.510+0000][1][safepoint    ] Application time: 0.0837831 seconds
[2019-10-14T07:32:40.511+0000][1][safepoint    ] Entering safepoint region: RevokeBias
[2019-10-14T07:32:40.511+0000][1][safepoint    ] Leaving safepoint region
[2019-10-14T07:32:40.511+0000][1][safepoint    ] Total time for which application threads were stopped: 0.0006784 seconds, Stopping threads took: 0.0003348 seconds
[2019-10-14T07:32:40.515+0000][1][safepoint    ] Application time: 0.0035978 seconds
[2019-10-14T07:32:40.516+0000][1][safepoint    ] Entering safepoint region: RevokeBias
[2019-10-14T07:32:40.516+0000][1][safepoint    ] Leaving safepoint region
[2019-10-14T07:32:40.516+0000][1][safepoint    ] Total time for which application threads were stopped: 0.0007025 seconds, Stopping threads took: 0.0003314 seconds
[2019-10-14T07:32:40.520+0000][1][safepoint    ] Application time: 0.0034336 seconds
[2019-10-14T07:32:40.521+0000][1][safepoint    ] Entering safepoint region: RevokeBias
[2019-10-14T07:32:40.521+0000][1][safepoint    ] Leaving safepoint region
[2019-10-14T07:32:40.521+0000][1][safepoint    ] Total time for which application threads were stopped: 0.0006176 seconds, Stopping threads took: 0.0003360 seconds
[2019-10-14T07:32:40.525+0000][1][safepoint    ] Application time: 0.0032135 seconds
[2019-10-14T07:32:40.525+0000][1][safepoint    ] Entering safepoint region: RevokeBias
[2019-10-14T07:32:40.526+0000][1][safepoint    ] Leaving safepoint region
[2019-10-14T07:32:40.526+0000][1][safepoint    ] Total time for which application threads were stopped: 0.0007691 seconds, Stopping threads took: 0.0002813 seconds
[2019-10-14T07:32:40.526+0000][1][safepoint    ] Application time: 0.0001372 seconds
[2019-10-14T07:32:40.527+0000][1][safepoint    ] Entering safepoint region: RevokeBias
[2019-10-14T07:32:40.527+0000][1][safepoint    ] Leaving safepoint region
[2019-10-14T07:32:40.527+0000][1][safepoint    ] Total time for which application threads were stopped: 0.0005297 seconds, Stopping threads took: 0.0002542 seconds
[2019-10-14T07:32:40.528+0000][1][safepoint    ] Application time: 0.0000460 seconds
[2019-10-14T07:32:40.528+0000][1][safepoint    ] Entering safepoint region: RevokeBias
[2019-10-14T07:32:40.528+0000][1][safepoint    ] Leaving safepoint region
[2019-10-14T07:32:40.529+0000][1][safepoint    ] Total time for which application threads were stopped: 0.0011864 seconds, Stopping threads took: 0.0003307 seconds
[2019-10-14T07:32:40.531+0000][1][safepoint    ] Application time: 0.0008872 seconds
[2019-10-14T07:32:40.531+0000][1][safepoint    ] Entering safepoint region: RevokeBias
[2019-10-14T07:32:40.531+0000][1][safepoint    ] Leaving safepoint region
[2019-10-14T07:32:40.532+0000][1][safepoint    ] Total time for which application threads were stopped: 0.0006118 seconds, Stopping threads took: 0.0002750 seconds
[2019-10-14T07:32:40.532+0000][1][safepoint    ] Application time: 0.0001541 seconds
[2019-10-14T07:32:40.532+0000][1][safepoint    ] Entering safepoint region: RevokeBias
[2019-10-14T07:32:40.533+0000][1][safepoint    ] Leaving safepoint region
[2019-10-14T07:32:40.533+0000][1][safepoint    ] Total time for which application threads were stopped: 0.0005604 seconds, Stopping threads took: 0.0002577 seconds
[2019-10-14T07:32:40.533+0000][1][safepoint    ] Application time: 0.0000514 seconds
[2019-10-14T07:32:40.534+0000][1][safepoint    ] Entering safepoint region: RevokeBias
[2019-10-14T07:32:40.534+0000][1][safepoint    ] Leaving safepoint region
[2019-10-14T07:32:40.534+0000][1][safepoint    ] Total time for which application threads were stopped: 0.0007278 seconds, Stopping threads took: 0.0003556 seconds
[2019-10-14T07:32:40.557+0000][1][safepoint    ] Application time: 0.0226330 seconds
[2019-10-14T07:32:40.558+0000][1][safepoint    ] Entering safepoint region: RevokeBias
[2019-10-14T07:32:40.558+0000][1][safepoint    ] Leaving safepoint region
[2019-10-14T07:32:40.558+0000][1][safepoint    ] Total time for which application threads were stopped: 0.0006196 seconds, Stopping threads took: 0.0002911 seconds
[2019-10-14T07:32:40.560+0000][1][safepoint    ] Application time: 0.0008100 seconds
[2019-10-14T07:32:40.560+0000][1][safepoint    ] Entering safepoint region: RevokeBias
[2019-10-14T07:32:40.560+0000][1][safepoint    ] Leaving safepoint region
[2019-10-14T07:32:40.561+0000][1][safepoint    ] Total time for which application threads were stopped: 0.0008190 seconds, Stopping threads took: 0.0004080 seconds
[2019-10-14T07:32:40.561+0000][1][safepoint    ] Application time: 0.0003259 seconds
[2019-10-14T07:32:40.562+0000][1][safepoint    ] Entering safepoint region: RevokeBias
[2019-10-14T07:32:40.562+0000][1][safepoint    ] Leaving safepoint region
[2019-10-14T07:32:40.563+0000][1][safepoint    ] Total time for which application threads were stopped: 0.0008891 seconds, Stopping threads took: 0.0005180 seconds
[2019-10-14T07:32:40.569+0000][1][safepoint    ] Application time: 0.0062144 seconds
[2019-10-14T07:32:40.575+0000][1][safepoint    ] Entering safepoint region: RevokeBias
[2019-10-14T07:32:40.580+0000][1][safepoint    ] Leaving safepoint region
[2019-10-14T07:32:40.586+0000][1][safepoint    ] Total time for which application threads were stopped: 0.0116601 seconds, Stopping threads took: 0.0055594 seconds
[2019-10-14T07:32:40.587+0000][1][safepoint    ] Application time: 0.0003703 seconds
[2019-10-14T07:32:40.588+0000][1][safepoint    ] Entering safepoint region: RevokeBias
[2019-10-14T07:32:40.588+0000][1][safepoint    ] Leaving safepoint region
[2019-10-14T07:32:40.588+0000][1][safepoint    ] Total time for which application threads were stopped: 0.0005940 seconds, Stopping threads took: 0.0003014 seconds
[2019-10-14T07:32:40.596+0000][1][safepoint    ] Application time: 0.0074592 seconds
[2019-10-14T07:32:40.596+0000][1][safepoint    ] Entering safepoint region: RevokeBias
[2019-10-14T07:32:40.597+0000][1][safepoint    ] Leaving safepoint region
[2019-10-14T07:32:40.597+0000][1][safepoint    ] Total time for which application threads were stopped: 0.0007835 seconds, Stopping threads took: 0.0004426 seconds
[2019-10-14T07:32:40.597+0000][1][safepoint    ] Application time: 0.0000708 seconds
[2019-10-14T07:32:40.597+0000][1][safepoint    ] Entering safepoint region: RevokeBias
[2019-10-14T07:32:40.598+0000][1][safepoint    ] Leaving safepoint region
[2019-10-14T07:32:40.598+0000][1][safepoint    ] Total time for which application threads were stopped: 0.0008012 seconds, Stopping threads took: 0.0004849 seconds
[2019-10-14T07:32:40.599+0000][1][safepoint    ] Application time: 0.0000806 seconds
[2019-10-14T07:32:40.599+0000][1][safepoint    ] Entering safepoint region: RevokeBias
[2019-10-14T07:32:40.599+0000][1][safepoint    ] Leaving safepoint region
[2019-10-14T07:32:40.600+0000][1][safepoint    ] Total time for which application threads were stopped: 0.0006638 seconds, Stopping threads took: 0.0002989 seconds
[2019-10-14T07:32:40.600+0000][1][safepoint    ] Application time: 0.0002118 seconds
[2019-10-14T07:32:40.600+0000][1][safepoint    ] Entering safepoint region: RevokeBias
[2019-10-14T07:32:40.601+0000][1][safepoint    ] Leaving safepoint region
[2019-10-14T07:32:40.601+0000][1][safepoint    ] Total time for which application threads were stopped: 0.0007022 seconds, Stopping threads took: 0.0003628 seconds
[2019-10-14T07:32:40.609+0000][1][safepoint    ] Application time: 0.0074089 seconds
[2019-10-14T07:32:40.610+0000][1][safepoint    ] Entering safepoint region: RevokeBias
[2019-10-14T07:32:40.610+0000][1][safepoint    ] Leaving safepoint region
[2019-10-14T07:32:40.610+0000][1][safepoint    ] Total time for which application threads were stopped: 0.0006827 seconds, Stopping threads took: 0.0002843 seconds
[2019-10-14T07:32:40.611+0000][1][safepoint    ] Application time: 0.0001303 seconds
[2019-10-14T07:32:40.611+0000][1][safepoint    ] Entering safepoint region: RevokeBias
[2019-10-14T07:32:40.611+0000][1][safepoint    ] Leaving safepoint region
[2019-10-14T07:32:40.612+0000][1][safepoint    ] Total time for which application threads were stopped: 0.0007230 seconds, Stopping threads took: 0.0003508 seconds
[2019-10-14T07:32:40.613+0000][1][safepoint    ] Application time: 0.0009595 seconds
[2019-10-14T07:32:40.614+0000][1][safepoint    ] Entering safepoint region: RevokeBias
[2019-10-14T07:32:40.614+0000][1][safepoint    ] Leaving safepoint region
[2019-10-14T07:32:40.614+0000][1][safepoint    ] Total time for which application threads were stopped: 0.0010645 seconds, Stopping threads took: 0.0005510 seconds
[2019-10-14T07:32:40.615+0000][1][safepoint    ] Application time: 0.0003180 seconds
[2019-10-14T07:32:40.615+0000][1][safepoint    ] Entering safepoint region: RevokeBias
[2019-10-14T07:32:40.616+0000][1][safepoint    ] Leaving safepoint region
[2019-10-14T07:32:40.616+0000][1][safepoint    ] Total time for which application threads were stopped: 0.0008265 seconds, Stopping threads took: 0.0004661 seconds
[2019-10-14T07:32:40.617+0000][1][safepoint    ] Application time: 0.0001726 seconds
[2019-10-14T07:32:40.617+0000][1][safepoint    ] Entering safepoint region: RevokeBias
[2019-10-14T07:32:40.617+0000][1][safepoint    ] Leaving safepoint region
[2019-10-14T07:32:40.617+0000][1][safepoint    ] Total time for which application threads were stopped: 0.0005506 seconds, Stopping threads took: 0.0002376 seconds
[2019-10-14T07:32:40.627+0000][1][safepoint    ] Application time: 0.0091980 seconds
[2019-10-14T07:32:40.631+0000][1][safepoint    ] Entering safepoint region: RevokeBias
[2019-10-14T07:32:40.632+0000][1][safepoint    ] Leaving safepoint region
[2019-10-14T07:32:40.632+0000][1][safepoint    ] Total time for which application threads were stopped: 0.0009330 seconds, Stopping threads took: 0.0004224 seconds
[2019-10-14T07:32:40.633+0000][1][safepoint    ] Application time: 0.0009439 seconds
[2019-10-14T07:32:40.634+0000][1][safepoint    ] Entering safepoint region: RevokeBias
[2019-10-14T07:32:40.634+0000][1][safepoint    ] Leaving safepoint region
[2019-10-14T07:32:40.634+0000][1][safepoint    ] Total time for which application threads were stopped: 0.0007136 seconds, Stopping threads took: 0.0003427 seconds
[2019-10-14T07:32:40.665+0000][1][safepoint    ] Application time: 0.0300308 seconds
[2019-10-14T07:32:40.665+0000][1][safepoint    ] Entering safepoint region: RevokeBias
[2019-10-14T07:32:40.666+0000][1][safepoint    ] Leaving safepoint region
[2019-10-14T07:32:40.666+0000][1][safepoint    ] Total time for which application threads were stopped: 0.0008520 seconds, Stopping threads took: 0.0004858 seconds
[2019-10-14T07:32:40.674+0000][1][safepoint    ] Application time: 0.0075277 seconds
[2019-10-14T07:32:40.674+0000][1][safepoint    ] Entering safepoint region: RevokeBias
[2019-10-14T07:32:40.674+0000][1][safepoint    ] Leaving safepoint region
[2019-10-14T07:32:40.675+0000][1][safepoint    ] Total time for which application threads were stopped: 0.0008120 seconds, Stopping threads took: 0.0002944 seconds
[2019-10-14T07:32:40.675+0000][1][safepoint    ] Application time: 0.0000745 seconds
[2019-10-14T07:32:40.676+0000][1][safepoint    ] Entering safepoint region: RevokeBias
[2019-10-14T07:32:40.676+0000][1][safepoint    ] Leaving safepoint region
[2019-10-14T07:32:40.676+0000][1][safepoint    ] Total time for which application threads were stopped: 0.0006799 seconds, Stopping threads took: 0.0003124 seconds
[2019-10-14T07:32:40.677+0000][1][safepoint    ] Application time: 0.0000857 seconds
[2019-10-14T07:32:40.677+0000][1][safepoint    ] Entering safepoint region: RevokeBias
[2019-10-14T07:32:40.677+0000][1][safepoint    ] Leaving safepoint region
[2019-10-14T07:32:40.678+0000][1][safepoint    ] Total time for which application threads were stopped: 0.0005676 seconds, Stopping threads took: 0.0002722 seconds
[2019-10-14T07:32:40.678+0000][1][safepoint    ] Application time: 0.0001170 seconds
[2019-10-14T07:32:40.678+0000][1][safepoint    ] Entering safepoint region: RevokeBias
[2019-10-14T07:32:40.679+0000][1][safepoint    ] Leaving safepoint region
[2019-10-14T07:32:40.679+0000][1][safepoint    ] Total time for which application threads were stopped: 0.0006165 seconds, Stopping threads took: 0.0002900 seconds
[2019-10-14T07:32:40.679+0000][1][safepoint    ] Application time: 0.0000806 seconds
[2019-10-14T07:32:40.680+0000][1][safepoint    ] Entering safepoint region: RevokeBias
[2019-10-14T07:32:40.680+0000][1][safepoint    ] Leaving safepoint region
[2019-10-14T07:32:40.680+0000][1][safepoint    ] Total time for which application threads were stopped: 0.0006444 seconds, Stopping threads took: 0.0003417 seconds
[2019-10-14T07:32:40.681+0000][1][safepoint    ] Application time: 0.0001225 seconds
[2019-10-14T07:32:40.681+0000][1][safepoint    ] Entering safepoint region: RevokeBias
[2019-10-14T07:32:40.681+0000][1][safepoint    ] Leaving safepoint region
[2019-10-14T07:32:40.681+0000][1][safepoint    ] Total time for which application threads were stopped: 0.0006333 seconds, Stopping threads took: 0.0003350 seconds
[2019-10-14T07:32:40.682+0000][1][safepoint    ] Application time: 0.0000679 seconds
[2019-10-14T07:32:40.682+0000][1][safepoint    ] Entering safepoint region: RevokeBias
[2019-10-14T07:32:40.682+0000][1][safepoint    ] Leaving safepoint region
[2019-10-14T07:32:40.683+0000][1][safepoint    ] Total time for which application threads were stopped: 0.0006641 seconds, Stopping threads took: 0.0003347 seconds
[2019-10-14T07:32:40.683+0000][1][safepoint    ] Application time: 0.0003023 seconds
[2019-10-14T07:32:40.684+0000][1][safepoint    ] Entering safepoint region: RevokeBias
[2019-10-14T07:32:40.684+0000][1][safepoint    ] Leaving safepoint region
[2019-10-14T07:32:40.685+0000][1][safepoint    ] Total time for which application threads were stopped: 0.0008591 seconds, Stopping threads took: 0.0005696 seconds
[2019-10-14T07:32:40.691+0000][1][safepoint    ] Application time: 0.0059008 seconds
[2019-10-14T07:32:40.692+0000][1][safepoint    ] Entering safepoint region: RevokeBias
[2019-10-14T07:32:40.692+0000][1][safepoint    ] Leaving safepoint region
[2019-10-14T07:32:40.692+0000][1][safepoint    ] Total time for which application threads were stopped: 0.0006621 seconds, Stopping threads took: 0.0003612 seconds
[2019-10-14T07:32:40.715+0000][1][safepoint    ] Application time: 0.0221021 seconds
[2019-10-14T07:32:40.715+0000][1][safepoint    ] Entering safepoint region: RevokeBias
[2019-10-14T07:32:40.716+0000][1][safepoint    ] Leaving safepoint region
[2019-10-14T07:32:40.716+0000][1][safepoint    ] Total time for which application threads were stopped: 0.0007455 seconds, Stopping threads took: 0.0004153 seconds
[2019-10-14T07:32:40.717+0000][1][safepoint    ] Application time: 0.0002042 seconds
[2019-10-14T07:32:40.717+0000][1][safepoint    ] Entering safepoint region: RevokeBias
[2019-10-14T07:32:40.717+0000][1][safepoint    ] Leaving safepoint region
[2019-10-14T07:32:40.718+0000][1][safepoint    ] Total time for which application threads were stopped: 0.0007707 seconds, Stopping threads took: 0.0004299 seconds
[2019-10-14T07:32:40.755+0000][1][safepoint    ] Application time: 0.0373414 seconds
[2019-10-14T07:32:40.762+0000][1][safepoint    ] Entering safepoint region: RevokeBias
[2019-10-14T07:32:40.762+0000][1][safepoint    ] Leaving safepoint region
[2019-10-14T07:32:40.765+0000][1][safepoint    ] Total time for which application threads were stopped: 0.0092697 seconds, Stopping threads took: 0.0057157 seconds
[2019-10-14T07:32:40.778+0000][1][safepoint    ] Application time: 0.0119784 seconds
[2019-10-14T07:32:40.783+0000][1][safepoint    ] Entering safepoint region: RevokeBias
[2019-10-14T07:32:40.784+0000][1][safepoint    ] Leaving safepoint region
[2019-10-14T07:32:40.784+0000][1][safepoint    ] Total time for which application threads were stopped: 0.0059084 seconds, Stopping threads took: 0.0054904 seconds
[2019-10-14T07:32:40.786+0000][1][safepoint    ] Application time: 0.0013372 seconds
[2019-10-14T07:32:40.786+0000][1][safepoint    ] Entering safepoint region: RevokeBias
[2019-10-14T07:32:40.786+0000][1][safepoint    ] Leaving safepoint region
[2019-10-14T07:32:40.787+0000][1][safepoint    ] Total time for which application threads were stopped: 0.0006533 seconds, Stopping threads took: 0.0003605 seconds
[2019-10-14T07:32:40.790+0000][1][safepoint    ] Application time: 0.0028034 seconds
[2019-10-14T07:32:40.790+0000][1][safepoint    ] Entering safepoint region: RevokeBias
[2019-10-14T07:32:40.791+0000][1][safepoint    ] Leaving safepoint region
[2019-10-14T07:32:40.791+0000][1][safepoint    ] Total time for which application threads were stopped: 0.0008220 seconds, Stopping threads took: 0.0003869 seconds
[2019-10-14T07:32:40.791+0000][1][safepoint    ] Application time: 0.0002285 seconds
[2019-10-14T07:32:40.792+0000][1][safepoint    ] Entering safepoint region: RevokeBias
[2019-10-14T07:32:40.793+0000][1][safepoint    ] Leaving safepoint region
[2019-10-14T07:32:40.793+0000][1][safepoint    ] Total time for which application threads were stopped: 0.0011081 seconds, Stopping threads took: 0.0006708 seconds
[2019-10-14T07:32:40.794+0000][1][safepoint    ] Application time: 0.0004502 seconds
[2019-10-14T07:32:40.794+0000][1][safepoint    ] Entering safepoint region: RevokeBias
[2019-10-14T07:32:40.795+0000][1][safepoint    ] Leaving safepoint region
[2019-10-14T07:32:40.795+0000][1][safepoint    ] Total time for which application threads were stopped: 0.0010933 seconds, Stopping threads took: 0.0007029 seconds
[2019-10-14T07:32:40.801+0000][1][safepoint    ] Application time: 0.0054622 seconds
[2019-10-14T07:32:40.802+0000][1][safepoint    ] Entering safepoint region: RevokeBias
[2019-10-14T07:32:40.802+0000][1][safepoint    ] Leaving safepoint region
[2019-10-14T07:32:40.802+0000][1][safepoint    ] Total time for which application threads were stopped: 0.0008759 seconds, Stopping threads took: 0.0005038 seconds
[2019-10-14T07:32:40.804+0000][1][safepoint    ] Application time: 0.0008725 seconds
[2019-10-14T07:32:40.806+0000][1][safepoint    ] Entering safepoint region: RevokeBias
[2019-10-14T07:32:40.807+0000][1][safepoint    ] Leaving safepoint region
[2019-10-14T07:32:40.807+0000][1][safepoint    ] Total time for which application threads were stopped: 0.0031335 seconds, Stopping threads took: 0.0027544 seconds
[2019-10-14T07:32:40.835+0000][1][safepoint    ] Application time: 0.0276074 seconds
[2019-10-14T07:32:40.835+0000][1][safepoint    ] Entering safepoint region: RevokeBias
[2019-10-14T07:32:40.836+0000][1][safepoint    ] Leaving safepoint region
[2019-10-14T07:32:40.836+0000][1][safepoint    ] Total time for which application threads were stopped: 0.0006591 seconds, Stopping threads took: 0.0003085 seconds
[2019-10-14T07:32:40.837+0000][1][safepoint    ] Application time: 0.0001447 seconds
[2019-10-14T07:32:40.837+0000][1][safepoint    ] Entering safepoint region: RevokeBias
[2019-10-14T07:32:40.837+0000][1][safepoint    ] Leaving safepoint region
[2019-10-14T07:32:40.838+0000][1][safepoint    ] Total time for which application threads were stopped: 0.0009189 seconds, Stopping threads took: 0.0003355 seconds
[2019-10-14T07:32:40.892+0000][1][safepoint    ] Application time: 0.0537260 seconds
[2019-10-14T07:32:40.892+0000][1][safepoint    ] Entering safepoint region: RevokeBias
[2019-10-14T07:32:40.893+0000][1][safepoint    ] Leaving safepoint region
[2019-10-14T07:32:40.893+0000][1][safepoint    ] Total time for which application threads were stopped: 0.0006153 seconds, Stopping threads took: 0.0002642 seconds
[2019-10-14T07:32:40.902+0000][1][safepoint    ] Application time: 0.0087553 seconds
[2019-10-14T07:32:40.906+0000][1][safepoint    ] Entering safepoint region: RevokeBias
[2019-10-14T07:32:40.906+0000][1][safepoint    ] Leaving safepoint region
[2019-10-14T07:32:40.907+0000][1][safepoint    ] Total time for which application threads were stopped: 0.0040394 seconds, Stopping threads took: 0.0035658 seconds
[2019-10-14T07:32:40.916+0000][1][safepoint    ] Application time: 0.0093747 seconds
[2019-10-14T07:32:40.917+0000][1][safepoint    ] Entering safepoint region: RevokeBias
[2019-10-14T07:32:40.917+0000][1][safepoint    ] Leaving safepoint region
[2019-10-14T07:32:40.917+0000][1][safepoint    ] Total time for which application threads were stopped: 0.0007569 seconds, Stopping threads took: 0.0003444 seconds
[2019-10-14T07:32:40.974+0000][1][safepoint    ] Application time: 0.0561895 seconds
[2019-10-14T07:32:40.974+0000][1][safepoint    ] Entering safepoint region: Deoptimize
[2019-10-14T07:32:40.980+0000][1][safepoint    ] Leaving safepoint region
[2019-10-14T07:32:40.980+0000][1][safepoint    ] Total time for which application threads were stopped: 0.0059466 seconds, Stopping threads took: 0.0004966 seconds
[2019-10-14T07:32:40.993+0000][1][safepoint    ] Application time: 0.0120818 seconds
[2019-10-14T07:32:40.993+0000][1][safepoint    ] Entering safepoint region: GenCollectForAllocation
[2019-10-14T07:32:40.994+0000][1][gc,start     ] GC(22) Pause Young (Allocation Failure)
[2019-10-14T07:32:40.994+0000][1][gc,task      ] GC(22) Using 2 workers of 2 for evacuation
[2019-10-14T07:32:41.031+0000][1][gc,age       ] GC(22) Desired survivor size 4456448 bytes, new threshold 2 (max threshold 6)
[2019-10-14T07:32:41.032+0000][1][gc,age       ] GC(22) Age table with threshold 2 (max threshold 6)
[2019-10-14T07:32:41.032+0000][1][gc,age       ] GC(22) - age   1:    2252872 bytes,    2252872 total
[2019-10-14T07:32:41.033+0000][1][gc,age       ] GC(22) - age   2:    3400128 bytes,    5653000 total
[2019-10-14T07:32:41.033+0000][1][gc,heap      ] GC(22) ParNew: 78656K->8704K(78656K)
[2019-10-14T07:32:41.033+0000][1][gc,heap      ] GC(22) CMS: 59139K->63275K(174784K)
[2019-10-14T07:32:41.034+0000][1][gc,metaspace ] GC(22) Metaspace: 66616K->66616K(1110016K)
[2019-10-14T07:32:41.034+0000][1][gc           ] GC(22) Pause Young (Allocation Failure) 134M->70M(247M) 40.023ms
[2019-10-14T07:32:41.034+0000][1][gc,cpu       ] GC(22) User=0.07s Sys=0.00s Real=0.04s
[2019-10-14T07:32:41.035+0000][1][safepoint    ] Leaving safepoint region
[2019-10-14T07:32:41.035+0000][1][safepoint    ] Total time for which application threads were stopped: 0.0414172 seconds, Stopping threads took: 0.0003593 seconds
[2019-10-14T07:32:41.079+0000][1][safepoint    ] Application time: 0.0440945 seconds
[2019-10-14T07:32:41.080+0000][1][safepoint    ] Entering safepoint region: RevokeBias
[2019-10-14T07:32:41.080+0000][1][safepoint    ] Leaving safepoint region
[2019-10-14T07:32:41.081+0000][1][safepoint    ] Total time for which application threads were stopped: 0.0008546 seconds, Stopping threads took: 0.0003641 seconds
[2019-10-14T07:32:41.083+0000][1][safepoint    ] Application time: 0.0024103 seconds
[2019-10-14T07:32:41.084+0000][1][safepoint    ] Entering safepoint region: RevokeBias
[2019-10-14T07:32:41.084+0000][1][safepoint    ] Leaving safepoint region
[2019-10-14T07:32:41.084+0000][1][safepoint    ] Total time for which application threads were stopped: 0.0006640 seconds, Stopping threads took: 0.0003064 seconds
[2019-10-14T07:32:41.094+0000][1][safepoint    ] Application time: 0.0095064 seconds
[2019-10-14T07:32:41.094+0000][1][safepoint    ] Entering safepoint region: RevokeBias
[2019-10-14T07:32:41.095+0000][1][safepoint    ] Leaving safepoint region
[2019-10-14T07:32:41.095+0000][1][safepoint    ] Total time for which application threads were stopped: 0.0007559 seconds, Stopping threads took: 0.0003359 seconds
[2019-10-14T07:32:41.096+0000][1][safepoint    ] Application time: 0.0002379 seconds
[2019-10-14T07:32:41.096+0000][1][safepoint    ] Entering safepoint region: RevokeBias
[2019-10-14T07:32:41.096+0000][1][safepoint    ] Leaving safepoint region
[2019-10-14T07:32:41.097+0000][1][safepoint    ] Total time for which application threads were stopped: 0.0006097 seconds, Stopping threads took: 0.0002391 seconds
[2019-10-14T07:32:41.097+0000][1][safepoint    ] Application time: 0.0001414 seconds
[2019-10-14T07:32:41.098+0000][1][safepoint    ] Entering safepoint region: RevokeBias
[2019-10-14T07:32:41.098+0000][1][safepoint    ] Leaving safepoint region
[2019-10-14T07:32:41.099+0000][1][safepoint    ] Total time for which application threads were stopped: 0.0009226 seconds, Stopping threads took: 0.0004969 seconds
[2019-10-14T07:32:41.099+0000][1][safepoint    ] Application time: 0.0003059 seconds
[2019-10-14T07:32:41.099+0000][1][safepoint    ] Entering safepoint region: RevokeBias
[2019-10-14T07:32:41.100+0000][1][safepoint    ] Leaving safepoint region
[2019-10-14T07:32:41.100+0000][1][safepoint    ] Total time for which application threads were stopped: 0.0007327 seconds, Stopping threads took: 0.0003833 seconds
[2019-10-14T07:32:41.111+0000][1][safepoint    ] Application time: 0.0102246 seconds
[2019-10-14T07:32:41.111+0000][1][safepoint    ] Entering safepoint region: RevokeBias
[2019-10-14T07:32:41.112+0000][1][safepoint    ] Leaving safepoint region
[2019-10-14T07:32:41.112+0000][1][safepoint    ] Total time for which application threads were stopped: 0.0007595 seconds, Stopping threads took: 0.0004003 seconds
[2019-10-14T07:32:41.113+0000][1][safepoint    ] Application time: 0.0005399 seconds
[2019-10-14T07:32:41.113+0000][1][safepoint    ] Entering safepoint region: RevokeBias
[2019-10-14T07:32:41.114+0000][1][safepoint    ] Leaving safepoint region
[2019-10-14T07:32:41.114+0000][1][safepoint    ] Total time for which application threads were stopped: 0.0006633 seconds, Stopping threads took: 0.0002846 seconds
[2019-10-14T07:32:41.115+0000][1][safepoint    ] Application time: 0.0005798 seconds
[2019-10-14T07:32:41.115+0000][1][safepoint    ] Entering safepoint region: RevokeBias
[2019-10-14T07:32:41.116+0000][1][safepoint    ] Leaving safepoint region
[2019-10-14T07:32:41.116+0000][1][safepoint    ] Total time for which application threads were stopped: 0.0009061 seconds, Stopping threads took: 0.0005359 seconds
[2019-10-14T07:32:41.118+0000][1][safepoint    ] Application time: 0.0013922 seconds
[2019-10-14T07:32:41.118+0000][1][safepoint    ] Entering safepoint region: RevokeBias
[2019-10-14T07:32:41.119+0000][1][safepoint    ] Leaving safepoint region
[2019-10-14T07:32:41.119+0000][1][safepoint    ] Total time for which application threads were stopped: 0.0007669 seconds, Stopping threads took: 0.0003880 seconds
[2019-10-14T07:32:41.123+0000][1][safepoint    ] Application time: 0.0034016 seconds
[2019-10-14T07:32:41.123+0000][1][safepoint    ] Entering safepoint region: BulkRevokeBias
[2019-10-14T07:32:41.124+0000][1][safepoint    ] Leaving safepoint region
[2019-10-14T07:32:41.124+0000][1][safepoint    ] Total time for which application threads were stopped: 0.0009604 seconds, Stopping threads took: 0.0004352 seconds
[2019-10-14T07:32:41.125+0000][1][safepoint    ] Application time: 0.0003077 seconds
[2019-10-14T07:32:41.125+0000][1][safepoint    ] Entering safepoint region: RevokeBias
[2019-10-14T07:32:41.126+0000][1][safepoint    ] Leaving safepoint region
[2019-10-14T07:32:41.126+0000][1][safepoint    ] Total time for which application threads were stopped: 0.0009024 seconds, Stopping threads took: 0.0003168 seconds
[2019-10-14T07:32:41.127+0000][1][safepoint    ] Application time: 0.0001323 seconds
[2019-10-14T07:32:41.127+0000][1][safepoint    ] Entering safepoint region: RevokeBias
[2019-10-14T07:32:41.128+0000][1][safepoint    ] Leaving safepoint region
[2019-10-14T07:32:41.128+0000][1][safepoint    ] Total time for which application threads were stopped: 0.0006304 seconds, Stopping threads took: 0.0003331 seconds
[2019-10-14T07:32:41.128+0000][1][safepoint    ] Application time: 0.0001331 seconds
[2019-10-14T07:32:41.128+0000][1][safepoint    ] Entering safepoint region: RevokeBias
[2019-10-14T07:32:41.129+0000][1][safepoint    ] Leaving safepoint region
[2019-10-14T07:32:41.129+0000][1][safepoint    ] Total time for which application threads were stopped: 0.0006882 seconds, Stopping threads took: 0.0003668 seconds
[2019-10-14T07:32:41.130+0000][1][safepoint    ] Application time: 0.0003770 seconds
[2019-10-14T07:32:41.130+0000][1][safepoint    ] Entering safepoint region: RevokeBias
[2019-10-14T07:32:41.131+0000][1][safepoint    ] Leaving safepoint region
[2019-10-14T07:32:41.131+0000][1][safepoint    ] Total time for which application threads were stopped: 0.0006681 seconds, Stopping threads took: 0.0003145 seconds
[2019-10-14T07:32:41.144+0000][1][safepoint    ] Application time: 0.0123430 seconds
[2019-10-14T07:32:41.144+0000][1][safepoint    ] Entering safepoint region: RevokeBias
[2019-10-14T07:32:41.145+0000][1][safepoint    ] Leaving safepoint region
[2019-10-14T07:32:41.145+0000][1][safepoint    ] Total time for which application threads were stopped: 0.0006578 seconds, Stopping threads took: 0.0003162 seconds
[2019-10-14T07:32:41.170+0000][1][safepoint    ] Application time: 0.0248760 seconds
[2019-10-14T07:32:41.172+0000][1][safepoint    ] Entering safepoint region: RevokeBias
[2019-10-14T07:32:41.173+0000][1][safepoint    ] Leaving safepoint region
[2019-10-14T07:32:41.173+0000][1][safepoint    ] Total time for which application threads were stopped: 0.0029190 seconds, Stopping threads took: 0.0024975 seconds
[2019-10-14T07:32:41.174+0000][1][safepoint    ] Application time: 0.0004911 seconds
[2019-10-14T07:32:41.175+0000][1][safepoint    ] Entering safepoint region: RevokeBias
[2019-10-14T07:32:41.175+0000][1][safepoint    ] Leaving safepoint region
[2019-10-14T07:32:41.175+0000][1][safepoint    ] Total time for which application threads were stopped: 0.0008255 seconds, Stopping threads took: 0.0004868 seconds
[2019-10-14T07:32:41.187+0000][1][safepoint    ] Application time: 0.0110764 seconds
[2019-10-14T07:32:41.187+0000][1][safepoint    ] Entering safepoint region: RevokeBias
[2019-10-14T07:32:41.188+0000][1][safepoint    ] Leaving safepoint region
[2019-10-14T07:32:41.189+0000][1][safepoint    ] Total time for which application threads were stopped: 0.0014336 seconds, Stopping threads took: 0.0003412 seconds
[2019-10-14T07:32:41.190+0000][1][safepoint    ] Application time: 0.0003495 seconds
[2019-10-14T07:32:41.190+0000][1][safepoint    ] Entering safepoint region: RevokeBias
[2019-10-14T07:32:41.191+0000][1][safepoint    ] Leaving safepoint region
[2019-10-14T07:32:41.191+0000][1][safepoint    ] Total time for which application threads were stopped: 0.0007313 seconds, Stopping threads took: 0.0002945 seconds
[2019-10-14T07:32:41.191+0000][1][safepoint    ] Application time: 0.0001900 seconds
[2019-10-14T07:32:41.192+0000][1][safepoint    ] Entering safepoint region: RevokeBias
[2019-10-14T07:32:41.192+0000][1][safepoint    ] Leaving safepoint region
[2019-10-14T07:32:41.193+0000][1][safepoint    ] Total time for which application threads were stopped: 0.0012491 seconds, Stopping threads took: 0.0005221 seconds
[2019-10-14T07:32:41.195+0000][1][safepoint    ] Application time: 0.0015210 seconds
[2019-10-14T07:32:41.195+0000][1][safepoint    ] Entering safepoint region: RevokeBias
[2019-10-14T07:32:41.196+0000][1][safepoint    ] Leaving safepoint region
[2019-10-14T07:32:41.196+0000][1][safepoint    ] Total time for which application threads were stopped: 0.0008198 seconds, Stopping threads took: 0.0002678 seconds
[2019-10-14T07:32:41.197+0000][1][safepoint    ] Application time: 0.0004130 seconds
[2019-10-14T07:32:41.197+0000][1][safepoint    ] Entering safepoint region: RevokeBias
[2019-10-14T07:32:41.198+0000][1][safepoint    ] Leaving safepoint region
[2019-10-14T07:32:41.198+0000][1][safepoint    ] Total time for which application threads were stopped: 0.0008057 seconds, Stopping threads took: 0.0004613 seconds
[2019-10-14T07:32:41.200+0000][1][safepoint    ] Application time: 0.0012783 seconds
[2019-10-14T07:32:41.202+0000][1][safepoint    ] Entering safepoint region: RevokeBias
[2019-10-14T07:32:41.202+0000][1][safepoint    ] Leaving safepoint region
[2019-10-14T07:32:41.203+0000][1][safepoint    ] Total time for which application threads were stopped: 0.0010913 seconds, Stopping threads took: 0.0005873 seconds
[2019-10-14T07:32:41.203+0000][1][safepoint    ] Application time: 0.0002858 seconds
[2019-10-14T07:32:41.204+0000][1][safepoint    ] Entering safepoint region: RevokeBias
[2019-10-14T07:32:41.204+0000][1][safepoint    ] Leaving safepoint region
[2019-10-14T07:32:41.205+0000][1][safepoint    ] Total time for which application threads were stopped: 0.0009737 seconds, Stopping threads took: 0.0005051 seconds
[2019-10-14T07:32:41.210+0000][1][safepoint    ] Application time: 0.0048609 seconds
[2019-10-14T07:32:41.211+0000][1][safepoint    ] Entering safepoint region: BulkRevokeBias
[2019-10-14T07:32:41.211+0000][1][safepoint    ] Leaving safepoint region
[2019-10-14T07:32:41.212+0000][1][safepoint    ] Total time for which application threads were stopped: 0.0012843 seconds, Stopping threads took: 0.0007122 seconds
[2019-10-14T07:32:41.212+0000][1][safepoint    ] Application time: 0.0004438 seconds
[2019-10-14T07:32:41.213+0000][1][safepoint    ] Entering safepoint region: RevokeBias
[2019-10-14T07:32:41.214+0000][1][safepoint    ] Leaving safepoint region
[2019-10-14T07:32:41.215+0000][1][safepoint    ] Total time for which application threads were stopped: 0.0019926 seconds, Stopping threads took: 0.0007975 seconds
[2019-10-14T07:32:41.220+0000][1][safepoint    ] Application time: 0.0043352 seconds
[2019-10-14T07:32:41.220+0000][1][safepoint    ] Entering safepoint region: RevokeBias
[2019-10-14T07:32:41.221+0000][1][safepoint    ] Leaving safepoint region
[2019-10-14T07:32:41.222+0000][1][safepoint    ] Total time for which application threads were stopped: 0.0014992 seconds, Stopping threads took: 0.0003697 seconds
[2019-10-14T07:32:41.223+0000][1][safepoint    ] Application time: 0.0000799 seconds
[2019-10-14T07:32:41.223+0000][1][safepoint    ] Entering safepoint region: BulkRevokeBias
[2019-10-14T07:32:41.224+0000][1][safepoint    ] Leaving safepoint region
[2019-10-14T07:32:41.224+0000][1][safepoint    ] Total time for which application threads were stopped: 0.0009108 seconds, Stopping threads took: 0.0003180 seconds
[2019-10-14T07:32:41.243+0000][1][safepoint    ] Application time: 0.0184395 seconds
[2019-10-14T07:32:41.243+0000][1][safepoint    ] Entering safepoint region: RevokeBias
[2019-10-14T07:32:41.244+0000][1][safepoint    ] Leaving safepoint region
[2019-10-14T07:32:41.244+0000][1][safepoint    ] Total time for which application threads were stopped: 0.0009936 seconds, Stopping threads took: 0.0004247 seconds
[2019-10-14T07:32:41.245+0000][1][safepoint    ] Application time: 0.0008692 seconds
[2019-10-14T07:32:41.246+0000][1][safepoint    ] Entering safepoint region: RevokeBias
[2019-10-14T07:32:41.246+0000][1][safepoint    ] Leaving safepoint region
[2019-10-14T07:32:41.246+0000][1][safepoint    ] Total time for which application threads were stopped: 0.0008026 seconds, Stopping threads took: 0.0004475 seconds
[2019-10-14T07:32:41.249+0000][1][safepoint    ] Application time: 0.0020214 seconds
[2019-10-14T07:32:41.249+0000][1][safepoint    ] Entering safepoint region: RevokeBias
[2019-10-14T07:32:41.250+0000][1][safepoint    ] Leaving safepoint region
[2019-10-14T07:32:41.250+0000][1][safepoint    ] Total time for which application threads were stopped: 0.0007866 seconds, Stopping threads took: 0.0004467 seconds
[2019-10-14T07:32:41.315+0000][1][safepoint    ] Application time: 0.0646655 seconds
[2019-10-14T07:32:41.315+0000][1][safepoint    ] Entering safepoint region: RevokeBias
[2019-10-14T07:32:41.316+0000][1][safepoint    ] Leaving safepoint region
[2019-10-14T07:32:41.316+0000][1][safepoint    ] Total time for which application threads were stopped: 0.0007658 seconds, Stopping threads took: 0.0004215 seconds
[2019-10-14T07:32:41.324+0000][1][safepoint    ] Application time: 0.0080897 seconds
[2019-10-14T07:32:41.325+0000][1][safepoint    ] Entering safepoint region: RevokeBias
[2019-10-14T07:32:41.325+0000][1][safepoint    ] Leaving safepoint region
[2019-10-14T07:32:41.326+0000][1][safepoint    ] Total time for which application threads were stopped: 0.0009061 seconds, Stopping threads took: 0.0005003 seconds
[2019-10-14T07:32:41.353+0000][1][safepoint    ] Application time: 0.0267408 seconds
[2019-10-14T07:32:41.357+0000][1][safepoint    ] Entering safepoint region: RevokeBias
[2019-10-14T07:32:41.357+0000][1][safepoint    ] Leaving safepoint region
[2019-10-14T07:32:41.358+0000][1][safepoint    ] Total time for which application threads were stopped: 0.0046418 seconds, Stopping threads took: 0.0040719 seconds
[2019-10-14T07:32:41.375+0000][1][safepoint    ] Application time: 0.0170849 seconds
[2019-10-14T07:32:41.376+0000][1][safepoint    ] Entering safepoint region: RevokeBias
[2019-10-14T07:32:41.376+0000][1][safepoint    ] Leaving safepoint region
[2019-10-14T07:32:41.376+0000][1][safepoint    ] Total time for which application threads were stopped: 0.0007790 seconds, Stopping threads took: 0.0003603 seconds
[2019-10-14T07:32:41.387+0000][1][safepoint    ] Application time: 0.0099773 seconds
[2019-10-14T07:32:41.387+0000][1][safepoint    ] Entering safepoint region: RevokeBias
[2019-10-14T07:32:41.387+0000][1][safepoint    ] Leaving safepoint region
[2019-10-14T07:32:41.388+0000][1][safepoint    ] Total time for which application threads were stopped: 0.0008684 seconds, Stopping threads took: 0.0003707 seconds
[2019-10-14T07:32:41.414+0000][1][safepoint    ] Application time: 0.0255628 seconds
[2019-10-14T07:32:41.415+0000][1][safepoint    ] Entering safepoint region: RevokeBias
[2019-10-14T07:32:41.416+0000][1][safepoint    ] Leaving safepoint region
[2019-10-14T07:32:41.416+0000][1][safepoint    ] Total time for which application threads were stopped: 0.0008137 seconds, Stopping threads took: 0.0004537 seconds
[2019-10-14T07:32:41.427+0000][1][safepoint    ] Application time: 0.0109011 seconds
[2019-10-14T07:32:41.427+0000][1][safepoint    ] Entering safepoint region: RevokeBias
[2019-10-14T07:32:41.428+0000][1][safepoint    ] Leaving safepoint region
[2019-10-14T07:32:41.428+0000][1][safepoint    ] Total time for which application threads were stopped: 0.0008910 seconds, Stopping threads took: 0.0003076 seconds
[2019-10-14T07:32:41.430+0000][1][safepoint    ] Application time: 0.0014459 seconds
[2019-10-14T07:32:41.434+0000][1][safepoint    ] Entering safepoint region: RevokeBias
[2019-10-14T07:32:41.434+0000][1][safepoint    ] Leaving safepoint region
[2019-10-14T07:32:41.434+0000][1][safepoint    ] Total time for which application threads were stopped: 0.0039461 seconds, Stopping threads took: 0.0036289 seconds
[2019-10-14T07:32:41.436+0000][1][safepoint    ] Application time: 0.0009197 seconds
[2019-10-14T07:32:41.436+0000][1][safepoint    ] Entering safepoint region: RevokeBias
[2019-10-14T07:32:41.437+0000][1][safepoint    ] Leaving safepoint region
[2019-10-14T07:32:41.437+0000][1][safepoint    ] Total time for which application threads were stopped: 0.0008917 seconds, Stopping threads took: 0.0005280 seconds
[2019-10-14T07:32:41.438+0000][1][safepoint    ] Application time: 0.0010916 seconds
[2019-10-14T07:32:41.439+0000][1][safepoint    ] Entering safepoint region: RevokeBias
[2019-10-14T07:32:41.439+0000][1][safepoint    ] Leaving safepoint region
[2019-10-14T07:32:41.440+0000][1][safepoint    ] Total time for which application threads were stopped: 0.0009910 seconds, Stopping threads took: 0.0006199 seconds
[2019-10-14T07:32:41.444+0000][1][safepoint    ] Application time: 0.0036646 seconds
[2019-10-14T07:32:41.444+0000][1][safepoint    ] Entering safepoint region: RevokeBias
[2019-10-14T07:32:41.444+0000][1][safepoint    ] Leaving safepoint region
[2019-10-14T07:32:41.445+0000][1][safepoint    ] Total time for which application threads were stopped: 0.0006390 seconds, Stopping threads took: 0.0002755 seconds
[2019-10-14T07:32:41.475+0000][1][safepoint    ] Application time: 0.0296194 seconds
[2019-10-14T07:32:41.491+0000][1][safepoint    ] Entering safepoint region: RevokeBias
[2019-10-14T07:32:41.492+0000][1][safepoint    ] Leaving safepoint region
[2019-10-14T07:32:41.492+0000][1][safepoint    ] Total time for which application threads were stopped: 0.0132432 seconds, Stopping threads took: 0.0128456 seconds
[2019-10-14T07:32:41.507+0000][1][safepoint    ] Application time: 0.0144560 seconds
[2019-10-14T07:32:41.510+0000][1][safepoint    ] Entering safepoint region: RevokeBias
[2019-10-14T07:32:41.511+0000][1][safepoint    ] Leaving safepoint region
[2019-10-14T07:32:41.511+0000][1][safepoint    ] Total time for which application threads were stopped: 0.0038333 seconds, Stopping threads took: 0.0033767 seconds
[2019-10-14T07:32:41.512+0000][1][safepoint    ] Application time: 0.0001445 seconds
[2019-10-14T07:32:41.512+0000][1][safepoint    ] Entering safepoint region: RevokeBias
[2019-10-14T07:32:41.513+0000][1][safepoint    ] Leaving safepoint region
[2019-10-14T07:32:41.513+0000][1][safepoint    ] Total time for which application threads were stopped: 0.0008081 seconds, Stopping threads took: 0.0004002 seconds
[2019-10-14T07:32:41.521+0000][1][safepoint    ] Application time: 0.0069243 seconds
[2019-10-14T07:32:41.522+0000][1][safepoint    ] Entering safepoint region: RevokeBias
[2019-10-14T07:32:41.524+0000][1][safepoint    ] Leaving safepoint region
[2019-10-14T07:32:41.525+0000][1][safepoint    ] Total time for which application threads were stopped: 0.0039856 seconds, Stopping threads took: 0.0023339 seconds
[2019-10-14T07:32:41.533+0000][1][safepoint    ] Application time: 0.0074332 seconds
[2019-10-14T07:32:41.542+0000][1][safepoint    ] Entering safepoint region: RevokeBias
[2019-10-14T07:32:41.543+0000][1][safepoint    ] Leaving safepoint region
[2019-10-14T07:32:41.543+0000][1][safepoint    ] Total time for which application threads were stopped: 0.0094945 seconds, Stopping threads took: 0.0088225 seconds
[2019-10-14T07:32:41.548+0000][1][safepoint    ] Application time: 0.0041214 seconds
[2019-10-14T07:32:41.549+0000][1][safepoint    ] Entering safepoint region: RevokeBias
[2019-10-14T07:32:41.550+0000][1][safepoint    ] Leaving safepoint region
[2019-10-14T07:32:41.550+0000][1][safepoint    ] Total time for which application threads were stopped: 0.0016533 seconds, Stopping threads took: 0.0007401 seconds
[2019-10-14T07:32:41.595+0000][1][safepoint    ] Application time: 0.0439913 seconds
[2019-10-14T07:32:41.599+0000][1][safepoint    ] Entering safepoint region: RevokeBias
[2019-10-14T07:32:41.603+0000][1][safepoint    ] Leaving safepoint region
[2019-10-14T07:32:41.603+0000][1][safepoint    ] Total time for which application threads were stopped: 0.0077046 seconds, Stopping threads took: 0.0071813 seconds
[2019-10-14T07:32:41.646+0000][1][safepoint    ] Application time: 0.0427752 seconds
[2019-10-14T07:32:41.647+0000][1][safepoint    ] Entering safepoint region: RevokeBias
[2019-10-14T07:32:41.647+0000][1][safepoint    ] Leaving safepoint region
[2019-10-14T07:32:41.647+0000][1][safepoint    ] Total time for which application threads were stopped: 0.0006464 seconds, Stopping threads took: 0.0003270 seconds
[2019-10-14T07:32:41.647+0000][1][safepoint    ] Application time: 0.0000537 seconds
[2019-10-14T07:32:41.648+0000][1][safepoint    ] Entering safepoint region: RevokeBias
[2019-10-14T07:32:41.648+0000][1][safepoint    ] Leaving safepoint region
[2019-10-14T07:32:41.648+0000][1][safepoint    ] Total time for which application threads were stopped: 0.0005680 seconds, Stopping threads took: 0.0003077 seconds
[2019-10-14T07:32:41.668+0000][1][safepoint    ] Application time: 0.0192692 seconds
[2019-10-14T07:32:41.668+0000][1][safepoint    ] Entering safepoint region: RevokeBias
[2019-10-14T07:32:41.669+0000][1][safepoint    ] Leaving safepoint region
[2019-10-14T07:32:41.669+0000][1][safepoint    ] Total time for which application threads were stopped: 0.0006731 seconds, Stopping threads took: 0.0003463 seconds
[2019-10-14T07:32:41.673+0000][1][safepoint    ] Application time: 0.0042839 seconds
[2019-10-14T07:32:41.674+0000][1][safepoint    ] Entering safepoint region: RevokeBias
[2019-10-14T07:32:41.675+0000][1][safepoint    ] Leaving safepoint region
[2019-10-14T07:32:41.675+0000][1][safepoint    ] Total time for which application threads were stopped: 0.0014097 seconds, Stopping threads took: 0.0008541 seconds
[2019-10-14T07:32:41.676+0000][1][safepoint    ] Application time: 0.0007917 seconds
[2019-10-14T07:32:41.677+0000][1][safepoint    ] Entering safepoint region: RevokeBias
[2019-10-14T07:32:41.677+0000][1][safepoint    ] Leaving safepoint region
[2019-10-14T07:32:41.677+0000][1][safepoint    ] Total time for which application threads were stopped: 0.0005810 seconds, Stopping threads took: 0.0002617 seconds
[2019-10-14T07:32:41.678+0000][1][safepoint    ] Application time: 0.0004205 seconds
[2019-10-14T07:32:41.678+0000][1][safepoint    ] Entering safepoint region: RevokeBias
[2019-10-14T07:32:41.679+0000][1][safepoint    ] Leaving safepoint region
[2019-10-14T07:32:41.679+0000][1][safepoint    ] Total time for which application threads were stopped: 0.0006264 seconds, Stopping threads took: 0.0002958 seconds
[2019-10-14T07:32:41.707+0000][1][safepoint    ] Application time: 0.0274387 seconds
[2019-10-14T07:32:41.711+0000][1][safepoint    ] Entering safepoint region: RevokeBias
[2019-10-14T07:32:41.711+0000][1][safepoint    ] Leaving safepoint region
[2019-10-14T07:32:41.712+0000][1][safepoint    ] Total time for which application threads were stopped: 0.0041798 seconds, Stopping threads took: 0.0037160 seconds
[2019-10-14T07:32:41.712+0000][1][safepoint    ] Application time: 0.0000612 seconds
[2019-10-14T07:32:41.712+0000][1][safepoint    ] Entering safepoint region: RevokeBias
[2019-10-14T07:32:41.713+0000][1][safepoint    ] Leaving safepoint region
[2019-10-14T07:32:41.713+0000][1][safepoint    ] Total time for which application threads were stopped: 0.0007305 seconds, Stopping threads took: 0.0003473 seconds
[2019-10-14T07:32:41.737+0000][1][safepoint    ] Application time: 0.0235757 seconds
[2019-10-14T07:32:41.740+0000][1][safepoint    ] Entering safepoint region: RevokeBias
[2019-10-14T07:32:41.744+0000][1][safepoint    ] Leaving safepoint region
[2019-10-14T07:32:41.745+0000][1][safepoint    ] Total time for which application threads were stopped: 0.0047046 seconds, Stopping threads took: 0.0034785 seconds
[2019-10-14T07:32:41.751+0000][1][safepoint    ] Application time: 0.0064409 seconds
[2019-10-14T07:32:41.763+0000][1][safepoint    ] Entering safepoint region: RevokeBias
[2019-10-14T07:32:41.768+0000][1][safepoint    ] Leaving safepoint region
[2019-10-14T07:32:41.768+0000][1][safepoint    ] Total time for which application threads were stopped: 0.0158414 seconds, Stopping threads took: 0.0150149 seconds
[2019-10-14T07:32:41.774+0000][1][safepoint    ] Application time: 0.0014067 seconds
[2019-10-14T07:32:41.775+0000][1][safepoint    ] Entering safepoint region: RevokeBias
[2019-10-14T07:32:41.775+0000][1][safepoint    ] Leaving safepoint region
[2019-10-14T07:32:41.775+0000][1][safepoint    ] Total time for which application threads were stopped: 0.0008018 seconds, Stopping threads took: 0.0003784 seconds
[2019-10-14T07:32:41.837+0000][1][safepoint    ] Application time: 0.0614405 seconds
[2019-10-14T07:32:41.869+0000][1][safepoint    ] Entering safepoint region: RevokeBias
[2019-10-14T07:32:41.870+0000][1][safepoint    ] Leaving safepoint region
[2019-10-14T07:32:41.877+0000][1][safepoint    ] Total time for which application threads were stopped: 0.0278098 seconds, Stopping threads took: 0.0210355 seconds
[2019-10-14T07:32:42.028+0000][1][safepoint    ] Application time: 0.1509224 seconds
[2019-10-14T07:32:42.032+0000][1][safepoint    ] Entering safepoint region: RevokeBias
[2019-10-14T07:32:42.033+0000][1][safepoint    ] Leaving safepoint region
[2019-10-14T07:32:42.033+0000][1][safepoint    ] Total time for which application threads were stopped: 0.0042916 seconds, Stopping threads took: 0.0038007 seconds
[2019-10-14T07:32:42.035+0000][1][safepoint    ] Application time: 0.0007389 seconds
[2019-10-14T07:32:42.039+0000][1][safepoint    ] Entering safepoint region: RevokeBias
[2019-10-14T07:32:42.041+0000][1][safepoint    ] Leaving safepoint region
[2019-10-14T07:32:42.042+0000][1][safepoint    ] Total time for which application threads were stopped: 0.0063769 seconds, Stopping threads took: 0.0057928 seconds
[2019-10-14T07:32:42.047+0000][1][safepoint    ] Application time: 0.0047961 seconds
[2019-10-14T07:32:42.048+0000][1][safepoint    ] Entering safepoint region: RevokeBias
[2019-10-14T07:32:42.048+0000][1][safepoint    ] Leaving safepoint region
[2019-10-14T07:32:42.049+0000][1][safepoint    ] Total time for which application threads were stopped: 0.0015457 seconds, Stopping threads took: 0.0008447 seconds
[2019-10-14T07:32:42.049+0000][1][safepoint    ] Application time: 0.0003593 seconds
[2019-10-14T07:32:42.050+0000][1][safepoint    ] Entering safepoint region: RevokeBias
[2019-10-14T07:32:42.050+0000][1][safepoint    ] Leaving safepoint region
[2019-10-14T07:32:42.051+0000][1][safepoint    ] Total time for which application threads were stopped: 0.0009754 seconds, Stopping threads took: 0.0004715 seconds
[2019-10-14T07:32:42.113+0000][1][safepoint    ] Application time: 0.0623053 seconds
[2019-10-14T07:32:42.115+0000][1][safepoint    ] Entering safepoint region: RevokeBias
[2019-10-14T07:32:42.115+0000][1][safepoint    ] Leaving safepoint region
[2019-10-14T07:32:42.116+0000][1][safepoint    ] Total time for which application threads were stopped: 0.0017525 seconds, Stopping threads took: 0.0009879 seconds
[2019-10-14T07:32:42.119+0000][1][safepoint    ] Application time: 0.0028327 seconds
[2019-10-14T07:32:42.120+0000][1][safepoint    ] Entering safepoint region: RevokeBias
[2019-10-14T07:32:42.121+0000][1][safepoint    ] Leaving safepoint region
[2019-10-14T07:32:42.121+0000][1][safepoint    ] Total time for which application threads were stopped: 0.0017420 seconds, Stopping threads took: 0.0009137 seconds
[2019-10-14T07:32:42.122+0000][1][safepoint    ] Application time: 0.0005289 seconds
[2019-10-14T07:32:42.126+0000][1][safepoint    ] Entering safepoint region: RevokeBias
[2019-10-14T07:32:42.127+0000][1][safepoint    ] Leaving safepoint region
[2019-10-14T07:32:42.128+0000][1][safepoint    ] Total time for which application threads were stopped: 0.0012437 seconds, Stopping threads took: 0.0004767 seconds
[2019-10-14T07:32:42.137+0000][1][safepoint    ] Application time: 0.0088809 seconds
[2019-10-14T07:32:42.139+0000][1][safepoint    ] Entering safepoint region: RevokeBias
[2019-10-14T07:32:42.145+0000][1][safepoint    ] Leaving safepoint region
[2019-10-14T07:32:42.154+0000][1][safepoint    ] Total time for which application threads were stopped: 0.0161270 seconds, Stopping threads took: 0.0059068 seconds
[2019-10-14T07:32:42.155+0000][1][safepoint    ] Application time: 0.0003318 seconds
[2019-10-14T07:32:42.161+0000][1][safepoint    ] Entering safepoint region: RevokeBias
[2019-10-14T07:32:42.162+0000][1][safepoint    ] Leaving safepoint region
[2019-10-14T07:32:42.163+0000][1][safepoint    ] Total time for which application threads were stopped: 0.0013279 seconds, Stopping threads took: 0.0007194 seconds
[2019-10-14T07:32:42.183+0000][1][safepoint    ] Application time: 0.0196113 seconds
[2019-10-14T07:32:42.194+0000][1][safepoint    ] Entering safepoint region: RevokeBias
[2019-10-14T07:32:42.201+0000][1][safepoint    ] Leaving safepoint region
[2019-10-14T07:32:42.202+0000][1][safepoint    ] Total time for which application threads were stopped: 0.0171095 seconds, Stopping threads took: 0.0155371 seconds
[2019-10-14T07:32:42.232+0000][1][safepoint    ] Application time: 0.0295278 seconds
[2019-10-14T07:32:42.249+0000][1][safepoint    ] Entering safepoint region: RevokeBias
[2019-10-14T07:32:42.250+0000][1][safepoint    ] Leaving safepoint region
[2019-10-14T07:32:42.250+0000][1][safepoint    ] Total time for which application threads were stopped: 0.0153609 seconds, Stopping threads took: 0.0145426 seconds
[2019-10-14T07:32:42.293+0000][1][safepoint    ] Application time: 0.0424208 seconds
[2019-10-14T07:32:42.295+0000][1][safepoint    ] Entering safepoint region: RevokeBias
[2019-10-14T07:32:42.295+0000][1][safepoint    ] Leaving safepoint region
[2019-10-14T07:32:42.296+0000][1][safepoint    ] Total time for which application threads were stopped: 0.0007547 seconds, Stopping threads took: 0.0003239 seconds
[2019-10-14T07:32:42.297+0000][1][safepoint    ] Application time: 0.0006723 seconds
[2019-10-14T07:32:42.303+0000][1][safepoint    ] Entering safepoint region: RevokeBias
[2019-10-14T07:32:42.303+0000][1][safepoint    ] Leaving safepoint region
[2019-10-14T07:32:42.304+0000][1][safepoint    ] Total time for which application threads were stopped: 0.0039411 seconds, Stopping threads took: 0.0035592 seconds
[2019-10-14T07:32:42.309+0000][1][safepoint    ] Application time: 0.0053051 seconds
[2019-10-14T07:32:42.315+0000][1][safepoint    ] Entering safepoint region: RevokeBias
[2019-10-14T07:32:42.316+0000][1][safepoint    ] Leaving safepoint region
[2019-10-14T07:32:42.316+0000][1][safepoint    ] Total time for which application threads were stopped: 0.0064459 seconds, Stopping threads took: 0.0059390 seconds
[2019-10-14T07:32:42.326+0000][1][safepoint    ] Application time: 0.0094254 seconds
[2019-10-14T07:32:42.330+0000][1][safepoint    ] Entering safepoint region: BulkRevokeBias
[2019-10-14T07:32:42.330+0000][1][safepoint    ] Leaving safepoint region
[2019-10-14T07:32:42.331+0000][1][safepoint    ] Total time for which application threads were stopped: 0.0042891 seconds, Stopping threads took: 0.0034682 seconds
[2019-10-14T07:32:42.351+0000][1][safepoint    ] Application time: 0.0195908 seconds
[2019-10-14T07:32:42.352+0000][1][safepoint    ] Entering safepoint region: RevokeBias
[2019-10-14T07:32:42.352+0000][1][safepoint    ] Leaving safepoint region
[2019-10-14T07:32:42.352+0000][1][safepoint    ] Total time for which application threads were stopped: 0.0009115 seconds, Stopping threads took: 0.0005032 seconds
[2019-10-14T07:32:42.433+0000][1][safepoint    ] Application time: 0.0802479 seconds
[2019-10-14T07:32:42.436+0000][1][safepoint    ] Entering safepoint region: RevokeBias
[2019-10-14T07:32:42.437+0000][1][safepoint    ] Leaving safepoint region
[2019-10-14T07:32:42.437+0000][1][safepoint    ] Total time for which application threads were stopped: 0.0038282 seconds, Stopping threads took: 0.0033540 seconds
[2019-10-14T07:32:42.467+0000][1][safepoint    ] Application time: 0.0296502 seconds
[2019-10-14T07:32:42.471+0000][1][safepoint    ] Entering safepoint region: BulkRevokeBias
[2019-10-14T07:32:42.472+0000][1][safepoint    ] Leaving safepoint region
[2019-10-14T07:32:42.474+0000][1][safepoint    ] Total time for which application threads were stopped: 0.0063854 seconds, Stopping threads took: 0.0042698 seconds
[2019-10-14T07:32:42.474+0000][1][safepoint    ] Application time: 0.0002366 seconds
[2019-10-14T07:32:42.476+0000][1][safepoint    ] Entering safepoint region: RevokeBias
[2019-10-14T07:32:42.477+0000][1][safepoint    ] Leaving safepoint region
[2019-10-14T07:32:42.477+0000][1][safepoint    ] Total time for which application threads were stopped: 0.0020178 seconds, Stopping threads took: 0.0016785 seconds
[2019-10-14T07:32:42.494+0000][1][safepoint    ] Application time: 0.0163364 seconds
[2019-10-14T07:32:42.498+0000][1][safepoint    ] Entering safepoint region: RevokeBias
[2019-10-14T07:32:42.498+0000][1][safepoint    ] Leaving safepoint region
[2019-10-14T07:32:42.498+0000][1][safepoint    ] Total time for which application threads were stopped: 0.0045098 seconds, Stopping threads took: 0.0041735 seconds
[2019-10-14T07:32:42.500+0000][1][safepoint    ] Application time: 0.0008916 seconds
[2019-10-14T07:32:42.500+0000][1][safepoint    ] Entering safepoint region: RevokeBias
[2019-10-14T07:32:42.500+0000][1][safepoint    ] Leaving safepoint region
[2019-10-14T07:32:42.501+0000][1][safepoint    ] Total time for which application threads were stopped: 0.0005226 seconds, Stopping threads took: 0.0002751 seconds
[2019-10-14T07:32:42.503+0000][1][safepoint    ] Application time: 0.0019740 seconds
[2019-10-14T07:32:42.503+0000][1][safepoint    ] Entering safepoint region: RevokeBias
[2019-10-14T07:32:42.503+0000][1][safepoint    ] Leaving safepoint region
[2019-10-14T07:32:42.504+0000][1][safepoint    ] Total time for which application threads were stopped: 0.0004677 seconds, Stopping threads took: 0.0001852 seconds
[2019-10-14T07:32:42.504+0000][1][safepoint    ] Application time: 0.0000452 seconds
[2019-10-14T07:32:42.504+0000][1][safepoint    ] Entering safepoint region: RevokeBias
[2019-10-14T07:32:42.504+0000][1][safepoint    ] Leaving safepoint region
[2019-10-14T07:32:42.505+0000][1][safepoint    ] Total time for which application threads were stopped: 0.0005049 seconds, Stopping threads took: 0.0002952 seconds
[2019-10-14T07:32:42.505+0000][1][safepoint    ] Application time: 0.0002069 seconds
[2019-10-14T07:32:42.505+0000][1][safepoint    ] Entering safepoint region: RevokeBias
[2019-10-14T07:32:42.506+0000][1][safepoint    ] Leaving safepoint region
[2019-10-14T07:32:42.506+0000][1][safepoint    ] Total time for which application threads were stopped: 0.0006133 seconds, Stopping threads took: 0.0003158 seconds
[2019-10-14T07:32:42.506+0000][1][safepoint    ] Application time: 0.0000587 seconds
[2019-10-14T07:32:42.507+0000][1][safepoint    ] Entering safepoint region: RevokeBias
[2019-10-14T07:32:42.507+0000][1][safepoint    ] Leaving safepoint region
[2019-10-14T07:32:42.508+0000][1][safepoint    ] Total time for which application threads were stopped: 0.0006413 seconds, Stopping threads took: 0.0002379 seconds
[2019-10-14T07:32:42.509+0000][1][safepoint    ] Application time: 0.0011018 seconds
[2019-10-14T07:32:42.510+0000][1][safepoint    ] Entering safepoint region: RevokeBias
[2019-10-14T07:32:42.512+0000][1][safepoint    ] Leaving safepoint region
[2019-10-14T07:32:42.513+0000][1][safepoint    ] Total time for which application threads were stopped: 0.0037942 seconds, Stopping threads took: 0.0028808 seconds
[2019-10-14T07:32:42.514+0000][1][safepoint    ] Application time: 0.0010532 seconds
[2019-10-14T07:32:42.515+0000][1][safepoint    ] Entering safepoint region: RevokeBias
[2019-10-14T07:32:42.516+0000][1][safepoint    ] Leaving safepoint region
[2019-10-14T07:32:42.516+0000][1][safepoint    ] Total time for which application threads were stopped: 0.0011155 seconds, Stopping threads took: 0.0008519 seconds
[2019-10-14T07:32:42.517+0000][1][safepoint    ] Application time: 0.0006728 seconds
[2019-10-14T07:32:42.517+0000][1][safepoint    ] Entering safepoint region: RevokeBias
[2019-10-14T07:32:42.518+0000][1][safepoint    ] Leaving safepoint region
[2019-10-14T07:32:42.518+0000][1][safepoint    ] Total time for which application threads were stopped: 0.0007858 seconds, Stopping threads took: 0.0004605 seconds
[2019-10-14T07:32:42.529+0000][1][safepoint    ] Application time: 0.0105375 seconds
[2019-10-14T07:32:42.543+0000][1][safepoint    ] Entering safepoint region: RevokeBias
[2019-10-14T07:32:42.546+0000][1][safepoint    ] Leaving safepoint region
[2019-10-14T07:32:42.546+0000][1][safepoint    ] Total time for which application threads were stopped: 0.0168104 seconds, Stopping threads took: 0.0162389 seconds
[2019-10-14T07:32:42.549+0000][1][safepoint    ] Application time: 0.0022761 seconds
[2019-10-14T07:32:42.557+0000][1][safepoint    ] Entering safepoint region: RevokeBias
[2019-10-14T07:32:42.557+0000][1][safepoint    ] Leaving safepoint region
[2019-10-14T07:32:42.558+0000][1][safepoint    ] Total time for which application threads were stopped: 0.0074210 seconds, Stopping threads took: 0.0069887 seconds
[2019-10-14T07:32:42.559+0000][1][safepoint    ] Application time: 0.0013032 seconds
[2019-10-14T07:32:42.561+0000][1][safepoint    ] Entering safepoint region: RevokeBias
[2019-10-14T07:32:42.561+0000][1][safepoint    ] Leaving safepoint region
[2019-10-14T07:32:42.561+0000][1][safepoint    ] Total time for which application threads were stopped: 0.0011815 seconds, Stopping threads took: 0.0008434 seconds
[2019-10-14T07:32:42.565+0000][1][safepoint    ] Application time: 0.0035975 seconds
[2019-10-14T07:32:42.566+0000][1][safepoint    ] Entering safepoint region: RevokeBias
[2019-10-14T07:32:42.567+0000][1][safepoint    ] Leaving safepoint region
[2019-10-14T07:32:42.567+0000][1][safepoint    ] Total time for which application threads were stopped: 0.0012539 seconds, Stopping threads took: 0.0008677 seconds
[2019-10-14T07:32:42.568+0000][1][safepoint    ] Application time: 0.0005264 seconds
[2019-10-14T07:32:42.569+0000][1][safepoint    ] Entering safepoint region: RevokeBias
[2019-10-14T07:32:42.570+0000][1][safepoint    ] Leaving safepoint region
[2019-10-14T07:32:42.572+0000][1][safepoint    ] Total time for which application threads were stopped: 0.0025785 seconds, Stopping threads took: 0.0013843 seconds
[2019-10-14T07:32:42.575+0000][1][safepoint    ] Application time: 0.0019503 seconds
[2019-10-14T07:32:42.577+0000][1][safepoint    ] Entering safepoint region: RevokeBias
[2019-10-14T07:32:42.577+0000][1][safepoint    ] Leaving safepoint region
[2019-10-14T07:32:42.577+0000][1][safepoint    ] Total time for which application threads were stopped: 0.0013714 seconds, Stopping threads took: 0.0010004 seconds
[2019-10-14T07:32:42.580+0000][1][safepoint    ] Application time: 0.0020576 seconds
[2019-10-14T07:32:42.582+0000][1][safepoint    ] Entering safepoint region: RevokeBias
[2019-10-14T07:32:42.583+0000][1][safepoint    ] Leaving safepoint region
[2019-10-14T07:32:42.583+0000][1][safepoint    ] Total time for which application threads were stopped: 0.0008677 seconds, Stopping threads took: 0.0004771 seconds
[2019-10-14T07:32:42.584+0000][1][safepoint    ] Application time: 0.0007856 seconds
[2019-10-14T07:32:42.585+0000][1][safepoint    ] Entering safepoint region: RevokeBias
[2019-10-14T07:32:42.585+0000][1][safepoint    ] Leaving safepoint region
[2019-10-14T07:32:42.585+0000][1][safepoint    ] Total time for which application threads were stopped: 0.0007828 seconds, Stopping threads took: 0.0003087 seconds
[2019-10-14T07:32:42.587+0000][1][safepoint    ] Application time: 0.0010614 seconds
[2019-10-14T07:32:42.592+0000][1][safepoint    ] Entering safepoint region: RevokeBias
[2019-10-14T07:32:42.593+0000][1][safepoint    ] Leaving safepoint region
[2019-10-14T07:32:42.593+0000][1][safepoint    ] Total time for which application threads were stopped: 0.0008127 seconds, Stopping threads took: 0.0004536 seconds
[2019-10-14T07:32:42.594+0000][1][safepoint    ] Application time: 0.0002780 seconds
[2019-10-14T07:32:42.595+0000][1][safepoint    ] Entering safepoint region: RevokeBias
[2019-10-14T07:32:42.595+0000][1][safepoint    ] Leaving safepoint region
[2019-10-14T07:32:42.596+0000][1][safepoint    ] Total time for which application threads were stopped: 0.0010769 seconds, Stopping threads took: 0.0006210 seconds
[2019-10-14T07:32:42.598+0000][1][safepoint    ] Application time: 0.0020851 seconds
[2019-10-14T07:32:42.599+0000][1][safepoint    ] Entering safepoint region: RevokeBias
[2019-10-14T07:32:42.599+0000][1][safepoint    ] Leaving safepoint region
[2019-10-14T07:32:42.600+0000][1][safepoint    ] Total time for which application threads were stopped: 0.0013022 seconds, Stopping threads took: 0.0005658 seconds
[2019-10-14T07:32:42.601+0000][1][safepoint    ] Application time: 0.0004370 seconds
[2019-10-14T07:32:42.602+0000][1][safepoint    ] Entering safepoint region: RevokeBias
[2019-10-14T07:32:42.602+0000][1][safepoint    ] Leaving safepoint region
[2019-10-14T07:32:42.603+0000][1][safepoint    ] Total time for which application threads were stopped: 0.0018795 seconds, Stopping threads took: 0.0003502 seconds
[2019-10-14T07:32:42.605+0000][1][safepoint    ] Application time: 0.0012347 seconds
[2019-10-14T07:32:42.616+0000][1][safepoint    ] Entering safepoint region: RevokeBias
[2019-10-14T07:32:42.617+0000][1][safepoint    ] Leaving safepoint region
[2019-10-14T07:32:42.617+0000][1][safepoint    ] Total time for which application threads were stopped: 0.0009655 seconds, Stopping threads took: 0.0004729 seconds
[2019-10-14T07:32:42.618+0000][1][safepoint    ] Application time: 0.0005826 seconds
[2019-10-14T07:32:42.619+0000][1][safepoint    ] Entering safepoint region: RevokeBias
[2019-10-14T07:32:42.620+0000][1][safepoint    ] Leaving safepoint region
[2019-10-14T07:32:42.620+0000][1][safepoint    ] Total time for which application threads were stopped: 0.0009221 seconds, Stopping threads took: 0.0004169 seconds
[2019-10-14T07:32:42.621+0000][1][safepoint    ] Application time: 0.0002748 seconds
[2019-10-14T07:32:42.627+0000][1][safepoint    ] Entering safepoint region: RevokeBias
[2019-10-14T07:32:42.628+0000][1][safepoint    ] Leaving safepoint region
[2019-10-14T07:32:42.628+0000][1][safepoint    ] Total time for which application threads were stopped: 0.0012335 seconds, Stopping threads took: 0.0008319 seconds
[2019-10-14T07:32:42.629+0000][1][safepoint    ] Application time: 0.0003174 seconds
[2019-10-14T07:32:42.629+0000][1][safepoint    ] Entering safepoint region: RevokeBias
[2019-10-14T07:32:42.629+0000][1][safepoint    ] Leaving safepoint region
[2019-10-14T07:32:42.630+0000][1][safepoint    ] Total time for which application threads were stopped: 0.0007600 seconds, Stopping threads took: 0.0002957 seconds
[2019-10-14T07:32:42.630+0000][1][safepoint    ] Application time: 0.0002644 seconds
[2019-10-14T07:32:42.631+0000][1][safepoint    ] Entering safepoint region: RevokeBias
[2019-10-14T07:32:42.631+0000][1][safepoint    ] Leaving safepoint region
[2019-10-14T07:32:42.631+0000][1][safepoint    ] Total time for which application threads were stopped: 0.0007252 seconds, Stopping threads took: 0.0003633 seconds
[2019-10-14T07:32:42.632+0000][1][safepoint    ] Application time: 0.0003900 seconds
[2019-10-14T07:32:42.632+0000][1][safepoint    ] Entering safepoint region: RevokeBias
[2019-10-14T07:32:42.633+0000][1][safepoint    ] Leaving safepoint region
[2019-10-14T07:32:42.633+0000][1][safepoint    ] Total time for which application threads were stopped: 0.0007145 seconds, Stopping threads took: 0.0003629 seconds
[2019-10-14T07:32:42.633+0000][1][safepoint    ] Application time: 0.0001391 seconds
[2019-10-14T07:32:42.635+0000][1][safepoint    ] Entering safepoint region: RevokeBias
[2019-10-14T07:32:42.636+0000][1][safepoint    ] Leaving safepoint region
[2019-10-14T07:32:42.636+0000][1][safepoint    ] Total time for which application threads were stopped: 0.0015706 seconds, Stopping threads took: 0.0011931 seconds
[2019-10-14T07:32:42.636+0000][1][safepoint    ] Application time: 0.0001262 seconds
[2019-10-14T07:32:42.637+0000][1][safepoint    ] Entering safepoint region: RevokeBias
[2019-10-14T07:32:42.637+0000][1][safepoint    ] Leaving safepoint region
[2019-10-14T07:32:42.638+0000][1][safepoint    ] Total time for which application threads were stopped: 0.0012988 seconds, Stopping threads took: 0.0005432 seconds
[2019-10-14T07:32:42.639+0000][1][safepoint    ] Application time: 0.0003060 seconds
[2019-10-14T07:32:42.640+0000][1][safepoint    ] Entering safepoint region: RevokeBias
[2019-10-14T07:32:42.640+0000][1][safepoint    ] Leaving safepoint region
[2019-10-14T07:32:42.641+0000][1][safepoint    ] Total time for which application threads were stopped: 0.0009959 seconds, Stopping threads took: 0.0006262 seconds
[2019-10-14T07:32:42.641+0000][1][safepoint    ] Application time: 0.0001523 seconds
[2019-10-14T07:32:42.642+0000][1][safepoint    ] Entering safepoint region: RevokeBias
[2019-10-14T07:32:42.643+0000][1][safepoint    ] Leaving safepoint region
[2019-10-14T07:32:42.643+0000][1][safepoint    ] Total time for which application threads were stopped: 0.0015424 seconds, Stopping threads took: 0.0010250 seconds
[2019-10-14T07:32:42.643+0000][1][safepoint    ] Application time: 0.0003011 seconds
[2019-10-14T07:32:42.655+0000][1][safepoint    ] Entering safepoint region: RevokeBias
[2019-10-14T07:32:42.656+0000][1][safepoint    ] Leaving safepoint region
[2019-10-14T07:32:42.656+0000][1][safepoint    ] Total time for which application threads were stopped: 0.0118623 seconds, Stopping threads took: 0.0115816 seconds
[2019-10-14T07:32:42.658+0000][1][safepoint    ] Application time: 0.0019515 seconds
[2019-10-14T07:32:42.659+0000][1][safepoint    ] Entering safepoint region: RevokeBias
[2019-10-14T07:32:42.659+0000][1][safepoint    ] Leaving safepoint region
[2019-10-14T07:32:42.660+0000][1][safepoint    ] Total time for which application threads were stopped: 0.0007665 seconds, Stopping threads took: 0.0004511 seconds
[2019-10-14T07:32:42.660+0000][1][safepoint    ] Application time: 0.0001490 seconds
[2019-10-14T07:32:42.661+0000][1][safepoint    ] Entering safepoint region: RevokeBias
[2019-10-14T07:32:42.661+0000][1][safepoint    ] Leaving safepoint region
[2019-10-14T07:32:42.661+0000][1][safepoint    ] Total time for which application threads were stopped: 0.0005705 seconds, Stopping threads took: 0.0003012 seconds
[2019-10-14T07:32:42.662+0000][1][safepoint    ] Application time: 0.0002113 seconds
[2019-10-14T07:32:42.662+0000][1][safepoint    ] Entering safepoint region: RevokeBias
[2019-10-14T07:32:42.662+0000][1][safepoint    ] Leaving safepoint region
[2019-10-14T07:32:42.663+0000][1][safepoint    ] Total time for which application threads were stopped: 0.0009162 seconds, Stopping threads took: 0.0003948 seconds
[2019-10-14T07:32:42.664+0000][1][safepoint    ] Application time: 0.0006685 seconds
[2019-10-14T07:32:42.665+0000][1][safepoint    ] Entering safepoint region: RevokeBias
[2019-10-14T07:32:42.665+0000][1][safepoint    ] Leaving safepoint region
[2019-10-14T07:32:42.666+0000][1][safepoint    ] Total time for which application threads were stopped: 0.0013403 seconds, Stopping threads took: 0.0005686 seconds
[2019-10-14T07:32:42.667+0000][1][safepoint    ] Application time: 0.0003503 seconds
[2019-10-14T07:32:42.668+0000][1][safepoint    ] Entering safepoint region: RevokeBias
[2019-10-14T07:32:42.669+0000][1][safepoint    ] Leaving safepoint region
[2019-10-14T07:32:42.674+0000][1][safepoint    ] Total time for which application threads were stopped: 0.0067148 seconds, Stopping threads took: 0.0012271 seconds
[2019-10-14T07:32:42.675+0000][1][safepoint    ] Application time: 0.0003623 seconds
[2019-10-14T07:32:42.679+0000][1][safepoint    ] Entering safepoint region: RevokeBias
[2019-10-14T07:32:42.680+0000][1][safepoint    ] Leaving safepoint region
[2019-10-14T07:32:42.680+0000][1][safepoint    ] Total time for which application threads were stopped: 0.0045159 seconds, Stopping threads took: 0.0039737 seconds
[2019-10-14T07:32:42.685+0000][1][safepoint    ] Application time: 0.0045546 seconds
[2019-10-14T07:32:42.687+0000][1][safepoint    ] Entering safepoint region: BulkRevokeBias
[2019-10-14T07:32:42.688+0000][1][safepoint    ] Leaving safepoint region
[2019-10-14T07:32:42.688+0000][1][safepoint    ] Total time for which application threads were stopped: 0.0026944 seconds, Stopping threads took: 0.0020776 seconds
[2019-10-14T07:32:42.850+0000][1][safepoint    ] Application time: 0.1611937 seconds
[2019-10-14T07:32:42.852+0000][1][safepoint    ] Entering safepoint region: RevokeBias
[2019-10-14T07:32:42.852+0000][1][safepoint    ] Leaving safepoint region
[2019-10-14T07:32:42.853+0000][1][safepoint    ] Total time for which application threads were stopped: 0.0024493 seconds, Stopping threads took: 0.0018022 seconds
[2019-10-14T07:32:42.864+0000][1][safepoint    ] Application time: 0.0105031 seconds
[2019-10-14T07:32:42.867+0000][1][safepoint    ] Entering safepoint region: RevokeBias
[2019-10-14T07:32:42.867+0000][1][safepoint    ] Leaving safepoint region
[2019-10-14T07:32:42.868+0000][1][safepoint    ] Total time for which application threads were stopped: 0.0020719 seconds, Stopping threads took: 0.0015970 seconds
[2019-10-14T07:32:42.905+0000][1][safepoint    ] Application time: 0.0368223 seconds
[2019-10-14T07:32:42.906+0000][1][safepoint    ] Entering safepoint region: RevokeBias
[2019-10-14T07:32:42.907+0000][1][safepoint    ] Leaving safepoint region
[2019-10-14T07:32:42.908+0000][1][safepoint    ] Total time for which application threads were stopped: 0.0020811 seconds, Stopping threads took: 0.0017812 seconds
[2019-10-14T07:32:43.114+0000][1][safepoint    ] Application time: 0.2060690 seconds
[2019-10-14T07:32:43.114+0000][1][safepoint    ] Entering safepoint region: RevokeBias
[2019-10-14T07:32:43.115+0000][1][safepoint    ] Leaving safepoint region
[2019-10-14T07:32:43.116+0000][1][safepoint    ] Total time for which application threads were stopped: 0.0015087 seconds, Stopping threads took: 0.0004171 seconds
[2019-10-14T07:32:43.117+0000][1][safepoint    ] Application time: 0.0005055 seconds
[2019-10-14T07:32:43.118+0000][1][safepoint    ] Entering safepoint region: RevokeBias
[2019-10-14T07:32:43.154+0000][1][safepoint    ] Leaving safepoint region
[2019-10-14T07:32:43.155+0000][1][safepoint    ] Total time for which application threads were stopped: 0.0368786 seconds, Stopping threads took: 0.0158125 seconds
[2019-10-14T07:32:43.279+0000][1][safepoint    ] Application time: 0.1239243 seconds
[2019-10-14T07:32:43.286+0000][1][safepoint    ] Entering safepoint region: Deoptimize
[2019-10-14T07:32:43.287+0000][1][safepoint    ] Leaving safepoint region
[2019-10-14T07:32:43.292+0000][1][safepoint    ] Total time for which application threads were stopped: 0.0126311 seconds, Stopping threads took: 0.0071448 seconds
[2019-10-14T07:32:43.502+0000][1][safepoint    ] Application time: 0.2095056 seconds
[2019-10-14T07:32:43.502+0000][1][safepoint    ] Entering safepoint region: RevokeBias
[2019-10-14T07:32:43.503+0000][1][safepoint    ] Leaving safepoint region
[2019-10-14T07:32:43.503+0000][1][safepoint    ] Total time for which application threads were stopped: 0.0006264 seconds, Stopping threads took: 0.0002872 seconds
[2019-10-14T07:32:43.512+0000][1][safepoint    ] Application time: 0.0087809 seconds
[2019-10-14T07:32:43.513+0000][1][safepoint    ] Entering safepoint region: RevokeBias
[2019-10-14T07:32:43.514+0000][1][safepoint    ] Leaving safepoint region
[2019-10-14T07:32:43.514+0000][1][safepoint    ] Total time for which application threads were stopped: 0.0011406 seconds, Stopping threads took: 0.0007102 seconds
[2019-10-14T07:32:43.530+0000][1][safepoint    ] Application time: 0.0153078 seconds
[2019-10-14T07:32:43.530+0000][1][safepoint    ] Entering safepoint region: RevokeBias
[2019-10-14T07:32:43.530+0000][1][safepoint    ] Leaving safepoint region
[2019-10-14T07:32:43.531+0000][1][safepoint    ] Total time for which application threads were stopped: 0.0011028 seconds, Stopping threads took: 0.0002449 seconds
[2019-10-14T07:32:43.535+0000][1][safepoint    ] Application time: 0.0014534 seconds
[2019-10-14T07:32:43.543+0000][1][safepoint    ] Entering safepoint region: RevokeBias
[2019-10-14T07:32:43.543+0000][1][safepoint    ] Leaving safepoint region
[2019-10-14T07:32:43.544+0000][1][safepoint    ] Total time for which application threads were stopped: 0.0058385 seconds, Stopping threads took: 0.0052283 seconds
[2019-10-14T07:32:43.553+0000][1][safepoint    ] Application time: 0.0083497 seconds
[2019-10-14T07:32:43.554+0000][1][safepoint    ] Entering safepoint region: RevokeBias
[2019-10-14T07:32:43.555+0000][1][safepoint    ] Leaving safepoint region
[2019-10-14T07:32:43.556+0000][1][safepoint    ] Total time for which application threads were stopped: 0.0026472 seconds, Stopping threads took: 0.0012085 seconds
[2019-10-14T07:32:43.563+0000][1][safepoint    ] Application time: 0.0057639 seconds
[2019-10-14T07:32:43.568+0000][1][safepoint    ] Entering safepoint region: RevokeBias
[2019-10-14T07:32:43.568+0000][1][safepoint    ] Leaving safepoint region
[2019-10-14T07:32:43.569+0000][1][safepoint    ] Total time for which application threads were stopped: 0.0057254 seconds, Stopping threads took: 0.0054048 seconds
[2019-10-14T07:32:43.569+0000][1][safepoint    ] Application time: 0.0003737 seconds
[2019-10-14T07:32:43.570+0000][1][safepoint    ] Entering safepoint region: RevokeBias
[2019-10-14T07:32:43.570+0000][1][safepoint    ] Leaving safepoint region
[2019-10-14T07:32:43.571+0000][1][safepoint    ] Total time for which application threads were stopped: 0.0010617 seconds, Stopping threads took: 0.0005555 seconds
[2019-10-14T07:32:43.626+0000][1][safepoint    ] Application time: 0.0546795 seconds
[2019-10-14T07:32:43.627+0000][1][safepoint    ] Entering safepoint region: RevokeBias
[2019-10-14T07:32:43.628+0000][1][safepoint    ] Leaving safepoint region
[2019-10-14T07:32:43.628+0000][1][safepoint    ] Total time for which application threads were stopped: 0.0019407 seconds, Stopping threads took: 0.0009715 seconds
[2019-10-14T07:32:43.638+0000][1][safepoint    ] Application time: 0.0061095 seconds
[2019-10-14T07:32:43.639+0000][1][safepoint    ] Entering safepoint region: RevokeBias
[2019-10-14T07:32:43.640+0000][1][safepoint    ] Leaving safepoint region
[2019-10-14T07:32:43.641+0000][1][safepoint    ] Total time for which application threads were stopped: 0.0027436 seconds, Stopping threads took: 0.0007708 seconds
[2019-10-14T07:32:43.642+0000][1][safepoint    ] Application time: 0.0009879 seconds
[2019-10-14T07:32:43.643+0000][1][safepoint    ] Entering safepoint region: RevokeBias
[2019-10-14T07:32:43.644+0000][1][safepoint    ] Leaving safepoint region
[2019-10-14T07:32:43.644+0000][1][safepoint    ] Total time for which application threads were stopped: 0.0008392 seconds, Stopping threads took: 0.0004165 seconds
[2019-10-14T07:32:43.720+0000][1][safepoint    ] Application time: 0.0752621 seconds
[2019-10-14T07:32:43.720+0000][1][safepoint    ] Entering safepoint region: GenCollectForAllocation
[2019-10-14T07:32:43.720+0000][1][gc,start     ] GC(23) Pause Young (Allocation Failure)
[2019-10-14T07:32:43.721+0000][1][gc,task      ] GC(23) Using 2 workers of 2 for evacuation
[2019-10-14T07:32:43.785+0000][1][gc,age       ] GC(23) Desired survivor size 4456448 bytes, new threshold 2 (max threshold 6)
[2019-10-14T07:32:43.786+0000][1][gc,age       ] GC(23) Age table with threshold 2 (max threshold 6)
[2019-10-14T07:32:43.786+0000][1][gc,age       ] GC(23) - age   1:    2784416 bytes,    2784416 total
[2019-10-14T07:32:43.787+0000][1][gc,age       ] GC(23) - age   2:    2028080 bytes,    4812496 total
[2019-10-14T07:32:43.788+0000][1][gc,heap      ] GC(23) ParNew: 78656K->5845K(78656K)
[2019-10-14T07:32:43.789+0000][1][gc,heap      ] GC(23) CMS: 63275K->66705K(174784K)
[2019-10-14T07:32:43.789+0000][1][gc,metaspace ] GC(23) Metaspace: 73049K->73049K(1116160K)
[2019-10-14T07:32:43.790+0000][1][gc           ] GC(23) Pause Young (Allocation Failure) 138M->70M(247M) 69.418ms
[2019-10-14T07:32:43.791+0000][1][gc,cpu       ] GC(23) User=0.06s Sys=0.02s Real=0.07s
[2019-10-14T07:32:43.792+0000][1][safepoint    ] Leaving safepoint region
[2019-10-14T07:32:43.792+0000][1][safepoint    ] Total time for which application threads were stopped: 0.0723031 seconds, Stopping threads took: 0.0003616 seconds
[2019-10-14T07:32:43.878+0000][1][safepoint    ] Application time: 0.0853804 seconds
[2019-10-14T07:32:43.880+0000][1][safepoint    ] Entering safepoint region: RevokeBias
[2019-10-14T07:32:43.880+0000][1][safepoint    ] Leaving safepoint region
[2019-10-14T07:32:43.881+0000][1][safepoint    ] Total time for which application threads were stopped: 0.0013429 seconds, Stopping threads took: 0.0006672 seconds
[2019-10-14T07:32:43.883+0000][1][safepoint    ] Application time: 0.0002598 seconds
[2019-10-14T07:32:43.884+0000][1][safepoint    ] Entering safepoint region: RevokeBias
[2019-10-14T07:32:43.884+0000][1][safepoint    ] Leaving safepoint region
[2019-10-14T07:32:43.885+0000][1][safepoint    ] Total time for which application threads were stopped: 0.0011314 seconds, Stopping threads took: 0.0005988 seconds
[2019-10-14T07:32:43.885+0000][1][safepoint    ] Application time: 0.0000471 seconds
[2019-10-14T07:32:43.886+0000][1][safepoint    ] Entering safepoint region: RevokeBias
[2019-10-14T07:32:43.886+0000][1][safepoint    ] Leaving safepoint region
[2019-10-14T07:32:43.887+0000][1][safepoint    ] Total time for which application threads were stopped: 0.0011127 seconds, Stopping threads took: 0.0007047 seconds
[2019-10-14T07:32:43.916+0000][1][safepoint    ] Application time: 0.0294493 seconds
[2019-10-14T07:32:43.922+0000][1][safepoint    ] Entering safepoint region: RevokeBias
[2019-10-14T07:32:43.922+0000][1][safepoint    ] Leaving safepoint region
[2019-10-14T07:32:43.923+0000][1][safepoint    ] Total time for which application threads were stopped: 0.0053763 seconds, Stopping threads took: 0.0049339 seconds
[2019-10-14T07:32:43.923+0000][1][safepoint    ] Application time: 0.0001143 seconds
[2019-10-14T07:32:43.924+0000][1][safepoint    ] Entering safepoint region: RevokeBias
[2019-10-14T07:32:43.926+0000][1][safepoint    ] Leaving safepoint region
[2019-10-14T07:32:43.926+0000][1][safepoint    ] Total time for which application threads were stopped: 0.0016291 seconds, Stopping threads took: 0.0010879 seconds
[2019-10-14T07:32:43.926+0000][1][safepoint    ] Application time: 0.0000802 seconds
[2019-10-14T07:32:43.927+0000][1][safepoint    ] Entering safepoint region: RevokeBias
[2019-10-14T07:32:43.927+0000][1][safepoint    ] Leaving safepoint region
[2019-10-14T07:32:43.927+0000][1][safepoint    ] Total time for which application threads were stopped: 0.0006936 seconds, Stopping threads took: 0.0003212 seconds
[2019-10-14T07:32:43.928+0000][1][safepoint    ] Application time: 0.0000669 seconds
[2019-10-14T07:32:43.928+0000][1][safepoint    ] Entering safepoint region: RevokeBias
[2019-10-14T07:32:43.928+0000][1][safepoint    ] Leaving safepoint region
[2019-10-14T07:32:43.929+0000][1][safepoint    ] Total time for which application threads were stopped: 0.0006888 seconds, Stopping threads took: 0.0002987 seconds
[2019-10-14T07:32:43.965+0000][1][safepoint    ] Application time: 0.0354753 seconds
[2019-10-14T07:32:43.965+0000][1][safepoint    ] Entering safepoint region: RevokeBias
[2019-10-14T07:32:43.966+0000][1][safepoint    ] Leaving safepoint region
[2019-10-14T07:32:43.966+0000][1][safepoint    ] Total time for which application threads were stopped: 0.0007545 seconds, Stopping threads took: 0.0003306 seconds
[2019-10-14T07:32:43.996+0000][1][safepoint    ] Application time: 0.0296443 seconds
[2019-10-14T07:32:43.997+0000][1][safepoint    ] Entering safepoint region: RevokeBias
[2019-10-14T07:32:43.997+0000][1][safepoint    ] Leaving safepoint region
[2019-10-14T07:32:43.997+0000][1][safepoint    ] Total time for which application threads were stopped: 0.0008772 seconds, Stopping threads took: 0.0005354 seconds
[2019-10-14T07:32:44.013+0000][1][safepoint    ] Application time: 0.0155983 seconds
[2019-10-14T07:32:44.014+0000][1][safepoint    ] Entering safepoint region: RevokeBias
[2019-10-14T07:32:44.014+0000][1][safepoint    ] Leaving safepoint region
[2019-10-14T07:32:44.014+0000][1][safepoint    ] Total time for which application threads were stopped: 0.0006657 seconds, Stopping threads took: 0.0002763 seconds
[2019-10-14T07:32:44.043+0000][1][safepoint    ] Application time: 0.0285052 seconds
[2019-10-14T07:32:44.044+0000][1][safepoint    ] Entering safepoint region: RevokeBias
[2019-10-14T07:32:44.045+0000][1][safepoint    ] Leaving safepoint region
[2019-10-14T07:32:44.045+0000][1][safepoint    ] Total time for which application threads were stopped: 0.0009283 seconds, Stopping threads took: 0.0005085 seconds
[2019-10-14T07:32:44.063+0000][1][safepoint    ] Application time: 0.0176837 seconds
[2019-10-14T07:32:44.064+0000][1][safepoint    ] Entering safepoint region: RevokeBias
[2019-10-14T07:32:44.064+0000][1][safepoint    ] Leaving safepoint region
[2019-10-14T07:32:44.065+0000][1][safepoint    ] Total time for which application threads were stopped: 0.0009666 seconds, Stopping threads took: 0.0004947 seconds
[2019-10-14T07:32:44.066+0000][1][safepoint    ] Application time: 0.0005002 seconds
[2019-10-14T07:32:44.067+0000][1][safepoint    ] Entering safepoint region: RevokeBias
[2019-10-14T07:32:44.068+0000][1][safepoint    ] Leaving safepoint region
[2019-10-14T07:32:44.068+0000][1][safepoint    ] Total time for which application threads were stopped: 0.0016477 seconds, Stopping threads took: 0.0012525 seconds
[2019-10-14T07:32:44.073+0000][1][safepoint    ] Application time: 0.0045177 seconds
[2019-10-14T07:32:44.074+0000][1][safepoint    ] Entering safepoint region: RevokeBias
[2019-10-14T07:32:44.075+0000][1][safepoint    ] Leaving safepoint region
[2019-10-14T07:32:44.076+0000][1][safepoint    ] Total time for which application threads were stopped: 0.0023047 seconds, Stopping threads took: 0.0011627 seconds
[2019-10-14T07:32:44.083+0000][1][safepoint    ] Application time: 0.0070747 seconds
[2019-10-14T07:32:44.085+0000][1][safepoint    ] Entering safepoint region: RevokeBias
[2019-10-14T07:32:44.086+0000][1][safepoint    ] Leaving safepoint region
[2019-10-14T07:32:44.086+0000][1][safepoint    ] Total time for which application threads were stopped: 0.0021738 seconds, Stopping threads took: 0.0017385 seconds
[2019-10-14T07:32:44.087+0000][1][safepoint    ] Application time: 0.0000579 seconds
[2019-10-14T07:32:44.087+0000][1][safepoint    ] Entering safepoint region: RevokeBias
[2019-10-14T07:32:44.087+0000][1][safepoint    ] Leaving safepoint region
[2019-10-14T07:32:44.088+0000][1][safepoint    ] Total time for which application threads were stopped: 0.0007218 seconds, Stopping threads took: 0.0003120 seconds
[2019-10-14T07:32:44.090+0000][1][safepoint    ] Application time: 0.0023564 seconds
[2019-10-14T07:32:44.091+0000][1][safepoint    ] Entering safepoint region: RevokeBias
[2019-10-14T07:32:44.092+0000][1][safepoint    ] Leaving safepoint region
[2019-10-14T07:32:44.092+0000][1][safepoint    ] Total time for which application threads were stopped: 0.0018192 seconds, Stopping threads took: 0.0011271 seconds
[2019-10-14T07:32:44.105+0000][1][safepoint    ] Application time: 0.0119895 seconds
[2019-10-14T07:32:44.107+0000][1][safepoint    ] Entering safepoint region: RevokeBias
[2019-10-14T07:32:44.108+0000][1][safepoint    ] Leaving safepoint region
[2019-10-14T07:32:44.108+0000][1][safepoint    ] Total time for which application threads were stopped: 0.0011336 seconds, Stopping threads took: 0.0004210 seconds
[2019-10-14T07:32:44.110+0000][1][safepoint    ] Application time: 0.0010506 seconds
[2019-10-14T07:32:44.117+0000][1][safepoint    ] Entering safepoint region: RevokeBias
[2019-10-14T07:32:44.118+0000][1][safepoint    ] Leaving safepoint region
[2019-10-14T07:32:44.118+0000][1][safepoint    ] Total time for which application threads were stopped: 0.0053605 seconds, Stopping threads took: 0.0048214 seconds
[2019-10-14T07:32:44.126+0000][1][safepoint    ] Application time: 0.0074090 seconds
[2019-10-14T07:32:44.127+0000][1][safepoint    ] Entering safepoint region: RevokeBias
[2019-10-14T07:32:44.127+0000][1][safepoint    ] Leaving safepoint region
[2019-10-14T07:32:44.128+0000][1][safepoint    ] Total time for which application threads were stopped: 0.0010251 seconds, Stopping threads took: 0.0006023 seconds
[2019-10-14T07:32:44.129+0000][1][safepoint    ] Application time: 0.0009723 seconds
[2019-10-14T07:32:44.129+0000][1][safepoint    ] Entering safepoint region: CollectForMetadataAllocation
[2019-10-14T07:32:44.130+0000][1][safepoint    ] Leaving safepoint region
[2019-10-14T07:32:44.130+0000][1][safepoint    ] Total time for which application threads were stopped: 0.0008302 seconds, Stopping threads took: 0.0003892 seconds
[2019-10-14T07:32:44.131+0000][1][safepoint    ] Application time: 0.0000506 seconds
[2019-10-14T07:32:44.134+0000][1][safepoint    ] Entering safepoint region: CollectForMetadataAllocation
[2019-10-14T07:32:44.135+0000][1][safepoint    ] Leaving safepoint region
[2019-10-14T07:32:44.135+0000][1][safepoint    ] Total time for which application threads were stopped: 0.0008514 seconds, Stopping threads took: 0.0004520 seconds
[2019-10-14T07:32:44.139+0000][1][safepoint    ] Application time: 0.0035090 seconds
[2019-10-14T07:32:44.139+0000][1][safepoint    ] Entering safepoint region: CollectForMetadataAllocation
[2019-10-14T07:32:44.140+0000][1][safepoint    ] Leaving safepoint region
[2019-10-14T07:32:44.140+0000][1][safepoint    ] Total time for which application threads were stopped: 0.0008190 seconds, Stopping threads took: 0.0004556 seconds
[2019-10-14T07:32:44.146+0000][1][safepoint    ] Application time: 0.0053162 seconds
[2019-10-14T07:32:44.152+0000][1][safepoint    ] Entering safepoint region: RevokeBias
[2019-10-14T07:32:44.153+0000][1][safepoint    ] Leaving safepoint region
[2019-10-14T07:32:44.154+0000][1][safepoint    ] Total time for which application threads were stopped: 0.0047262 seconds, Stopping threads took: 0.0040835 seconds
[2019-10-14T07:32:44.154+0000][1][safepoint    ] Application time: 0.0002396 seconds
[2019-10-14T07:32:44.155+0000][1][safepoint    ] Entering safepoint region: RevokeBias
[2019-10-14T07:32:44.156+0000][1][safepoint    ] Leaving safepoint region
[2019-10-14T07:32:44.156+0000][1][safepoint    ] Total time for which application threads were stopped: 0.0011373 seconds, Stopping threads took: 0.0007302 seconds
[2019-10-14T07:32:44.167+0000][1][safepoint    ] Application time: 0.0106402 seconds
[2019-10-14T07:32:44.171+0000][1][safepoint    ] Entering safepoint region: RevokeBias
[2019-10-14T07:32:44.172+0000][1][safepoint    ] Leaving safepoint region
[2019-10-14T07:32:44.172+0000][1][safepoint    ] Total time for which application threads were stopped: 0.0042881 seconds, Stopping threads took: 0.0039210 seconds
[2019-10-14T07:32:44.193+0000][1][safepoint    ] Application time: 0.0205729 seconds
[2019-10-14T07:32:44.196+0000][1][safepoint    ] Entering safepoint region: RevokeBias
[2019-10-14T07:32:44.196+0000][1][safepoint    ] Leaving safepoint region
[2019-10-14T07:32:44.197+0000][1][safepoint    ] Total time for which application threads were stopped: 0.0009710 seconds, Stopping threads took: 0.0004585 seconds
[2019-10-14T07:32:44.197+0000][1][safepoint    ] Application time: 0.0002904 seconds
[2019-10-14T07:32:44.198+0000][1][safepoint    ] Entering safepoint region: RevokeBias
[2019-10-14T07:32:44.198+0000][1][safepoint    ] Leaving safepoint region
[2019-10-14T07:32:44.199+0000][1][safepoint    ] Total time for which application threads were stopped: 0.0011587 seconds, Stopping threads took: 0.0006525 seconds
[2019-10-14T07:32:44.485+0000][1][safepoint    ] Application time: 0.2851618 seconds
[2019-10-14T07:32:44.488+0000][1][safepoint    ] Entering safepoint region: RevokeBias
[2019-10-14T07:32:44.488+0000][1][safepoint    ] Leaving safepoint region
[2019-10-14T07:32:44.494+0000][1][safepoint    ] Total time for which application threads were stopped: 0.0073721 seconds, Stopping threads took: 0.0016766 seconds
[2019-10-14T07:32:44.498+0000][1][safepoint    ] Application time: 0.0004216 seconds
[2019-10-14T07:32:44.499+0000][1][safepoint    ] Entering safepoint region: RevokeBias
[2019-10-14T07:32:44.499+0000][1][safepoint    ] Leaving safepoint region
[2019-10-14T07:32:44.500+0000][1][safepoint    ] Total time for which application threads were stopped: 0.0009177 seconds, Stopping threads took: 0.0004489 seconds
[2019-10-14T07:32:44.500+0000][1][safepoint    ] Application time: 0.0000853 seconds
[2019-10-14T07:32:44.501+0000][1][safepoint    ] Entering safepoint region: RevokeBias
[2019-10-14T07:32:44.514+0000][1][safepoint    ] Leaving safepoint region
[2019-10-14T07:32:44.519+0000][1][safepoint    ] Total time for which application threads were stopped: 0.0181041 seconds, Stopping threads took: 0.0125507 seconds
[2019-10-14T07:32:44.521+0000][1][safepoint    ] Application time: 0.0001292 seconds
[2019-10-14T07:32:44.522+0000][1][safepoint    ] Entering safepoint region: RevokeBias
[2019-10-14T07:32:44.523+0000][1][safepoint    ] Leaving safepoint region
[2019-10-14T07:32:44.523+0000][1][safepoint    ] Total time for which application threads were stopped: 0.0007915 seconds, Stopping threads took: 0.0004040 seconds
[2019-10-14T07:32:44.523+0000][1][safepoint    ] Application time: 0.0001318 seconds
[2019-10-14T07:32:44.524+0000][1][safepoint    ] Entering safepoint region: RevokeBias
[2019-10-14T07:32:44.525+0000][1][safepoint    ] Leaving safepoint region
[2019-10-14T07:32:44.525+0000][1][safepoint    ] Total time for which application threads were stopped: 0.0010124 seconds, Stopping threads took: 0.0005428 seconds
[2019-10-14T07:32:44.839+0000][1][safepoint    ] Application time: 0.3133656 seconds
[2019-10-14T07:32:44.840+0000][1][safepoint    ] Entering safepoint region: RevokeBias
[2019-10-14T07:32:44.841+0000][1][safepoint    ] Leaving safepoint region
[2019-10-14T07:32:44.842+0000][1][safepoint    ] Total time for which application threads were stopped: 0.0022333 seconds, Stopping threads took: 0.0007892 seconds
[2019-10-14T07:32:44.843+0000][1][safepoint    ] Application time: 0.0001508 seconds
[2019-10-14T07:32:44.844+0000][1][safepoint    ] Entering safepoint region: RevokeBias
[2019-10-14T07:32:44.845+0000][1][safepoint    ] Leaving safepoint region
[2019-10-14T07:32:44.845+0000][1][safepoint    ] Total time for which application threads were stopped: 0.0013951 seconds, Stopping threads took: 0.0006891 seconds
[2019-10-14T07:32:44.994+0000][1][safepoint    ] Application time: 0.1481851 seconds
[2019-10-14T07:32:44.998+0000][1][safepoint    ] Entering safepoint region: RevokeBias
[2019-10-14T07:32:44.998+0000][1][safepoint    ] Leaving safepoint region
[2019-10-14T07:32:44.999+0000][1][safepoint    ] Total time for which application threads were stopped: 0.0011274 seconds, Stopping threads took: 0.0005701 seconds
[2019-10-14T07:32:44.999+0000][1][safepoint    ] Application time: 0.0000535 seconds
[2019-10-14T07:32:45.000+0000][1][safepoint    ] Entering safepoint region: RevokeBias
[2019-10-14T07:32:45.000+0000][1][safepoint    ] Leaving safepoint region
[2019-10-14T07:32:45.001+0000][1][safepoint    ] Total time for which application threads were stopped: 0.0010643 seconds, Stopping threads took: 0.0004946 seconds
[2019-10-14T07:32:45.003+0000][1][safepoint    ] Application time: 0.0015696 seconds
[2019-10-14T07:32:45.003+0000][1][safepoint    ] Entering safepoint region: CollectForMetadataAllocation
[2019-10-14T07:32:45.004+0000][1][safepoint    ] Leaving safepoint region
[2019-10-14T07:32:45.004+0000][1][safepoint    ] Total time for which application threads were stopped: 0.0009810 seconds, Stopping threads took: 0.0003731 seconds
[2019-10-14T07:32:45.021+0000][1][safepoint    ] Application time: 0.0159063 seconds
[2019-10-14T07:32:45.021+0000][1][safepoint    ] Entering safepoint region: RevokeBias
[2019-10-14T07:32:45.021+0000][1][safepoint    ] Leaving safepoint region
[2019-10-14T07:32:45.022+0000][1][safepoint    ] Total time for which application threads were stopped: 0.0008367 seconds, Stopping threads took: 0.0003790 seconds
[2019-10-14T07:32:45.022+0000][1][safepoint    ] Application time: 0.0001010 seconds
[2019-10-14T07:32:45.023+0000][1][safepoint    ] Entering safepoint region: RevokeBias
[2019-10-14T07:32:45.023+0000][1][safepoint    ] Leaving safepoint region
[2019-10-14T07:32:45.023+0000][1][safepoint    ] Total time for which application threads were stopped: 0.0007993 seconds, Stopping threads took: 0.0003593 seconds
[2019-10-14T07:32:45.027+0000][1][safepoint    ] Application time: 0.0035827 seconds
[2019-10-14T07:32:45.029+0000][1][safepoint    ] Entering safepoint region: RevokeBias
[2019-10-14T07:32:45.029+0000][1][safepoint    ] Leaving safepoint region
[2019-10-14T07:32:45.030+0000][1][safepoint    ] Total time for which application threads were stopped: 0.0009247 seconds, Stopping threads took: 0.0004587 seconds
[2019-10-14T07:32:45.793+0000][1][safepoint    ] Application time: 0.7633101 seconds
[2019-10-14T07:32:45.794+0000][1][safepoint    ] Entering safepoint region: CMS_Initial_Mark
[2019-10-14T07:32:45.795+0000][1][gc,start     ] GC(24) Pause Initial Mark
[2019-10-14T07:32:45.805+0000][1][gc           ] GC(24) Pause Initial Mark 91M->91M(247M) 9.939ms
[2019-10-14T07:32:45.805+0000][1][gc,cpu       ] GC(24) User=0.02s Sys=0.00s Real=0.02s
[2019-10-14T07:32:45.806+0000][1][safepoint    ] Leaving safepoint region
[2019-10-14T07:32:45.806+0000][1][safepoint    ] Total time for which application threads were stopped: 0.0123496 seconds, Stopping threads took: 0.0007098 seconds
[2019-10-14T07:32:45.807+0000][1][gc           ] GC(24) Concurrent Mark
[2019-10-14T07:32:45.871+0000][1][gc           ] GC(24) Concurrent Mark 64.188ms
[2019-10-14T07:32:45.872+0000][1][gc,cpu       ] GC(24) User=0.06s Sys=0.00s Real=0.06s
[2019-10-14T07:32:45.872+0000][1][gc           ] GC(24) Concurrent Preclean
[2019-10-14T07:32:45.874+0000][1][gc           ] GC(24) Concurrent Preclean 1.739ms
[2019-10-14T07:32:45.874+0000][1][gc,cpu       ] GC(24) User=0.00s Sys=0.00s Real=0.00s
[2019-10-14T07:32:45.875+0000][1][gc           ] GC(24) Concurrent Abortable Preclean
[2019-10-14T07:32:46.503+0000][1][safepoint    ] Application time: 0.6966228 seconds
[2019-10-14T07:32:46.504+0000][1][safepoint    ] Entering safepoint region: RevokeBias
[2019-10-14T07:32:46.505+0000][1][safepoint    ] Leaving safepoint region
[2019-10-14T07:32:46.505+0000][1][safepoint    ] Total time for which application threads were stopped: 0.0011243 seconds, Stopping threads took: 0.0006510 seconds
[2019-10-14T07:32:47.506+0000][1][safepoint    ] Application time: 1.0005180 seconds
[2019-10-14T07:32:47.507+0000][1][safepoint    ] Entering safepoint region: Cleanup
[2019-10-14T07:32:47.508+0000][1][safepoint    ] Leaving safepoint region
[2019-10-14T07:32:47.509+0000][1][safepoint    ] Total time for which application threads were stopped: 0.0011657 seconds, Stopping threads took: 0.0006113 seconds
[2019-10-14T07:32:48.032+0000][1][safepoint    ] Application time: 0.5230244 seconds
[2019-10-14T07:32:48.032+0000][1][safepoint    ] Entering safepoint region: RevokeBias
[2019-10-14T07:32:48.033+0000][1][safepoint    ] Leaving safepoint region
[2019-10-14T07:32:48.033+0000][1][safepoint    ] Total time for which application threads were stopped: 0.0008260 seconds, Stopping threads took: 0.0003279 seconds
[2019-10-14T07:32:48.036+0000][1][safepoint    ] Application time: 0.0024178 seconds
[2019-10-14T07:32:48.037+0000][1][safepoint    ] Entering safepoint region: RevokeBias
[2019-10-14T07:32:48.038+0000][1][safepoint    ] Leaving safepoint region
[2019-10-14T07:32:48.038+0000][1][safepoint    ] Total time for which application threads were stopped: 0.0010730 seconds, Stopping threads took: 0.0004979 seconds
[2019-10-14T07:32:49.019+0000][1][safepoint    ] Application time: 0.9802974 seconds
[2019-10-14T07:32:49.021+0000][1][safepoint    ] Entering safepoint region: RevokeBias
[2019-10-14T07:32:49.021+0000][1][safepoint    ] Leaving safepoint region
[2019-10-14T07:32:49.022+0000][1][safepoint    ] Total time for which application threads were stopped: 0.0011406 seconds, Stopping threads took: 0.0006486 seconds
[2019-10-14T07:32:50.022+0000][1][safepoint    ] Application time: 1.0005607 seconds
[2019-10-14T07:32:50.023+0000][1][safepoint    ] Entering safepoint region: Cleanup
[2019-10-14T07:32:50.024+0000][1][safepoint    ] Leaving safepoint region
[2019-10-14T07:32:50.024+0000][1][safepoint    ] Total time for which application threads were stopped: 0.0010061 seconds, Stopping threads took: 0.0004824 seconds
[2019-10-14T07:32:50.969+0000][1][gc           ] GC(24) Concurrent Abortable Preclean 5094.758ms
[2019-10-14T07:32:50.970+0000][1][gc,cpu       ] GC(24) User=1.32s Sys=0.05s Real=5.10s
[2019-10-14T07:32:50.971+0000][1][safepoint    ] Application time: 0.9463174 seconds
[2019-10-14T07:32:50.971+0000][1][safepoint    ] Entering safepoint region: CMS_Final_Remark
[2019-10-14T07:32:50.972+0000][1][gc,start     ] GC(24) Pause Remark
[2019-10-14T07:32:51.049+0000][1][gc           ] GC(24) Pause Remark 94M->94M(247M) 77.691ms
[2019-10-14T07:32:51.050+0000][1][gc,cpu       ] GC(24) User=0.06s Sys=0.00s Real=0.08s
[2019-10-14T07:32:51.051+0000][1][safepoint    ] Leaving safepoint region
[2019-10-14T07:32:51.051+0000][1][safepoint    ] Total time for which application threads were stopped: 0.0801595 seconds, Stopping threads took: 0.0004435 seconds
[2019-10-14T07:32:51.052+0000][1][gc           ] GC(24) Concurrent Sweep
[2019-10-14T07:32:51.069+0000][1][safepoint    ] Application time: 0.0174801 seconds
[2019-10-14T07:32:51.073+0000][1][safepoint    ] Entering safepoint region: RevokeBias
[2019-10-14T07:32:51.076+0000][1][safepoint    ] Leaving safepoint region
[2019-10-14T07:32:51.076+0000][1][safepoint    ] Total time for which application threads were stopped: 0.0067021 seconds, Stopping threads took: 0.0045166 seconds
[2019-10-14T07:32:51.122+0000][1][gc           ] GC(24) Concurrent Sweep 69.911ms
[2019-10-14T07:32:51.122+0000][1][gc,cpu       ] GC(24) User=0.05s Sys=0.02s Real=0.07s
[2019-10-14T07:32:51.123+0000][1][gc           ] GC(24) Concurrent Reset
[2019-10-14T07:32:51.123+0000][1][gc           ] GC(24) Concurrent Reset 0.506ms
[2019-10-14T07:32:51.124+0000][1][gc,cpu       ] GC(24) User=0.00s Sys=0.00s Real=0.00s
[2019-10-14T07:32:51.124+0000][1][gc,heap      ] GC(24) Old: 66705K->66122K(174784K)
[2019-10-14T07:32:51.531+0000][1][safepoint    ] Application time: 0.4541095 seconds
[2019-10-14T07:32:51.532+0000][1][safepoint    ] Entering safepoint region: BulkRevokeBias
[2019-10-14T07:32:51.533+0000][1][safepoint    ] Leaving safepoint region
[2019-10-14T07:32:51.533+0000][1][safepoint    ] Total time for which application threads were stopped: 0.0016795 seconds, Stopping threads took: 0.0008703 seconds
[2019-10-14T07:32:51.957+0000][1][safepoint    ] Application time: 0.4231295 seconds
[2019-10-14T07:32:51.957+0000][1][safepoint    ] Entering safepoint region: RevokeBias
[2019-10-14T07:32:51.958+0000][1][safepoint    ] Leaving safepoint region
[2019-10-14T07:32:51.958+0000][1][safepoint    ] Total time for which application threads were stopped: 0.0007713 seconds, Stopping threads took: 0.0004374 seconds
[2019-10-14T07:32:52.959+0000][1][safepoint    ] Application time: 1.0004037 seconds
[2019-10-14T07:32:52.960+0000][1][safepoint    ] Entering safepoint region: Cleanup
[2019-10-14T07:32:52.960+0000][1][safepoint    ] Leaving safepoint region
[2019-10-14T07:32:52.961+0000][1][safepoint    ] Total time for which application threads were stopped: 0.0013127 seconds, Stopping threads took: 0.0006083 seconds
[2019-10-14T07:32:53.965+0000][1][safepoint    ] Application time: 1.0035453 seconds
[2019-10-14T07:32:53.973+0000][1][safepoint    ] Entering safepoint region: Cleanup
[2019-10-14T07:32:53.976+0000][1][safepoint    ] Leaving safepoint region
[2019-10-14T07:32:53.978+0000][1][safepoint    ] Total time for which application threads were stopped: 0.0044960 seconds, Stopping threads took: 0.0022367 seconds
[2019-10-14T07:32:54.981+0000][1][safepoint    ] Application time: 1.0000713 seconds
[2019-10-14T07:32:54.982+0000][1][safepoint    ] Entering safepoint region: Cleanup
[2019-10-14T07:32:54.982+0000][1][safepoint    ] Leaving safepoint region
[2019-10-14T07:32:54.983+0000][1][safepoint    ] Total time for which application threads were stopped: 0.0014225 seconds, Stopping threads took: 0.0007417 seconds
[2019-10-14T07:32:55.984+0000][1][safepoint    ] Application time: 1.0001413 seconds
[2019-10-14T07:32:55.984+0000][1][safepoint    ] Entering safepoint region: Cleanup
[2019-10-14T07:32:55.985+0000][1][safepoint    ] Leaving safepoint region
[2019-10-14T07:32:55.985+0000][1][safepoint    ] Total time for which application threads were stopped: 0.0011272 seconds, Stopping threads took: 0.0006807 seconds
[2019-10-14T07:32:56.986+0000][1][safepoint    ] Application time: 1.0001810 seconds
[2019-10-14T07:32:56.987+0000][1][safepoint    ] Entering safepoint region: Cleanup
[2019-10-14T07:32:56.987+0000][1][safepoint    ] Leaving safepoint region
[2019-10-14T07:32:56.988+0000][1][safepoint    ] Total time for which application threads were stopped: 0.0007267 seconds, Stopping threads took: 0.0002814 seconds
[2019-10-14T07:32:57.988+0000][1][safepoint    ] Application time: 1.0001686 seconds
[2019-10-14T07:32:57.989+0000][1][safepoint    ] Entering safepoint region: Cleanup
[2019-10-14T07:32:57.990+0000][1][safepoint    ] Leaving safepoint region
[2019-10-14T07:32:57.990+0000][1][safepoint    ] Total time for which application threads were stopped: 0.0010737 seconds, Stopping threads took: 0.0005366 seconds
[2019-10-14T07:32:58.993+0000][1][safepoint    ] Application time: 1.0022450 seconds
[2019-10-14T07:32:58.995+0000][1][safepoint    ] Entering safepoint region: Cleanup
[2019-10-14T07:32:58.996+0000][1][safepoint    ] Leaving safepoint region
[2019-10-14T07:32:58.997+0000][1][safepoint    ] Total time for which application threads were stopped: 0.0015215 seconds, Stopping threads took: 0.0011530 seconds
[2019-10-14T07:32:59.997+0000][1][safepoint    ] Application time: 1.0002584 seconds
[2019-10-14T07:32:59.998+0000][1][safepoint    ] Entering safepoint region: Cleanup
[2019-10-14T07:32:59.998+0000][1][safepoint    ] Leaving safepoint region
[2019-10-14T07:32:59.999+0000][1][safepoint    ] Total time for which application threads were stopped: 0.0008568 seconds, Stopping threads took: 0.0004055 seconds
[2019-10-14T07:33:00.999+0000][1][safepoint    ] Application time: 1.0002474 seconds
[2019-10-14T07:33:01.000+0000][1][safepoint    ] Entering safepoint region: Cleanup
[2019-10-14T07:33:01.001+0000][1][safepoint    ] Leaving safepoint region
[2019-10-14T07:33:01.001+0000][1][safepoint    ] Total time for which application threads were stopped: 0.0011990 seconds, Stopping threads took: 0.0005418 seconds
[2019-10-14T07:33:02.004+0000][1][safepoint    ] Application time: 1.0019452 seconds
[2019-10-14T07:33:02.005+0000][1][safepoint    ] Entering safepoint region: Cleanup
[2019-10-14T07:33:02.006+0000][1][safepoint    ] Leaving safepoint region
[2019-10-14T07:33:02.006+0000][1][safepoint    ] Total time for which application threads were stopped: 0.0013261 seconds, Stopping threads took: 0.0005891 seconds
[2019-10-14T07:33:03.007+0000][1][safepoint    ] Application time: 1.0003192 seconds
[2019-10-14T07:33:03.008+0000][1][safepoint    ] Entering safepoint region: Cleanup
[2019-10-14T07:33:03.009+0000][1][safepoint    ] Leaving safepoint region
[2019-10-14T07:33:03.009+0000][1][safepoint    ] Total time for which application threads were stopped: 0.0009785 seconds, Stopping threads took: 0.0004822 seconds
[2019-10-14T07:33:03.988+0000][1][safepoint    ] Application time: 1.0004396 seconds
[2019-10-14T07:33:03.990+0000][1][safepoint    ] Entering safepoint region: Cleanup
[2019-10-14T07:33:03.990+0000][1][safepoint    ] Leaving safepoint region
[2019-10-14T07:33:03.991+0000][1][safepoint    ] Total time for which application threads were stopped: 0.0013294 seconds, Stopping threads took: 0.0005448 seconds
[2019-10-14T07:33:04.992+0000][1][safepoint    ] Application time: 1.0006206 seconds
[2019-10-14T07:33:04.993+0000][1][safepoint    ] Entering safepoint region: Cleanup
[2019-10-14T07:33:04.994+0000][1][safepoint    ] Leaving safepoint region
[2019-10-14T07:33:04.994+0000][1][safepoint    ] Total time for which application threads were stopped: 0.0013555 seconds, Stopping threads took: 0.0005296 seconds
[2019-10-14T07:33:05.995+0000][1][safepoint    ] Application time: 1.0004409 seconds
[2019-10-14T07:33:05.996+0000][1][safepoint    ] Entering safepoint region: Cleanup
[2019-10-14T07:33:05.996+0000][1][safepoint    ] Leaving safepoint region
[2019-10-14T07:33:05.997+0000][1][safepoint    ] Total time for which application threads were stopped: 0.0010417 seconds, Stopping threads took: 0.0005421 seconds
[2019-10-14T07:33:06.998+0000][1][safepoint    ] Application time: 1.0007957 seconds
[2019-10-14T07:33:06.999+0000][1][safepoint    ] Entering safepoint region: Cleanup
[2019-10-14T07:33:06.999+0000][1][safepoint    ] Leaving safepoint region
[2019-10-14T07:33:07.000+0000][1][safepoint    ] Total time for which application threads were stopped: 0.0015191 seconds, Stopping threads took: 0.0006380 seconds
[2019-10-14T07:33:08.001+0000][1][safepoint    ] Application time: 1.0005562 seconds
[2019-10-14T07:33:08.002+0000][1][safepoint    ] Entering safepoint region: Cleanup
[2019-10-14T07:33:08.003+0000][1][safepoint    ] Leaving safepoint region
[2019-10-14T07:33:08.004+0000][1][safepoint    ] Total time for which application threads were stopped: 0.0022474 seconds, Stopping threads took: 0.0007104 seconds
[2019-10-14T07:33:09.007+0000][1][safepoint    ] Application time: 1.0005312 seconds
[2019-10-14T07:33:09.008+0000][1][safepoint    ] Entering safepoint region: Cleanup
[2019-10-14T07:33:09.008+0000][1][safepoint    ] Leaving safepoint region
[2019-10-14T07:33:09.008+0000][1][safepoint    ] Total time for which application threads were stopped: 0.0008769 seconds, Stopping threads took: 0.0003585 seconds
[2019-10-14T07:33:10.009+0000][1][safepoint    ] Application time: 1.0008677 seconds
[2019-10-14T07:33:10.010+0000][1][safepoint    ] Entering safepoint region: Cleanup
[2019-10-14T07:33:10.011+0000][1][safepoint    ] Leaving safepoint region
[2019-10-14T07:33:10.011+0000][1][safepoint    ] Total time for which application threads were stopped: 0.0009693 seconds, Stopping threads took: 0.0004547 seconds
[2019-10-14T07:33:10.546+0000][1][safepoint    ] Application time: 0.5344382 seconds
[2019-10-14T07:33:10.546+0000][1][safepoint    ] Entering safepoint region: RevokeBias
[2019-10-14T07:33:10.548+0000][1][safepoint    ] Leaving safepoint region
[2019-10-14T07:33:10.548+0000][1][safepoint    ] Total time for which application threads were stopped: 0.0019092 seconds, Stopping threads took: 0.0009653 seconds
[2019-10-14T07:33:10.585+0000][1][safepoint    ] Application time: 0.0367017 seconds
[2019-10-14T07:33:10.586+0000][1][safepoint    ] Entering safepoint region: RevokeBias
[2019-10-14T07:33:10.586+0000][1][safepoint    ] Leaving safepoint region
[2019-10-14T07:33:10.586+0000][1][safepoint    ] Total time for which application threads were stopped: 0.0007946 seconds, Stopping threads took: 0.0003615 seconds
[2019-10-14T07:33:11.439+0000][1][safepoint    ] Application time: 0.8528584 seconds
[2019-10-14T07:33:11.440+0000][1][safepoint    ] Entering safepoint region: RevokeBias
[2019-10-14T07:33:11.441+0000][1][safepoint    ] Leaving safepoint region
[2019-10-14T07:33:11.441+0000][1][safepoint    ] Total time for which application threads were stopped: 0.0010563 seconds, Stopping threads took: 0.0006379 seconds
[2019-10-14T07:33:11.444+0000][1][safepoint    ] Application time: 0.0026152 seconds
[2019-10-14T07:33:11.445+0000][1][safepoint    ] Entering safepoint region: RevokeBias
[2019-10-14T07:33:11.445+0000][1][safepoint    ] Leaving safepoint region
[2019-10-14T07:33:11.445+0000][1][safepoint    ] Total time for which application threads were stopped: 0.0007015 seconds, Stopping threads took: 0.0003316 seconds
[2019-10-14T07:33:11.883+0000][1][safepoint    ] Application time: 0.4370745 seconds
[2019-10-14T07:33:11.884+0000][1][safepoint    ] Entering safepoint region: RevokeBias
[2019-10-14T07:33:11.884+0000][1][safepoint    ] Leaving safepoint region
[2019-10-14T07:33:11.884+0000][1][safepoint    ] Total time for which application threads were stopped: 0.0008042 seconds, Stopping threads took: 0.0003343 seconds
[2019-10-14T07:33:11.885+0000][1][safepoint    ] Application time: 0.0002963 seconds
[2019-10-14T07:33:11.886+0000][1][safepoint    ] Entering safepoint region: RevokeBias
[2019-10-14T07:33:11.886+0000][1][safepoint    ] Leaving safepoint region
[2019-10-14T07:33:11.887+0000][1][safepoint    ] Total time for which application threads were stopped: 0.0012052 seconds, Stopping threads took: 0.0006290 seconds
[2019-10-14T07:33:12.889+0000][1][safepoint    ] Application time: 1.0019231 seconds
[2019-10-14T07:33:12.891+0000][1][safepoint    ] Entering safepoint region: Cleanup
[2019-10-14T07:33:12.893+0000][1][safepoint    ] Leaving safepoint region
[2019-10-14T07:33:12.893+0000][1][safepoint    ] Total time for which application threads were stopped: 0.0020554 seconds, Stopping threads took: 0.0013847 seconds
[2019-10-14T07:33:13.895+0000][1][safepoint    ] Application time: 1.0010698 seconds
[2019-10-14T07:33:13.896+0000][1][safepoint    ] Entering safepoint region: Cleanup
[2019-10-14T07:33:13.896+0000][1][safepoint    ] Leaving safepoint region
[2019-10-14T07:33:13.896+0000][1][safepoint    ] Total time for which application threads were stopped: 0.0007582 seconds, Stopping threads took: 0.0003393 seconds
[2019-10-14T07:33:14.897+0000][1][safepoint    ] Application time: 1.0005147 seconds
[2019-10-14T07:33:14.898+0000][1][safepoint    ] Entering safepoint region: Cleanup
[2019-10-14T07:33:14.899+0000][1][safepoint    ] Leaving safepoint region
[2019-10-14T07:33:14.899+0000][1][safepoint    ] Total time for which application threads were stopped: 0.0015416 seconds, Stopping threads took: 0.0010008 seconds
[2019-10-14T07:33:15.900+0000][1][safepoint    ] Application time: 1.0009469 seconds
[2019-10-14T07:33:15.901+0000][1][safepoint    ] Entering safepoint region: Cleanup
[2019-10-14T07:33:15.902+0000][1][safepoint    ] Leaving safepoint region
[2019-10-14T07:33:15.902+0000][1][safepoint    ] Total time for which application threads were stopped: 0.0008483 seconds, Stopping threads took: 0.0003921 seconds
[2019-10-14T07:33:16.903+0000][1][safepoint    ] Application time: 1.0002074 seconds
[2019-10-14T07:33:16.903+0000][1][safepoint    ] Entering safepoint region: Cleanup
[2019-10-14T07:33:16.904+0000][1][safepoint    ] Leaving safepoint region
[2019-10-14T07:33:16.904+0000][1][safepoint    ] Total time for which application threads were stopped: 0.0008756 seconds, Stopping threads took: 0.0003969 seconds
[2019-10-14T07:33:17.907+0000][1][safepoint    ] Application time: 1.0024417 seconds
[2019-10-14T07:33:17.907+0000][1][safepoint    ] Entering safepoint region: Cleanup
[2019-10-14T07:33:17.908+0000][1][safepoint    ] Leaving safepoint region
[2019-10-14T07:33:17.908+0000][1][safepoint    ] Total time for which application threads were stopped: 0.0006953 seconds, Stopping threads took: 0.0003730 seconds
[2019-10-14T07:33:18.910+0000][1][safepoint    ] Application time: 1.0013649 seconds
[2019-10-14T07:33:18.911+0000][1][safepoint    ] Entering safepoint region: Cleanup
[2019-10-14T07:33:18.912+0000][1][safepoint    ] Leaving safepoint region
[2019-10-14T07:33:18.914+0000][1][safepoint    ] Total time for which application threads were stopped: 0.0028539 seconds, Stopping threads took: 0.0006411 seconds
[2019-10-14T07:33:19.914+0000][1][safepoint    ] Application time: 1.0000770 seconds
[2019-10-14T07:33:19.916+0000][1][safepoint    ] Entering safepoint region: Cleanup
[2019-10-14T07:33:19.917+0000][1][safepoint    ] Leaving safepoint region
[2019-10-14T07:33:19.918+0000][1][safepoint    ] Total time for which application threads were stopped: 0.0020467 seconds, Stopping threads took: 0.0006339 seconds
[2019-10-14T07:33:20.923+0000][1][safepoint    ] Application time: 1.0036921 seconds
[2019-10-14T07:33:20.924+0000][1][safepoint    ] Entering safepoint region: Cleanup
[2019-10-14T07:33:20.925+0000][1][safepoint    ] Leaving safepoint region
[2019-10-14T07:33:20.925+0000][1][safepoint    ] Total time for which application threads were stopped: 0.0016805 seconds, Stopping threads took: 0.0009076 seconds
[2019-10-14T07:33:21.926+0000][1][safepoint    ] Application time: 1.0001925 seconds
[2019-10-14T07:33:21.926+0000][1][safepoint    ] Entering safepoint region: Cleanup
[2019-10-14T07:33:21.927+0000][1][safepoint    ] Leaving safepoint region
[2019-10-14T07:33:21.927+0000][1][safepoint    ] Total time for which application threads were stopped: 0.0008565 seconds, Stopping threads took: 0.0003221 seconds
[2019-10-14T07:33:22.930+0000][1][safepoint    ] Application time: 1.0022196 seconds
[2019-10-14T07:33:22.931+0000][1][safepoint    ] Entering safepoint region: Cleanup
[2019-10-14T07:33:22.932+0000][1][safepoint    ] Leaving safepoint region
[2019-10-14T07:33:22.932+0000][1][safepoint    ] Total time for which application threads were stopped: 0.0014719 seconds, Stopping threads took: 0.0008806 seconds
[2019-10-14T07:33:23.936+0000][1][safepoint    ] Application time: 1.0029801 seconds
[2019-10-14T07:33:23.937+0000][1][safepoint    ] Entering safepoint region: Cleanup
[2019-10-14T07:33:23.938+0000][1][safepoint    ] Leaving safepoint region
[2019-10-14T07:33:23.938+0000][1][safepoint    ] Total time for which application threads were stopped: 0.0014188 seconds, Stopping threads took: 0.0008247 seconds
[2019-10-14T07:33:24.940+0000][1][safepoint    ] Application time: 1.0008331 seconds
[2019-10-14T07:33:24.940+0000][1][safepoint    ] Entering safepoint region: Cleanup
[2019-10-14T07:33:24.941+0000][1][safepoint    ] Leaving safepoint region
[2019-10-14T07:33:24.942+0000][1][safepoint    ] Total time for which application threads were stopped: 0.0014585 seconds, Stopping threads took: 0.0005345 seconds
[2019-10-14T07:33:25.947+0000][1][safepoint    ] Application time: 1.0021969 seconds
[2019-10-14T07:33:25.947+0000][1][safepoint    ] Entering safepoint region: Cleanup
[2019-10-14T07:33:25.948+0000][1][safepoint    ] Leaving safepoint region
[2019-10-14T07:33:25.949+0000][1][safepoint    ] Total time for which application threads were stopped: 0.0011934 seconds, Stopping threads took: 0.0006267 seconds
[2019-10-14T07:33:26.949+0000][1][safepoint    ] Application time: 1.0002364 seconds
[2019-10-14T07:33:26.950+0000][1][safepoint    ] Entering safepoint region: Cleanup
[2019-10-14T07:33:26.951+0000][1][safepoint    ] Leaving safepoint region
[2019-10-14T07:33:26.951+0000][1][safepoint    ] Total time for which application threads were stopped: 0.0013321 seconds, Stopping threads took: 0.0006569 seconds
[2019-10-14T07:33:27.955+0000][1][safepoint    ] Application time: 1.0028765 seconds
[2019-10-14T07:33:27.956+0000][1][safepoint    ] Entering safepoint region: Cleanup
[2019-10-14T07:33:27.957+0000][1][safepoint    ] Leaving safepoint region
[2019-10-14T07:33:27.957+0000][1][safepoint    ] Total time for which application threads were stopped: 0.0008033 seconds, Stopping threads took: 0.0003962 seconds
[2019-10-14T07:33:28.963+0000][1][safepoint    ] Application time: 1.0050619 seconds
[2019-10-14T07:33:28.964+0000][1][safepoint    ] Entering safepoint region: Cleanup
[2019-10-14T07:33:28.964+0000][1][safepoint    ] Leaving safepoint region
[2019-10-14T07:33:28.965+0000][1][safepoint    ] Total time for which application threads were stopped: 0.0022833 seconds, Stopping threads took: 0.0011534 seconds
[2019-10-14T07:33:29.967+0000][1][safepoint    ] Application time: 1.0009593 seconds
[2019-10-14T07:33:29.970+0000][1][safepoint    ] Entering safepoint region: Cleanup
[2019-10-14T07:33:29.971+0000][1][safepoint    ] Leaving safepoint region
[2019-10-14T07:33:29.971+0000][1][safepoint    ] Total time for which application threads were stopped: 0.0013222 seconds, Stopping threads took: 0.0005730 seconds
[2019-10-14T07:33:30.972+0000][1][safepoint    ] Application time: 1.0001801 seconds
[2019-10-14T07:33:30.973+0000][1][safepoint    ] Entering safepoint region: Cleanup
[2019-10-14T07:33:30.974+0000][1][safepoint    ] Leaving safepoint region
[2019-10-14T07:33:30.974+0000][1][safepoint    ] Total time for which application threads were stopped: 0.0011789 seconds, Stopping threads took: 0.0005253 seconds
[2019-10-14T07:33:31.975+0000][1][safepoint    ] Application time: 1.0004690 seconds
[2019-10-14T07:33:31.976+0000][1][safepoint    ] Entering safepoint region: Cleanup
[2019-10-14T07:33:31.976+0000][1][safepoint    ] Leaving safepoint region
[2019-10-14T07:33:31.977+0000][1][safepoint    ] Total time for which application threads were stopped: 0.0010928 seconds, Stopping threads took: 0.0005614 seconds
[2019-10-14T07:33:32.978+0000][1][safepoint    ] Application time: 1.0002513 seconds
[2019-10-14T07:33:32.978+0000][1][safepoint    ] Entering safepoint region: Cleanup
[2019-10-14T07:33:32.978+0000][1][safepoint    ] Leaving safepoint region
[2019-10-14T07:33:32.979+0000][1][safepoint    ] Total time for which application threads were stopped: 0.0007172 seconds, Stopping threads took: 0.0003149 seconds
[2019-10-14T07:33:33.958+0000][1][safepoint    ] Application time: 1.0001967 seconds
[2019-10-14T07:33:33.958+0000][1][safepoint    ] Entering safepoint region: Cleanup
[2019-10-14T07:33:33.959+0000][1][safepoint    ] Leaving safepoint region
[2019-10-14T07:33:33.959+0000][1][safepoint    ] Total time for which application threads were stopped: 0.0010755 seconds, Stopping threads took: 0.0005367 seconds
[2019-10-14T07:33:34.960+0000][1][safepoint    ] Application time: 1.0004698 seconds
[2019-10-14T07:33:34.961+0000][1][safepoint    ] Entering safepoint region: Cleanup
[2019-10-14T07:33:34.962+0000][1][safepoint    ] Leaving safepoint region
[2019-10-14T07:33:34.962+0000][1][safepoint    ] Total time for which application threads were stopped: 0.0008513 seconds, Stopping threads took: 0.0004149 seconds
[2019-10-14T07:33:35.963+0000][1][safepoint    ] Application time: 1.0008680 seconds
[2019-10-14T07:33:35.964+0000][1][safepoint    ] Entering safepoint region: Cleanup
[2019-10-14T07:33:35.965+0000][1][safepoint    ] Leaving safepoint region
[2019-10-14T07:33:35.966+0000][1][safepoint    ] Total time for which application threads were stopped: 0.0014167 seconds, Stopping threads took: 0.0007472 seconds
[2019-10-14T07:33:36.966+0000][1][safepoint    ] Application time: 1.0002725 seconds
[2019-10-14T07:33:36.967+0000][1][safepoint    ] Entering safepoint region: Cleanup
[2019-10-14T07:33:36.968+0000][1][safepoint    ] Leaving safepoint region
[2019-10-14T07:33:36.969+0000][1][safepoint    ] Total time for which application threads were stopped: 0.0012763 seconds, Stopping threads took: 0.0006297 seconds
[2019-10-14T07:33:37.969+0000][1][safepoint    ] Application time: 1.0005505 seconds
[2019-10-14T07:33:37.970+0000][1][safepoint    ] Entering safepoint region: Cleanup
[2019-10-14T07:33:37.971+0000][1][safepoint    ] Leaving safepoint region
[2019-10-14T07:33:37.972+0000][1][safepoint    ] Total time for which application threads were stopped: 0.0013751 seconds, Stopping threads took: 0.0004714 seconds
[2019-10-14T07:33:38.973+0000][1][safepoint    ] Application time: 1.0002359 seconds
[2019-10-14T07:33:38.973+0000][1][safepoint    ] Entering safepoint region: Cleanup
[2019-10-14T07:33:38.974+0000][1][safepoint    ] Leaving safepoint region
[2019-10-14T07:33:38.975+0000][1][safepoint    ] Total time for which application threads were stopped: 0.0013681 seconds, Stopping threads took: 0.0006357 seconds
[2019-10-14T07:33:39.975+0000][1][safepoint    ] Application time: 1.0002323 seconds
[2019-10-14T07:33:39.976+0000][1][safepoint    ] Entering safepoint region: Cleanup
[2019-10-14T07:33:39.977+0000][1][safepoint    ] Leaving safepoint region
[2019-10-14T07:33:39.977+0000][1][safepoint    ] Total time for which application threads were stopped: 0.0011376 seconds, Stopping threads took: 0.0005370 seconds
[2019-10-14T07:33:40.978+0000][1][safepoint    ] Application time: 1.0002482 seconds
[2019-10-14T07:33:40.980+0000][1][safepoint    ] Entering safepoint region: Cleanup
[2019-10-14T07:33:40.981+0000][1][safepoint    ] Leaving safepoint region
[2019-10-14T07:33:40.982+0000][1][safepoint    ] Total time for which application threads were stopped: 0.0020604 seconds, Stopping threads took: 0.0014099 seconds
[2019-10-14T07:33:41.983+0000][1][safepoint    ] Application time: 1.0008822 seconds
[2019-10-14T07:33:41.983+0000][1][safepoint    ] Entering safepoint region: Cleanup
[2019-10-14T07:33:41.984+0000][1][safepoint    ] Leaving safepoint region
[2019-10-14T07:33:41.984+0000][1][safepoint    ] Total time for which application threads were stopped: 0.0006928 seconds, Stopping threads took: 0.0003221 seconds
[2019-10-14T07:33:42.985+0000][1][safepoint    ] Application time: 1.0008288 seconds
[2019-10-14T07:33:42.986+0000][1][safepoint    ] Entering safepoint region: Cleanup
[2019-10-14T07:33:42.986+0000][1][safepoint    ] Leaving safepoint region
[2019-10-14T07:33:42.987+0000][1][safepoint    ] Total time for which application threads were stopped: 0.0012415 seconds, Stopping threads took: 0.0005759 seconds
[2019-10-14T07:33:43.988+0000][1][safepoint    ] Application time: 1.0006742 seconds
[2019-10-14T07:33:43.989+0000][1][safepoint    ] Entering safepoint region: Cleanup
[2019-10-14T07:33:43.990+0000][1][safepoint    ] Leaving safepoint region
[2019-10-14T07:33:43.991+0000][1][safepoint    ] Total time for which application threads were stopped: 0.0020294 seconds, Stopping threads took: 0.0008477 seconds
[2019-10-14T07:33:44.994+0000][1][safepoint    ] Application time: 1.0012223 seconds
[2019-10-14T07:33:44.997+0000][1][safepoint    ] Entering safepoint region: Cleanup
[2019-10-14T07:33:45.043+0000][1][safepoint    ] Leaving safepoint region
[2019-10-14T07:33:45.044+0000][1][safepoint    ] Total time for which application threads were stopped: 0.0464310 seconds, Stopping threads took: 0.0459103 seconds
[2019-10-14T07:33:46.045+0000][1][safepoint    ] Application time: 1.0002348 seconds
[2019-10-14T07:33:46.045+0000][1][safepoint    ] Entering safepoint region: Cleanup
[2019-10-14T07:33:46.046+0000][1][safepoint    ] Leaving safepoint region
[2019-10-14T07:33:46.046+0000][1][safepoint    ] Total time for which application threads were stopped: 0.0009662 seconds, Stopping threads took: 0.0004481 seconds
[2019-10-14T07:33:47.047+0000][1][safepoint    ] Application time: 1.0002330 seconds
[2019-10-14T07:33:47.047+0000][1][safepoint    ] Entering safepoint region: Cleanup
[2019-10-14T07:33:47.048+0000][1][safepoint    ] Leaving safepoint region
[2019-10-14T07:33:47.049+0000][1][safepoint    ] Total time for which application threads were stopped: 0.0015355 seconds, Stopping threads took: 0.0005745 seconds
[2019-10-14T07:33:48.052+0000][1][safepoint    ] Application time: 1.0021491 seconds
[2019-10-14T07:33:48.052+0000][1][safepoint    ] Entering safepoint region: Cleanup
[2019-10-14T07:33:48.053+0000][1][safepoint    ] Leaving safepoint region
[2019-10-14T07:33:48.054+0000][1][safepoint    ] Total time for which application threads were stopped: 0.0014195 seconds, Stopping threads took: 0.0007877 seconds
[2019-10-14T07:33:49.054+0000][1][safepoint    ] Application time: 1.0002502 seconds
[2019-10-14T07:33:49.055+0000][1][safepoint    ] Entering safepoint region: Cleanup
[2019-10-14T07:33:49.055+0000][1][safepoint    ] Leaving safepoint region
[2019-10-14T07:33:49.056+0000][1][safepoint    ] Total time for which application threads were stopped: 0.0008883 seconds, Stopping threads took: 0.0004259 seconds
[2019-10-14T07:33:49.730+0000][1][safepoint    ] Application time: 0.6738320 seconds
[2019-10-14T07:33:49.731+0000][1][safepoint    ] Entering safepoint region: GenCollectForAllocation
[2019-10-14T07:33:49.731+0000][1][gc,start     ] GC(25) Pause Young (Allocation Failure)
[2019-10-14T07:33:49.732+0000][1][gc,task      ] GC(25) Using 2 workers of 2 for evacuation
[2019-10-14T07:33:49.742+0000][1][gc,age       ] GC(25) Desired survivor size 4456448 bytes, new threshold 6 (max threshold 6)
[2019-10-14T07:33:49.743+0000][1][gc,age       ] GC(25) Age table with threshold 6 (max threshold 6)
[2019-10-14T07:33:49.743+0000][1][gc,age       ] GC(25) - age   1:     521184 bytes,     521184 total
[2019-10-14T07:33:49.744+0000][1][gc,age       ] GC(25) - age   2:    2672920 bytes,    3194104 total
[2019-10-14T07:33:49.744+0000][1][gc,heap      ] GC(25) ParNew: 75797K->4986K(78656K)
[2019-10-14T07:33:49.744+0000][1][gc,heap      ] GC(25) CMS: 66122K->68137K(174784K)
[2019-10-14T07:33:49.745+0000][1][gc,metaspace ] GC(25) Metaspace: 75304K->75304K(1118208K)
[2019-10-14T07:33:49.745+0000][1][gc           ] GC(25) Pause Young (Allocation Failure) 138M->71M(247M) 13.734ms
[2019-10-14T07:33:49.746+0000][1][gc,cpu       ] GC(25) User=0.02s Sys=0.00s Real=0.02s
[2019-10-14T07:33:49.746+0000][1][safepoint    ] Leaving safepoint region
[2019-10-14T07:33:49.747+0000][1][safepoint    ] Total time for which application threads were stopped: 0.0160203 seconds, Stopping threads took: 0.0005866 seconds
[2019-10-14T07:33:50.749+0000][1][safepoint    ] Application time: 1.0026552 seconds
[2019-10-14T07:33:50.750+0000][1][safepoint    ] Entering safepoint region: Cleanup
[2019-10-14T07:33:50.750+0000][1][safepoint    ] Leaving safepoint region
[2019-10-14T07:33:50.751+0000][1][safepoint    ] Total time for which application threads were stopped: 0.0009619 seconds, Stopping threads took: 0.0003865 seconds
[2019-10-14T07:33:51.752+0000][1][safepoint    ] Application time: 1.0009845 seconds
[2019-10-14T07:33:51.757+0000][1][safepoint    ] Entering safepoint region: Cleanup
[2019-10-14T07:33:51.759+0000][1][safepoint    ] Leaving safepoint region
[2019-10-14T07:33:51.759+0000][1][safepoint    ] Total time for which application threads were stopped: 0.0021438 seconds, Stopping threads took: 0.0016400 seconds
[2019-10-14T07:33:52.760+0000][1][safepoint    ] Application time: 1.0005534 seconds
[2019-10-14T07:33:52.761+0000][1][safepoint    ] Entering safepoint region: Cleanup
[2019-10-14T07:33:52.761+0000][1][safepoint    ] Leaving safepoint region
[2019-10-14T07:33:52.762+0000][1][safepoint    ] Total time for which application threads were stopped: 0.0010104 seconds, Stopping threads took: 0.0004969 seconds
[2019-10-14T07:33:53.765+0000][1][safepoint    ] Application time: 1.0031927 seconds
[2019-10-14T07:33:53.766+0000][1][safepoint    ] Entering safepoint region: Cleanup
[2019-10-14T07:33:53.767+0000][1][safepoint    ] Leaving safepoint region
[2019-10-14T07:33:53.767+0000][1][safepoint    ] Total time for which application threads were stopped: 0.0011568 seconds, Stopping threads took: 0.0004994 seconds
[2019-10-14T07:33:54.768+0000][1][safepoint    ] Application time: 1.0000425 seconds
[2019-10-14T07:33:54.768+0000][1][safepoint    ] Entering safepoint region: Cleanup
[2019-10-14T07:33:54.769+0000][1][safepoint    ] Leaving safepoint region
[2019-10-14T07:33:54.769+0000][1][safepoint    ] Total time for which application threads were stopped: 0.0006757 seconds, Stopping threads took: 0.0003119 seconds
[2019-10-14T07:33:55.416+0000][1][safepoint    ] Application time: 0.6463931 seconds
[2019-10-14T07:33:55.416+0000][1][safepoint    ] Entering safepoint region: RevokeBias
[2019-10-14T07:33:55.417+0000][1][safepoint    ] Leaving safepoint region
[2019-10-14T07:33:55.417+0000][1][safepoint    ] Total time for which application threads were stopped: 0.0010510 seconds, Stopping threads took: 0.0003842 seconds
[2019-10-14T07:33:55.431+0000][1][safepoint    ] Application time: 0.0129972 seconds
[2019-10-14T07:33:55.432+0000][1][safepoint    ] Entering safepoint region: RevokeBias
[2019-10-14T07:33:55.433+0000][1][safepoint    ] Leaving safepoint region
[2019-10-14T07:33:55.434+0000][1][safepoint    ] Total time for which application threads were stopped: 0.0024275 seconds, Stopping threads took: 0.0009389 seconds
[2019-10-14T07:33:55.438+0000][1][safepoint    ] Application time: 0.0000219 seconds
[2019-10-14T07:33:55.439+0000][1][safepoint    ] Entering safepoint region: RevokeBias
[2019-10-14T07:33:55.440+0000][1][safepoint    ] Leaving safepoint region
[2019-10-14T07:33:55.440+0000][1][safepoint    ] Total time for which application threads were stopped: 0.0013521 seconds, Stopping threads took: 0.0007639 seconds
[2019-10-14T07:33:55.443+0000][1][safepoint    ] Application time: 0.0019212 seconds
[2019-10-14T07:33:55.445+0000][1][safepoint    ] Entering safepoint region: RevokeBias
[2019-10-14T07:33:55.446+0000][1][safepoint    ] Leaving safepoint region
[2019-10-14T07:33:55.446+0000][1][safepoint    ] Total time for which application threads were stopped: 0.0016658 seconds, Stopping threads took: 0.0009497 seconds
[2019-10-14T07:33:55.459+0000][1][safepoint    ] Application time: 0.0122153 seconds
[2019-10-14T07:33:55.460+0000][1][safepoint    ] Entering safepoint region: Deoptimize
[2019-10-14T07:33:55.464+0000][1][safepoint    ] Leaving safepoint region
[2019-10-14T07:33:55.465+0000][1][safepoint    ] Total time for which application threads were stopped: 0.0047794 seconds, Stopping threads took: 0.0015930 seconds
[2019-10-14T07:33:55.485+0000][1][safepoint    ] Application time: 0.0192235 seconds
[2019-10-14T07:33:55.485+0000][1][safepoint    ] Entering safepoint region: Deoptimize
[2019-10-14T07:33:55.488+0000][1][safepoint    ] Leaving safepoint region
[2019-10-14T07:33:55.488+0000][1][safepoint    ] Total time for which application threads were stopped: 0.0031865 seconds, Stopping threads took: 0.0017203 seconds
[2019-10-14T07:33:55.523+0000][1][safepoint    ] Application time: 0.0340285 seconds
[2019-10-14T07:33:55.524+0000][1][safepoint    ] Entering safepoint region: RevokeBias
[2019-10-14T07:33:55.524+0000][1][safepoint    ] Leaving safepoint region
[2019-10-14T07:33:55.525+0000][1][safepoint    ] Total time for which application threads were stopped: 0.0010629 seconds, Stopping threads took: 0.0003281 seconds
[2019-10-14T07:33:55.686+0000][1][safepoint    ] Application time: 0.1607867 seconds
[2019-10-14T07:33:55.687+0000][1][safepoint    ] Entering safepoint region: RevokeBias
[2019-10-14T07:33:55.687+0000][1][safepoint    ] Leaving safepoint region
[2019-10-14T07:33:55.689+0000][1][safepoint    ] Total time for which application threads were stopped: 0.0019777 seconds, Stopping threads took: 0.0005239 seconds
[2019-10-14T07:33:56.690+0000][1][safepoint    ] Application time: 1.0007479 seconds
[2019-10-14T07:33:56.691+0000][1][safepoint    ] Entering safepoint region: Cleanup
[2019-10-14T07:33:56.691+0000][1][safepoint    ] Leaving safepoint region
[2019-10-14T07:33:56.692+0000][1][safepoint    ] Total time for which application threads were stopped: 0.0012085 seconds, Stopping threads took: 0.0006230 seconds
[2019-10-14T07:33:57.693+0000][1][safepoint    ] Application time: 1.0003472 seconds
[2019-10-14T07:33:57.694+0000][1][safepoint    ] Entering safepoint region: Cleanup
[2019-10-14T07:33:57.694+0000][1][safepoint    ] Leaving safepoint region
[2019-10-14T07:33:57.695+0000][1][safepoint    ] Total time for which application threads were stopped: 0.0014197 seconds, Stopping threads took: 0.0007688 seconds
[2019-10-14T07:33:58.697+0000][1][safepoint    ] Application time: 1.0016291 seconds
[2019-10-14T07:33:58.698+0000][1][safepoint    ] Entering safepoint region: Cleanup
[2019-10-14T07:33:58.699+0000][1][safepoint    ] Leaving safepoint region
[2019-10-14T07:33:58.700+0000][1][safepoint    ] Total time for which application threads were stopped: 0.0015183 seconds, Stopping threads took: 0.0007340 seconds
[2019-10-14T07:33:59.703+0000][1][safepoint    ] Application time: 1.0027609 seconds
[2019-10-14T07:33:59.704+0000][1][safepoint    ] Entering safepoint region: Cleanup
[2019-10-14T07:33:59.705+0000][1][safepoint    ] Leaving safepoint region
[2019-10-14T07:33:59.706+0000][1][safepoint    ] Total time for which application threads were stopped: 0.0015091 seconds, Stopping threads took: 0.0007930 seconds
[2019-10-14T07:34:00.709+0000][1][safepoint    ] Application time: 1.0031193 seconds
[2019-10-14T07:34:00.710+0000][1][safepoint    ] Entering safepoint region: Cleanup
[2019-10-14T07:34:00.711+0000][1][safepoint    ] Leaving safepoint region
[2019-10-14T07:34:00.712+0000][1][safepoint    ] Total time for which application threads were stopped: 0.0017315 seconds, Stopping threads took: 0.0008945 seconds
[2019-10-14T07:34:01.713+0000][1][safepoint    ] Application time: 1.0003823 seconds
[2019-10-14T07:34:01.714+0000][1][safepoint    ] Entering safepoint region: Cleanup
[2019-10-14T07:34:01.715+0000][1][safepoint    ] Leaving safepoint region
[2019-10-14T07:34:01.716+0000][1][safepoint    ] Total time for which application threads were stopped: 0.0023336 seconds, Stopping threads took: 0.0015633 seconds
[2019-10-14T07:34:02.718+0000][1][safepoint    ] Application time: 1.0011083 seconds
[2019-10-14T07:34:02.718+0000][1][safepoint    ] Entering safepoint region: Cleanup
[2019-10-14T07:34:02.719+0000][1][safepoint    ] Leaving safepoint region
[2019-10-14T07:34:02.720+0000][1][safepoint    ] Total time for which application threads were stopped: 0.0014113 seconds, Stopping threads took: 0.0007321 seconds
[2019-10-14T07:34:03.721+0000][1][safepoint    ] Application time: 1.0005313 seconds
[2019-10-14T07:34:03.722+0000][1][safepoint    ] Entering safepoint region: Cleanup
[2019-10-14T07:34:03.723+0000][1][safepoint    ] Leaving safepoint region
[2019-10-14T07:34:03.724+0000][1][safepoint    ] Total time for which application threads were stopped: 0.0014037 seconds, Stopping threads took: 0.0006717 seconds
[2019-10-14T07:34:04.703+0000][1][safepoint    ] Application time: 1.0003181 seconds
[2019-10-14T07:34:04.704+0000][1][safepoint    ] Entering safepoint region: Cleanup
[2019-10-14T07:34:04.705+0000][1][safepoint    ] Leaving safepoint region
[2019-10-14T07:34:04.706+0000][1][safepoint    ] Total time for which application threads were stopped: 0.0013207 seconds, Stopping threads took: 0.0006532 seconds
[2019-10-14T07:34:05.707+0000][1][safepoint    ] Application time: 1.0010372 seconds
[2019-10-14T07:34:05.708+0000][1][safepoint    ] Entering safepoint region: Cleanup
[2019-10-14T07:34:05.708+0000][1][safepoint    ] Leaving safepoint region
[2019-10-14T07:34:05.709+0000][1][safepoint    ] Total time for which application threads were stopped: 0.0010204 seconds, Stopping threads took: 0.0004389 seconds
[2019-10-14T07:34:06.711+0000][1][safepoint    ] Application time: 1.0017570 seconds
[2019-10-14T07:34:06.712+0000][1][safepoint    ] Entering safepoint region: Cleanup
[2019-10-14T07:34:06.713+0000][1][safepoint    ] Leaving safepoint region
[2019-10-14T07:34:06.714+0000][1][safepoint    ] Total time for which application threads were stopped: 0.0018483 seconds, Stopping threads took: 0.0006721 seconds
[2019-10-14T07:34:07.715+0000][1][safepoint    ] Application time: 1.0005531 seconds
[2019-10-14T07:34:07.716+0000][1][safepoint    ] Entering safepoint region: Cleanup
[2019-10-14T07:34:07.717+0000][1][safepoint    ] Leaving safepoint region
[2019-10-14T07:34:07.717+0000][1][safepoint    ] Total time for which application threads were stopped: 0.0012061 seconds, Stopping threads took: 0.0007183 seconds
[2019-10-14T07:34:08.720+0000][1][safepoint    ] Application time: 1.0026610 seconds
[2019-10-14T07:34:08.721+0000][1][safepoint    ] Entering safepoint region: Cleanup
[2019-10-14T07:34:08.722+0000][1][safepoint    ] Leaving safepoint region
[2019-10-14T07:34:08.722+0000][1][safepoint    ] Total time for which application threads were stopped: 0.0010785 seconds, Stopping threads took: 0.0005157 seconds
[2019-10-14T07:34:09.725+0000][1][safepoint    ] Application time: 1.0023980 seconds
[2019-10-14T07:34:09.726+0000][1][safepoint    ] Entering safepoint region: Cleanup
[2019-10-14T07:34:09.726+0000][1][safepoint    ] Leaving safepoint region
[2019-10-14T07:34:09.726+0000][1][safepoint    ] Total time for which application threads were stopped: 0.0008352 seconds, Stopping threads took: 0.0003972 seconds
[2019-10-14T07:34:10.562+0000][1][safepoint    ] Application time: 0.8355961 seconds
[2019-10-14T07:34:10.563+0000][1][safepoint    ] Entering safepoint region: RevokeBias
[2019-10-14T07:34:10.564+0000][1][safepoint    ] Leaving safepoint region
[2019-10-14T07:34:10.564+0000][1][safepoint    ] Total time for which application threads were stopped: 0.0008138 seconds, Stopping threads took: 0.0004914 seconds
[2019-10-14T07:34:10.564+0000][1][safepoint    ] Application time: 0.0002115 seconds
[2019-10-14T07:34:10.565+0000][1][safepoint    ] Entering safepoint region: RevokeBias
[2019-10-14T07:34:10.565+0000][1][safepoint    ] Leaving safepoint region
[2019-10-14T07:34:10.565+0000][1][safepoint    ] Total time for which application threads were stopped: 0.0005728 seconds, Stopping threads took: 0.0002606 seconds
[2019-10-14T07:34:10.570+0000][1][safepoint    ] Application time: 0.0050209 seconds
[2019-10-14T07:34:10.575+0000][1][safepoint    ] Entering safepoint region: RevokeBias
[2019-10-14T07:34:10.575+0000][1][safepoint    ] Leaving safepoint region
[2019-10-14T07:34:10.575+0000][1][safepoint    ] Total time for which application threads were stopped: 0.0005817 seconds, Stopping threads took: 0.0003041 seconds
[2019-10-14T07:34:11.576+0000][1][safepoint    ] Application time: 1.0001889 seconds
[2019-10-14T07:34:11.576+0000][1][safepoint    ] Entering safepoint region: Cleanup
[2019-10-14T07:34:11.577+0000][1][safepoint    ] Leaving safepoint region
[2019-10-14T07:34:11.577+0000][1][safepoint    ] Total time for which application threads were stopped: 0.0006833 seconds, Stopping threads took: 0.0003292 seconds
[2019-10-14T07:34:12.578+0000][1][safepoint    ] Application time: 1.0004833 seconds
[2019-10-14T07:34:12.578+0000][1][safepoint    ] Entering safepoint region: Cleanup
[2019-10-14T07:34:12.579+0000][1][safepoint    ] Leaving safepoint region
[2019-10-14T07:34:12.579+0000][1][safepoint    ] Total time for which application threads were stopped: 0.0009233 seconds, Stopping threads took: 0.0004693 seconds
[2019-10-14T07:34:13.580+0000][1][safepoint    ] Application time: 1.0008039 seconds
[2019-10-14T07:34:13.581+0000][1][safepoint    ] Entering safepoint region: Cleanup
[2019-10-14T07:34:13.582+0000][1][safepoint    ] Leaving safepoint region
[2019-10-14T07:34:13.583+0000][1][safepoint    ] Total time for which application threads were stopped: 0.0015842 seconds, Stopping threads took: 0.0005245 seconds
[2019-10-14T07:34:14.583+0000][1][safepoint    ] Application time: 1.0002363 seconds
[2019-10-14T07:34:14.584+0000][1][safepoint    ] Entering safepoint region: Cleanup
[2019-10-14T07:34:14.585+0000][1][safepoint    ] Leaving safepoint region
[2019-10-14T07:34:14.585+0000][1][safepoint    ] Total time for which application threads were stopped: 0.0013204 seconds, Stopping threads took: 0.0006963 seconds
[2019-10-14T07:34:15.589+0000][1][safepoint    ] Application time: 1.0033499 seconds
[2019-10-14T07:34:15.590+0000][1][safepoint    ] Entering safepoint region: Cleanup
[2019-10-14T07:34:15.591+0000][1][safepoint    ] Leaving safepoint region
[2019-10-14T07:34:15.591+0000][1][safepoint    ] Total time for which application threads were stopped: 0.0010551 seconds, Stopping threads took: 0.0005550 seconds
[2019-10-14T07:34:16.595+0000][1][safepoint    ] Application time: 1.0035372 seconds
[2019-10-14T07:34:16.596+0000][1][safepoint    ] Entering safepoint region: Cleanup
[2019-10-14T07:34:16.596+0000][1][safepoint    ] Leaving safepoint region
[2019-10-14T07:34:16.597+0000][1][safepoint    ] Total time for which application threads were stopped: 0.0008918 seconds, Stopping threads took: 0.0004439 seconds
[2019-10-14T07:34:17.597+0000][1][safepoint    ] Application time: 1.0003483 seconds
[2019-10-14T07:34:17.598+0000][1][safepoint    ] Entering safepoint region: Cleanup
[2019-10-14T07:34:17.599+0000][1][safepoint    ] Leaving safepoint region
[2019-10-14T07:34:17.599+0000][1][safepoint    ] Total time for which application threads were stopped: 0.0012038 seconds, Stopping threads took: 0.0006142 seconds
[2019-10-14T07:34:18.603+0000][1][safepoint    ] Application time: 1.0029343 seconds
[2019-10-14T07:34:18.604+0000][1][safepoint    ] Entering safepoint region: Cleanup
[2019-10-14T07:34:18.605+0000][1][safepoint    ] Leaving safepoint region
[2019-10-14T07:34:18.605+0000][1][safepoint    ] Total time for which application threads were stopped: 0.0014281 seconds, Stopping threads took: 0.0007858 seconds
[2019-10-14T07:34:19.609+0000][1][safepoint    ] Application time: 1.0033723 seconds
[2019-10-14T07:34:19.610+0000][1][safepoint    ] Entering safepoint region: Cleanup
[2019-10-14T07:34:19.611+0000][1][safepoint    ] Leaving safepoint region
[2019-10-14T07:34:19.612+0000][1][safepoint    ] Total time for which application threads were stopped: 0.0015783 seconds, Stopping threads took: 0.0007447 seconds
[2019-10-14T07:34:20.613+0000][1][safepoint    ] Application time: 1.0005016 seconds
[2019-10-14T07:34:20.613+0000][1][safepoint    ] Entering safepoint region: Cleanup
[2019-10-14T07:34:20.614+0000][1][safepoint    ] Leaving safepoint region
[2019-10-14T07:34:20.614+0000][1][safepoint    ] Total time for which application threads were stopped: 0.0009582 seconds, Stopping threads took: 0.0004893 seconds
[2019-10-14T07:34:21.615+0000][1][safepoint    ] Application time: 1.0006568 seconds
[2019-10-14T07:34:21.616+0000][1][safepoint    ] Entering safepoint region: Cleanup
[2019-10-14T07:34:21.617+0000][1][safepoint    ] Leaving safepoint region
[2019-10-14T07:34:21.619+0000][1][safepoint    ] Total time for which application threads were stopped: 0.0029220 seconds, Stopping threads took: 0.0006809 seconds
[2019-10-14T07:34:22.620+0000][1][safepoint    ] Application time: 1.0003519 seconds
[2019-10-14T07:34:22.620+0000][1][safepoint    ] Entering safepoint region: Cleanup
[2019-10-14T07:34:22.621+0000][1][safepoint    ] Leaving safepoint region
[2019-10-14T07:34:22.621+0000][1][safepoint    ] Total time for which application threads were stopped: 0.0008436 seconds, Stopping threads took: 0.0002716 seconds
[2019-10-14T07:34:23.623+0000][1][safepoint    ] Application time: 1.0014806 seconds
[2019-10-14T07:34:23.624+0000][1][safepoint    ] Entering safepoint region: Cleanup
[2019-10-14T07:34:23.625+0000][1][safepoint    ] Leaving safepoint region
[2019-10-14T07:34:23.625+0000][1][safepoint    ] Total time for which application threads were stopped: 0.0013196 seconds, Stopping threads took: 0.0007870 seconds
[2019-10-14T07:34:24.626+0000][1][safepoint    ] Application time: 1.0003916 seconds
[2019-10-14T07:34:24.627+0000][1][safepoint    ] Entering safepoint region: Cleanup
[2019-10-14T07:34:24.628+0000][1][safepoint    ] Leaving safepoint region
[2019-10-14T07:34:24.628+0000][1][safepoint    ] Total time for which application threads were stopped: 0.0010127 seconds, Stopping threads took: 0.0005577 seconds
[2019-10-14T07:34:25.629+0000][1][safepoint    ] Application time: 1.0006356 seconds
[2019-10-14T07:34:25.630+0000][1][safepoint    ] Entering safepoint region: Cleanup
[2019-10-14T07:34:25.631+0000][1][safepoint    ] Leaving safepoint region
[2019-10-14T07:34:25.631+0000][1][safepoint    ] Total time for which application threads were stopped: 0.0014560 seconds, Stopping threads took: 0.0007657 seconds
[2019-10-14T07:34:26.634+0000][1][safepoint    ] Application time: 1.0017457 seconds
[2019-10-14T07:34:26.636+0000][1][safepoint    ] Entering safepoint region: Cleanup
[2019-10-14T07:34:26.637+0000][1][safepoint    ] Leaving safepoint region
[2019-10-14T07:34:26.638+0000][1][safepoint    ] Total time for which application threads were stopped: 0.0029097 seconds, Stopping threads took: 0.0008455 seconds
[2019-10-14T07:34:27.639+0000][1][safepoint    ] Application time: 1.0001840 seconds
[2019-10-14T07:34:27.639+0000][1][safepoint    ] Entering safepoint region: Cleanup
[2019-10-14T07:34:27.640+0000][1][safepoint    ] Leaving safepoint region
[2019-10-14T07:34:27.640+0000][1][safepoint    ] Total time for which application threads were stopped: 0.0006155 seconds, Stopping threads took: 0.0002766 seconds
[2019-10-14T07:34:28.641+0000][1][safepoint    ] Application time: 1.0008489 seconds
[2019-10-14T07:34:28.642+0000][1][safepoint    ] Entering safepoint region: Cleanup
[2019-10-14T07:34:28.642+0000][1][safepoint    ] Leaving safepoint region
[2019-10-14T07:34:28.642+0000][1][safepoint    ] Total time for which application threads were stopped: 0.0006086 seconds, Stopping threads took: 0.0003180 seconds
[2019-10-14T07:34:29.643+0000][1][safepoint    ] Application time: 1.0010299 seconds
[2019-10-14T07:34:29.644+0000][1][safepoint    ] Entering safepoint region: Cleanup
[2019-10-14T07:34:29.645+0000][1][safepoint    ] Leaving safepoint region
[2019-10-14T07:34:29.645+0000][1][safepoint    ] Total time for which application threads were stopped: 0.0010638 seconds, Stopping threads took: 0.0005349 seconds
[2019-10-14T07:34:30.646+0000][1][safepoint    ] Application time: 1.0002358 seconds
[2019-10-14T07:34:30.647+0000][1][safepoint    ] Entering safepoint region: Cleanup
[2019-10-14T07:34:30.647+0000][1][safepoint    ] Leaving safepoint region
[2019-10-14T07:34:30.648+0000][1][safepoint    ] Total time for which application threads were stopped: 0.0012057 seconds, Stopping threads took: 0.0005428 seconds
[2019-10-14T07:34:31.648+0000][1][safepoint    ] Application time: 1.0001303 seconds
[2019-10-14T07:34:31.648+0000][1][safepoint    ] Entering safepoint region: Cleanup
[2019-10-14T07:34:31.649+0000][1][safepoint    ] Leaving safepoint region
[2019-10-14T07:34:31.649+0000][1][safepoint    ] Total time for which application threads were stopped: 0.0006846 seconds, Stopping threads took: 0.0003244 seconds
[2019-10-14T07:34:32.650+0000][1][safepoint    ] Application time: 1.0001807 seconds
[2019-10-14T07:34:32.650+0000][1][safepoint    ] Entering safepoint region: Cleanup
[2019-10-14T07:34:32.651+0000][1][safepoint    ] Leaving safepoint region
[2019-10-14T07:34:32.651+0000][1][safepoint    ] Total time for which application threads were stopped: 0.0009685 seconds, Stopping threads took: 0.0005583 seconds
[2019-10-14T07:34:33.653+0000][1][safepoint    ] Application time: 1.0013446 seconds
[2019-10-14T07:34:33.653+0000][1][safepoint    ] Entering safepoint region: Cleanup
[2019-10-14T07:34:33.653+0000][1][safepoint    ] Leaving safepoint region
[2019-10-14T07:34:33.654+0000][1][safepoint    ] Total time for which application threads were stopped: 0.0006004 seconds, Stopping threads took: 0.0002595 seconds
[2019-10-14T07:34:34.633+0000][1][safepoint    ] Application time: 1.0008306 seconds
[2019-10-14T07:34:34.634+0000][1][safepoint    ] Entering safepoint region: Cleanup
[2019-10-14T07:34:34.635+0000][1][safepoint    ] Leaving safepoint region
[2019-10-14T07:34:34.635+0000][1][safepoint    ] Total time for which application threads were stopped: 0.0010765 seconds, Stopping threads took: 0.0004908 seconds
[2019-10-14T07:34:35.636+0000][1][safepoint    ] Application time: 1.0003394 seconds
[2019-10-14T07:34:35.637+0000][1][safepoint    ] Entering safepoint region: Cleanup
[2019-10-14T07:34:35.638+0000][1][safepoint    ] Leaving safepoint region
[2019-10-14T07:34:35.638+0000][1][safepoint    ] Total time for which application threads were stopped: 0.0013519 seconds, Stopping threads took: 0.0007366 seconds
[2019-10-14T07:34:36.640+0000][1][safepoint    ] Application time: 1.0004662 seconds
[2019-10-14T07:34:36.640+0000][1][safepoint    ] Entering safepoint region: Cleanup
[2019-10-14T07:34:36.641+0000][1][safepoint    ] Leaving safepoint region
[2019-10-14T07:34:36.641+0000][1][safepoint    ] Total time for which application threads were stopped: 0.0011035 seconds, Stopping threads took: 0.0004921 seconds
[2019-10-14T07:34:37.643+0000][1][safepoint    ] Application time: 1.0009989 seconds
[2019-10-14T07:34:37.644+0000][1][safepoint    ] Entering safepoint region: Cleanup
[2019-10-14T07:34:37.644+0000][1][safepoint    ] Leaving safepoint region
[2019-10-14T07:34:37.645+0000][1][safepoint    ] Total time for which application threads were stopped: 0.0010911 seconds, Stopping threads took: 0.0005784 seconds
[2019-10-14T07:34:38.646+0000][1][safepoint    ] Application time: 1.0008543 seconds
[2019-10-14T07:34:38.647+0000][1][safepoint    ] Entering safepoint region: Cleanup
[2019-10-14T07:34:38.648+0000][1][safepoint    ] Leaving safepoint region
[2019-10-14T07:34:38.648+0000][1][safepoint    ] Total time for which application threads were stopped: 0.0013367 seconds, Stopping threads took: 0.0007550 seconds
[2019-10-14T07:34:39.649+0000][1][safepoint    ] Application time: 1.0003754 seconds
[2019-10-14T07:34:39.650+0000][1][safepoint    ] Entering safepoint region: Cleanup
[2019-10-14T07:34:39.651+0000][1][safepoint    ] Leaving safepoint region
[2019-10-14T07:34:39.651+0000][1][safepoint    ] Total time for which application threads were stopped: 0.0011146 seconds, Stopping threads took: 0.0005542 seconds
[2019-10-14T07:34:40.652+0000][1][safepoint    ] Application time: 1.0003643 seconds
[2019-10-14T07:34:40.652+0000][1][safepoint    ] Entering safepoint region: Cleanup
[2019-10-14T07:34:40.653+0000][1][safepoint    ] Leaving safepoint region
[2019-10-14T07:34:40.653+0000][1][safepoint    ] Total time for which application threads were stopped: 0.0005874 seconds, Stopping threads took: 0.0002309 seconds
[2019-10-14T07:34:41.655+0000][1][safepoint    ] Application time: 1.0017180 seconds
[2019-10-14T07:34:41.655+0000][1][safepoint    ] Entering safepoint region: Cleanup
[2019-10-14T07:34:41.656+0000][1][safepoint    ] Leaving safepoint region
[2019-10-14T07:34:41.656+0000][1][safepoint    ] Total time for which application threads were stopped: 0.0009221 seconds, Stopping threads took: 0.0004684 seconds
[2019-10-14T07:34:42.658+0000][1][safepoint    ] Application time: 1.0007566 seconds
[2019-10-14T07:34:42.659+0000][1][safepoint    ] Entering safepoint region: Cleanup
[2019-10-14T07:34:42.660+0000][1][safepoint    ] Leaving safepoint region
[2019-10-14T07:34:42.661+0000][1][safepoint    ] Total time for which application threads were stopped: 0.0020114 seconds, Stopping threads took: 0.0013636 seconds
[2019-10-14T07:34:43.661+0000][1][safepoint    ] Application time: 1.0002609 seconds
[2019-10-14T07:34:43.663+0000][1][safepoint    ] Entering safepoint region: Cleanup
[2019-10-14T07:34:43.663+0000][1][safepoint    ] Leaving safepoint region
[2019-10-14T07:34:43.664+0000][1][safepoint    ] Total time for which application threads were stopped: 0.0011770 seconds, Stopping threads took: 0.0005888 seconds
[2019-10-14T07:34:44.665+0000][1][safepoint    ] Application time: 1.0005733 seconds
[2019-10-14T07:34:44.666+0000][1][safepoint    ] Entering safepoint region: Cleanup
[2019-10-14T07:34:44.667+0000][1][safepoint    ] Leaving safepoint region
[2019-10-14T07:34:44.667+0000][1][safepoint    ] Total time for which application threads were stopped: 0.0015037 seconds, Stopping threads took: 0.0008882 seconds
[2019-10-14T07:34:45.668+0000][1][safepoint    ] Application time: 1.0002631 seconds
[2019-10-14T07:34:45.669+0000][1][safepoint    ] Entering safepoint region: Cleanup
[2019-10-14T07:34:45.670+0000][1][safepoint    ] Leaving safepoint region
[2019-10-14T07:34:45.670+0000][1][safepoint    ] Total time for which application threads were stopped: 0.0014339 seconds, Stopping threads took: 0.0009114 seconds
[2019-10-14T07:34:46.671+0000][1][safepoint    ] Application time: 1.0001712 seconds
[2019-10-14T07:34:46.671+0000][1][safepoint    ] Entering safepoint region: Cleanup
[2019-10-14T07:34:46.672+0000][1][safepoint    ] Leaving safepoint region
[2019-10-14T07:34:46.672+0000][1][safepoint    ] Total time for which application threads were stopped: 0.0008202 seconds, Stopping threads took: 0.0003721 seconds
[2019-10-14T07:34:46.710+0000][1][safepoint    ] Application time: 0.0373225 seconds
[2019-10-14T07:34:46.711+0000][1][safepoint    ] Entering safepoint region: RevokeBias
[2019-10-14T07:34:46.712+0000][1][safepoint    ] Leaving safepoint region
[2019-10-14T07:34:46.713+0000][1][safepoint    ] Total time for which application threads were stopped: 0.0024494 seconds, Stopping threads took: 0.0016643 seconds
[2019-10-14T07:34:46.729+0000][1][safepoint    ] Application time: 0.0153649 seconds
[2019-10-14T07:34:46.731+0000][1][safepoint    ] Entering safepoint region: RevokeBias
[2019-10-14T07:34:46.732+0000][1][safepoint    ] Leaving safepoint region
[2019-10-14T07:34:46.732+0000][1][safepoint    ] Total time for which application threads were stopped: 0.0010035 seconds, Stopping threads took: 0.0005863 seconds
[2019-10-14T07:34:46.797+0000][1][safepoint    ] Application time: 0.0644222 seconds
[2019-10-14T07:34:46.799+0000][1][safepoint    ] Entering safepoint region: RevokeBias
[2019-10-14T07:34:46.809+0000][1][safepoint    ] Leaving safepoint region
[2019-10-14T07:34:46.813+0000][1][safepoint    ] Total time for which application threads were stopped: 0.0142290 seconds, Stopping threads took: 0.0104132 seconds
[2019-10-14T07:34:47.814+0000][1][safepoint    ] Application time: 1.0002019 seconds
[2019-10-14T07:34:47.815+0000][1][safepoint    ] Entering safepoint region: Cleanup
[2019-10-14T07:34:47.815+0000][1][safepoint    ] Leaving safepoint region
[2019-10-14T07:34:47.818+0000][1][safepoint    ] Total time for which application threads were stopped: 0.0028990 seconds, Stopping threads took: 0.0006838 seconds
[2019-10-14T07:34:48.820+0000][1][safepoint    ] Application time: 1.0001572 seconds
[2019-10-14T07:34:48.821+0000][1][safepoint    ] Entering safepoint region: Cleanup
[2019-10-14T07:34:48.821+0000][1][safepoint    ] Leaving safepoint region
[2019-10-14T07:34:48.822+0000][1][safepoint    ] Total time for which application threads were stopped: 0.0009103 seconds, Stopping threads took: 0.0005020 seconds
[2019-10-14T07:34:49.822+0000][1][safepoint    ] Application time: 1.0002640 seconds
[2019-10-14T07:34:49.823+0000][1][safepoint    ] Entering safepoint region: Cleanup
[2019-10-14T07:34:49.824+0000][1][safepoint    ] Leaving safepoint region
[2019-10-14T07:34:49.824+0000][1][safepoint    ] Total time for which application threads were stopped: 0.0012938 seconds, Stopping threads took: 0.0006761 seconds
[2019-10-14T07:34:50.826+0000][1][safepoint    ] Application time: 1.0009650 seconds
[2019-10-14T07:34:50.827+0000][1][safepoint    ] Entering safepoint region: Cleanup
[2019-10-14T07:34:50.828+0000][1][safepoint    ] Leaving safepoint region
[2019-10-14T07:34:50.829+0000][1][safepoint    ] Total time for which application threads were stopped: 0.0017034 seconds, Stopping threads took: 0.0009496 seconds
[2019-10-14T07:34:51.831+0000][1][safepoint    ] Application time: 1.0014594 seconds
[2019-10-14T07:34:51.832+0000][1][safepoint    ] Entering safepoint region: Cleanup
[2019-10-14T07:34:51.833+0000][1][safepoint    ] Leaving safepoint region
[2019-10-14T07:34:51.834+0000][1][safepoint    ] Total time for which application threads were stopped: 0.0021728 seconds, Stopping threads took: 0.0013920 seconds
[2019-10-14T07:34:52.835+0000][1][safepoint    ] Application time: 1.0003332 seconds
[2019-10-14T07:34:52.836+0000][1][safepoint    ] Entering safepoint region: Cleanup
[2019-10-14T07:34:52.836+0000][1][safepoint    ] Leaving safepoint region
[2019-10-14T07:34:52.837+0000][1][safepoint    ] Total time for which application threads were stopped: 0.0011295 seconds, Stopping threads took: 0.0005664 seconds
[2019-10-14T07:34:53.840+0000][1][safepoint    ] Application time: 1.0023485 seconds
[2019-10-14T07:34:53.841+0000][1][safepoint    ] Entering safepoint region: Cleanup
[2019-10-14T07:34:53.841+0000][1][safepoint    ] Leaving safepoint region
[2019-10-14T07:34:53.842+0000][1][safepoint    ] Total time for which application threads were stopped: 0.0012266 seconds, Stopping threads took: 0.0004864 seconds
[2019-10-14T07:34:54.843+0000][1][safepoint    ] Application time: 1.0002393 seconds
[2019-10-14T07:34:54.843+0000][1][safepoint    ] Entering safepoint region: Cleanup
[2019-10-14T07:34:54.844+0000][1][safepoint    ] Leaving safepoint region
[2019-10-14T07:34:54.844+0000][1][safepoint    ] Total time for which application threads were stopped: 0.0007807 seconds, Stopping threads took: 0.0003477 seconds
[2019-10-14T07:34:55.845+0000][1][safepoint    ] Application time: 1.0003896 seconds
[2019-10-14T07:34:55.845+0000][1][safepoint    ] Entering safepoint region: Cleanup
[2019-10-14T07:34:55.846+0000][1][safepoint    ] Leaving safepoint region
[2019-10-14T07:34:55.846+0000][1][safepoint    ] Total time for which application threads were stopped: 0.0011161 seconds, Stopping threads took: 0.0005894 seconds
[2019-10-14T07:34:56.848+0000][1][safepoint    ] Application time: 1.0012139 seconds
[2019-10-14T07:34:56.849+0000][1][safepoint    ] Entering safepoint region: Cleanup
[2019-10-14T07:34:56.850+0000][1][safepoint    ] Leaving safepoint region
[2019-10-14T07:34:56.850+0000][1][safepoint    ] Total time for which application threads were stopped: 0.0012308 seconds, Stopping threads took: 0.0006643 seconds
[2019-10-14T07:34:57.853+0000][1][safepoint    ] Application time: 1.0026137 seconds
[2019-10-14T07:34:57.854+0000][1][safepoint    ] Entering safepoint region: Cleanup
[2019-10-14T07:34:57.855+0000][1][safepoint    ] Leaving safepoint region
[2019-10-14T07:34:57.855+0000][1][safepoint    ] Total time for which application threads were stopped: 0.0010593 seconds, Stopping threads took: 0.0005244 seconds
[2019-10-14T07:34:58.857+0000][1][safepoint    ] Application time: 1.0008955 seconds
[2019-10-14T07:34:58.857+0000][1][safepoint    ] Entering safepoint region: Cleanup
[2019-10-14T07:34:58.858+0000][1][safepoint    ] Leaving safepoint region
[2019-10-14T07:34:58.859+0000][1][safepoint    ] Total time for which application threads were stopped: 0.0012959 seconds, Stopping threads took: 0.0006233 seconds
[2019-10-14T07:34:59.860+0000][1][safepoint    ] Application time: 1.0001749 seconds
[2019-10-14T07:34:59.860+0000][1][safepoint    ] Entering safepoint region: Cleanup
[2019-10-14T07:34:59.861+0000][1][safepoint    ] Leaving safepoint region
[2019-10-14T07:34:59.861+0000][1][safepoint    ] Total time for which application threads were stopped: 0.0011022 seconds, Stopping threads took: 0.0004461 seconds
[2019-10-14T07:35:00.863+0000][1][safepoint    ] Application time: 1.0008975 seconds
[2019-10-14T07:35:00.864+0000][1][safepoint    ] Entering safepoint region: Cleanup
[2019-10-14T07:35:00.864+0000][1][safepoint    ] Leaving safepoint region
[2019-10-14T07:35:00.865+0000][1][safepoint    ] Total time for which application threads were stopped: 0.0012146 seconds, Stopping threads took: 0.0006169 seconds
[2019-10-14T07:35:01.865+0000][1][safepoint    ] Application time: 1.0001869 seconds
[2019-10-14T07:35:01.866+0000][1][safepoint    ] Entering safepoint region: Cleanup
[2019-10-14T07:35:01.867+0000][1][safepoint    ] Leaving safepoint region
[2019-10-14T07:35:01.868+0000][1][safepoint    ] Total time for which application threads were stopped: 0.0011220 seconds, Stopping threads took: 0.0006413 seconds
[2019-10-14T07:35:02.870+0000][1][safepoint    ] Application time: 1.0015902 seconds
[2019-10-14T07:35:02.871+0000][1][safepoint    ] Entering safepoint region: Cleanup
[2019-10-14T07:35:02.871+0000][1][safepoint    ] Leaving safepoint region
[2019-10-14T07:35:02.872+0000][1][safepoint    ] Total time for which application threads were stopped: 0.0015517 seconds, Stopping threads took: 0.0006807 seconds
[2019-10-14T07:35:03.850+0000][1][safepoint    ] Application time: 1.0003340 seconds
[2019-10-14T07:35:03.852+0000][1][safepoint    ] Entering safepoint region: Cleanup
[2019-10-14T07:35:03.852+0000][1][safepoint    ] Leaving safepoint region
[2019-10-14T07:35:03.853+0000][1][safepoint    ] Total time for which application threads were stopped: 0.0008353 seconds, Stopping threads took: 0.0004103 seconds
[2019-10-14T07:35:04.853+0000][1][safepoint    ] Application time: 1.0001225 seconds
[2019-10-14T07:35:04.854+0000][1][safepoint    ] Entering safepoint region: Cleanup
[2019-10-14T07:35:04.854+0000][1][safepoint    ] Leaving safepoint region
[2019-10-14T07:35:04.855+0000][1][safepoint    ] Total time for which application threads were stopped: 0.0010075 seconds, Stopping threads took: 0.0004177 seconds
[2019-10-14T07:35:05.856+0000][1][safepoint    ] Application time: 1.0003968 seconds
[2019-10-14T07:35:05.856+0000][1][safepoint    ] Entering safepoint region: Cleanup
[2019-10-14T07:35:05.857+0000][1][safepoint    ] Leaving safepoint region
[2019-10-14T07:35:05.857+0000][1][safepoint    ] Total time for which application threads were stopped: 0.0009053 seconds, Stopping threads took: 0.0004844 seconds
[2019-10-14T07:35:06.346+0000][1][safepoint    ] Application time: 0.4878796 seconds
[2019-10-14T07:35:06.346+0000][1][safepoint    ] Entering safepoint region: RevokeBias
[2019-10-14T07:35:06.347+0000][1][safepoint    ] Leaving safepoint region
[2019-10-14T07:35:06.347+0000][1][safepoint    ] Total time for which application threads were stopped: 0.0009788 seconds, Stopping threads took: 0.0003674 seconds
[2019-10-14T07:35:07.348+0000][1][safepoint    ] Application time: 1.0001669 seconds
[2019-10-14T07:35:07.349+0000][1][safepoint    ] Entering safepoint region: Cleanup
[2019-10-14T07:35:07.350+0000][1][safepoint    ] Leaving safepoint region
[2019-10-14T07:35:07.351+0000][1][safepoint    ] Total time for which application threads were stopped: 0.0020373 seconds, Stopping threads took: 0.0005468 seconds
[2019-10-14T07:35:08.352+0000][1][safepoint    ] Application time: 1.0002645 seconds
[2019-10-14T07:35:08.353+0000][1][safepoint    ] Entering safepoint region: Cleanup
[2019-10-14T07:35:08.354+0000][1][safepoint    ] Leaving safepoint region
[2019-10-14T07:35:08.354+0000][1][safepoint    ] Total time for which application threads were stopped: 0.0015347 seconds, Stopping threads took: 0.0011573 seconds
[2019-10-14T07:35:09.356+0000][1][safepoint    ] Application time: 1.0015847 seconds
[2019-10-14T07:35:09.357+0000][1][safepoint    ] Entering safepoint region: Cleanup
[2019-10-14T07:35:09.358+0000][1][safepoint    ] Leaving safepoint region
[2019-10-14T07:35:09.361+0000][1][safepoint    ] Total time for which application threads were stopped: 0.0036525 seconds, Stopping threads took: 0.0008098 seconds
[2019-10-14T07:35:09.745+0000][1][safepoint    ] Application time: 0.3841714 seconds
[2019-10-14T07:35:09.748+0000][1][safepoint    ] Entering safepoint region: GenCollectForAllocation
[2019-10-14T07:35:09.749+0000][1][gc,start     ] GC(26) Pause Young (Allocation Failure)
[2019-10-14T07:35:09.749+0000][1][gc,task      ] GC(26) Using 2 workers of 2 for evacuation
[2019-10-14T07:35:09.765+0000][1][gc,age       ] GC(26) Desired survivor size 4456448 bytes, new threshold 6 (max threshold 6)
[2019-10-14T07:35:09.765+0000][1][gc,age       ] GC(26) Age table with threshold 6 (max threshold 6)
[2019-10-14T07:35:09.765+0000][1][gc,age       ] GC(26) - age   1:     164232 bytes,     164232 total
[2019-10-14T07:35:09.766+0000][1][gc,age       ] GC(26) - age   2:     442408 bytes,     606640 total
[2019-10-14T07:35:09.766+0000][1][gc,age       ] GC(26) - age   3:    2668168 bytes,    3274808 total
[2019-10-14T07:35:09.767+0000][1][gc,heap      ] GC(26) ParNew: 74938K->5378K(78656K)
[2019-10-14T07:35:09.767+0000][1][gc,heap      ] GC(26) CMS: 68137K->68137K(174784K)
[2019-10-14T07:35:09.768+0000][1][gc,metaspace ] GC(26) Metaspace: 76034K->76034K(1118208K)
[2019-10-14T07:35:09.768+0000][1][gc           ] GC(26) Pause Young (Allocation Failure) 139M->71M(247M) 19.224ms
[2019-10-14T07:35:09.768+0000][1][gc,cpu       ] GC(26) User=0.01s Sys=0.01s Real=0.02s
[2019-10-14T07:35:09.769+0000][1][safepoint    ] Leaving safepoint region
[2019-10-14T07:35:09.769+0000][1][safepoint    ] Total time for which application threads were stopped: 0.0210611 seconds, Stopping threads took: 0.0006403 seconds
[2019-10-14T07:35:09.770+0000][1][safepoint    ] Application time: 0.0002509 seconds
[2019-10-14T07:35:09.770+0000][1][safepoint    ] Entering safepoint region: RevokeBias
[2019-10-14T07:35:09.771+0000][1][safepoint    ] Leaving safepoint region
[2019-10-14T07:35:09.771+0000][1][safepoint    ] Total time for which application threads were stopped: 0.0013006 seconds, Stopping threads took: 0.0008865 seconds
[2019-10-14T07:35:09.772+0000][1][safepoint    ] Application time: 0.0001201 seconds
[2019-10-14T07:35:09.772+0000][1][safepoint    ] Entering safepoint region: RevokeBias
[2019-10-14T07:35:09.773+0000][1][safepoint    ] Leaving safepoint region
[2019-10-14T07:35:09.773+0000][1][safepoint    ] Total time for which application threads were stopped: 0.0010138 seconds, Stopping threads took: 0.0004875 seconds
[2019-10-14T07:35:09.774+0000][1][safepoint    ] Application time: 0.0000833 seconds
[2019-10-14T07:35:09.774+0000][1][safepoint    ] Entering safepoint region: RevokeBias
[2019-10-14T07:35:09.774+0000][1][safepoint    ] Leaving safepoint region
[2019-10-14T07:35:09.775+0000][1][safepoint    ] Total time for which application threads were stopped: 0.0009216 seconds, Stopping threads took: 0.0005444 seconds
[2019-10-14T07:35:09.775+0000][1][safepoint    ] Application time: 0.0000999 seconds
[2019-10-14T07:35:09.776+0000][1][safepoint    ] Entering safepoint region: RevokeBias
[2019-10-14T07:35:09.776+0000][1][safepoint    ] Leaving safepoint region
[2019-10-14T07:35:09.777+0000][1][safepoint    ] Total time for which application threads were stopped: 0.0010538 seconds, Stopping threads took: 0.0006562 seconds
[2019-10-14T07:35:09.816+0000][1][safepoint    ] Application time: 0.0389444 seconds
[2019-10-14T07:35:09.816+0000][1][safepoint    ] Entering safepoint region: RevokeBias
[2019-10-14T07:35:09.817+0000][1][safepoint    ] Leaving safepoint region
[2019-10-14T07:35:09.817+0000][1][safepoint    ] Total time for which application threads were stopped: 0.0006974 seconds, Stopping threads took: 0.0002694 seconds
[2019-10-14T07:35:09.817+0000][1][safepoint    ] Application time: 0.0001048 seconds
[2019-10-14T07:35:09.818+0000][1][safepoint    ] Entering safepoint region: RevokeBias
[2019-10-14T07:35:09.818+0000][1][safepoint    ] Leaving safepoint region
[2019-10-14T07:35:09.818+0000][1][safepoint    ] Total time for which application threads were stopped: 0.0008281 seconds, Stopping threads took: 0.0003939 seconds
[2019-10-14T07:35:09.819+0000][1][safepoint    ] Application time: 0.0000871 seconds
[2019-10-14T07:35:09.819+0000][1][safepoint    ] Entering safepoint region: RevokeBias
[2019-10-14T07:35:09.820+0000][1][safepoint    ] Leaving safepoint region
[2019-10-14T07:35:09.820+0000][1][safepoint    ] Total time for which application threads were stopped: 0.0008323 seconds, Stopping threads took: 0.0003712 seconds
[2019-10-14T07:35:09.845+0000][1][safepoint    ] Application time: 0.0244874 seconds
[2019-10-14T07:35:09.847+0000][1][safepoint    ] Entering safepoint region: BulkRevokeBias
[2019-10-14T07:35:09.848+0000][1][safepoint    ] Leaving safepoint region
[2019-10-14T07:35:09.849+0000][1][safepoint    ] Total time for which application threads were stopped: 0.0027721 seconds, Stopping threads took: 0.0007317 seconds
[2019-10-14T07:35:10.135+0000][1][safepoint    ] Application time: 0.2852923 seconds
[2019-10-14T07:35:10.136+0000][1][safepoint    ] Entering safepoint region: RevokeBias
[2019-10-14T07:35:10.136+0000][1][safepoint    ] Leaving safepoint region
[2019-10-14T07:35:10.137+0000][1][safepoint    ] Total time for which application threads were stopped: 0.0009312 seconds, Stopping threads took: 0.0003927 seconds
[2019-10-14T07:35:10.163+0000][1][safepoint    ] Application time: 0.0258805 seconds
[2019-10-14T07:35:10.174+0000][1][safepoint    ] Entering safepoint region: RevokeBias
[2019-10-14T07:35:10.181+0000][1][safepoint    ] Leaving safepoint region
[2019-10-14T07:35:10.182+0000][1][safepoint    ] Total time for which application threads were stopped: 0.0182133 seconds, Stopping threads took: 0.0108510 seconds
[2019-10-14T07:35:10.201+0000][1][safepoint    ] Application time: 0.0188321 seconds
[2019-10-14T07:35:10.207+0000][1][safepoint    ] Entering safepoint region: RevokeBias
[2019-10-14T07:35:10.215+0000][1][safepoint    ] Leaving safepoint region
[2019-10-14T07:35:10.216+0000][1][safepoint    ] Total time for which application threads were stopped: 0.0135547 seconds, Stopping threads took: 0.0115782 seconds
[2019-10-14T07:35:10.267+0000][1][safepoint    ] Application time: 0.0500569 seconds
[2019-10-14T07:35:10.268+0000][1][safepoint    ] Entering safepoint region: RevokeBias
[2019-10-14T07:35:10.268+0000][1][safepoint    ] Leaving safepoint region
[2019-10-14T07:35:10.269+0000][1][safepoint    ] Total time for which application threads were stopped: 0.0011895 seconds, Stopping threads took: 0.0006654 seconds
[2019-10-14T07:35:10.284+0000][1][safepoint    ] Application time: 0.0153610 seconds
[2019-10-14T07:35:10.287+0000][1][safepoint    ] Entering safepoint region: RevokeBias
[2019-10-14T07:35:10.291+0000][1][safepoint    ] Leaving safepoint region
[2019-10-14T07:35:10.291+0000][1][safepoint    ] Total time for which application threads were stopped: 0.0058831 seconds, Stopping threads took: 0.0048345 seconds
[2019-10-14T07:35:10.547+0000][1][safepoint    ] Application time: 0.2555129 seconds
[2019-10-14T07:35:10.548+0000][1][safepoint    ] Entering safepoint region: RevokeBias
[2019-10-14T07:35:10.548+0000][1][safepoint    ] Leaving safepoint region
[2019-10-14T07:35:10.548+0000][1][safepoint    ] Total time for which application threads were stopped: 0.0009216 seconds, Stopping threads took: 0.0005447 seconds
[2019-10-14T07:35:11.554+0000][1][safepoint    ] Application time: 1.0052093 seconds
[2019-10-14T07:35:11.555+0000][1][safepoint    ] Entering safepoint region: Cleanup
[2019-10-14T07:35:11.556+0000][1][safepoint    ] Leaving safepoint region
[2019-10-14T07:35:11.558+0000][1][safepoint    ] Total time for which application threads were stopped: 0.0032936 seconds, Stopping threads took: 0.0006464 seconds
[2019-10-14T07:35:12.559+0000][1][safepoint    ] Application time: 1.0008159 seconds
[2019-10-14T07:35:12.560+0000][1][safepoint    ] Entering safepoint region: Cleanup
[2019-10-14T07:35:12.561+0000][1][safepoint    ] Leaving safepoint region
[2019-10-14T07:35:12.561+0000][1][safepoint    ] Total time for which application threads were stopped: 0.0009068 seconds, Stopping threads took: 0.0004644 seconds
[2019-10-14T07:35:13.562+0000][1][safepoint    ] Application time: 1.0002566 seconds
[2019-10-14T07:35:13.562+0000][1][safepoint    ] Entering safepoint region: Cleanup
[2019-10-14T07:35:13.563+0000][1][safepoint    ] Leaving safepoint region
[2019-10-14T07:35:13.564+0000][1][safepoint    ] Total time for which application threads were stopped: 0.0012602 seconds, Stopping threads took: 0.0006621 seconds
[2019-10-14T07:35:14.564+0000][1][safepoint    ] Application time: 1.0001740 seconds
[2019-10-14T07:35:14.565+0000][1][safepoint    ] Entering safepoint region: Cleanup
[2019-10-14T07:35:14.566+0000][1][safepoint    ] Leaving safepoint region
[2019-10-14T07:35:14.567+0000][1][safepoint    ] Total time for which application threads were stopped: 0.0015481 seconds, Stopping threads took: 0.0006020 seconds
[2019-10-14T07:35:15.567+0000][1][safepoint    ] Application time: 1.0003016 seconds
[2019-10-14T07:35:15.568+0000][1][safepoint    ] Entering safepoint region: Cleanup
[2019-10-14T07:35:15.569+0000][1][safepoint    ] Leaving safepoint region
[2019-10-14T07:35:15.569+0000][1][safepoint    ] Total time for which application threads were stopped: 0.0012066 seconds, Stopping threads took: 0.0006948 seconds
[2019-10-14T07:35:16.570+0000][1][safepoint    ] Application time: 1.0005737 seconds
[2019-10-14T07:35:16.571+0000][1][safepoint    ] Entering safepoint region: Cleanup
[2019-10-14T07:35:16.572+0000][1][safepoint    ] Leaving safepoint region
[2019-10-14T07:35:16.572+0000][1][safepoint    ] Total time for which application threads were stopped: 0.0011704 seconds, Stopping threads took: 0.0005826 seconds
[2019-10-14T07:35:17.574+0000][1][safepoint    ] Application time: 1.0013650 seconds
[2019-10-14T07:35:17.575+0000][1][safepoint    ] Entering safepoint region: Cleanup
[2019-10-14T07:35:17.576+0000][1][safepoint    ] Leaving safepoint region
[2019-10-14T07:35:17.576+0000][1][safepoint    ] Total time for which application threads were stopped: 0.0012911 seconds, Stopping threads took: 0.0005603 seconds
[2019-10-14T07:35:18.577+0000][1][safepoint    ] Application time: 1.0002263 seconds
[2019-10-14T07:35:18.578+0000][1][safepoint    ] Entering safepoint region: Cleanup
[2019-10-14T07:35:18.579+0000][1][safepoint    ] Leaving safepoint region
[2019-10-14T07:35:18.579+0000][1][safepoint    ] Total time for which application threads were stopped: 0.0012539 seconds, Stopping threads took: 0.0005915 seconds
[2019-10-14T07:35:19.582+0000][1][safepoint    ] Application time: 1.0025114 seconds
[2019-10-14T07:35:19.583+0000][1][safepoint    ] Entering safepoint region: Cleanup
[2019-10-14T07:35:19.583+0000][1][safepoint    ] Leaving safepoint region
[2019-10-14T07:35:19.585+0000][1][safepoint    ] Total time for which application threads were stopped: 0.0018634 seconds, Stopping threads took: 0.0006813 seconds
[2019-10-14T07:35:20.586+0000][1][safepoint    ] Application time: 1.0004474 seconds
[2019-10-14T07:35:20.592+0000][1][safepoint    ] Entering safepoint region: Cleanup
[2019-10-14T07:35:20.593+0000][1][safepoint    ] Leaving safepoint region
[2019-10-14T07:35:20.593+0000][1][safepoint    ] Total time for which application threads were stopped: 0.0012266 seconds, Stopping threads took: 0.0004993 seconds
[2019-10-14T07:35:21.594+0000][1][safepoint    ] Application time: 1.0008024 seconds
[2019-10-14T07:35:21.595+0000][1][safepoint    ] Entering safepoint region: Cleanup
[2019-10-14T07:35:21.596+0000][1][safepoint    ] Leaving safepoint region
[2019-10-14T07:35:21.598+0000][1][safepoint    ] Total time for which application threads were stopped: 0.0023561 seconds, Stopping threads took: 0.0009427 seconds
[2019-10-14T07:35:22.599+0000][1][safepoint    ] Application time: 1.0004831 seconds
[2019-10-14T07:35:22.600+0000][1][safepoint    ] Entering safepoint region: Cleanup
[2019-10-14T07:35:22.600+0000][1][safepoint    ] Leaving safepoint region
[2019-10-14T07:35:22.601+0000][1][safepoint    ] Total time for which application threads were stopped: 0.0011988 seconds, Stopping threads took: 0.0005817 seconds
[2019-10-14T07:35:23.503+0000][1][safepoint    ] Application time: 0.9016216 seconds
[2019-10-14T07:35:23.504+0000][1][safepoint    ] Entering safepoint region: RevokeBias
[2019-10-14T07:35:23.505+0000][1][safepoint    ] Leaving safepoint region
[2019-10-14T07:35:23.507+0000][1][safepoint    ] Total time for which application threads were stopped: 0.0023484 seconds, Stopping threads took: 0.0007397 seconds
[2019-10-14T07:35:23.535+0000][1][safepoint    ] Application time: 0.0256792 seconds
[2019-10-14T07:35:23.536+0000][1][safepoint    ] Entering safepoint region: RevokeBias
[2019-10-14T07:35:23.536+0000][1][safepoint    ] Leaving safepoint region
[2019-10-14T07:35:23.537+0000][1][safepoint    ] Total time for which application threads were stopped: 0.0011266 seconds, Stopping threads took: 0.0005955 seconds
[2019-10-14T07:35:23.555+0000][1][safepoint    ] Application time: 0.0175107 seconds
[2019-10-14T07:35:23.555+0000][1][safepoint    ] Entering safepoint region: RevokeBias
[2019-10-14T07:35:23.556+0000][1][safepoint    ] Leaving safepoint region
[2019-10-14T07:35:23.556+0000][1][safepoint    ] Total time for which application threads were stopped: 0.0010376 seconds, Stopping threads took: 0.0005017 seconds
[2019-10-14T07:35:23.568+0000][1][safepoint    ] Application time: 0.0105995 seconds
[2019-10-14T07:35:23.568+0000][1][safepoint    ] Entering safepoint region: RevokeBias
[2019-10-14T07:35:23.568+0000][1][safepoint    ] Leaving safepoint region
[2019-10-14T07:35:23.569+0000][1][safepoint    ] Total time for which application threads were stopped: 0.0008062 seconds, Stopping threads took: 0.0003774 seconds
[2019-10-14T07:35:23.578+0000][1][safepoint    ] Application time: 0.0092595 seconds
[2019-10-14T07:35:23.579+0000][1][safepoint    ] Entering safepoint region: RevokeBias
[2019-10-14T07:35:23.580+0000][1][safepoint    ] Leaving safepoint region
[2019-10-14T07:35:23.580+0000][1][safepoint    ] Total time for which application threads were stopped: 0.0009897 seconds, Stopping threads took: 0.0004913 seconds
[2019-10-14T07:35:23.585+0000][1][safepoint    ] Application time: 0.0042572 seconds
[2019-10-14T07:35:23.585+0000][1][safepoint    ] Entering safepoint region: RevokeBias
[2019-10-14T07:35:23.586+0000][1][safepoint    ] Leaving safepoint region
[2019-10-14T07:35:23.586+0000][1][safepoint    ] Total time for which application threads were stopped: 0.0008575 seconds, Stopping threads took: 0.0004413 seconds
[2019-10-14T07:35:23.589+0000][1][safepoint    ] Application time: 0.0023761 seconds
[2019-10-14T07:35:23.589+0000][1][safepoint    ] Entering safepoint region: RevokeBias
[2019-10-14T07:35:23.590+0000][1][safepoint    ] Leaving safepoint region
[2019-10-14T07:35:23.590+0000][1][safepoint    ] Total time for which application threads were stopped: 0.0007822 seconds, Stopping threads took: 0.0004147 seconds
[2019-10-14T07:35:23.606+0000][1][safepoint    ] Application time: 0.0158852 seconds
[2019-10-14T07:35:23.607+0000][1][safepoint    ] Entering safepoint region: RevokeBias
[2019-10-14T07:35:23.608+0000][1][safepoint    ] Leaving safepoint region
[2019-10-14T07:35:23.608+0000][1][safepoint    ] Total time for which application threads were stopped: 0.0010972 seconds, Stopping threads took: 0.0005570 seconds
[2019-10-14T07:35:23.610+0000][1][safepoint    ] Application time: 0.0012612 seconds
[2019-10-14T07:35:23.610+0000][1][safepoint    ] Entering safepoint region: RevokeBias
[2019-10-14T07:35:23.611+0000][1][safepoint    ] Leaving safepoint region
[2019-10-14T07:35:23.611+0000][1][safepoint    ] Total time for which application threads were stopped: 0.0009992 seconds, Stopping threads took: 0.0005335 seconds
[2019-10-14T07:35:23.617+0000][1][safepoint    ] Application time: 0.0053318 seconds
[2019-10-14T07:35:23.617+0000][1][safepoint    ] Entering safepoint region: RevokeBias
[2019-10-14T07:35:23.618+0000][1][safepoint    ] Leaving safepoint region
[2019-10-14T07:35:23.618+0000][1][safepoint    ] Total time for which application threads were stopped: 0.0007470 seconds, Stopping threads took: 0.0003407 seconds
[2019-10-14T07:35:23.660+0000][1][safepoint    ] Application time: 0.0417629 seconds
[2019-10-14T07:35:23.661+0000][1][safepoint    ] Entering safepoint region: RevokeBias
[2019-10-14T07:35:23.662+0000][1][safepoint    ] Leaving safepoint region
[2019-10-14T07:35:23.662+0000][1][safepoint    ] Total time for which application threads were stopped: 0.0012364 seconds, Stopping threads took: 0.0006101 seconds
[2019-10-14T07:35:23.663+0000][1][safepoint    ] Application time: 0.0004068 seconds
[2019-10-14T07:35:23.664+0000][1][safepoint    ] Entering safepoint region: RevokeBias
[2019-10-14T07:35:23.665+0000][1][safepoint    ] Leaving safepoint region
[2019-10-14T07:35:23.665+0000][1][safepoint    ] Total time for which application threads were stopped: 0.0012691 seconds, Stopping threads took: 0.0006012 seconds
[2019-10-14T07:35:23.678+0000][1][safepoint    ] Application time: 0.0119937 seconds
[2019-10-14T07:35:23.679+0000][1][safepoint    ] Entering safepoint region: RevokeBias
[2019-10-14T07:35:23.679+0000][1][safepoint    ] Leaving safepoint region
[2019-10-14T07:35:23.679+0000][1][safepoint    ] Total time for which application threads were stopped: 0.0008902 seconds, Stopping threads took: 0.0004485 seconds
[2019-10-14T07:35:23.721+0000][1][safepoint    ] Application time: 0.0413763 seconds
[2019-10-14T07:35:23.722+0000][1][safepoint    ] Entering safepoint region: RevokeBias
[2019-10-14T07:35:23.722+0000][1][safepoint    ] Leaving safepoint region
[2019-10-14T07:35:23.722+0000][1][safepoint    ] Total time for which application threads were stopped: 0.0007151 seconds, Stopping threads took: 0.0003480 seconds
[2019-10-14T07:35:23.724+0000][1][safepoint    ] Application time: 0.0005091 seconds
[2019-10-14T07:35:23.724+0000][1][safepoint    ] Entering safepoint region: RevokeBias
[2019-10-14T07:35:23.725+0000][1][safepoint    ] Leaving safepoint region
[2019-10-14T07:35:23.725+0000][1][safepoint    ] Total time for which application threads were stopped: 0.0007998 seconds, Stopping threads took: 0.0004115 seconds
[2019-10-14T07:35:23.727+0000][1][safepoint    ] Application time: 0.0012550 seconds
[2019-10-14T07:35:23.727+0000][1][safepoint    ] Entering safepoint region: RevokeBias
[2019-10-14T07:35:23.727+0000][1][safepoint    ] Leaving safepoint region
[2019-10-14T07:35:23.728+0000][1][safepoint    ] Total time for which application threads were stopped: 0.0006678 seconds, Stopping threads took: 0.0002923 seconds
[2019-10-14T07:35:23.731+0000][1][safepoint    ] Application time: 0.0030105 seconds
[2019-10-14T07:35:23.731+0000][1][safepoint    ] Entering safepoint region: RevokeBias
[2019-10-14T07:35:23.732+0000][1][safepoint    ] Leaving safepoint region
[2019-10-14T07:35:23.733+0000][1][safepoint    ] Total time for which application threads were stopped: 0.0013698 seconds, Stopping threads took: 0.0006144 seconds
[2019-10-14T07:35:23.735+0000][1][safepoint    ] Application time: 0.0021941 seconds
[2019-10-14T07:35:23.736+0000][1][safepoint    ] Entering safepoint region: Deoptimize
[2019-10-14T07:35:23.737+0000][1][safepoint    ] Leaving safepoint region
[2019-10-14T07:35:23.738+0000][1][safepoint    ] Total time for which application threads were stopped: 0.0021716 seconds, Stopping threads took: 0.0004162 seconds
[2019-10-14T07:35:23.836+0000][1][safepoint    ] Application time: 0.0969218 seconds
[2019-10-14T07:35:23.837+0000][1][safepoint    ] Entering safepoint region: RevokeBias
[2019-10-14T07:35:23.837+0000][1][safepoint    ] Leaving safepoint region
[2019-10-14T07:35:23.838+0000][1][safepoint    ] Total time for which application threads were stopped: 0.0009222 seconds, Stopping threads took: 0.0004697 seconds
[2019-10-14T07:35:23.881+0000][1][safepoint    ] Application time: 0.0431208 seconds
[2019-10-14T07:35:23.882+0000][1][safepoint    ] Entering safepoint region: RevokeBias
[2019-10-14T07:35:23.882+0000][1][safepoint    ] Leaving safepoint region
[2019-10-14T07:35:23.883+0000][1][safepoint    ] Total time for which application threads were stopped: 0.0010549 seconds, Stopping threads took: 0.0004846 seconds
[2019-10-14T07:35:23.887+0000][1][safepoint    ] Application time: 0.0036693 seconds
[2019-10-14T07:35:23.891+0000][1][safepoint    ] Entering safepoint region: RevokeBias
[2019-10-14T07:35:23.891+0000][1][safepoint    ] Leaving safepoint region
[2019-10-14T07:35:23.892+0000][1][safepoint    ] Total time for which application threads were stopped: 0.0043019 seconds, Stopping threads took: 0.0035042 seconds
[2019-10-14T07:35:23.893+0000][1][safepoint    ] Application time: 0.0001525 seconds
[2019-10-14T07:35:23.893+0000][1][safepoint    ] Entering safepoint region: RevokeBias
[2019-10-14T07:35:23.894+0000][1][safepoint    ] Leaving safepoint region
[2019-10-14T07:35:23.895+0000][1][safepoint    ] Total time for which application threads were stopped: 0.0012365 seconds, Stopping threads took: 0.0006389 seconds
[2019-10-14T07:35:23.931+0000][1][safepoint    ] Application time: 0.0361406 seconds
[2019-10-14T07:35:23.932+0000][1][safepoint    ] Entering safepoint region: RevokeBias
[2019-10-14T07:35:23.932+0000][1][safepoint    ] Leaving safepoint region
[2019-10-14T07:35:23.933+0000][1][safepoint    ] Total time for which application threads were stopped: 0.0011660 seconds, Stopping threads took: 0.0004661 seconds
[2019-10-14T07:35:23.935+0000][1][safepoint    ] Application time: 0.0017162 seconds
[2019-10-14T07:35:23.936+0000][1][safepoint    ] Entering safepoint region: RevokeBias
[2019-10-14T07:35:23.936+0000][1][safepoint    ] Leaving safepoint region
[2019-10-14T07:35:23.937+0000][1][safepoint    ] Total time for which application threads were stopped: 0.0010290 seconds, Stopping threads took: 0.0003353 seconds
[2019-10-14T07:35:23.943+0000][1][safepoint    ] Application time: 0.0062158 seconds
[2019-10-14T07:35:23.945+0000][1][safepoint    ] Entering safepoint region: RevokeBias
[2019-10-14T07:35:23.946+0000][1][safepoint    ] Leaving safepoint region
[2019-10-14T07:35:23.947+0000][1][safepoint    ] Total time for which application threads were stopped: 0.0013063 seconds, Stopping threads took: 0.0004568 seconds
[2019-10-14T07:35:23.948+0000][1][safepoint    ] Application time: 0.0003103 seconds
[2019-10-14T07:35:23.950+0000][1][safepoint    ] Entering safepoint region: RevokeBias
[2019-10-14T07:35:23.951+0000][1][safepoint    ] Leaving safepoint region
[2019-10-14T07:35:23.952+0000][1][safepoint    ] Total time for which application threads were stopped: 0.0020285 seconds, Stopping threads took: 0.0012694 seconds
[2019-10-14T07:35:24.952+0000][1][safepoint    ] Application time: 1.0001307 seconds
[2019-10-14T07:35:24.953+0000][1][safepoint    ] Entering safepoint region: Cleanup
[2019-10-14T07:35:24.954+0000][1][safepoint    ] Leaving safepoint region
[2019-10-14T07:35:24.955+0000][1][safepoint    ] Total time for which application threads were stopped: 0.0017638 seconds, Stopping threads took: 0.0007672 seconds
[2019-10-14T07:35:25.956+0000][1][safepoint    ] Application time: 1.0001728 seconds
[2019-10-14T07:35:25.961+0000][1][safepoint    ] Entering safepoint region: Cleanup
[2019-10-14T07:35:25.962+0000][1][safepoint    ] Leaving safepoint region
[2019-10-14T07:35:25.964+0000][1][safepoint    ] Total time for which application threads were stopped: 0.0035457 seconds, Stopping threads took: 0.0008593 seconds
[2019-10-14T07:35:25.973+0000][1][safepoint    ] Application time: 0.0071556 seconds
[2019-10-14T07:35:25.974+0000][1][safepoint    ] Entering safepoint region: BulkRevokeBias
[2019-10-14T07:35:25.975+0000][1][safepoint    ] Leaving safepoint region
[2019-10-14T07:35:25.976+0000][1][safepoint    ] Total time for which application threads were stopped: 0.0022004 seconds, Stopping threads took: 0.0005785 seconds
[2019-10-14T07:35:26.059+0000][1][safepoint    ] Application time: 0.0819630 seconds
[2019-10-14T07:35:26.059+0000][1][safepoint    ] Entering safepoint region: RevokeBias
[2019-10-14T07:35:26.060+0000][1][safepoint    ] Leaving safepoint region
[2019-10-14T07:35:26.060+0000][1][safepoint    ] Total time for which application threads were stopped: 0.0011612 seconds, Stopping threads took: 0.0003846 seconds
[2019-10-14T07:35:26.062+0000][1][safepoint    ] Application time: 0.0010199 seconds
[2019-10-14T07:35:26.063+0000][1][safepoint    ] Entering safepoint region: RevokeBias
[2019-10-14T07:35:26.063+0000][1][safepoint    ] Leaving safepoint region
[2019-10-14T07:35:26.064+0000][1][safepoint    ] Total time for which application threads were stopped: 0.0011293 seconds, Stopping threads took: 0.0006167 seconds
[2019-10-14T07:35:26.066+0000][1][safepoint    ] Application time: 0.0014592 seconds
[2019-10-14T07:35:26.067+0000][1][safepoint    ] Entering safepoint region: RevokeBias
[2019-10-14T07:35:26.068+0000][1][safepoint    ] Leaving safepoint region
[2019-10-14T07:35:26.069+0000][1][safepoint    ] Total time for which application threads were stopped: 0.0016108 seconds, Stopping threads took: 0.0007673 seconds
[2019-10-14T07:35:26.084+0000][1][safepoint    ] Application time: 0.0151496 seconds
[2019-10-14T07:35:26.085+0000][1][safepoint    ] Entering safepoint region: RevokeBias
[2019-10-14T07:35:26.086+0000][1][safepoint    ] Leaving safepoint region
[2019-10-14T07:35:26.087+0000][1][safepoint    ] Total time for which application threads were stopped: 0.0016528 seconds, Stopping threads took: 0.0006845 seconds
[2019-10-14T07:35:26.104+0000][1][safepoint    ] Application time: 0.0167409 seconds
[2019-10-14T07:35:26.104+0000][1][safepoint    ] Entering safepoint region: RevokeBias
[2019-10-14T07:35:26.105+0000][1][safepoint    ] Leaving safepoint region
[2019-10-14T07:35:26.106+0000][1][safepoint    ] Total time for which application threads were stopped: 0.0011881 seconds, Stopping threads took: 0.0003471 seconds
[2019-10-14T07:35:26.106+0000][1][safepoint    ] Application time: 0.0002504 seconds
[2019-10-14T07:35:26.107+0000][1][safepoint    ] Entering safepoint region: RevokeBias
[2019-10-14T07:35:26.107+0000][1][safepoint    ] Leaving safepoint region
[2019-10-14T07:35:26.108+0000][1][safepoint    ] Total time for which application threads were stopped: 0.0007381 seconds, Stopping threads took: 0.0003006 seconds
[2019-10-14T07:35:26.108+0000][1][safepoint    ] Application time: 0.0002036 seconds
[2019-10-14T07:35:26.109+0000][1][safepoint    ] Entering safepoint region: RevokeBias
[2019-10-14T07:35:26.110+0000][1][safepoint    ] Leaving safepoint region
[2019-10-14T07:35:26.110+0000][1][safepoint    ] Total time for which application threads were stopped: 0.0014842 seconds, Stopping threads took: 0.0006652 seconds
[2019-10-14T07:35:27.113+0000][1][safepoint    ] Application time: 1.0020445 seconds
[2019-10-14T07:35:27.114+0000][1][safepoint    ] Entering safepoint region: Cleanup
[2019-10-14T07:35:27.114+0000][1][safepoint    ] Leaving safepoint region
[2019-10-14T07:35:27.115+0000][1][safepoint    ] Total time for which application threads were stopped: 0.0010178 seconds, Stopping threads took: 0.0004903 seconds
[2019-10-14T07:35:28.115+0000][1][safepoint    ] Application time: 1.0002488 seconds
[2019-10-14T07:35:28.116+0000][1][safepoint    ] Entering safepoint region: Cleanup
[2019-10-14T07:35:28.116+0000][1][safepoint    ] Leaving safepoint region
[2019-10-14T07:35:28.117+0000][1][safepoint    ] Total time for which application threads were stopped: 0.0009239 seconds, Stopping threads took: 0.0004189 seconds
[2019-10-14T07:35:29.118+0000][1][safepoint    ] Application time: 1.0010862 seconds
[2019-10-14T07:35:29.119+0000][1][safepoint    ] Entering safepoint region: Cleanup
[2019-10-14T07:35:29.120+0000][1][safepoint    ] Leaving safepoint region
[2019-10-14T07:35:29.120+0000][1][safepoint    ] Total time for which application threads were stopped: 0.0012191 seconds, Stopping threads took: 0.0005325 seconds
[2019-10-14T07:35:30.124+0000][1][safepoint    ] Application time: 1.0036153 seconds
[2019-10-14T07:35:30.128+0000][1][safepoint    ] Entering safepoint region: Cleanup
[2019-10-14T07:35:30.129+0000][1][safepoint    ] Leaving safepoint region
[2019-10-14T07:35:30.129+0000][1][safepoint    ] Total time for which application threads were stopped: 0.0018240 seconds, Stopping threads took: 0.0013459 seconds
[2019-10-14T07:35:31.130+0000][1][safepoint    ] Application time: 1.0004221 seconds
[2019-10-14T07:35:31.135+0000][1][safepoint    ] Entering safepoint region: Cleanup
[2019-10-14T07:35:31.135+0000][1][safepoint    ] Leaving safepoint region
[2019-10-14T07:35:31.136+0000][1][safepoint    ] Total time for which application threads were stopped: 0.0007787 seconds, Stopping threads took: 0.0004179 seconds
[2019-10-14T07:35:31.862+0000][1][safepoint    ] Application time: 0.7261381 seconds
[2019-10-14T07:35:31.863+0000][1][safepoint    ] Entering safepoint region: RevokeBias
[2019-10-14T07:35:31.864+0000][1][safepoint    ] Leaving safepoint region
[2019-10-14T07:35:31.864+0000][1][safepoint    ] Total time for which application threads were stopped: 0.0010848 seconds, Stopping threads took: 0.0004423 seconds
[2019-10-14T07:35:31.864+0000][1][safepoint    ] Application time: 0.0000804 seconds
[2019-10-14T07:35:31.865+0000][1][safepoint    ] Entering safepoint region: RevokeBias
[2019-10-14T07:35:31.865+0000][1][safepoint    ] Leaving safepoint region
[2019-10-14T07:35:31.866+0000][1][safepoint    ] Total time for which application threads were stopped: 0.0008468 seconds, Stopping threads took: 0.0003602 seconds
[2019-10-14T07:35:31.866+0000][1][safepoint    ] Application time: 0.0000569 seconds
[2019-10-14T07:35:31.866+0000][1][safepoint    ] Entering safepoint region: BulkRevokeBias
[2019-10-14T07:35:31.867+0000][1][safepoint    ] Leaving safepoint region
[2019-10-14T07:35:31.867+0000][1][safepoint    ] Total time for which application threads were stopped: 0.0010045 seconds, Stopping threads took: 0.0003325 seconds
[2019-10-14T07:35:32.501+0000][1][safepoint    ] Application time: 0.6335128 seconds
[2019-10-14T07:35:32.502+0000][1][safepoint    ] Entering safepoint region: RevokeBias
[2019-10-14T07:35:32.502+0000][1][safepoint    ] Leaving safepoint region
[2019-10-14T07:35:32.502+0000][1][safepoint    ] Total time for which application threads were stopped: 0.0006837 seconds, Stopping threads took: 0.0003068 seconds
[2019-10-14T07:35:32.503+0000][1][safepoint    ] Application time: 0.0001616 seconds
[2019-10-14T07:35:32.503+0000][1][safepoint    ] Entering safepoint region: RevokeBias
[2019-10-14T07:35:32.503+0000][1][safepoint    ] Leaving safepoint region
[2019-10-14T07:35:32.504+0000][1][safepoint    ] Total time for which application threads were stopped: 0.0005789 seconds, Stopping threads took: 0.0002447 seconds
[2019-10-14T07:35:33.505+0000][1][safepoint    ] Application time: 1.0006287 seconds
[2019-10-14T07:35:33.505+0000][1][safepoint    ] Entering safepoint region: Cleanup
[2019-10-14T07:35:33.506+0000][1][safepoint    ] Leaving safepoint region
[2019-10-14T07:35:33.507+0000][1][safepoint    ] Total time for which application threads were stopped: 0.0015751 seconds, Stopping threads took: 0.0009865 seconds
[2019-10-14T07:35:34.487+0000][1][safepoint    ] Application time: 1.0002490 seconds
[2019-10-14T07:35:34.488+0000][1][safepoint    ] Entering safepoint region: Cleanup
[2019-10-14T07:35:34.488+0000][1][safepoint    ] Leaving safepoint region
[2019-10-14T07:35:34.489+0000][1][safepoint    ] Total time for which application threads were stopped: 0.0012236 seconds, Stopping threads took: 0.0004518 seconds
[2019-10-14T07:35:35.494+0000][1][safepoint    ] Application time: 1.0030038 seconds
[2019-10-14T07:35:35.495+0000][1][safepoint    ] Entering safepoint region: Cleanup
[2019-10-14T07:35:35.495+0000][1][safepoint    ] Leaving safepoint region
[2019-10-14T07:35:35.496+0000][1][safepoint    ] Total time for which application threads were stopped: 0.0010698 seconds, Stopping threads took: 0.0004864 seconds
[2019-10-14T07:35:36.499+0000][1][safepoint    ] Application time: 1.0026651 seconds
[2019-10-14T07:35:36.551+0000][1][safepoint    ] Entering safepoint region: Cleanup
[2019-10-14T07:35:36.552+0000][1][safepoint    ] Leaving safepoint region
[2019-10-14T07:35:36.552+0000][1][safepoint    ] Total time for which application threads were stopped: 0.0009905 seconds, Stopping threads took: 0.0004519 seconds
[2019-10-14T07:35:37.671+0000][1][safepoint    ] Application time: 1.1186674 seconds
[2019-10-14T07:35:37.675+0000][1][safepoint    ] Entering safepoint region: Cleanup
[2019-10-14T07:35:37.681+0000][1][safepoint    ] Leaving safepoint region
[2019-10-14T07:35:37.682+0000][1][safepoint    ] Total time for which application threads were stopped: 0.0067689 seconds, Stopping threads took: 0.0057618 seconds
[2019-10-14T07:35:38.767+0000][1][safepoint    ] Application time: 1.0847518 seconds
[2019-10-14T07:35:38.890+0000][1][safepoint    ] Entering safepoint region: Cleanup
[2019-10-14T07:35:38.891+0000][1][safepoint    ] Leaving safepoint region
[2019-10-14T07:35:38.893+0000][1][safepoint    ] Total time for which application threads were stopped: 0.0198227 seconds, Stopping threads took: 0.0175242 seconds
[2019-10-14T07:35:39.895+0000][1][safepoint    ] Application time: 1.0011169 seconds
[2019-10-14T07:35:39.897+0000][1][safepoint    ] Entering safepoint region: Cleanup
[2019-10-14T07:35:39.898+0000][1][safepoint    ] Leaving safepoint region
[2019-10-14T07:35:39.899+0000][1][safepoint    ] Total time for which application threads were stopped: 0.0014704 seconds, Stopping threads took: 0.0009853 seconds
[2019-10-14T07:35:41.360+0000][1][safepoint    ] Application time: 1.4614758 seconds
[2019-10-14T07:35:41.361+0000][1][safepoint    ] Entering safepoint region: Cleanup
[2019-10-14T07:35:41.361+0000][1][safepoint    ] Leaving safepoint region
[2019-10-14T07:35:41.362+0000][1][safepoint    ] Total time for which application threads were stopped: 0.0005790 seconds, Stopping threads took: 0.0002177 seconds
[2019-10-14T07:35:41.843+0000][1][safepoint    ] Application time: 0.4814564 seconds
[2019-10-14T07:35:41.845+0000][1][safepoint    ] Entering safepoint region: RevokeBias
[2019-10-14T07:35:41.845+0000][1][safepoint    ] Leaving safepoint region
[2019-10-14T07:35:41.846+0000][1][safepoint    ] Total time for which application threads were stopped: 0.0014385 seconds, Stopping threads took: 0.0009955 seconds
[2019-10-14T07:35:42.847+0000][1][safepoint    ] Application time: 1.0010785 seconds
[2019-10-14T07:35:42.848+0000][1][safepoint    ] Entering safepoint region: Cleanup
[2019-10-14T07:35:42.848+0000][1][safepoint    ] Leaving safepoint region
[2019-10-14T07:35:42.853+0000][1][safepoint    ] Total time for which application threads were stopped: 0.0055408 seconds, Stopping threads took: 0.0005992 seconds
[2019-10-14T07:35:43.855+0000][1][safepoint    ] Application time: 1.0003375 seconds
[2019-10-14T07:35:43.857+0000][1][safepoint    ] Entering safepoint region: Cleanup
[2019-10-14T07:35:43.858+0000][1][safepoint    ] Leaving safepoint region
[2019-10-14T07:35:43.858+0000][1][safepoint    ] Total time for which application threads were stopped: 0.0006490 seconds, Stopping threads took: 0.0002865 seconds
[2019-10-14T07:35:44.859+0000][1][safepoint    ] Application time: 1.0003991 seconds
[2019-10-14T07:35:44.859+0000][1][safepoint    ] Entering safepoint region: Cleanup
[2019-10-14T07:35:44.860+0000][1][safepoint    ] Leaving safepoint region
[2019-10-14T07:35:44.860+0000][1][safepoint    ] Total time for which application threads were stopped: 0.0010818 seconds, Stopping threads took: 0.0006194 seconds
[2019-10-14T07:35:45.862+0000][1][safepoint    ] Application time: 1.0010570 seconds
[2019-10-14T07:35:45.863+0000][1][safepoint    ] Entering safepoint region: Cleanup
[2019-10-14T07:35:45.864+0000][1][safepoint    ] Leaving safepoint region
[2019-10-14T07:35:45.864+0000][1][safepoint    ] Total time for which application threads were stopped: 0.0011086 seconds, Stopping threads took: 0.0006128 seconds
[2019-10-14T07:35:46.866+0000][1][safepoint    ] Application time: 1.0014024 seconds
[2019-10-14T07:35:46.866+0000][1][safepoint    ] Entering safepoint region: Cleanup
[2019-10-14T07:35:46.867+0000][1][safepoint    ] Leaving safepoint region
[2019-10-14T07:35:46.867+0000][1][safepoint    ] Total time for which application threads were stopped: 0.0009444 seconds, Stopping threads took: 0.0003788 seconds
[2019-10-14T07:35:47.868+0000][1][safepoint    ] Application time: 1.0010064 seconds
[2019-10-14T07:35:47.870+0000][1][safepoint    ] Entering safepoint region: Cleanup
[2019-10-14T07:35:47.870+0000][1][safepoint    ] Leaving safepoint region
[2019-10-14T07:35:47.871+0000][1][safepoint    ] Total time for which application threads were stopped: 0.0010948 seconds, Stopping threads took: 0.0005633 seconds
[2019-10-14T07:35:48.873+0000][1][safepoint    ] Application time: 1.0016897 seconds
[2019-10-14T07:35:48.874+0000][1][safepoint    ] Entering safepoint region: Cleanup
[2019-10-14T07:35:48.874+0000][1][safepoint    ] Leaving safepoint region
[2019-10-14T07:35:48.875+0000][1][safepoint    ] Total time for which application threads were stopped: 0.0012802 seconds, Stopping threads took: 0.0005579 seconds
[2019-10-14T07:35:49.876+0000][1][safepoint    ] Application time: 1.0002762 seconds
[2019-10-14T07:35:49.876+0000][1][safepoint    ] Entering safepoint region: Cleanup
[2019-10-14T07:35:49.877+0000][1][safepoint    ] Leaving safepoint region
[2019-10-14T07:35:49.877+0000][1][safepoint    ] Total time for which application threads were stopped: 0.0013398 seconds, Stopping threads took: 0.0007905 seconds
[2019-10-14T07:35:50.878+0000][1][safepoint    ] Application time: 1.0004712 seconds
[2019-10-14T07:35:50.879+0000][1][safepoint    ] Entering safepoint region: Cleanup
[2019-10-14T07:35:50.880+0000][1][safepoint    ] Leaving safepoint region
[2019-10-14T07:35:50.881+0000][1][safepoint    ] Total time for which application threads were stopped: 0.0017288 seconds, Stopping threads took: 0.0007484 seconds
[2019-10-14T07:35:51.883+0000][1][safepoint    ] Application time: 1.0013647 seconds
[2019-10-14T07:35:51.883+0000][1][safepoint    ] Entering safepoint region: Cleanup
[2019-10-14T07:35:51.884+0000][1][safepoint    ] Leaving safepoint region
[2019-10-14T07:35:51.884+0000][1][safepoint    ] Total time for which application threads were stopped: 0.0008855 seconds, Stopping threads took: 0.0005108 seconds
[2019-10-14T07:35:52.885+0000][1][safepoint    ] Application time: 1.0004946 seconds
[2019-10-14T07:35:52.886+0000][1][safepoint    ] Entering safepoint region: Cleanup
[2019-10-14T07:35:52.886+0000][1][safepoint    ] Leaving safepoint region
[2019-10-14T07:35:52.887+0000][1][safepoint    ] Total time for which application threads were stopped: 0.0010053 seconds, Stopping threads took: 0.0005246 seconds
[2019-10-14T07:35:53.887+0000][1][safepoint    ] Application time: 1.0003170 seconds
[2019-10-14T07:35:53.888+0000][1][safepoint    ] Entering safepoint region: Cleanup
[2019-10-14T07:35:53.889+0000][1][safepoint    ] Leaving safepoint region
[2019-10-14T07:35:53.889+0000][1][safepoint    ] Total time for which application threads were stopped: 0.0010113 seconds, Stopping threads took: 0.0005279 seconds
[2019-10-14T07:35:54.891+0000][1][safepoint    ] Application time: 1.0014009 seconds
[2019-10-14T07:35:54.893+0000][1][safepoint    ] Entering safepoint region: Cleanup
[2019-10-14T07:35:54.896+0000][1][safepoint    ] Leaving safepoint region
[2019-10-14T07:35:54.896+0000][1][safepoint    ] Total time for which application threads were stopped: 0.0032576 seconds, Stopping threads took: 0.0025755 seconds
[2019-10-14T07:35:55.897+0000][1][safepoint    ] Application time: 1.0007943 seconds
[2019-10-14T07:35:55.898+0000][1][safepoint    ] Entering safepoint region: Cleanup
[2019-10-14T07:35:55.899+0000][1][safepoint    ] Leaving safepoint region
[2019-10-14T07:35:55.899+0000][1][safepoint    ] Total time for which application threads were stopped: 0.0008800 seconds, Stopping threads took: 0.0004354 seconds
[2019-10-14T07:35:56.900+0000][1][safepoint    ] Application time: 1.0006661 seconds
[2019-10-14T07:35:56.900+0000][1][safepoint    ] Entering safepoint region: Cleanup
[2019-10-14T07:35:56.901+0000][1][safepoint    ] Leaving safepoint region
[2019-10-14T07:35:56.902+0000][1][safepoint    ] Total time for which application threads were stopped: 0.0014330 seconds, Stopping threads took: 0.0005120 seconds
[2019-10-14T07:35:57.904+0000][1][safepoint    ] Application time: 1.0017243 seconds
[2019-10-14T07:35:57.907+0000][1][safepoint    ] Entering safepoint region: Cleanup
[2019-10-14T07:35:57.907+0000][1][safepoint    ] Leaving safepoint region
[2019-10-14T07:35:57.908+0000][1][safepoint    ] Total time for which application threads were stopped: 0.0010391 seconds, Stopping threads took: 0.0005904 seconds
[2019-10-14T07:35:58.908+0000][1][safepoint    ] Application time: 1.0004579 seconds
[2019-10-14T07:35:58.909+0000][1][safepoint    ] Entering safepoint region: Cleanup
[2019-10-14T07:35:58.910+0000][1][safepoint    ] Leaving safepoint region
[2019-10-14T07:35:58.911+0000][1][safepoint    ] Total time for which application threads were stopped: 0.0019268 seconds, Stopping threads took: 0.0006762 seconds
[2019-10-14T07:35:59.913+0000][1][safepoint    ] Application time: 1.0008378 seconds
[2019-10-14T07:35:59.914+0000][1][safepoint    ] Entering safepoint region: Cleanup
[2019-10-14T07:35:59.915+0000][1][safepoint    ] Leaving safepoint region
[2019-10-14T07:35:59.915+0000][1][safepoint    ] Total time for which application threads were stopped: 0.0012960 seconds, Stopping threads took: 0.0006830 seconds
[2019-10-14T07:36:00.917+0000][1][safepoint    ] Application time: 1.0010943 seconds
[2019-10-14T07:36:00.918+0000][1][safepoint    ] Entering safepoint region: Cleanup
[2019-10-14T07:36:00.919+0000][1][safepoint    ] Leaving safepoint region
[2019-10-14T07:36:00.919+0000][1][safepoint    ] Total time for which application threads were stopped: 0.0011215 seconds, Stopping threads took: 0.0005250 seconds
[2019-10-14T07:36:01.920+0000][1][safepoint    ] Application time: 1.0002180 seconds
[2019-10-14T07:36:01.921+0000][1][safepoint    ] Entering safepoint region: Cleanup
[2019-10-14T07:36:01.921+0000][1][safepoint    ] Leaving safepoint region
[2019-10-14T07:36:01.922+0000][1][safepoint    ] Total time for which application threads were stopped: 0.0014592 seconds, Stopping threads took: 0.0004572 seconds
[2019-10-14T07:36:02.924+0000][1][safepoint    ] Application time: 1.0011955 seconds
[2019-10-14T07:36:02.925+0000][1][safepoint    ] Entering safepoint region: Cleanup
[2019-10-14T07:36:02.925+0000][1][safepoint    ] Leaving safepoint region
[2019-10-14T07:36:02.925+0000][1][safepoint    ] Total time for which application threads were stopped: 0.0009744 seconds, Stopping threads took: 0.0004974 seconds
[2019-10-14T07:36:03.906+0000][1][safepoint    ] Application time: 1.0016814 seconds
[2019-10-14T07:36:03.907+0000][1][safepoint    ] Entering safepoint region: Cleanup
[2019-10-14T07:36:03.907+0000][1][safepoint    ] Leaving safepoint region
[2019-10-14T07:36:03.909+0000][1][safepoint    ] Total time for which application threads were stopped: 0.0019641 seconds, Stopping threads took: 0.0005270 seconds
[2019-10-14T07:36:04.911+0000][1][safepoint    ] Application time: 1.0007090 seconds
[2019-10-14T07:36:04.911+0000][1][safepoint    ] Entering safepoint region: Cleanup
[2019-10-14T07:36:04.913+0000][1][safepoint    ] Leaving safepoint region
[2019-10-14T07:36:04.913+0000][1][safepoint    ] Total time for which application threads were stopped: 0.0018163 seconds, Stopping threads took: 0.0012866 seconds
[2019-10-14T07:36:05.097+0000][1][safepoint    ] Application time: 0.1835859 seconds
[2019-10-14T07:36:05.097+0000][1][safepoint    ] Entering safepoint region: GenCollectForAllocation
[2019-10-14T07:36:05.098+0000][1][gc,start     ] GC(27) Pause Young (Allocation Failure)
[2019-10-14T07:36:05.098+0000][1][gc,task      ] GC(27) Using 2 workers of 2 for evacuation
[2019-10-14T07:36:05.108+0000][1][gc,age       ] GC(27) Desired survivor size 4456448 bytes, new threshold 6 (max threshold 6)
[2019-10-14T07:36:05.108+0000][1][gc,age       ] GC(27) Age table with threshold 6 (max threshold 6)
[2019-10-14T07:36:05.108+0000][1][gc,age       ] GC(27) - age   1:     698192 bytes,     698192 total
[2019-10-14T07:36:05.109+0000][1][gc,age       ] GC(27) - age   2:      96112 bytes,     794304 total
[2019-10-14T07:36:05.109+0000][1][gc,age       ] GC(27) - age   3:     401504 bytes,    1195808 total
[2019-10-14T07:36:05.109+0000][1][gc,age       ] GC(27) - age   4:    2637144 bytes,    3832952 total
[2019-10-14T07:36:05.110+0000][1][gc,heap      ] GC(27) ParNew: 75330K->4191K(78656K)
[2019-10-14T07:36:05.110+0000][1][gc,heap      ] GC(27) CMS: 68137K->68137K(174784K)
[2019-10-14T07:36:05.110+0000][1][gc,metaspace ] GC(27) Metaspace: 78401K->78401K(1120256K)
[2019-10-14T07:36:05.111+0000][1][gc           ] GC(27) Pause Young (Allocation Failure) 140M->70M(247M) 12.998ms
[2019-10-14T07:36:05.111+0000][1][gc,cpu       ] GC(27) User=0.01s Sys=0.00s Real=0.01s
[2019-10-14T07:36:05.112+0000][1][safepoint    ] Leaving safepoint region
[2019-10-14T07:36:05.112+0000][1][safepoint    ] Total time for which application threads were stopped: 0.0147916 seconds, Stopping threads took: 0.0003084 seconds
[2019-10-14T07:36:06.113+0000][1][safepoint    ] Application time: 1.0002431 seconds
[2019-10-14T07:36:06.114+0000][1][safepoint    ] Entering safepoint region: Cleanup
[2019-10-14T07:36:06.114+0000][1][safepoint    ] Leaving safepoint region
[2019-10-14T07:36:06.115+0000][1][safepoint    ] Total time for which application threads were stopped: 0.0012799 seconds, Stopping threads took: 0.0006371 seconds
[2019-10-14T07:36:07.116+0000][1][safepoint    ] Application time: 1.0001763 seconds
[2019-10-14T07:36:07.116+0000][1][safepoint    ] Entering safepoint region: Cleanup
[2019-10-14T07:36:07.117+0000][1][safepoint    ] Leaving safepoint region
[2019-10-14T07:36:07.117+0000][1][safepoint    ] Total time for which application threads were stopped: 0.0010014 seconds, Stopping threads took: 0.0004656 seconds
[2019-10-14T07:36:07.899+0000][1][safepoint    ] Application time: 0.7817465 seconds
[2019-10-14T07:36:07.900+0000][1][safepoint    ] Entering safepoint region: RevokeBias
[2019-10-14T07:36:07.901+0000][1][safepoint    ] Leaving safepoint region
[2019-10-14T07:36:07.901+0000][1][safepoint    ] Total time for which application threads were stopped: 0.0012774 seconds, Stopping threads took: 0.0006355 seconds
[2019-10-14T07:36:07.902+0000][1][safepoint    ] Application time: 0.0008460 seconds
[2019-10-14T07:36:07.903+0000][1][safepoint    ] Entering safepoint region: RevokeBias
[2019-10-14T07:36:07.903+0000][1][safepoint    ] Leaving safepoint region
[2019-10-14T07:36:07.905+0000][1][safepoint    ] Total time for which application threads were stopped: 0.0016182 seconds, Stopping threads took: 0.0003558 seconds
[2019-10-14T07:36:08.053+0000][1][safepoint    ] Application time: 0.1471085 seconds
[2019-10-14T07:36:08.053+0000][1][safepoint    ] Entering safepoint region: RevokeBias
[2019-10-14T07:36:08.054+0000][1][safepoint    ] Leaving safepoint region
[2019-10-14T07:36:08.054+0000][1][safepoint    ] Total time for which application threads were stopped: 0.0010873 seconds, Stopping threads took: 0.0006119 seconds
[2019-10-14T07:36:08.392+0000][1][safepoint    ] Application time: 0.3371182 seconds
[2019-10-14T07:36:08.393+0000][1][safepoint    ] Entering safepoint region: RevokeBias
[2019-10-14T07:36:08.393+0000][1][safepoint    ] Leaving safepoint region
[2019-10-14T07:36:08.395+0000][1][safepoint    ] Total time for which application threads were stopped: 0.0021463 seconds, Stopping threads took: 0.0006793 seconds
[2019-10-14T07:36:08.410+0000][1][safepoint    ] Application time: 0.0145923 seconds
[2019-10-14T07:36:08.410+0000][1][safepoint    ] Entering safepoint region: RevokeBias
[2019-10-14T07:36:08.411+0000][1][safepoint    ] Leaving safepoint region
[2019-10-14T07:36:08.411+0000][1][safepoint    ] Total time for which application threads were stopped: 0.0007379 seconds, Stopping threads took: 0.0003472 seconds
[2019-10-14T07:36:08.412+0000][1][safepoint    ] Application time: 0.0003360 seconds
[2019-10-14T07:36:08.412+0000][1][safepoint    ] Entering safepoint region: RevokeBias
[2019-10-14T07:36:08.413+0000][1][safepoint    ] Leaving safepoint region
[2019-10-14T07:36:08.413+0000][1][safepoint    ] Total time for which application threads were stopped: 0.0010933 seconds, Stopping threads took: 0.0005752 seconds
[2019-10-14T07:36:08.415+0000][1][safepoint    ] Application time: 0.0017796 seconds
[2019-10-14T07:36:08.416+0000][1][safepoint    ] Entering safepoint region: RevokeBias
[2019-10-14T07:36:08.416+0000][1][safepoint    ] Leaving safepoint region
[2019-10-14T07:36:08.416+0000][1][safepoint    ] Total time for which application threads were stopped: 0.0006943 seconds, Stopping threads took: 0.0003212 seconds
[2019-10-14T07:36:08.418+0000][1][safepoint    ] Application time: 0.0008203 seconds
[2019-10-14T07:36:08.418+0000][1][safepoint    ] Entering safepoint region: RevokeBias
[2019-10-14T07:36:08.418+0000][1][safepoint    ] Leaving safepoint region
[2019-10-14T07:36:08.418+0000][1][safepoint    ] Total time for which application threads were stopped: 0.0006284 seconds, Stopping threads took: 0.0002674 seconds
[2019-10-14T07:36:08.547+0000][1][safepoint    ] Application time: 0.1277971 seconds
[2019-10-14T07:36:08.548+0000][1][safepoint    ] Entering safepoint region: RevokeBias
[2019-10-14T07:36:08.548+0000][1][safepoint    ] Leaving safepoint region
[2019-10-14T07:36:08.548+0000][1][safepoint    ] Total time for which application threads were stopped: 0.0009556 seconds, Stopping threads took: 0.0004619 seconds
[2019-10-14T07:36:08.550+0000][1][safepoint    ] Application time: 0.0010317 seconds
[2019-10-14T07:36:08.551+0000][1][safepoint    ] Entering safepoint region: RevokeBias
[2019-10-14T07:36:08.552+0000][1][safepoint    ] Leaving safepoint region
[2019-10-14T07:36:08.552+0000][1][safepoint    ] Total time for which application threads were stopped: 0.0008068 seconds, Stopping threads took: 0.0003778 seconds
[2019-10-14T07:36:09.317+0000][1][safepoint    ] Application time: 0.7653335 seconds
[2019-10-14T07:36:09.318+0000][1][safepoint    ] Entering safepoint region: RevokeBias
[2019-10-14T07:36:09.318+0000][1][safepoint    ] Leaving safepoint region
[2019-10-14T07:36:09.319+0000][1][safepoint    ] Total time for which application threads were stopped: 0.0007135 seconds, Stopping threads took: 0.0003147 seconds
[2019-10-14T07:36:09.319+0000][1][safepoint    ] Application time: 0.0000534 seconds
[2019-10-14T07:36:09.319+0000][1][safepoint    ] Entering safepoint region: RevokeBias
[2019-10-14T07:36:09.320+0000][1][safepoint    ] Leaving safepoint region
[2019-10-14T07:36:09.320+0000][1][safepoint    ] Total time for which application threads were stopped: 0.0007740 seconds, Stopping threads took: 0.0003699 seconds
[2019-10-14T07:36:09.321+0000][1][safepoint    ] Application time: 0.0000378 seconds
[2019-10-14T07:36:09.321+0000][1][safepoint    ] Entering safepoint region: RevokeBias
[2019-10-14T07:36:09.321+0000][1][safepoint    ] Leaving safepoint region
[2019-10-14T07:36:09.322+0000][1][safepoint    ] Total time for which application threads were stopped: 0.0008939 seconds, Stopping threads took: 0.0003770 seconds
[2019-10-14T07:36:09.322+0000][1][safepoint    ] Application time: 0.0000378 seconds
[2019-10-14T07:36:09.323+0000][1][safepoint    ] Entering safepoint region: RevokeBias
[2019-10-14T07:36:09.323+0000][1][safepoint    ] Leaving safepoint region
[2019-10-14T07:36:09.323+0000][1][safepoint    ] Total time for which application threads were stopped: 0.0007699 seconds, Stopping threads took: 0.0003720 seconds
[2019-10-14T07:36:09.324+0000][1][safepoint    ] Application time: 0.0000478 seconds
[2019-10-14T07:36:09.324+0000][1][safepoint    ] Entering safepoint region: RevokeBias
[2019-10-14T07:36:09.324+0000][1][safepoint    ] Leaving safepoint region
[2019-10-14T07:36:09.325+0000][1][safepoint    ] Total time for which application threads were stopped: 0.0007673 seconds, Stopping threads took: 0.0003650 seconds
[2019-10-14T07:36:10.329+0000][1][safepoint    ] Application time: 1.0041866 seconds
[2019-10-14T07:36:10.330+0000][1][safepoint    ] Entering safepoint region: Cleanup
[2019-10-14T07:36:10.331+0000][1][safepoint    ] Leaving safepoint region
[2019-10-14T07:36:10.331+0000][1][safepoint    ] Total time for which application threads were stopped: 0.0011991 seconds, Stopping threads took: 0.0006096 seconds
[2019-10-14T07:36:10.962+0000][1][safepoint    ] Application time: 0.6275064 seconds
[2019-10-14T07:36:10.962+0000][1][safepoint    ] Entering safepoint region: RevokeBias
[2019-10-14T07:36:10.963+0000][1][safepoint    ] Leaving safepoint region
[2019-10-14T07:36:10.963+0000][1][safepoint    ] Total time for which application threads were stopped: 0.0007551 seconds, Stopping threads took: 0.0003462 seconds
[2019-10-14T07:36:11.964+0000][1][safepoint    ] Application time: 1.0004883 seconds
[2019-10-14T07:36:11.965+0000][1][safepoint    ] Entering safepoint region: Cleanup
[2019-10-14T07:36:11.966+0000][1][safepoint    ] Leaving safepoint region
[2019-10-14T07:36:11.966+0000][1][safepoint    ] Total time for which application threads were stopped: 0.0015039 seconds, Stopping threads took: 0.0006787 seconds
[2019-10-14T07:36:12.967+0000][1][safepoint    ] Application time: 1.0002040 seconds
[2019-10-14T07:36:12.969+0000][1][safepoint    ] Entering safepoint region: Cleanup
[2019-10-14T07:36:12.970+0000][1][safepoint    ] Leaving safepoint region
[2019-10-14T07:36:12.970+0000][1][safepoint    ] Total time for which application threads were stopped: 0.0020127 seconds, Stopping threads took: 0.0012944 seconds
[2019-10-14T07:36:13.972+0000][1][safepoint    ] Application time: 1.0004393 seconds
[2019-10-14T07:36:13.973+0000][1][safepoint    ] Entering safepoint region: Cleanup
[2019-10-14T07:36:13.973+0000][1][safepoint    ] Leaving safepoint region
[2019-10-14T07:36:13.974+0000][1][safepoint    ] Total time for which application threads were stopped: 0.0011554 seconds, Stopping threads took: 0.0006140 seconds
[2019-10-14T07:36:14.974+0000][1][safepoint    ] Application time: 1.0001787 seconds
[2019-10-14T07:36:14.975+0000][1][safepoint    ] Entering safepoint region: Cleanup
[2019-10-14T07:36:14.975+0000][1][safepoint    ] Leaving safepoint region
[2019-10-14T07:36:14.976+0000][1][safepoint    ] Total time for which application threads were stopped: 0.0010979 seconds, Stopping threads took: 0.0004496 seconds
[2019-10-14T07:36:15.976+0000][1][safepoint    ] Application time: 1.0001520 seconds
[2019-10-14T07:36:15.977+0000][1][safepoint    ] Entering safepoint region: Cleanup
[2019-10-14T07:36:15.977+0000][1][safepoint    ] Leaving safepoint region
[2019-10-14T07:36:15.978+0000][1][safepoint    ] Total time for which application threads were stopped: 0.0008279 seconds, Stopping threads took: 0.0004287 seconds
[2019-10-14T07:36:16.844+0000][1][safepoint    ] Application time: 0.8657008 seconds
[2019-10-14T07:36:16.846+0000][1][safepoint    ] Entering safepoint region: RevokeBias
[2019-10-14T07:36:16.847+0000][1][safepoint    ] Leaving safepoint region
[2019-10-14T07:36:16.848+0000][1][safepoint    ] Total time for which application threads were stopped: 0.0023103 seconds, Stopping threads took: 0.0006418 seconds
[2019-10-14T07:36:17.851+0000][1][safepoint    ] Application time: 1.0008045 seconds
[2019-10-14T07:36:17.852+0000][1][safepoint    ] Entering safepoint region: Cleanup
[2019-10-14T07:36:17.855+0000][1][safepoint    ] Leaving safepoint region
[2019-10-14T07:36:17.855+0000][1][safepoint    ] Total time for which application threads were stopped: 0.0034500 seconds, Stopping threads took: 0.0029521 seconds
[2019-10-14T07:36:18.856+0000][1][safepoint    ] Application time: 1.0001559 seconds
[2019-10-14T07:36:18.857+0000][1][safepoint    ] Entering safepoint region: Cleanup
[2019-10-14T07:36:18.857+0000][1][safepoint    ] Leaving safepoint region
[2019-10-14T07:36:18.858+0000][1][safepoint    ] Total time for which application threads were stopped: 0.0009717 seconds, Stopping threads took: 0.0004148 seconds
[2019-10-14T07:36:18.886+0000][1][safepoint    ] Application time: 0.0278538 seconds
[2019-10-14T07:36:18.887+0000][1][safepoint    ] Entering safepoint region: RevokeBias
[2019-10-14T07:36:18.887+0000][1][safepoint    ] Leaving safepoint region
[2019-10-14T07:36:18.888+0000][1][safepoint    ] Total time for which application threads were stopped: 0.0012558 seconds, Stopping threads took: 0.0006568 seconds
[2019-10-14T07:36:19.889+0000][1][safepoint    ] Application time: 1.0003181 seconds
[2019-10-14T07:36:19.889+0000][1][safepoint    ] Entering safepoint region: Cleanup
[2019-10-14T07:36:19.890+0000][1][safepoint    ] Leaving safepoint region
[2019-10-14T07:36:19.890+0000][1][safepoint    ] Total time for which application threads were stopped: 0.0009747 seconds, Stopping threads took: 0.0004594 seconds
[2019-10-14T07:36:20.891+0000][1][safepoint    ] Application time: 1.0004110 seconds
[2019-10-14T07:36:20.892+0000][1][safepoint    ] Entering safepoint region: Cleanup
[2019-10-14T07:36:20.892+0000][1][safepoint    ] Leaving safepoint region
[2019-10-14T07:36:20.892+0000][1][safepoint    ] Total time for which application threads were stopped: 0.0008693 seconds, Stopping threads took: 0.0004343 seconds
[2019-10-14T07:36:21.899+0000][1][safepoint    ] Application time: 1.0065128 seconds
[2019-10-14T07:36:21.919+0000][1][safepoint    ] Entering safepoint region: Cleanup
[2019-10-14T07:36:21.933+0000][1][safepoint    ] Leaving safepoint region
[2019-10-14T07:36:21.938+0000][1][safepoint    ] Total time for which application threads were stopped: 0.0187500 seconds, Stopping threads took: 0.0138274 seconds
[2019-10-14T07:36:22.939+0000][1][safepoint    ] Application time: 1.0007018 seconds
[2019-10-14T07:36:22.940+0000][1][safepoint    ] Entering safepoint region: Cleanup
[2019-10-14T07:36:22.941+0000][1][safepoint    ] Leaving safepoint region
[2019-10-14T07:36:22.941+0000][1][safepoint    ] Total time for which application threads were stopped: 0.0009873 seconds, Stopping threads took: 0.0004214 seconds
[2019-10-14T07:36:23.942+0000][1][safepoint    ] Application time: 1.0005857 seconds
[2019-10-14T07:36:23.943+0000][1][safepoint    ] Entering safepoint region: Cleanup
[2019-10-14T07:36:23.943+0000][1][safepoint    ] Leaving safepoint region
[2019-10-14T07:36:23.944+0000][1][safepoint    ] Total time for which application threads were stopped: 0.0013297 seconds, Stopping threads took: 0.0005951 seconds
[2019-10-14T07:36:24.945+0000][1][safepoint    ] Application time: 1.0002069 seconds
[2019-10-14T07:36:24.946+0000][1][safepoint    ] Entering safepoint region: Cleanup
[2019-10-14T07:36:24.947+0000][1][safepoint    ] Leaving safepoint region
[2019-10-14T07:36:24.947+0000][1][safepoint    ] Total time for which application threads were stopped: 0.0009626 seconds, Stopping threads took: 0.0004993 seconds
[2019-10-14T07:36:25.948+0000][1][safepoint    ] Application time: 1.0001704 seconds
[2019-10-14T07:36:25.948+0000][1][safepoint    ] Entering safepoint region: Cleanup
[2019-10-14T07:36:25.949+0000][1][safepoint    ] Leaving safepoint region
[2019-10-14T07:36:25.949+0000][1][safepoint    ] Total time for which application threads were stopped: 0.0008340 seconds, Stopping threads took: 0.0003573 seconds
[2019-10-14T07:36:26.950+0000][1][safepoint    ] Application time: 1.0004181 seconds
[2019-10-14T07:36:26.951+0000][1][safepoint    ] Entering safepoint region: Cleanup
[2019-10-14T07:36:26.951+0000][1][safepoint    ] Leaving safepoint region
[2019-10-14T07:36:26.952+0000][1][safepoint    ] Total time for which application threads were stopped: 0.0012974 seconds, Stopping threads took: 0.0004643 seconds
[2019-10-14T07:36:27.958+0000][1][safepoint    ] Application time: 1.0046570 seconds
[2019-10-14T07:36:27.968+0000][1][safepoint    ] Entering safepoint region: Cleanup
[2019-10-14T07:36:27.969+0000][1][safepoint    ] Leaving safepoint region
[2019-10-14T07:36:27.971+0000][1][safepoint    ] Total time for which application threads were stopped: 0.0032062 seconds, Stopping threads took: 0.0015123 seconds
[2019-10-14T07:36:28.973+0000][1][safepoint    ] Application time: 1.0006370 seconds
[2019-10-14T07:36:28.973+0000][1][safepoint    ] Entering safepoint region: Cleanup
[2019-10-14T07:36:28.974+0000][1][safepoint    ] Leaving safepoint region
[2019-10-14T07:36:28.975+0000][1][safepoint    ] Total time for which application threads were stopped: 0.0018289 seconds, Stopping threads took: 0.0005872 seconds
[2019-10-14T07:36:29.976+0000][1][safepoint    ] Application time: 1.0001682 seconds
[2019-10-14T07:36:29.977+0000][1][safepoint    ] Entering safepoint region: Cleanup
[2019-10-14T07:36:29.978+0000][1][safepoint    ] Leaving safepoint region
[2019-10-14T07:36:29.980+0000][1][safepoint    ] Total time for which application threads were stopped: 0.0028658 seconds, Stopping threads took: 0.0008937 seconds
[2019-10-14T07:36:30.982+0000][1][safepoint    ] Application time: 1.0012887 seconds
[2019-10-14T07:36:30.984+0000][1][safepoint    ] Entering safepoint region: Cleanup
[2019-10-14T07:36:30.988+0000][1][safepoint    ] Leaving safepoint region
[2019-10-14T07:36:31.000+0000][1][safepoint    ] Total time for which application threads were stopped: 0.0167131 seconds, Stopping threads took: 0.0042207 seconds
[2019-10-14T07:36:32.001+0000][1][safepoint    ] Application time: 1.0002954 seconds
[2019-10-14T07:36:32.002+0000][1][safepoint    ] Entering safepoint region: Cleanup
[2019-10-14T07:36:32.002+0000][1][safepoint    ] Leaving safepoint region
[2019-10-14T07:36:32.003+0000][1][safepoint    ] Total time for which application threads were stopped: 0.0009954 seconds, Stopping threads took: 0.0005222 seconds
[2019-10-14T07:36:33.004+0000][1][safepoint    ] Application time: 1.0003453 seconds
[2019-10-14T07:36:33.004+0000][1][safepoint    ] Entering safepoint region: Cleanup
[2019-10-14T07:36:33.005+0000][1][safepoint    ] Leaving safepoint region
[2019-10-14T07:36:33.005+0000][1][safepoint    ] Total time for which application threads were stopped: 0.0010455 seconds, Stopping threads took: 0.0006040 seconds
[2019-10-14T07:36:33.985+0000][1][safepoint    ] Application time: 1.0006383 seconds
[2019-10-14T07:36:33.988+0000][1][safepoint    ] Entering safepoint region: Cleanup
[2019-10-14T07:36:33.989+0000][1][safepoint    ] Leaving safepoint region
[2019-10-14T07:36:33.990+0000][1][safepoint    ] Total time for which application threads were stopped: 0.0017227 seconds, Stopping threads took: 0.0007475 seconds
[2019-10-14T07:36:34.991+0000][1][safepoint    ] Application time: 1.0001339 seconds
[2019-10-14T07:36:34.992+0000][1][safepoint    ] Entering safepoint region: Cleanup
[2019-10-14T07:36:34.992+0000][1][safepoint    ] Leaving safepoint region
[2019-10-14T07:36:34.993+0000][1][safepoint    ] Total time for which application threads were stopped: 0.0011698 seconds, Stopping threads took: 0.0004561 seconds
[2019-10-14T07:36:35.993+0000][1][safepoint    ] Application time: 1.0002703 seconds
[2019-10-14T07:36:35.994+0000][1][safepoint    ] Entering safepoint region: Cleanup
[2019-10-14T07:36:35.994+0000][1][safepoint    ] Leaving safepoint region
[2019-10-14T07:36:35.994+0000][1][safepoint    ] Total time for which application threads were stopped: 0.0007229 seconds, Stopping threads took: 0.0002776 seconds
[2019-10-14T07:36:36.999+0000][1][safepoint    ] Application time: 1.0037375 seconds
[2019-10-14T07:36:37.011+0000][1][safepoint    ] Entering safepoint region: Cleanup
[2019-10-14T07:36:37.024+0000][1][safepoint    ] Leaving safepoint region
[2019-10-14T07:36:37.042+0000][1][safepoint    ] Total time for which application threads were stopped: 0.0301334 seconds, Stopping threads took: 0.0121343 seconds
[2019-10-14T07:36:38.049+0000][1][safepoint    ] Application time: 1.0000904 seconds
[2019-10-14T07:36:38.051+0000][1][safepoint    ] Entering safepoint region: Cleanup
[2019-10-14T07:36:38.062+0000][1][safepoint    ] Leaving safepoint region
[2019-10-14T07:36:38.066+0000][1][safepoint    ] Total time for which application threads were stopped: 0.0149448 seconds, Stopping threads took: 0.0102790 seconds
[2019-10-14T07:36:39.067+0000][1][safepoint    ] Application time: 1.0007824 seconds
[2019-10-14T07:36:39.068+0000][1][safepoint    ] Entering safepoint region: Cleanup
[2019-10-14T07:36:39.069+0000][1][safepoint    ] Leaving safepoint region
[2019-10-14T07:36:39.069+0000][1][safepoint    ] Total time for which application threads were stopped: 0.0012526 seconds, Stopping threads took: 0.0006498 seconds
[2019-10-14T07:36:40.070+0000][1][safepoint    ] Application time: 1.0004938 seconds
[2019-10-14T07:36:40.071+0000][1][safepoint    ] Entering safepoint region: Cleanup
[2019-10-14T07:36:40.072+0000][1][safepoint    ] Leaving safepoint region
[2019-10-14T07:36:40.073+0000][1][safepoint    ] Total time for which application threads were stopped: 0.0016175 seconds, Stopping threads took: 0.0008179 seconds
[2019-10-14T07:36:41.076+0000][1][safepoint    ] Application time: 1.0018175 seconds
[2019-10-14T07:36:41.077+0000][1][safepoint    ] Entering safepoint region: Cleanup
[2019-10-14T07:36:41.077+0000][1][safepoint    ] Leaving safepoint region
[2019-10-14T07:36:41.078+0000][1][safepoint    ] Total time for which application threads were stopped: 0.0008162 seconds, Stopping threads took: 0.0004626 seconds
[2019-10-14T07:36:42.085+0000][1][safepoint    ] Application time: 1.0065447 seconds
[2019-10-14T07:36:42.086+0000][1][safepoint    ] Entering safepoint region: Cleanup
[2019-10-14T07:36:42.087+0000][1][safepoint    ] Leaving safepoint region
[2019-10-14T07:36:42.087+0000][1][safepoint    ] Total time for which application threads were stopped: 0.0012696 seconds, Stopping threads took: 0.0007255 seconds
[2019-10-14T07:36:43.088+0000][1][safepoint    ] Application time: 1.0003642 seconds
[2019-10-14T07:36:43.089+0000][1][safepoint    ] Entering safepoint region: Cleanup
[2019-10-14T07:36:43.090+0000][1][safepoint    ] Leaving safepoint region
[2019-10-14T07:36:43.091+0000][1][safepoint    ] Total time for which application threads were stopped: 0.0015643 seconds, Stopping threads took: 0.0005972 seconds
[2019-10-14T07:36:44.092+0000][1][safepoint    ] Application time: 1.0002421 seconds
[2019-10-14T07:36:44.095+0000][1][safepoint    ] Entering safepoint region: Cleanup
[2019-10-14T07:36:44.099+0000][1][safepoint    ] Leaving safepoint region
[2019-10-14T07:36:44.100+0000][1][safepoint    ] Total time for which application threads were stopped: 0.0041931 seconds, Stopping threads took: 0.0032050 seconds
[2019-10-14T07:36:45.100+0000][1][safepoint    ] Application time: 1.0001752 seconds
[2019-10-14T07:36:45.100+0000][1][safepoint    ] Entering safepoint region: Cleanup
[2019-10-14T07:36:45.101+0000][1][safepoint    ] Leaving safepoint region
[2019-10-14T07:36:45.102+0000][1][safepoint    ] Total time for which application threads were stopped: 0.0015086 seconds, Stopping threads took: 0.0004367 seconds
[2019-10-14T07:36:46.107+0000][1][safepoint    ] Application time: 1.0016875 seconds
[2019-10-14T07:36:46.108+0000][1][safepoint    ] Entering safepoint region: Cleanup
[2019-10-14T07:36:46.108+0000][1][safepoint    ] Leaving safepoint region
[2019-10-14T07:36:46.108+0000][1][safepoint    ] Total time for which application threads were stopped: 0.0009374 seconds, Stopping threads took: 0.0004157 seconds
[2019-10-14T07:36:47.109+0000][1][safepoint    ] Application time: 1.0007257 seconds
[2019-10-14T07:36:47.112+0000][1][safepoint    ] Entering safepoint region: Cleanup
[2019-10-14T07:36:47.116+0000][1][safepoint    ] Leaving safepoint region
[2019-10-14T07:36:47.123+0000][1][safepoint    ] Total time for which application threads were stopped: 0.0115792 seconds, Stopping threads took: 0.0042986 seconds
[2019-10-14T07:36:48.124+0000][1][safepoint    ] Application time: 1.0003716 seconds
[2019-10-14T07:36:48.125+0000][1][safepoint    ] Entering safepoint region: Cleanup
[2019-10-14T07:36:48.125+0000][1][safepoint    ] Leaving safepoint region
[2019-10-14T07:36:48.126+0000][1][safepoint    ] Total time for which application threads were stopped: 0.0010716 seconds, Stopping threads took: 0.0005397 seconds
[2019-10-14T07:36:49.126+0000][1][safepoint    ] Application time: 1.0001733 seconds
[2019-10-14T07:36:49.127+0000][1][safepoint    ] Entering safepoint region: Cleanup
[2019-10-14T07:36:49.127+0000][1][safepoint    ] Leaving safepoint region
[2019-10-14T07:36:49.127+0000][1][safepoint    ] Total time for which application threads were stopped: 0.0005935 seconds, Stopping threads took: 0.0002728 seconds
[2019-10-14T07:36:50.128+0000][1][safepoint    ] Application time: 1.0001500 seconds
[2019-10-14T07:36:50.128+0000][1][safepoint    ] Entering safepoint region: Cleanup
[2019-10-14T07:36:50.129+0000][1][safepoint    ] Leaving safepoint region
[2019-10-14T07:36:50.129+0000][1][safepoint    ] Total time for which application threads were stopped: 0.0008138 seconds, Stopping threads took: 0.0003189 seconds
[2019-10-14T07:36:51.130+0000][1][safepoint    ] Application time: 1.0001886 seconds
[2019-10-14T07:36:51.130+0000][1][safepoint    ] Entering safepoint region: Cleanup
[2019-10-14T07:36:51.131+0000][1][safepoint    ] Leaving safepoint region
[2019-10-14T07:36:51.131+0000][1][safepoint    ] Total time for which application threads were stopped: 0.0007609 seconds, Stopping threads took: 0.0003036 seconds
[2019-10-14T07:36:52.131+0000][1][safepoint    ] Application time: 1.0003076 seconds
[2019-10-14T07:36:52.132+0000][1][safepoint    ] Entering safepoint region: Cleanup
[2019-10-14T07:36:52.133+0000][1][safepoint    ] Leaving safepoint region
[2019-10-14T07:36:52.133+0000][1][safepoint    ] Total time for which application threads were stopped: 0.0009835 seconds, Stopping threads took: 0.0003760 seconds
[2019-10-14T07:36:53.134+0000][1][safepoint    ] Application time: 1.0003793 seconds
[2019-10-14T07:36:53.134+0000][1][safepoint    ] Entering safepoint region: Cleanup
[2019-10-14T07:36:53.135+0000][1][safepoint    ] Leaving safepoint region
[2019-10-14T07:36:53.136+0000][1][safepoint    ] Total time for which application threads were stopped: 0.0016333 seconds, Stopping threads took: 0.0007803 seconds
[2019-10-14T07:36:54.137+0000][1][safepoint    ] Application time: 1.0006026 seconds
[2019-10-14T07:36:54.138+0000][1][safepoint    ] Entering safepoint region: Cleanup
[2019-10-14T07:36:54.138+0000][1][safepoint    ] Leaving safepoint region
[2019-10-14T07:36:54.139+0000][1][safepoint    ] Total time for which application threads were stopped: 0.0013120 seconds, Stopping threads took: 0.0006970 seconds
[2019-10-14T07:36:55.139+0000][1][safepoint    ] Application time: 1.0001856 seconds
[2019-10-14T07:36:55.140+0000][1][safepoint    ] Entering safepoint region: Cleanup
[2019-10-14T07:36:55.141+0000][1][safepoint    ] Leaving safepoint region
[2019-10-14T07:36:55.142+0000][1][safepoint    ] Total time for which application threads were stopped: 0.0016640 seconds, Stopping threads took: 0.0009800 seconds
[2019-10-14T07:36:56.149+0000][1][safepoint    ] Application time: 1.0064689 seconds
[2019-10-14T07:36:56.151+0000][1][safepoint    ] Entering safepoint region: Cleanup
[2019-10-14T07:36:56.152+0000][1][safepoint    ] Leaving safepoint region
[2019-10-14T07:36:56.152+0000][1][safepoint    ] Total time for which application threads were stopped: 0.0012953 seconds, Stopping threads took: 0.0007876 seconds
[2019-10-14T07:36:57.156+0000][1][safepoint    ] Application time: 1.0036804 seconds
[2019-10-14T07:36:57.157+0000][1][safepoint    ] Entering safepoint region: Cleanup
[2019-10-14T07:36:57.158+0000][1][safepoint    ] Leaving safepoint region
[2019-10-14T07:36:57.159+0000][1][safepoint    ] Total time for which application threads were stopped: 0.0014101 seconds, Stopping threads took: 0.0007064 seconds
[2019-10-14T07:36:58.161+0000][1][safepoint    ] Application time: 1.0020780 seconds
[2019-10-14T07:36:58.162+0000][1][safepoint    ] Entering safepoint region: Cleanup
[2019-10-14T07:36:58.163+0000][1][safepoint    ] Leaving safepoint region
[2019-10-14T07:36:58.163+0000][1][safepoint    ] Total time for which application threads were stopped: 0.0008476 seconds, Stopping threads took: 0.0004354 seconds
[2019-10-14T07:36:59.164+0000][1][safepoint    ] Application time: 1.0009852 seconds
[2019-10-14T07:36:59.166+0000][1][safepoint    ] Entering safepoint region: Cleanup
[2019-10-14T07:36:59.167+0000][1][safepoint    ] Leaving safepoint region
[2019-10-14T07:36:59.167+0000][1][safepoint    ] Total time for which application threads were stopped: 0.0011572 seconds, Stopping threads took: 0.0005902 seconds
[2019-10-14T07:37:00.171+0000][1][safepoint    ] Application time: 1.0032909 seconds
[2019-10-14T07:37:00.172+0000][1][safepoint    ] Entering safepoint region: Cleanup
[2019-10-14T07:37:00.173+0000][1][safepoint    ] Leaving safepoint region
[2019-10-14T07:37:00.174+0000][1][safepoint    ] Total time for which application threads were stopped: 0.0016635 seconds, Stopping threads took: 0.0009660 seconds
[2019-10-14T07:37:01.176+0000][1][safepoint    ] Application time: 1.0015558 seconds
[2019-10-14T07:37:01.176+0000][1][safepoint    ] Entering safepoint region: Cleanup
[2019-10-14T07:37:01.177+0000][1][safepoint    ] Leaving safepoint region
[2019-10-14T07:37:01.177+0000][1][safepoint    ] Total time for which application threads were stopped: 0.0012244 seconds, Stopping threads took: 0.0004577 seconds
[2019-10-14T07:37:02.180+0000][1][safepoint    ] Application time: 1.0017435 seconds
[2019-10-14T07:37:02.184+0000][1][safepoint    ] Entering safepoint region: Cleanup
[2019-10-14T07:37:02.185+0000][1][safepoint    ] Leaving safepoint region
[2019-10-14T07:37:02.186+0000][1][safepoint    ] Total time for which application threads were stopped: 0.0017549 seconds, Stopping threads took: 0.0010096 seconds
[2019-10-14T07:37:03.187+0000][1][safepoint    ] Application time: 1.0006161 seconds
[2019-10-14T07:37:03.188+0000][1][safepoint    ] Entering safepoint region: Cleanup
[2019-10-14T07:37:03.188+0000][1][safepoint    ] Leaving safepoint region
[2019-10-14T07:37:03.189+0000][1][safepoint    ] Total time for which application threads were stopped: 0.0011336 seconds, Stopping threads took: 0.0004355 seconds
[2019-10-14T07:37:04.168+0000][1][safepoint    ] Application time: 1.0002875 seconds
[2019-10-14T07:37:04.170+0000][1][safepoint    ] Entering safepoint region: Cleanup
[2019-10-14T07:37:04.171+0000][1][safepoint    ] Leaving safepoint region
[2019-10-14T07:37:04.173+0000][1][safepoint    ] Total time for which application threads were stopped: 0.0035848 seconds, Stopping threads took: 0.0010914 seconds
[2019-10-14T07:37:05.177+0000][1][safepoint    ] Application time: 1.0006547 seconds
[2019-10-14T07:37:05.178+0000][1][safepoint    ] Entering safepoint region: Cleanup
[2019-10-14T07:37:05.179+0000][1][safepoint    ] Leaving safepoint region
[2019-10-14T07:37:05.179+0000][1][safepoint    ] Total time for which application threads were stopped: 0.0015758 seconds, Stopping threads took: 0.0007312 seconds
[2019-10-14T07:37:06.180+0000][1][safepoint    ] Application time: 1.0001968 seconds
[2019-10-14T07:37:06.181+0000][1][safepoint    ] Entering safepoint region: Cleanup
[2019-10-14T07:37:06.181+0000][1][safepoint    ] Leaving safepoint region
[2019-10-14T07:37:06.182+0000][1][safepoint    ] Total time for which application threads were stopped: 0.0009324 seconds, Stopping threads took: 0.0004953 seconds
[2019-10-14T07:37:07.182+0000][1][safepoint    ] Application time: 1.0002201 seconds
[2019-10-14T07:37:07.183+0000][1][safepoint    ] Entering safepoint region: Cleanup
[2019-10-14T07:37:07.183+0000][1][safepoint    ] Leaving safepoint region
[2019-10-14T07:37:07.184+0000][1][safepoint    ] Total time for which application threads were stopped: 0.0007845 seconds, Stopping threads took: 0.0003682 seconds
[2019-10-14T07:37:08.184+0000][1][safepoint    ] Application time: 1.0001890 seconds
[2019-10-14T07:37:08.185+0000][1][safepoint    ] Entering safepoint region: Cleanup
[2019-10-14T07:37:08.185+0000][1][safepoint    ] Leaving safepoint region
[2019-10-14T07:37:08.185+0000][1][safepoint    ] Total time for which application threads were stopped: 0.0006700 seconds, Stopping threads took: 0.0003017 seconds
[2019-10-14T07:37:09.186+0000][1][safepoint    ] Application time: 1.0005098 seconds
[2019-10-14T07:37:09.187+0000][1][safepoint    ] Entering safepoint region: Cleanup
[2019-10-14T07:37:09.188+0000][1][safepoint    ] Leaving safepoint region
[2019-10-14T07:37:09.189+0000][1][safepoint    ] Total time for which application threads were stopped: 0.0017623 seconds, Stopping threads took: 0.0008713 seconds
[2019-10-14T07:37:10.094+0000][1][safepoint    ] Application time: 0.9051361 seconds
[2019-10-14T07:37:10.095+0000][1][safepoint    ] Entering safepoint region: GenCollectForAllocation
[2019-10-14T07:37:10.096+0000][1][gc,start     ] GC(28) Pause Young (Allocation Failure)
[2019-10-14T07:37:10.096+0000][1][gc,task      ] GC(28) Using 2 workers of 2 for evacuation
[2019-10-14T07:37:10.107+0000][1][gc,age       ] GC(28) Desired survivor size 4456448 bytes, new threshold 6 (max threshold 6)
[2019-10-14T07:37:10.107+0000][1][gc,age       ] GC(28) Age table with threshold 6 (max threshold 6)
[2019-10-14T07:37:10.108+0000][1][gc,age       ] GC(28) - age   1:     503720 bytes,     503720 total
[2019-10-14T07:37:10.108+0000][1][gc,age       ] GC(28) - age   2:     578192 bytes,    1081912 total
[2019-10-14T07:37:10.108+0000][1][gc,age       ] GC(28) - age   3:      95640 bytes,    1177552 total
[2019-10-14T07:37:10.109+0000][1][gc,age       ] GC(28) - age   4:     383864 bytes,    1561416 total
[2019-10-14T07:37:10.109+0000][1][gc,age       ] GC(28) - age   5:    2589936 bytes,    4151352 total
[2019-10-14T07:37:10.109+0000][1][gc,heap      ] GC(28) ParNew: 74143K->6662K(78656K)
[2019-10-14T07:37:10.110+0000][1][gc,heap      ] GC(28) CMS: 68137K->68137K(174784K)
[2019-10-14T07:37:10.110+0000][1][gc,metaspace ] GC(28) Metaspace: 78903K->78903K(1122304K)
[2019-10-14T07:37:10.110+0000][1][gc           ] GC(28) Pause Young (Allocation Failure) 138M->73M(247M) 14.410ms
[2019-10-14T07:37:10.111+0000][1][gc,cpu       ] GC(28) User=0.03s Sys=0.00s Real=0.01s
[2019-10-14T07:37:10.111+0000][1][safepoint    ] Leaving safepoint region
[2019-10-14T07:37:10.111+0000][1][safepoint    ] Total time for which application threads were stopped: 0.0162330 seconds, Stopping threads took: 0.0008601 seconds
[2019-10-14T07:37:10.112+0000][1][safepoint    ] Application time: 0.0006504 seconds
[2019-10-14T07:37:10.116+0000][1][safepoint    ] Entering safepoint region: RevokeBias
[2019-10-14T07:37:10.116+0000][1][safepoint    ] Leaving safepoint region
[2019-10-14T07:37:10.116+0000][1][safepoint    ] Total time for which application threads were stopped: 0.0008017 seconds, Stopping threads took: 0.0004918 seconds
[2019-10-14T07:37:10.117+0000][1][safepoint    ] Application time: 0.0001698 seconds
[2019-10-14T07:37:10.117+0000][1][safepoint    ] Entering safepoint region: RevokeBias
[2019-10-14T07:37:10.117+0000][1][safepoint    ] Leaving safepoint region
[2019-10-14T07:37:10.118+0000][1][safepoint    ] Total time for which application threads were stopped: 0.0005647 seconds, Stopping threads took: 0.0002173 seconds
[2019-10-14T07:37:10.940+0000][1][safepoint    ] Application time: 0.8220496 seconds
[2019-10-14T07:37:10.945+0000][1][safepoint    ] Entering safepoint region: RevokeBias
[2019-10-14T07:37:10.945+0000][1][safepoint    ] Leaving safepoint region
[2019-10-14T07:37:10.945+0000][1][safepoint    ] Total time for which application threads were stopped: 0.0005906 seconds, Stopping threads took: 0.0002721 seconds
[2019-10-14T07:37:11.947+0000][1][safepoint    ] Application time: 1.0009013 seconds
[2019-10-14T07:37:11.947+0000][1][safepoint    ] Entering safepoint region: Cleanup
[2019-10-14T07:37:11.948+0000][1][safepoint    ] Leaving safepoint region
[2019-10-14T07:37:11.948+0000][1][safepoint    ] Total time for which application threads were stopped: 0.0008255 seconds, Stopping threads took: 0.0003881 seconds
[2019-10-14T07:37:12.949+0000][1][safepoint    ] Application time: 1.0005805 seconds
[2019-10-14T07:37:12.949+0000][1][safepoint    ] Entering safepoint region: Cleanup
[2019-10-14T07:37:12.953+0000][1][safepoint    ] Leaving safepoint region
[2019-10-14T07:37:12.954+0000][1][safepoint    ] Total time for which application threads were stopped: 0.0051890 seconds, Stopping threads took: 0.0036340 seconds
[2019-10-14T07:37:13.960+0000][1][safepoint    ] Application time: 1.0035479 seconds
[2019-10-14T07:37:13.961+0000][1][safepoint    ] Entering safepoint region: Cleanup
[2019-10-14T07:37:13.961+0000][1][safepoint    ] Leaving safepoint region
[2019-10-14T07:37:13.962+0000][1][safepoint    ] Total time for which application threads were stopped: 0.0010839 seconds, Stopping threads took: 0.0004765 seconds
[2019-10-14T07:37:14.963+0000][1][safepoint    ] Application time: 1.0004240 seconds
[2019-10-14T07:37:14.963+0000][1][safepoint    ] Entering safepoint region: Cleanup
[2019-10-14T07:37:14.964+0000][1][safepoint    ] Leaving safepoint region
[2019-10-14T07:37:14.964+0000][1][safepoint    ] Total time for which application threads were stopped: 0.0009109 seconds, Stopping threads took: 0.0003507 seconds
[2019-10-14T07:37:15.965+0000][1][safepoint    ] Application time: 1.0009904 seconds
[2019-10-14T07:37:15.966+0000][1][safepoint    ] Entering safepoint region: Cleanup
[2019-10-14T07:37:15.967+0000][1][safepoint    ] Leaving safepoint region
[2019-10-14T07:37:15.968+0000][1][safepoint    ] Total time for which application threads were stopped: 0.0011899 seconds, Stopping threads took: 0.0006161 seconds
[2019-10-14T07:37:16.969+0000][1][safepoint    ] Application time: 1.0005239 seconds
[2019-10-14T07:37:16.969+0000][1][safepoint    ] Entering safepoint region: Cleanup
[2019-10-14T07:37:16.970+0000][1][safepoint    ] Leaving safepoint region
[2019-10-14T07:37:16.970+0000][1][safepoint    ] Total time for which application threads were stopped: 0.0010216 seconds, Stopping threads took: 0.0006093 seconds
[2019-10-14T07:37:17.971+0000][1][safepoint    ] Application time: 1.0004295 seconds
[2019-10-14T07:37:17.972+0000][1][safepoint    ] Entering safepoint region: Cleanup
[2019-10-14T07:37:17.973+0000][1][safepoint    ] Leaving safepoint region
[2019-10-14T07:37:17.974+0000][1][safepoint    ] Total time for which application threads were stopped: 0.0014237 seconds, Stopping threads took: 0.0008581 seconds
[2019-10-14T07:37:18.974+0000][1][safepoint    ] Application time: 1.0001626 seconds
[2019-10-14T07:37:18.975+0000][1][safepoint    ] Entering safepoint region: Cleanup
[2019-10-14T07:37:18.975+0000][1][safepoint    ] Leaving safepoint region
[2019-10-14T07:37:18.976+0000][1][safepoint    ] Total time for which application threads were stopped: 0.0010836 seconds, Stopping threads took: 0.0004458 seconds
[2019-10-14T07:37:19.977+0000][1][safepoint    ] Application time: 1.0011544 seconds
[2019-10-14T07:37:19.978+0000][1][safepoint    ] Entering safepoint region: Cleanup
[2019-10-14T07:37:19.979+0000][1][safepoint    ] Leaving safepoint region
[2019-10-14T07:37:19.979+0000][1][safepoint    ] Total time for which application threads were stopped: 0.0012823 seconds, Stopping threads took: 0.0005678 seconds
[2019-10-14T07:37:20.980+0000][1][safepoint    ] Application time: 1.0002856 seconds
[2019-10-14T07:37:20.981+0000][1][safepoint    ] Entering safepoint region: Cleanup
[2019-10-14T07:37:20.982+0000][1][safepoint    ] Leaving safepoint region
[2019-10-14T07:37:20.983+0000][1][safepoint    ] Total time for which application threads were stopped: 0.0024812 seconds, Stopping threads took: 0.0009861 seconds
[2019-10-14T07:37:21.985+0000][1][safepoint    ] Application time: 1.0013046 seconds
[2019-10-14T07:37:21.986+0000][1][safepoint    ] Entering safepoint region: Cleanup
[2019-10-14T07:37:21.986+0000][1][safepoint    ] Leaving safepoint region
[2019-10-14T07:37:21.987+0000][1][safepoint    ] Total time for which application threads were stopped: 0.0008053 seconds, Stopping threads took: 0.0003555 seconds
[2019-10-14T07:37:22.988+0000][1][safepoint    ] Application time: 1.0008094 seconds
[2019-10-14T07:37:22.988+0000][1][safepoint    ] Entering safepoint region: Cleanup
[2019-10-14T07:37:22.989+0000][1][safepoint    ] Leaving safepoint region
[2019-10-14T07:37:22.989+0000][1][safepoint    ] Total time for which application threads were stopped: 0.0008851 seconds, Stopping threads took: 0.0004936 seconds
[2019-10-14T07:37:23.990+0000][1][safepoint    ] Application time: 1.0005659 seconds
[2019-10-14T07:37:23.991+0000][1][safepoint    ] Entering safepoint region: Cleanup
[2019-10-14T07:37:23.991+0000][1][safepoint    ] Leaving safepoint region
[2019-10-14T07:37:23.992+0000][1][safepoint    ] Total time for which application threads were stopped: 0.0007002 seconds, Stopping threads took: 0.0003494 seconds
[2019-10-14T07:37:24.992+0000][1][safepoint    ] Application time: 1.0002316 seconds
[2019-10-14T07:37:24.995+0000][1][safepoint    ] Entering safepoint region: Cleanup
[2019-10-14T07:37:24.996+0000][1][safepoint    ] Leaving safepoint region
[2019-10-14T07:37:24.997+0000][1][safepoint    ] Total time for which application threads were stopped: 0.0016878 seconds, Stopping threads took: 0.0005705 seconds
[2019-10-14T07:37:26.001+0000][1][safepoint    ] Application time: 1.0008763 seconds
[2019-10-14T07:37:26.001+0000][1][safepoint    ] Entering safepoint region: Cleanup
[2019-10-14T07:37:26.002+0000][1][safepoint    ] Leaving safepoint region
[2019-10-14T07:37:26.002+0000][1][safepoint    ] Total time for which application threads were stopped: 0.0008542 seconds, Stopping threads took: 0.0004210 seconds
[2019-10-14T07:37:27.003+0000][1][safepoint    ] Application time: 1.0007683 seconds
[2019-10-14T07:37:27.004+0000][1][safepoint    ] Entering safepoint region: Cleanup
[2019-10-14T07:37:27.004+0000][1][safepoint    ] Leaving safepoint region
[2019-10-14T07:37:27.005+0000][1][safepoint    ] Total time for which application threads were stopped: 0.0009161 seconds, Stopping threads took: 0.0004423 seconds
[2019-10-14T07:37:28.009+0000][1][safepoint    ] Application time: 1.0044208 seconds
[2019-10-14T07:37:28.010+0000][1][safepoint    ] Entering safepoint region: Cleanup
[2019-10-14T07:37:28.012+0000][1][safepoint    ] Leaving safepoint region
[2019-10-14T07:37:28.013+0000][1][safepoint    ] Total time for which application threads were stopped: 0.0023493 seconds, Stopping threads took: 0.0018846 seconds
[2019-10-14T07:37:29.014+0000][1][safepoint    ] Application time: 1.0007673 seconds
[2019-10-14T07:37:29.014+0000][1][safepoint    ] Entering safepoint region: Cleanup
[2019-10-14T07:37:29.015+0000][1][safepoint    ] Leaving safepoint region
[2019-10-14T07:37:29.015+0000][1][safepoint    ] Total time for which application threads were stopped: 0.0009277 seconds, Stopping threads took: 0.0004713 seconds
[2019-10-14T07:37:30.016+0000][1][safepoint    ] Application time: 1.0005983 seconds
[2019-10-14T07:37:30.017+0000][1][safepoint    ] Entering safepoint region: Cleanup
[2019-10-14T07:37:30.018+0000][1][safepoint    ] Leaving safepoint region
[2019-10-14T07:37:30.019+0000][1][safepoint    ] Total time for which application threads were stopped: 0.0012459 seconds, Stopping threads took: 0.0006209 seconds
[2019-10-14T07:37:31.020+0000][1][safepoint    ] Application time: 1.0011223 seconds
[2019-10-14T07:37:31.021+0000][1][safepoint    ] Entering safepoint region: Cleanup
[2019-10-14T07:37:31.021+0000][1][safepoint    ] Leaving safepoint region
[2019-10-14T07:37:31.022+0000][1][safepoint    ] Total time for which application threads were stopped: 0.0014611 seconds, Stopping threads took: 0.0005089 seconds
[2019-10-14T07:37:32.024+0000][1][safepoint    ] Application time: 1.0004302 seconds
[2019-10-14T07:37:32.025+0000][1][safepoint    ] Entering safepoint region: Cleanup
[2019-10-14T07:37:32.026+0000][1][safepoint    ] Leaving safepoint region
[2019-10-14T07:37:32.026+0000][1][safepoint    ] Total time for which application threads were stopped: 0.0011029 seconds, Stopping threads took: 0.0005033 seconds
[2019-10-14T07:37:33.027+0000][1][safepoint    ] Application time: 1.0001191 seconds
[2019-10-14T07:37:33.027+0000][1][safepoint    ] Entering safepoint region: Cleanup
[2019-10-14T07:37:33.028+0000][1][safepoint    ] Leaving safepoint region
[2019-10-14T07:37:33.028+0000][1][safepoint    ] Total time for which application threads were stopped: 0.0012084 seconds, Stopping threads took: 0.0005770 seconds
[2019-10-14T07:37:34.008+0000][1][safepoint    ] Application time: 1.0003061 seconds
[2019-10-14T07:37:34.008+0000][1][safepoint    ] Entering safepoint region: Cleanup
[2019-10-14T07:37:34.009+0000][1][safepoint    ] Leaving safepoint region
[2019-10-14T07:37:34.009+0000][1][safepoint    ] Total time for which application threads were stopped: 0.0007933 seconds, Stopping threads took: 0.0003616 seconds
[2019-10-14T07:37:35.011+0000][1][safepoint    ] Application time: 1.0021596 seconds
[2019-10-14T07:37:35.016+0000][1][safepoint    ] Entering safepoint region: Cleanup
[2019-10-14T07:37:35.017+0000][1][safepoint    ] Leaving safepoint region
[2019-10-14T07:37:35.017+0000][1][safepoint    ] Total time for which application threads were stopped: 0.0013292 seconds, Stopping threads took: 0.0008325 seconds
[2019-10-14T07:37:36.021+0000][1][safepoint    ] Application time: 1.0037341 seconds
[2019-10-14T07:37:36.022+0000][1][safepoint    ] Entering safepoint region: Cleanup
[2019-10-14T07:37:36.022+0000][1][safepoint    ] Leaving safepoint region
[2019-10-14T07:37:36.023+0000][1][safepoint    ] Total time for which application threads were stopped: 0.0008914 seconds, Stopping threads took: 0.0004230 seconds
[2019-10-14T07:37:37.024+0000][1][safepoint    ] Application time: 1.0006266 seconds
[2019-10-14T07:37:37.024+0000][1][safepoint    ] Entering safepoint region: Cleanup
[2019-10-14T07:37:37.025+0000][1][safepoint    ] Leaving safepoint region
[2019-10-14T07:37:37.025+0000][1][safepoint    ] Total time for which application threads were stopped: 0.0012554 seconds, Stopping threads took: 0.0003263 seconds
[2019-10-14T07:37:38.030+0000][1][safepoint    ] Application time: 1.0037015 seconds
[2019-10-14T07:37:38.031+0000][1][safepoint    ] Entering safepoint region: Cleanup
[2019-10-14T07:37:38.032+0000][1][safepoint    ] Leaving safepoint region
[2019-10-14T07:37:38.032+0000][1][safepoint    ] Total time for which application threads were stopped: 0.0009123 seconds, Stopping threads took: 0.0004617 seconds
[2019-10-14T07:37:38.739+0000][1][safepoint    ] Application time: 0.7070333 seconds
[2019-10-14T07:37:38.740+0000][1][safepoint    ] Entering safepoint region: RevokeBias
[2019-10-14T07:37:38.740+0000][1][safepoint    ] Leaving safepoint region
[2019-10-14T07:37:38.741+0000][1][safepoint    ] Total time for which application threads were stopped: 0.0008007 seconds, Stopping threads took: 0.0003928 seconds
[2019-10-14T07:37:38.804+0000][1][safepoint    ] Application time: 0.0626118 seconds
[2019-10-14T07:37:38.805+0000][1][safepoint    ] Entering safepoint region: RevokeBias
[2019-10-14T07:37:38.808+0000][1][safepoint    ] Leaving safepoint region
[2019-10-14T07:37:38.808+0000][1][safepoint    ] Total time for which application threads were stopped: 0.0043679 seconds, Stopping threads took: 0.0026972 seconds
[2019-10-14T07:37:38.811+0000][1][safepoint    ] Application time: 0.0017186 seconds
[2019-10-14T07:37:38.825+0000][1][safepoint    ] Entering safepoint region: RevokeBias
[2019-10-14T07:37:38.828+0000][1][safepoint    ] Leaving safepoint region
[2019-10-14T07:37:38.830+0000][1][safepoint    ] Total time for which application threads were stopped: 0.0066302 seconds, Stopping threads took: 0.0034070 seconds
[2019-10-14T07:37:38.853+0000][1][safepoint    ] Application time: 0.0227390 seconds
[2019-10-14T07:37:38.893+0000][1][safepoint    ] Entering safepoint region: RevokeBias
[2019-10-14T07:37:38.895+0000][1][safepoint    ] Leaving safepoint region
[2019-10-14T07:37:38.896+0000][1][safepoint    ] Total time for which application threads were stopped: 0.0424716 seconds, Stopping threads took: 0.0411257 seconds
[2019-10-14T07:37:38.922+0000][1][safepoint    ] Application time: 0.0253505 seconds
[2019-10-14T07:37:38.924+0000][1][safepoint    ] Entering safepoint region: RevokeBias
[2019-10-14T07:37:38.925+0000][1][safepoint    ] Leaving safepoint region
[2019-10-14T07:37:38.925+0000][1][safepoint    ] Total time for which application threads were stopped: 0.0026552 seconds, Stopping threads took: 0.0018514 seconds
[2019-10-14T07:37:38.926+0000][1][safepoint    ] Application time: 0.0006278 seconds
[2019-10-14T07:37:38.927+0000][1][safepoint    ] Entering safepoint region: RevokeBias
[2019-10-14T07:37:38.927+0000][1][safepoint    ] Leaving safepoint region
[2019-10-14T07:37:38.928+0000][1][safepoint    ] Total time for which application threads were stopped: 0.0007513 seconds, Stopping threads took: 0.0003146 seconds
[2019-10-14T07:37:38.933+0000][1][safepoint    ] Application time: 0.0054339 seconds
[2019-10-14T07:37:38.934+0000][1][safepoint    ] Entering safepoint region: RevokeBias
[2019-10-14T07:37:38.935+0000][1][safepoint    ] Leaving safepoint region
[2019-10-14T07:37:38.936+0000][1][safepoint    ] Total time for which application threads were stopped: 0.0019831 seconds, Stopping threads took: 0.0012282 seconds
[2019-10-14T07:37:38.942+0000][1][safepoint    ] Application time: 0.0060733 seconds
[2019-10-14T07:37:38.946+0000][1][safepoint    ] Entering safepoint region: RevokeBias
[2019-10-14T07:37:38.947+0000][1][safepoint    ] Leaving safepoint region
[2019-10-14T07:37:38.948+0000][1][safepoint    ] Total time for which application threads were stopped: 0.0045697 seconds, Stopping threads took: 0.0033910 seconds
[2019-10-14T07:37:38.970+0000][1][safepoint    ] Application time: 0.0218675 seconds
[2019-10-14T07:37:38.972+0000][1][safepoint    ] Entering safepoint region: RevokeBias
[2019-10-14T07:37:38.974+0000][1][safepoint    ] Leaving safepoint region
[2019-10-14T07:37:38.975+0000][1][safepoint    ] Total time for which application threads were stopped: 0.0040028 seconds, Stopping threads took: 0.0031432 seconds
[2019-10-14T07:37:39.019+0000][1][safepoint    ] Application time: 0.0437403 seconds
[2019-10-14T07:37:39.023+0000][1][safepoint    ] Entering safepoint region: RevokeBias
[2019-10-14T07:37:39.025+0000][1][safepoint    ] Leaving safepoint region
[2019-10-14T07:37:39.025+0000][1][safepoint    ] Total time for which application threads were stopped: 0.0061171 seconds, Stopping threads took: 0.0049714 seconds
[2019-10-14T07:37:39.032+0000][1][safepoint    ] Application time: 0.0064464 seconds
[2019-10-14T07:37:39.033+0000][1][safepoint    ] Entering safepoint region: RevokeBias
[2019-10-14T07:37:39.033+0000][1][safepoint    ] Leaving safepoint region
[2019-10-14T07:37:39.034+0000][1][safepoint    ] Total time for which application threads were stopped: 0.0014251 seconds, Stopping threads took: 0.0009630 seconds
[2019-10-14T07:37:39.086+0000][1][safepoint    ] Application time: 0.0517779 seconds
[2019-10-14T07:37:39.086+0000][1][safepoint    ] Entering safepoint region: RevokeBias
[2019-10-14T07:37:39.087+0000][1][safepoint    ] Leaving safepoint region
[2019-10-14T07:37:39.087+0000][1][safepoint    ] Total time for which application threads were stopped: 0.0009381 seconds, Stopping threads took: 0.0004183 seconds
[2019-10-14T07:37:39.088+0000][1][safepoint    ] Application time: 0.0006962 seconds
[2019-10-14T07:37:39.090+0000][1][safepoint    ] Entering safepoint region: RevokeBias
[2019-10-14T07:37:39.091+0000][1][safepoint    ] Leaving safepoint region
[2019-10-14T07:37:39.091+0000][1][safepoint    ] Total time for which application threads were stopped: 0.0026628 seconds, Stopping threads took: 0.0021624 seconds
[2019-10-14T07:37:39.101+0000][1][safepoint    ] Application time: 0.0088088 seconds
[2019-10-14T07:37:39.101+0000][1][safepoint    ] Entering safepoint region: RevokeBias
[2019-10-14T07:37:39.102+0000][1][safepoint    ] Leaving safepoint region
[2019-10-14T07:37:39.102+0000][1][safepoint    ] Total time for which application threads were stopped: 0.0009032 seconds, Stopping threads took: 0.0004482 seconds
[2019-10-14T07:37:39.102+0000][1][safepoint    ] Application time: 0.0002456 seconds
[2019-10-14T07:37:39.103+0000][1][safepoint    ] Entering safepoint region: RevokeBias
[2019-10-14T07:37:39.103+0000][1][safepoint    ] Leaving safepoint region
[2019-10-14T07:37:39.104+0000][1][safepoint    ] Total time for which application threads were stopped: 0.0008502 seconds, Stopping threads took: 0.0003097 seconds
[2019-10-14T07:37:39.104+0000][1][safepoint    ] Application time: 0.0001658 seconds
[2019-10-14T07:37:39.105+0000][1][safepoint    ] Entering safepoint region: RevokeBias
[2019-10-14T07:37:39.106+0000][1][safepoint    ] Leaving safepoint region
[2019-10-14T07:37:39.106+0000][1][safepoint    ] Total time for which application threads were stopped: 0.0016386 seconds, Stopping threads took: 0.0007091 seconds
[2019-10-14T07:37:40.108+0000][1][safepoint    ] Application time: 1.0014458 seconds
[2019-10-14T07:37:40.109+0000][1][safepoint    ] Entering safepoint region: Cleanup
[2019-10-14T07:37:40.110+0000][1][safepoint    ] Leaving safepoint region
[2019-10-14T07:37:40.110+0000][1][safepoint    ] Total time for which application threads were stopped: 0.0008732 seconds, Stopping threads took: 0.0005222 seconds
[2019-10-14T07:37:41.110+0000][1][safepoint    ] Application time: 1.0001229 seconds
[2019-10-14T07:37:41.111+0000][1][safepoint    ] Entering safepoint region: Cleanup
[2019-10-14T07:37:41.111+0000][1][safepoint    ] Leaving safepoint region
[2019-10-14T07:37:41.111+0000][1][safepoint    ] Total time for which application threads were stopped: 0.0006452 seconds, Stopping threads took: 0.0002652 seconds
[2019-10-14T07:37:42.112+0000][1][safepoint    ] Application time: 1.0003252 seconds
[2019-10-14T07:37:42.113+0000][1][safepoint    ] Entering safepoint region: Cleanup
[2019-10-14T07:37:42.113+0000][1][safepoint    ] Leaving safepoint region
[2019-10-14T07:37:42.113+0000][1][safepoint    ] Total time for which application threads were stopped: 0.0008084 seconds, Stopping threads took: 0.0003627 seconds
[2019-10-14T07:37:43.117+0000][1][safepoint    ] Application time: 1.0030428 seconds
[2019-10-14T07:37:43.118+0000][1][safepoint    ] Entering safepoint region: Cleanup
[2019-10-14T07:37:43.119+0000][1][safepoint    ] Leaving safepoint region
[2019-10-14T07:37:43.119+0000][1][safepoint    ] Total time for which application threads were stopped: 0.0014368 seconds, Stopping threads took: 0.0007039 seconds
[2019-10-14T07:37:44.834+0000][1][safepoint    ] Application time: 1.7141055 seconds
[2019-10-14T07:37:44.835+0000][1][safepoint    ] Entering safepoint region: RevokeBias
[2019-10-14T07:37:44.835+0000][1][safepoint    ] Leaving safepoint region
[2019-10-14T07:37:44.836+0000][1][safepoint    ] Total time for which application threads were stopped: 0.0010943 seconds, Stopping threads took: 0.0005791 seconds
[2019-10-14T07:37:44.837+0000][1][safepoint    ] Application time: 0.0011620 seconds
[2019-10-14T07:37:44.838+0000][1][safepoint    ] Entering safepoint region: RevokeBias
[2019-10-14T07:37:44.838+0000][1][safepoint    ] Leaving safepoint region
[2019-10-14T07:37:44.839+0000][1][safepoint    ] Total time for which application threads were stopped: 0.0009812 seconds, Stopping threads took: 0.0004398 seconds
[2019-10-14T07:37:44.842+0000][1][safepoint    ] Application time: 0.0024309 seconds
[2019-10-14T07:37:44.842+0000][1][safepoint    ] Entering safepoint region: RevokeBias
[2019-10-14T07:37:44.842+0000][1][safepoint    ] Leaving safepoint region
[2019-10-14T07:37:44.843+0000][1][safepoint    ] Total time for which application threads were stopped: 0.0008857 seconds, Stopping threads took: 0.0003837 seconds
[2019-10-14T07:37:44.843+0000][1][safepoint    ] Application time: 0.0001381 seconds
[2019-10-14T07:37:44.844+0000][1][safepoint    ] Entering safepoint region: RevokeBias
[2019-10-14T07:37:44.844+0000][1][safepoint    ] Leaving safepoint region
[2019-10-14T07:37:44.845+0000][1][safepoint    ] Total time for which application threads were stopped: 0.0011452 seconds, Stopping threads took: 0.0003692 seconds
[2019-10-14T07:37:44.846+0000][1][safepoint    ] Application time: 0.0001264 seconds
[2019-10-14T07:37:44.846+0000][1][safepoint    ] Entering safepoint region: RevokeBias
[2019-10-14T07:37:44.847+0000][1][safepoint    ] Leaving safepoint region
[2019-10-14T07:37:44.847+0000][1][safepoint    ] Total time for which application threads were stopped: 0.0007455 seconds, Stopping threads took: 0.0003725 seconds
[2019-10-14T07:37:44.847+0000][1][safepoint    ] Application time: 0.0000976 seconds
[2019-10-14T07:37:44.848+0000][1][safepoint    ] Entering safepoint region: RevokeBias
[2019-10-14T07:37:44.849+0000][1][safepoint    ] Leaving safepoint region
[2019-10-14T07:37:44.849+0000][1][safepoint    ] Total time for which application threads were stopped: 0.0007278 seconds, Stopping threads took: 0.0003168 seconds
[2019-10-14T07:37:44.849+0000][1][safepoint    ] Application time: 0.0002665 seconds
[2019-10-14T07:37:44.850+0000][1][safepoint    ] Entering safepoint region: RevokeBias
[2019-10-14T07:37:44.850+0000][1][safepoint    ] Leaving safepoint region
[2019-10-14T07:37:44.851+0000][1][safepoint    ] Total time for which application threads were stopped: 0.0007578 seconds, Stopping threads took: 0.0003090 seconds
[2019-10-14T07:37:44.852+0000][1][safepoint    ] Application time: 0.0007973 seconds
[2019-10-14T07:37:44.852+0000][1][safepoint    ] Entering safepoint region: RevokeBias
[2019-10-14T07:37:44.853+0000][1][safepoint    ] Leaving safepoint region
[2019-10-14T07:37:44.853+0000][1][safepoint    ] Total time for which application threads were stopped: 0.0010484 seconds, Stopping threads took: 0.0004247 seconds
[2019-10-14T07:37:44.877+0000][1][safepoint    ] Application time: 0.0232572 seconds
[2019-10-14T07:37:44.877+0000][1][safepoint    ] Entering safepoint region: RevokeBias
[2019-10-14T07:37:44.877+0000][1][safepoint    ] Leaving safepoint region
[2019-10-14T07:37:44.878+0000][1][safepoint    ] Total time for which application threads were stopped: 0.0007122 seconds, Stopping threads took: 0.0003378 seconds
[2019-10-14T07:37:45.618+0000][1][safepoint    ] Application time: 0.7398615 seconds
[2019-10-14T07:37:45.619+0000][1][safepoint    ] Entering safepoint region: RevokeBias
[2019-10-14T07:37:45.619+0000][1][safepoint    ] Leaving safepoint region
[2019-10-14T07:37:45.620+0000][1][safepoint    ] Total time for which application threads were stopped: 0.0016443 seconds, Stopping threads took: 0.0006438 seconds
[2019-10-14T07:37:45.622+0000][1][safepoint    ] Application time: 0.0006394 seconds
[2019-10-14T07:37:45.622+0000][1][safepoint    ] Entering safepoint region: RevokeBias
[2019-10-14T07:37:45.623+0000][1][safepoint    ] Leaving safepoint region
[2019-10-14T07:37:45.623+0000][1][safepoint    ] Total time for which application threads were stopped: 0.0009978 seconds, Stopping threads took: 0.0004584 seconds
[2019-10-14T07:37:46.185+0000][1][safepoint    ] Application time: 0.5619366 seconds
[2019-10-14T07:37:46.186+0000][1][safepoint    ] Entering safepoint region: RevokeBias
[2019-10-14T07:37:46.186+0000][1][safepoint    ] Leaving safepoint region
[2019-10-14T07:37:46.187+0000][1][safepoint    ] Total time for which application threads were stopped: 0.0008038 seconds, Stopping threads took: 0.0004349 seconds
[2019-10-14T07:37:46.187+0000][1][safepoint    ] Application time: 0.0002073 seconds
[2019-10-14T07:37:46.187+0000][1][safepoint    ] Entering safepoint region: RevokeBias
[2019-10-14T07:37:46.188+0000][1][safepoint    ] Leaving safepoint region
[2019-10-14T07:37:46.188+0000][1][safepoint    ] Total time for which application threads were stopped: 0.0005434 seconds, Stopping threads took: 0.0002965 seconds
[2019-10-14T07:37:48.190+0000][1][safepoint    ] Application time: 2.0023463 seconds
[2019-10-14T07:37:48.191+0000][1][safepoint    ] Entering safepoint region: Cleanup
[2019-10-14T07:37:48.192+0000][1][safepoint    ] Leaving safepoint region
[2019-10-14T07:37:48.192+0000][1][safepoint    ] Total time for which application threads were stopped: 0.0012030 seconds, Stopping threads took: 0.0006289 seconds
[2019-10-14T07:37:51.194+0000][1][safepoint    ] Application time: 3.0012987 seconds
[2019-10-14T07:37:51.195+0000][1][safepoint    ] Entering safepoint region: Cleanup
[2019-10-14T07:37:51.195+0000][1][safepoint    ] Leaving safepoint region
[2019-10-14T07:37:51.196+0000][1][safepoint    ] Total time for which application threads were stopped: 0.0009542 seconds, Stopping threads took: 0.0004365 seconds
[2019-10-14T07:37:53.197+0000][1][safepoint    ] Application time: 2.0014413 seconds
[2019-10-14T07:37:53.198+0000][1][safepoint    ] Entering safepoint region: Cleanup
[2019-10-14T07:37:53.199+0000][1][safepoint    ] Leaving safepoint region
[2019-10-14T07:37:53.199+0000][1][safepoint    ] Total time for which application threads were stopped: 0.0012008 seconds, Stopping threads took: 0.0006677 seconds
[2019-10-14T07:37:55.202+0000][1][safepoint    ] Application time: 2.0024277 seconds
[2019-10-14T07:37:55.203+0000][1][safepoint    ] Entering safepoint region: Cleanup
[2019-10-14T07:37:55.203+0000][1][safepoint    ] Leaving safepoint region
[2019-10-14T07:37:55.204+0000][1][safepoint    ] Total time for which application threads were stopped: 0.0010415 seconds, Stopping threads took: 0.0004779 seconds
[2019-10-14T07:37:56.207+0000][1][safepoint    ] Application time: 1.0031913 seconds
[2019-10-14T07:37:56.208+0000][1][safepoint    ] Entering safepoint region: Cleanup
[2019-10-14T07:37:56.208+0000][1][safepoint    ] Leaving safepoint region
[2019-10-14T07:37:56.209+0000][1][safepoint    ] Total time for which application threads were stopped: 0.0006232 seconds, Stopping threads took: 0.0003313 seconds
[2019-10-14T07:37:57.209+0000][1][safepoint    ] Application time: 1.0003352 seconds
[2019-10-14T07:37:57.210+0000][1][safepoint    ] Entering safepoint region: Cleanup
[2019-10-14T07:37:57.210+0000][1][safepoint    ] Leaving safepoint region
[2019-10-14T07:37:57.211+0000][1][safepoint    ] Total time for which application threads were stopped: 0.0010442 seconds, Stopping threads took: 0.0003637 seconds
[2019-10-14T07:38:00.213+0000][1][safepoint    ] Application time: 3.0022046 seconds
[2019-10-14T07:38:00.214+0000][1][safepoint    ] Entering safepoint region: Cleanup
[2019-10-14T07:38:00.215+0000][1][safepoint    ] Leaving safepoint region
[2019-10-14T07:38:00.215+0000][1][safepoint    ] Total time for which application threads were stopped: 0.0010699 seconds, Stopping threads took: 0.0005367 seconds
[2019-10-14T07:38:02.219+0000][1][safepoint    ] Application time: 2.0037422 seconds
[2019-10-14T07:38:02.220+0000][1][safepoint    ] Entering safepoint region: Cleanup
[2019-10-14T07:38:02.221+0000][1][safepoint    ] Leaving safepoint region
[2019-10-14T07:38:02.222+0000][1][safepoint    ] Total time for which application threads were stopped: 0.0014947 seconds, Stopping threads took: 0.0006793 seconds
[2019-10-14T07:38:05.204+0000][1][safepoint    ] Application time: 3.0023668 seconds
[2019-10-14T07:38:05.205+0000][1][safepoint    ] Entering safepoint region: Cleanup
[2019-10-14T07:38:05.206+0000][1][safepoint    ] Leaving safepoint region
[2019-10-14T07:38:05.206+0000][1][safepoint    ] Total time for which application threads were stopped: 0.0016615 seconds, Stopping threads took: 0.0010424 seconds
[2019-10-14T07:38:06.209+0000][1][safepoint    ] Application time: 1.0023624 seconds
[2019-10-14T07:38:06.210+0000][1][safepoint    ] Entering safepoint region: Cleanup
[2019-10-14T07:38:06.211+0000][1][safepoint    ] Leaving safepoint region
[2019-10-14T07:38:06.211+0000][1][safepoint    ] Total time for which application threads were stopped: 0.0012100 seconds, Stopping threads took: 0.0006330 seconds
[2019-10-14T07:38:07.212+0000][1][safepoint    ] Application time: 1.0005451 seconds
[2019-10-14T07:38:07.213+0000][1][safepoint    ] Entering safepoint region: Cleanup
[2019-10-14T07:38:07.214+0000][1][safepoint    ] Leaving safepoint region
[2019-10-14T07:38:07.215+0000][1][safepoint    ] Total time for which application threads were stopped: 0.0016543 seconds, Stopping threads took: 0.0007988 seconds
[2019-10-14T07:38:10.944+0000][1][safepoint    ] Application time: 3.7286906 seconds
[2019-10-14T07:38:10.945+0000][1][safepoint    ] Entering safepoint region: RevokeBias
[2019-10-14T07:38:10.946+0000][1][safepoint    ] Leaving safepoint region
[2019-10-14T07:38:10.947+0000][1][safepoint    ] Total time for which application threads were stopped: 0.0011328 seconds, Stopping threads took: 0.0005488 seconds
[2019-10-14T07:38:11.947+0000][1][safepoint    ] Application time: 1.0001822 seconds
[2019-10-14T07:38:11.948+0000][1][safepoint    ] Entering safepoint region: Cleanup
[2019-10-14T07:38:11.949+0000][1][safepoint    ] Leaving safepoint region
[2019-10-14T07:38:11.949+0000][1][safepoint    ] Total time for which application threads were stopped: 0.0016223 seconds, Stopping threads took: 0.0006339 seconds
[2019-10-14T07:38:12.950+0000][1][safepoint    ] Application time: 1.0002565 seconds
[2019-10-14T07:38:12.952+0000][1][safepoint    ] Entering safepoint region: Cleanup
[2019-10-14T07:38:12.954+0000][1][safepoint    ] Leaving safepoint region
[2019-10-14T07:38:12.955+0000][1][safepoint    ] Total time for which application threads were stopped: 0.0026644 seconds, Stopping threads took: 0.0020772 seconds
[2019-10-14T07:38:13.956+0000][1][safepoint    ] Application time: 1.0003385 seconds
[2019-10-14T07:38:13.956+0000][1][safepoint    ] Entering safepoint region: Cleanup
[2019-10-14T07:38:13.957+0000][1][safepoint    ] Leaving safepoint region
[2019-10-14T07:38:13.957+0000][1][safepoint    ] Total time for which application threads were stopped: 0.0010158 seconds, Stopping threads took: 0.0004433 seconds
[2019-10-14T07:38:14.837+0000][1][safepoint    ] Application time: 0.8788352 seconds
[2019-10-14T07:38:14.837+0000][1][safepoint    ] Entering safepoint region: GenCollectForAllocation
[2019-10-14T07:38:14.838+0000][1][gc,start     ] GC(29) Pause Young (Allocation Failure)
[2019-10-14T07:38:14.838+0000][1][gc,task      ] GC(29) Using 2 workers of 2 for evacuation
[2019-10-14T07:38:14.857+0000][1][gc,age       ] GC(29) Desired survivor size 4456448 bytes, new threshold 6 (max threshold 6)
[2019-10-14T07:38:14.858+0000][1][gc,age       ] GC(29) Age table with threshold 6 (max threshold 6)
[2019-10-14T07:38:14.858+0000][1][gc,age       ] GC(29) - age   1:     457856 bytes,     457856 total
[2019-10-14T07:38:14.859+0000][1][gc,age       ] GC(29) - age   2:     339632 bytes,     797488 total
[2019-10-14T07:38:14.859+0000][1][gc,age       ] GC(29) - age   3:     563920 bytes,    1361408 total
[2019-10-14T07:38:14.860+0000][1][gc,age       ] GC(29) - age   4:      90728 bytes,    1452136 total
[2019-10-14T07:38:14.860+0000][1][gc,age       ] GC(29) - age   5:     383664 bytes,    1835800 total
[2019-10-14T07:38:14.860+0000][1][gc,age       ] GC(29) - age   6:    2542528 bytes,    4378328 total
[2019-10-14T07:38:14.861+0000][1][gc,heap      ] GC(29) ParNew: 76614K->5810K(78656K)
[2019-10-14T07:38:14.861+0000][1][gc,heap      ] GC(29) CMS: 68137K->68137K(174784K)
[2019-10-14T07:38:14.861+0000][1][gc,metaspace ] GC(29) Metaspace: 80233K->80233K(1122304K)
[2019-10-14T07:38:14.862+0000][1][gc           ] GC(29) Pause Young (Allocation Failure) 141M->72M(247M) 23.904ms
[2019-10-14T07:38:14.862+0000][1][gc,cpu       ] GC(29) User=0.02s Sys=0.00s Real=0.03s
[2019-10-14T07:38:14.862+0000][1][safepoint    ] Leaving safepoint region
[2019-10-14T07:38:14.863+0000][1][safepoint    ] Total time for which application threads were stopped: 0.0255799 seconds, Stopping threads took: 0.0004303 seconds
[2019-10-14T07:38:15.864+0000][1][safepoint    ] Application time: 1.0011503 seconds
[2019-10-14T07:38:15.866+0000][1][safepoint    ] Entering safepoint region: Cleanup
[2019-10-14T07:38:15.867+0000][1][safepoint    ] Leaving safepoint region
[2019-10-14T07:38:15.875+0000][1][safepoint    ] Total time for which application threads were stopped: 0.0091354 seconds, Stopping threads took: 0.0006662 seconds
[2019-10-14T07:38:18.883+0000][1][safepoint    ] Application time: 3.0010576 seconds
[2019-10-14T07:38:18.884+0000][1][safepoint    ] Entering safepoint region: Cleanup
[2019-10-14T07:38:18.885+0000][1][safepoint    ] Leaving safepoint region
[2019-10-14T07:38:18.885+0000][1][safepoint    ] Total time for which application threads were stopped: 0.0015373 seconds, Stopping threads took: 0.0008400 seconds
[2019-10-14T07:38:21.889+0000][1][safepoint    ] Application time: 3.0026772 seconds
[2019-10-14T07:38:21.890+0000][1][safepoint    ] Entering safepoint region: Cleanup
[2019-10-14T07:38:21.890+0000][1][safepoint    ] Leaving safepoint region
[2019-10-14T07:38:21.896+0000][1][safepoint    ] Total time for which application threads were stopped: 0.0062141 seconds, Stopping threads took: 0.0006443 seconds
[2019-10-14T07:38:22.898+0000][1][safepoint    ] Application time: 1.0010515 seconds
[2019-10-14T07:38:22.899+0000][1][safepoint    ] Entering safepoint region: Cleanup
[2019-10-14T07:38:22.900+0000][1][safepoint    ] Leaving safepoint region
[2019-10-14T07:38:22.900+0000][1][safepoint    ] Total time for which application threads were stopped: 0.0013626 seconds, Stopping threads took: 0.0007917 seconds
[2019-10-14T07:38:23.902+0000][1][safepoint    ] Application time: 1.0009908 seconds
[2019-10-14T07:38:23.903+0000][1][safepoint    ] Entering safepoint region: Cleanup
[2019-10-14T07:38:23.904+0000][1][safepoint    ] Leaving safepoint region
[2019-10-14T07:38:23.904+0000][1][safepoint    ] Total time for which application threads were stopped: 0.0015679 seconds, Stopping threads took: 0.0006955 seconds
[2019-10-14T07:38:26.562+0000][1][safepoint    ] Application time: 2.6570923 seconds
[2019-10-14T07:38:26.563+0000][1][safepoint    ] Entering safepoint region: Cleanup
[2019-10-14T07:38:26.564+0000][1][safepoint    ] Leaving safepoint region
[2019-10-14T07:38:26.564+0000][1][safepoint    ] Total time for which application threads were stopped: 0.0010148 seconds, Stopping threads took: 0.0005276 seconds
[2019-10-14T07:38:29.002+0000][1][safepoint    ] Application time: 2.4372166 seconds
[2019-10-14T07:38:29.002+0000][1][safepoint    ] Entering safepoint region: Cleanup
[2019-10-14T07:38:29.004+0000][1][safepoint    ] Leaving safepoint region
[2019-10-14T07:38:29.004+0000][1][safepoint    ] Total time for which application threads were stopped: 0.0014317 seconds, Stopping threads took: 0.0006254 seconds
[2019-10-14T07:38:30.006+0000][1][safepoint    ] Application time: 1.0014871 seconds
[2019-10-14T07:38:30.007+0000][1][safepoint    ] Entering safepoint region: Cleanup
[2019-10-14T07:38:30.008+0000][1][safepoint    ] Leaving safepoint region
[2019-10-14T07:38:30.009+0000][1][safepoint    ] Total time for which application threads were stopped: 0.0016684 seconds, Stopping threads took: 0.0007592 seconds
[2019-10-14T07:38:31.012+0000][1][safepoint    ] Application time: 1.0029042 seconds
[2019-10-14T07:38:31.013+0000][1][safepoint    ] Entering safepoint region: Cleanup
[2019-10-14T07:38:31.014+0000][1][safepoint    ] Leaving safepoint region
[2019-10-14T07:38:31.015+0000][1][safepoint    ] Total time for which application threads were stopped: 0.0017436 seconds, Stopping threads took: 0.0008988 seconds
[2019-10-14T07:38:32.017+0000][1][safepoint    ] Application time: 1.0016270 seconds
[2019-10-14T07:38:32.018+0000][1][safepoint    ] Entering safepoint region: Cleanup
[2019-10-14T07:38:32.018+0000][1][safepoint    ] Leaving safepoint region
[2019-10-14T07:38:32.019+0000][1][safepoint    ] Total time for which application threads were stopped: 0.0010256 seconds, Stopping threads took: 0.0004871 seconds
[2019-10-14T07:38:33.999+0000][1][safepoint    ] Application time: 2.0014262 seconds
[2019-10-14T07:38:33.999+0000][1][safepoint    ] Entering safepoint region: Cleanup
[2019-10-14T07:38:34.000+0000][1][safepoint    ] Leaving safepoint region
[2019-10-14T07:38:34.001+0000][1][safepoint    ] Total time for which application threads were stopped: 0.0013255 seconds, Stopping threads took: 0.0006291 seconds
[2019-10-14T07:38:39.006+0000][1][safepoint    ] Application time: 5.0041464 seconds
[2019-10-14T07:38:39.007+0000][1][safepoint    ] Entering safepoint region: Cleanup
[2019-10-14T07:38:39.009+0000][1][safepoint    ] Leaving safepoint region
[2019-10-14T07:38:39.010+0000][1][safepoint    ] Total time for which application threads were stopped: 0.0030787 seconds, Stopping threads took: 0.0020703 seconds
[2019-10-14T07:38:42.014+0000][1][safepoint    ] Application time: 3.0025491 seconds
[2019-10-14T07:38:42.015+0000][1][safepoint    ] Entering safepoint region: Cleanup
[2019-10-14T07:38:42.016+0000][1][safepoint    ] Leaving safepoint region
[2019-10-14T07:38:42.016+0000][1][safepoint    ] Total time for which application threads were stopped: 0.0013968 seconds, Stopping threads took: 0.0005871 seconds
[2019-10-14T07:38:43.017+0000][1][safepoint    ] Application time: 1.0002296 seconds
[2019-10-14T07:38:43.018+0000][1][safepoint    ] Entering safepoint region: Cleanup
[2019-10-14T07:38:43.018+0000][1][safepoint    ] Leaving safepoint region
[2019-10-14T07:38:43.019+0000][1][safepoint    ] Total time for which application threads were stopped: 0.0011970 seconds, Stopping threads took: 0.0006417 seconds
[2019-10-14T07:38:45.020+0000][1][safepoint    ] Application time: 2.0005800 seconds
[2019-10-14T07:38:45.020+0000][1][safepoint    ] Entering safepoint region: Cleanup
[2019-10-14T07:38:45.021+0000][1][safepoint    ] Leaving safepoint region
[2019-10-14T07:38:45.021+0000][1][safepoint    ] Total time for which application threads were stopped: 0.0006362 seconds, Stopping threads took: 0.0002671 seconds
[2019-10-14T07:38:50.026+0000][1][safepoint    ] Application time: 5.0044100 seconds
[2019-10-14T07:38:50.026+0000][1][safepoint    ] Entering safepoint region: Cleanup
[2019-10-14T07:38:50.027+0000][1][safepoint    ] Leaving safepoint region
[2019-10-14T07:38:50.027+0000][1][safepoint    ] Total time for which application threads were stopped: 0.0008345 seconds, Stopping threads took: 0.0004636 seconds
[2019-10-14T07:38:54.029+0000][1][safepoint    ] Application time: 4.0014760 seconds
[2019-10-14T07:38:54.029+0000][1][safepoint    ] Entering safepoint region: Cleanup
[2019-10-14T07:38:54.030+0000][1][safepoint    ] Leaving safepoint region
[2019-10-14T07:38:54.030+0000][1][safepoint    ] Total time for which application threads were stopped: 0.0009823 seconds, Stopping threads took: 0.0005186 seconds
[2019-10-14T07:38:58.032+0000][1][safepoint    ] Application time: 4.0010396 seconds
[2019-10-14T07:38:58.032+0000][1][safepoint    ] Entering safepoint region: Cleanup
[2019-10-14T07:38:58.032+0000][1][safepoint    ] Leaving safepoint region
[2019-10-14T07:38:58.033+0000][1][safepoint    ] Total time for which application threads were stopped: 0.0008575 seconds, Stopping threads took: 0.0003348 seconds
[2019-10-14T07:38:59.033+0000][1][safepoint    ] Application time: 1.0002906 seconds
[2019-10-14T07:38:59.034+0000][1][safepoint    ] Entering safepoint region: Cleanup
[2019-10-14T07:38:59.034+0000][1][safepoint    ] Leaving safepoint region
[2019-10-14T07:38:59.035+0000][1][safepoint    ] Total time for which application threads were stopped: 0.0008222 seconds, Stopping threads took: 0.0004053 seconds
[2019-10-14T07:39:01.036+0000][1][safepoint    ] Application time: 2.0007788 seconds
[2019-10-14T07:39:01.036+0000][1][safepoint    ] Entering safepoint region: Cleanup
[2019-10-14T07:39:01.037+0000][1][safepoint    ] Leaving safepoint region
[2019-10-14T07:39:01.037+0000][1][safepoint    ] Total time for which application threads were stopped: 0.0011864 seconds, Stopping threads took: 0.0005469 seconds
[2019-10-14T07:39:02.038+0000][1][safepoint    ] Application time: 1.0003277 seconds
[2019-10-14T07:39:02.040+0000][1][safepoint    ] Entering safepoint region: Cleanup
[2019-10-14T07:39:02.040+0000][1][safepoint    ] Leaving safepoint region
[2019-10-14T07:39:02.041+0000][1][safepoint    ] Total time for which application threads were stopped: 0.0010513 seconds, Stopping threads took: 0.0004787 seconds
[2019-10-14T07:39:03.042+0000][1][safepoint    ] Application time: 1.0005164 seconds
[2019-10-14T07:39:03.043+0000][1][safepoint    ] Entering safepoint region: Cleanup
[2019-10-14T07:39:03.045+0000][1][safepoint    ] Leaving safepoint region
[2019-10-14T07:39:03.057+0000][1][safepoint    ] Total time for which application threads were stopped: 0.0140874 seconds, Stopping threads took: 0.0019514 seconds
[2019-10-14T07:39:08.039+0000][1][safepoint    ] Application time: 5.0032019 seconds
[2019-10-14T07:39:08.040+0000][1][safepoint    ] Entering safepoint region: Cleanup
[2019-10-14T07:39:08.042+0000][1][safepoint    ] Leaving safepoint region
[2019-10-14T07:39:08.042+0000][1][safepoint    ] Total time for which application threads were stopped: 0.0021790 seconds, Stopping threads took: 0.0011581 seconds
[2019-10-14T07:39:10.922+0000][1][safepoint    ] Application time: 2.8788121 seconds
[2019-10-14T07:39:10.922+0000][1][safepoint    ] Entering safepoint region: RevokeBias
[2019-10-14T07:39:10.923+0000][1][safepoint    ] Leaving safepoint region
[2019-10-14T07:39:10.923+0000][1][safepoint    ] Total time for which application threads were stopped: 0.0007384 seconds, Stopping threads took: 0.0004161 seconds
[2019-10-14T07:39:11.925+0000][1][safepoint    ] Application time: 1.0010275 seconds
[2019-10-14T07:39:11.925+0000][1][safepoint    ] Entering safepoint region: Cleanup
[2019-10-14T07:39:11.927+0000][1][safepoint    ] Leaving safepoint region
[2019-10-14T07:39:11.927+0000][1][safepoint    ] Total time for which application threads were stopped: 0.0016281 seconds, Stopping threads took: 0.0011210 seconds
[2019-10-14T07:39:12.928+0000][1][safepoint    ] Application time: 1.0002586 seconds
[2019-10-14T07:39:12.928+0000][1][safepoint    ] Entering safepoint region: Cleanup
[2019-10-14T07:39:12.929+0000][1][safepoint    ] Leaving safepoint region
[2019-10-14T07:39:12.929+0000][1][safepoint    ] Total time for which application threads were stopped: 0.0010858 seconds, Stopping threads took: 0.0005999 seconds
[2019-10-14T07:39:13.931+0000][1][safepoint    ] Application time: 1.0008930 seconds
[2019-10-14T07:39:13.933+0000][1][safepoint    ] Entering safepoint region: Cleanup
[2019-10-14T07:39:13.934+0000][1][safepoint    ] Leaving safepoint region
[2019-10-14T07:39:13.935+0000][1][safepoint    ] Total time for which application threads were stopped: 0.0019953 seconds, Stopping threads took: 0.0007301 seconds
[2019-10-14T07:39:15.940+0000][1][safepoint    ] Application time: 2.0040878 seconds
[2019-10-14T07:39:15.940+0000][1][safepoint    ] Entering safepoint region: Cleanup
[2019-10-14T07:39:15.941+0000][1][safepoint    ] Leaving safepoint region
[2019-10-14T07:39:15.942+0000][1][safepoint    ] Total time for which application threads were stopped: 0.0013360 seconds, Stopping threads took: 0.0006286 seconds
[2019-10-14T07:39:18.946+0000][1][safepoint    ] Application time: 3.0038745 seconds
[2019-10-14T07:39:18.947+0000][1][safepoint    ] Entering safepoint region: Cleanup
[2019-10-14T07:39:18.948+0000][1][safepoint    ] Leaving safepoint region
[2019-10-14T07:39:18.948+0000][1][safepoint    ] Total time for which application threads were stopped: 0.0011420 seconds, Stopping threads took: 0.0005394 seconds
[2019-10-14T07:39:21.951+0000][1][safepoint    ] Application time: 3.0021821 seconds
[2019-10-14T07:39:21.952+0000][1][safepoint    ] Entering safepoint region: Cleanup
[2019-10-14T07:39:21.953+0000][1][safepoint    ] Leaving safepoint region
[2019-10-14T07:39:21.953+0000][1][safepoint    ] Total time for which application threads were stopped: 0.0014165 seconds, Stopping threads took: 0.0005913 seconds
[2019-10-14T07:39:23.958+0000][1][safepoint    ] Application time: 2.0038898 seconds
[2019-10-14T07:39:23.958+0000][1][safepoint    ] Entering safepoint region: Cleanup
[2019-10-14T07:39:23.959+0000][1][safepoint    ] Leaving safepoint region
[2019-10-14T07:39:23.960+0000][1][safepoint    ] Total time for which application threads were stopped: 0.0015153 seconds, Stopping threads took: 0.0005918 seconds
[2019-10-14T07:39:25.961+0000][1][safepoint    ] Application time: 2.0008680 seconds
[2019-10-14T07:39:25.962+0000][1][safepoint    ] Entering safepoint region: Cleanup
[2019-10-14T07:39:25.962+0000][1][safepoint    ] Leaving safepoint region
[2019-10-14T07:39:25.963+0000][1][safepoint    ] Total time for which application threads were stopped: 0.0015174 seconds, Stopping threads took: 0.0006093 seconds
[2019-10-14T07:39:38.966+0000][1][safepoint    ] Application time: 13.0226947 seconds
[2019-10-14T07:39:38.967+0000][1][safepoint    ] Entering safepoint region: Cleanup
[2019-10-14T07:39:38.968+0000][1][safepoint    ] Leaving safepoint region
[2019-10-14T07:39:38.968+0000][1][safepoint    ] Total time for which application threads were stopped: 0.0012419 seconds, Stopping threads took: 0.0005147 seconds
[2019-10-14T07:39:40.974+0000][1][safepoint    ] Application time: 2.0051396 seconds
[2019-10-14T07:39:40.975+0000][1][safepoint    ] Entering safepoint region: Cleanup
[2019-10-14T07:39:40.976+0000][1][safepoint    ] Leaving safepoint region
[2019-10-14T07:39:40.976+0000][1][safepoint    ] Total time for which application threads were stopped: 0.0011767 seconds, Stopping threads took: 0.0005543 seconds
[2019-10-14T07:39:41.977+0000][1][safepoint    ] Application time: 1.0003790 seconds
[2019-10-14T07:39:41.980+0000][1][safepoint    ] Entering safepoint region: Cleanup
[2019-10-14T07:39:41.982+0000][1][safepoint    ] Leaving safepoint region
[2019-10-14T07:39:41.984+0000][1][safepoint    ] Total time for which application threads were stopped: 0.0040566 seconds, Stopping threads took: 0.0021431 seconds
[2019-10-14T07:39:43.986+0000][1][safepoint    ] Application time: 2.0011114 seconds
[2019-10-14T07:39:43.987+0000][1][safepoint    ] Entering safepoint region: Cleanup
[2019-10-14T07:39:43.987+0000][1][safepoint    ] Leaving safepoint region
[2019-10-14T07:39:43.988+0000][1][safepoint    ] Total time for which application threads were stopped: 0.0007919 seconds, Stopping threads took: 0.0003889 seconds
[2019-10-14T07:39:44.989+0000][1][safepoint    ] Application time: 1.0013142 seconds
[2019-10-14T07:39:44.990+0000][1][safepoint    ] Entering safepoint region: Cleanup
[2019-10-14T07:39:44.991+0000][1][safepoint    ] Leaving safepoint region
[2019-10-14T07:39:44.991+0000][1][safepoint    ] Total time for which application threads were stopped: 0.0011379 seconds, Stopping threads took: 0.0006249 seconds
[2019-10-14T07:39:46.993+0000][1][safepoint    ] Application time: 2.0014398 seconds
[2019-10-14T07:39:46.994+0000][1][safepoint    ] Entering safepoint region: Cleanup
[2019-10-14T07:39:46.994+0000][1][safepoint    ] Leaving safepoint region
[2019-10-14T07:39:46.995+0000][1][safepoint    ] Total time for which application threads were stopped: 0.0010725 seconds, Stopping threads took: 0.0005653 seconds
[2019-10-14T07:39:48.996+0000][1][safepoint    ] Application time: 2.0006924 seconds
[2019-10-14T07:39:48.997+0000][1][safepoint    ] Entering safepoint region: Cleanup
[2019-10-14T07:39:48.997+0000][1][safepoint    ] Leaving safepoint region
[2019-10-14T07:39:48.998+0000][1][safepoint    ] Total time for which application threads were stopped: 0.0015056 seconds, Stopping threads took: 0.0007120 seconds
[2019-10-14T07:39:50.000+0000][1][safepoint    ] Application time: 1.0011213 seconds
[2019-10-14T07:39:50.001+0000][1][safepoint    ] Entering safepoint region: Cleanup
[2019-10-14T07:39:50.001+0000][1][safepoint    ] Leaving safepoint region
[2019-10-14T07:39:50.002+0000][1][safepoint    ] Total time for which application threads were stopped: 0.0012417 seconds, Stopping threads took: 0.0006351 seconds
[2019-10-14T07:39:50.729+0000][1][safepoint    ] Application time: 0.7272449 seconds
[2019-10-14T07:39:50.730+0000][1][safepoint    ] Entering safepoint region: GenCollectForAllocation
[2019-10-14T07:39:50.731+0000][1][gc,start     ] GC(30) Pause Young (Allocation Failure)
[2019-10-14T07:39:50.732+0000][1][gc,task      ] GC(30) Using 2 workers of 2 for evacuation
[2019-10-14T07:39:50.746+0000][1][gc,age       ] GC(30) Desired survivor size 4456448 bytes, new threshold 6 (max threshold 6)
[2019-10-14T07:39:50.747+0000][1][gc,age       ] GC(30) Age table with threshold 6 (max threshold 6)
[2019-10-14T07:39:50.747+0000][1][gc,age       ] GC(30) - age   1:      27600 bytes,      27600 total
[2019-10-14T07:39:50.747+0000][1][gc,age       ] GC(30) - age   2:     386720 bytes,     414320 total
[2019-10-14T07:39:50.748+0000][1][gc,age       ] GC(30) - age   3:     339632 bytes,     753952 total
[2019-10-14T07:39:50.748+0000][1][gc,age       ] GC(30) - age   4:     548400 bytes,    1302352 total
[2019-10-14T07:39:50.748+0000][1][gc,age       ] GC(30) - age   5:      90728 bytes,    1393080 total
[2019-10-14T07:39:50.749+0000][1][gc,age       ] GC(30) - age   6:     383664 bytes,    1776744 total
[2019-10-14T07:39:50.749+0000][1][gc,heap      ] GC(30) ParNew: 75762K->4175K(78656K)
[2019-10-14T07:39:50.749+0000][1][gc,heap      ] GC(30) CMS: 68137K->70685K(174784K)
[2019-10-14T07:39:50.750+0000][1][gc,metaspace ] GC(30) Metaspace: 80361K->80361K(1122304K)
[2019-10-14T07:39:50.750+0000][1][gc           ] GC(30) Pause Young (Allocation Failure) 140M->73M(247M) 18.964ms
[2019-10-14T07:39:50.751+0000][1][gc,cpu       ] GC(30) User=0.02s Sys=0.00s Real=0.02s
[2019-10-14T07:39:50.751+0000][1][safepoint    ] Leaving safepoint region
[2019-10-14T07:39:50.751+0000][1][safepoint    ] Total time for which application threads were stopped: 0.0211946 seconds, Stopping threads took: 0.0006412 seconds
[2019-10-14T07:39:51.703+0000][1][safepoint    ] Application time: 0.9512612 seconds
[2019-10-14T07:39:51.703+0000][1][safepoint    ] Entering safepoint region: RevokeBias
[2019-10-14T07:39:51.704+0000][1][safepoint    ] Leaving safepoint region
[2019-10-14T07:39:51.704+0000][1][safepoint    ] Total time for which application threads were stopped: 0.0007064 seconds, Stopping threads took: 0.0003064 seconds
[2019-10-14T07:39:51.704+0000][1][safepoint    ] Application time: 0.0002040 seconds
[2019-10-14T07:39:51.705+0000][1][safepoint    ] Entering safepoint region: RevokeBias
[2019-10-14T07:39:51.705+0000][1][safepoint    ] Leaving safepoint region
[2019-10-14T07:39:51.705+0000][1][safepoint    ] Total time for which application threads were stopped: 0.0006141 seconds, Stopping threads took: 0.0002984 seconds
[2019-10-14T07:39:51.706+0000][1][safepoint    ] Application time: 0.0001706 seconds
[2019-10-14T07:39:51.706+0000][1][safepoint    ] Entering safepoint region: RevokeBias
[2019-10-14T07:39:51.707+0000][1][safepoint    ] Leaving safepoint region
[2019-10-14T07:39:51.707+0000][1][safepoint    ] Total time for which application threads were stopped: 0.0007263 seconds, Stopping threads took: 0.0002783 seconds
[2019-10-14T07:39:51.708+0000][1][safepoint    ] Application time: 0.0002894 seconds
[2019-10-14T07:39:51.708+0000][1][safepoint    ] Entering safepoint region: RevokeBias
[2019-10-14T07:39:51.708+0000][1][safepoint    ] Leaving safepoint region
[2019-10-14T07:39:51.709+0000][1][safepoint    ] Total time for which application threads were stopped: 0.0007702 seconds, Stopping threads took: 0.0003206 seconds
[2019-10-14T07:39:51.709+0000][1][safepoint    ] Application time: 0.0002030 seconds
[2019-10-14T07:39:51.709+0000][1][safepoint    ] Entering safepoint region: RevokeBias
[2019-10-14T07:39:51.710+0000][1][safepoint    ] Leaving safepoint region
[2019-10-14T07:39:51.710+0000][1][safepoint    ] Total time for which application threads were stopped: 0.0004873 seconds, Stopping threads took: 0.0002177 seconds
[2019-10-14T07:39:52.629+0000][1][safepoint    ] Application time: 0.9190752 seconds
[2019-10-14T07:39:52.629+0000][1][safepoint    ] Entering safepoint region: RevokeBias
[2019-10-14T07:39:52.630+0000][1][safepoint    ] Leaving safepoint region
[2019-10-14T07:39:52.630+0000][1][safepoint    ] Total time for which application threads were stopped: 0.0008664 seconds, Stopping threads took: 0.0004566 seconds
[2019-10-14T07:39:52.631+0000][1][safepoint    ] Application time: 0.0000787 seconds
[2019-10-14T07:39:52.631+0000][1][safepoint    ] Entering safepoint region: RevokeBias
[2019-10-14T07:39:52.631+0000][1][safepoint    ] Leaving safepoint region
[2019-10-14T07:39:52.631+0000][1][safepoint    ] Total time for which application threads were stopped: 0.0004675 seconds, Stopping threads took: 0.0002000 seconds
[2019-10-14T07:39:56.636+0000][1][safepoint    ] Application time: 4.0046119 seconds
[2019-10-14T07:39:56.638+0000][1][safepoint    ] Entering safepoint region: Cleanup
[2019-10-14T07:39:56.639+0000][1][safepoint    ] Leaving safepoint region
[2019-10-14T07:39:56.640+0000][1][safepoint    ] Total time for which application threads were stopped: 0.0022650 seconds, Stopping threads took: 0.0014619 seconds
[2019-10-14T07:39:59.643+0000][1][safepoint    ] Application time: 3.0023558 seconds
[2019-10-14T07:39:59.644+0000][1][safepoint    ] Entering safepoint region: Cleanup
[2019-10-14T07:39:59.645+0000][1][safepoint    ] Leaving safepoint region
[2019-10-14T07:39:59.645+0000][1][safepoint    ] Total time for which application threads were stopped: 0.0013809 seconds, Stopping threads took: 0.0006566 seconds
[2019-10-14T07:40:00.647+0000][1][safepoint    ] Application time: 1.0006337 seconds
[2019-10-14T07:40:00.647+0000][1][safepoint    ] Entering safepoint region: Cleanup
[2019-10-14T07:40:00.648+0000][1][safepoint    ] Leaving safepoint region
[2019-10-14T07:40:00.650+0000][1][safepoint    ] Total time for which application threads were stopped: 0.0023242 seconds, Stopping threads took: 0.0006415 seconds
[2019-10-14T07:40:03.635+0000][1][safepoint    ] Application time: 3.0039015 seconds
[2019-10-14T07:40:03.637+0000][1][safepoint    ] Entering safepoint region: Cleanup
[2019-10-14T07:40:03.638+0000][1][safepoint    ] Leaving safepoint region
[2019-10-14T07:40:03.640+0000][1][safepoint    ] Total time for which application threads were stopped: 0.0036156 seconds, Stopping threads took: 0.0013089 seconds
[2019-10-14T07:40:04.642+0000][1][safepoint    ] Application time: 1.0007320 seconds
[2019-10-14T07:40:04.643+0000][1][safepoint    ] Entering safepoint region: Cleanup
[2019-10-14T07:40:04.643+0000][1][safepoint    ] Leaving safepoint region
[2019-10-14T07:40:04.644+0000][1][safepoint    ] Total time for which application threads were stopped: 0.0012794 seconds, Stopping threads took: 0.0005384 seconds
[2019-10-14T07:40:10.648+0000][1][safepoint    ] Application time: 6.0039178 seconds
[2019-10-14T07:40:10.649+0000][1][safepoint    ] Entering safepoint region: Cleanup
[2019-10-14T07:40:10.650+0000][1][safepoint    ] Leaving safepoint region
[2019-10-14T07:40:10.650+0000][1][safepoint    ] Total time for which application threads were stopped: 0.0013403 seconds, Stopping threads took: 0.0004971 seconds
[2019-10-14T07:40:10.895+0000][1][safepoint    ] Application time: 0.2439941 seconds
[2019-10-14T07:40:10.896+0000][1][safepoint    ] Entering safepoint region: RevokeBias
[2019-10-14T07:40:10.896+0000][1][safepoint    ] Leaving safepoint region
[2019-10-14T07:40:10.897+0000][1][safepoint    ] Total time for which application threads were stopped: 0.0009310 seconds, Stopping threads took: 0.0004318 seconds
[2019-10-14T07:40:11.897+0000][1][safepoint    ] Application time: 1.0003387 seconds
[2019-10-14T07:40:11.898+0000][1][safepoint    ] Entering safepoint region: Cleanup
[2019-10-14T07:40:11.899+0000][1][safepoint    ] Leaving safepoint region
[2019-10-14T07:40:11.899+0000][1][safepoint    ] Total time for which application threads were stopped: 0.0009180 seconds, Stopping threads took: 0.0004367 seconds
[2019-10-14T07:40:12.900+0000][1][safepoint    ] Application time: 1.0004489 seconds
[2019-10-14T07:40:12.900+0000][1][safepoint    ] Entering safepoint region: Cleanup
[2019-10-14T07:40:12.901+0000][1][safepoint    ] Leaving safepoint region
[2019-10-14T07:40:12.902+0000][1][safepoint    ] Total time for which application threads were stopped: 0.0019359 seconds, Stopping threads took: 0.0005135 seconds
[2019-10-14T07:40:15.907+0000][1][safepoint    ] Application time: 3.0031353 seconds
[2019-10-14T07:40:15.909+0000][1][safepoint    ] Entering safepoint region: Cleanup
[2019-10-14T07:40:15.912+0000][1][safepoint    ] Leaving safepoint region
[2019-10-14T07:40:15.916+0000][1][safepoint    ] Total time for which application threads were stopped: 0.0066725 seconds, Stopping threads took: 0.0027931 seconds
[2019-10-14T07:40:16.921+0000][1][safepoint    ] Application time: 1.0043125 seconds
[2019-10-14T07:40:16.922+0000][1][safepoint    ] Entering safepoint region: Cleanup
[2019-10-14T07:40:16.923+0000][1][safepoint    ] Leaving safepoint region
[2019-10-14T07:40:16.923+0000][1][safepoint    ] Total time for which application threads were stopped: 0.0014961 seconds, Stopping threads took: 0.0005559 seconds
[2019-10-14T07:40:18.003+0000][1][safepoint    ] Application time: 1.0797934 seconds
[2019-10-14T07:40:18.005+0000][1][safepoint    ] Entering safepoint region: RevokeBias
[2019-10-14T07:40:18.006+0000][1][safepoint    ] Leaving safepoint region
[2019-10-14T07:40:18.006+0000][1][safepoint    ] Total time for which application threads were stopped: 0.0013446 seconds, Stopping threads took: 0.0008973 seconds
[2019-10-14T07:40:19.007+0000][1][safepoint    ] Application time: 1.0009844 seconds
[2019-10-14T07:40:19.008+0000][1][safepoint    ] Entering safepoint region: Cleanup
[2019-10-14T07:40:19.009+0000][1][safepoint    ] Leaving safepoint region
[2019-10-14T07:40:19.009+0000][1][safepoint    ] Total time for which application threads were stopped: 0.0009613 seconds, Stopping threads took: 0.0004423 seconds
[2019-10-14T07:40:21.013+0000][1][safepoint    ] Application time: 2.0032730 seconds
[2019-10-14T07:40:21.013+0000][1][safepoint    ] Entering safepoint region: Cleanup
[2019-10-14T07:40:21.014+0000][1][safepoint    ] Leaving safepoint region
[2019-10-14T07:40:21.014+0000][1][safepoint    ] Total time for which application threads were stopped: 0.0012089 seconds, Stopping threads took: 0.0004560 seconds
[2019-10-14T07:40:26.023+0000][1][safepoint    ] Application time: 5.0078245 seconds
[2019-10-14T07:40:26.023+0000][1][safepoint    ] Entering safepoint region: Cleanup
[2019-10-14T07:40:26.024+0000][1][safepoint    ] Leaving safepoint region
[2019-10-14T07:40:26.024+0000][1][safepoint    ] Total time for which application threads were stopped: 0.0008104 seconds, Stopping threads took: 0.0004352 seconds
[2019-10-14T07:40:31.034+0000][1][safepoint    ] Application time: 5.0100936 seconds
[2019-10-14T07:40:31.035+0000][1][safepoint    ] Entering safepoint region: Cleanup
[2019-10-14T07:40:31.036+0000][1][safepoint    ] Leaving safepoint region
[2019-10-14T07:40:31.036+0000][1][safepoint    ] Total time for which application threads were stopped: 0.0009347 seconds, Stopping threads took: 0.0003924 seconds
[2019-10-14T07:40:34.041+0000][1][safepoint    ] Application time: 3.0266003 seconds
[2019-10-14T07:40:34.042+0000][1][safepoint    ] Entering safepoint region: Cleanup
[2019-10-14T07:40:34.043+0000][1][safepoint    ] Leaving safepoint region
[2019-10-14T07:40:34.043+0000][1][safepoint    ] Total time for which application threads were stopped: 0.0007627 seconds, Stopping threads took: 0.0003771 seconds
[2019-10-14T07:40:38.046+0000][1][safepoint    ] Application time: 4.0032240 seconds
[2019-10-14T07:40:38.047+0000][1][safepoint    ] Entering safepoint region: Cleanup
[2019-10-14T07:40:38.047+0000][1][safepoint    ] Leaving safepoint region
[2019-10-14T07:40:38.048+0000][1][safepoint    ] Total time for which application threads were stopped: 0.0007436 seconds, Stopping threads took: 0.0003594 seconds
[2019-10-14T07:40:41.049+0000][1][safepoint    ] Application time: 3.0005753 seconds
[2019-10-14T07:40:41.049+0000][1][safepoint    ] Entering safepoint region: Cleanup
[2019-10-14T07:40:41.050+0000][1][safepoint    ] Leaving safepoint region
[2019-10-14T07:40:41.050+0000][1][safepoint    ] Total time for which application threads were stopped: 0.0011577 seconds, Stopping threads took: 0.0004640 seconds
[2019-10-14T07:40:44.053+0000][1][safepoint    ] Application time: 3.0022958 seconds
[2019-10-14T07:40:44.054+0000][1][safepoint    ] Entering safepoint region: Cleanup
[2019-10-14T07:40:44.055+0000][1][safepoint    ] Leaving safepoint region
[2019-10-14T07:40:44.055+0000][1][safepoint    ] Total time for which application threads were stopped: 0.0013068 seconds, Stopping threads took: 0.0005822 seconds
[2019-10-14T07:40:46.056+0000][1][safepoint    ] Application time: 2.0006008 seconds
[2019-10-14T07:40:46.059+0000][1][safepoint    ] Entering safepoint region: Cleanup
[2019-10-14T07:40:46.061+0000][1][safepoint    ] Leaving safepoint region
[2019-10-14T07:40:46.062+0000][1][safepoint    ] Total time for which application threads were stopped: 0.0029131 seconds, Stopping threads took: 0.0019935 seconds
[2019-10-14T07:40:50.063+0000][1][safepoint    ] Application time: 4.0009307 seconds
[2019-10-14T07:40:50.065+0000][1][safepoint    ] Entering safepoint region: Cleanup
[2019-10-14T07:40:50.066+0000][1][safepoint    ] Leaving safepoint region
[2019-10-14T07:40:50.066+0000][1][safepoint    ] Total time for which application threads were stopped: 0.0017826 seconds, Stopping threads took: 0.0007744 seconds
[2019-10-14T07:41:05.059+0000][1][safepoint    ] Application time: 15.0129679 seconds
[2019-10-14T07:41:05.060+0000][1][safepoint    ] Entering safepoint region: Cleanup
[2019-10-14T07:41:05.060+0000][1][safepoint    ] Leaving safepoint region
[2019-10-14T07:41:05.061+0000][1][safepoint    ] Total time for which application threads were stopped: 0.0011432 seconds, Stopping threads took: 0.0006066 seconds
[2019-10-14T07:41:10.080+0000][1][safepoint    ] Application time: 5.0187067 seconds
[2019-10-14T07:41:10.086+0000][1][safepoint    ] Entering safepoint region: RevokeBias
[2019-10-14T07:41:10.087+0000][1][safepoint    ] Leaving safepoint region
[2019-10-14T07:41:10.087+0000][1][safepoint    ] Total time for which application threads were stopped: 0.0015244 seconds, Stopping threads took: 0.0006766 seconds
[2019-10-14T07:41:10.587+0000][1][safepoint    ] Application time: 0.5000778 seconds
[2019-10-14T07:41:10.591+0000][1][safepoint    ] Entering safepoint region: RevokeBias
[2019-10-14T07:41:10.591+0000][1][safepoint    ] Leaving safepoint region
[2019-10-14T07:41:10.592+0000][1][safepoint    ] Total time for which application threads were stopped: 0.0022868 seconds, Stopping threads took: 0.0014337 seconds
[2019-10-14T07:41:10.605+0000][1][safepoint    ] Application time: 0.0122923 seconds
[2019-10-14T07:41:10.606+0000][1][safepoint    ] Entering safepoint region: RevokeBias
[2019-10-14T07:41:10.606+0000][1][safepoint    ] Leaving safepoint region
[2019-10-14T07:41:10.607+0000][1][safepoint    ] Total time for which application threads were stopped: 0.0011733 seconds, Stopping threads took: 0.0006038 seconds
[2019-10-14T07:41:10.608+0000][1][safepoint    ] Application time: 0.0005346 seconds
[2019-10-14T07:41:10.608+0000][1][safepoint    ] Entering safepoint region: RevokeBias
[2019-10-14T07:41:10.610+0000][1][safepoint    ] Leaving safepoint region
[2019-10-14T07:41:10.610+0000][1][safepoint    ] Total time for which application threads were stopped: 0.0017390 seconds, Stopping threads took: 0.0006972 seconds
[2019-10-14T07:41:10.611+0000][1][safepoint    ] Application time: 0.0005245 seconds
[2019-10-14T07:41:10.613+0000][1][safepoint    ] Entering safepoint region: RevokeBias
[2019-10-14T07:41:10.614+0000][1][safepoint    ] Leaving safepoint region
[2019-10-14T07:41:10.615+0000][1][safepoint    ] Total time for which application threads were stopped: 0.0033182 seconds, Stopping threads took: 0.0025378 seconds
[2019-10-14T07:41:11.445+0000][1][safepoint    ] Application time: 0.8296672 seconds
[2019-10-14T07:41:11.447+0000][1][safepoint    ] Entering safepoint region: RevokeBias
[2019-10-14T07:41:11.448+0000][1][safepoint    ] Leaving safepoint region
[2019-10-14T07:41:11.449+0000][1][safepoint    ] Total time for which application threads were stopped: 0.0031965 seconds, Stopping threads took: 0.0021480 seconds
[2019-10-14T07:41:11.477+0000][1][safepoint    ] Application time: 0.0271385 seconds
[2019-10-14T07:41:11.477+0000][1][safepoint    ] Entering safepoint region: RevokeBias
[2019-10-14T07:41:11.480+0000][1][safepoint    ] Leaving safepoint region
[2019-10-14T07:41:11.481+0000][1][safepoint    ] Total time for which application threads were stopped: 0.0036856 seconds, Stopping threads took: 0.0006965 seconds
[2019-10-14T07:41:11.552+0000][1][safepoint    ] Application time: 0.0704725 seconds
[2019-10-14T07:41:11.559+0000][1][safepoint    ] Entering safepoint region: RevokeBias
[2019-10-14T07:41:11.560+0000][1][safepoint    ] Leaving safepoint region
[2019-10-14T07:41:11.561+0000][1][safepoint    ] Total time for which application threads were stopped: 0.0060766 seconds, Stopping threads took: 0.0052612 seconds
[2019-10-14T07:41:11.562+0000][1][safepoint    ] Application time: 0.0002365 seconds
[2019-10-14T07:41:11.563+0000][1][safepoint    ] Entering safepoint region: RevokeBias
[2019-10-14T07:41:11.564+0000][1][safepoint    ] Leaving safepoint region
[2019-10-14T07:41:11.564+0000][1][safepoint    ] Total time for which application threads were stopped: 0.0013251 seconds, Stopping threads took: 0.0008975 seconds
[2019-10-14T07:41:11.805+0000][1][safepoint    ] Application time: 0.2402483 seconds
[2019-10-14T07:41:11.812+0000][1][safepoint    ] Entering safepoint region: RevokeBias
[2019-10-14T07:41:11.813+0000][1][safepoint    ] Leaving safepoint region
[2019-10-14T07:41:11.813+0000][1][safepoint    ] Total time for which application threads were stopped: 0.0055172 seconds, Stopping threads took: 0.0050952 seconds
[2019-10-14T07:41:11.814+0000][1][safepoint    ] Application time: 0.0007026 seconds
[2019-10-14T07:41:11.814+0000][1][safepoint    ] Entering safepoint region: RevokeBias
[2019-10-14T07:41:11.815+0000][1][safepoint    ] Leaving safepoint region
[2019-10-14T07:41:11.815+0000][1][safepoint    ] Total time for which application threads were stopped: 0.0006049 seconds, Stopping threads took: 0.0002782 seconds
[2019-10-14T07:41:11.815+0000][1][safepoint    ] Application time: 0.0000972 seconds
[2019-10-14T07:41:11.816+0000][1][safepoint    ] Entering safepoint region: RevokeBias
[2019-10-14T07:41:11.816+0000][1][safepoint    ] Leaving safepoint region
[2019-10-14T07:41:11.816+0000][1][safepoint    ] Total time for which application threads were stopped: 0.0005576 seconds, Stopping threads took: 0.0002412 seconds
[2019-10-14T07:41:11.817+0000][1][safepoint    ] Application time: 0.0000564 seconds
[2019-10-14T07:41:11.817+0000][1][safepoint    ] Entering safepoint region: RevokeBias
[2019-10-14T07:41:11.818+0000][1][safepoint    ] Leaving safepoint region
[2019-10-14T07:41:11.818+0000][1][safepoint    ] Total time for which application threads were stopped: 0.0012305 seconds, Stopping threads took: 0.0007134 seconds
[2019-10-14T07:41:11.819+0000][1][safepoint    ] Application time: 0.0001154 seconds
[2019-10-14T07:41:11.819+0000][1][safepoint    ] Entering safepoint region: RevokeBias
[2019-10-14T07:41:11.819+0000][1][safepoint    ] Leaving safepoint region
[2019-10-14T07:41:11.819+0000][1][safepoint    ] Total time for which application threads were stopped: 0.0005638 seconds, Stopping threads took: 0.0002325 seconds
[2019-10-14T07:41:12.828+0000][1][safepoint    ] Application time: 1.0087004 seconds
[2019-10-14T07:41:12.832+0000][1][safepoint    ] Entering safepoint region: Cleanup
[2019-10-14T07:41:12.832+0000][1][safepoint    ] Leaving safepoint region
[2019-10-14T07:41:12.833+0000][1][safepoint    ] Total time for which application threads were stopped: 0.0008293 seconds, Stopping threads took: 0.0003812 seconds
[2019-10-14T07:41:13.998+0000][1][safepoint    ] Application time: 1.1652380 seconds
[2019-10-14T07:41:13.999+0000][1][safepoint    ] Entering safepoint region: RevokeBias
[2019-10-14T07:41:13.999+0000][1][safepoint    ] Leaving safepoint region
[2019-10-14T07:41:13.999+0000][1][safepoint    ] Total time for which application threads were stopped: 0.0007727 seconds, Stopping threads took: 0.0004242 seconds
[2019-10-14T07:41:14.000+0000][1][safepoint    ] Application time: 0.0000883 seconds
[2019-10-14T07:41:14.000+0000][1][safepoint    ] Entering safepoint region: RevokeBias
[2019-10-14T07:41:14.000+0000][1][safepoint    ] Leaving safepoint region
[2019-10-14T07:41:14.001+0000][1][safepoint    ] Total time for which application threads were stopped: 0.0005904 seconds, Stopping threads took: 0.0002640 seconds
[2019-10-14T07:41:14.001+0000][1][safepoint    ] Application time: 0.0000571 seconds
[2019-10-14T07:41:14.001+0000][1][safepoint    ] Entering safepoint region: RevokeBias
[2019-10-14T07:41:14.001+0000][1][safepoint    ] Leaving safepoint region
[2019-10-14T07:41:14.002+0000][1][safepoint    ] Total time for which application threads were stopped: 0.0004467 seconds, Stopping threads took: 0.0002078 seconds
[2019-10-14T07:41:14.002+0000][1][safepoint    ] Application time: 0.0001127 seconds
[2019-10-14T07:41:14.003+0000][1][safepoint    ] Entering safepoint region: RevokeBias
[2019-10-14T07:41:14.004+0000][1][safepoint    ] Leaving safepoint region
[2019-10-14T07:41:14.005+0000][1][safepoint    ] Total time for which application threads were stopped: 0.0022639 seconds, Stopping threads took: 0.0014976 seconds
[2019-10-14T07:41:14.005+0000][1][safepoint    ] Application time: 0.0000886 seconds
[2019-10-14T07:41:14.006+0000][1][safepoint    ] Entering safepoint region: RevokeBias
[2019-10-14T07:41:14.006+0000][1][safepoint    ] Leaving safepoint region
[2019-10-14T07:41:14.006+0000][1][safepoint    ] Total time for which application threads were stopped: 0.0006654 seconds, Stopping threads took: 0.0003325 seconds
[2019-10-14T07:41:16.010+0000][1][safepoint    ] Application time: 2.0031880 seconds
[2019-10-14T07:41:16.010+0000][1][safepoint    ] Entering safepoint region: Cleanup
[2019-10-14T07:41:16.011+0000][1][safepoint    ] Leaving safepoint region
[2019-10-14T07:41:16.011+0000][1][safepoint    ] Total time for which application threads were stopped: 0.0008207 seconds, Stopping threads took: 0.0003412 seconds
[2019-10-14T07:41:17.012+0000][1][safepoint    ] Application time: 1.0002875 seconds
[2019-10-14T07:41:17.012+0000][1][safepoint    ] Entering safepoint region: Cleanup
[2019-10-14T07:41:17.013+0000][1][safepoint    ] Leaving safepoint region
[2019-10-14T07:41:17.013+0000][1][safepoint    ] Total time for which application threads were stopped: 0.0011163 seconds, Stopping threads took: 0.0003841 seconds
[2019-10-14T07:41:18.015+0000][1][safepoint    ] Application time: 1.0001966 seconds
[2019-10-14T07:41:18.015+0000][1][safepoint    ] Entering safepoint region: Cleanup
[2019-10-14T07:41:18.016+0000][1][safepoint    ] Leaving safepoint region
[2019-10-14T07:41:18.017+0000][1][safepoint    ] Total time for which application threads were stopped: 0.0020842 seconds, Stopping threads took: 0.0008482 seconds
[2019-10-14T07:41:20.028+0000][1][safepoint    ] Application time: 2.0055213 seconds
[2019-10-14T07:41:20.042+0000][1][safepoint    ] Entering safepoint region: Cleanup
[2019-10-14T07:41:20.046+0000][1][safepoint    ] Leaving safepoint region
[2019-10-14T07:41:20.052+0000][1][safepoint    ] Total time for which application threads were stopped: 0.0107203 seconds, Stopping threads took: 0.0040342 seconds
[2019-10-14T07:41:20.079+0000][1][safepoint    ] Application time: 0.0203649 seconds
[2019-10-14T07:41:20.084+0000][1][safepoint    ] Entering safepoint region: GenCollectForAllocation
[2019-10-14T07:41:20.090+0000][1][gc,start     ] GC(31) Pause Young (Allocation Failure)
[2019-10-14T07:41:20.094+0000][1][gc,task      ] GC(31) Using 2 workers of 2 for evacuation
[2019-10-14T07:41:20.154+0000][1][gc,age       ] GC(31) Desired survivor size 4456448 bytes, new threshold 6 (max threshold 6)
[2019-10-14T07:41:20.166+0000][1][gc,age       ] GC(31) Age table with threshold 6 (max threshold 6)
[2019-10-14T07:41:20.166+0000][1][gc,age       ] GC(31) - age   1:     116840 bytes,     116840 total
[2019-10-14T07:41:20.167+0000][1][gc,age       ] GC(31) - age   2:       9464 bytes,     126304 total
[2019-10-14T07:41:20.168+0000][1][gc,age       ] GC(31) - age   3:     332744 bytes,     459048 total
[2019-10-14T07:41:20.168+0000][1][gc,age       ] GC(31) - age   4:     261424 bytes,     720472 total
[2019-10-14T07:41:20.168+0000][1][gc,age       ] GC(31) - age   5:     522752 bytes,    1243224 total
[2019-10-14T07:41:20.169+0000][1][gc,age       ] GC(31) - age   6:      90296 bytes,    1333520 total
[2019-10-14T07:41:20.169+0000][1][gc,heap      ] GC(31) ParNew: 74127K->1694K(78656K)
[2019-10-14T07:41:20.170+0000][1][gc,heap      ] GC(31) CMS: 70685K->71066K(174784K)
[2019-10-14T07:41:20.170+0000][1][gc,metaspace ] GC(31) Metaspace: 80460K->80460K(1122304K)
[2019-10-14T07:41:20.171+0000][1][gc           ] GC(31) Pause Young (Allocation Failure) 141M->71M(247M) 80.459ms
[2019-10-14T07:41:20.174+0000][1][gc,cpu       ] GC(31) User=0.09s Sys=0.01s Real=0.09s
[2019-10-14T07:41:20.176+0000][1][safepoint    ] Leaving safepoint region
[2019-10-14T07:41:20.182+0000][1][safepoint    ] Total time for which application threads were stopped: 0.0976650 seconds, Stopping threads took: 0.0052333 seconds
[2019-10-14T07:41:22.188+0000][1][safepoint    ] Application time: 2.0056144 seconds
[2019-10-14T07:41:22.188+0000][1][safepoint    ] Entering safepoint region: Cleanup
[2019-10-14T07:41:22.189+0000][1][safepoint    ] Leaving safepoint region
[2019-10-14T07:41:22.190+0000][1][safepoint    ] Total time for which application threads were stopped: 0.0011334 seconds, Stopping threads took: 0.0004189 seconds
[2019-10-14T07:41:27.193+0000][1][safepoint    ] Application time: 5.0030555 seconds
[2019-10-14T07:41:27.194+0000][1][safepoint    ] Entering safepoint region: Cleanup
[2019-10-14T07:41:27.195+0000][1][safepoint    ] Leaving safepoint region
[2019-10-14T07:41:27.195+0000][1][safepoint    ] Total time for which application threads were stopped: 0.0013918 seconds, Stopping threads took: 0.0008927 seconds
[2019-10-14T07:41:28.197+0000][1][safepoint    ] Application time: 1.0007642 seconds
[2019-10-14T07:41:28.198+0000][1][safepoint    ] Entering safepoint region: Cleanup
[2019-10-14T07:41:28.198+0000][1][safepoint    ] Leaving safepoint region
[2019-10-14T07:41:28.200+0000][1][safepoint    ] Total time for which application threads were stopped: 0.0021639 seconds, Stopping threads took: 0.0007592 seconds
[2019-10-14T07:41:29.200+0000][1][safepoint    ] Application time: 1.0001820 seconds
[2019-10-14T07:41:29.201+0000][1][safepoint    ] Entering safepoint region: Cleanup
[2019-10-14T07:41:29.202+0000][1][safepoint    ] Leaving safepoint region
[2019-10-14T07:41:29.203+0000][1][safepoint    ] Total time for which application threads were stopped: 0.0018777 seconds, Stopping threads took: 0.0007187 seconds
[2019-10-14T07:41:31.653+0000][1][safepoint    ] Application time: 2.4498516 seconds
[2019-10-14T07:41:31.654+0000][1][safepoint    ] Entering safepoint region: RevokeBias
[2019-10-14T07:41:31.654+0000][1][safepoint    ] Leaving safepoint region
[2019-10-14T07:41:31.655+0000][1][safepoint    ] Total time for which application threads were stopped: 0.0010039 seconds, Stopping threads took: 0.0004547 seconds
[2019-10-14T07:41:32.657+0000][1][safepoint    ] Application time: 1.0015329 seconds
[2019-10-14T07:41:32.658+0000][1][safepoint    ] Entering safepoint region: Cleanup
[2019-10-14T07:41:32.659+0000][1][safepoint    ] Leaving safepoint region
[2019-10-14T07:41:32.660+0000][1][safepoint    ] Total time for which application threads were stopped: 0.0018349 seconds, Stopping threads took: 0.0012002 seconds
[2019-10-14T07:41:34.639+0000][1][safepoint    ] Application time: 2.0006906 seconds
[2019-10-14T07:41:34.640+0000][1][safepoint    ] Entering safepoint region: Cleanup
[2019-10-14T07:41:34.642+0000][1][safepoint    ] Leaving safepoint region
[2019-10-14T07:41:34.644+0000][1][safepoint    ] Total time for which application threads were stopped: 0.0035438 seconds, Stopping threads took: 0.0010422 seconds
[2019-10-14T07:41:38.649+0000][1][safepoint    ] Application time: 4.0027505 seconds
[2019-10-14T07:41:38.650+0000][1][safepoint    ] Entering safepoint region: Cleanup
[2019-10-14T07:41:38.650+0000][1][safepoint    ] Leaving safepoint region
[2019-10-14T07:41:38.651+0000][1][safepoint    ] Total time for which application threads were stopped: 0.0011345 seconds, Stopping threads took: 0.0005925 seconds
[2019-10-14T07:41:39.652+0000][1][safepoint    ] Application time: 1.0011798 seconds
[2019-10-14T07:41:39.653+0000][1][safepoint    ] Entering safepoint region: Cleanup
[2019-10-14T07:41:39.654+0000][1][safepoint    ] Leaving safepoint region
[2019-10-14T07:41:39.655+0000][1][safepoint    ] Total time for which application threads were stopped: 0.0012994 seconds, Stopping threads took: 0.0006366 seconds
[2019-10-14T07:41:44.662+0000][1][safepoint    ] Application time: 5.0071234 seconds
[2019-10-14T07:41:44.663+0000][1][safepoint    ] Entering safepoint region: Cleanup
[2019-10-14T07:41:44.664+0000][1][safepoint    ] Leaving safepoint region
[2019-10-14T07:41:44.665+0000][1][safepoint    ] Total time for which application threads were stopped: 0.0017407 seconds, Stopping threads took: 0.0008824 seconds
[2019-10-14T07:41:45.667+0000][1][safepoint    ] Application time: 1.0016281 seconds
[2019-10-14T07:41:45.669+0000][1][safepoint    ] Entering safepoint region: Cleanup
[2019-10-14T07:41:45.672+0000][1][safepoint    ] Leaving safepoint region
[2019-10-14T07:41:45.672+0000][1][safepoint    ] Total time for which application threads were stopped: 0.0029674 seconds, Stopping threads took: 0.0017600 seconds
[2019-10-14T07:41:47.678+0000][1][safepoint    ] Application time: 2.0044991 seconds
[2019-10-14T07:41:47.679+0000][1][safepoint    ] Entering safepoint region: Cleanup
[2019-10-14T07:41:47.680+0000][1][safepoint    ] Leaving safepoint region
[2019-10-14T07:41:47.681+0000][1][safepoint    ] Total time for which application threads were stopped: 0.0018704 seconds, Stopping threads took: 0.0008204 seconds
[2019-10-14T07:41:48.685+0000][1][safepoint    ] Application time: 1.0035564 seconds
[2019-10-14T07:41:48.689+0000][1][safepoint    ] Entering safepoint region: Cleanup
[2019-10-14T07:41:48.692+0000][1][safepoint    ] Leaving safepoint region
[2019-10-14T07:41:48.694+0000][1][safepoint    ] Total time for which application threads were stopped: 0.0054125 seconds, Stopping threads took: 0.0026139 seconds
[2019-10-14T07:41:54.701+0000][1][safepoint    ] Application time: 6.0059179 seconds
[2019-10-14T07:41:54.702+0000][1][safepoint    ] Entering safepoint region: Cleanup
[2019-10-14T07:41:54.703+0000][1][safepoint    ] Leaving safepoint region
[2019-10-14T07:41:54.703+0000][1][safepoint    ] Total time for which application threads were stopped: 0.0012088 seconds, Stopping threads took: 0.0006494 seconds
[2019-10-14T07:41:56.704+0000][1][safepoint    ] Application time: 2.0003944 seconds
[2019-10-14T07:41:56.705+0000][1][safepoint    ] Entering safepoint region: Cleanup
[2019-10-14T07:41:56.706+0000][1][safepoint    ] Leaving safepoint region
[2019-10-14T07:41:56.706+0000][1][safepoint    ] Total time for which application threads were stopped: 0.0013174 seconds, Stopping threads took: 0.0006926 seconds
[2019-10-14T07:41:59.708+0000][1][safepoint    ] Application time: 3.0012036 seconds
[2019-10-14T07:41:59.708+0000][1][safepoint    ] Entering safepoint region: Cleanup
[2019-10-14T07:41:59.709+0000][1][safepoint    ] Leaving safepoint region
[2019-10-14T07:41:59.709+0000][1][safepoint    ] Total time for which application threads were stopped: 0.0009128 seconds, Stopping threads took: 0.0004944 seconds
[2019-10-14T07:42:00.710+0000][1][safepoint    ] Application time: 1.0002025 seconds
[2019-10-14T07:42:00.714+0000][1][safepoint    ] Entering safepoint region: Cleanup
[2019-10-14T07:42:00.715+0000][1][safepoint    ] Leaving safepoint region
[2019-10-14T07:42:00.715+0000][1][safepoint    ] Total time for which application threads were stopped: 0.0007954 seconds, Stopping threads took: 0.0004276 seconds
[2019-10-14T07:42:01.350+0000][1][safepoint    ] Application time: 0.6345799 seconds
[2019-10-14T07:42:01.356+0000][1][safepoint    ] Entering safepoint region: RevokeBias
[2019-10-14T07:42:01.365+0000][1][safepoint    ] Leaving safepoint region
[2019-10-14T07:42:01.368+0000][1][safepoint    ] Total time for which application threads were stopped: 0.0165931 seconds, Stopping threads took: 0.0067589 seconds
[2019-10-14T07:42:01.485+0000][1][safepoint    ] Application time: 0.1150784 seconds
[2019-10-14T07:42:01.486+0000][1][safepoint    ] Entering safepoint region: RevokeBias
[2019-10-14T07:42:01.487+0000][1][safepoint    ] Leaving safepoint region
[2019-10-14T07:42:01.487+0000][1][safepoint    ] Total time for which application threads were stopped: 0.0009918 seconds, Stopping threads took: 0.0004385 seconds
[2019-10-14T07:42:01.491+0000][1][safepoint    ] Application time: 0.0033396 seconds
[2019-10-14T07:42:01.492+0000][1][safepoint    ] Entering safepoint region: RevokeBias
[2019-10-14T07:42:01.493+0000][1][safepoint    ] Leaving safepoint region
[2019-10-14T07:42:01.494+0000][1][safepoint    ] Total time for which application threads were stopped: 0.0013845 seconds, Stopping threads took: 0.0008164 seconds
[2019-10-14T07:42:02.495+0000][1][safepoint    ] Application time: 1.0002620 seconds
[2019-10-14T07:42:02.496+0000][1][safepoint    ] Entering safepoint region: Cleanup
[2019-10-14T07:42:02.498+0000][1][safepoint    ] Leaving safepoint region
[2019-10-14T07:42:02.500+0000][1][safepoint    ] Total time for which application threads were stopped: 0.0040083 seconds, Stopping threads took: 0.0018750 seconds
[2019-10-14T07:42:03.479+0000][1][safepoint    ] Application time: 1.0001666 seconds
[2019-10-14T07:42:03.480+0000][1][safepoint    ] Entering safepoint region: Cleanup
[2019-10-14T07:42:03.480+0000][1][safepoint    ] Leaving safepoint region
[2019-10-14T07:42:03.481+0000][1][safepoint    ] Total time for which application threads were stopped: 0.0009892 seconds, Stopping threads took: 0.0005149 seconds
[2019-10-14T07:42:04.481+0000][1][safepoint    ] Application time: 1.0003443 seconds
[2019-10-14T07:42:04.482+0000][1][safepoint    ] Entering safepoint region: Cleanup
[2019-10-14T07:42:04.483+0000][1][safepoint    ] Leaving safepoint region
[2019-10-14T07:42:04.484+0000][1][safepoint    ] Total time for which application threads were stopped: 0.0020846 seconds, Stopping threads took: 0.0008487 seconds
[2019-10-14T07:42:05.485+0000][1][safepoint    ] Application time: 1.0001902 seconds
[2019-10-14T07:42:05.486+0000][1][safepoint    ] Entering safepoint region: Cleanup
[2019-10-14T07:42:05.486+0000][1][safepoint    ] Leaving safepoint region
[2019-10-14T07:42:05.487+0000][1][safepoint    ] Total time for which application threads were stopped: 0.0009085 seconds, Stopping threads took: 0.0004333 seconds
[2019-10-14T07:42:06.487+0000][1][safepoint    ] Application time: 1.0001295 seconds
[2019-10-14T07:42:06.488+0000][1][safepoint    ] Entering safepoint region: Cleanup
[2019-10-14T07:42:06.488+0000][1][safepoint    ] Leaving safepoint region
[2019-10-14T07:42:06.489+0000][1][safepoint    ] Total time for which application threads were stopped: 0.0010394 seconds, Stopping threads took: 0.0005374 seconds
[2019-10-14T07:42:07.491+0000][1][safepoint    ] Application time: 1.0007452 seconds
[2019-10-14T07:42:07.492+0000][1][safepoint    ] Entering safepoint region: Cleanup
[2019-10-14T07:42:07.492+0000][1][safepoint    ] Leaving safepoint region
[2019-10-14T07:42:07.493+0000][1][safepoint    ] Total time for which application threads were stopped: 0.0014189 seconds, Stopping threads took: 0.0005762 seconds
[2019-10-14T07:42:08.495+0000][1][safepoint    ] Application time: 1.0001797 seconds
[2019-10-14T07:42:08.495+0000][1][safepoint    ] Entering safepoint region: Cleanup
[2019-10-14T07:42:08.496+0000][1][safepoint    ] Leaving safepoint region
[2019-10-14T07:42:08.496+0000][1][safepoint    ] Total time for which application threads were stopped: 0.0010703 seconds, Stopping threads took: 0.0004653 seconds
[2019-10-14T07:42:09.498+0000][1][safepoint    ] Application time: 1.0007311 seconds
[2019-10-14T07:42:09.499+0000][1][safepoint    ] Entering safepoint region: Cleanup
[2019-10-14T07:42:09.501+0000][1][safepoint    ] Leaving safepoint region
[2019-10-14T07:42:09.503+0000][1][safepoint    ] Total time for which application threads were stopped: 0.0047228 seconds, Stopping threads took: 0.0019096 seconds
[2019-10-14T07:42:10.507+0000][1][safepoint    ] Application time: 1.0002903 seconds
[2019-10-14T07:42:10.508+0000][1][safepoint    ] Entering safepoint region: Cleanup
[2019-10-14T07:42:10.509+0000][1][safepoint    ] Leaving safepoint region
[2019-10-14T07:42:10.509+0000][1][safepoint    ] Total time for which application threads were stopped: 0.0012626 seconds, Stopping threads took: 0.0005962 seconds
[2019-10-14T07:42:11.482+0000][1][safepoint    ] Application time: 0.9722422 seconds
[2019-10-14T07:42:11.482+0000][1][safepoint    ] Entering safepoint region: RevokeBias
[2019-10-14T07:42:11.483+0000][1][safepoint    ] Leaving safepoint region
[2019-10-14T07:42:11.483+0000][1][safepoint    ] Total time for which application threads were stopped: 0.0007843 seconds, Stopping threads took: 0.0002528 seconds
[2019-10-14T07:42:12.484+0000][1][safepoint    ] Application time: 1.0006057 seconds
[2019-10-14T07:42:12.485+0000][1][safepoint    ] Entering safepoint region: Cleanup
[2019-10-14T07:42:12.486+0000][1][safepoint    ] Leaving safepoint region
[2019-10-14T07:42:12.487+0000][1][safepoint    ] Total time for which application threads were stopped: 0.0016435 seconds, Stopping threads took: 0.0007319 seconds
[2019-10-14T07:42:13.488+0000][1][safepoint    ] Application time: 1.0003559 seconds
[2019-10-14T07:42:13.488+0000][1][safepoint    ] Entering safepoint region: Cleanup
[2019-10-14T07:42:13.489+0000][1][safepoint    ] Leaving safepoint region
[2019-10-14T07:42:13.490+0000][1][safepoint    ] Total time for which application threads were stopped: 0.0012952 seconds, Stopping threads took: 0.0006396 seconds
[2019-10-14T07:42:14.491+0000][1][safepoint    ] Application time: 1.0013199 seconds
[2019-10-14T07:42:14.492+0000][1][safepoint    ] Entering safepoint region: Cleanup
[2019-10-14T07:42:14.493+0000][1][safepoint    ] Leaving safepoint region
[2019-10-14T07:42:14.493+0000][1][safepoint    ] Total time for which application threads were stopped: 0.0012219 seconds, Stopping threads took: 0.0004886 seconds
[2019-10-14T07:42:15.495+0000][1][safepoint    ] Application time: 1.0014908 seconds
[2019-10-14T07:42:15.497+0000][1][safepoint    ] Entering safepoint region: Cleanup
[2019-10-14T07:42:15.498+0000][1][safepoint    ] Leaving safepoint region
[2019-10-14T07:42:15.498+0000][1][safepoint    ] Total time for which application threads were stopped: 0.0014721 seconds, Stopping threads took: 0.0006318 seconds
[2019-10-14T07:42:16.500+0000][1][safepoint    ] Application time: 1.0007313 seconds
[2019-10-14T07:42:16.501+0000][1][safepoint    ] Entering safepoint region: Cleanup
[2019-10-14T07:42:16.501+0000][1][safepoint    ] Leaving safepoint region
[2019-10-14T07:42:16.502+0000][1][safepoint    ] Total time for which application threads were stopped: 0.0012664 seconds, Stopping threads took: 0.0006889 seconds
[2019-10-14T07:42:17.502+0000][1][safepoint    ] Application time: 1.0001800 seconds
[2019-10-14T07:42:17.503+0000][1][safepoint    ] Entering safepoint region: Cleanup
[2019-10-14T07:42:17.505+0000][1][safepoint    ] Leaving safepoint region
[2019-10-14T07:42:17.505+0000][1][safepoint    ] Total time for which application threads were stopped: 0.0019642 seconds, Stopping threads took: 0.0013409 seconds
[2019-10-14T07:42:18.506+0000][1][safepoint    ] Application time: 1.0007801 seconds
[2019-10-14T07:42:18.507+0000][1][safepoint    ] Entering safepoint region: Cleanup
[2019-10-14T07:42:18.508+0000][1][safepoint    ] Leaving safepoint region
[2019-10-14T07:42:18.509+0000][1][safepoint    ] Total time for which application threads were stopped: 0.0023645 seconds, Stopping threads took: 0.0006659 seconds
[2019-10-14T07:42:19.510+0000][1][safepoint    ] Application time: 1.0003133 seconds
[2019-10-14T07:42:19.511+0000][1][safepoint    ] Entering safepoint region: Cleanup
[2019-10-14T07:42:19.512+0000][1][safepoint    ] Leaving safepoint region
[2019-10-14T07:42:19.512+0000][1][safepoint    ] Total time for which application threads were stopped: 0.0015710 seconds, Stopping threads took: 0.0007060 seconds
[2019-10-14T07:42:20.515+0000][1][safepoint    ] Application time: 1.0014372 seconds
[2019-10-14T07:42:20.516+0000][1][safepoint    ] Entering safepoint region: Cleanup
[2019-10-14T07:42:20.517+0000][1][safepoint    ] Leaving safepoint region
[2019-10-14T07:42:20.518+0000][1][safepoint    ] Total time for which application threads were stopped: 0.0023147 seconds, Stopping threads took: 0.0011980 seconds
[2019-10-14T07:42:21.520+0000][1][safepoint    ] Application time: 1.0022038 seconds
[2019-10-14T07:42:21.521+0000][1][safepoint    ] Entering safepoint region: Cleanup
[2019-10-14T07:42:21.522+0000][1][safepoint    ] Leaving safepoint region
[2019-10-14T07:42:21.522+0000][1][safepoint    ] Total time for which application threads were stopped: 0.0012629 seconds, Stopping threads took: 0.0006203 seconds
[2019-10-14T07:42:22.524+0000][1][safepoint    ] Application time: 1.0006335 seconds
[2019-10-14T07:42:22.524+0000][1][safepoint    ] Entering safepoint region: Cleanup
[2019-10-14T07:42:22.525+0000][1][safepoint    ] Leaving safepoint region
[2019-10-14T07:42:22.526+0000][1][safepoint    ] Total time for which application threads were stopped: 0.0013546 seconds, Stopping threads took: 0.0006238 seconds
[2019-10-14T07:42:23.527+0000][1][safepoint    ] Application time: 1.0003660 seconds
[2019-10-14T07:42:23.527+0000][1][safepoint    ] Entering safepoint region: Cleanup
[2019-10-14T07:42:23.528+0000][1][safepoint    ] Leaving safepoint region
[2019-10-14T07:42:23.528+0000][1][safepoint    ] Total time for which application threads were stopped: 0.0010184 seconds, Stopping threads took: 0.0004995 seconds
[2019-10-14T07:42:24.530+0000][1][safepoint    ] Application time: 1.0009135 seconds
[2019-10-14T07:42:24.531+0000][1][safepoint    ] Entering safepoint region: Cleanup
[2019-10-14T07:42:24.531+0000][1][safepoint    ] Leaving safepoint region
[2019-10-14T07:42:24.531+0000][1][safepoint    ] Total time for which application threads were stopped: 0.0009319 seconds, Stopping threads took: 0.0004583 seconds
[2019-10-14T07:42:25.532+0000][1][safepoint    ] Application time: 1.0002243 seconds
[2019-10-14T07:42:25.533+0000][1][safepoint    ] Entering safepoint region: Cleanup
[2019-10-14T07:42:25.533+0000][1][safepoint    ] Leaving safepoint region
[2019-10-14T07:42:25.533+0000][1][safepoint    ] Total time for which application threads were stopped: 0.0009019 seconds, Stopping threads took: 0.0003766 seconds
[2019-10-14T07:42:26.534+0000][1][safepoint    ] Application time: 1.0005596 seconds
[2019-10-14T07:42:26.535+0000][1][safepoint    ] Entering safepoint region: Cleanup
[2019-10-14T07:42:26.536+0000][1][safepoint    ] Leaving safepoint region
[2019-10-14T07:42:26.536+0000][1][safepoint    ] Total time for which application threads were stopped: 0.0009384 seconds, Stopping threads took: 0.0005125 seconds
[2019-10-14T07:42:27.537+0000][1][safepoint    ] Application time: 1.0009324 seconds
[2019-10-14T07:42:27.538+0000][1][safepoint    ] Entering safepoint region: Cleanup
[2019-10-14T07:42:27.538+0000][1][safepoint    ] Leaving safepoint region
[2019-10-14T07:42:27.539+0000][1][safepoint    ] Total time for which application threads were stopped: 0.0012559 seconds, Stopping threads took: 0.0007181 seconds
[2019-10-14T07:42:28.539+0000][1][safepoint    ] Application time: 1.0002922 seconds
[2019-10-14T07:42:28.541+0000][1][safepoint    ] Entering safepoint region: Cleanup
[2019-10-14T07:42:28.542+0000][1][safepoint    ] Leaving safepoint region
[2019-10-14T07:42:28.542+0000][1][safepoint    ] Total time for which application threads were stopped: 0.0012720 seconds, Stopping threads took: 0.0007452 seconds
[2019-10-14T07:42:29.543+0000][1][safepoint    ] Application time: 1.0005408 seconds
[2019-10-14T07:42:29.543+0000][1][safepoint    ] Entering safepoint region: Cleanup
[2019-10-14T07:42:29.544+0000][1][safepoint    ] Leaving safepoint region
[2019-10-14T07:42:29.544+0000][1][safepoint    ] Total time for which application threads were stopped: 0.0005588 seconds, Stopping threads took: 0.0002656 seconds
[2019-10-14T07:42:30.544+0000][1][safepoint    ] Application time: 1.0001449 seconds
[2019-10-14T07:42:30.545+0000][1][safepoint    ] Entering safepoint region: Cleanup
[2019-10-14T07:42:30.545+0000][1][safepoint    ] Leaving safepoint region
[2019-10-14T07:42:30.545+0000][1][safepoint    ] Total time for which application threads were stopped: 0.0005536 seconds, Stopping threads took: 0.0002427 seconds
[2019-10-14T07:42:31.546+0000][1][safepoint    ] Application time: 1.0003615 seconds
[2019-10-14T07:42:31.547+0000][1][safepoint    ] Entering safepoint region: Cleanup
[2019-10-14T07:42:31.547+0000][1][safepoint    ] Leaving safepoint region
[2019-10-14T07:42:31.547+0000][1][safepoint    ] Total time for which application threads were stopped: 0.0008854 seconds, Stopping threads took: 0.0003647 seconds
[2019-10-14T07:42:32.548+0000][1][safepoint    ] Application time: 1.0005541 seconds
[2019-10-14T07:42:32.554+0000][1][safepoint    ] Entering safepoint region: Cleanup
[2019-10-14T07:42:32.555+0000][1][safepoint    ] Leaving safepoint region
[2019-10-14T07:42:32.555+0000][1][safepoint    ] Total time for which application threads were stopped: 0.0012981 seconds, Stopping threads took: 0.0006785 seconds
[2019-10-14T07:42:33.535+0000][1][safepoint    ] Application time: 1.0005955 seconds
[2019-10-14T07:42:33.536+0000][1][safepoint    ] Entering safepoint region: Cleanup
[2019-10-14T07:42:33.537+0000][1][safepoint    ] Leaving safepoint region
[2019-10-14T07:42:33.537+0000][1][safepoint    ] Total time for which application threads were stopped: 0.0012326 seconds, Stopping threads took: 0.0007265 seconds
[2019-10-14T07:42:34.539+0000][1][safepoint    ] Application time: 1.0005287 seconds
[2019-10-14T07:42:34.539+0000][1][safepoint    ] Entering safepoint region: Cleanup
[2019-10-14T07:42:34.540+0000][1][safepoint    ] Leaving safepoint region
[2019-10-14T07:42:34.540+0000][1][safepoint    ] Total time for which application threads were stopped: 0.0007852 seconds, Stopping threads took: 0.0003844 seconds
[2019-10-14T07:42:35.540+0000][1][safepoint    ] Application time: 1.0001697 seconds
[2019-10-14T07:42:35.541+0000][1][safepoint    ] Entering safepoint region: Cleanup
[2019-10-14T07:42:35.541+0000][1][safepoint    ] Leaving safepoint region
[2019-10-14T07:42:35.542+0000][1][safepoint    ] Total time for which application threads were stopped: 0.0006676 seconds, Stopping threads took: 0.0003192 seconds
[2019-10-14T07:42:36.542+0000][1][safepoint    ] Application time: 1.0002156 seconds
[2019-10-14T07:42:36.543+0000][1][safepoint    ] Entering safepoint region: Cleanup
[2019-10-14T07:42:36.544+0000][1][safepoint    ] Leaving safepoint region
[2019-10-14T07:42:36.544+0000][1][safepoint    ] Total time for which application threads were stopped: 0.0011689 seconds, Stopping threads took: 0.0006142 seconds
[2019-10-14T07:42:37.545+0000][1][safepoint    ] Application time: 1.0010048 seconds
[2019-10-14T07:42:37.546+0000][1][safepoint    ] Entering safepoint region: Cleanup
[2019-10-14T07:42:37.547+0000][1][safepoint    ] Leaving safepoint region
[2019-10-14T07:42:37.547+0000][1][safepoint    ] Total time for which application threads were stopped: 0.0013249 seconds, Stopping threads took: 0.0005592 seconds
[2019-10-14T07:42:38.549+0000][1][safepoint    ] Application time: 1.0010430 seconds
[2019-10-14T07:42:38.550+0000][1][safepoint    ] Entering safepoint region: Cleanup
[2019-10-14T07:42:38.551+0000][1][safepoint    ] Leaving safepoint region
[2019-10-14T07:42:38.551+0000][1][safepoint    ] Total time for which application threads were stopped: 0.0008960 seconds, Stopping threads took: 0.0004506 seconds
[2019-10-14T07:42:39.553+0000][1][safepoint    ] Application time: 1.0011635 seconds
[2019-10-14T07:42:39.553+0000][1][safepoint    ] Entering safepoint region: Cleanup
[2019-10-14T07:42:39.554+0000][1][safepoint    ] Leaving safepoint region
[2019-10-14T07:42:39.554+0000][1][safepoint    ] Total time for which application threads were stopped: 0.0006089 seconds, Stopping threads took: 0.0002910 seconds
[2019-10-14T07:42:40.555+0000][1][safepoint    ] Application time: 1.0007149 seconds
[2019-10-14T07:42:40.556+0000][1][safepoint    ] Entering safepoint region: Cleanup
[2019-10-14T07:42:40.557+0000][1][safepoint    ] Leaving safepoint region
[2019-10-14T07:42:40.557+0000][1][safepoint    ] Total time for which application threads were stopped: 0.0014618 seconds, Stopping threads took: 0.0009258 seconds
[2019-10-14T07:42:41.031+0000][1][safepoint    ] Application time: 0.4737339 seconds
[2019-10-14T07:42:41.032+0000][1][safepoint    ] Entering safepoint region: RevokeBias
[2019-10-14T07:42:41.033+0000][1][safepoint    ] Leaving safepoint region
[2019-10-14T07:42:41.033+0000][1][safepoint    ] Total time for which application threads were stopped: 0.0007749 seconds, Stopping threads took: 0.0003265 seconds
[2019-10-14T07:42:41.475+0000][1][safepoint    ] Application time: 0.4414345 seconds
[2019-10-14T07:42:41.476+0000][1][safepoint    ] Entering safepoint region: RevokeBias
[2019-10-14T07:42:41.477+0000][1][safepoint    ] Leaving safepoint region
[2019-10-14T07:42:41.477+0000][1][safepoint    ] Total time for which application threads were stopped: 0.0011118 seconds, Stopping threads took: 0.0006198 seconds
[2019-10-14T07:42:42.478+0000][1][safepoint    ] Application time: 1.0004091 seconds
[2019-10-14T07:42:42.478+0000][1][safepoint    ] Entering safepoint region: Cleanup
[2019-10-14T07:42:42.479+0000][1][safepoint    ] Leaving safepoint region
[2019-10-14T07:42:42.479+0000][1][safepoint    ] Total time for which application threads were stopped: 0.0009763 seconds, Stopping threads took: 0.0004288 seconds
[2019-10-14T07:42:43.481+0000][1][safepoint    ] Application time: 1.0005927 seconds
[2019-10-14T07:42:43.481+0000][1][safepoint    ] Entering safepoint region: Cleanup
[2019-10-14T07:42:43.481+0000][1][safepoint    ] Leaving safepoint region
[2019-10-14T07:42:43.482+0000][1][safepoint    ] Total time for which application threads were stopped: 0.0007343 seconds, Stopping threads took: 0.0003370 seconds
[2019-10-14T07:42:44.483+0000][1][safepoint    ] Application time: 1.0005103 seconds
[2019-10-14T07:42:44.483+0000][1][safepoint    ] Entering safepoint region: Cleanup
[2019-10-14T07:42:44.484+0000][1][safepoint    ] Leaving safepoint region
[2019-10-14T07:42:44.485+0000][1][safepoint    ] Total time for which application threads were stopped: 0.0014062 seconds, Stopping threads took: 0.0006277 seconds
[2019-10-14T07:42:45.214+0000][1][safepoint    ] Application time: 0.7287603 seconds
[2019-10-14T07:42:45.214+0000][1][safepoint    ] Entering safepoint region: GenCollectForAllocation
[2019-10-14T07:42:45.215+0000][1][gc,start     ] GC(32) Pause Young (Allocation Failure)
[2019-10-14T07:42:45.215+0000][1][gc,task      ] GC(32) Using 2 workers of 2 for evacuation
[2019-10-14T07:42:45.221+0000][1][gc,age       ] GC(32) Desired survivor size 4456448 bytes, new threshold 6 (max threshold 6)
[2019-10-14T07:42:45.222+0000][1][gc,age       ] GC(32) Age table with threshold 6 (max threshold 6)
[2019-10-14T07:42:45.222+0000][1][gc,age       ] GC(32) - age   1:     136368 bytes,     136368 total
[2019-10-14T07:42:45.222+0000][1][gc,age       ] GC(32) - age   2:      90712 bytes,     227080 total
[2019-10-14T07:42:45.223+0000][1][gc,age       ] GC(32) - age   3:       9328 bytes,     236408 total
[2019-10-14T07:42:45.223+0000][1][gc,age       ] GC(32) - age   4:     319248 bytes,     555656 total
[2019-10-14T07:42:45.223+0000][1][gc,age       ] GC(32) - age   5:     260416 bytes,     816072 total
[2019-10-14T07:42:45.224+0000][1][gc,age       ] GC(32) - age   6:     520112 bytes,    1336184 total
[2019-10-14T07:42:45.224+0000][1][gc,heap      ] GC(32) ParNew: 71646K->1400K(78656K)
[2019-10-14T07:42:45.225+0000][1][gc,heap      ] GC(32) CMS: 71066K->71144K(174784K)
[2019-10-14T07:42:45.226+0000][1][gc,metaspace ] GC(32) Metaspace: 80593K->80593K(1122304K)
[2019-10-14T07:42:45.227+0000][1][gc           ] GC(32) Pause Young (Allocation Failure) 139M->70M(247M) 11.783ms
[2019-10-14T07:42:45.227+0000][1][gc,cpu       ] GC(32) User=0.00s Sys=0.01s Real=0.02s
[2019-10-14T07:42:45.227+0000][1][safepoint    ] Leaving safepoint region
[2019-10-14T07:42:45.228+0000][1][safepoint    ] Total time for which application threads were stopped: 0.0133212 seconds, Stopping threads took: 0.0003743 seconds
[2019-10-14T07:42:46.228+0000][1][safepoint    ] Application time: 1.0003449 seconds
[2019-10-14T07:42:46.229+0000][1][safepoint    ] Entering safepoint region: Cleanup
[2019-10-14T07:42:46.229+0000][1][safepoint    ] Leaving safepoint region
[2019-10-14T07:42:46.234+0000][1][safepoint    ] Total time for which application threads were stopped: 0.0053453 seconds, Stopping threads took: 0.0003976 seconds
[2019-10-14T07:42:47.245+0000][1][safepoint    ] Application time: 1.0005372 seconds
[2019-10-14T07:42:47.246+0000][1][safepoint    ] Entering safepoint region: Cleanup
[2019-10-14T07:42:47.247+0000][1][safepoint    ] Leaving safepoint region
[2019-10-14T07:42:47.248+0000][1][safepoint    ] Total time for which application threads were stopped: 0.0022879 seconds, Stopping threads took: 0.0010730 seconds
[2019-10-14T07:42:48.250+0000][1][safepoint    ] Application time: 1.0009427 seconds
[2019-10-14T07:42:48.251+0000][1][safepoint    ] Entering safepoint region: Cleanup
[2019-10-14T07:42:48.252+0000][1][safepoint    ] Leaving safepoint region
[2019-10-14T07:42:48.252+0000][1][safepoint    ] Total time for which application threads were stopped: 0.0011555 seconds, Stopping threads took: 0.0005750 seconds
[2019-10-14T07:42:49.253+0000][1][safepoint    ] Application time: 1.0003472 seconds
[2019-10-14T07:42:49.253+0000][1][safepoint    ] Entering safepoint region: Cleanup
[2019-10-14T07:42:49.254+0000][1][safepoint    ] Leaving safepoint region
[2019-10-14T07:42:49.254+0000][1][safepoint    ] Total time for which application threads were stopped: 0.0009437 seconds, Stopping threads took: 0.0005296 seconds
[2019-10-14T07:42:50.255+0000][1][safepoint    ] Application time: 1.0004719 seconds
[2019-10-14T07:42:50.256+0000][1][safepoint    ] Entering safepoint region: Cleanup
[2019-10-14T07:42:50.257+0000][1][safepoint    ] Leaving safepoint region
[2019-10-14T07:42:50.257+0000][1][safepoint    ] Total time for which application threads were stopped: 0.0015107 seconds, Stopping threads took: 0.0005360 seconds
[2019-10-14T07:42:51.259+0000][1][safepoint    ] Application time: 1.0005255 seconds
[2019-10-14T07:42:51.260+0000][1][safepoint    ] Entering safepoint region: Cleanup
[2019-10-14T07:42:51.262+0000][1][safepoint    ] Leaving safepoint region
[2019-10-14T07:42:51.262+0000][1][safepoint    ] Total time for which application threads were stopped: 0.0024966 seconds, Stopping threads took: 0.0018211 seconds
[2019-10-14T07:42:51.595+0000][1][safepoint    ] Application time: 0.3319485 seconds
[2019-10-14T07:42:51.595+0000][1][safepoint    ] Entering safepoint region: RevokeBias
[2019-10-14T07:42:51.596+0000][1][safepoint    ] Leaving safepoint region
[2019-10-14T07:42:51.596+0000][1][safepoint    ] Total time for which application threads were stopped: 0.0010123 seconds, Stopping threads took: 0.0003870 seconds
[2019-10-14T07:42:51.597+0000][1][safepoint    ] Application time: 0.0001861 seconds
[2019-10-14T07:42:51.597+0000][1][safepoint    ] Entering safepoint region: RevokeBias
[2019-10-14T07:42:51.598+0000][1][safepoint    ] Leaving safepoint region
[2019-10-14T07:42:51.598+0000][1][safepoint    ] Total time for which application threads were stopped: 0.0007770 seconds, Stopping threads took: 0.0004479 seconds
[2019-10-14T07:42:51.599+0000][1][safepoint    ] Application time: 0.0003375 seconds
[2019-10-14T07:42:51.599+0000][1][safepoint    ] Entering safepoint region: RevokeBias
[2019-10-14T07:42:51.600+0000][1][safepoint    ] Leaving safepoint region
[2019-10-14T07:42:51.600+0000][1][safepoint    ] Total time for which application threads were stopped: 0.0011211 seconds, Stopping threads took: 0.0004452 seconds
[2019-10-14T07:42:51.601+0000][1][safepoint    ] Application time: 0.0004829 seconds
[2019-10-14T07:42:51.602+0000][1][safepoint    ] Entering safepoint region: RevokeBias
[2019-10-14T07:42:51.602+0000][1][safepoint    ] Leaving safepoint region
[2019-10-14T07:42:51.602+0000][1][safepoint    ] Total time for which application threads were stopped: 0.0008055 seconds, Stopping threads took: 0.0003527 seconds
[2019-10-14T07:42:51.603+0000][1][safepoint    ] Application time: 0.0002120 seconds
[2019-10-14T07:42:51.603+0000][1][safepoint    ] Entering safepoint region: BulkRevokeBias
[2019-10-14T07:42:51.606+0000][1][safepoint    ] Leaving safepoint region
[2019-10-14T07:42:51.606+0000][1][safepoint    ] Total time for which application threads were stopped: 0.0029853 seconds, Stopping threads took: 0.0003920 seconds
[2019-10-14T07:42:52.607+0000][1][safepoint    ] Application time: 1.0005112 seconds
[2019-10-14T07:42:52.608+0000][1][safepoint    ] Entering safepoint region: Cleanup
[2019-10-14T07:42:52.609+0000][1][safepoint    ] Leaving safepoint region
[2019-10-14T07:42:52.609+0000][1][safepoint    ] Total time for which application threads were stopped: 0.0010031 seconds, Stopping threads took: 0.0004558 seconds
[2019-10-14T07:42:53.612+0000][1][safepoint    ] Application time: 1.0001986 seconds
[2019-10-14T07:42:53.613+0000][1][safepoint    ] Entering safepoint region: Cleanup
[2019-10-14T07:42:53.614+0000][1][safepoint    ] Leaving safepoint region
[2019-10-14T07:42:53.614+0000][1][safepoint    ] Total time for which application threads were stopped: 0.0010901 seconds, Stopping threads took: 0.0004915 seconds
[2019-10-14T07:42:54.615+0000][1][safepoint    ] Application time: 1.0003052 seconds
[2019-10-14T07:42:54.616+0000][1][safepoint    ] Entering safepoint region: Cleanup
[2019-10-14T07:42:54.617+0000][1][safepoint    ] Leaving safepoint region
[2019-10-14T07:42:54.619+0000][1][safepoint    ] Total time for which application threads were stopped: 0.0029656 seconds, Stopping threads took: 0.0009568 seconds
[2019-10-14T07:42:55.620+0000][1][safepoint    ] Application time: 1.0007024 seconds
[2019-10-14T07:42:55.623+0000][1][safepoint    ] Entering safepoint region: Cleanup
[2019-10-14T07:42:55.623+0000][1][safepoint    ] Leaving safepoint region
[2019-10-14T07:42:55.624+0000][1][safepoint    ] Total time for which application threads were stopped: 0.0013569 seconds, Stopping threads took: 0.0007344 seconds
[2019-10-14T07:42:56.625+0000][1][safepoint    ] Application time: 1.0006618 seconds
[2019-10-14T07:42:56.627+0000][1][safepoint    ] Entering safepoint region: Cleanup
[2019-10-14T07:42:56.627+0000][1][safepoint    ] Leaving safepoint region
[2019-10-14T07:42:56.628+0000][1][safepoint    ] Total time for which application threads were stopped: 0.0010720 seconds, Stopping threads took: 0.0004916 seconds
[2019-10-14T07:42:57.632+0000][1][safepoint    ] Application time: 1.0034783 seconds
[2019-10-14T07:42:57.633+0000][1][safepoint    ] Entering safepoint region: Cleanup
[2019-10-14T07:42:57.634+0000][1][safepoint    ] Leaving safepoint region
[2019-10-14T07:42:57.634+0000][1][safepoint    ] Total time for which application threads were stopped: 0.0013767 seconds, Stopping threads took: 0.0009006 seconds
[2019-10-14T07:42:58.635+0000][1][safepoint    ] Application time: 1.0005685 seconds
[2019-10-14T07:42:58.637+0000][1][safepoint    ] Entering safepoint region: Cleanup
[2019-10-14T07:42:58.637+0000][1][safepoint    ] Leaving safepoint region
[2019-10-14T07:42:58.638+0000][1][safepoint    ] Total time for which application threads were stopped: 0.0011792 seconds, Stopping threads took: 0.0006086 seconds
[2019-10-14T07:42:59.639+0000][1][safepoint    ] Application time: 1.0007231 seconds
[2019-10-14T07:42:59.640+0000][1][safepoint    ] Entering safepoint region: Cleanup
[2019-10-14T07:42:59.641+0000][1][safepoint    ] Leaving safepoint region
[2019-10-14T07:42:59.641+0000][1][safepoint    ] Total time for which application threads were stopped: 0.0010915 seconds, Stopping threads took: 0.0005164 seconds
[2019-10-14T07:43:00.642+0000][1][safepoint    ] Application time: 1.0001531 seconds
[2019-10-14T07:43:00.643+0000][1][safepoint    ] Entering safepoint region: Cleanup
[2019-10-14T07:43:00.644+0000][1][safepoint    ] Leaving safepoint region
[2019-10-14T07:43:00.644+0000][1][safepoint    ] Total time for which application threads were stopped: 0.0012421 seconds, Stopping threads took: 0.0007724 seconds
[2019-10-14T07:43:01.645+0000][1][safepoint    ] Application time: 1.0005006 seconds
[2019-10-14T07:43:01.646+0000][1][safepoint    ] Entering safepoint region: Cleanup
[2019-10-14T07:43:01.647+0000][1][safepoint    ] Leaving safepoint region
[2019-10-14T07:43:01.647+0000][1][safepoint    ] Total time for which application threads were stopped: 0.0011510 seconds, Stopping threads took: 0.0006692 seconds
[2019-10-14T07:43:02.649+0000][1][safepoint    ] Application time: 1.0009870 seconds
[2019-10-14T07:43:02.649+0000][1][safepoint    ] Entering safepoint region: Cleanup
[2019-10-14T07:43:02.650+0000][1][safepoint    ] Leaving safepoint region
[2019-10-14T07:43:02.650+0000][1][safepoint    ] Total time for which application threads were stopped: 0.0011128 seconds, Stopping threads took: 0.0005725 seconds
[2019-10-14T07:43:03.630+0000][1][safepoint    ] Application time: 1.0001890 seconds
[2019-10-14T07:43:03.630+0000][1][safepoint    ] Entering safepoint region: Cleanup
[2019-10-14T07:43:03.631+0000][1][safepoint    ] Leaving safepoint region
[2019-10-14T07:43:03.632+0000][1][safepoint    ] Total time for which application threads were stopped: 0.0012848 seconds, Stopping threads took: 0.0005965 seconds
[2019-10-14T07:43:04.633+0000][1][safepoint    ] Application time: 1.0011629 seconds
[2019-10-14T07:43:04.634+0000][1][safepoint    ] Entering safepoint region: Cleanup
[2019-10-14T07:43:04.634+0000][1][safepoint    ] Leaving safepoint region
[2019-10-14T07:43:04.635+0000][1][safepoint    ] Total time for which application threads were stopped: 0.0010455 seconds, Stopping threads took: 0.0004876 seconds
[2019-10-14T07:43:05.637+0000][1][safepoint    ] Application time: 1.0009040 seconds
[2019-10-14T07:43:05.638+0000][1][safepoint    ] Entering safepoint region: Cleanup
[2019-10-14T07:43:05.638+0000][1][safepoint    ] Leaving safepoint region
[2019-10-14T07:43:05.639+0000][1][safepoint    ] Total time for which application threads were stopped: 0.0010419 seconds, Stopping threads took: 0.0005291 seconds
[2019-10-14T07:43:06.640+0000][1][safepoint    ] Application time: 1.0008598 seconds
[2019-10-14T07:43:06.643+0000][1][safepoint    ] Entering safepoint region: Cleanup
[2019-10-14T07:43:06.645+0000][1][safepoint    ] Leaving safepoint region
[2019-10-14T07:43:06.645+0000][1][safepoint    ] Total time for which application threads were stopped: 0.0023266 seconds, Stopping threads took: 0.0017544 seconds
[2019-10-14T07:43:07.646+0000][1][safepoint    ] Application time: 1.0001661 seconds
[2019-10-14T07:43:07.646+0000][1][safepoint    ] Entering safepoint region: Cleanup
[2019-10-14T07:43:07.648+0000][1][safepoint    ] Leaving safepoint region
[2019-10-14T07:43:07.648+0000][1][safepoint    ] Total time for which application threads were stopped: 0.0020162 seconds, Stopping threads took: 0.0012641 seconds
[2019-10-14T07:43:08.651+0000][1][safepoint    ] Application time: 1.0018912 seconds
[2019-10-14T07:43:08.651+0000][1][safepoint    ] Entering safepoint region: Cleanup
[2019-10-14T07:43:08.651+0000][1][safepoint    ] Leaving safepoint region
[2019-10-14T07:43:08.652+0000][1][safepoint    ] Total time for which application threads were stopped: 0.0008353 seconds, Stopping threads took: 0.0003844 seconds
[2019-10-14T07:43:09.654+0000][1][safepoint    ] Application time: 1.0019570 seconds
[2019-10-14T07:43:09.656+0000][1][safepoint    ] Entering safepoint region: Cleanup
[2019-10-14T07:43:09.656+0000][1][safepoint    ] Leaving safepoint region
[2019-10-14T07:43:09.656+0000][1][safepoint    ] Total time for which application threads were stopped: 0.0008726 seconds, Stopping threads took: 0.0003999 seconds
[2019-10-14T07:43:10.659+0000][1][safepoint    ] Application time: 1.0019363 seconds
[2019-10-14T07:43:10.670+0000][1][safepoint    ] Entering safepoint region: Cleanup
[2019-10-14T07:43:10.678+0000][1][safepoint    ] Leaving safepoint region
[2019-10-14T07:43:10.680+0000][1][safepoint    ] Total time for which application threads were stopped: 0.0091206 seconds, Stopping threads took: 0.0075401 seconds
[2019-10-14T07:43:11.460+0000][1][safepoint    ] Application time: 0.7787612 seconds
[2019-10-14T07:43:11.460+0000][1][safepoint    ] Entering safepoint region: RevokeBias
[2019-10-14T07:43:11.461+0000][1][safepoint    ] Leaving safepoint region
[2019-10-14T07:43:11.461+0000][1][safepoint    ] Total time for which application threads were stopped: 0.0007966 seconds, Stopping threads took: 0.0004120 seconds
[2019-10-14T07:43:12.462+0000][1][safepoint    ] Application time: 1.0009175 seconds
[2019-10-14T07:43:12.463+0000][1][safepoint    ] Entering safepoint region: Cleanup
[2019-10-14T07:43:12.465+0000][1][safepoint    ] Leaving safepoint region
[2019-10-14T07:43:12.471+0000][1][safepoint    ] Total time for which application threads were stopped: 0.0074717 seconds, Stopping threads took: 0.0008322 seconds
[2019-10-14T07:43:13.473+0000][1][safepoint    ] Application time: 1.0014466 seconds
[2019-10-14T07:43:13.474+0000][1][safepoint    ] Entering safepoint region: Cleanup
[2019-10-14T07:43:13.475+0000][1][safepoint    ] Leaving safepoint region
[2019-10-14T07:43:13.476+0000][1][safepoint    ] Total time for which application threads were stopped: 0.0017841 seconds, Stopping threads took: 0.0007260 seconds
[2019-10-14T07:43:14.476+0000][1][safepoint    ] Application time: 1.0002065 seconds
[2019-10-14T07:43:14.477+0000][1][safepoint    ] Entering safepoint region: Cleanup
[2019-10-14T07:43:14.477+0000][1][safepoint    ] Leaving safepoint region
[2019-10-14T07:43:14.477+0000][1][safepoint    ] Total time for which application threads were stopped: 0.0006862 seconds, Stopping threads took: 0.0002620 seconds
[2019-10-14T07:43:15.481+0000][1][safepoint    ] Application time: 1.0027749 seconds
[2019-10-14T07:43:15.481+0000][1][safepoint    ] Entering safepoint region: Cleanup
[2019-10-14T07:43:15.482+0000][1][safepoint    ] Leaving safepoint region
[2019-10-14T07:43:15.482+0000][1][safepoint    ] Total time for which application threads were stopped: 0.0007792 seconds, Stopping threads took: 0.0003103 seconds
[2019-10-14T07:43:16.486+0000][1][safepoint    ] Application time: 1.0033870 seconds
[2019-10-14T07:43:16.487+0000][1][safepoint    ] Entering safepoint region: Cleanup
[2019-10-14T07:43:16.488+0000][1][safepoint    ] Leaving safepoint region
[2019-10-14T07:43:16.488+0000][1][safepoint    ] Total time for which application threads were stopped: 0.0014109 seconds, Stopping threads took: 0.0006812 seconds
[2019-10-14T07:43:17.489+0000][1][safepoint    ] Application time: 1.0001379 seconds
[2019-10-14T07:43:17.490+0000][1][safepoint    ] Entering safepoint region: Cleanup
[2019-10-14T07:43:17.491+0000][1][safepoint    ] Leaving safepoint region
[2019-10-14T07:43:17.491+0000][1][safepoint    ] Total time for which application threads were stopped: 0.0013324 seconds, Stopping threads took: 0.0006553 seconds
[2019-10-14T07:43:18.492+0000][1][safepoint    ] Application time: 1.0004551 seconds
[2019-10-14T07:43:18.493+0000][1][safepoint    ] Entering safepoint region: Cleanup
[2019-10-14T07:43:18.494+0000][1][safepoint    ] Leaving safepoint region
[2019-10-14T07:43:18.494+0000][1][safepoint    ] Total time for which application threads were stopped: 0.0012725 seconds, Stopping threads took: 0.0006679 seconds
[2019-10-14T07:43:19.496+0000][1][safepoint    ] Application time: 1.0015174 seconds
[2019-10-14T07:43:19.497+0000][1][safepoint    ] Entering safepoint region: Cleanup
[2019-10-14T07:43:19.498+0000][1][safepoint    ] Leaving safepoint region
[2019-10-14T07:43:19.499+0000][1][safepoint    ] Total time for which application threads were stopped: 0.0013861 seconds, Stopping threads took: 0.0006448 seconds
[2019-10-14T07:43:20.500+0000][1][safepoint    ] Application time: 1.0012450 seconds
[2019-10-14T07:43:20.501+0000][1][safepoint    ] Entering safepoint region: Cleanup
[2019-10-14T07:43:20.501+0000][1][safepoint    ] Leaving safepoint region
[2019-10-14T07:43:20.502+0000][1][safepoint    ] Total time for which application threads were stopped: 0.0009283 seconds, Stopping threads took: 0.0004847 seconds
[2019-10-14T07:43:21.504+0000][1][safepoint    ] Application time: 1.0018752 seconds
[2019-10-14T07:43:21.505+0000][1][safepoint    ] Entering safepoint region: Cleanup
[2019-10-14T07:43:21.505+0000][1][safepoint    ] Leaving safepoint region
[2019-10-14T07:43:21.506+0000][1][safepoint    ] Total time for which application threads were stopped: 0.0012676 seconds, Stopping threads took: 0.0005570 seconds
[2019-10-14T07:43:22.507+0000][1][safepoint    ] Application time: 1.0001997 seconds
[2019-10-14T07:43:22.508+0000][1][safepoint    ] Entering safepoint region: Cleanup
[2019-10-14T07:43:22.508+0000][1][safepoint    ] Leaving safepoint region
[2019-10-14T07:43:22.509+0000][1][safepoint    ] Total time for which application threads were stopped: 0.0010943 seconds, Stopping threads took: 0.0005105 seconds
[2019-10-14T07:43:23.510+0000][1][safepoint    ] Application time: 1.0002369 seconds
[2019-10-14T07:43:23.511+0000][1][safepoint    ] Entering safepoint region: Cleanup
[2019-10-14T07:43:23.512+0000][1][safepoint    ] Leaving safepoint region
[2019-10-14T07:43:23.512+0000][1][safepoint    ] Total time for which application threads were stopped: 0.0016552 seconds, Stopping threads took: 0.0010907 seconds
[2019-10-14T07:43:24.513+0000][1][safepoint    ] Application time: 1.0002116 seconds
[2019-10-14T07:43:24.514+0000][1][safepoint    ] Entering safepoint region: Cleanup
[2019-10-14T07:43:24.515+0000][1][safepoint    ] Leaving safepoint region
[2019-10-14T07:43:24.516+0000][1][safepoint    ] Total time for which application threads were stopped: 0.0014738 seconds, Stopping threads took: 0.0008318 seconds
[2019-10-14T07:43:25.516+0000][1][safepoint    ] Application time: 1.0001322 seconds
[2019-10-14T07:43:25.517+0000][1][safepoint    ] Entering safepoint region: Cleanup
[2019-10-14T07:43:25.517+0000][1][safepoint    ] Leaving safepoint region
[2019-10-14T07:43:25.518+0000][1][safepoint    ] Total time for which application threads were stopped: 0.0007193 seconds, Stopping threads took: 0.0002596 seconds
[2019-10-14T07:43:26.519+0000][1][safepoint    ] Application time: 1.0011520 seconds
[2019-10-14T07:43:26.520+0000][1][safepoint    ] Entering safepoint region: Cleanup
[2019-10-14T07:43:26.520+0000][1][safepoint    ] Leaving safepoint region
[2019-10-14T07:43:26.521+0000][1][safepoint    ] Total time for which application threads were stopped: 0.0011157 seconds, Stopping threads took: 0.0005522 seconds
[2019-10-14T07:43:27.521+0000][1][safepoint    ] Application time: 1.0002181 seconds
[2019-10-14T07:43:27.522+0000][1][safepoint    ] Entering safepoint region: Cleanup
[2019-10-14T07:43:27.524+0000][1][safepoint    ] Leaving safepoint region
[2019-10-14T07:43:27.525+0000][1][safepoint    ] Total time for which application threads were stopped: 0.0031034 seconds, Stopping threads took: 0.0012238 seconds
[2019-10-14T07:43:28.528+0000][1][safepoint    ] Application time: 1.0010244 seconds
[2019-10-14T07:43:28.529+0000][1][safepoint    ] Entering safepoint region: Cleanup
[2019-10-14T07:43:28.530+0000][1][safepoint    ] Leaving safepoint region
[2019-10-14T07:43:28.531+0000][1][safepoint    ] Total time for which application threads were stopped: 0.0020096 seconds, Stopping threads took: 0.0014270 seconds
[2019-10-14T07:43:29.532+0000][1][safepoint    ] Application time: 1.0010036 seconds
[2019-10-14T07:43:29.533+0000][1][safepoint    ] Entering safepoint region: Cleanup
[2019-10-14T07:43:29.533+0000][1][safepoint    ] Leaving safepoint region
[2019-10-14T07:43:29.534+0000][1][safepoint    ] Total time for which application threads were stopped: 0.0010430 seconds, Stopping threads took: 0.0005358 seconds
[2019-10-14T07:43:30.537+0000][1][safepoint    ] Application time: 1.0024553 seconds
[2019-10-14T07:43:30.537+0000][1][safepoint    ] Entering safepoint region: Cleanup
[2019-10-14T07:43:30.538+0000][1][safepoint    ] Leaving safepoint region
[2019-10-14T07:43:30.538+0000][1][safepoint    ] Total time for which application threads were stopped: 0.0007352 seconds, Stopping threads took: 0.0003731 seconds
[2019-10-14T07:43:31.539+0000][1][safepoint    ] Application time: 1.0006540 seconds
[2019-10-14T07:43:31.539+0000][1][safepoint    ] Entering safepoint region: Cleanup
[2019-10-14T07:43:31.540+0000][1][safepoint    ] Leaving safepoint region
[2019-10-14T07:43:31.540+0000][1][safepoint    ] Total time for which application threads were stopped: 0.0008146 seconds, Stopping threads took: 0.0003534 seconds
[2019-10-14T07:43:32.542+0000][1][safepoint    ] Application time: 1.0009839 seconds
[2019-10-14T07:43:32.542+0000][1][safepoint    ] Entering safepoint region: Cleanup
[2019-10-14T07:43:32.544+0000][1][safepoint    ] Leaving safepoint region
[2019-10-14T07:43:32.545+0000][1][safepoint    ] Total time for which application threads were stopped: 0.0032131 seconds, Stopping threads took: 0.0018696 seconds
[2019-10-14T07:43:33.525+0000][1][safepoint    ] Application time: 1.0002889 seconds
[2019-10-14T07:43:33.525+0000][1][safepoint    ] Entering safepoint region: Cleanup
[2019-10-14T07:43:33.526+0000][1][safepoint    ] Leaving safepoint region
[2019-10-14T07:43:33.526+0000][1][safepoint    ] Total time for which application threads were stopped: 0.0009765 seconds, Stopping threads took: 0.0005231 seconds
[2019-10-14T07:43:34.528+0000][1][safepoint    ] Application time: 1.0003921 seconds
[2019-10-14T07:43:34.528+0000][1][safepoint    ] Entering safepoint region: Cleanup
[2019-10-14T07:43:34.529+0000][1][safepoint    ] Leaving safepoint region
[2019-10-14T07:43:34.530+0000][1][safepoint    ] Total time for which application threads were stopped: 0.0015742 seconds, Stopping threads took: 0.0006485 seconds
[2019-10-14T07:43:35.531+0000][1][safepoint    ] Application time: 1.0005257 seconds
[2019-10-14T07:43:35.531+0000][1][safepoint    ] Entering safepoint region: Cleanup
[2019-10-14T07:43:35.532+0000][1][safepoint    ] Leaving safepoint region
[2019-10-14T07:43:35.532+0000][1][safepoint    ] Total time for which application threads were stopped: 0.0008006 seconds, Stopping threads took: 0.0003473 seconds
[2019-10-14T07:43:36.533+0000][1][safepoint    ] Application time: 1.0003223 seconds
[2019-10-14T07:43:36.533+0000][1][safepoint    ] Entering safepoint region: Cleanup
[2019-10-14T07:43:36.534+0000][1][safepoint    ] Leaving safepoint region
[2019-10-14T07:43:36.534+0000][1][safepoint    ] Total time for which application threads were stopped: 0.0006882 seconds, Stopping threads took: 0.0002317 seconds
[2019-10-14T07:43:37.534+0000][1][safepoint    ] Application time: 1.0002565 seconds
[2019-10-14T07:43:37.535+0000][1][safepoint    ] Entering safepoint region: Cleanup
[2019-10-14T07:43:37.536+0000][1][safepoint    ] Leaving safepoint region
[2019-10-14T07:43:37.536+0000][1][safepoint    ] Total time for which application threads were stopped: 0.0009525 seconds, Stopping threads took: 0.0004463 seconds
[2019-10-14T07:43:38.537+0000][1][safepoint    ] Application time: 1.0002014 seconds
[2019-10-14T07:43:38.537+0000][1][safepoint    ] Entering safepoint region: Cleanup
[2019-10-14T07:43:38.538+0000][1][safepoint    ] Leaving safepoint region
[2019-10-14T07:43:38.538+0000][1][safepoint    ] Total time for which application threads were stopped: 0.0007950 seconds, Stopping threads took: 0.0003284 seconds
[2019-10-14T07:43:39.540+0000][1][safepoint    ] Application time: 1.0013976 seconds
[2019-10-14T07:43:39.541+0000][1][safepoint    ] Entering safepoint region: Cleanup
[2019-10-14T07:43:39.544+0000][1][safepoint    ] Leaving safepoint region
[2019-10-14T07:43:39.545+0000][1][safepoint    ] Total time for which application threads were stopped: 0.0043134 seconds, Stopping threads took: 0.0031213 seconds
[2019-10-14T07:43:40.546+0000][1][safepoint    ] Application time: 1.0003777 seconds
[2019-10-14T07:43:40.546+0000][1][safepoint    ] Entering safepoint region: Cleanup
[2019-10-14T07:43:40.547+0000][1][safepoint    ] Leaving safepoint region
[2019-10-14T07:43:40.547+0000][1][safepoint    ] Total time for which application threads were stopped: 0.0008371 seconds, Stopping threads took: 0.0003471 seconds
[2019-10-14T07:43:41.548+0000][1][safepoint    ] Application time: 1.0003775 seconds
[2019-10-14T07:43:41.549+0000][1][safepoint    ] Entering safepoint region: Cleanup
[2019-10-14T07:43:41.549+0000][1][safepoint    ] Leaving safepoint region
[2019-10-14T07:43:41.550+0000][1][safepoint    ] Total time for which application threads were stopped: 0.0009841 seconds, Stopping threads took: 0.0004290 seconds
[2019-10-14T07:43:42.550+0000][1][safepoint    ] Application time: 1.0002837 seconds
[2019-10-14T07:43:42.556+0000][1][safepoint    ] Entering safepoint region: Cleanup
[2019-10-14T07:43:42.556+0000][1][safepoint    ] Leaving safepoint region
[2019-10-14T07:43:42.557+0000][1][safepoint    ] Total time for which application threads were stopped: 0.0059957 seconds, Stopping threads took: 0.0053668 seconds
[2019-10-14T07:43:43.558+0000][1][safepoint    ] Application time: 1.0008467 seconds
[2019-10-14T07:43:43.559+0000][1][safepoint    ] Entering safepoint region: Cleanup
[2019-10-14T07:43:43.559+0000][1][safepoint    ] Leaving safepoint region
[2019-10-14T07:43:43.561+0000][1][safepoint    ] Total time for which application threads were stopped: 0.0019092 seconds, Stopping threads took: 0.0005520 seconds
[2019-10-14T07:43:44.564+0000][1][safepoint    ] Application time: 1.0014136 seconds
[2019-10-14T07:43:44.565+0000][1][safepoint    ] Entering safepoint region: Cleanup
[2019-10-14T07:43:44.566+0000][1][safepoint    ] Leaving safepoint region
[2019-10-14T07:43:44.567+0000][1][safepoint    ] Total time for which application threads were stopped: 0.0015692 seconds, Stopping threads took: 0.0006621 seconds
[2019-10-14T07:43:45.568+0000][1][safepoint    ] Application time: 1.0005435 seconds
[2019-10-14T07:43:45.569+0000][1][safepoint    ] Entering safepoint region: Cleanup
[2019-10-14T07:43:45.569+0000][1][safepoint    ] Leaving safepoint region
[2019-10-14T07:43:45.569+0000][1][safepoint    ] Total time for which application threads were stopped: 0.0008437 seconds, Stopping threads took: 0.0003811 seconds
[2019-10-14T07:43:46.570+0000][1][safepoint    ] Application time: 1.0005601 seconds
[2019-10-14T07:43:46.571+0000][1][safepoint    ] Entering safepoint region: Cleanup
[2019-10-14T07:43:46.572+0000][1][safepoint    ] Leaving safepoint region
[2019-10-14T07:43:46.573+0000][1][safepoint    ] Total time for which application threads were stopped: 0.0022405 seconds, Stopping threads took: 0.0008299 seconds
[2019-10-14T07:43:47.574+0000][1][safepoint    ] Application time: 1.0006868 seconds
[2019-10-14T07:43:47.575+0000][1][safepoint    ] Entering safepoint region: Cleanup
[2019-10-14T07:43:47.576+0000][1][safepoint    ] Leaving safepoint region
[2019-10-14T07:43:47.576+0000][1][safepoint    ] Total time for which application threads were stopped: 0.0012109 seconds, Stopping threads took: 0.0004944 seconds
[2019-10-14T07:43:48.578+0000][1][safepoint    ] Application time: 1.0011914 seconds
[2019-10-14T07:43:48.579+0000][1][safepoint    ] Entering safepoint region: Cleanup
[2019-10-14T07:43:48.580+0000][1][safepoint    ] Leaving safepoint region
[2019-10-14T07:43:48.580+0000][1][safepoint    ] Total time for which application threads were stopped: 0.0011499 seconds, Stopping threads took: 0.0005293 seconds
[2019-10-14T07:43:49.583+0000][1][safepoint    ] Application time: 1.0021023 seconds
[2019-10-14T07:43:49.587+0000][1][safepoint    ] Entering safepoint region: Cleanup
[2019-10-14T07:43:49.589+0000][1][safepoint    ] Leaving safepoint region
[2019-10-14T07:43:49.590+0000][1][safepoint    ] Total time for which application threads were stopped: 0.0027754 seconds, Stopping threads took: 0.0013782 seconds
[2019-10-14T07:43:50.591+0000][1][safepoint    ] Application time: 1.0004188 seconds
[2019-10-14T07:43:50.592+0000][1][safepoint    ] Entering safepoint region: Cleanup
[2019-10-14T07:43:50.592+0000][1][safepoint    ] Leaving safepoint region
[2019-10-14T07:43:50.593+0000][1][safepoint    ] Total time for which application threads were stopped: 0.0010035 seconds, Stopping threads took: 0.0003963 seconds
[2019-10-14T07:43:51.593+0000][1][safepoint    ] Application time: 1.0003925 seconds
[2019-10-14T07:43:51.594+0000][1][safepoint    ] Entering safepoint region: Cleanup
[2019-10-14T07:43:51.595+0000][1][safepoint    ] Leaving safepoint region
[2019-10-14T07:43:51.595+0000][1][safepoint    ] Total time for which application threads were stopped: 0.0007904 seconds, Stopping threads took: 0.0003654 seconds
[2019-10-14T07:43:52.596+0000][1][safepoint    ] Application time: 1.0004925 seconds
[2019-10-14T07:43:52.596+0000][1][safepoint    ] Entering safepoint region: Cleanup
[2019-10-14T07:43:52.597+0000][1][safepoint    ] Leaving safepoint region
[2019-10-14T07:43:52.597+0000][1][safepoint    ] Total time for which application threads were stopped: 0.0008689 seconds, Stopping threads took: 0.0004867 seconds
[2019-10-14T07:43:53.598+0000][1][safepoint    ] Application time: 1.0002210 seconds
[2019-10-14T07:43:53.598+0000][1][safepoint    ] Entering safepoint region: Cleanup
[2019-10-14T07:43:53.599+0000][1][safepoint    ] Leaving safepoint region
[2019-10-14T07:43:53.599+0000][1][safepoint    ] Total time for which application threads were stopped: 0.0008908 seconds, Stopping threads took: 0.0004181 seconds
[2019-10-14T07:43:54.600+0000][1][safepoint    ] Application time: 1.0009216 seconds
[2019-10-14T07:43:54.601+0000][1][safepoint    ] Entering safepoint region: Cleanup
[2019-10-14T07:43:54.602+0000][1][safepoint    ] Leaving safepoint region
[2019-10-14T07:43:54.603+0000][1][safepoint    ] Total time for which application threads were stopped: 0.0019222 seconds, Stopping threads took: 0.0006295 seconds
[2019-10-14T07:43:55.604+0000][1][safepoint    ] Application time: 1.0004139 seconds
[2019-10-14T07:43:55.605+0000][1][safepoint    ] Entering safepoint region: Cleanup
[2019-10-14T07:43:55.606+0000][1][safepoint    ] Leaving safepoint region
[2019-10-14T07:43:55.606+0000][1][safepoint    ] Total time for which application threads were stopped: 0.0010849 seconds, Stopping threads took: 0.0004159 seconds
[2019-10-14T07:43:56.607+0000][1][safepoint    ] Application time: 1.0003207 seconds
[2019-10-14T07:43:56.607+0000][1][safepoint    ] Entering safepoint region: Cleanup
[2019-10-14T07:43:56.608+0000][1][safepoint    ] Leaving safepoint region
[2019-10-14T07:43:56.609+0000][1][safepoint    ] Total time for which application threads were stopped: 0.0012618 seconds, Stopping threads took: 0.0003745 seconds
[2019-10-14T07:43:57.609+0000][1][safepoint    ] Application time: 1.0003576 seconds
[2019-10-14T07:43:57.611+0000][1][safepoint    ] Entering safepoint region: Cleanup
[2019-10-14T07:43:57.612+0000][1][safepoint    ] Leaving safepoint region
[2019-10-14T07:43:57.612+0000][1][safepoint    ] Total time for which application threads were stopped: 0.0017383 seconds, Stopping threads took: 0.0006939 seconds
[2019-10-14T07:43:58.614+0000][1][safepoint    ] Application time: 1.0016176 seconds
[2019-10-14T07:43:58.615+0000][1][safepoint    ] Entering safepoint region: Cleanup
[2019-10-14T07:43:58.616+0000][1][safepoint    ] Leaving safepoint region
[2019-10-14T07:43:58.617+0000][1][safepoint    ] Total time for which application threads were stopped: 0.0011973 seconds, Stopping threads took: 0.0005334 seconds
[2019-10-14T07:43:59.617+0000][1][safepoint    ] Application time: 1.0002603 seconds
[2019-10-14T07:43:59.618+0000][1][safepoint    ] Entering safepoint region: Cleanup
[2019-10-14T07:43:59.619+0000][1][safepoint    ] Leaving safepoint region
[2019-10-14T07:43:59.619+0000][1][safepoint    ] Total time for which application threads were stopped: 0.0011460 seconds, Stopping threads took: 0.0004258 seconds
[2019-10-14T07:44:00.621+0000][1][safepoint    ] Application time: 1.0007614 seconds
[2019-10-14T07:44:00.621+0000][1][safepoint    ] Entering safepoint region: Cleanup
[2019-10-14T07:44:00.622+0000][1][safepoint    ] Leaving safepoint region
[2019-10-14T07:44:00.624+0000][1][safepoint    ] Total time for which application threads were stopped: 0.0031247 seconds, Stopping threads took: 0.0007288 seconds
[2019-10-14T07:44:01.627+0000][1][safepoint    ] Application time: 1.0008623 seconds
[2019-10-14T07:44:01.629+0000][1][safepoint    ] Entering safepoint region: Cleanup
[2019-10-14T07:44:01.631+0000][1][safepoint    ] Leaving safepoint region
[2019-10-14T07:44:01.632+0000][1][safepoint    ] Total time for which application threads were stopped: 0.0026094 seconds, Stopping threads took: 0.0011881 seconds
[2019-10-14T07:44:02.634+0000][1][safepoint    ] Application time: 1.0014368 seconds
[2019-10-14T07:44:02.635+0000][1][safepoint    ] Entering safepoint region: Cleanup
[2019-10-14T07:44:02.636+0000][1][safepoint    ] Leaving safepoint region
[2019-10-14T07:44:02.636+0000][1][safepoint    ] Total time for which application threads were stopped: 0.0015003 seconds, Stopping threads took: 0.0008321 seconds
[2019-10-14T07:44:03.616+0000][1][safepoint    ] Application time: 1.0006753 seconds
[2019-10-14T07:44:03.618+0000][1][safepoint    ] Entering safepoint region: Cleanup
[2019-10-14T07:44:03.618+0000][1][safepoint    ] Leaving safepoint region
[2019-10-14T07:44:03.619+0000][1][safepoint    ] Total time for which application threads were stopped: 0.0013820 seconds, Stopping threads took: 0.0007392 seconds
[2019-10-14T07:44:04.620+0000][1][safepoint    ] Application time: 1.0003108 seconds
[2019-10-14T07:44:04.620+0000][1][safepoint    ] Entering safepoint region: Cleanup
[2019-10-14T07:44:04.622+0000][1][safepoint    ] Leaving safepoint region
[2019-10-14T07:44:04.623+0000][1][safepoint    ] Total time for which application threads were stopped: 0.0025127 seconds, Stopping threads took: 0.0007070 seconds
[2019-10-14T07:44:05.624+0000][1][safepoint    ] Application time: 1.0004208 seconds
[2019-10-14T07:44:05.625+0000][1][safepoint    ] Entering safepoint region: Cleanup
[2019-10-14T07:44:05.626+0000][1][safepoint    ] Leaving safepoint region
[2019-10-14T07:44:05.626+0000][1][safepoint    ] Total time for which application threads were stopped: 0.0015685 seconds, Stopping threads took: 0.0006320 seconds
[2019-10-14T07:44:06.627+0000][1][safepoint    ] Application time: 1.0002625 seconds
[2019-10-14T07:44:06.628+0000][1][safepoint    ] Entering safepoint region: Cleanup
[2019-10-14T07:44:06.629+0000][1][safepoint    ] Leaving safepoint region
[2019-10-14T07:44:06.629+0000][1][safepoint    ] Total time for which application threads were stopped: 0.0012130 seconds, Stopping threads took: 0.0006865 seconds
[2019-10-14T07:44:07.630+0000][1][safepoint    ] Application time: 1.0004063 seconds
[2019-10-14T07:44:07.631+0000][1][safepoint    ] Entering safepoint region: Cleanup
[2019-10-14T07:44:07.632+0000][1][safepoint    ] Leaving safepoint region
[2019-10-14T07:44:07.633+0000][1][safepoint    ] Total time for which application threads were stopped: 0.0019130 seconds, Stopping threads took: 0.0006020 seconds
[2019-10-14T07:44:08.635+0000][1][safepoint    ] Application time: 1.0008507 seconds
[2019-10-14T07:44:08.636+0000][1][safepoint    ] Entering safepoint region: Cleanup
[2019-10-14T07:44:08.637+0000][1][safepoint    ] Leaving safepoint region
[2019-10-14T07:44:08.637+0000][1][safepoint    ] Total time for which application threads were stopped: 0.0012713 seconds, Stopping threads took: 0.0006405 seconds
[2019-10-14T07:44:09.638+0000][1][safepoint    ] Application time: 1.0003789 seconds
[2019-10-14T07:44:09.639+0000][1][safepoint    ] Entering safepoint region: Cleanup
[2019-10-14T07:44:09.639+0000][1][safepoint    ] Leaving safepoint region
[2019-10-14T07:44:09.640+0000][1][safepoint    ] Total time for which application threads were stopped: 0.0011402 seconds, Stopping threads took: 0.0006496 seconds
[2019-10-14T07:44:10.642+0000][1][safepoint    ] Application time: 1.0017800 seconds
[2019-10-14T07:44:10.644+0000][1][safepoint    ] Entering safepoint region: Cleanup
[2019-10-14T07:44:10.645+0000][1][safepoint    ] Leaving safepoint region
[2019-10-14T07:44:10.646+0000][1][safepoint    ] Total time for which application threads were stopped: 0.0016363 seconds, Stopping threads took: 0.0010033 seconds
[2019-10-14T07:44:11.440+0000][1][safepoint    ] Application time: 0.7938255 seconds
[2019-10-14T07:44:11.441+0000][1][safepoint    ] Entering safepoint region: RevokeBias
[2019-10-14T07:44:11.441+0000][1][safepoint    ] Leaving safepoint region
[2019-10-14T07:44:11.442+0000][1][safepoint    ] Total time for which application threads were stopped: 0.0013928 seconds, Stopping threads took: 0.0005241 seconds
[2019-10-14T07:44:12.443+0000][1][safepoint    ] Application time: 1.0003507 seconds
[2019-10-14T07:44:12.450+0000][1][safepoint    ] Entering safepoint region: Cleanup
[2019-10-14T07:44:12.451+0000][1][safepoint    ] Leaving safepoint region
[2019-10-14T07:44:12.452+0000][1][safepoint    ] Total time for which application threads were stopped: 0.0025687 seconds, Stopping threads took: 0.0012055 seconds
[2019-10-14T07:44:13.453+0000][1][safepoint    ] Application time: 1.0003337 seconds
[2019-10-14T07:44:13.454+0000][1][safepoint    ] Entering safepoint region: Cleanup
[2019-10-14T07:44:13.455+0000][1][safepoint    ] Leaving safepoint region
[2019-10-14T07:44:13.455+0000][1][safepoint    ] Total time for which application threads were stopped: 0.0011527 seconds, Stopping threads took: 0.0005952 seconds
[2019-10-14T07:44:14.456+0000][1][safepoint    ] Application time: 1.0003166 seconds
[2019-10-14T07:44:14.457+0000][1][safepoint    ] Entering safepoint region: Cleanup
[2019-10-14T07:44:14.458+0000][1][safepoint    ] Leaving safepoint region
[2019-10-14T07:44:14.458+0000][1][safepoint    ] Total time for which application threads were stopped: 0.0013597 seconds, Stopping threads took: 0.0007449 seconds
[2019-10-14T07:44:15.459+0000][1][safepoint    ] Application time: 1.0002175 seconds
[2019-10-14T07:44:15.460+0000][1][safepoint    ] Entering safepoint region: Cleanup
[2019-10-14T07:44:15.460+0000][1][safepoint    ] Leaving safepoint region
[2019-10-14T07:44:15.461+0000][1][safepoint    ] Total time for which application threads were stopped: 0.0012540 seconds, Stopping threads took: 0.0007369 seconds
[2019-10-14T07:44:16.465+0000][1][safepoint    ] Application time: 1.0030657 seconds
[2019-10-14T07:44:16.466+0000][1][safepoint    ] Entering safepoint region: Cleanup
[2019-10-14T07:44:16.467+0000][1][safepoint    ] Leaving safepoint region
[2019-10-14T07:44:16.468+0000][1][safepoint    ] Total time for which application threads were stopped: 0.0020732 seconds, Stopping threads took: 0.0011599 seconds
[2019-10-14T07:44:17.473+0000][1][safepoint    ] Application time: 1.0042299 seconds
[2019-10-14T07:44:17.474+0000][1][safepoint    ] Entering safepoint region: Cleanup
[2019-10-14T07:44:17.475+0000][1][safepoint    ] Leaving safepoint region
[2019-10-14T07:44:17.476+0000][1][safepoint    ] Total time for which application threads were stopped: 0.0022269 seconds, Stopping threads took: 0.0010453 seconds
[2019-10-14T07:44:18.477+0000][1][safepoint    ] Application time: 1.0001086 seconds
[2019-10-14T07:44:18.478+0000][1][safepoint    ] Entering safepoint region: Cleanup
[2019-10-14T07:44:18.479+0000][1][safepoint    ] Leaving safepoint region
[2019-10-14T07:44:18.479+0000][1][safepoint    ] Total time for which application threads were stopped: 0.0009805 seconds, Stopping threads took: 0.0004627 seconds
[2019-10-14T07:44:19.481+0000][1][safepoint    ] Application time: 1.0010241 seconds
[2019-10-14T07:44:19.481+0000][1][safepoint    ] Entering safepoint region: Cleanup
[2019-10-14T07:44:19.482+0000][1][safepoint    ] Leaving safepoint region
[2019-10-14T07:44:19.483+0000][1][safepoint    ] Total time for which application threads were stopped: 0.0015078 seconds, Stopping threads took: 0.0006007 seconds
[2019-10-14T07:44:20.395+0000][1][safepoint    ] Application time: 0.9120169 seconds
[2019-10-14T07:44:20.396+0000][1][safepoint    ] Entering safepoint region: GenCollectForAllocation
[2019-10-14T07:44:20.397+0000][1][gc,start     ] GC(33) Pause Young (Allocation Failure)
[2019-10-14T07:44:20.397+0000][1][gc,task      ] GC(33) Using 2 workers of 2 for evacuation
[2019-10-14T07:44:20.409+0000][1][gc,age       ] GC(33) Desired survivor size 4456448 bytes, new threshold 6 (max threshold 6)
[2019-10-14T07:44:20.410+0000][1][gc,age       ] GC(33) Age table with threshold 6 (max threshold 6)
[2019-10-14T07:44:20.411+0000][1][gc,age       ] GC(33) - age   1:      32816 bytes,      32816 total
[2019-10-14T07:44:20.411+0000][1][gc,age       ] GC(33) - age   2:     117008 bytes,     149824 total
[2019-10-14T07:44:20.411+0000][1][gc,age       ] GC(33) - age   3:      90712 bytes,     240536 total
[2019-10-14T07:44:20.412+0000][1][gc,age       ] GC(33) - age   4:       9328 bytes,     249864 total
[2019-10-14T07:44:20.412+0000][1][gc,age       ] GC(33) - age   5:     319152 bytes,     569016 total
[2019-10-14T07:44:20.412+0000][1][gc,age       ] GC(33) - age   6:     260416 bytes,     829432 total
[2019-10-14T07:44:20.413+0000][1][gc,heap      ] GC(33) ParNew: 71352K->1328K(78656K)
[2019-10-14T07:44:20.413+0000][1][gc,heap      ] GC(33) CMS: 71144K->71665K(174784K)
[2019-10-14T07:44:20.413+0000][1][gc,metaspace ] GC(33) Metaspace: 80702K->80702K(1122304K)
[2019-10-14T07:44:20.413+0000][1][gc           ] GC(33) Pause Young (Allocation Failure) 139M->71M(247M) 16.967ms
[2019-10-14T07:44:20.414+0000][1][gc,cpu       ] GC(33) User=0.02s Sys=0.00s Real=0.02s
[2019-10-14T07:44:20.414+0000][1][safepoint    ] Leaving safepoint region
[2019-10-14T07:44:20.414+0000][1][safepoint    ] Total time for which application threads were stopped: 0.0184528 seconds, Stopping threads took: 0.0003277 seconds
[2019-10-14T07:44:21.416+0000][1][safepoint    ] Application time: 1.0008051 seconds
[2019-10-14T07:44:21.417+0000][1][safepoint    ] Entering safepoint region: Cleanup
[2019-10-14T07:44:21.418+0000][1][safepoint    ] Leaving safepoint region
[2019-10-14T07:44:21.419+0000][1][safepoint    ] Total time for which application threads were stopped: 0.0021821 seconds, Stopping threads took: 0.0012738 seconds
[2019-10-14T07:44:21.554+0000][1][safepoint    ] Application time: 0.1339963 seconds
[2019-10-14T07:44:21.555+0000][1][safepoint    ] Entering safepoint region: RevokeBias
[2019-10-14T07:44:21.557+0000][1][safepoint    ] Leaving safepoint region
[2019-10-14T07:44:21.557+0000][1][safepoint    ] Total time for which application threads were stopped: 0.0019873 seconds, Stopping threads took: 0.0014749 seconds
[2019-10-14T07:44:22.558+0000][1][safepoint    ] Application time: 1.0004663 seconds
[2019-10-14T07:44:22.559+0000][1][safepoint    ] Entering safepoint region: Cleanup
[2019-10-14T07:44:22.560+0000][1][safepoint    ] Leaving safepoint region
[2019-10-14T07:44:22.560+0000][1][safepoint    ] Total time for which application threads were stopped: 0.0012145 seconds, Stopping threads took: 0.0006531 seconds
[2019-10-14T07:44:23.561+0000][1][safepoint    ] Application time: 1.0008173 seconds
[2019-10-14T07:44:23.562+0000][1][safepoint    ] Entering safepoint region: Cleanup
[2019-10-14T07:44:23.563+0000][1][safepoint    ] Leaving safepoint region
[2019-10-14T07:44:23.563+0000][1][safepoint    ] Total time for which application threads were stopped: 0.0010353 seconds, Stopping threads took: 0.0004986 seconds
[2019-10-14T07:44:24.564+0000][1][safepoint    ] Application time: 1.0007326 seconds
[2019-10-14T07:44:24.565+0000][1][safepoint    ] Entering safepoint region: Cleanup
[2019-10-14T07:44:24.566+0000][1][safepoint    ] Leaving safepoint region
[2019-10-14T07:44:24.566+0000][1][safepoint    ] Total time for which application threads were stopped: 0.0010504 seconds, Stopping threads took: 0.0005545 seconds
[2019-10-14T07:44:25.567+0000][1][safepoint    ] Application time: 1.0001388 seconds
[2019-10-14T07:44:25.567+0000][1][safepoint    ] Entering safepoint region: Cleanup
[2019-10-14T07:44:25.568+0000][1][safepoint    ] Leaving safepoint region
[2019-10-14T07:44:25.568+0000][1][safepoint    ] Total time for which application threads were stopped: 0.0009358 seconds, Stopping threads took: 0.0004676 seconds
[2019-10-14T07:44:26.571+0000][1][safepoint    ] Application time: 1.0019536 seconds
[2019-10-14T07:44:26.572+0000][1][safepoint    ] Entering safepoint region: Cleanup
[2019-10-14T07:44:26.572+0000][1][safepoint    ] Leaving safepoint region
[2019-10-14T07:44:26.573+0000][1][safepoint    ] Total time for which application threads were stopped: 0.0016313 seconds, Stopping threads took: 0.0006175 seconds
[2019-10-14T07:44:27.575+0000][1][safepoint    ] Application time: 1.0007703 seconds
[2019-10-14T07:44:27.576+0000][1][safepoint    ] Entering safepoint region: Cleanup
[2019-10-14T07:44:27.577+0000][1][safepoint    ] Leaving safepoint region
[2019-10-14T07:44:27.577+0000][1][safepoint    ] Total time for which application threads were stopped: 0.0014336 seconds, Stopping threads took: 0.0008704 seconds
[2019-10-14T07:44:28.578+0000][1][safepoint    ] Application time: 1.0007977 seconds
[2019-10-14T07:44:28.579+0000][1][safepoint    ] Entering safepoint region: Cleanup
[2019-10-14T07:44:28.580+0000][1][safepoint    ] Leaving safepoint region
[2019-10-14T07:44:28.580+0000][1][safepoint    ] Total time for which application threads were stopped: 0.0010821 seconds, Stopping threads took: 0.0005713 seconds
[2019-10-14T07:44:29.581+0000][1][safepoint    ] Application time: 1.0003554 seconds
[2019-10-14T07:44:29.581+0000][1][safepoint    ] Entering safepoint region: Cleanup
[2019-10-14T07:44:29.582+0000][1][safepoint    ] Leaving safepoint region
[2019-10-14T07:44:29.582+0000][1][safepoint    ] Total time for which application threads were stopped: 0.0010141 seconds, Stopping threads took: 0.0005197 seconds
[2019-10-14T07:44:30.583+0000][1][safepoint    ] Application time: 1.0001706 seconds
[2019-10-14T07:44:30.584+0000][1][safepoint    ] Entering safepoint region: Cleanup
[2019-10-14T07:44:30.584+0000][1][safepoint    ] Leaving safepoint region
[2019-10-14T07:44:30.585+0000][1][safepoint    ] Total time for which application threads were stopped: 0.0012379 seconds, Stopping threads took: 0.0005763 seconds
[2019-10-14T07:44:31.586+0000][1][safepoint    ] Application time: 1.0004483 seconds
[2019-10-14T07:44:31.587+0000][1][safepoint    ] Entering safepoint region: Cleanup
[2019-10-14T07:44:31.587+0000][1][safepoint    ] Leaving safepoint region
[2019-10-14T07:44:31.588+0000][1][safepoint    ] Total time for which application threads were stopped: 0.0010804 seconds, Stopping threads took: 0.0005408 seconds
[2019-10-14T07:44:32.589+0000][1][safepoint    ] Application time: 1.0005473 seconds
[2019-10-14T07:44:32.589+0000][1][safepoint    ] Entering safepoint region: Cleanup
[2019-10-14T07:44:32.590+0000][1][safepoint    ] Leaving safepoint region
[2019-10-14T07:44:32.590+0000][1][safepoint    ] Total time for which application threads were stopped: 0.0007668 seconds, Stopping threads took: 0.0003023 seconds
[2019-10-14T07:44:33.569+0000][1][safepoint    ] Application time: 1.0005650 seconds
[2019-10-14T07:44:33.571+0000][1][safepoint    ] Entering safepoint region: Cleanup
[2019-10-14T07:44:33.572+0000][1][safepoint    ] Leaving safepoint region
[2019-10-14T07:44:33.572+0000][1][safepoint    ] Total time for which application threads were stopped: 0.0018087 seconds, Stopping threads took: 0.0010646 seconds
[2019-10-14T07:44:34.574+0000][1][safepoint    ] Application time: 1.0006244 seconds
[2019-10-14T07:44:34.577+0000][1][safepoint    ] Entering safepoint region: Cleanup
[2019-10-14T07:44:34.578+0000][1][safepoint    ] Leaving safepoint region
[2019-10-14T07:44:34.578+0000][1][safepoint    ] Total time for which application threads were stopped: 0.0012500 seconds, Stopping threads took: 0.0006682 seconds
[2019-10-14T07:44:35.580+0000][1][safepoint    ] Application time: 1.0013589 seconds
[2019-10-14T07:44:35.581+0000][1][safepoint    ] Entering safepoint region: Cleanup
[2019-10-14T07:44:35.581+0000][1][safepoint    ] Leaving safepoint region
[2019-10-14T07:44:35.582+0000][1][safepoint    ] Total time for which application threads were stopped: 0.0012333 seconds, Stopping threads took: 0.0006147 seconds
[2019-10-14T07:44:36.583+0000][1][safepoint    ] Application time: 1.0007255 seconds
[2019-10-14T07:44:36.584+0000][1][safepoint    ] Entering safepoint region: Cleanup
[2019-10-14T07:44:36.585+0000][1][safepoint    ] Leaving safepoint region
[2019-10-14T07:44:36.585+0000][1][safepoint    ] Total time for which application threads were stopped: 0.0012065 seconds, Stopping threads took: 0.0005388 seconds
[2019-10-14T07:44:37.586+0000][1][safepoint    ] Application time: 1.0007417 seconds
[2019-10-14T07:44:37.587+0000][1][safepoint    ] Entering safepoint region: Cleanup
[2019-10-14T07:44:37.588+0000][1][safepoint    ] Leaving safepoint region
[2019-10-14T07:44:37.588+0000][1][safepoint    ] Total time for which application threads were stopped: 0.0011392 seconds, Stopping threads took: 0.0005599 seconds
[2019-10-14T07:44:38.590+0000][1][safepoint    ] Application time: 1.0010338 seconds
[2019-10-14T07:44:38.590+0000][1][safepoint    ] Entering safepoint region: Cleanup
[2019-10-14T07:44:38.592+0000][1][safepoint    ] Leaving safepoint region
[2019-10-14T07:44:38.595+0000][1][safepoint    ] Total time for which application threads were stopped: 0.0049900 seconds, Stopping threads took: 0.0012792 seconds
[2019-10-14T07:44:39.597+0000][1][safepoint    ] Application time: 1.0006767 seconds
[2019-10-14T07:44:39.597+0000][1][safepoint    ] Entering safepoint region: Cleanup
[2019-10-14T07:44:39.598+0000][1][safepoint    ] Leaving safepoint region
[2019-10-14T07:44:39.599+0000][1][safepoint    ] Total time for which application threads were stopped: 0.0011685 seconds, Stopping threads took: 0.0004299 seconds
[2019-10-14T07:44:40.599+0000][1][safepoint    ] Application time: 1.0004762 seconds
[2019-10-14T07:44:40.600+0000][1][safepoint    ] Entering safepoint region: Cleanup
[2019-10-14T07:44:40.601+0000][1][safepoint    ] Leaving safepoint region
[2019-10-14T07:44:40.601+0000][1][safepoint    ] Total time for which application threads were stopped: 0.0013230 seconds, Stopping threads took: 0.0005859 seconds
[2019-10-14T07:44:41.603+0000][1][safepoint    ] Application time: 1.0012172 seconds
[2019-10-14T07:44:41.604+0000][1][safepoint    ] Entering safepoint region: Cleanup
[2019-10-14T07:44:41.604+0000][1][safepoint    ] Leaving safepoint region
[2019-10-14T07:44:41.605+0000][1][safepoint    ] Total time for which application threads were stopped: 0.0012691 seconds, Stopping threads took: 0.0006321 seconds
[2019-10-14T07:44:42.606+0000][1][safepoint    ] Application time: 1.0004606 seconds
[2019-10-14T07:44:42.606+0000][1][safepoint    ] Entering safepoint region: Cleanup
[2019-10-14T07:44:42.607+0000][1][safepoint    ] Leaving safepoint region
[2019-10-14T07:44:42.607+0000][1][safepoint    ] Total time for which application threads were stopped: 0.0008020 seconds, Stopping threads took: 0.0003463 seconds
[2019-10-14T07:44:43.608+0000][1][safepoint    ] Application time: 1.0002411 seconds
[2019-10-14T07:44:43.609+0000][1][safepoint    ] Entering safepoint region: Cleanup
[2019-10-14T07:44:43.609+0000][1][safepoint    ] Leaving safepoint region
[2019-10-14T07:44:43.610+0000][1][safepoint    ] Total time for which application threads were stopped: 0.0010496 seconds, Stopping threads took: 0.0004693 seconds
[2019-10-14T07:44:44.611+0000][1][safepoint    ] Application time: 1.0010115 seconds
[2019-10-14T07:44:44.612+0000][1][safepoint    ] Entering safepoint region: Cleanup
[2019-10-14T07:44:44.613+0000][1][safepoint    ] Leaving safepoint region
[2019-10-14T07:44:44.614+0000][1][safepoint    ] Total time for which application threads were stopped: 0.0015273 seconds, Stopping threads took: 0.0006107 seconds
[2019-10-14T07:44:45.618+0000][1][safepoint    ] Application time: 1.0038123 seconds
[2019-10-14T07:44:45.621+0000][1][safepoint    ] Entering safepoint region: Cleanup
[2019-10-14T07:44:45.622+0000][1][safepoint    ] Leaving safepoint region
[2019-10-14T07:44:45.622+0000][1][safepoint    ] Total time for which application threads were stopped: 0.0010874 seconds, Stopping threads took: 0.0004355 seconds
[2019-10-14T07:44:46.624+0000][1][safepoint    ] Application time: 1.0017711 seconds
[2019-10-14T07:44:46.625+0000][1][safepoint    ] Entering safepoint region: Cleanup
[2019-10-14T07:44:46.626+0000][1][safepoint    ] Leaving safepoint region
[2019-10-14T07:44:46.626+0000][1][safepoint    ] Total time for which application threads were stopped: 0.0011780 seconds, Stopping threads took: 0.0006444 seconds
[2019-10-14T07:44:47.628+0000][1][safepoint    ] Application time: 1.0013929 seconds
[2019-10-14T07:44:47.629+0000][1][safepoint    ] Entering safepoint region: Cleanup
[2019-10-14T07:44:47.630+0000][1][safepoint    ] Leaving safepoint region
[2019-10-14T07:44:47.631+0000][1][safepoint    ] Total time for which application threads were stopped: 0.0017121 seconds, Stopping threads took: 0.0011438 seconds
[2019-10-14T07:44:48.634+0000][1][safepoint    ] Application time: 1.0003634 seconds
[2019-10-14T07:44:48.634+0000][1][safepoint    ] Entering safepoint region: Cleanup
[2019-10-14T07:44:48.635+0000][1][safepoint    ] Leaving safepoint region
[2019-10-14T07:44:48.636+0000][1][safepoint    ] Total time for which application threads were stopped: 0.0014471 seconds, Stopping threads took: 0.0006428 seconds
[2019-10-14T07:44:49.637+0000][1][safepoint    ] Application time: 1.0008691 seconds
[2019-10-14T07:44:49.640+0000][1][safepoint    ] Entering safepoint region: Cleanup
[2019-10-14T07:44:49.640+0000][1][safepoint    ] Leaving safepoint region
[2019-10-14T07:44:49.641+0000][1][safepoint    ] Total time for which application threads were stopped: 0.0013869 seconds, Stopping threads took: 0.0008106 seconds
[2019-10-14T07:44:50.642+0000][1][safepoint    ] Application time: 1.0003836 seconds
[2019-10-14T07:44:50.643+0000][1][safepoint    ] Entering safepoint region: Cleanup
[2019-10-14T07:44:50.644+0000][1][safepoint    ] Leaving safepoint region
[2019-10-14T07:44:50.644+0000][1][safepoint    ] Total time for which application threads were stopped: 0.0016749 seconds, Stopping threads took: 0.0008267 seconds
[2019-10-14T07:44:51.645+0000][1][safepoint    ] Application time: 1.0001717 seconds
[2019-10-14T07:44:51.646+0000][1][safepoint    ] Entering safepoint region: Cleanup
[2019-10-14T07:44:51.647+0000][1][safepoint    ] Leaving safepoint region
[2019-10-14T07:44:51.647+0000][1][safepoint    ] Total time for which application threads were stopped: 0.0012843 seconds, Stopping threads took: 0.0006855 seconds
[2019-10-14T07:44:52.648+0000][1][safepoint    ] Application time: 1.0006202 seconds
[2019-10-14T07:44:52.649+0000][1][safepoint    ] Entering safepoint region: Cleanup
[2019-10-14T07:44:52.650+0000][1][safepoint    ] Leaving safepoint region
[2019-10-14T07:44:52.650+0000][1][safepoint    ] Total time for which application threads were stopped: 0.0013400 seconds, Stopping threads took: 0.0006363 seconds
[2019-10-14T07:44:53.487+0000][1][safepoint    ] Application time: 0.8360582 seconds
[2019-10-14T07:44:53.490+0000][1][safepoint    ] Entering safepoint region: RevokeBias
[2019-10-14T07:44:53.491+0000][1][safepoint    ] Leaving safepoint region
[2019-10-14T07:44:53.491+0000][1][safepoint    ] Total time for which application threads were stopped: 0.0014637 seconds, Stopping threads took: 0.0009096 seconds
[2019-10-14T07:44:54.494+0000][1][safepoint    ] Application time: 1.0027945 seconds
[2019-10-14T07:44:54.495+0000][1][safepoint    ] Entering safepoint region: Cleanup
[2019-10-14T07:44:54.496+0000][1][safepoint    ] Leaving safepoint region
[2019-10-14T07:44:54.497+0000][1][safepoint    ] Total time for which application threads were stopped: 0.0014752 seconds, Stopping threads took: 0.0006519 seconds
[2019-10-14T07:44:55.498+0000][1][safepoint    ] Application time: 1.0004334 seconds
[2019-10-14T07:44:55.498+0000][1][safepoint    ] Entering safepoint region: Cleanup
[2019-10-14T07:44:55.499+0000][1][safepoint    ] Leaving safepoint region
[2019-10-14T07:44:55.499+0000][1][safepoint    ] Total time for which application threads were stopped: 0.0009776 seconds, Stopping threads took: 0.0005058 seconds
[2019-10-14T07:44:56.500+0000][1][safepoint    ] Application time: 1.0004065 seconds
[2019-10-14T07:44:56.501+0000][1][safepoint    ] Entering safepoint region: Cleanup
[2019-10-14T07:44:56.501+0000][1][safepoint    ] Leaving safepoint region
[2019-10-14T07:44:56.502+0000][1][safepoint    ] Total time for which application threads were stopped: 0.0011145 seconds, Stopping threads took: 0.0004952 seconds
[2019-10-14T07:44:57.506+0000][1][safepoint    ] Application time: 1.0035595 seconds
[2019-10-14T07:44:57.507+0000][1][safepoint    ] Entering safepoint region: Cleanup
[2019-10-14T07:44:57.507+0000][1][safepoint    ] Leaving safepoint region
[2019-10-14T07:44:57.508+0000][1][safepoint    ] Total time for which application threads were stopped: 0.0010973 seconds, Stopping threads took: 0.0005466 seconds
[2019-10-14T07:44:58.509+0000][1][safepoint    ] Application time: 1.0005714 seconds
[2019-10-14T07:44:58.510+0000][1][safepoint    ] Entering safepoint region: Cleanup
[2019-10-14T07:44:58.510+0000][1][safepoint    ] Leaving safepoint region
[2019-10-14T07:44:58.511+0000][1][safepoint    ] Total time for which application threads were stopped: 0.0011109 seconds, Stopping threads took: 0.0006003 seconds
[2019-10-14T07:44:59.515+0000][1][safepoint    ] Application time: 1.0043222 seconds
[2019-10-14T07:44:59.518+0000][1][safepoint    ] Entering safepoint region: Cleanup
[2019-10-14T07:44:59.520+0000][1][safepoint    ] Leaving safepoint region
[2019-10-14T07:44:59.521+0000][1][safepoint    ] Total time for which application threads were stopped: 0.0025935 seconds, Stopping threads took: 0.0016334 seconds
[2019-10-14T07:45:00.522+0000][1][safepoint    ] Application time: 1.0003063 seconds
[2019-10-14T07:45:00.523+0000][1][safepoint    ] Entering safepoint region: Cleanup
[2019-10-14T07:45:00.523+0000][1][safepoint    ] Leaving safepoint region
[2019-10-14T07:45:00.524+0000][1][safepoint    ] Total time for which application threads were stopped: 0.0006692 seconds, Stopping threads took: 0.0002737 seconds
[2019-10-14T07:45:01.524+0000][1][safepoint    ] Application time: 1.0003126 seconds
[2019-10-14T07:45:01.525+0000][1][safepoint    ] Entering safepoint region: Cleanup
[2019-10-14T07:45:01.526+0000][1][safepoint    ] Leaving safepoint region
[2019-10-14T07:45:01.526+0000][1][safepoint    ] Total time for which application threads were stopped: 0.0015883 seconds, Stopping threads took: 0.0010298 seconds
[2019-10-14T07:45:02.527+0000][1][safepoint    ] Application time: 1.0003275 seconds
[2019-10-14T07:45:02.528+0000][1][safepoint    ] Entering safepoint region: Cleanup
[2019-10-14T07:45:02.528+0000][1][safepoint    ] Leaving safepoint region
[2019-10-14T07:45:02.529+0000][1][safepoint    ] Total time for which application threads were stopped: 0.0011621 seconds, Stopping threads took: 0.0004994 seconds
[2019-10-14T07:45:03.508+0000][1][safepoint    ] Application time: 1.0008106 seconds
[2019-10-14T07:45:03.509+0000][1][safepoint    ] Entering safepoint region: Cleanup
[2019-10-14T07:45:03.511+0000][1][safepoint    ] Leaving safepoint region
[2019-10-14T07:45:03.511+0000][1][safepoint    ] Total time for which application threads were stopped: 0.0020947 seconds, Stopping threads took: 0.0014927 seconds
[2019-10-14T07:45:04.515+0000][1][safepoint    ] Application time: 1.0030235 seconds
[2019-10-14T07:45:04.516+0000][1][safepoint    ] Entering safepoint region: Cleanup
[2019-10-14T07:45:04.516+0000][1][safepoint    ] Leaving safepoint region
[2019-10-14T07:45:04.517+0000][1][safepoint    ] Total time for which application threads were stopped: 0.0011399 seconds, Stopping threads took: 0.0005756 seconds
[2019-10-14T07:45:05.518+0000][1][safepoint    ] Application time: 1.0004720 seconds
[2019-10-14T07:45:05.518+0000][1][safepoint    ] Entering safepoint region: Cleanup
[2019-10-14T07:45:05.519+0000][1][safepoint    ] Leaving safepoint region
[2019-10-14T07:45:05.519+0000][1][safepoint    ] Total time for which application threads were stopped: 0.0009150 seconds, Stopping threads took: 0.0004619 seconds
[2019-10-14T07:45:06.521+0000][1][safepoint    ] Application time: 1.0009189 seconds
[2019-10-14T07:45:06.522+0000][1][safepoint    ] Entering safepoint region: Cleanup
[2019-10-14T07:45:06.523+0000][1][safepoint    ] Leaving safepoint region
[2019-10-14T07:45:06.523+0000][1][safepoint    ] Total time for which application threads were stopped: 0.0018137 seconds, Stopping threads took: 0.0008145 seconds
[2019-10-14T07:45:07.525+0000][1][safepoint    ] Application time: 1.0008993 seconds
[2019-10-14T07:45:07.526+0000][1][safepoint    ] Entering safepoint region: Cleanup
[2019-10-14T07:45:07.526+0000][1][safepoint    ] Leaving safepoint region
[2019-10-14T07:45:07.527+0000][1][safepoint    ] Total time for which application threads were stopped: 0.0012891 seconds, Stopping threads took: 0.0005771 seconds
[2019-10-14T07:45:08.528+0000][1][safepoint    ] Application time: 1.0004355 seconds
[2019-10-14T07:45:08.529+0000][1][safepoint    ] Entering safepoint region: Cleanup
[2019-10-14T07:45:08.529+0000][1][safepoint    ] Leaving safepoint region
[2019-10-14T07:45:08.530+0000][1][safepoint    ] Total time for which application threads were stopped: 0.0011247 seconds, Stopping threads took: 0.0006657 seconds
[2019-10-14T07:45:09.531+0000][1][safepoint    ] Application time: 1.0006787 seconds
[2019-10-14T07:45:09.532+0000][1][safepoint    ] Entering safepoint region: Cleanup
[2019-10-14T07:45:09.533+0000][1][safepoint    ] Leaving safepoint region
[2019-10-14T07:45:09.533+0000][1][safepoint    ] Total time for which application threads were stopped: 0.0016663 seconds, Stopping threads took: 0.0009600 seconds
[2019-10-14T07:45:10.535+0000][1][safepoint    ] Application time: 1.0010078 seconds
[2019-10-14T07:45:10.540+0000][1][safepoint    ] Entering safepoint region: Cleanup
[2019-10-14T07:45:10.553+0000][1][safepoint    ] Leaving safepoint region
[2019-10-14T07:45:10.558+0000][1][safepoint    ] Total time for which application threads were stopped: 0.0177182 seconds, Stopping threads took: 0.0126985 seconds
[2019-10-14T07:45:11.437+0000][1][safepoint    ] Application time: 0.8707074 seconds
[2019-10-14T07:45:11.438+0000][1][safepoint    ] Entering safepoint region: BulkRevokeBias
[2019-10-14T07:45:11.439+0000][1][safepoint    ] Leaving safepoint region
[2019-10-14T07:45:11.439+0000][1][safepoint    ] Total time for which application threads were stopped: 0.0011758 seconds, Stopping threads took: 0.0004161 seconds
[2019-10-14T07:45:12.440+0000][1][safepoint    ] Application time: 1.0006806 seconds
[2019-10-14T07:45:12.441+0000][1][safepoint    ] Entering safepoint region: Cleanup
[2019-10-14T07:45:12.442+0000][1][safepoint    ] Leaving safepoint region
[2019-10-14T07:45:12.442+0000][1][safepoint    ] Total time for which application threads were stopped: 0.0013556 seconds, Stopping threads took: 0.0007378 seconds
[2019-10-14T07:45:13.444+0000][1][safepoint    ] Application time: 1.0007252 seconds
[2019-10-14T07:45:13.445+0000][1][safepoint    ] Entering safepoint region: Cleanup
[2019-10-14T07:45:13.446+0000][1][safepoint    ] Leaving safepoint region
[2019-10-14T07:45:13.447+0000][1][safepoint    ] Total time for which application threads were stopped: 0.0014913 seconds, Stopping threads took: 0.0006236 seconds
[2019-10-14T07:45:14.449+0000][1][safepoint    ] Application time: 1.0016376 seconds
[2019-10-14T07:45:14.450+0000][1][safepoint    ] Entering safepoint region: Cleanup
[2019-10-14T07:45:14.451+0000][1][safepoint    ] Leaving safepoint region
[2019-10-14T07:45:14.452+0000][1][safepoint    ] Total time for which application threads were stopped: 0.0021327 seconds, Stopping threads took: 0.0010795 seconds
[2019-10-14T07:45:15.453+0000][1][safepoint    ] Application time: 1.0008383 seconds
[2019-10-14T07:45:15.454+0000][1][safepoint    ] Entering safepoint region: Cleanup
[2019-10-14T07:45:15.455+0000][1][safepoint    ] Leaving safepoint region
[2019-10-14T07:45:15.455+0000][1][safepoint    ] Total time for which application threads were stopped: 0.0014666 seconds, Stopping threads took: 0.0007060 seconds
[2019-10-14T07:45:16.460+0000][1][safepoint    ] Application time: 1.0040083 seconds
[2019-10-14T07:45:16.461+0000][1][safepoint    ] Entering safepoint region: Cleanup
[2019-10-14T07:45:16.461+0000][1][safepoint    ] Leaving safepoint region
[2019-10-14T07:45:16.462+0000][1][safepoint    ] Total time for which application threads were stopped: 0.0009917 seconds, Stopping threads took: 0.0005323 seconds
[2019-10-14T07:45:17.462+0000][1][safepoint    ] Application time: 1.0003016 seconds
[2019-10-14T07:45:17.463+0000][1][safepoint    ] Entering safepoint region: Cleanup
[2019-10-14T07:45:17.464+0000][1][safepoint    ] Leaving safepoint region
[2019-10-14T07:45:17.464+0000][1][safepoint    ] Total time for which application threads were stopped: 0.0015165 seconds, Stopping threads took: 0.0005618 seconds
[2019-10-14T07:45:18.468+0000][1][safepoint    ] Application time: 1.0032454 seconds
[2019-10-14T07:45:18.469+0000][1][safepoint    ] Entering safepoint region: Cleanup
[2019-10-14T07:45:18.470+0000][1][safepoint    ] Leaving safepoint region
[2019-10-14T07:45:18.470+0000][1][safepoint    ] Total time for which application threads were stopped: 0.0012947 seconds, Stopping threads took: 0.0006283 seconds
[2019-10-14T07:45:19.471+0000][1][safepoint    ] Application time: 1.0003049 seconds
[2019-10-14T07:45:19.472+0000][1][safepoint    ] Entering safepoint region: Cleanup
[2019-10-14T07:45:19.473+0000][1][safepoint    ] Leaving safepoint region
[2019-10-14T07:45:19.473+0000][1][safepoint    ] Total time for which application threads were stopped: 0.0011712 seconds, Stopping threads took: 0.0004913 seconds
[2019-10-14T07:45:20.475+0000][1][safepoint    ] Application time: 1.0005360 seconds
[2019-10-14T07:45:20.476+0000][1][safepoint    ] Entering safepoint region: Cleanup
[2019-10-14T07:45:20.477+0000][1][safepoint    ] Leaving safepoint region
[2019-10-14T07:45:20.477+0000][1][safepoint    ] Total time for which application threads were stopped: 0.0015000 seconds, Stopping threads took: 0.0008307 seconds
[2019-10-14T07:45:21.480+0000][1][safepoint    ] Application time: 1.0022725 seconds
[2019-10-14T07:45:21.481+0000][1][safepoint    ] Entering safepoint region: Cleanup
[2019-10-14T07:45:21.481+0000][1][safepoint    ] Leaving safepoint region
[2019-10-14T07:45:21.482+0000][1][safepoint    ] Total time for which application threads were stopped: 0.0010944 seconds, Stopping threads took: 0.0004421 seconds
[2019-10-14T07:45:22.483+0000][1][safepoint    ] Application time: 1.0012754 seconds
[2019-10-14T07:45:22.484+0000][1][safepoint    ] Entering safepoint region: Cleanup
[2019-10-14T07:45:22.485+0000][1][safepoint    ] Leaving safepoint region
[2019-10-14T07:45:22.486+0000][1][safepoint    ] Total time for which application threads were stopped: 0.0017703 seconds, Stopping threads took: 0.0008057 seconds
[2019-10-14T07:45:23.488+0000][1][safepoint    ] Application time: 1.0019933 seconds
[2019-10-14T07:45:23.489+0000][1][safepoint    ] Entering safepoint region: Cleanup
[2019-10-14T07:45:23.490+0000][1][safepoint    ] Leaving safepoint region
[2019-10-14T07:45:23.490+0000][1][safepoint    ] Total time for which application threads were stopped: 0.0011413 seconds, Stopping threads took: 0.0006045 seconds
[2019-10-14T07:45:24.491+0000][1][safepoint    ] Application time: 1.0003388 seconds
[2019-10-14T07:45:24.492+0000][1][safepoint    ] Entering safepoint region: Cleanup
[2019-10-14T07:45:24.492+0000][1][safepoint    ] Leaving safepoint region
[2019-10-14T07:45:24.493+0000][1][safepoint    ] Total time for which application threads were stopped: 0.0009684 seconds, Stopping threads took: 0.0004406 seconds
[2019-10-14T07:45:25.494+0000][1][safepoint    ] Application time: 1.0003656 seconds
[2019-10-14T07:45:25.494+0000][1][safepoint    ] Entering safepoint region: Cleanup
[2019-10-14T07:45:25.495+0000][1][safepoint    ] Leaving safepoint region
[2019-10-14T07:45:25.495+0000][1][safepoint    ] Total time for which application threads were stopped: 0.0010917 seconds, Stopping threads took: 0.0005066 seconds
[2019-10-14T07:45:26.496+0000][1][safepoint    ] Application time: 1.0002981 seconds
[2019-10-14T07:45:26.497+0000][1][safepoint    ] Entering safepoint region: Cleanup
[2019-10-14T07:45:26.497+0000][1][safepoint    ] Leaving safepoint region
[2019-10-14T07:45:26.498+0000][1][safepoint    ] Total time for which application threads were stopped: 0.0008841 seconds, Stopping threads took: 0.0003658 seconds
[2019-10-14T07:45:27.501+0000][1][safepoint    ] Application time: 1.0026153 seconds
[2019-10-14T07:45:27.501+0000][1][safepoint    ] Entering safepoint region: Cleanup
[2019-10-14T07:45:27.502+0000][1][safepoint    ] Leaving safepoint region
[2019-10-14T07:45:27.503+0000][1][safepoint    ] Total time for which application threads were stopped: 0.0011090 seconds, Stopping threads took: 0.0005407 seconds
[2019-10-14T07:45:28.505+0000][1][safepoint    ] Application time: 1.0015384 seconds
[2019-10-14T07:45:28.505+0000][1][safepoint    ] Entering safepoint region: Cleanup
[2019-10-14T07:45:28.506+0000][1][safepoint    ] Leaving safepoint region
[2019-10-14T07:45:28.506+0000][1][safepoint    ] Total time for which application threads were stopped: 0.0011662 seconds, Stopping threads took: 0.0005411 seconds
[2019-10-14T07:45:29.507+0000][1][safepoint    ] Application time: 1.0002671 seconds
[2019-10-14T07:45:29.508+0000][1][safepoint    ] Entering safepoint region: Cleanup
[2019-10-14T07:45:29.509+0000][1][safepoint    ] Leaving safepoint region
[2019-10-14T07:45:29.509+0000][1][safepoint    ] Total time for which application threads were stopped: 0.0009834 seconds, Stopping threads took: 0.0004697 seconds
[2019-10-14T07:45:30.510+0000][1][safepoint    ] Application time: 1.0006136 seconds
[2019-10-14T07:45:30.511+0000][1][safepoint    ] Entering safepoint region: Cleanup
[2019-10-14T07:45:30.511+0000][1][safepoint    ] Leaving safepoint region
[2019-10-14T07:45:30.512+0000][1][safepoint    ] Total time for which application threads were stopped: 0.0010008 seconds, Stopping threads took: 0.0004807 seconds
[2019-10-14T07:45:31.513+0000][1][safepoint    ] Application time: 1.0005579 seconds
[2019-10-14T07:45:31.513+0000][1][safepoint    ] Entering safepoint region: Cleanup
[2019-10-14T07:45:31.523+0000][1][safepoint    ] Leaving safepoint region
[2019-10-14T07:45:31.524+0000][1][safepoint    ] Total time for which application threads were stopped: 0.0107472 seconds, Stopping threads took: 0.0097954 seconds
[2019-10-14T07:45:32.525+0000][1][safepoint    ] Application time: 1.0006646 seconds
[2019-10-14T07:45:32.526+0000][1][safepoint    ] Entering safepoint region: Cleanup
[2019-10-14T07:45:32.527+0000][1][safepoint    ] Leaving safepoint region
[2019-10-14T07:45:32.527+0000][1][safepoint    ] Total time for which application threads were stopped: 0.0010276 seconds, Stopping threads took: 0.0005469 seconds
[2019-10-14T07:45:33.508+0000][1][safepoint    ] Application time: 1.0013572 seconds
[2019-10-14T07:45:33.509+0000][1][safepoint    ] Entering safepoint region: Cleanup
[2019-10-14T07:45:33.510+0000][1][safepoint    ] Leaving safepoint region
[2019-10-14T07:45:33.510+0000][1][safepoint    ] Total time for which application threads were stopped: 0.0009930 seconds, Stopping threads took: 0.0005605 seconds
[2019-10-14T07:45:34.511+0000][1][safepoint    ] Application time: 1.0004102 seconds
[2019-10-14T07:45:34.512+0000][1][safepoint    ] Entering safepoint region: Cleanup
[2019-10-14T07:45:34.513+0000][1][safepoint    ] Leaving safepoint region
[2019-10-14T07:45:34.513+0000][1][safepoint    ] Total time for which application threads were stopped: 0.0013518 seconds, Stopping threads took: 0.0006589 seconds
[2019-10-14T07:45:35.516+0000][1][safepoint    ] Application time: 1.0020186 seconds
[2019-10-14T07:45:35.518+0000][1][safepoint    ] Entering safepoint region: Cleanup
[2019-10-14T07:45:35.519+0000][1][safepoint    ] Leaving safepoint region
[2019-10-14T07:45:35.519+0000][1][safepoint    ] Total time for which application threads were stopped: 0.0013966 seconds, Stopping threads took: 0.0006566 seconds
[2019-10-14T07:45:36.520+0000][1][safepoint    ] Application time: 1.0004626 seconds
[2019-10-14T07:45:36.521+0000][1][safepoint    ] Entering safepoint region: Cleanup
[2019-10-14T07:45:36.521+0000][1][safepoint    ] Leaving safepoint region
[2019-10-14T07:45:36.522+0000][1][safepoint    ] Total time for which application threads were stopped: 0.0008519 seconds, Stopping threads took: 0.0004081 seconds
[2019-10-14T07:45:37.522+0000][1][safepoint    ] Application time: 1.0006960 seconds
[2019-10-14T07:45:37.523+0000][1][safepoint    ] Entering safepoint region: Cleanup
[2019-10-14T07:45:37.524+0000][1][safepoint    ] Leaving safepoint region
[2019-10-14T07:45:37.524+0000][1][safepoint    ] Total time for which application threads were stopped: 0.0009681 seconds, Stopping threads took: 0.0004563 seconds
[2019-10-14T07:45:38.525+0000][1][safepoint    ] Application time: 1.0008092 seconds
[2019-10-14T07:45:38.526+0000][1][safepoint    ] Entering safepoint region: Cleanup
[2019-10-14T07:45:38.527+0000][1][safepoint    ] Leaving safepoint region
[2019-10-14T07:45:38.528+0000][1][safepoint    ] Total time for which application threads were stopped: 0.0019679 seconds, Stopping threads took: 0.0011491 seconds
[2019-10-14T07:45:39.530+0000][1][safepoint    ] Application time: 1.0014147 seconds
[2019-10-14T07:45:39.531+0000][1][safepoint    ] Entering safepoint region: Cleanup
[2019-10-14T07:45:39.531+0000][1][safepoint    ] Leaving safepoint region
[2019-10-14T07:45:39.532+0000][1][safepoint    ] Total time for which application threads were stopped: 0.0012980 seconds, Stopping threads took: 0.0005262 seconds
[2019-10-14T07:45:40.534+0000][1][safepoint    ] Application time: 1.0009871 seconds
[2019-10-14T07:45:40.535+0000][1][safepoint    ] Entering safepoint region: Cleanup
[2019-10-14T07:45:40.536+0000][1][safepoint    ] Leaving safepoint region
[2019-10-14T07:45:40.537+0000][1][safepoint    ] Total time for which application threads were stopped: 0.0023160 seconds, Stopping threads took: 0.0008187 seconds
[2019-10-14T07:45:41.538+0000][1][safepoint    ] Application time: 1.0005198 seconds
[2019-10-14T07:45:41.541+0000][1][safepoint    ] Entering safepoint region: Cleanup
[2019-10-14T07:45:41.541+0000][1][safepoint    ] Leaving safepoint region
[2019-10-14T07:45:41.542+0000][1][safepoint    ] Total time for which application threads were stopped: 0.0011472 seconds, Stopping threads took: 0.0003695 seconds
[2019-10-14T07:45:42.546+0000][1][safepoint    ] Application time: 1.0039386 seconds
[2019-10-14T07:45:42.547+0000][1][safepoint    ] Entering safepoint region: Cleanup
[2019-10-14T07:45:42.548+0000][1][safepoint    ] Leaving safepoint region
[2019-10-14T07:45:42.549+0000][1][safepoint    ] Total time for which application threads were stopped: 0.0018015 seconds, Stopping threads took: 0.0009163 seconds
[2019-10-14T07:45:43.550+0000][1][safepoint    ] Application time: 1.0004579 seconds
[2019-10-14T07:45:43.551+0000][1][safepoint    ] Entering safepoint region: Cleanup
[2019-10-14T07:45:43.551+0000][1][safepoint    ] Leaving safepoint region
[2019-10-14T07:45:43.552+0000][1][safepoint    ] Total time for which application threads were stopped: 0.0011723 seconds, Stopping threads took: 0.0005517 seconds
[2019-10-14T07:45:44.552+0000][1][safepoint    ] Application time: 1.0001804 seconds
[2019-10-14T07:45:44.553+0000][1][safepoint    ] Entering safepoint region: Cleanup
[2019-10-14T07:45:44.554+0000][1][safepoint    ] Leaving safepoint region
[2019-10-14T07:45:44.554+0000][1][safepoint    ] Total time for which application threads were stopped: 0.0012510 seconds, Stopping threads took: 0.0005725 seconds
[2019-10-14T07:45:45.557+0000][1][safepoint    ] Application time: 1.0020939 seconds
[2019-10-14T07:45:45.558+0000][1][safepoint    ] Entering safepoint region: Cleanup
[2019-10-14T07:45:45.558+0000][1][safepoint    ] Leaving safepoint region
[2019-10-14T07:45:45.559+0000][1][safepoint    ] Total time for which application threads were stopped: 0.0011768 seconds, Stopping threads took: 0.0005679 seconds
[2019-10-14T07:45:46.561+0000][1][safepoint    ] Application time: 1.0014506 seconds
[2019-10-14T07:45:46.562+0000][1][safepoint    ] Entering safepoint region: Cleanup
[2019-10-14T07:45:46.564+0000][1][safepoint    ] Leaving safepoint region
[2019-10-14T07:45:46.566+0000][1][safepoint    ] Total time for which application threads were stopped: 0.0039248 seconds, Stopping threads took: 0.0020537 seconds
[2019-10-14T07:45:47.567+0000][1][safepoint    ] Application time: 1.0005524 seconds
[2019-10-14T07:45:47.567+0000][1][safepoint    ] Entering safepoint region: Cleanup
[2019-10-14T07:45:47.568+0000][1][safepoint    ] Leaving safepoint region
[2019-10-14T07:45:47.569+0000][1][safepoint    ] Total time for which application threads were stopped: 0.0012705 seconds, Stopping threads took: 0.0003099 seconds
[2019-10-14T07:45:48.570+0000][1][safepoint    ] Application time: 1.0011476 seconds
[2019-10-14T07:45:48.571+0000][1][safepoint    ] Entering safepoint region: Cleanup
[2019-10-14T07:45:48.572+0000][1][safepoint    ] Leaving safepoint region
[2019-10-14T07:45:48.572+0000][1][safepoint    ] Total time for which application threads were stopped: 0.0009846 seconds, Stopping threads took: 0.0005049 seconds
[2019-10-14T07:45:49.573+0000][1][safepoint    ] Application time: 1.0003904 seconds
[2019-10-14T07:45:49.573+0000][1][safepoint    ] Entering safepoint region: Cleanup
[2019-10-14T07:45:49.574+0000][1][safepoint    ] Leaving safepoint region
[2019-10-14T07:45:49.575+0000][1][safepoint    ] Total time for which application threads were stopped: 0.0012897 seconds, Stopping threads took: 0.0006420 seconds
[2019-10-14T07:45:50.578+0000][1][safepoint    ] Application time: 1.0028235 seconds
[2019-10-14T07:45:50.579+0000][1][safepoint    ] Entering safepoint region: Cleanup
[2019-10-14T07:45:50.580+0000][1][safepoint    ] Leaving safepoint region
[2019-10-14T07:45:50.582+0000][1][safepoint    ] Total time for which application threads were stopped: 0.0031958 seconds, Stopping threads took: 0.0006676 seconds
[2019-10-14T07:45:51.586+0000][1][safepoint    ] Application time: 1.0014334 seconds
[2019-10-14T07:45:51.588+0000][1][safepoint    ] Entering safepoint region: Cleanup
[2019-10-14T07:45:51.590+0000][1][safepoint    ] Leaving safepoint region
[2019-10-14T07:45:51.590+0000][1][safepoint    ] Total time for which application threads were stopped: 0.0027151 seconds, Stopping threads took: 0.0018165 seconds
[2019-10-14T07:45:52.593+0000][1][safepoint    ] Application time: 1.0025928 seconds
[2019-10-14T07:45:52.594+0000][1][safepoint    ] Entering safepoint region: Cleanup
[2019-10-14T07:45:52.595+0000][1][safepoint    ] Leaving safepoint region
[2019-10-14T07:45:52.596+0000][1][safepoint    ] Total time for which application threads were stopped: 0.0017135 seconds, Stopping threads took: 0.0007211 seconds
[2019-10-14T07:45:53.599+0000][1][safepoint    ] Application time: 1.0022610 seconds
[2019-10-14T07:45:53.601+0000][1][safepoint    ] Entering safepoint region: Cleanup
[2019-10-14T07:45:53.603+0000][1][safepoint    ] Leaving safepoint region
[2019-10-14T07:45:53.604+0000][1][safepoint    ] Total time for which application threads were stopped: 0.0026696 seconds, Stopping threads took: 0.0021675 seconds
[2019-10-14T07:45:54.609+0000][1][safepoint    ] Application time: 1.0031522 seconds
[2019-10-14T07:45:54.610+0000][1][safepoint    ] Entering safepoint region: Cleanup
[2019-10-14T07:45:54.610+0000][1][safepoint    ] Leaving safepoint region
[2019-10-14T07:45:54.611+0000][1][safepoint    ] Total time for which application threads were stopped: 0.0009355 seconds, Stopping threads took: 0.0004520 seconds
[2019-10-14T07:45:55.612+0000][1][safepoint    ] Application time: 1.0008529 seconds
[2019-10-14T07:45:55.612+0000][1][safepoint    ] Entering safepoint region: Cleanup
[2019-10-14T07:45:55.613+0000][1][safepoint    ] Leaving safepoint region
[2019-10-14T07:45:55.613+0000][1][safepoint    ] Total time for which application threads were stopped: 0.0008592 seconds, Stopping threads took: 0.0003410 seconds
[2019-10-14T07:45:56.614+0000][1][safepoint    ] Application time: 1.0006043 seconds
[2019-10-14T07:45:56.615+0000][1][safepoint    ] Entering safepoint region: Cleanup
[2019-10-14T07:45:56.616+0000][1][safepoint    ] Leaving safepoint region
[2019-10-14T07:45:56.616+0000][1][safepoint    ] Total time for which application threads were stopped: 0.0010856 seconds, Stopping threads took: 0.0005042 seconds
[2019-10-14T07:45:57.617+0000][1][safepoint    ] Application time: 1.0004545 seconds
[2019-10-14T07:45:57.618+0000][1][safepoint    ] Entering safepoint region: Cleanup
[2019-10-14T07:45:57.619+0000][1][safepoint    ] Leaving safepoint region
[2019-10-14T07:45:57.619+0000][1][safepoint    ] Total time for which application threads were stopped: 0.0014199 seconds, Stopping threads took: 0.0005386 seconds
[2019-10-14T07:45:58.620+0000][1][safepoint    ] Application time: 1.0002951 seconds
[2019-10-14T07:45:58.621+0000][1][safepoint    ] Entering safepoint region: Cleanup
[2019-10-14T07:45:58.622+0000][1][safepoint    ] Leaving safepoint region
[2019-10-14T07:45:58.623+0000][1][safepoint    ] Total time for which application threads were stopped: 0.0014204 seconds, Stopping threads took: 0.0006229 seconds
[2019-10-14T07:45:59.626+0000][1][safepoint    ] Application time: 1.0025482 seconds
[2019-10-14T07:45:59.627+0000][1][safepoint    ] Entering safepoint region: Cleanup
[2019-10-14T07:45:59.628+0000][1][safepoint    ] Leaving safepoint region
[2019-10-14T07:45:59.628+0000][1][safepoint    ] Total time for which application threads were stopped: 0.0015822 seconds, Stopping threads took: 0.0009770 seconds
[2019-10-14T07:46:00.247+0000][1][safepoint    ] Application time: 0.6179718 seconds
[2019-10-14T07:46:00.247+0000][1][safepoint    ] Entering safepoint region: GenCollectForAllocation
[2019-10-14T07:46:00.248+0000][1][gc,start     ] GC(34) Pause Young (Allocation Failure)
[2019-10-14T07:46:00.248+0000][1][gc,task      ] GC(34) Using 2 workers of 2 for evacuation
[2019-10-14T07:46:00.254+0000][1][gc,age       ] GC(34) Desired survivor size 4456448 bytes, new threshold 6 (max threshold 6)
[2019-10-14T07:46:00.254+0000][1][gc,age       ] GC(34) Age table with threshold 6 (max threshold 6)
[2019-10-14T07:46:00.255+0000][1][gc,age       ] GC(34) - age   1:      24232 bytes,      24232 total
[2019-10-14T07:46:00.255+0000][1][gc,age       ] GC(34) - age   2:       5384 bytes,      29616 total
[2019-10-14T07:46:00.255+0000][1][gc,age       ] GC(34) - age   3:      83160 bytes,     112776 total
[2019-10-14T07:46:00.256+0000][1][gc,age       ] GC(34) - age   4:      90712 bytes,     203488 total
[2019-10-14T07:46:00.256+0000][1][gc,age       ] GC(34) - age   5:       9328 bytes,     212816 total
[2019-10-14T07:46:00.256+0000][1][gc,age       ] GC(34) - age   6:     318720 bytes,     531536 total
[2019-10-14T07:46:00.257+0000][1][gc,heap      ] GC(34) ParNew: 71280K->939K(78656K)
[2019-10-14T07:46:00.258+0000][1][gc,heap      ] GC(34) CMS: 71665K->71927K(174784K)
[2019-10-14T07:46:00.258+0000][1][gc,metaspace ] GC(34) Metaspace: 80780K->80780K(1122304K)
[2019-10-14T07:46:00.258+0000][1][gc           ] GC(34) Pause Young (Allocation Failure) 139M->71M(247M) 10.747ms
[2019-10-14T07:46:00.259+0000][1][gc,cpu       ] GC(34) User=0.01s Sys=0.00s Real=0.01s
[2019-10-14T07:46:00.259+0000][1][safepoint    ] Leaving safepoint region
[2019-10-14T07:46:00.260+0000][1][safepoint    ] Total time for which application threads were stopped: 0.0123461 seconds, Stopping threads took: 0.0003848 seconds
[2019-10-14T07:46:01.260+0000][1][safepoint    ] Application time: 1.0002055 seconds
[2019-10-14T07:46:01.261+0000][1][safepoint    ] Entering safepoint region: Cleanup
[2019-10-14T07:46:01.262+0000][1][safepoint    ] Leaving safepoint region
[2019-10-14T07:46:01.262+0000][1][safepoint    ] Total time for which application threads were stopped: 0.0015461 seconds, Stopping threads took: 0.0004984 seconds
[2019-10-14T07:46:02.263+0000][1][safepoint    ] Application time: 1.0003107 seconds
[2019-10-14T07:46:02.264+0000][1][safepoint    ] Entering safepoint region: Cleanup
[2019-10-14T07:46:02.264+0000][1][safepoint    ] Leaving safepoint region
[2019-10-14T07:46:02.265+0000][1][safepoint    ] Total time for which application threads were stopped: 0.0007823 seconds, Stopping threads took: 0.0003695 seconds
[2019-10-14T07:46:03.266+0000][1][safepoint    ] Application time: 1.0007783 seconds
[2019-10-14T07:46:03.271+0000][1][safepoint    ] Entering safepoint region: Cleanup
[2019-10-14T07:46:03.273+0000][1][safepoint    ] Leaving safepoint region
[2019-10-14T07:46:03.274+0000][1][safepoint    ] Total time for which application threads were stopped: 0.0025582 seconds, Stopping threads took: 0.0016652 seconds
[2019-10-14T07:46:04.253+0000][1][safepoint    ] Application time: 1.0009920 seconds
[2019-10-14T07:46:04.254+0000][1][safepoint    ] Entering safepoint region: Cleanup
[2019-10-14T07:46:04.255+0000][1][safepoint    ] Leaving safepoint region
[2019-10-14T07:46:04.256+0000][1][safepoint    ] Total time for which application threads were stopped: 0.0018219 seconds, Stopping threads took: 0.0012401 seconds
[2019-10-14T07:46:05.257+0000][1][safepoint    ] Application time: 1.0002896 seconds
[2019-10-14T07:46:05.257+0000][1][safepoint    ] Entering safepoint region: Cleanup
[2019-10-14T07:46:05.258+0000][1][safepoint    ] Leaving safepoint region
[2019-10-14T07:46:05.258+0000][1][safepoint    ] Total time for which application threads were stopped: 0.0008534 seconds, Stopping threads took: 0.0004409 seconds
[2019-10-14T07:46:06.259+0000][1][safepoint    ] Application time: 1.0010019 seconds
[2019-10-14T07:46:06.260+0000][1][safepoint    ] Entering safepoint region: Cleanup
[2019-10-14T07:46:06.260+0000][1][safepoint    ] Leaving safepoint region
[2019-10-14T07:46:06.261+0000][1][safepoint    ] Total time for which application threads were stopped: 0.0008462 seconds, Stopping threads took: 0.0004409 seconds
[2019-10-14T07:46:07.261+0000][1][safepoint    ] Application time: 1.0004897 seconds
[2019-10-14T07:46:07.262+0000][1][safepoint    ] Entering safepoint region: Cleanup
[2019-10-14T07:46:07.263+0000][1][safepoint    ] Leaving safepoint region
[2019-10-14T07:46:07.263+0000][1][safepoint    ] Total time for which application threads were stopped: 0.0010112 seconds, Stopping threads took: 0.0003076 seconds
[2019-10-14T07:46:08.264+0000][1][safepoint    ] Application time: 1.0003300 seconds
[2019-10-14T07:46:08.265+0000][1][safepoint    ] Entering safepoint region: Cleanup
[2019-10-14T07:46:08.265+0000][1][safepoint    ] Leaving safepoint region
[2019-10-14T07:46:08.266+0000][1][safepoint    ] Total time for which application threads were stopped: 0.0010503 seconds, Stopping threads took: 0.0004911 seconds
[2019-10-14T07:46:09.268+0000][1][safepoint    ] Application time: 1.0017328 seconds
[2019-10-14T07:46:09.269+0000][1][safepoint    ] Entering safepoint region: Cleanup
[2019-10-14T07:46:09.269+0000][1][safepoint    ] Leaving safepoint region
[2019-10-14T07:46:09.270+0000][1][safepoint    ] Total time for which application threads were stopped: 0.0012662 seconds, Stopping threads took: 0.0005343 seconds
[2019-10-14T07:46:10.270+0000][1][safepoint    ] Application time: 1.0002063 seconds
[2019-10-14T07:46:10.271+0000][1][safepoint    ] Entering safepoint region: Cleanup
[2019-10-14T07:46:10.271+0000][1][safepoint    ] Leaving safepoint region
[2019-10-14T07:46:10.271+0000][1][safepoint    ] Total time for which application threads were stopped: 0.0006465 seconds, Stopping threads took: 0.0003248 seconds
[2019-10-14T07:46:11.273+0000][1][safepoint    ] Application time: 1.0007780 seconds
[2019-10-14T07:46:11.273+0000][1][safepoint    ] Entering safepoint region: Cleanup
[2019-10-14T07:46:11.274+0000][1][safepoint    ] Leaving safepoint region
[2019-10-14T07:46:11.274+0000][1][safepoint    ] Total time for which application threads were stopped: 0.0010681 seconds, Stopping threads took: 0.0005763 seconds
[2019-10-14T07:46:11.420+0000][1][safepoint    ] Application time: 0.1450327 seconds
[2019-10-14T07:46:11.420+0000][1][safepoint    ] Entering safepoint region: RevokeBias
[2019-10-14T07:46:11.421+0000][1][safepoint    ] Leaving safepoint region
[2019-10-14T07:46:11.421+0000][1][safepoint    ] Total time for which application threads were stopped: 0.0009387 seconds, Stopping threads took: 0.0004759 seconds
[2019-10-14T07:46:12.422+0000][1][safepoint    ] Application time: 1.0002323 seconds
[2019-10-14T07:46:12.422+0000][1][safepoint    ] Entering safepoint region: Cleanup
[2019-10-14T07:46:12.423+0000][1][safepoint    ] Leaving safepoint region
[2019-10-14T07:46:12.423+0000][1][safepoint    ] Total time for which application threads were stopped: 0.0010425 seconds, Stopping threads took: 0.0005200 seconds
[2019-10-14T07:46:13.426+0000][1][safepoint    ] Application time: 1.0020663 seconds
[2019-10-14T07:46:13.426+0000][1][safepoint    ] Entering safepoint region: Cleanup
[2019-10-14T07:46:13.427+0000][1][safepoint    ] Leaving safepoint region
[2019-10-14T07:46:13.428+0000][1][safepoint    ] Total time for which application threads were stopped: 0.0014416 seconds, Stopping threads took: 0.0006864 seconds
[2019-10-14T07:46:14.430+0000][1][safepoint    ] Application time: 1.0007225 seconds
[2019-10-14T07:46:14.430+0000][1][safepoint    ] Entering safepoint region: Cleanup
[2019-10-14T07:46:14.431+0000][1][safepoint    ] Leaving safepoint region
[2019-10-14T07:46:14.431+0000][1][safepoint    ] Total time for which application threads were stopped: 0.0009149 seconds, Stopping threads took: 0.0004230 seconds
[2019-10-14T07:46:15.432+0000][1][safepoint    ] Application time: 1.0005681 seconds
[2019-10-14T07:46:15.433+0000][1][safepoint    ] Entering safepoint region: Cleanup
[2019-10-14T07:46:15.433+0000][1][safepoint    ] Leaving safepoint region
[2019-10-14T07:46:15.434+0000][1][safepoint    ] Total time for which application threads were stopped: 0.0010182 seconds, Stopping threads took: 0.0005051 seconds
[2019-10-14T07:46:16.437+0000][1][safepoint    ] Application time: 1.0030101 seconds
[2019-10-14T07:46:16.438+0000][1][safepoint    ] Entering safepoint region: Cleanup
[2019-10-14T07:46:16.440+0000][1][safepoint    ] Leaving safepoint region
[2019-10-14T07:46:16.440+0000][1][safepoint    ] Total time for which application threads were stopped: 0.0020160 seconds, Stopping threads took: 0.0011599 seconds
[2019-10-14T07:46:17.441+0000][1][safepoint    ] Application time: 1.0005114 seconds
[2019-10-14T07:46:17.442+0000][1][safepoint    ] Entering safepoint region: Cleanup
[2019-10-14T07:46:17.442+0000][1][safepoint    ] Leaving safepoint region
[2019-10-14T07:46:17.443+0000][1][safepoint    ] Total time for which application threads were stopped: 0.0007768 seconds, Stopping threads took: 0.0003527 seconds
[2019-10-14T07:46:18.445+0000][1][safepoint    ] Application time: 1.0011975 seconds
[2019-10-14T07:46:18.446+0000][1][safepoint    ] Entering safepoint region: Cleanup
[2019-10-14T07:46:18.446+0000][1][safepoint    ] Leaving safepoint region
[2019-10-14T07:46:18.446+0000][1][safepoint    ] Total time for which application threads were stopped: 0.0009030 seconds, Stopping threads took: 0.0004691 seconds
[2019-10-14T07:46:19.448+0000][1][safepoint    ] Application time: 1.0008852 seconds
[2019-10-14T07:46:19.448+0000][1][safepoint    ] Entering safepoint region: Cleanup
[2019-10-14T07:46:19.449+0000][1][safepoint    ] Leaving safepoint region
[2019-10-14T07:46:19.450+0000][1][safepoint    ] Total time for which application threads were stopped: 0.0013553 seconds, Stopping threads took: 0.0007345 seconds
[2019-10-14T07:46:20.458+0000][1][safepoint    ] Application time: 1.0083731 seconds
[2019-10-14T07:46:20.459+0000][1][safepoint    ] Entering safepoint region: Cleanup
[2019-10-14T07:46:20.459+0000][1][safepoint    ] Leaving safepoint region
[2019-10-14T07:46:20.460+0000][1][safepoint    ] Total time for which application threads were stopped: 0.0005746 seconds, Stopping threads took: 0.0002655 seconds
[2019-10-14T07:46:21.460+0000][1][safepoint    ] Application time: 1.0002784 seconds
[2019-10-14T07:46:21.461+0000][1][safepoint    ] Entering safepoint region: Cleanup
[2019-10-14T07:46:21.462+0000][1][safepoint    ] Leaving safepoint region
[2019-10-14T07:46:21.462+0000][1][safepoint    ] Total time for which application threads were stopped: 0.0014616 seconds, Stopping threads took: 0.0006032 seconds
[2019-10-14T07:46:22.463+0000][1][safepoint    ] Application time: 1.0002533 seconds
[2019-10-14T07:46:22.464+0000][1][safepoint    ] Entering safepoint region: Cleanup
[2019-10-14T07:46:22.464+0000][1][safepoint    ] Leaving safepoint region
[2019-10-14T07:46:22.465+0000][1][safepoint    ] Total time for which application threads were stopped: 0.0009376 seconds, Stopping threads took: 0.0003673 seconds
[2019-10-14T07:46:23.465+0000][1][safepoint    ] Application time: 1.0004796 seconds
[2019-10-14T07:46:23.466+0000][1][safepoint    ] Entering safepoint region: Cleanup
[2019-10-14T07:46:23.467+0000][1][safepoint    ] Leaving safepoint region
[2019-10-14T07:46:23.467+0000][1][safepoint    ] Total time for which application threads were stopped: 0.0008437 seconds, Stopping threads took: 0.0003972 seconds
[2019-10-14T07:46:24.468+0000][1][safepoint    ] Application time: 1.0009895 seconds
[2019-10-14T07:46:24.472+0000][1][safepoint    ] Entering safepoint region: Cleanup
[2019-10-14T07:46:24.474+0000][1][safepoint    ] Leaving safepoint region
[2019-10-14T07:46:24.475+0000][1][safepoint    ] Total time for which application threads were stopped: 0.0036047 seconds, Stopping threads took: 0.0016843 seconds
[2019-10-14T07:46:25.478+0000][1][safepoint    ] Application time: 1.0008214 seconds
[2019-10-14T07:46:25.478+0000][1][safepoint    ] Entering safepoint region: Cleanup
[2019-10-14T07:46:25.479+0000][1][safepoint    ] Leaving safepoint region
[2019-10-14T07:46:25.480+0000][1][safepoint    ] Total time for which application threads were stopped: 0.0012001 seconds, Stopping threads took: 0.0004542 seconds
[2019-10-14T07:46:26.485+0000][1][safepoint    ] Application time: 1.0049749 seconds
[2019-10-14T07:46:26.486+0000][1][safepoint    ] Entering safepoint region: Cleanup
[2019-10-14T07:46:26.486+0000][1][safepoint    ] Leaving safepoint region
[2019-10-14T07:46:26.487+0000][1][safepoint    ] Total time for which application threads were stopped: 0.0014550 seconds, Stopping threads took: 0.0005390 seconds
[2019-10-14T07:46:27.489+0000][1][safepoint    ] Application time: 1.0014070 seconds
[2019-10-14T07:46:27.490+0000][1][safepoint    ] Entering safepoint region: Cleanup
[2019-10-14T07:46:27.491+0000][1][safepoint    ] Leaving safepoint region
[2019-10-14T07:46:27.491+0000][1][safepoint    ] Total time for which application threads were stopped: 0.0014448 seconds, Stopping threads took: 0.0008416 seconds
[2019-10-14T07:46:28.492+0000][1][safepoint    ] Application time: 1.0001955 seconds
[2019-10-14T07:46:28.492+0000][1][safepoint    ] Entering safepoint region: Cleanup
[2019-10-14T07:46:28.493+0000][1][safepoint    ] Leaving safepoint region
[2019-10-14T07:46:28.494+0000][1][safepoint    ] Total time for which application threads were stopped: 0.0011286 seconds, Stopping threads took: 0.0007600 seconds
[2019-10-14T07:46:29.495+0000][1][safepoint    ] Application time: 1.0008243 seconds
[2019-10-14T07:46:29.496+0000][1][safepoint    ] Entering safepoint region: Cleanup
[2019-10-14T07:46:29.496+0000][1][safepoint    ] Leaving safepoint region
[2019-10-14T07:46:29.497+0000][1][safepoint    ] Total time for which application threads were stopped: 0.0012119 seconds, Stopping threads took: 0.0006131 seconds
[2019-10-14T07:46:30.497+0000][1][safepoint    ] Application time: 1.0003030 seconds
[2019-10-14T07:46:30.498+0000][1][safepoint    ] Entering safepoint region: Cleanup
[2019-10-14T07:46:30.498+0000][1][safepoint    ] Leaving safepoint region
[2019-10-14T07:46:30.499+0000][1][safepoint    ] Total time for which application threads were stopped: 0.0008943 seconds, Stopping threads took: 0.0003951 seconds
[2019-10-14T07:46:31.501+0000][1][safepoint    ] Application time: 1.0013279 seconds
[2019-10-14T07:46:31.502+0000][1][safepoint    ] Entering safepoint region: Cleanup
[2019-10-14T07:46:31.502+0000][1][safepoint    ] Leaving safepoint region
[2019-10-14T07:46:31.503+0000][1][safepoint    ] Total time for which application threads were stopped: 0.0014711 seconds, Stopping threads took: 0.0007551 seconds
[2019-10-14T07:46:32.504+0000][1][safepoint    ] Application time: 1.0005701 seconds
[2019-10-14T07:46:32.505+0000][1][safepoint    ] Entering safepoint region: Cleanup
[2019-10-14T07:46:32.506+0000][1][safepoint    ] Leaving safepoint region
[2019-10-14T07:46:32.507+0000][1][safepoint    ] Total time for which application threads were stopped: 0.0018416 seconds, Stopping threads took: 0.0012255 seconds
[2019-10-14T07:46:33.486+0000][1][safepoint    ] Application time: 1.0003681 seconds
[2019-10-14T07:46:33.487+0000][1][safepoint    ] Entering safepoint region: Cleanup
[2019-10-14T07:46:33.487+0000][1][safepoint    ] Leaving safepoint region
[2019-10-14T07:46:33.487+0000][1][safepoint    ] Total time for which application threads were stopped: 0.0007013 seconds, Stopping threads took: 0.0003761 seconds
[2019-10-14T07:46:34.488+0000][1][safepoint    ] Application time: 1.0002083 seconds
[2019-10-14T07:46:34.488+0000][1][safepoint    ] Entering safepoint region: Cleanup
[2019-10-14T07:46:34.489+0000][1][safepoint    ] Leaving safepoint region
[2019-10-14T07:46:34.489+0000][1][safepoint    ] Total time for which application threads were stopped: 0.0009590 seconds, Stopping threads took: 0.0003483 seconds
[2019-10-14T07:46:35.490+0000][1][safepoint    ] Application time: 1.0001176 seconds
[2019-10-14T07:46:35.490+0000][1][safepoint    ] Entering safepoint region: Cleanup
[2019-10-14T07:46:35.492+0000][1][safepoint    ] Leaving safepoint region
[2019-10-14T07:46:35.493+0000][1][safepoint    ] Total time for which application threads were stopped: 0.0022867 seconds, Stopping threads took: 0.0015476 seconds
[2019-10-14T07:46:36.493+0000][1][safepoint    ] Application time: 1.0001346 seconds
[2019-10-14T07:46:36.494+0000][1][safepoint    ] Entering safepoint region: Cleanup
[2019-10-14T07:46:36.495+0000][1][safepoint    ] Leaving safepoint region
[2019-10-14T07:46:36.495+0000][1][safepoint    ] Total time for which application threads were stopped: 0.0010208 seconds, Stopping threads took: 0.0004348 seconds
[2019-10-14T07:46:37.496+0000][1][safepoint    ] Application time: 1.0004913 seconds
[2019-10-14T07:46:37.497+0000][1][safepoint    ] Entering safepoint region: Cleanup
[2019-10-14T07:46:37.497+0000][1][safepoint    ] Leaving safepoint region
[2019-10-14T07:46:37.497+0000][1][safepoint    ] Total time for which application threads were stopped: 0.0008662 seconds, Stopping threads took: 0.0004020 seconds
[2019-10-14T07:46:38.498+0000][1][safepoint    ] Application time: 1.0002456 seconds
[2019-10-14T07:46:38.499+0000][1][safepoint    ] Entering safepoint region: Cleanup
[2019-10-14T07:46:38.500+0000][1][safepoint    ] Leaving safepoint region
[2019-10-14T07:46:38.501+0000][1][safepoint    ] Total time for which application threads were stopped: 0.0018264 seconds, Stopping threads took: 0.0003408 seconds
[2019-10-14T07:46:39.502+0000][1][safepoint    ] Application time: 1.0004374 seconds
[2019-10-14T07:46:39.502+0000][1][safepoint    ] Entering safepoint region: Cleanup
[2019-10-14T07:46:39.503+0000][1][safepoint    ] Leaving safepoint region
[2019-10-14T07:46:39.503+0000][1][safepoint    ] Total time for which application threads were stopped: 0.0010133 seconds, Stopping threads took: 0.0005554 seconds
[2019-10-14T07:46:40.507+0000][1][safepoint    ] Application time: 1.0033491 seconds
[2019-10-14T07:46:40.508+0000][1][safepoint    ] Entering safepoint region: Cleanup
[2019-10-14T07:46:40.508+0000][1][safepoint    ] Leaving safepoint region
[2019-10-14T07:46:40.509+0000][1][safepoint    ] Total time for which application threads were stopped: 0.0008036 seconds, Stopping threads took: 0.0003665 seconds
[2019-10-14T07:46:41.509+0000][1][safepoint    ] Application time: 1.0002791 seconds
[2019-10-14T07:46:41.510+0000][1][safepoint    ] Entering safepoint region: Cleanup
[2019-10-14T07:46:41.510+0000][1][safepoint    ] Leaving safepoint region
[2019-10-14T07:46:41.510+0000][1][safepoint    ] Total time for which application threads were stopped: 0.0007021 seconds, Stopping threads took: 0.0003221 seconds
[2019-10-14T07:46:42.512+0000][1][safepoint    ] Application time: 1.0014067 seconds
[2019-10-14T07:46:42.512+0000][1][safepoint    ] Entering safepoint region: Cleanup
[2019-10-14T07:46:42.513+0000][1][safepoint    ] Leaving safepoint region
[2019-10-14T07:46:42.514+0000][1][safepoint    ] Total time for which application threads were stopped: 0.0018557 seconds, Stopping threads took: 0.0005407 seconds
[2019-10-14T07:46:43.515+0000][1][safepoint    ] Application time: 1.0004270 seconds
[2019-10-14T07:46:43.516+0000][1][safepoint    ] Entering safepoint region: Cleanup
[2019-10-14T07:46:43.516+0000][1][safepoint    ] Leaving safepoint region
[2019-10-14T07:46:43.516+0000][1][safepoint    ] Total time for which application threads were stopped: 0.0008328 seconds, Stopping threads took: 0.0003960 seconds
[2019-10-14T07:46:44.518+0000][1][safepoint    ] Application time: 1.0010630 seconds
[2019-10-14T07:46:44.518+0000][1][safepoint    ] Entering safepoint region: Cleanup
[2019-10-14T07:46:44.519+0000][1][safepoint    ] Leaving safepoint region
[2019-10-14T07:46:44.520+0000][1][safepoint    ] Total time for which application threads were stopped: 0.0010380 seconds, Stopping threads took: 0.0004258 seconds
[2019-10-14T07:46:45.520+0000][1][safepoint    ] Application time: 1.0002030 seconds
[2019-10-14T07:46:45.521+0000][1][safepoint    ] Entering safepoint region: Cleanup
[2019-10-14T07:46:45.521+0000][1][safepoint    ] Leaving safepoint region
[2019-10-14T07:46:45.521+0000][1][safepoint    ] Total time for which application threads were stopped: 0.0006987 seconds, Stopping threads took: 0.0002402 seconds
[2019-10-14T07:46:46.522+0000][1][safepoint    ] Application time: 1.0002586 seconds
[2019-10-14T07:46:46.523+0000][1][safepoint    ] Entering safepoint region: Cleanup
[2019-10-14T07:46:46.523+0000][1][safepoint    ] Leaving safepoint region
[2019-10-14T07:46:46.524+0000][1][safepoint    ] Total time for which application threads were stopped: 0.0009339 seconds, Stopping threads took: 0.0004150 seconds
[2019-10-14T07:46:47.524+0000][1][safepoint    ] Application time: 1.0003357 seconds
[2019-10-14T07:46:47.525+0000][1][safepoint    ] Entering safepoint region: Cleanup
[2019-10-14T07:46:47.526+0000][1][safepoint    ] Leaving safepoint region
[2019-10-14T07:46:47.527+0000][1][safepoint    ] Total time for which application threads were stopped: 0.0014397 seconds, Stopping threads took: 0.0008514 seconds
[2019-10-14T07:46:48.529+0000][1][safepoint    ] Application time: 1.0022387 seconds
[2019-10-14T07:46:48.530+0000][1][safepoint    ] Entering safepoint region: Cleanup
[2019-10-14T07:46:48.531+0000][1][safepoint    ] Leaving safepoint region
[2019-10-14T07:46:48.532+0000][1][safepoint    ] Total time for which application threads were stopped: 0.0015077 seconds, Stopping threads took: 0.0007701 seconds
[2019-10-14T07:46:49.535+0000][1][safepoint    ] Application time: 1.0016845 seconds
[2019-10-14T07:46:49.536+0000][1][safepoint    ] Entering safepoint region: Cleanup
[2019-10-14T07:46:49.537+0000][1][safepoint    ] Leaving safepoint region
[2019-10-14T07:46:49.538+0000][1][safepoint    ] Total time for which application threads were stopped: 0.0018787 seconds, Stopping threads took: 0.0007616 seconds
[2019-10-14T07:46:50.543+0000][1][safepoint    ] Application time: 1.0033453 seconds
[2019-10-14T07:46:50.544+0000][1][safepoint    ] Entering safepoint region: Cleanup
[2019-10-14T07:46:50.545+0000][1][safepoint    ] Leaving safepoint region
[2019-10-14T07:46:50.545+0000][1][safepoint    ] Total time for which application threads were stopped: 0.0014905 seconds, Stopping threads took: 0.0008756 seconds
[2019-10-14T07:46:51.546+0000][1][safepoint    ] Application time: 1.0002074 seconds
[2019-10-14T07:46:51.547+0000][1][safepoint    ] Entering safepoint region: Cleanup
[2019-10-14T07:46:51.547+0000][1][safepoint    ] Leaving safepoint region
[2019-10-14T07:46:51.548+0000][1][safepoint    ] Total time for which application threads were stopped: 0.0013291 seconds, Stopping threads took: 0.0005254 seconds
[2019-10-14T07:46:52.550+0000][1][safepoint    ] Application time: 1.0016164 seconds
[2019-10-14T07:46:52.551+0000][1][safepoint    ] Entering safepoint region: Cleanup
[2019-10-14T07:46:52.552+0000][1][safepoint    ] Leaving safepoint region
[2019-10-14T07:46:52.553+0000][1][safepoint    ] Total time for which application threads were stopped: 0.0016858 seconds, Stopping threads took: 0.0008016 seconds
[2019-10-14T07:46:53.554+0000][1][safepoint    ] Application time: 1.0006764 seconds
[2019-10-14T07:46:53.555+0000][1][safepoint    ] Entering safepoint region: Cleanup
[2019-10-14T07:46:53.556+0000][1][safepoint    ] Leaving safepoint region
[2019-10-14T07:46:53.556+0000][1][safepoint    ] Total time for which application threads were stopped: 0.0011530 seconds, Stopping threads took: 0.0005440 seconds
[2019-10-14T07:46:54.557+0000][1][safepoint    ] Application time: 1.0006230 seconds
[2019-10-14T07:46:54.558+0000][1][safepoint    ] Entering safepoint region: Cleanup
[2019-10-14T07:46:54.559+0000][1][safepoint    ] Leaving safepoint region
[2019-10-14T07:46:54.559+0000][1][safepoint    ] Total time for which application threads were stopped: 0.0010745 seconds, Stopping threads took: 0.0006199 seconds
[2019-10-14T07:46:55.562+0000][1][safepoint    ] Application time: 1.0018174 seconds
[2019-10-14T07:46:55.563+0000][1][safepoint    ] Entering safepoint region: Cleanup
[2019-10-14T07:46:55.563+0000][1][safepoint    ] Leaving safepoint region
[2019-10-14T07:46:55.564+0000][1][safepoint    ] Total time for which application threads were stopped: 0.0012905 seconds, Stopping threads took: 0.0005625 seconds
[2019-10-14T07:46:56.565+0000][1][safepoint    ] Application time: 1.0002993 seconds
[2019-10-14T07:46:56.565+0000][1][safepoint    ] Entering safepoint region: Cleanup
[2019-10-14T07:46:56.566+0000][1][safepoint    ] Leaving safepoint region
[2019-10-14T07:46:56.567+0000][1][safepoint    ] Total time for which application threads were stopped: 0.0013596 seconds, Stopping threads took: 0.0008220 seconds
[2019-10-14T07:46:57.570+0000][1][safepoint    ] Application time: 1.0021300 seconds
[2019-10-14T07:46:57.571+0000][1][safepoint    ] Entering safepoint region: Cleanup
[2019-10-14T07:46:57.571+0000][1][safepoint    ] Leaving safepoint region
[2019-10-14T07:46:57.572+0000][1][safepoint    ] Total time for which application threads were stopped: 0.0015179 seconds, Stopping threads took: 0.0006495 seconds
[2019-10-14T07:46:58.576+0000][1][safepoint    ] Application time: 1.0024773 seconds
[2019-10-14T07:46:58.577+0000][1][safepoint    ] Entering safepoint region: Cleanup
[2019-10-14T07:46:58.578+0000][1][safepoint    ] Leaving safepoint region
[2019-10-14T07:46:58.578+0000][1][safepoint    ] Total time for which application threads were stopped: 0.0014205 seconds, Stopping threads took: 0.0006794 seconds
[2019-10-14T07:46:59.581+0000][1][safepoint    ] Application time: 1.0020687 seconds
[2019-10-14T07:46:59.582+0000][1][safepoint    ] Entering safepoint region: Cleanup
[2019-10-14T07:46:59.583+0000][1][safepoint    ] Leaving safepoint region
[2019-10-14T07:46:59.583+0000][1][safepoint    ] Total time for which application threads were stopped: 0.0015126 seconds, Stopping threads took: 0.0005900 seconds
[2019-10-14T07:47:00.585+0000][1][safepoint    ] Application time: 1.0011218 seconds
[2019-10-14T07:47:00.586+0000][1][safepoint    ] Entering safepoint region: Cleanup
[2019-10-14T07:47:00.586+0000][1][safepoint    ] Leaving safepoint region
[2019-10-14T07:47:00.587+0000][1][safepoint    ] Total time for which application threads were stopped: 0.0011980 seconds, Stopping threads took: 0.0006044 seconds
[2019-10-14T07:47:01.588+0000][1][safepoint    ] Application time: 1.0003975 seconds
[2019-10-14T07:47:01.601+0000][1][safepoint    ] Entering safepoint region: Cleanup
[2019-10-14T07:47:01.602+0000][1][safepoint    ] Leaving safepoint region
[2019-10-14T07:47:01.609+0000][1][safepoint    ] Total time for which application threads were stopped: 0.0078428 seconds, Stopping threads took: 0.0006332 seconds
[2019-10-14T07:47:02.617+0000][1][safepoint    ] Application time: 1.0033137 seconds
[2019-10-14T07:47:02.617+0000][1][safepoint    ] Entering safepoint region: Cleanup
[2019-10-14T07:47:02.618+0000][1][safepoint    ] Leaving safepoint region
[2019-10-14T07:47:02.618+0000][1][safepoint    ] Total time for which application threads were stopped: 0.0009592 seconds, Stopping threads took: 0.0004601 seconds
[2019-10-14T07:47:03.597+0000][1][safepoint    ] Application time: 1.0003168 seconds
[2019-10-14T07:47:03.598+0000][1][safepoint    ] Entering safepoint region: Cleanup
[2019-10-14T07:47:03.599+0000][1][safepoint    ] Leaving safepoint region
[2019-10-14T07:47:03.599+0000][1][safepoint    ] Total time for which application threads were stopped: 0.0009395 seconds, Stopping threads took: 0.0004469 seconds
[2019-10-14T07:47:04.603+0000][1][safepoint    ] Application time: 1.0037980 seconds
[2019-10-14T07:47:04.603+0000][1][safepoint    ] Entering safepoint region: Cleanup
[2019-10-14T07:47:04.604+0000][1][safepoint    ] Leaving safepoint region
[2019-10-14T07:47:04.604+0000][1][safepoint    ] Total time for which application threads were stopped: 0.0006124 seconds, Stopping threads took: 0.0002777 seconds
[2019-10-14T07:47:05.605+0000][1][safepoint    ] Application time: 1.0004130 seconds
[2019-10-14T07:47:05.605+0000][1][safepoint    ] Entering safepoint region: Cleanup
[2019-10-14T07:47:05.606+0000][1][safepoint    ] Leaving safepoint region
[2019-10-14T07:47:05.606+0000][1][safepoint    ] Total time for which application threads were stopped: 0.0010236 seconds, Stopping threads took: 0.0005714 seconds
[2019-10-14T07:47:06.609+0000][1][safepoint    ] Application time: 1.0016292 seconds
[2019-10-14T07:47:06.615+0000][1][safepoint    ] Entering safepoint region: Cleanup
[2019-10-14T07:47:06.615+0000][1][safepoint    ] Leaving safepoint region
[2019-10-14T07:47:06.616+0000][1][safepoint    ] Total time for which application threads were stopped: 0.0010928 seconds, Stopping threads took: 0.0004725 seconds
[2019-10-14T07:47:07.621+0000][1][safepoint    ] Application time: 1.0038338 seconds
[2019-10-14T07:47:07.622+0000][1][safepoint    ] Entering safepoint region: Cleanup
[2019-10-14T07:47:07.623+0000][1][safepoint    ] Leaving safepoint region
[2019-10-14T07:47:07.623+0000][1][safepoint    ] Total time for which application threads were stopped: 0.0013763 seconds, Stopping threads took: 0.0007880 seconds
[2019-10-14T07:47:08.627+0000][1][safepoint    ] Application time: 1.0026338 seconds
[2019-10-14T07:47:08.628+0000][1][safepoint    ] Entering safepoint region: Cleanup
[2019-10-14T07:47:08.628+0000][1][safepoint    ] Leaving safepoint region
[2019-10-14T07:47:08.630+0000][1][safepoint    ] Total time for which application threads were stopped: 0.0020874 seconds, Stopping threads took: 0.0006210 seconds
[2019-10-14T07:47:09.632+0000][1][safepoint    ] Application time: 1.0013839 seconds
[2019-10-14T07:47:09.633+0000][1][safepoint    ] Entering safepoint region: Cleanup
[2019-10-14T07:47:09.634+0000][1][safepoint    ] Leaving safepoint region
[2019-10-14T07:47:09.634+0000][1][safepoint    ] Total time for which application threads were stopped: 0.0011623 seconds, Stopping threads took: 0.0005520 seconds
[2019-10-14T07:47:10.636+0000][1][safepoint    ] Application time: 1.0010021 seconds
[2019-10-14T07:47:10.637+0000][1][safepoint    ] Entering safepoint region: Cleanup
[2019-10-14T07:47:10.639+0000][1][safepoint    ] Leaving safepoint region
[2019-10-14T07:47:10.640+0000][1][safepoint    ] Total time for which application threads were stopped: 0.0028856 seconds, Stopping threads took: 0.0021364 seconds
[2019-10-14T07:47:11.398+0000][1][safepoint    ] Application time: 0.7580053 seconds
[2019-10-14T07:47:11.398+0000][1][safepoint    ] Entering safepoint region: RevokeBias
[2019-10-14T07:47:11.399+0000][1][safepoint    ] Leaving safepoint region
[2019-10-14T07:47:11.399+0000][1][safepoint    ] Total time for which application threads were stopped: 0.0008221 seconds, Stopping threads took: 0.0004190 seconds
[2019-10-14T07:47:12.401+0000][1][safepoint    ] Application time: 1.0013321 seconds
[2019-10-14T07:47:12.402+0000][1][safepoint    ] Entering safepoint region: Cleanup
[2019-10-14T07:47:12.403+0000][1][safepoint    ] Leaving safepoint region
[2019-10-14T07:47:12.404+0000][1][safepoint    ] Total time for which application threads were stopped: 0.0017670 seconds, Stopping threads took: 0.0010207 seconds
[2019-10-14T07:47:13.404+0000][1][safepoint    ] Application time: 1.0003859 seconds
[2019-10-14T07:47:13.405+0000][1][safepoint    ] Entering safepoint region: Cleanup
[2019-10-14T07:47:13.406+0000][1][safepoint    ] Leaving safepoint region
[2019-10-14T07:47:13.406+0000][1][safepoint    ] Total time for which application threads were stopped: 0.0008703 seconds, Stopping threads took: 0.0004331 seconds
[2019-10-14T07:47:14.406+0000][1][safepoint    ] Application time: 1.0002367 seconds
[2019-10-14T07:47:14.407+0000][1][safepoint    ] Entering safepoint region: Cleanup
[2019-10-14T07:47:14.408+0000][1][safepoint    ] Leaving safepoint region
[2019-10-14T07:47:14.408+0000][1][safepoint    ] Total time for which application threads were stopped: 0.0007996 seconds, Stopping threads took: 0.0003680 seconds
[2019-10-14T07:47:15.409+0000][1][safepoint    ] Application time: 1.0003362 seconds
[2019-10-14T07:47:15.409+0000][1][safepoint    ] Entering safepoint region: Cleanup
[2019-10-14T07:47:15.410+0000][1][safepoint    ] Leaving safepoint region
[2019-10-14T07:47:15.410+0000][1][safepoint    ] Total time for which application threads were stopped: 0.0010788 seconds, Stopping threads took: 0.0004834 seconds
[2019-10-14T07:47:16.411+0000][1][safepoint    ] Application time: 1.0002010 seconds
[2019-10-14T07:47:16.411+0000][1][safepoint    ] Entering safepoint region: Cleanup
[2019-10-14T07:47:16.412+0000][1][safepoint    ] Leaving safepoint region
[2019-10-14T07:47:16.412+0000][1][safepoint    ] Total time for which application threads were stopped: 0.0007056 seconds, Stopping threads took: 0.0003322 seconds
[2019-10-14T07:47:17.413+0000][1][safepoint    ] Application time: 1.0004555 seconds
[2019-10-14T07:47:17.413+0000][1][safepoint    ] Entering safepoint region: Cleanup
[2019-10-14T07:47:17.414+0000][1][safepoint    ] Leaving safepoint region
[2019-10-14T07:47:17.414+0000][1][safepoint    ] Total time for which application threads were stopped: 0.0009354 seconds, Stopping threads took: 0.0004729 seconds
[2019-10-14T07:47:18.415+0000][1][safepoint    ] Application time: 1.0005235 seconds
[2019-10-14T07:47:18.416+0000][1][safepoint    ] Entering safepoint region: Cleanup
[2019-10-14T07:47:18.416+0000][1][safepoint    ] Leaving safepoint region
[2019-10-14T07:47:18.417+0000][1][safepoint    ] Total time for which application threads were stopped: 0.0012347 seconds, Stopping threads took: 0.0005285 seconds
[2019-10-14T07:47:19.418+0000][1][safepoint    ] Application time: 1.0006472 seconds
[2019-10-14T07:47:19.419+0000][1][safepoint    ] Entering safepoint region: Cleanup
[2019-10-14T07:47:19.420+0000][1][safepoint    ] Leaving safepoint region
[2019-10-14T07:47:19.420+0000][1][safepoint    ] Total time for which application threads were stopped: 0.0013468 seconds, Stopping threads took: 0.0006361 seconds
[2019-10-14T07:47:20.421+0000][1][safepoint    ] Application time: 1.0002686 seconds
[2019-10-14T07:47:20.422+0000][1][safepoint    ] Entering safepoint region: Cleanup
[2019-10-14T07:47:20.423+0000][1][safepoint    ] Leaving safepoint region
[2019-10-14T07:47:20.423+0000][1][safepoint    ] Total time for which application threads were stopped: 0.0012611 seconds, Stopping threads took: 0.0007230 seconds
[2019-10-14T07:47:21.427+0000][1][safepoint    ] Application time: 1.0037827 seconds
[2019-10-14T07:47:21.428+0000][1][safepoint    ] Entering safepoint region: Cleanup
[2019-10-14T07:47:21.429+0000][1][safepoint    ] Leaving safepoint region
[2019-10-14T07:47:21.430+0000][1][safepoint    ] Total time for which application threads were stopped: 0.0014833 seconds, Stopping threads took: 0.0005601 seconds
[2019-10-14T07:47:22.430+0000][1][safepoint    ] Application time: 1.0002839 seconds
[2019-10-14T07:47:22.431+0000][1][safepoint    ] Entering safepoint region: Cleanup
[2019-10-14T07:47:22.432+0000][1][safepoint    ] Leaving safepoint region
[2019-10-14T07:47:22.433+0000][1][safepoint    ] Total time for which application threads were stopped: 0.0014396 seconds, Stopping threads took: 0.0006460 seconds
[2019-10-14T07:47:23.437+0000][1][safepoint    ] Application time: 1.0038149 seconds
[2019-10-14T07:47:23.438+0000][1][safepoint    ] Entering safepoint region: Cleanup
[2019-10-14T07:47:23.439+0000][1][safepoint    ] Leaving safepoint region
[2019-10-14T07:47:23.440+0000][1][safepoint    ] Total time for which application threads were stopped: 0.0019123 seconds, Stopping threads took: 0.0007743 seconds
[2019-10-14T07:47:24.440+0000][1][safepoint    ] Application time: 1.0002098 seconds
[2019-10-14T07:47:24.441+0000][1][safepoint    ] Entering safepoint region: Cleanup
[2019-10-14T07:47:24.441+0000][1][safepoint    ] Leaving safepoint region
[2019-10-14T07:47:24.442+0000][1][safepoint    ] Total time for which application threads were stopped: 0.0009446 seconds, Stopping threads took: 0.0004814 seconds
[2019-10-14T07:47:25.442+0000][1][safepoint    ] Application time: 1.0003139 seconds
[2019-10-14T07:47:25.443+0000][1][safepoint    ] Entering safepoint region: Cleanup
[2019-10-14T07:47:25.444+0000][1][safepoint    ] Leaving safepoint region
[2019-10-14T07:47:25.444+0000][1][safepoint    ] Total time for which application threads were stopped: 0.0009117 seconds, Stopping threads took: 0.0004453 seconds
[2019-10-14T07:47:26.444+0000][1][safepoint    ] Application time: 1.0001969 seconds
[2019-10-14T07:47:26.445+0000][1][safepoint    ] Entering safepoint region: Cleanup
[2019-10-14T07:47:26.446+0000][1][safepoint    ] Leaving safepoint region
[2019-10-14T07:47:26.446+0000][1][safepoint    ] Total time for which application threads were stopped: 0.0011516 seconds, Stopping threads took: 0.0005955 seconds
[2019-10-14T07:47:27.448+0000][1][safepoint    ] Application time: 1.0003906 seconds
[2019-10-14T07:47:27.448+0000][1][safepoint    ] Entering safepoint region: Cleanup
[2019-10-14T07:47:27.449+0000][1][safepoint    ] Leaving safepoint region
[2019-10-14T07:47:27.450+0000][1][safepoint    ] Total time for which application threads were stopped: 0.0013558 seconds, Stopping threads took: 0.0006346 seconds
[2019-10-14T07:47:28.451+0000][1][safepoint    ] Application time: 1.0005426 seconds
[2019-10-14T07:47:28.451+0000][1][safepoint    ] Entering safepoint region: Cleanup
[2019-10-14T07:47:28.452+0000][1][safepoint    ] Leaving safepoint region
[2019-10-14T07:47:28.452+0000][1][safepoint    ] Total time for which application threads were stopped: 0.0008857 seconds, Stopping threads took: 0.0003588 seconds
[2019-10-14T07:47:29.453+0000][1][safepoint    ] Application time: 1.0001488 seconds
[2019-10-14T07:47:29.453+0000][1][safepoint    ] Entering safepoint region: Cleanup
[2019-10-14T07:47:29.453+0000][1][safepoint    ] Leaving safepoint region
[2019-10-14T07:47:29.453+0000][1][safepoint    ] Total time for which application threads were stopped: 0.0004522 seconds, Stopping threads took: 0.0002040 seconds
[2019-10-14T07:47:30.454+0000][1][safepoint    ] Application time: 1.0004488 seconds
[2019-10-14T07:47:30.455+0000][1][safepoint    ] Entering safepoint region: Cleanup
[2019-10-14T07:47:30.456+0000][1][safepoint    ] Leaving safepoint region
[2019-10-14T07:47:30.456+0000][1][safepoint    ] Total time for which application threads were stopped: 0.0015939 seconds, Stopping threads took: 0.0008969 seconds
[2019-10-14T07:47:31.458+0000][1][safepoint    ] Application time: 1.0006252 seconds
[2019-10-14T07:47:31.459+0000][1][safepoint    ] Entering safepoint region: Cleanup
[2019-10-14T07:47:31.461+0000][1][safepoint    ] Leaving safepoint region
[2019-10-14T07:47:31.461+0000][1][safepoint    ] Total time for which application threads were stopped: 0.0028050 seconds, Stopping threads took: 0.0022784 seconds
[2019-10-14T07:47:32.462+0000][1][safepoint    ] Application time: 1.0008574 seconds
[2019-10-14T07:47:32.463+0000][1][safepoint    ] Entering safepoint region: Cleanup
[2019-10-14T07:47:32.464+0000][1][safepoint    ] Leaving safepoint region
[2019-10-14T07:47:32.464+0000][1][safepoint    ] Total time for which application threads were stopped: 0.0011591 seconds, Stopping threads took: 0.0004842 seconds
[2019-10-14T07:47:33.443+0000][1][safepoint    ] Application time: 1.0003198 seconds
[2019-10-14T07:47:33.444+0000][1][safepoint    ] Entering safepoint region: Cleanup
[2019-10-14T07:47:33.445+0000][1][safepoint    ] Leaving safepoint region
[2019-10-14T07:47:33.446+0000][1][safepoint    ] Total time for which application threads were stopped: 0.0013728 seconds, Stopping threads took: 0.0006986 seconds
[2019-10-14T07:47:34.447+0000][1][safepoint    ] Application time: 1.0010614 seconds
[2019-10-14T07:47:34.448+0000][1][safepoint    ] Entering safepoint region: Cleanup
[2019-10-14T07:47:34.448+0000][1][safepoint    ] Leaving safepoint region
[2019-10-14T07:47:34.449+0000][1][safepoint    ] Total time for which application threads were stopped: 0.0010379 seconds, Stopping threads took: 0.0004781 seconds
[2019-10-14T07:47:35.253+0000][1][safepoint    ] Application time: 0.8035747 seconds
[2019-10-14T07:47:35.253+0000][1][safepoint    ] Entering safepoint region: GenCollectForAllocation
[2019-10-14T07:47:35.254+0000][1][gc,start     ] GC(35) Pause Young (Allocation Failure)
[2019-10-14T07:47:35.254+0000][1][gc,task      ] GC(35) Using 2 workers of 2 for evacuation
[2019-10-14T07:47:35.259+0000][1][gc,age       ] GC(35) Desired survivor size 4456448 bytes, new threshold 6 (max threshold 6)
[2019-10-14T07:47:35.259+0000][1][gc,age       ] GC(35) Age table with threshold 6 (max threshold 6)
[2019-10-14T07:47:35.260+0000][1][gc,age       ] GC(35) - age   1:      22336 bytes,      22336 total
[2019-10-14T07:47:35.260+0000][1][gc,age       ] GC(35) - age   2:       4872 bytes,      27208 total
[2019-10-14T07:47:35.260+0000][1][gc,age       ] GC(35) - age   3:       4888 bytes,      32096 total
[2019-10-14T07:47:35.261+0000][1][gc,age       ] GC(35) - age   4:      83160 bytes,     115256 total
[2019-10-14T07:47:35.261+0000][1][gc,age       ] GC(35) - age   5:      90592 bytes,     205848 total
[2019-10-14T07:47:35.261+0000][1][gc,age       ] GC(35) - age   6:       8936 bytes,     214784 total
[2019-10-14T07:47:35.262+0000][1][gc,heap      ] GC(35) ParNew: 70891K->429K(78656K)
[2019-10-14T07:47:35.262+0000][1][gc,heap      ] GC(35) CMS: 71927K->72243K(174784K)
[2019-10-14T07:47:35.263+0000][1][gc,metaspace ] GC(35) Metaspace: 80807K->80807K(1122304K)
[2019-10-14T07:47:35.263+0000][1][gc           ] GC(35) Pause Young (Allocation Failure) 139M->70M(247M) 8.835ms
[2019-10-14T07:47:35.263+0000][1][gc,cpu       ] GC(35) User=0.00s Sys=0.01s Real=0.01s
[2019-10-14T07:47:35.263+0000][1][safepoint    ] Leaving safepoint region
[2019-10-14T07:47:35.264+0000][1][safepoint    ] Total time for which application threads were stopped: 0.0103229 seconds, Stopping threads took: 0.0004609 seconds
[2019-10-14T07:47:36.264+0000][1][safepoint    ] Application time: 1.0004410 seconds
[2019-10-14T07:47:36.265+0000][1][safepoint    ] Entering safepoint region: Cleanup
[2019-10-14T07:47:36.266+0000][1][safepoint    ] Leaving safepoint region
[2019-10-14T07:47:36.267+0000][1][safepoint    ] Total time for which application threads were stopped: 0.0016003 seconds, Stopping threads took: 0.0007124 seconds
[2019-10-14T07:47:37.268+0000][1][safepoint    ] Application time: 1.0002450 seconds
[2019-10-14T07:47:37.269+0000][1][safepoint    ] Entering safepoint region: Cleanup
[2019-10-14T07:47:37.269+0000][1][safepoint    ] Leaving safepoint region
[2019-10-14T07:47:37.270+0000][1][safepoint    ] Total time for which application threads were stopped: 0.0013057 seconds, Stopping threads took: 0.0006775 seconds
[2019-10-14T07:47:38.271+0000][1][safepoint    ] Application time: 1.0007251 seconds
[2019-10-14T07:47:38.272+0000][1][safepoint    ] Entering safepoint region: Cleanup
[2019-10-14T07:47:38.272+0000][1][safepoint    ] Leaving safepoint region
[2019-10-14T07:47:38.273+0000][1][safepoint    ] Total time for which application threads were stopped: 0.0012338 seconds, Stopping threads took: 0.0005500 seconds
[2019-10-14T07:47:39.274+0000][1][safepoint    ] Application time: 1.0005076 seconds
[2019-10-14T07:47:39.275+0000][1][safepoint    ] Entering safepoint region: Cleanup
[2019-10-14T07:47:39.275+0000][1][safepoint    ] Leaving safepoint region
[2019-10-14T07:47:39.276+0000][1][safepoint    ] Total time for which application threads were stopped: 0.0012900 seconds, Stopping threads took: 0.0007032 seconds
[2019-10-14T07:47:40.277+0000][1][safepoint    ] Application time: 1.0003760 seconds
[2019-10-14T07:47:40.278+0000][1][safepoint    ] Entering safepoint region: Cleanup
[2019-10-14T07:47:40.278+0000][1][safepoint    ] Leaving safepoint region
[2019-10-14T07:47:40.280+0000][1][safepoint    ] Total time for which application threads were stopped: 0.0020759 seconds, Stopping threads took: 0.0006095 seconds
[2019-10-14T07:47:41.281+0000][1][safepoint    ] Application time: 1.0014234 seconds
[2019-10-14T07:47:41.283+0000][1][safepoint    ] Entering safepoint region: Cleanup
[2019-10-14T07:47:41.284+0000][1][safepoint    ] Leaving safepoint region
[2019-10-14T07:47:41.284+0000][1][safepoint    ] Total time for which application threads were stopped: 0.0016804 seconds, Stopping threads took: 0.0009940 seconds
[2019-10-14T07:47:42.285+0000][1][safepoint    ] Application time: 1.0003918 seconds
[2019-10-14T07:47:42.286+0000][1][safepoint    ] Entering safepoint region: Cleanup
[2019-10-14T07:47:42.288+0000][1][safepoint    ] Leaving safepoint region
[2019-10-14T07:47:42.289+0000][1][safepoint    ] Total time for which application threads were stopped: 0.0030942 seconds, Stopping threads took: 0.0019911 seconds
[2019-10-14T07:47:43.291+0000][1][safepoint    ] Application time: 1.0012584 seconds
[2019-10-14T07:47:43.293+0000][1][safepoint    ] Entering safepoint region: Cleanup
[2019-10-14T07:47:43.294+0000][1][safepoint    ] Leaving safepoint region
[2019-10-14T07:47:43.295+0000][1][safepoint    ] Total time for which application threads were stopped: 0.0024729 seconds, Stopping threads took: 0.0011816 seconds
[2019-10-14T07:47:44.298+0000][1][safepoint    ] Application time: 1.0014101 seconds
[2019-10-14T07:47:44.299+0000][1][safepoint    ] Entering safepoint region: Cleanup
[2019-10-14T07:47:44.300+0000][1][safepoint    ] Leaving safepoint region
[2019-10-14T07:47:44.301+0000][1][safepoint    ] Total time for which application threads were stopped: 0.0018155 seconds, Stopping threads took: 0.0008100 seconds
[2019-10-14T07:47:45.302+0000][1][safepoint    ] Application time: 1.0004608 seconds
[2019-10-14T07:47:45.302+0000][1][safepoint    ] Entering safepoint region: Cleanup
[2019-10-14T07:47:45.303+0000][1][safepoint    ] Leaving safepoint region
[2019-10-14T07:47:45.304+0000][1][safepoint    ] Total time for which application threads were stopped: 0.0014306 seconds, Stopping threads took: 0.0006100 seconds
[2019-10-14T07:47:46.304+0000][1][safepoint    ] Application time: 1.0001855 seconds
[2019-10-14T07:47:46.305+0000][1][safepoint    ] Entering safepoint region: Cleanup
[2019-10-14T07:47:46.306+0000][1][safepoint    ] Leaving safepoint region
[2019-10-14T07:47:46.306+0000][1][safepoint    ] Total time for which application threads were stopped: 0.0012786 seconds, Stopping threads took: 0.0006908 seconds
[2019-10-14T07:47:47.308+0000][1][safepoint    ] Application time: 1.0010670 seconds
[2019-10-14T07:47:47.309+0000][1][safepoint    ] Entering safepoint region: Cleanup
[2019-10-14T07:47:47.310+0000][1][safepoint    ] Leaving safepoint region
[2019-10-14T07:47:47.311+0000][1][safepoint    ] Total time for which application threads were stopped: 0.0019421 seconds, Stopping threads took: 0.0008955 seconds
[2019-10-14T07:47:48.314+0000][1][safepoint    ] Application time: 1.0020797 seconds
[2019-10-14T07:47:48.314+0000][1][safepoint    ] Entering safepoint region: Cleanup
[2019-10-14T07:47:48.315+0000][1][safepoint    ] Leaving safepoint region
[2019-10-14T07:47:48.315+0000][1][safepoint    ] Total time for which application threads were stopped: 0.0008046 seconds, Stopping threads took: 0.0003680 seconds
[2019-10-14T07:47:49.318+0000][1][safepoint    ] Application time: 1.0014562 seconds
[2019-10-14T07:47:49.320+0000][1][safepoint    ] Entering safepoint region: Cleanup
[2019-10-14T07:47:49.320+0000][1][safepoint    ] Leaving safepoint region
[2019-10-14T07:47:49.321+0000][1][safepoint    ] Total time for which application threads were stopped: 0.0012786 seconds, Stopping threads took: 0.0005134 seconds
[2019-10-14T07:47:50.322+0000][1][safepoint    ] Application time: 1.0001885 seconds
[2019-10-14T07:47:50.322+0000][1][safepoint    ] Entering safepoint region: Cleanup
[2019-10-14T07:47:50.323+0000][1][safepoint    ] Leaving safepoint region
[2019-10-14T07:47:50.323+0000][1][safepoint    ] Total time for which application threads were stopped: 0.0010917 seconds, Stopping threads took: 0.0005346 seconds
[2019-10-14T07:47:51.326+0000][1][safepoint    ] Application time: 1.0017400 seconds
[2019-10-14T07:47:51.328+0000][1][safepoint    ] Entering safepoint region: Cleanup
[2019-10-14T07:47:51.334+0000][1][safepoint    ] Leaving safepoint region
[2019-10-14T07:47:51.344+0000][1][safepoint    ] Total time for which application threads were stopped: 0.0158716 seconds, Stopping threads took: 0.0057596 seconds
[2019-10-14T07:47:52.350+0000][1][safepoint    ] Application time: 1.0029490 seconds
[2019-10-14T07:47:52.351+0000][1][safepoint    ] Entering safepoint region: Cleanup
[2019-10-14T07:47:52.351+0000][1][safepoint    ] Leaving safepoint region
[2019-10-14T07:47:52.352+0000][1][safepoint    ] Total time for which application threads were stopped: 0.0012341 seconds, Stopping threads took: 0.0006936 seconds
[2019-10-14T07:47:53.354+0000][1][safepoint    ] Application time: 1.0019210 seconds
[2019-10-14T07:47:53.355+0000][1][safepoint    ] Entering safepoint region: Cleanup
[2019-10-14T07:47:53.356+0000][1][safepoint    ] Leaving safepoint region
[2019-10-14T07:47:53.356+0000][1][safepoint    ] Total time for which application threads were stopped: 0.0014942 seconds, Stopping threads took: 0.0005435 seconds
[2019-10-14T07:47:54.357+0000][1][safepoint    ] Application time: 1.0002730 seconds
[2019-10-14T07:47:54.358+0000][1][safepoint    ] Entering safepoint region: Cleanup
[2019-10-14T07:47:54.359+0000][1][safepoint    ] Leaving safepoint region
[2019-10-14T07:47:54.360+0000][1][safepoint    ] Total time for which application threads were stopped: 0.0019137 seconds, Stopping threads took: 0.0005103 seconds
[2019-10-14T07:47:55.363+0000][1][safepoint    ] Application time: 1.0021407 seconds
[2019-10-14T07:47:55.364+0000][1][safepoint    ] Entering safepoint region: Cleanup
[2019-10-14T07:47:55.366+0000][1][safepoint    ] Leaving safepoint region
[2019-10-14T07:47:55.367+0000][1][safepoint    ] Total time for which application threads were stopped: 0.0027120 seconds, Stopping threads took: 0.0016818 seconds
[2019-10-14T07:47:56.368+0000][1][safepoint    ] Application time: 1.0005260 seconds
[2019-10-14T07:47:56.369+0000][1][safepoint    ] Entering safepoint region: Cleanup
[2019-10-14T07:47:56.371+0000][1][safepoint    ] Leaving safepoint region
[2019-10-14T07:47:56.372+0000][1][safepoint    ] Total time for which application threads were stopped: 0.0029581 seconds, Stopping threads took: 0.0015136 seconds
[2019-10-14T07:47:57.373+0000][1][safepoint    ] Application time: 1.0007461 seconds
[2019-10-14T07:47:57.374+0000][1][safepoint    ] Entering safepoint region: Cleanup
[2019-10-14T07:47:57.375+0000][1][safepoint    ] Leaving safepoint region
[2019-10-14T07:47:57.376+0000][1][safepoint    ] Total time for which application threads were stopped: 0.0017796 seconds, Stopping threads took: 0.0008672 seconds
[2019-10-14T07:47:58.377+0000][1][safepoint    ] Application time: 1.0003065 seconds
[2019-10-14T07:47:58.377+0000][1][safepoint    ] Entering safepoint region: Cleanup
[2019-10-14T07:47:58.378+0000][1][safepoint    ] Leaving safepoint region
[2019-10-14T07:47:58.378+0000][1][safepoint    ] Total time for which application threads were stopped: 0.0008734 seconds, Stopping threads took: 0.0003770 seconds
[2019-10-14T07:47:59.383+0000][1][safepoint    ] Application time: 1.0043337 seconds
[2019-10-14T07:47:59.386+0000][1][safepoint    ] Entering safepoint region: Cleanup
[2019-10-14T07:47:59.388+0000][1][safepoint    ] Leaving safepoint region
[2019-10-14T07:47:59.389+0000][1][safepoint    ] Total time for which application threads were stopped: 0.0030483 seconds, Stopping threads took: 0.0016450 seconds
[2019-10-14T07:48:00.392+0000][1][safepoint    ] Application time: 1.0022750 seconds
[2019-10-14T07:48:00.393+0000][1][safepoint    ] Entering safepoint region: Cleanup
[2019-10-14T07:48:00.394+0000][1][safepoint    ] Leaving safepoint region
[2019-10-14T07:48:00.395+0000][1][safepoint    ] Total time for which application threads were stopped: 0.0015882 seconds, Stopping threads took: 0.0009724 seconds
[2019-10-14T07:48:01.395+0000][1][safepoint    ] Application time: 1.0002153 seconds
[2019-10-14T07:48:01.396+0000][1][safepoint    ] Entering safepoint region: Cleanup
[2019-10-14T07:48:01.397+0000][1][safepoint    ] Leaving safepoint region
[2019-10-14T07:48:01.397+0000][1][safepoint    ] Total time for which application threads were stopped: 0.0010438 seconds, Stopping threads took: 0.0005113 seconds
[2019-10-14T07:48:02.399+0000][1][safepoint    ] Application time: 1.0010941 seconds
[2019-10-14T07:48:02.400+0000][1][safepoint    ] Entering safepoint region: Cleanup
[2019-10-14T07:48:02.401+0000][1][safepoint    ] Leaving safepoint region
[2019-10-14T07:48:02.401+0000][1][safepoint    ] Total time for which application threads were stopped: 0.0012489 seconds, Stopping threads took: 0.0005594 seconds
[2019-10-14T07:48:03.380+0000][1][safepoint    ] Application time: 1.0003500 seconds
[2019-10-14T07:48:03.382+0000][1][safepoint    ] Entering safepoint region: Cleanup
[2019-10-14T07:48:03.383+0000][1][safepoint    ] Leaving safepoint region
[2019-10-14T07:48:03.383+0000][1][safepoint    ] Total time for which application threads were stopped: 0.0016556 seconds, Stopping threads took: 0.0008667 seconds
[2019-10-14T07:48:04.384+0000][1][safepoint    ] Application time: 1.0002351 seconds
[2019-10-14T07:48:04.385+0000][1][safepoint    ] Entering safepoint region: Cleanup
[2019-10-14T07:48:04.386+0000][1][safepoint    ] Leaving safepoint region
[2019-10-14T07:48:04.386+0000][1][safepoint    ] Total time for which application threads were stopped: 0.0012541 seconds, Stopping threads took: 0.0004715 seconds
[2019-10-14T07:48:05.388+0000][1][safepoint    ] Application time: 1.0014906 seconds
[2019-10-14T07:48:05.390+0000][1][safepoint    ] Entering safepoint region: Cleanup
[2019-10-14T07:48:05.391+0000][1][safepoint    ] Leaving safepoint region
[2019-10-14T07:48:05.392+0000][1][safepoint    ] Total time for which application threads were stopped: 0.0025762 seconds, Stopping threads took: 0.0009038 seconds
[2019-10-14T07:48:06.394+0000][1][safepoint    ] Application time: 1.0009140 seconds
[2019-10-14T07:48:06.394+0000][1][safepoint    ] Entering safepoint region: Cleanup
[2019-10-14T07:48:06.395+0000][1][safepoint    ] Leaving safepoint region
[2019-10-14T07:48:06.395+0000][1][safepoint    ] Total time for which application threads were stopped: 0.0009491 seconds, Stopping threads took: 0.0004977 seconds
[2019-10-14T07:48:07.397+0000][1][safepoint    ] Application time: 1.0017908 seconds
[2019-10-14T07:48:07.399+0000][1][safepoint    ] Entering safepoint region: Cleanup
[2019-10-14T07:48:07.399+0000][1][safepoint    ] Leaving safepoint region
[2019-10-14T07:48:07.400+0000][1][safepoint    ] Total time for which application threads were stopped: 0.0013367 seconds, Stopping threads took: 0.0004798 seconds
[2019-10-14T07:48:08.576+0000][1][safepoint    ] Application time: 1.1756220 seconds
[2019-10-14T07:48:08.594+0000][1][safepoint    ] Entering safepoint region: Cleanup
[2019-10-14T07:48:08.596+0000][1][safepoint    ] Leaving safepoint region
[2019-10-14T07:48:08.597+0000][1][safepoint    ] Total time for which application threads were stopped: 0.0031139 seconds, Stopping threads took: 0.0019578 seconds
[2019-10-14T07:48:09.598+0000][1][safepoint    ] Application time: 1.0009583 seconds
[2019-10-14T07:48:09.599+0000][1][safepoint    ] Entering safepoint region: Cleanup
[2019-10-14T07:48:09.599+0000][1][safepoint    ] Leaving safepoint region
[2019-10-14T07:48:09.600+0000][1][safepoint    ] Total time for which application threads were stopped: 0.0007385 seconds, Stopping threads took: 0.0003246 seconds
[2019-10-14T07:48:10.600+0000][1][safepoint    ] Application time: 1.0002901 seconds
[2019-10-14T07:48:10.601+0000][1][safepoint    ] Entering safepoint region: Cleanup
[2019-10-14T07:48:10.602+0000][1][safepoint    ] Leaving safepoint region
[2019-10-14T07:48:10.602+0000][1][safepoint    ] Total time for which application threads were stopped: 0.0009579 seconds, Stopping threads took: 0.0004412 seconds
[2019-10-14T07:48:11.378+0000][1][safepoint    ] Application time: 0.7750176 seconds
[2019-10-14T07:48:11.378+0000][1][safepoint    ] Entering safepoint region: RevokeBias
[2019-10-14T07:48:11.379+0000][1][safepoint    ] Leaving safepoint region
[2019-10-14T07:48:11.379+0000][1][safepoint    ] Total time for which application threads were stopped: 0.0008703 seconds, Stopping threads took: 0.0004258 seconds
[2019-10-14T07:48:12.381+0000][1][safepoint    ] Application time: 1.0015728 seconds
[2019-10-14T07:48:12.382+0000][1][safepoint    ] Entering safepoint region: Cleanup
[2019-10-14T07:48:12.384+0000][1][safepoint    ] Leaving safepoint region
[2019-10-14T07:48:12.384+0000][1][safepoint    ] Total time for which application threads were stopped: 0.0019407 seconds, Stopping threads took: 0.0012370 seconds
[2019-10-14T07:48:13.386+0000][1][safepoint    ] Application time: 1.0011369 seconds
[2019-10-14T07:48:13.387+0000][1][safepoint    ] Entering safepoint region: Cleanup
[2019-10-14T07:48:13.388+0000][1][safepoint    ] Leaving safepoint region
[2019-10-14T07:48:13.388+0000][1][safepoint    ] Total time for which application threads were stopped: 0.0013961 seconds, Stopping threads took: 0.0006583 seconds
[2019-10-14T07:48:14.393+0000][1][safepoint    ] Application time: 1.0037437 seconds
[2019-10-14T07:48:14.394+0000][1][safepoint    ] Entering safepoint region: Cleanup
[2019-10-14T07:48:14.395+0000][1][safepoint    ] Leaving safepoint region
[2019-10-14T07:48:14.395+0000][1][safepoint    ] Total time for which application threads were stopped: 0.0009541 seconds, Stopping threads took: 0.0005636 seconds
[2019-10-14T07:48:15.396+0000][1][safepoint    ] Application time: 1.0008682 seconds
[2019-10-14T07:48:15.397+0000][1][safepoint    ] Entering safepoint region: Cleanup
[2019-10-14T07:48:15.397+0000][1][safepoint    ] Leaving safepoint region
[2019-10-14T07:48:15.398+0000][1][safepoint    ] Total time for which application threads were stopped: 0.0008873 seconds, Stopping threads took: 0.0003792 seconds
[2019-10-14T07:48:16.401+0000][1][safepoint    ] Application time: 1.0026495 seconds
[2019-10-14T07:48:16.401+0000][1][safepoint    ] Entering safepoint region: Cleanup
[2019-10-14T07:48:16.402+0000][1][safepoint    ] Leaving safepoint region
[2019-10-14T07:48:16.403+0000][1][safepoint    ] Total time for which application threads were stopped: 0.0013721 seconds, Stopping threads took: 0.0007550 seconds
[2019-10-14T07:48:17.404+0000][1][safepoint    ] Application time: 1.0003901 seconds
[2019-10-14T07:48:17.405+0000][1][safepoint    ] Entering safepoint region: Cleanup
[2019-10-14T07:48:17.405+0000][1][safepoint    ] Leaving safepoint region
[2019-10-14T07:48:17.406+0000][1][safepoint    ] Total time for which application threads were stopped: 0.0012603 seconds, Stopping threads took: 0.0007472 seconds
[2019-10-14T07:48:18.408+0000][1][safepoint    ] Application time: 1.0014864 seconds
[2019-10-14T07:48:18.409+0000][1][safepoint    ] Entering safepoint region: Cleanup
[2019-10-14T07:48:18.409+0000][1][safepoint    ] Leaving safepoint region
[2019-10-14T07:48:18.410+0000][1][safepoint    ] Total time for which application threads were stopped: 0.0010979 seconds, Stopping threads took: 0.0004028 seconds
[2019-10-14T07:48:19.412+0000][1][safepoint    ] Application time: 1.0018739 seconds
[2019-10-14T07:48:19.413+0000][1][safepoint    ] Entering safepoint region: Cleanup
[2019-10-14T07:48:19.414+0000][1][safepoint    ] Leaving safepoint region
[2019-10-14T07:48:19.414+0000][1][safepoint    ] Total time for which application threads were stopped: 0.0012292 seconds, Stopping threads took: 0.0006932 seconds
[2019-10-14T07:48:20.415+0000][1][safepoint    ] Application time: 1.0004566 seconds
[2019-10-14T07:48:20.416+0000][1][safepoint    ] Entering safepoint region: Cleanup
[2019-10-14T07:48:20.416+0000][1][safepoint    ] Leaving safepoint region
[2019-10-14T07:48:20.417+0000][1][safepoint    ] Total time for which application threads were stopped: 0.0012284 seconds, Stopping threads took: 0.0006368 seconds
[2019-10-14T07:48:21.418+0000][1][safepoint    ] Application time: 1.0003886 seconds
[2019-10-14T07:48:21.418+0000][1][safepoint    ] Entering safepoint region: Cleanup
[2019-10-14T07:48:21.419+0000][1][safepoint    ] Leaving safepoint region
[2019-10-14T07:48:21.419+0000][1][safepoint    ] Total time for which application threads were stopped: 0.0011131 seconds, Stopping threads took: 0.0005794 seconds
[2019-10-14T07:48:22.420+0000][1][safepoint    ] Application time: 1.0006282 seconds
[2019-10-14T07:48:22.422+0000][1][safepoint    ] Entering safepoint region: Cleanup
[2019-10-14T07:48:22.423+0000][1][safepoint    ] Leaving safepoint region
[2019-10-14T07:48:22.423+0000][1][safepoint    ] Total time for which application threads were stopped: 0.0016611 seconds, Stopping threads took: 0.0010867 seconds
[2019-10-14T07:48:23.424+0000][1][safepoint    ] Application time: 1.0003022 seconds
[2019-10-14T07:48:23.424+0000][1][safepoint    ] Entering safepoint region: Cleanup
[2019-10-14T07:48:23.425+0000][1][safepoint    ] Leaving safepoint region
[2019-10-14T07:48:23.426+0000][1][safepoint    ] Total time for which application threads were stopped: 0.0018647 seconds, Stopping threads took: 0.0003090 seconds
[2019-10-14T07:48:24.427+0000][1][safepoint    ] Application time: 1.0002560 seconds
[2019-10-14T07:48:24.428+0000][1][safepoint    ] Entering safepoint region: Cleanup
[2019-10-14T07:48:24.428+0000][1][safepoint    ] Leaving safepoint region
[2019-10-14T07:48:24.428+0000][1][safepoint    ] Total time for which application threads were stopped: 0.0006541 seconds, Stopping threads took: 0.0003180 seconds
[2019-10-14T07:48:25.429+0000][1][safepoint    ] Application time: 1.0005195 seconds
[2019-10-14T07:48:25.430+0000][1][safepoint    ] Entering safepoint region: Cleanup
[2019-10-14T07:48:25.431+0000][1][safepoint    ] Leaving safepoint region
[2019-10-14T07:48:25.431+0000][1][safepoint    ] Total time for which application threads were stopped: 0.0010643 seconds, Stopping threads took: 0.0005936 seconds
[2019-10-14T07:48:26.431+0000][1][safepoint    ] Application time: 1.0001796 seconds
[2019-10-14T07:48:26.432+0000][1][safepoint    ] Entering safepoint region: Cleanup
[2019-10-14T07:48:26.433+0000][1][safepoint    ] Leaving safepoint region
[2019-10-14T07:48:26.433+0000][1][safepoint    ] Total time for which application threads were stopped: 0.0008778 seconds, Stopping threads took: 0.0004480 seconds
[2019-10-14T07:48:27.435+0000][1][safepoint    ] Application time: 1.0014683 seconds
[2019-10-14T07:48:27.436+0000][1][safepoint    ] Entering safepoint region: Cleanup
[2019-10-14T07:48:27.436+0000][1][safepoint    ] Leaving safepoint region
[2019-10-14T07:48:27.437+0000][1][safepoint    ] Total time for which application threads were stopped: 0.0011108 seconds, Stopping threads took: 0.0005683 seconds
[2019-10-14T07:48:28.438+0000][1][safepoint    ] Application time: 1.0004092 seconds
[2019-10-14T07:48:28.438+0000][1][safepoint    ] Entering safepoint region: Cleanup
[2019-10-14T07:48:28.439+0000][1][safepoint    ] Leaving safepoint region
[2019-10-14T07:48:28.439+0000][1][safepoint    ] Total time for which application threads were stopped: 0.0009548 seconds, Stopping threads took: 0.0004390 seconds
[2019-10-14T07:48:29.443+0000][1][safepoint    ] Application time: 1.0031463 seconds
[2019-10-14T07:48:29.444+0000][1][safepoint    ] Entering safepoint region: Cleanup
[2019-10-14T07:48:29.444+0000][1][safepoint    ] Leaving safepoint region
[2019-10-14T07:48:29.445+0000][1][safepoint    ] Total time for which application threads were stopped: 0.0010443 seconds, Stopping threads took: 0.0005120 seconds
[2019-10-14T07:48:30.445+0000][1][safepoint    ] Application time: 1.0004009 seconds
[2019-10-14T07:48:30.446+0000][1][safepoint    ] Entering safepoint region: Cleanup
[2019-10-14T07:48:30.447+0000][1][safepoint    ] Leaving safepoint region
[2019-10-14T07:48:30.447+0000][1][safepoint    ] Total time for which application threads were stopped: 0.0010940 seconds, Stopping threads took: 0.0006029 seconds
[2019-10-14T07:48:31.448+0000][1][safepoint    ] Application time: 1.0004022 seconds
[2019-10-14T07:48:31.449+0000][1][safepoint    ] Entering safepoint region: Cleanup
[2019-10-14T07:48:31.449+0000][1][safepoint    ] Leaving safepoint region
[2019-10-14T07:48:31.450+0000][1][safepoint    ] Total time for which application threads were stopped: 0.0009335 seconds, Stopping threads took: 0.0004583 seconds
[2019-10-14T07:48:32.450+0000][1][safepoint    ] Application time: 1.0001254 seconds
[2019-10-14T07:48:32.452+0000][1][safepoint    ] Entering safepoint region: Cleanup
[2019-10-14T07:48:32.454+0000][1][safepoint    ] Leaving safepoint region
[2019-10-14T07:48:32.455+0000][1][safepoint    ] Total time for which application threads were stopped: 0.0037513 seconds, Stopping threads took: 0.0017427 seconds
[2019-10-14T07:48:33.435+0000][1][safepoint    ] Application time: 1.0004913 seconds
[2019-10-14T07:48:33.437+0000][1][safepoint    ] Entering safepoint region: Cleanup
[2019-10-14T07:48:33.438+0000][1][safepoint    ] Leaving safepoint region
[2019-10-14T07:48:33.438+0000][1][safepoint    ] Total time for which application threads were stopped: 0.0016079 seconds, Stopping threads took: 0.0009588 seconds
[2019-10-14T07:48:34.444+0000][1][safepoint    ] Application time: 1.0047874 seconds
[2019-10-14T07:48:34.445+0000][1][safepoint    ] Entering safepoint region: Cleanup
[2019-10-14T07:48:34.445+0000][1][safepoint    ] Leaving safepoint region
[2019-10-14T07:48:34.446+0000][1][safepoint    ] Total time for which application threads were stopped: 0.0009066 seconds, Stopping threads took: 0.0003359 seconds
[2019-10-14T07:48:35.449+0000][1][safepoint    ] Application time: 1.0014265 seconds
[2019-10-14T07:48:35.450+0000][1][safepoint    ] Entering safepoint region: Cleanup
[2019-10-14T07:48:35.451+0000][1][safepoint    ] Leaving safepoint region
[2019-10-14T07:48:35.454+0000][1][safepoint    ] Total time for which application threads were stopped: 0.0040286 seconds, Stopping threads took: 0.0005149 seconds
[2019-10-14T07:48:36.457+0000][1][safepoint    ] Application time: 1.0015179 seconds
[2019-10-14T07:48:36.457+0000][1][safepoint    ] Entering safepoint region: Cleanup
[2019-10-14T07:48:36.458+0000][1][safepoint    ] Leaving safepoint region
[2019-10-14T07:48:36.460+0000][1][safepoint    ] Total time for which application threads were stopped: 0.0020695 seconds, Stopping threads took: 0.0008425 seconds
[2019-10-14T07:48:37.460+0000][1][safepoint    ] Application time: 1.0002620 seconds
[2019-10-14T07:48:37.461+0000][1][safepoint    ] Entering safepoint region: Cleanup
[2019-10-14T07:48:37.461+0000][1][safepoint    ] Leaving safepoint region
[2019-10-14T07:48:37.462+0000][1][safepoint    ] Total time for which application threads were stopped: 0.0009929 seconds, Stopping threads took: 0.0005146 seconds
[2019-10-14T07:48:38.467+0000][1][safepoint    ] Application time: 1.0041706 seconds
[2019-10-14T07:48:38.468+0000][1][safepoint    ] Entering safepoint region: Cleanup
[2019-10-14T07:48:38.479+0000][1][safepoint    ] Leaving safepoint region
[2019-10-14T07:48:38.487+0000][1][safepoint    ] Total time for which application threads were stopped: 0.0194528 seconds, Stopping threads took: 0.0111496 seconds
[2019-10-14T07:48:39.491+0000][1][safepoint    ] Application time: 1.0002605 seconds
[2019-10-14T07:48:39.492+0000][1][safepoint    ] Entering safepoint region: Cleanup
[2019-10-14T07:48:39.492+0000][1][safepoint    ] Leaving safepoint region
[2019-10-14T07:48:39.492+0000][1][safepoint    ] Total time for which application threads were stopped: 0.0008047 seconds, Stopping threads took: 0.0004021 seconds
[2019-10-14T07:48:40.493+0000][1][safepoint    ] Application time: 1.0002776 seconds
[2019-10-14T07:48:40.494+0000][1][safepoint    ] Entering safepoint region: Cleanup
[2019-10-14T07:48:40.494+0000][1][safepoint    ] Leaving safepoint region
[2019-10-14T07:48:40.495+0000][1][safepoint    ] Total time for which application threads were stopped: 0.0010722 seconds, Stopping threads took: 0.0004915 seconds
[2019-10-14T07:48:41.496+0000][1][safepoint    ] Application time: 1.0008267 seconds
[2019-10-14T07:48:41.497+0000][1][safepoint    ] Entering safepoint region: Cleanup
[2019-10-14T07:48:41.498+0000][1][safepoint    ] Leaving safepoint region
[2019-10-14T07:48:41.498+0000][1][safepoint    ] Total time for which application threads were stopped: 0.0013608 seconds, Stopping threads took: 0.0007186 seconds
[2019-10-14T07:48:42.501+0000][1][safepoint    ] Application time: 1.0027012 seconds
[2019-10-14T07:48:42.502+0000][1][safepoint    ] Entering safepoint region: Cleanup
[2019-10-14T07:48:42.503+0000][1][safepoint    ] Leaving safepoint region
[2019-10-14T07:48:42.504+0000][1][safepoint    ] Total time for which application threads were stopped: 0.0015026 seconds, Stopping threads took: 0.0006124 seconds
[2019-10-14T07:48:43.508+0000][1][safepoint    ] Application time: 1.0040929 seconds
[2019-10-14T07:48:43.509+0000][1][safepoint    ] Entering safepoint region: Cleanup
[2019-10-14T07:48:43.509+0000][1][safepoint    ] Leaving safepoint region
[2019-10-14T07:48:43.509+0000][1][safepoint    ] Total time for which application threads were stopped: 0.0006805 seconds, Stopping threads took: 0.0003131 seconds
[2019-10-14T07:48:44.510+0000][1][safepoint    ] Application time: 1.0002068 seconds
[2019-10-14T07:48:44.511+0000][1][safepoint    ] Entering safepoint region: Cleanup
[2019-10-14T07:48:44.511+0000][1][safepoint    ] Leaving safepoint region
[2019-10-14T07:48:44.511+0000][1][safepoint    ] Total time for which application threads were stopped: 0.0009734 seconds, Stopping threads took: 0.0004829 seconds
[2019-10-14T07:48:45.513+0000][1][safepoint    ] Application time: 1.0010746 seconds
[2019-10-14T07:48:45.514+0000][1][safepoint    ] Entering safepoint region: Cleanup
[2019-10-14T07:48:45.515+0000][1][safepoint    ] Leaving safepoint region
[2019-10-14T07:48:45.516+0000][1][safepoint    ] Total time for which application threads were stopped: 0.0021894 seconds, Stopping threads took: 0.0007416 seconds
[2019-10-14T07:48:46.519+0000][1][safepoint    ] Application time: 1.0018699 seconds
[2019-10-14T07:48:46.519+0000][1][safepoint    ] Entering safepoint region: Cleanup
[2019-10-14T07:48:46.520+0000][1][safepoint    ] Leaving safepoint region
[2019-10-14T07:48:46.521+0000][1][safepoint    ] Total time for which application threads were stopped: 0.0011910 seconds, Stopping threads took: 0.0005905 seconds
[2019-10-14T07:48:47.522+0000][1][safepoint    ] Application time: 1.0002109 seconds
[2019-10-14T07:48:47.522+0000][1][safepoint    ] Entering safepoint region: Cleanup
[2019-10-14T07:48:47.523+0000][1][safepoint    ] Leaving safepoint region
[2019-10-14T07:48:47.523+0000][1][safepoint    ] Total time for which application threads were stopped: 0.0011613 seconds, Stopping threads took: 0.0005821 seconds
[2019-10-14T07:48:48.527+0000][1][safepoint    ] Application time: 1.0025414 seconds
[2019-10-14T07:48:48.528+0000][1][safepoint    ] Entering safepoint region: Cleanup
[2019-10-14T07:48:48.528+0000][1][safepoint    ] Leaving safepoint region
[2019-10-14T07:48:48.529+0000][1][safepoint    ] Total time for which application threads were stopped: 0.0014685 seconds, Stopping threads took: 0.0005347 seconds
[2019-10-14T07:48:49.530+0000][1][safepoint    ] Application time: 1.0003768 seconds
[2019-10-14T07:48:49.531+0000][1][safepoint    ] Entering safepoint region: Cleanup
[2019-10-14T07:48:49.532+0000][1][safepoint    ] Leaving safepoint region
[2019-10-14T07:48:49.533+0000][1][safepoint    ] Total time for which application threads were stopped: 0.0018285 seconds, Stopping threads took: 0.0008627 seconds
[2019-10-14T07:48:50.535+0000][1][safepoint    ] Application time: 1.0012124 seconds
[2019-10-14T07:48:50.536+0000][1][safepoint    ] Entering safepoint region: Cleanup
[2019-10-14T07:48:50.536+0000][1][safepoint    ] Leaving safepoint region
[2019-10-14T07:48:50.537+0000][1][safepoint    ] Total time for which application threads were stopped: 0.0014502 seconds, Stopping threads took: 0.0006767 seconds
[2019-10-14T07:48:51.538+0000][1][safepoint    ] Application time: 1.0001405 seconds
[2019-10-14T07:48:51.538+0000][1][safepoint    ] Entering safepoint region: Cleanup
[2019-10-14T07:48:51.539+0000][1][safepoint    ] Leaving safepoint region
[2019-10-14T07:48:51.539+0000][1][safepoint    ] Total time for which application threads were stopped: 0.0010302 seconds, Stopping threads took: 0.0005063 seconds
[2019-10-14T07:48:52.540+0000][1][safepoint    ] Application time: 1.0002036 seconds
[2019-10-14T07:48:52.541+0000][1][safepoint    ] Entering safepoint region: Cleanup
[2019-10-14T07:48:52.542+0000][1][safepoint    ] Leaving safepoint region
[2019-10-14T07:48:52.543+0000][1][safepoint    ] Total time for which application threads were stopped: 0.0022021 seconds, Stopping threads took: 0.0008510 seconds
[2019-10-14T07:48:53.545+0000][1][safepoint    ] Application time: 1.0003518 seconds
[2019-10-14T07:48:53.546+0000][1][safepoint    ] Entering safepoint region: Cleanup
[2019-10-14T07:48:53.547+0000][1][safepoint    ] Leaving safepoint region
[2019-10-14T07:48:53.547+0000][1][safepoint    ] Total time for which application threads were stopped: 0.0010112 seconds, Stopping threads took: 0.0004554 seconds
[2019-10-14T07:48:54.548+0000][1][safepoint    ] Application time: 1.0005288 seconds
[2019-10-14T07:48:54.549+0000][1][safepoint    ] Entering safepoint region: Cleanup
[2019-10-14T07:48:54.549+0000][1][safepoint    ] Leaving safepoint region
[2019-10-14T07:48:54.550+0000][1][safepoint    ] Total time for which application threads were stopped: 0.0009642 seconds, Stopping threads took: 0.0004807 seconds
[2019-10-14T07:48:55.551+0000][1][safepoint    ] Application time: 1.0005554 seconds
[2019-10-14T07:48:55.552+0000][1][safepoint    ] Entering safepoint region: Cleanup
[2019-10-14T07:48:55.553+0000][1][safepoint    ] Leaving safepoint region
[2019-10-14T07:48:55.553+0000][1][safepoint    ] Total time for which application threads were stopped: 0.0015131 seconds, Stopping threads took: 0.0007904 seconds
[2019-10-14T07:48:56.554+0000][1][safepoint    ] Application time: 1.0003117 seconds
[2019-10-14T07:48:56.555+0000][1][safepoint    ] Entering safepoint region: Cleanup
[2019-10-14T07:48:56.555+0000][1][safepoint    ] Leaving safepoint region
[2019-10-14T07:48:56.557+0000][1][safepoint    ] Total time for which application threads were stopped: 0.0018847 seconds, Stopping threads took: 0.0003063 seconds
[2019-10-14T07:48:57.559+0000][1][safepoint    ] Application time: 1.0017323 seconds
[2019-10-14T07:48:57.560+0000][1][safepoint    ] Entering safepoint region: Cleanup
[2019-10-14T07:48:57.560+0000][1][safepoint    ] Leaving safepoint region
[2019-10-14T07:48:57.561+0000][1][safepoint    ] Total time for which application threads were stopped: 0.0009369 seconds, Stopping threads took: 0.0003924 seconds
[2019-10-14T07:48:58.561+0000][1][safepoint    ] Application time: 1.0003099 seconds
[2019-10-14T07:48:58.562+0000][1][safepoint    ] Entering safepoint region: Cleanup
[2019-10-14T07:48:58.564+0000][1][safepoint    ] Leaving safepoint region
[2019-10-14T07:48:58.565+0000][1][safepoint    ] Total time for which application threads were stopped: 0.0023367 seconds, Stopping threads took: 0.0017304 seconds
[2019-10-14T07:48:59.566+0000][1][safepoint    ] Application time: 1.0008478 seconds
[2019-10-14T07:48:59.567+0000][1][safepoint    ] Entering safepoint region: Cleanup
[2019-10-14T07:48:59.568+0000][1][safepoint    ] Leaving safepoint region
[2019-10-14T07:48:59.570+0000][1][safepoint    ] Total time for which application threads were stopped: 0.0035710 seconds, Stopping threads took: 0.0015635 seconds
[2019-10-14T07:49:00.572+0000][1][safepoint    ] Application time: 1.0011093 seconds
[2019-10-14T07:49:00.573+0000][1][safepoint    ] Entering safepoint region: Cleanup
[2019-10-14T07:49:00.574+0000][1][safepoint    ] Leaving safepoint region
[2019-10-14T07:49:00.575+0000][1][safepoint    ] Total time for which application threads were stopped: 0.0023131 seconds, Stopping threads took: 0.0010883 seconds
[2019-10-14T07:49:01.577+0000][1][safepoint    ] Application time: 1.0008970 seconds
[2019-10-14T07:49:01.577+0000][1][safepoint    ] Entering safepoint region: Cleanup
[2019-10-14T07:49:01.578+0000][1][safepoint    ] Leaving safepoint region
[2019-10-14T07:49:01.578+0000][1][safepoint    ] Total time for which application threads were stopped: 0.0007642 seconds, Stopping threads took: 0.0003558 seconds
[2019-10-14T07:49:02.579+0000][1][safepoint    ] Application time: 1.0002377 seconds
[2019-10-14T07:49:02.580+0000][1][safepoint    ] Entering safepoint region: Cleanup
[2019-10-14T07:49:02.580+0000][1][safepoint    ] Leaving safepoint region
[2019-10-14T07:49:02.581+0000][1][safepoint    ] Total time for which application threads were stopped: 0.0010909 seconds, Stopping threads took: 0.0005451 seconds
[2019-10-14T07:49:03.560+0000][1][safepoint    ] Application time: 1.0003508 seconds
[2019-10-14T07:49:03.561+0000][1][safepoint    ] Entering safepoint region: Cleanup
[2019-10-14T07:49:03.562+0000][1][safepoint    ] Leaving safepoint region
[2019-10-14T07:49:03.562+0000][1][safepoint    ] Total time for which application threads were stopped: 0.0014232 seconds, Stopping threads took: 0.0006503 seconds
[2019-10-14T07:49:04.563+0000][1][safepoint    ] Application time: 1.0001386 seconds
[2019-10-14T07:49:04.566+0000][1][safepoint    ] Entering safepoint region: Cleanup
[2019-10-14T07:49:04.567+0000][1][safepoint    ] Leaving safepoint region
[2019-10-14T07:49:04.568+0000][1][safepoint    ] Total time for which application threads were stopped: 0.0024728 seconds, Stopping threads took: 0.0014166 seconds
[2019-10-14T07:49:05.569+0000][1][safepoint    ] Application time: 1.0002971 seconds
[2019-10-14T07:49:05.570+0000][1][safepoint    ] Entering safepoint region: Cleanup
[2019-10-14T07:49:05.571+0000][1][safepoint    ] Leaving safepoint region
[2019-10-14T07:49:05.571+0000][1][safepoint    ] Total time for which application threads were stopped: 0.0009808 seconds, Stopping threads took: 0.0005395 seconds
[2019-10-14T07:49:06.572+0000][1][safepoint    ] Application time: 1.0002352 seconds
[2019-10-14T07:49:06.572+0000][1][safepoint    ] Entering safepoint region: Cleanup
[2019-10-14T07:49:06.573+0000][1][safepoint    ] Leaving safepoint region
[2019-10-14T07:49:06.573+0000][1][safepoint    ] Total time for which application threads were stopped: 0.0009995 seconds, Stopping threads took: 0.0004564 seconds
[2019-10-14T07:49:07.577+0000][1][safepoint    ] Application time: 1.0029932 seconds
[2019-10-14T07:49:07.578+0000][1][safepoint    ] Entering safepoint region: Cleanup
[2019-10-14T07:49:07.579+0000][1][safepoint    ] Leaving safepoint region
[2019-10-14T07:49:07.580+0000][1][safepoint    ] Total time for which application threads were stopped: 0.0022458 seconds, Stopping threads took: 0.0013552 seconds
[2019-10-14T07:49:08.581+0000][1][safepoint    ] Application time: 1.0005903 seconds
[2019-10-14T07:49:08.587+0000][1][safepoint    ] Entering safepoint region: Cleanup
[2019-10-14T07:49:08.589+0000][1][safepoint    ] Leaving safepoint region
[2019-10-14T07:49:08.591+0000][1][safepoint    ] Total time for which application threads were stopped: 0.0034418 seconds, Stopping threads took: 0.0017368 seconds
[2019-10-14T07:49:09.592+0000][1][safepoint    ] Application time: 1.0001354 seconds
[2019-10-14T07:49:09.592+0000][1][safepoint    ] Entering safepoint region: Cleanup
[2019-10-14T07:49:09.593+0000][1][safepoint    ] Leaving safepoint region
[2019-10-14T07:49:09.593+0000][1][safepoint    ] Total time for which application threads were stopped: 0.0010847 seconds, Stopping threads took: 0.0005995 seconds
[2019-10-14T07:49:10.596+0000][1][safepoint    ] Application time: 1.0006181 seconds
[2019-10-14T07:49:10.597+0000][1][safepoint    ] Entering safepoint region: Cleanup
[2019-10-14T07:49:10.598+0000][1][safepoint    ] Leaving safepoint region
[2019-10-14T07:49:10.598+0000][1][safepoint    ] Total time for which application threads were stopped: 0.0009822 seconds, Stopping threads took: 0.0005564 seconds
[2019-10-14T07:49:11.360+0000][1][safepoint    ] Application time: 0.7621485 seconds
[2019-10-14T07:49:11.361+0000][1][safepoint    ] Entering safepoint region: RevokeBias
[2019-10-14T07:49:11.361+0000][1][safepoint    ] Leaving safepoint region
[2019-10-14T07:49:11.361+0000][1][safepoint    ] Total time for which application threads were stopped: 0.0005884 seconds, Stopping threads took: 0.0002673 seconds
[2019-10-14T07:49:11.370+0000][1][safepoint    ] Application time: 0.0086554 seconds
[2019-10-14T07:49:11.371+0000][1][safepoint    ] Entering safepoint region: GenCollectForAllocation
[2019-10-14T07:49:11.371+0000][1][gc,start     ] GC(36) Pause Young (Allocation Failure)
[2019-10-14T07:49:11.371+0000][1][gc,task      ] GC(36) Using 2 workers of 2 for evacuation
[2019-10-14T07:49:11.375+0000][1][gc,age       ] GC(36) Desired survivor size 4456448 bytes, new threshold 6 (max threshold 6)
[2019-10-14T07:49:11.375+0000][1][gc,age       ] GC(36) Age table with threshold 6 (max threshold 6)
[2019-10-14T07:49:11.375+0000][1][gc,age       ] GC(36) - age   1:      28952 bytes,      28952 total
[2019-10-14T07:49:11.376+0000][1][gc,age       ] GC(36) - age   2:       4032 bytes,      32984 total
[2019-10-14T07:49:11.376+0000][1][gc,age       ] GC(36) - age   3:       4872 bytes,      37856 total
[2019-10-14T07:49:11.376+0000][1][gc,age       ] GC(36) - age   4:       4672 bytes,      42528 total
[2019-10-14T07:49:11.376+0000][1][gc,age       ] GC(36) - age   5:      82728 bytes,     125256 total
[2019-10-14T07:49:11.377+0000][1][gc,age       ] GC(36) - age   6:      90592 bytes,     215848 total
[2019-10-14T07:49:11.377+0000][1][gc,heap      ] GC(36) ParNew: 70381K->372K(78656K)
[2019-10-14T07:49:11.377+0000][1][gc,heap      ] GC(36) CMS: 72243K->72252K(174784K)
[2019-10-14T07:49:11.378+0000][1][gc,metaspace ] GC(36) Metaspace: 80901K->80901K(1122304K)
[2019-10-14T07:49:11.379+0000][1][gc           ] GC(36) Pause Young (Allocation Failure) 139M->70M(247M) 7.671ms
[2019-10-14T07:49:11.379+0000][1][gc,cpu       ] GC(36) User=0.00s Sys=0.00s Real=0.01s
[2019-10-14T07:49:11.379+0000][1][safepoint    ] Leaving safepoint region
[2019-10-14T07:49:11.380+0000][1][safepoint    ] Total time for which application threads were stopped: 0.0091485 seconds, Stopping threads took: 0.0003221 seconds
[2019-10-14T07:49:12.380+0000][1][safepoint    ] Application time: 1.0002838 seconds
[2019-10-14T07:49:12.381+0000][1][safepoint    ] Entering safepoint region: Cleanup
[2019-10-14T07:49:12.382+0000][1][safepoint    ] Leaving safepoint region
[2019-10-14T07:49:12.382+0000][1][safepoint    ] Total time for which application threads were stopped: 0.0010382 seconds, Stopping threads took: 0.0005063 seconds
[2019-10-14T07:49:13.383+0000][1][safepoint    ] Application time: 1.0001892 seconds
[2019-10-14T07:49:13.383+0000][1][safepoint    ] Entering safepoint region: Cleanup
[2019-10-14T07:49:13.384+0000][1][safepoint    ] Leaving safepoint region
[2019-10-14T07:49:13.385+0000][1][safepoint    ] Total time for which application threads were stopped: 0.0015935 seconds, Stopping threads took: 0.0005547 seconds
[2019-10-14T07:49:14.388+0000][1][safepoint    ] Application time: 1.0003166 seconds
[2019-10-14T07:49:14.388+0000][1][safepoint    ] Entering safepoint region: Cleanup
[2019-10-14T07:49:14.389+0000][1][safepoint    ] Leaving safepoint region
[2019-10-14T07:49:14.389+0000][1][safepoint    ] Total time for which application threads were stopped: 0.0008691 seconds, Stopping threads took: 0.0004534 seconds
[2019-10-14T07:49:15.390+0000][1][safepoint    ] Application time: 1.0007382 seconds
[2019-10-14T07:49:15.391+0000][1][safepoint    ] Entering safepoint region: Cleanup
[2019-10-14T07:49:15.392+0000][1][safepoint    ] Leaving safepoint region
[2019-10-14T07:49:15.392+0000][1][safepoint    ] Total time for which application threads were stopped: 0.0009771 seconds, Stopping threads took: 0.0004840 seconds
[2019-10-14T07:49:16.395+0000][1][safepoint    ] Application time: 1.0024255 seconds
[2019-10-14T07:49:16.395+0000][1][safepoint    ] Entering safepoint region: Cleanup
[2019-10-14T07:49:16.396+0000][1][safepoint    ] Leaving safepoint region
[2019-10-14T07:49:16.398+0000][1][safepoint    ] Total time for which application threads were stopped: 0.0023199 seconds, Stopping threads took: 0.0004424 seconds
[2019-10-14T07:49:17.408+0000][1][safepoint    ] Application time: 1.0005332 seconds
[2019-10-14T07:49:17.409+0000][1][safepoint    ] Entering safepoint region: Cleanup
[2019-10-14T07:49:17.410+0000][1][safepoint    ] Leaving safepoint region
[2019-10-14T07:49:17.410+0000][1][safepoint    ] Total time for which application threads were stopped: 0.0014678 seconds, Stopping threads took: 0.0009269 seconds
[2019-10-14T07:49:18.412+0000][1][safepoint    ] Application time: 1.0010034 seconds
[2019-10-14T07:49:18.412+0000][1][safepoint    ] Entering safepoint region: Cleanup
[2019-10-14T07:49:18.413+0000][1][safepoint    ] Leaving safepoint region
[2019-10-14T07:49:18.413+0000][1][safepoint    ] Total time for which application threads were stopped: 0.0011519 seconds, Stopping threads took: 0.0004997 seconds
[2019-10-14T07:49:19.416+0000][1][safepoint    ] Application time: 1.0021137 seconds
[2019-10-14T07:49:19.417+0000][1][safepoint    ] Entering safepoint region: Cleanup
[2019-10-14T07:49:19.417+0000][1][safepoint    ] Leaving safepoint region
[2019-10-14T07:49:19.418+0000][1][safepoint    ] Total time for which application threads were stopped: 0.0009319 seconds, Stopping threads took: 0.0004588 seconds
[2019-10-14T07:49:20.419+0000][1][safepoint    ] Application time: 1.0005772 seconds
[2019-10-14T07:49:20.420+0000][1][safepoint    ] Entering safepoint region: Cleanup
[2019-10-14T07:49:20.422+0000][1][safepoint    ] Leaving safepoint region
[2019-10-14T07:49:20.422+0000][1][safepoint    ] Total time for which application threads were stopped: 0.0017817 seconds, Stopping threads took: 0.0011006 seconds
[2019-10-14T07:49:21.426+0000][1][safepoint    ] Application time: 1.0031195 seconds
[2019-10-14T07:49:21.426+0000][1][safepoint    ] Entering safepoint region: Cleanup
[2019-10-14T07:49:21.427+0000][1][safepoint    ] Leaving safepoint region
[2019-10-14T07:49:21.428+0000][1][safepoint    ] Total time for which application threads were stopped: 0.0012907 seconds, Stopping threads took: 0.0005356 seconds
[2019-10-14T07:49:22.429+0000][1][safepoint    ] Application time: 1.0012032 seconds
[2019-10-14T07:49:22.430+0000][1][safepoint    ] Entering safepoint region: Cleanup
[2019-10-14T07:49:22.431+0000][1][safepoint    ] Leaving safepoint region
[2019-10-14T07:49:22.432+0000][1][safepoint    ] Total time for which application threads were stopped: 0.0015756 seconds, Stopping threads took: 0.0009184 seconds
[2019-10-14T07:49:23.434+0000][1][safepoint    ] Application time: 1.0013913 seconds
[2019-10-14T07:49:23.435+0000][1][safepoint    ] Entering safepoint region: Cleanup
[2019-10-14T07:49:23.435+0000][1][safepoint    ] Leaving safepoint region
[2019-10-14T07:49:23.436+0000][1][safepoint    ] Total time for which application threads were stopped: 0.0019330 seconds, Stopping threads took: 0.0008053 seconds
[2019-10-14T07:49:24.439+0000][1][safepoint    ] Application time: 1.0020648 seconds
[2019-10-14T07:49:24.440+0000][1][safepoint    ] Entering safepoint region: Cleanup
[2019-10-14T07:49:24.441+0000][1][safepoint    ] Leaving safepoint region
[2019-10-14T07:49:24.441+0000][1][safepoint    ] Total time for which application threads were stopped: 0.0014763 seconds, Stopping threads took: 0.0007360 seconds
[2019-10-14T07:49:25.443+0000][1][safepoint    ] Application time: 1.0004628 seconds
[2019-10-14T07:49:25.445+0000][1][safepoint    ] Entering safepoint region: Cleanup
[2019-10-14T07:49:25.445+0000][1][safepoint    ] Leaving safepoint region
[2019-10-14T07:49:25.446+0000][1][safepoint    ] Total time for which application threads were stopped: 0.0008364 seconds, Stopping threads took: 0.0004455 seconds
[2019-10-14T07:49:26.448+0000][1][safepoint    ] Application time: 1.0015373 seconds
[2019-10-14T07:49:26.448+0000][1][safepoint    ] Entering safepoint region: Cleanup
[2019-10-14T07:49:26.449+0000][1][safepoint    ] Leaving safepoint region
[2019-10-14T07:49:26.450+0000][1][safepoint    ] Total time for which application threads were stopped: 0.0014669 seconds, Stopping threads took: 0.0007175 seconds
[2019-10-14T07:49:27.451+0000][1][safepoint    ] Application time: 1.0002181 seconds
[2019-10-14T07:49:27.451+0000][1][safepoint    ] Entering safepoint region: Cleanup
[2019-10-14T07:49:27.452+0000][1][safepoint    ] Leaving safepoint region
[2019-10-14T07:49:27.452+0000][1][safepoint    ] Total time for which application threads were stopped: 0.0008964 seconds, Stopping threads took: 0.0005086 seconds
[2019-10-14T07:49:28.453+0000][1][safepoint    ] Application time: 1.0001765 seconds
[2019-10-14T07:49:28.453+0000][1][safepoint    ] Entering safepoint region: Cleanup
[2019-10-14T07:49:28.454+0000][1][safepoint    ] Leaving safepoint region
[2019-10-14T07:49:28.455+0000][1][safepoint    ] Total time for which application threads were stopped: 0.0011649 seconds, Stopping threads took: 0.0005453 seconds
[2019-10-14T07:49:29.456+0000][1][safepoint    ] Application time: 1.0003617 seconds
[2019-10-14T07:49:29.457+0000][1][safepoint    ] Entering safepoint region: Cleanup
[2019-10-14T07:49:29.459+0000][1][safepoint    ] Leaving safepoint region
[2019-10-14T07:49:29.459+0000][1][safepoint    ] Total time for which application threads were stopped: 0.0026153 seconds, Stopping threads took: 0.0018016 seconds
[2019-10-14T07:49:30.460+0000][1][safepoint    ] Application time: 1.0006450 seconds
[2019-10-14T07:49:30.461+0000][1][safepoint    ] Entering safepoint region: Cleanup
[2019-10-14T07:49:30.463+0000][1][safepoint    ] Leaving safepoint region
[2019-10-14T07:49:30.464+0000][1][safepoint    ] Total time for which application threads were stopped: 0.0026013 seconds, Stopping threads took: 0.0014000 seconds
[2019-10-14T07:49:31.467+0000][1][safepoint    ] Application time: 1.0026021 seconds
[2019-10-14T07:49:31.468+0000][1][safepoint    ] Entering safepoint region: Cleanup
[2019-10-14T07:49:31.469+0000][1][safepoint    ] Leaving safepoint region
[2019-10-14T07:49:31.470+0000][1][safepoint    ] Total time for which application threads were stopped: 0.0012071 seconds, Stopping threads took: 0.0005671 seconds
[2019-10-14T07:49:32.472+0000][1][safepoint    ] Application time: 1.0018821 seconds
[2019-10-14T07:49:32.473+0000][1][safepoint    ] Entering safepoint region: Cleanup
[2019-10-14T07:49:32.474+0000][1][safepoint    ] Leaving safepoint region
[2019-10-14T07:49:32.474+0000][1][safepoint    ] Total time for which application threads were stopped: 0.0012359 seconds, Stopping threads took: 0.0005333 seconds
[2019-10-14T07:49:33.455+0000][1][safepoint    ] Application time: 1.0014410 seconds
[2019-10-14T07:49:33.456+0000][1][safepoint    ] Entering safepoint region: Cleanup
[2019-10-14T07:49:33.456+0000][1][safepoint    ] Leaving safepoint region
[2019-10-14T07:49:33.457+0000][1][safepoint    ] Total time for which application threads were stopped: 0.0011247 seconds, Stopping threads took: 0.0005708 seconds
[2019-10-14T07:49:34.463+0000][1][safepoint    ] Application time: 1.0053449 seconds
[2019-10-14T07:49:34.464+0000][1][safepoint    ] Entering safepoint region: Cleanup
[2019-10-14T07:49:34.465+0000][1][safepoint    ] Leaving safepoint region
[2019-10-14T07:49:34.465+0000][1][safepoint    ] Total time for which application threads were stopped: 0.0014003 seconds, Stopping threads took: 0.0006834 seconds
[2019-10-14T07:49:35.467+0000][1][safepoint    ] Application time: 1.0012524 seconds
[2019-10-14T07:49:35.469+0000][1][safepoint    ] Entering safepoint region: Cleanup
[2019-10-14T07:49:35.470+0000][1][safepoint    ] Leaving safepoint region
[2019-10-14T07:49:35.470+0000][1][safepoint    ] Total time for which application threads were stopped: 0.0011779 seconds, Stopping threads took: 0.0006064 seconds
[2019-10-14T07:49:36.472+0000][1][safepoint    ] Application time: 1.0010673 seconds
[2019-10-14T07:49:36.473+0000][1][safepoint    ] Entering safepoint region: Cleanup
[2019-10-14T07:49:36.474+0000][1][safepoint    ] Leaving safepoint region
[2019-10-14T07:49:36.474+0000][1][safepoint    ] Total time for which application threads were stopped: 0.0017010 seconds, Stopping threads took: 0.0008484 seconds
[2019-10-14T07:49:37.480+0000][1][safepoint    ] Application time: 1.0050364 seconds
[2019-10-14T07:49:37.482+0000][1][safepoint    ] Entering safepoint region: Cleanup
[2019-10-14T07:49:37.483+0000][1][safepoint    ] Leaving safepoint region
[2019-10-14T07:49:37.483+0000][1][safepoint    ] Total time for which application threads were stopped: 0.0018899 seconds, Stopping threads took: 0.0010344 seconds
[2019-10-14T07:49:38.484+0000][1][safepoint    ] Application time: 1.0002331 seconds
[2019-10-14T07:49:38.486+0000][1][safepoint    ] Entering safepoint region: Cleanup
[2019-10-14T07:49:38.486+0000][1][safepoint    ] Leaving safepoint region
[2019-10-14T07:49:38.487+0000][1][safepoint    ] Total time for which application threads were stopped: 0.0014668 seconds, Stopping threads took: 0.0007025 seconds
[2019-10-14T07:49:39.490+0000][1][safepoint    ] Application time: 1.0024798 seconds
[2019-10-14T07:49:39.491+0000][1][safepoint    ] Entering safepoint region: Cleanup
[2019-10-14T07:49:39.493+0000][1][safepoint    ] Leaving safepoint region
[2019-10-14T07:49:39.494+0000][1][safepoint    ] Total time for which application threads were stopped: 0.0031082 seconds, Stopping threads took: 0.0016429 seconds
[2019-10-14T07:49:40.500+0000][1][safepoint    ] Application time: 1.0051920 seconds
[2019-10-14T07:49:40.500+0000][1][safepoint    ] Entering safepoint region: Cleanup
[2019-10-14T07:49:40.501+0000][1][safepoint    ] Leaving safepoint region
[2019-10-14T07:49:40.502+0000][1][safepoint    ] Total time for which application threads were stopped: 0.0013697 seconds, Stopping threads took: 0.0006812 seconds
[2019-10-14T07:49:41.502+0000][1][safepoint    ] Application time: 1.0001913 seconds
[2019-10-14T07:49:41.503+0000][1][safepoint    ] Entering safepoint region: Cleanup
[2019-10-14T07:49:41.504+0000][1][safepoint    ] Leaving safepoint region
[2019-10-14T07:49:41.504+0000][1][safepoint    ] Total time for which application threads were stopped: 0.0011283 seconds, Stopping threads took: 0.0004826 seconds
[2019-10-14T07:49:42.508+0000][1][safepoint    ] Application time: 1.0032625 seconds
[2019-10-14T07:49:42.509+0000][1][safepoint    ] Entering safepoint region: Cleanup
[2019-10-14T07:49:42.511+0000][1][safepoint    ] Leaving safepoint region
[2019-10-14T07:49:42.511+0000][1][safepoint    ] Total time for which application threads were stopped: 0.0022885 seconds, Stopping threads took: 0.0015065 seconds
[2019-10-14T07:49:43.515+0000][1][safepoint    ] Application time: 1.0031126 seconds
[2019-10-14T07:49:43.516+0000][1][safepoint    ] Entering safepoint region: Cleanup
[2019-10-14T07:49:43.517+0000][1][safepoint    ] Leaving safepoint region
[2019-10-14T07:49:43.517+0000][1][safepoint    ] Total time for which application threads were stopped: 0.0014805 seconds, Stopping threads took: 0.0006876 seconds
[2019-10-14T07:49:44.519+0000][1][safepoint    ] Application time: 1.0013412 seconds
[2019-10-14T07:49:44.520+0000][1][safepoint    ] Entering safepoint region: Cleanup
[2019-10-14T07:49:44.521+0000][1][safepoint    ] Leaving safepoint region
[2019-10-14T07:49:44.522+0000][1][safepoint    ] Total time for which application threads were stopped: 0.0015239 seconds, Stopping threads took: 0.0004781 seconds
[2019-10-14T07:49:45.341+0000][1][safepoint    ] Application time: 0.8184747 seconds
[2019-10-14T07:49:45.342+0000][1][safepoint    ] Entering safepoint region: RevokeBias
[2019-10-14T07:49:45.342+0000][1][safepoint    ] Leaving safepoint region
[2019-10-14T07:49:45.343+0000][1][safepoint    ] Total time for which application threads were stopped: 0.0011320 seconds, Stopping threads took: 0.0005704 seconds
[2019-10-14T07:49:46.345+0000][1][safepoint    ] Application time: 1.0014448 seconds
[2019-10-14T07:49:46.345+0000][1][safepoint    ] Entering safepoint region: Cleanup
[2019-10-14T07:49:46.346+0000][1][safepoint    ] Leaving safepoint region
[2019-10-14T07:49:46.347+0000][1][safepoint    ] Total time for which application threads were stopped: 0.0015352 seconds, Stopping threads took: 0.0007488 seconds
[2019-10-14T07:49:47.349+0000][1][safepoint    ] Application time: 1.0003042 seconds
[2019-10-14T07:49:47.351+0000][1][safepoint    ] Entering safepoint region: Cleanup
[2019-10-14T07:49:47.352+0000][1][safepoint    ] Leaving safepoint region
[2019-10-14T07:49:47.353+0000][1][safepoint    ] Total time for which application threads were stopped: 0.0015241 seconds, Stopping threads took: 0.0007376 seconds
[2019-10-14T07:49:48.354+0000][1][safepoint    ] Application time: 1.0006392 seconds
[2019-10-14T07:49:48.355+0000][1][safepoint    ] Entering safepoint region: Cleanup
[2019-10-14T07:49:48.356+0000][1][safepoint    ] Leaving safepoint region
[2019-10-14T07:49:48.357+0000][1][safepoint    ] Total time for which application threads were stopped: 0.0012592 seconds, Stopping threads took: 0.0006433 seconds
[2019-10-14T07:49:49.357+0000][1][safepoint    ] Application time: 1.0002137 seconds
[2019-10-14T07:49:49.358+0000][1][safepoint    ] Entering safepoint region: Cleanup
[2019-10-14T07:49:49.358+0000][1][safepoint    ] Leaving safepoint region
[2019-10-14T07:49:49.359+0000][1][safepoint    ] Total time for which application threads were stopped: 0.0011759 seconds, Stopping threads took: 0.0004052 seconds
[2019-10-14T07:49:50.360+0000][1][safepoint    ] Application time: 1.0002261 seconds
[2019-10-14T07:49:50.361+0000][1][safepoint    ] Entering safepoint region: Cleanup
[2019-10-14T07:49:50.362+0000][1][safepoint    ] Leaving safepoint region
[2019-10-14T07:49:50.363+0000][1][safepoint    ] Total time for which application threads were stopped: 0.0013255 seconds, Stopping threads took: 0.0006356 seconds
[2019-10-14T07:49:51.364+0000][1][safepoint    ] Application time: 1.0010206 seconds
[2019-10-14T07:49:51.365+0000][1][safepoint    ] Entering safepoint region: Cleanup
[2019-10-14T07:49:51.365+0000][1][safepoint    ] Leaving safepoint region
[2019-10-14T07:49:51.366+0000][1][safepoint    ] Total time for which application threads were stopped: 0.0012741 seconds, Stopping threads took: 0.0006132 seconds
[2019-10-14T07:49:52.367+0000][1][safepoint    ] Application time: 1.0004539 seconds
[2019-10-14T07:49:52.368+0000][1][safepoint    ] Entering safepoint region: Cleanup
[2019-10-14T07:49:52.368+0000][1][safepoint    ] Leaving safepoint region
[2019-10-14T07:49:52.369+0000][1][safepoint    ] Total time for which application threads were stopped: 0.0011314 seconds, Stopping threads took: 0.0005069 seconds
[2019-10-14T07:49:53.370+0000][1][safepoint    ] Application time: 1.0005390 seconds
[2019-10-14T07:49:53.371+0000][1][safepoint    ] Entering safepoint region: Cleanup
[2019-10-14T07:49:53.372+0000][1][safepoint    ] Leaving safepoint region
[2019-10-14T07:49:53.373+0000][1][safepoint    ] Total time for which application threads were stopped: 0.0019983 seconds, Stopping threads took: 0.0007677 seconds
[2019-10-14T07:49:54.375+0000][1][safepoint    ] Application time: 1.0016868 seconds
[2019-10-14T07:49:54.376+0000][1][safepoint    ] Entering safepoint region: Cleanup
[2019-10-14T07:49:54.377+0000][1][safepoint    ] Leaving safepoint region
[2019-10-14T07:49:54.377+0000][1][safepoint    ] Total time for which application threads were stopped: 0.0014417 seconds, Stopping threads took: 0.0007660 seconds
[2019-10-14T07:49:55.378+0000][1][safepoint    ] Application time: 1.0003903 seconds
[2019-10-14T07:49:55.379+0000][1][safepoint    ] Entering safepoint region: Cleanup
[2019-10-14T07:49:55.380+0000][1][safepoint    ] Leaving safepoint region
[2019-10-14T07:49:55.380+0000][1][safepoint    ] Total time for which application threads were stopped: 0.0013998 seconds, Stopping threads took: 0.0006360 seconds
[2019-10-14T07:49:56.381+0000][1][safepoint    ] Application time: 1.0007943 seconds
[2019-10-14T07:49:56.384+0000][1][safepoint    ] Entering safepoint region: Cleanup
[2019-10-14T07:49:56.385+0000][1][safepoint    ] Leaving safepoint region
[2019-10-14T07:49:56.386+0000][1][safepoint    ] Total time for which application threads were stopped: 0.0032222 seconds, Stopping threads took: 0.0022972 seconds
[2019-10-14T07:49:57.387+0000][1][safepoint    ] Application time: 1.0006473 seconds
[2019-10-14T07:49:57.388+0000][1][safepoint    ] Entering safepoint region: Cleanup
[2019-10-14T07:49:57.389+0000][1][safepoint    ] Leaving safepoint region
[2019-10-14T07:49:57.390+0000][1][safepoint    ] Total time for which application threads were stopped: 0.0016794 seconds, Stopping threads took: 0.0009385 seconds
[2019-10-14T07:49:58.391+0000][1][safepoint    ] Application time: 1.0003002 seconds
[2019-10-14T07:49:58.392+0000][1][safepoint    ] Entering safepoint region: Cleanup
[2019-10-14T07:49:58.394+0000][1][safepoint    ] Leaving safepoint region
[2019-10-14T07:49:58.395+0000][1][safepoint    ] Total time for which application threads were stopped: 0.0028591 seconds, Stopping threads took: 0.0016985 seconds
[2019-10-14T07:49:59.397+0000][1][safepoint    ] Application time: 1.0002491 seconds
[2019-10-14T07:49:59.398+0000][1][safepoint    ] Entering safepoint region: Cleanup
[2019-10-14T07:49:59.398+0000][1][safepoint    ] Leaving safepoint region
[2019-10-14T07:49:59.399+0000][1][safepoint    ] Total time for which application threads were stopped: 0.0014029 seconds, Stopping threads took: 0.0007205 seconds
[2019-10-14T07:50:00.400+0000][1][safepoint    ] Application time: 1.0005628 seconds
[2019-10-14T07:50:00.402+0000][1][safepoint    ] Entering safepoint region: Cleanup
[2019-10-14T07:50:00.403+0000][1][safepoint    ] Leaving safepoint region
[2019-10-14T07:50:00.404+0000][1][safepoint    ] Total time for which application threads were stopped: 0.0014792 seconds, Stopping threads took: 0.0006849 seconds
[2019-10-14T07:50:01.406+0000][1][safepoint    ] Application time: 1.0020690 seconds
[2019-10-14T07:50:01.407+0000][1][safepoint    ] Entering safepoint region: Cleanup
[2019-10-14T07:50:01.408+0000][1][safepoint    ] Leaving safepoint region
[2019-10-14T07:50:01.409+0000][1][safepoint    ] Total time for which application threads were stopped: 0.0017636 seconds, Stopping threads took: 0.0008344 seconds
[2019-10-14T07:50:02.410+0000][1][safepoint    ] Application time: 1.0003327 seconds
[2019-10-14T07:50:02.411+0000][1][safepoint    ] Entering safepoint region: Cleanup
[2019-10-14T07:50:02.412+0000][1][safepoint    ] Leaving safepoint region
[2019-10-14T07:50:02.413+0000][1][safepoint    ] Total time for which application threads were stopped: 0.0019070 seconds, Stopping threads took: 0.0007885 seconds
[2019-10-14T07:50:03.395+0000][1][safepoint    ] Application time: 1.0036904 seconds
[2019-10-14T07:50:03.396+0000][1][safepoint    ] Entering safepoint region: Cleanup
[2019-10-14T07:50:03.397+0000][1][safepoint    ] Leaving safepoint region
[2019-10-14T07:50:03.398+0000][1][safepoint    ] Total time for which application threads were stopped: 0.0016154 seconds, Stopping threads took: 0.0007396 seconds
[2019-10-14T07:50:04.400+0000][1][safepoint    ] Application time: 1.0008672 seconds
[2019-10-14T07:50:04.401+0000][1][safepoint    ] Entering safepoint region: Cleanup
[2019-10-14T07:50:04.402+0000][1][safepoint    ] Leaving safepoint region
[2019-10-14T07:50:04.403+0000][1][safepoint    ] Total time for which application threads were stopped: 0.0016227 seconds, Stopping threads took: 0.0009209 seconds
[2019-10-14T07:50:05.403+0000][1][safepoint    ] Application time: 1.0001388 seconds
[2019-10-14T07:50:05.404+0000][1][safepoint    ] Entering safepoint region: Cleanup
[2019-10-14T07:50:05.404+0000][1][safepoint    ] Leaving safepoint region
[2019-10-14T07:50:05.405+0000][1][safepoint    ] Total time for which application threads were stopped: 0.0009166 seconds, Stopping threads took: 0.0004357 seconds
[2019-10-14T07:50:06.406+0000][1][safepoint    ] Application time: 1.0008080 seconds
[2019-10-14T07:50:06.407+0000][1][safepoint    ] Entering safepoint region: Cleanup
[2019-10-14T07:50:06.409+0000][1][safepoint    ] Leaving safepoint region
[2019-10-14T07:50:06.410+0000][1][safepoint    ] Total time for which application threads were stopped: 0.0028185 seconds, Stopping threads took: 0.0009715 seconds
[2019-10-14T07:50:07.411+0000][1][safepoint    ] Application time: 1.0003562 seconds
[2019-10-14T07:50:07.412+0000][1][safepoint    ] Entering safepoint region: Cleanup
[2019-10-14T07:50:07.413+0000][1][safepoint    ] Leaving safepoint region
[2019-10-14T07:50:07.414+0000][1][safepoint    ] Total time for which application threads were stopped: 0.0015119 seconds, Stopping threads took: 0.0007228 seconds
[2019-10-14T07:50:08.416+0000][1][safepoint    ] Application time: 1.0017592 seconds
[2019-10-14T07:50:08.417+0000][1][safepoint    ] Entering safepoint region: Cleanup
[2019-10-14T07:50:08.418+0000][1][safepoint    ] Leaving safepoint region
[2019-10-14T07:50:08.419+0000][1][safepoint    ] Total time for which application threads were stopped: 0.0019034 seconds, Stopping threads took: 0.0009082 seconds
[2019-10-14T07:50:09.420+0000][1][safepoint    ] Application time: 1.0002585 seconds
[2019-10-14T07:50:09.421+0000][1][safepoint    ] Entering safepoint region: Cleanup
[2019-10-14T07:50:09.421+0000][1][safepoint    ] Leaving safepoint region
[2019-10-14T07:50:09.422+0000][1][safepoint    ] Total time for which application threads were stopped: 0.0009792 seconds, Stopping threads took: 0.0004476 seconds
[2019-10-14T07:50:10.426+0000][1][safepoint    ] Application time: 1.0037435 seconds
[2019-10-14T07:50:10.427+0000][1][safepoint    ] Entering safepoint region: Cleanup
[2019-10-14T07:50:10.427+0000][1][safepoint    ] Leaving safepoint region
[2019-10-14T07:50:10.428+0000][1][safepoint    ] Total time for which application threads were stopped: 0.0013108 seconds, Stopping threads took: 0.0006579 seconds
[2019-10-14T07:50:11.346+0000][1][safepoint    ] Application time: 0.9172756 seconds
[2019-10-14T07:50:11.347+0000][1][safepoint    ] Entering safepoint region: RevokeBias
[2019-10-14T07:50:11.348+0000][1][safepoint    ] Leaving safepoint region
[2019-10-14T07:50:11.348+0000][1][safepoint    ] Total time for which application threads were stopped: 0.0011341 seconds, Stopping threads took: 0.0005661 seconds
[2019-10-14T07:50:12.349+0000][1][safepoint    ] Application time: 1.0002654 seconds
[2019-10-14T07:50:12.350+0000][1][safepoint    ] Entering safepoint region: Cleanup
[2019-10-14T07:50:12.350+0000][1][safepoint    ] Leaving safepoint region
[2019-10-14T07:50:12.351+0000][1][safepoint    ] Total time for which application threads were stopped: 0.0012524 seconds, Stopping threads took: 0.0006259 seconds
[2019-10-14T07:50:13.353+0000][1][safepoint    ] Application time: 1.0019791 seconds
[2019-10-14T07:50:13.356+0000][1][safepoint    ] Entering safepoint region: Cleanup
[2019-10-14T07:50:13.359+0000][1][safepoint    ] Leaving safepoint region
[2019-10-14T07:50:13.361+0000][1][safepoint    ] Total time for which application threads were stopped: 0.0054109 seconds, Stopping threads took: 0.0030631 seconds
[2019-10-14T07:50:14.364+0000][1][safepoint    ] Application time: 1.0020971 seconds
[2019-10-14T07:50:14.365+0000][1][safepoint    ] Entering safepoint region: Cleanup
[2019-10-14T07:50:14.366+0000][1][safepoint    ] Leaving safepoint region
[2019-10-14T07:50:14.366+0000][1][safepoint    ] Total time for which application threads were stopped: 0.0010672 seconds, Stopping threads took: 0.0004756 seconds
[2019-10-14T07:50:15.367+0000][1][safepoint    ] Application time: 1.0004826 seconds
[2019-10-14T07:50:15.368+0000][1][safepoint    ] Entering safepoint region: Cleanup
[2019-10-14T07:50:15.369+0000][1][safepoint    ] Leaving safepoint region
[2019-10-14T07:50:15.369+0000][1][safepoint    ] Total time for which application threads were stopped: 0.0012043 seconds, Stopping threads took: 0.0006443 seconds
[2019-10-14T07:50:16.370+0000][1][safepoint    ] Application time: 1.0004633 seconds
[2019-10-14T07:50:16.371+0000][1][safepoint    ] Entering safepoint region: Cleanup
[2019-10-14T07:50:16.372+0000][1][safepoint    ] Leaving safepoint region
[2019-10-14T07:50:16.372+0000][1][safepoint    ] Total time for which application threads were stopped: 0.0011888 seconds, Stopping threads took: 0.0006428 seconds
[2019-10-14T07:50:17.374+0000][1][safepoint    ] Application time: 1.0016841 seconds
[2019-10-14T07:50:17.375+0000][1][safepoint    ] Entering safepoint region: Cleanup
[2019-10-14T07:50:17.376+0000][1][safepoint    ] Leaving safepoint region
[2019-10-14T07:50:17.377+0000][1][safepoint    ] Total time for which application threads were stopped: 0.0013992 seconds, Stopping threads took: 0.0006722 seconds
[2019-10-14T07:50:18.377+0000][1][safepoint    ] Application time: 1.0004291 seconds
[2019-10-14T07:50:18.378+0000][1][safepoint    ] Entering safepoint region: Cleanup
[2019-10-14T07:50:18.379+0000][1][safepoint    ] Leaving safepoint region
[2019-10-14T07:50:18.380+0000][1][safepoint    ] Total time for which application threads were stopped: 0.0014321 seconds, Stopping threads took: 0.0006849 seconds
[2019-10-14T07:50:19.382+0000][1][safepoint    ] Application time: 1.0015917 seconds
[2019-10-14T07:50:19.383+0000][1][safepoint    ] Entering safepoint region: Cleanup
[2019-10-14T07:50:19.383+0000][1][safepoint    ] Leaving safepoint region
[2019-10-14T07:50:19.384+0000][1][safepoint    ] Total time for which application threads were stopped: 0.0010878 seconds, Stopping threads took: 0.0006116 seconds
[2019-10-14T07:50:20.384+0000][1][safepoint    ] Application time: 1.0001400 seconds
[2019-10-14T07:50:20.385+0000][1][safepoint    ] Entering safepoint region: Cleanup
[2019-10-14T07:50:20.386+0000][1][safepoint    ] Leaving safepoint region
[2019-10-14T07:50:20.387+0000][1][safepoint    ] Total time for which application threads were stopped: 0.0013144 seconds, Stopping threads took: 0.0008284 seconds
[2019-10-14T07:50:21.388+0000][1][safepoint    ] Application time: 1.0003627 seconds
[2019-10-14T07:50:21.388+0000][1][safepoint    ] Entering safepoint region: Cleanup
[2019-10-14T07:50:21.389+0000][1][safepoint    ] Leaving safepoint region
[2019-10-14T07:50:21.389+0000][1][safepoint    ] Total time for which application threads were stopped: 0.0008078 seconds, Stopping threads took: 0.0003508 seconds
[2019-10-14T07:50:22.390+0000][1][safepoint    ] Application time: 1.0005163 seconds
[2019-10-14T07:50:22.391+0000][1][safepoint    ] Entering safepoint region: Cleanup
[2019-10-14T07:50:22.392+0000][1][safepoint    ] Leaving safepoint region
[2019-10-14T07:50:22.393+0000][1][safepoint    ] Total time for which application threads were stopped: 0.0015038 seconds, Stopping threads took: 0.0008951 seconds
[2019-10-14T07:50:23.393+0000][1][safepoint    ] Application time: 1.0002561 seconds
[2019-10-14T07:50:23.394+0000][1][safepoint    ] Entering safepoint region: Cleanup
[2019-10-14T07:50:23.395+0000][1][safepoint    ] Leaving safepoint region
[2019-10-14T07:50:23.396+0000][1][safepoint    ] Total time for which application threads were stopped: 0.0014822 seconds, Stopping threads took: 0.0006557 seconds
[2019-10-14T07:50:24.397+0000][1][safepoint    ] Application time: 1.0004704 seconds
[2019-10-14T07:50:24.398+0000][1][safepoint    ] Entering safepoint region: Cleanup
[2019-10-14T07:50:24.398+0000][1][safepoint    ] Leaving safepoint region
[2019-10-14T07:50:24.398+0000][1][safepoint    ] Total time for which application threads were stopped: 0.0007486 seconds, Stopping threads took: 0.0003824 seconds
[2019-10-14T07:50:25.400+0000][1][safepoint    ] Application time: 1.0007512 seconds
[2019-10-14T07:50:25.400+0000][1][safepoint    ] Entering safepoint region: Cleanup
[2019-10-14T07:50:25.401+0000][1][safepoint    ] Leaving safepoint region
[2019-10-14T07:50:25.401+0000][1][safepoint    ] Total time for which application threads were stopped: 0.0010636 seconds, Stopping threads took: 0.0005295 seconds
[2019-10-14T07:50:26.403+0000][1][safepoint    ] Application time: 1.0012548 seconds
[2019-10-14T07:50:26.404+0000][1][safepoint    ] Entering safepoint region: Cleanup
[2019-10-14T07:50:26.404+0000][1][safepoint    ] Leaving safepoint region
[2019-10-14T07:50:26.405+0000][1][safepoint    ] Total time for which application threads were stopped: 0.0007909 seconds, Stopping threads took: 0.0003588 seconds
[2019-10-14T07:50:27.405+0000][1][safepoint    ] Application time: 1.0001449 seconds
[2019-10-14T07:50:27.406+0000][1][safepoint    ] Entering safepoint region: Cleanup
[2019-10-14T07:50:27.406+0000][1][safepoint    ] Leaving safepoint region
[2019-10-14T07:50:27.407+0000][1][safepoint    ] Total time for which application threads were stopped: 0.0011411 seconds, Stopping threads took: 0.0004026 seconds
[2019-10-14T07:50:28.409+0000][1][safepoint    ] Application time: 1.0016143 seconds
[2019-10-14T07:50:28.409+0000][1][safepoint    ] Entering safepoint region: Cleanup
[2019-10-14T07:50:28.410+0000][1][safepoint    ] Leaving safepoint region
[2019-10-14T07:50:28.410+0000][1][safepoint    ] Total time for which application threads were stopped: 0.0012956 seconds, Stopping threads took: 0.0004994 seconds
[2019-10-14T07:50:29.412+0000][1][safepoint    ] Application time: 1.0006254 seconds
[2019-10-14T07:50:29.412+0000][1][safepoint    ] Entering safepoint region: Cleanup
[2019-10-14T07:50:29.413+0000][1][safepoint    ] Leaving safepoint region
[2019-10-14T07:50:29.413+0000][1][safepoint    ] Total time for which application threads were stopped: 0.0007791 seconds, Stopping threads took: 0.0003473 seconds
[2019-10-14T07:50:30.415+0000][1][safepoint    ] Application time: 1.0013000 seconds
[2019-10-14T07:50:30.415+0000][1][safepoint    ] Entering safepoint region: Cleanup
[2019-10-14T07:50:30.416+0000][1][safepoint    ] Leaving safepoint region
[2019-10-14T07:50:30.416+0000][1][safepoint    ] Total time for which application threads were stopped: 0.0009904 seconds, Stopping threads took: 0.0004355 seconds
[2019-10-14T07:50:31.417+0000][1][safepoint    ] Application time: 1.0005141 seconds
[2019-10-14T07:50:31.418+0000][1][safepoint    ] Entering safepoint region: Cleanup
[2019-10-14T07:50:31.418+0000][1][safepoint    ] Leaving safepoint region
[2019-10-14T07:50:31.419+0000][1][safepoint    ] Total time for which application threads were stopped: 0.0009163 seconds, Stopping threads took: 0.0003837 seconds
[2019-10-14T07:50:32.419+0000][1][safepoint    ] Application time: 1.0003983 seconds
[2019-10-14T07:50:32.420+0000][1][safepoint    ] Entering safepoint region: Cleanup
[2019-10-14T07:50:32.421+0000][1][safepoint    ] Leaving safepoint region
[2019-10-14T07:50:32.422+0000][1][safepoint    ] Total time for which application threads were stopped: 0.0015117 seconds, Stopping threads took: 0.0009337 seconds
[2019-10-14T07:50:33.402+0000][1][safepoint    ] Application time: 1.0006384 seconds
[2019-10-14T07:50:33.403+0000][1][safepoint    ] Entering safepoint region: Cleanup
[2019-10-14T07:50:33.403+0000][1][safepoint    ] Leaving safepoint region
[2019-10-14T07:50:33.404+0000][1][safepoint    ] Total time for which application threads were stopped: 0.0010913 seconds, Stopping threads took: 0.0005120 seconds
[2019-10-14T07:50:34.404+0000][1][safepoint    ] Application time: 1.0003381 seconds
[2019-10-14T07:50:34.405+0000][1][safepoint    ] Entering safepoint region: Cleanup
[2019-10-14T07:50:34.406+0000][1][safepoint    ] Leaving safepoint region
[2019-10-14T07:50:34.406+0000][1][safepoint    ] Total time for which application threads were stopped: 0.0011690 seconds, Stopping threads took: 0.0005700 seconds
[2019-10-14T07:50:35.408+0000][1][safepoint    ] Application time: 1.0011156 seconds
[2019-10-14T07:50:35.409+0000][1][safepoint    ] Entering safepoint region: Cleanup
[2019-10-14T07:50:35.410+0000][1][safepoint    ] Leaving safepoint region
[2019-10-14T07:50:35.411+0000][1][safepoint    ] Total time for which application threads were stopped: 0.0014465 seconds, Stopping threads took: 0.0007001 seconds
[2019-10-14T07:50:36.412+0000][1][safepoint    ] Application time: 1.0008457 seconds
[2019-10-14T07:50:36.413+0000][1][safepoint    ] Entering safepoint region: Cleanup
[2019-10-14T07:50:36.414+0000][1][safepoint    ] Leaving safepoint region
[2019-10-14T07:50:36.415+0000][1][safepoint    ] Total time for which application threads were stopped: 0.0017342 seconds, Stopping threads took: 0.0007305 seconds
[2019-10-14T07:50:37.416+0000][1][safepoint    ] Application time: 1.0004982 seconds
[2019-10-14T07:50:37.417+0000][1][safepoint    ] Entering safepoint region: Cleanup
[2019-10-14T07:50:37.417+0000][1][safepoint    ] Leaving safepoint region
[2019-10-14T07:50:37.418+0000][1][safepoint    ] Total time for which application threads were stopped: 0.0008537 seconds, Stopping threads took: 0.0004427 seconds
[2019-10-14T07:50:38.422+0000][1][safepoint    ] Application time: 1.0042280 seconds
[2019-10-14T07:50:38.423+0000][1][safepoint    ] Entering safepoint region: Cleanup
[2019-10-14T07:50:38.423+0000][1][safepoint    ] Leaving safepoint region
[2019-10-14T07:50:38.424+0000][1][safepoint    ] Total time for which application threads were stopped: 0.0011438 seconds, Stopping threads took: 0.0004743 seconds
[2019-10-14T07:50:39.425+0000][1][safepoint    ] Application time: 1.0002386 seconds
[2019-10-14T07:50:39.425+0000][1][safepoint    ] Entering safepoint region: Cleanup
[2019-10-14T07:50:39.425+0000][1][safepoint    ] Leaving safepoint region
[2019-10-14T07:50:39.426+0000][1][safepoint    ] Total time for which application threads were stopped: 0.0007872 seconds, Stopping threads took: 0.0003642 seconds
[2019-10-14T07:50:40.052+0000][1][safepoint    ] Application time: 0.6256038 seconds
[2019-10-14T07:50:40.053+0000][1][safepoint    ] Entering safepoint region: RevokeBias
[2019-10-14T07:50:40.054+0000][1][safepoint    ] Leaving safepoint region
[2019-10-14T07:50:40.055+0000][1][safepoint    ] Total time for which application threads were stopped: 0.0017423 seconds, Stopping threads took: 0.0005678 seconds
[2019-10-14T07:50:40.099+0000][1][safepoint    ] Application time: 0.0432067 seconds
[2019-10-14T07:50:40.116+0000][1][safepoint    ] Entering safepoint region: RevokeBias
[2019-10-14T07:50:40.122+0000][1][safepoint    ] Leaving safepoint region
[2019-10-14T07:50:40.127+0000][1][safepoint    ] Total time for which application threads were stopped: 0.0111414 seconds, Stopping threads took: 0.0064082 seconds
[2019-10-14T07:50:40.154+0000][1][safepoint    ] Application time: 0.0245556 seconds
[2019-10-14T07:50:40.172+0000][1][safepoint    ] Entering safepoint region: RevokeBias
[2019-10-14T07:50:40.173+0000][1][safepoint    ] Leaving safepoint region
[2019-10-14T07:50:40.173+0000][1][safepoint    ] Total time for which application threads were stopped: 0.0013192 seconds, Stopping threads took: 0.0007492 seconds
[2019-10-14T07:50:41.179+0000][1][safepoint    ] Application time: 1.0060222 seconds
[2019-10-14T07:50:41.180+0000][1][safepoint    ] Entering safepoint region: Cleanup
[2019-10-14T07:50:41.181+0000][1][safepoint    ] Leaving safepoint region
[2019-10-14T07:50:41.181+0000][1][safepoint    ] Total time for which application threads were stopped: 0.0014174 seconds, Stopping threads took: 0.0006998 seconds
[2019-10-14T07:50:42.182+0000][1][safepoint    ] Application time: 1.0001443 seconds
[2019-10-14T07:50:42.183+0000][1][safepoint    ] Entering safepoint region: Cleanup
[2019-10-14T07:50:42.183+0000][1][safepoint    ] Leaving safepoint region
[2019-10-14T07:50:42.183+0000][1][safepoint    ] Total time for which application threads were stopped: 0.0006792 seconds, Stopping threads took: 0.0003276 seconds
[2019-10-14T07:50:43.184+0000][1][safepoint    ] Application time: 1.0004212 seconds
[2019-10-14T07:50:43.184+0000][1][safepoint    ] Entering safepoint region: Cleanup
[2019-10-14T07:50:43.185+0000][1][safepoint    ] Leaving safepoint region
[2019-10-14T07:50:43.185+0000][1][safepoint    ] Total time for which application threads were stopped: 0.0007331 seconds, Stopping threads took: 0.0003193 seconds
[2019-10-14T07:50:44.186+0000][1][safepoint    ] Application time: 1.0002503 seconds
[2019-10-14T07:50:44.186+0000][1][safepoint    ] Entering safepoint region: Cleanup
[2019-10-14T07:50:44.187+0000][1][safepoint    ] Leaving safepoint region
[2019-10-14T07:50:44.187+0000][1][safepoint    ] Total time for which application threads were stopped: 0.0008559 seconds, Stopping threads took: 0.0003325 seconds
[2019-10-14T07:50:45.188+0000][1][safepoint    ] Application time: 1.0002346 seconds
[2019-10-14T07:50:45.188+0000][1][safepoint    ] Entering safepoint region: Cleanup
[2019-10-14T07:50:45.189+0000][1][safepoint    ] Leaving safepoint region
[2019-10-14T07:50:45.189+0000][1][safepoint    ] Total time for which application threads were stopped: 0.0011362 seconds, Stopping threads took: 0.0004854 seconds
[2019-10-14T07:50:45.352+0000][1][safepoint    ] Application time: 0.1626889 seconds
[2019-10-14T07:50:45.353+0000][1][safepoint    ] Entering safepoint region: GenCollectForAllocation
[2019-10-14T07:50:45.354+0000][1][gc,start     ] GC(37) Pause Young (Allocation Failure)
[2019-10-14T07:50:45.355+0000][1][gc,task      ] GC(37) Using 2 workers of 2 for evacuation
[2019-10-14T07:50:45.358+0000][1][gc,age       ] GC(37) Desired survivor size 4456448 bytes, new threshold 6 (max threshold 6)
[2019-10-14T07:50:45.359+0000][1][gc,age       ] GC(37) Age table with threshold 6 (max threshold 6)
[2019-10-14T07:50:45.359+0000][1][gc,age       ] GC(37) - age   1:      50752 bytes,      50752 total
[2019-10-14T07:50:45.359+0000][1][gc,age       ] GC(37) - age   2:       3200 bytes,      53952 total
[2019-10-14T07:50:45.360+0000][1][gc,age       ] GC(37) - age   3:       3976 bytes,      57928 total
[2019-10-14T07:50:45.360+0000][1][gc,age       ] GC(37) - age   4:       4816 bytes,      62744 total
[2019-10-14T07:50:45.360+0000][1][gc,age       ] GC(37) - age   5:       4456 bytes,      67200 total
[2019-10-14T07:50:45.361+0000][1][gc,age       ] GC(37) - age   6:      82432 bytes,     149632 total
[2019-10-14T07:50:45.361+0000][1][gc,heap      ] GC(37) ParNew: 70324K->188K(78656K)
[2019-10-14T07:50:45.362+0000][1][gc,heap      ] GC(37) CMS: 72252K->72341K(174784K)
[2019-10-14T07:50:45.362+0000][1][gc,metaspace ] GC(37) Metaspace: 80921K->80921K(1124352K)
[2019-10-14T07:50:45.363+0000][1][gc           ] GC(37) Pause Young (Allocation Failure) 139M->70M(247M) 8.564ms
[2019-10-14T07:50:45.363+0000][1][gc,cpu       ] GC(37) User=0.00s Sys=0.00s Real=0.01s
[2019-10-14T07:50:45.363+0000][1][safepoint    ] Leaving safepoint region
[2019-10-14T07:50:45.364+0000][1][safepoint    ] Total time for which application threads were stopped: 0.0107337 seconds, Stopping threads took: 0.0006824 seconds
[2019-10-14T07:50:46.364+0000][1][safepoint    ] Application time: 1.0002649 seconds
[2019-10-14T07:50:46.365+0000][1][safepoint    ] Entering safepoint region: Cleanup
[2019-10-14T07:50:46.366+0000][1][safepoint    ] Leaving safepoint region
[2019-10-14T07:50:46.366+0000][1][safepoint    ] Total time for which application threads were stopped: 0.0016580 seconds, Stopping threads took: 0.0008391 seconds
[2019-10-14T07:50:47.369+0000][1][safepoint    ] Application time: 1.0005526 seconds
[2019-10-14T07:50:47.370+0000][1][safepoint    ] Entering safepoint region: Cleanup
[2019-10-14T07:50:47.371+0000][1][safepoint    ] Leaving safepoint region
[2019-10-14T07:50:47.371+0000][1][safepoint    ] Total time for which application threads were stopped: 0.0013222 seconds, Stopping threads took: 0.0005759 seconds
[2019-10-14T07:50:48.376+0000][1][safepoint    ] Application time: 1.0035563 seconds
[2019-10-14T07:50:48.376+0000][1][safepoint    ] Entering safepoint region: Cleanup
[2019-10-14T07:50:48.377+0000][1][safepoint    ] Leaving safepoint region
[2019-10-14T07:50:48.378+0000][1][safepoint    ] Total time for which application threads were stopped: 0.0015105 seconds, Stopping threads took: 0.0006489 seconds
[2019-10-14T07:50:49.379+0000][1][safepoint    ] Application time: 1.0005999 seconds
[2019-10-14T07:50:49.380+0000][1][safepoint    ] Entering safepoint region: Cleanup
[2019-10-14T07:50:49.380+0000][1][safepoint    ] Leaving safepoint region
[2019-10-14T07:50:49.381+0000][1][safepoint    ] Total time for which application threads were stopped: 0.0015290 seconds, Stopping threads took: 0.0004210 seconds
[2019-10-14T07:50:50.384+0000][1][safepoint    ] Application time: 1.0019947 seconds
[2019-10-14T07:50:50.385+0000][1][safepoint    ] Entering safepoint region: Cleanup
[2019-10-14T07:50:50.386+0000][1][safepoint    ] Leaving safepoint region
[2019-10-14T07:50:50.386+0000][1][safepoint    ] Total time for which application threads were stopped: 0.0013541 seconds, Stopping threads took: 0.0006346 seconds
[2019-10-14T07:50:51.387+0000][1][safepoint    ] Application time: 1.0005854 seconds
[2019-10-14T07:50:51.388+0000][1][safepoint    ] Entering safepoint region: Cleanup
[2019-10-14T07:50:51.389+0000][1][safepoint    ] Leaving safepoint region
[2019-10-14T07:50:51.390+0000][1][safepoint    ] Total time for which application threads were stopped: 0.0019837 seconds, Stopping threads took: 0.0007915 seconds
[2019-10-14T07:50:52.393+0000][1][safepoint    ] Application time: 1.0019687 seconds
[2019-10-14T07:50:52.394+0000][1][safepoint    ] Entering safepoint region: Cleanup
[2019-10-14T07:50:52.395+0000][1][safepoint    ] Leaving safepoint region
[2019-10-14T07:50:52.396+0000][1][safepoint    ] Total time for which application threads were stopped: 0.0019330 seconds, Stopping threads took: 0.0011660 seconds
[2019-10-14T07:50:53.400+0000][1][safepoint    ] Application time: 1.0039119 seconds
[2019-10-14T07:50:53.401+0000][1][safepoint    ] Entering safepoint region: Cleanup
[2019-10-14T07:50:53.401+0000][1][safepoint    ] Leaving safepoint region
[2019-10-14T07:50:53.402+0000][1][safepoint    ] Total time for which application threads were stopped: 0.0009662 seconds, Stopping threads took: 0.0004578 seconds
[2019-10-14T07:50:54.403+0000][1][safepoint    ] Application time: 1.0002813 seconds
[2019-10-14T07:50:54.403+0000][1][safepoint    ] Entering safepoint region: Cleanup
[2019-10-14T07:50:54.404+0000][1][safepoint    ] Leaving safepoint region
[2019-10-14T07:50:54.404+0000][1][safepoint    ] Total time for which application threads were stopped: 0.0009253 seconds, Stopping threads took: 0.0004139 seconds
[2019-10-14T07:50:55.405+0000][1][safepoint    ] Application time: 1.0003434 seconds
[2019-10-14T07:50:55.405+0000][1][safepoint    ] Entering safepoint region: Cleanup
[2019-10-14T07:50:55.406+0000][1][safepoint    ] Leaving safepoint region
[2019-10-14T07:50:55.407+0000][1][safepoint    ] Total time for which application threads were stopped: 0.0013368 seconds, Stopping threads took: 0.0005055 seconds
[2019-10-14T07:50:56.408+0000][1][safepoint    ] Application time: 1.0004781 seconds
[2019-10-14T07:50:56.408+0000][1][safepoint    ] Entering safepoint region: Cleanup
[2019-10-14T07:50:56.409+0000][1][safepoint    ] Leaving safepoint region
[2019-10-14T07:50:56.409+0000][1][safepoint    ] Total time for which application threads were stopped: 0.0009106 seconds, Stopping threads took: 0.0005700 seconds
[2019-10-14T07:50:57.410+0000][1][safepoint    ] Application time: 1.0000908 seconds
[2019-10-14T07:50:57.410+0000][1][safepoint    ] Entering safepoint region: Cleanup
[2019-10-14T07:50:57.411+0000][1][safepoint    ] Leaving safepoint region
[2019-10-14T07:50:57.411+0000][1][safepoint    ] Total time for which application threads were stopped: 0.0009232 seconds, Stopping threads took: 0.0003838 seconds
[2019-10-14T07:50:58.412+0000][1][safepoint    ] Application time: 1.0003012 seconds
[2019-10-14T07:50:58.412+0000][1][safepoint    ] Entering safepoint region: Cleanup
[2019-10-14T07:50:58.414+0000][1][safepoint    ] Leaving safepoint region
[2019-10-14T07:50:58.414+0000][1][safepoint    ] Total time for which application threads were stopped: 0.0016240 seconds, Stopping threads took: 0.0008787 seconds
[2019-10-14T07:50:59.416+0000][1][safepoint    ] Application time: 1.0011551 seconds
[2019-10-14T07:50:59.416+0000][1][safepoint    ] Entering safepoint region: Cleanup
[2019-10-14T07:50:59.417+0000][1][safepoint    ] Leaving safepoint region
[2019-10-14T07:50:59.418+0000][1][safepoint    ] Total time for which application threads were stopped: 0.0014705 seconds, Stopping threads took: 0.0008030 seconds
[2019-10-14T07:51:00.420+0000][1][safepoint    ] Application time: 1.0014255 seconds
[2019-10-14T07:51:00.431+0000][1][safepoint    ] Entering safepoint region: Cleanup
[2019-10-14T07:51:00.467+0000][1][safepoint    ] Leaving safepoint region
[2019-10-14T07:51:00.478+0000][1][safepoint    ] Total time for which application threads were stopped: 0.0472434 seconds, Stopping threads took: 0.0358861 seconds
[2019-10-14T07:51:01.482+0000][1][safepoint    ] Application time: 1.0002122 seconds
[2019-10-14T07:51:01.482+0000][1][safepoint    ] Entering safepoint region: Cleanup
[2019-10-14T07:51:01.483+0000][1][safepoint    ] Leaving safepoint region
[2019-10-14T07:51:01.483+0000][1][safepoint    ] Total time for which application threads were stopped: 0.0007851 seconds, Stopping threads took: 0.0004051 seconds
[2019-10-14T07:51:02.484+0000][1][safepoint    ] Application time: 1.0002382 seconds
[2019-10-14T07:51:02.484+0000][1][safepoint    ] Entering safepoint region: Cleanup
[2019-10-14T07:51:02.486+0000][1][safepoint    ] Leaving safepoint region
[2019-10-14T07:51:02.487+0000][1][safepoint    ] Total time for which application threads were stopped: 0.0031166 seconds, Stopping threads took: 0.0011896 seconds
[2019-10-14T07:51:03.467+0000][1][safepoint    ] Application time: 1.0005194 seconds
[2019-10-14T07:51:03.468+0000][1][safepoint    ] Entering safepoint region: Cleanup
[2019-10-14T07:51:03.469+0000][1][safepoint    ] Leaving safepoint region
[2019-10-14T07:51:03.470+0000][1][safepoint    ] Total time for which application threads were stopped: 0.0014071 seconds, Stopping threads took: 0.0007694 seconds
[2019-10-14T07:51:04.470+0000][1][safepoint    ] Application time: 1.0001847 seconds
[2019-10-14T07:51:04.471+0000][1][safepoint    ] Entering safepoint region: Cleanup
[2019-10-14T07:51:04.471+0000][1][safepoint    ] Leaving safepoint region
[2019-10-14T07:51:04.472+0000][1][safepoint    ] Total time for which application threads were stopped: 0.0008554 seconds, Stopping threads took: 0.0003097 seconds
[2019-10-14T07:51:05.443+0000][1][safepoint    ] Application time: 0.9705578 seconds
[2019-10-14T07:51:05.451+0000][1][safepoint    ] Entering safepoint region: RevokeBias
[2019-10-14T07:51:05.452+0000][1][safepoint    ] Leaving safepoint region
[2019-10-14T07:51:05.452+0000][1][safepoint    ] Total time for which application threads were stopped: 0.0049271 seconds, Stopping threads took: 0.0040861 seconds
[2019-10-14T07:51:05.471+0000][1][safepoint    ] Application time: 0.0187139 seconds
[2019-10-14T07:51:05.477+0000][1][safepoint    ] Entering safepoint region: RevokeBias
[2019-10-14T07:51:05.478+0000][1][safepoint    ] Leaving safepoint region
[2019-10-14T07:51:05.478+0000][1][safepoint    ] Total time for which application threads were stopped: 0.0052944 seconds, Stopping threads took: 0.0044962 seconds
[2019-10-14T07:51:05.479+0000][1][safepoint    ] Application time: 0.0002789 seconds
[2019-10-14T07:51:05.481+0000][1][safepoint    ] Entering safepoint region: RevokeBias
[2019-10-14T07:51:05.482+0000][1][safepoint    ] Leaving safepoint region
[2019-10-14T07:51:05.482+0000][1][safepoint    ] Total time for which application threads were stopped: 0.0029247 seconds, Stopping threads took: 0.0022081 seconds
[2019-10-14T07:51:05.484+0000][1][safepoint    ] Application time: 0.0013995 seconds
[2019-10-14T07:51:05.485+0000][1][safepoint    ] Entering safepoint region: RevokeBias
[2019-10-14T07:51:05.486+0000][1][safepoint    ] Leaving safepoint region
[2019-10-14T07:51:05.486+0000][1][safepoint    ] Total time for which application threads were stopped: 0.0010142 seconds, Stopping threads took: 0.0004633 seconds
[2019-10-14T07:51:05.491+0000][1][safepoint    ] Application time: 0.0047100 seconds
[2019-10-14T07:51:05.493+0000][1][safepoint    ] Entering safepoint region: RevokeBias
[2019-10-14T07:51:05.493+0000][1][safepoint    ] Leaving safepoint region
[2019-10-14T07:51:05.494+0000][1][safepoint    ] Total time for which application threads were stopped: 0.0017942 seconds, Stopping threads took: 0.0013912 seconds
[2019-10-14T07:51:05.496+0000][1][safepoint    ] Application time: 0.0022556 seconds
[2019-10-14T07:51:05.500+0000][1][safepoint    ] Entering safepoint region: RevokeBias
[2019-10-14T07:51:05.501+0000][1][safepoint    ] Leaving safepoint region
[2019-10-14T07:51:05.502+0000][1][safepoint    ] Total time for which application threads were stopped: 0.0050924 seconds, Stopping threads took: 0.0043797 seconds
[2019-10-14T07:51:05.509+0000][1][safepoint    ] Application time: 0.0063359 seconds
[2019-10-14T07:51:05.510+0000][1][safepoint    ] Entering safepoint region: RevokeBias
[2019-10-14T07:51:05.511+0000][1][safepoint    ] Leaving safepoint region
[2019-10-14T07:51:05.511+0000][1][safepoint    ] Total time for which application threads were stopped: 0.0009885 seconds, Stopping threads took: 0.0004452 seconds
[2019-10-14T07:51:05.532+0000][1][safepoint    ] Application time: 0.0206232 seconds
[2019-10-14T07:51:05.533+0000][1][safepoint    ] Entering safepoint region: RevokeBias
[2019-10-14T07:51:05.533+0000][1][safepoint    ] Leaving safepoint region
[2019-10-14T07:51:05.534+0000][1][safepoint    ] Total time for which application threads were stopped: 0.0011668 seconds, Stopping threads took: 0.0006214 seconds
[2019-10-14T07:51:05.535+0000][1][safepoint    ] Application time: 0.0003052 seconds
[2019-10-14T07:51:05.539+0000][1][safepoint    ] Entering safepoint region: RevokeBias
[2019-10-14T07:51:05.540+0000][1][safepoint    ] Leaving safepoint region
[2019-10-14T07:51:05.541+0000][1][safepoint    ] Total time for which application threads were stopped: 0.0045984 seconds, Stopping threads took: 0.0031549 seconds
[2019-10-14T07:51:05.542+0000][1][safepoint    ] Application time: 0.0001702 seconds
[2019-10-14T07:51:05.542+0000][1][safepoint    ] Entering safepoint region: RevokeBias
[2019-10-14T07:51:05.543+0000][1][safepoint    ] Leaving safepoint region
[2019-10-14T07:51:05.543+0000][1][safepoint    ] Total time for which application threads were stopped: 0.0008034 seconds, Stopping threads took: 0.0003360 seconds
[2019-10-14T07:51:05.547+0000][1][safepoint    ] Application time: 0.0032483 seconds
[2019-10-14T07:51:05.548+0000][1][safepoint    ] Entering safepoint region: RevokeBias
[2019-10-14T07:51:05.550+0000][1][safepoint    ] Leaving safepoint region
[2019-10-14T07:51:05.550+0000][1][safepoint    ] Total time for which application threads were stopped: 0.0024375 seconds, Stopping threads took: 0.0014190 seconds
[2019-10-14T07:51:05.551+0000][1][safepoint    ] Application time: 0.0003927 seconds
[2019-10-14T07:51:05.553+0000][1][safepoint    ] Entering safepoint region: RevokeBias
[2019-10-14T07:51:05.554+0000][1][safepoint    ] Leaving safepoint region
[2019-10-14T07:51:05.554+0000][1][safepoint    ] Total time for which application threads were stopped: 0.0011771 seconds, Stopping threads took: 0.0006526 seconds
[2019-10-14T07:51:05.556+0000][1][safepoint    ] Application time: 0.0018112 seconds
[2019-10-14T07:51:05.557+0000][1][safepoint    ] Entering safepoint region: RevokeBias
[2019-10-14T07:51:05.557+0000][1][safepoint    ] Leaving safepoint region
[2019-10-14T07:51:05.558+0000][1][safepoint    ] Total time for which application threads were stopped: 0.0009584 seconds, Stopping threads took: 0.0005085 seconds
[2019-10-14T07:51:05.558+0000][1][safepoint    ] Application time: 0.0003687 seconds
[2019-10-14T07:51:05.559+0000][1][safepoint    ] Entering safepoint region: RevokeBias
[2019-10-14T07:51:05.559+0000][1][safepoint    ] Leaving safepoint region
[2019-10-14T07:51:05.561+0000][1][safepoint    ] Total time for which application threads were stopped: 0.0022920 seconds, Stopping threads took: 0.0006561 seconds
[2019-10-14T07:51:05.565+0000][1][safepoint    ] Application time: 0.0023165 seconds
[2019-10-14T07:51:05.566+0000][1][safepoint    ] Entering safepoint region: RevokeBias
[2019-10-14T07:51:05.566+0000][1][safepoint    ] Leaving safepoint region
[2019-10-14T07:51:05.567+0000][1][safepoint    ] Total time for which application threads were stopped: 0.0008106 seconds, Stopping threads took: 0.0004079 seconds
[2019-10-14T07:51:05.569+0000][1][safepoint    ] Application time: 0.0019691 seconds
[2019-10-14T07:51:05.569+0000][1][safepoint    ] Entering safepoint region: RevokeBias
[2019-10-14T07:51:05.570+0000][1][safepoint    ] Leaving safepoint region
[2019-10-14T07:51:05.571+0000][1][safepoint    ] Total time for which application threads were stopped: 0.0011660 seconds, Stopping threads took: 0.0007338 seconds
[2019-10-14T07:51:05.573+0000][1][safepoint    ] Application time: 0.0015863 seconds
[2019-10-14T07:51:05.573+0000][1][safepoint    ] Entering safepoint region: RevokeBias
[2019-10-14T07:51:05.574+0000][1][safepoint    ] Leaving safepoint region
[2019-10-14T07:51:05.574+0000][1][safepoint    ] Total time for which application threads were stopped: 0.0008879 seconds, Stopping threads took: 0.0004596 seconds
[2019-10-14T07:51:05.575+0000][1][safepoint    ] Application time: 0.0002900 seconds
[2019-10-14T07:51:05.575+0000][1][safepoint    ] Entering safepoint region: RevokeBias
[2019-10-14T07:51:05.575+0000][1][safepoint    ] Leaving safepoint region
[2019-10-14T07:51:05.576+0000][1][safepoint    ] Total time for which application threads were stopped: 0.0014775 seconds, Stopping threads took: 0.0004667 seconds
[2019-10-14T07:51:05.578+0000][1][safepoint    ] Application time: 0.0003223 seconds
[2019-10-14T07:51:05.578+0000][1][safepoint    ] Entering safepoint region: RevokeBias
[2019-10-14T07:51:05.579+0000][1][safepoint    ] Leaving safepoint region
[2019-10-14T07:51:05.579+0000][1][safepoint    ] Total time for which application threads were stopped: 0.0008384 seconds, Stopping threads took: 0.0003658 seconds
[2019-10-14T07:51:05.580+0000][1][safepoint    ] Application time: 0.0001690 seconds
[2019-10-14T07:51:05.580+0000][1][safepoint    ] Entering safepoint region: RevokeBias
[2019-10-14T07:51:05.580+0000][1][safepoint    ] Leaving safepoint region
[2019-10-14T07:51:05.581+0000][1][safepoint    ] Total time for which application threads were stopped: 0.0009419 seconds, Stopping threads took: 0.0003600 seconds
[2019-10-14T07:51:05.581+0000][1][safepoint    ] Application time: 0.0001592 seconds
[2019-10-14T07:51:05.582+0000][1][safepoint    ] Entering safepoint region: RevokeBias
[2019-10-14T07:51:05.582+0000][1][safepoint    ] Leaving safepoint region
[2019-10-14T07:51:05.582+0000][1][safepoint    ] Total time for which application threads were stopped: 0.0007473 seconds, Stopping threads took: 0.0003345 seconds
[2019-10-14T07:51:05.583+0000][1][safepoint    ] Application time: 0.0005984 seconds
[2019-10-14T07:51:05.584+0000][1][safepoint    ] Entering safepoint region: RevokeBias
[2019-10-14T07:51:05.584+0000][1][safepoint    ] Leaving safepoint region
[2019-10-14T07:51:05.585+0000][1][safepoint    ] Total time for which application threads were stopped: 0.0009267 seconds, Stopping threads took: 0.0003451 seconds
[2019-10-14T07:51:05.585+0000][1][safepoint    ] Application time: 0.0001698 seconds
[2019-10-14T07:51:05.586+0000][1][safepoint    ] Entering safepoint region: RevokeBias
[2019-10-14T07:51:05.587+0000][1][safepoint    ] Leaving safepoint region
[2019-10-14T07:51:05.587+0000][1][safepoint    ] Total time for which application threads were stopped: 0.0008467 seconds, Stopping threads took: 0.0003759 seconds
[2019-10-14T07:51:05.588+0000][1][safepoint    ] Application time: 0.0008187 seconds
[2019-10-14T07:51:05.589+0000][1][safepoint    ] Entering safepoint region: RevokeBias
[2019-10-14T07:51:05.589+0000][1][safepoint    ] Leaving safepoint region
[2019-10-14T07:51:05.590+0000][1][safepoint    ] Total time for which application threads were stopped: 0.0012427 seconds, Stopping threads took: 0.0004800 seconds
[2019-10-14T07:51:05.590+0000][1][safepoint    ] Application time: 0.0001386 seconds
[2019-10-14T07:51:05.591+0000][1][safepoint    ] Entering safepoint region: RevokeBias
[2019-10-14T07:51:05.592+0000][1][safepoint    ] Leaving safepoint region
[2019-10-14T07:51:05.592+0000][1][safepoint    ] Total time for which application threads were stopped: 0.0013537 seconds, Stopping threads took: 0.0006129 seconds
[2019-10-14T07:51:05.596+0000][1][safepoint    ] Application time: 0.0027889 seconds
[2019-10-14T07:51:05.596+0000][1][safepoint    ] Entering safepoint region: RevokeBias
[2019-10-14T07:51:05.596+0000][1][safepoint    ] Leaving safepoint region
[2019-10-14T07:51:05.597+0000][1][safepoint    ] Total time for which application threads were stopped: 0.0008415 seconds, Stopping threads took: 0.0004200 seconds
[2019-10-14T07:51:05.655+0000][1][safepoint    ] Application time: 0.0578428 seconds
[2019-10-14T07:51:05.655+0000][1][safepoint    ] Entering safepoint region: RevokeBias
[2019-10-14T07:51:05.656+0000][1][safepoint    ] Leaving safepoint region
[2019-10-14T07:51:05.656+0000][1][safepoint    ] Total time for which application threads were stopped: 0.0007480 seconds, Stopping threads took: 0.0003012 seconds
[2019-10-14T07:51:05.657+0000][1][safepoint    ] Application time: 0.0005995 seconds
[2019-10-14T07:51:05.657+0000][1][safepoint    ] Entering safepoint region: RevokeBias
[2019-10-14T07:51:05.658+0000][1][safepoint    ] Leaving safepoint region
[2019-10-14T07:51:05.659+0000][1][safepoint    ] Total time for which application threads were stopped: 0.0014585 seconds, Stopping threads took: 0.0003830 seconds
[2019-10-14T07:51:05.660+0000][1][safepoint    ] Application time: 0.0003723 seconds
[2019-10-14T07:51:05.660+0000][1][safepoint    ] Entering safepoint region: RevokeBias
[2019-10-14T07:51:05.660+0000][1][safepoint    ] Leaving safepoint region
[2019-10-14T07:51:05.661+0000][1][safepoint    ] Total time for which application threads were stopped: 0.0009140 seconds, Stopping threads took: 0.0004427 seconds
[2019-10-14T07:51:05.666+0000][1][safepoint    ] Application time: 0.0052229 seconds
[2019-10-14T07:51:05.667+0000][1][safepoint    ] Entering safepoint region: RevokeBias
[2019-10-14T07:51:05.667+0000][1][safepoint    ] Leaving safepoint region
[2019-10-14T07:51:05.668+0000][1][safepoint    ] Total time for which application threads were stopped: 0.0006779 seconds, Stopping threads took: 0.0002858 seconds
[2019-10-14T07:51:05.692+0000][1][safepoint    ] Application time: 0.0237630 seconds
[2019-10-14T07:51:05.692+0000][1][safepoint    ] Entering safepoint region: RevokeBias
[2019-10-14T07:51:05.693+0000][1][safepoint    ] Leaving safepoint region
[2019-10-14T07:51:05.693+0000][1][safepoint    ] Total time for which application threads were stopped: 0.0008802 seconds, Stopping threads took: 0.0003109 seconds
[2019-10-14T07:51:05.764+0000][1][safepoint    ] Application time: 0.0705976 seconds
[2019-10-14T07:51:05.764+0000][1][safepoint    ] Entering safepoint region: RevokeBias
[2019-10-14T07:51:05.765+0000][1][safepoint    ] Leaving safepoint region
[2019-10-14T07:51:05.766+0000][1][safepoint    ] Total time for which application threads were stopped: 0.0011795 seconds, Stopping threads took: 0.0005198 seconds
[2019-10-14T07:51:05.780+0000][1][safepoint    ] Application time: 0.0136152 seconds
[2019-10-14T07:51:05.780+0000][1][safepoint    ] Entering safepoint region: BulkRevokeBias
[2019-10-14T07:51:05.781+0000][1][safepoint    ] Leaving safepoint region
[2019-10-14T07:51:05.782+0000][1][safepoint    ] Total time for which application threads were stopped: 0.0017407 seconds, Stopping threads took: 0.0004558 seconds
[2019-10-14T07:51:05.835+0000][1][safepoint    ] Application time: 0.0531462 seconds
[2019-10-14T07:51:05.836+0000][1][safepoint    ] Entering safepoint region: RevokeBias
[2019-10-14T07:51:05.836+0000][1][safepoint    ] Leaving safepoint region
[2019-10-14T07:51:05.836+0000][1][safepoint    ] Total time for which application threads were stopped: 0.0007276 seconds, Stopping threads took: 0.0003214 seconds
[2019-10-14T07:51:05.838+0000][1][safepoint    ] Application time: 0.0009254 seconds
[2019-10-14T07:51:05.851+0000][1][safepoint    ] Entering safepoint region: RevokeBias
[2019-10-14T07:51:05.853+0000][1][safepoint    ] Leaving safepoint region
[2019-10-14T07:51:05.853+0000][1][safepoint    ] Total time for which application threads were stopped: 0.0014927 seconds, Stopping threads took: 0.0010887 seconds
[2019-10-14T07:51:05.855+0000][1][safepoint    ] Application time: 0.0015347 seconds
[2019-10-14T07:51:05.855+0000][1][safepoint    ] Entering safepoint region: RevokeBias
[2019-10-14T07:51:05.855+0000][1][safepoint    ] Leaving safepoint region
[2019-10-14T07:51:05.856+0000][1][safepoint    ] Total time for which application threads were stopped: 0.0006056 seconds, Stopping threads took: 0.0002510 seconds
[2019-10-14T07:51:05.857+0000][1][safepoint    ] Application time: 0.0007030 seconds
[2019-10-14T07:51:05.857+0000][1][safepoint    ] Entering safepoint region: RevokeBias
[2019-10-14T07:51:05.857+0000][1][safepoint    ] Leaving safepoint region
[2019-10-14T07:51:05.858+0000][1][safepoint    ] Total time for which application threads were stopped: 0.0007001 seconds, Stopping threads took: 0.0003177 seconds
[2019-10-14T07:51:06.029+0000][1][safepoint    ] Application time: 0.1714587 seconds
[2019-10-14T07:51:06.030+0000][1][safepoint    ] Entering safepoint region: RevokeBias
[2019-10-14T07:51:06.030+0000][1][safepoint    ] Leaving safepoint region
[2019-10-14T07:51:06.030+0000][1][safepoint    ] Total time for which application threads were stopped: 0.0005881 seconds, Stopping threads took: 0.0002504 seconds
[2019-10-14T07:51:07.031+0000][1][safepoint    ] Application time: 1.0003111 seconds
[2019-10-14T07:51:07.031+0000][1][safepoint    ] Entering safepoint region: Cleanup
[2019-10-14T07:51:07.032+0000][1][safepoint    ] Leaving safepoint region
[2019-10-14T07:51:07.032+0000][1][safepoint    ] Total time for which application threads were stopped: 0.0010105 seconds, Stopping threads took: 0.0005545 seconds
[2019-10-14T07:51:07.035+0000][1][safepoint    ] Application time: 0.0026101 seconds
[2019-10-14T07:51:07.036+0000][1][safepoint    ] Entering safepoint region: RevokeBias
[2019-10-14T07:51:07.036+0000][1][safepoint    ] Leaving safepoint region
[2019-10-14T07:51:07.037+0000][1][safepoint    ] Total time for which application threads were stopped: 0.0008721 seconds, Stopping threads took: 0.0003900 seconds
[2019-10-14T07:51:08.038+0000][1][safepoint    ] Application time: 1.0004569 seconds
[2019-10-14T07:51:08.039+0000][1][safepoint    ] Entering safepoint region: Cleanup
[2019-10-14T07:51:08.039+0000][1][safepoint    ] Leaving safepoint region
[2019-10-14T07:51:08.040+0000][1][safepoint    ] Total time for which application threads were stopped: 0.0014175 seconds, Stopping threads took: 0.0007782 seconds
[2019-10-14T07:51:09.041+0000][1][safepoint    ] Application time: 1.0003112 seconds
[2019-10-14T07:51:09.041+0000][1][safepoint    ] Entering safepoint region: Cleanup
[2019-10-14T07:51:09.042+0000][1][safepoint    ] Leaving safepoint region
[2019-10-14T07:51:09.043+0000][1][safepoint    ] Total time for which application threads were stopped: 0.0013144 seconds, Stopping threads took: 0.0005056 seconds
[2019-10-14T07:51:10.044+0000][1][safepoint    ] Application time: 1.0005033 seconds
[2019-10-14T07:51:10.044+0000][1][safepoint    ] Entering safepoint region: Cleanup
[2019-10-14T07:51:10.045+0000][1][safepoint    ] Leaving safepoint region
[2019-10-14T07:51:10.045+0000][1][safepoint    ] Total time for which application threads were stopped: 0.0008980 seconds, Stopping threads took: 0.0003548 seconds
[2019-10-14T07:51:11.047+0000][1][safepoint    ] Application time: 1.0013640 seconds
[2019-10-14T07:51:11.048+0000][1][safepoint    ] Entering safepoint region: Cleanup
[2019-10-14T07:51:11.048+0000][1][safepoint    ] Leaving safepoint region
[2019-10-14T07:51:11.049+0000][1][safepoint    ] Total time for which application threads were stopped: 0.0012006 seconds, Stopping threads took: 0.0005096 seconds
[2019-10-14T07:51:11.308+0000][1][safepoint    ] Application time: 0.2593136 seconds
[2019-10-14T07:51:11.309+0000][1][safepoint    ] Entering safepoint region: RevokeBias
[2019-10-14T07:51:11.309+0000][1][safepoint    ] Leaving safepoint region
[2019-10-14T07:51:11.310+0000][1][safepoint    ] Total time for which application threads were stopped: 0.0008720 seconds, Stopping threads took: 0.0003155 seconds
[2019-10-14T07:51:11.310+0000][1][safepoint    ] Application time: 0.0001153 seconds
[2019-10-14T07:51:11.310+0000][1][safepoint    ] Entering safepoint region: RevokeBias
[2019-10-14T07:51:11.311+0000][1][safepoint    ] Leaving safepoint region
[2019-10-14T07:51:11.311+0000][1][safepoint    ] Total time for which application threads were stopped: 0.0005965 seconds, Stopping threads took: 0.0002600 seconds
[2019-10-14T07:51:11.312+0000][1][safepoint    ] Application time: 0.0001244 seconds
[2019-10-14T07:51:11.312+0000][1][safepoint    ] Entering safepoint region: RevokeBias
[2019-10-14T07:51:11.313+0000][1][safepoint    ] Leaving safepoint region
[2019-10-14T07:51:11.313+0000][1][safepoint    ] Total time for which application threads were stopped: 0.0004742 seconds, Stopping threads took: 0.0002024 seconds
[2019-10-14T07:51:11.314+0000][1][safepoint    ] Application time: 0.0005573 seconds
[2019-10-14T07:51:11.314+0000][1][safepoint    ] Entering safepoint region: RevokeBias
[2019-10-14T07:51:11.314+0000][1][safepoint    ] Leaving safepoint region
[2019-10-14T07:51:11.315+0000][1][safepoint    ] Total time for which application threads were stopped: 0.0007445 seconds, Stopping threads took: 0.0003856 seconds
[2019-10-14T07:51:11.315+0000][1][safepoint    ] Application time: 0.0004620 seconds
[2019-10-14T07:51:11.316+0000][1][safepoint    ] Entering safepoint region: RevokeBias
[2019-10-14T07:51:11.316+0000][1][safepoint    ] Leaving safepoint region
[2019-10-14T07:51:11.316+0000][1][safepoint    ] Total time for which application threads were stopped: 0.0006103 seconds, Stopping threads took: 0.0002568 seconds
[2019-10-14T07:51:11.346+0000][1][safepoint    ] Application time: 0.0295389 seconds
[2019-10-14T07:51:11.347+0000][1][safepoint    ] Entering safepoint region: RevokeBias
[2019-10-14T07:51:11.347+0000][1][safepoint    ] Leaving safepoint region
[2019-10-14T07:51:11.347+0000][1][safepoint    ] Total time for which application threads were stopped: 0.0006935 seconds, Stopping threads took: 0.0003049 seconds
[2019-10-14T07:51:12.349+0000][1][safepoint    ] Application time: 1.0013775 seconds
[2019-10-14T07:51:12.350+0000][1][safepoint    ] Entering safepoint region: Cleanup
[2019-10-14T07:51:12.350+0000][1][safepoint    ] Leaving safepoint region
[2019-10-14T07:51:12.351+0000][1][safepoint    ] Total time for which application threads were stopped: 0.0009813 seconds, Stopping threads took: 0.0003272 seconds
[2019-10-14T07:51:13.351+0000][1][safepoint    ] Application time: 1.0002124 seconds
[2019-10-14T07:51:13.352+0000][1][safepoint    ] Entering safepoint region: Cleanup
[2019-10-14T07:51:13.353+0000][1][safepoint    ] Leaving safepoint region
[2019-10-14T07:51:13.353+0000][1][safepoint    ] Total time for which application threads were stopped: 0.0008901 seconds, Stopping threads took: 0.0004319 seconds
[2019-10-14T07:51:14.356+0000][1][safepoint    ] Application time: 1.0028726 seconds
[2019-10-14T07:51:14.357+0000][1][safepoint    ] Entering safepoint region: Cleanup
[2019-10-14T07:51:14.358+0000][1][safepoint    ] Leaving safepoint region
[2019-10-14T07:51:14.359+0000][1][safepoint    ] Total time for which application threads were stopped: 0.0014868 seconds, Stopping threads took: 0.0005679 seconds
[2019-10-14T07:51:15.360+0000][1][safepoint    ] Application time: 1.0009775 seconds
[2019-10-14T07:51:15.361+0000][1][safepoint    ] Entering safepoint region: Cleanup
[2019-10-14T07:51:15.362+0000][1][safepoint    ] Leaving safepoint region
[2019-10-14T07:51:15.362+0000][1][safepoint    ] Total time for which application threads were stopped: 0.0013950 seconds, Stopping threads took: 0.0008361 seconds
[2019-10-14T07:51:16.365+0000][1][safepoint    ] Application time: 1.0026704 seconds
[2019-10-14T07:51:16.366+0000][1][safepoint    ] Entering safepoint region: Cleanup
[2019-10-14T07:51:16.366+0000][1][safepoint    ] Leaving safepoint region
[2019-10-14T07:51:16.367+0000][1][safepoint    ] Total time for which application threads were stopped: 0.0007615 seconds, Stopping threads took: 0.0003680 seconds
[2019-10-14T07:51:17.368+0000][1][safepoint    ] Application time: 1.0008578 seconds
[2019-10-14T07:51:17.369+0000][1][safepoint    ] Entering safepoint region: Cleanup
[2019-10-14T07:51:17.370+0000][1][safepoint    ] Leaving safepoint region
[2019-10-14T07:51:17.370+0000][1][safepoint    ] Total time for which application threads were stopped: 0.0013658 seconds, Stopping threads took: 0.0007339 seconds
[2019-10-14T07:51:18.372+0000][1][safepoint    ] Application time: 1.0009851 seconds
[2019-10-14T07:51:18.372+0000][1][safepoint    ] Entering safepoint region: Cleanup
[2019-10-14T07:51:18.373+0000][1][safepoint    ] Leaving safepoint region
[2019-10-14T07:51:18.373+0000][1][safepoint    ] Total time for which application threads were stopped: 0.0008415 seconds, Stopping threads took: 0.0004642 seconds
[2019-10-14T07:51:19.374+0000][1][safepoint    ] Application time: 1.0002046 seconds
[2019-10-14T07:51:19.374+0000][1][safepoint    ] Entering safepoint region: Cleanup
[2019-10-14T07:51:19.375+0000][1][safepoint    ] Leaving safepoint region
[2019-10-14T07:51:19.375+0000][1][safepoint    ] Total time for which application threads were stopped: 0.0008972 seconds, Stopping threads took: 0.0004660 seconds
[2019-10-14T07:51:20.376+0000][1][safepoint    ] Application time: 1.0002754 seconds
[2019-10-14T07:51:20.377+0000][1][safepoint    ] Entering safepoint region: Cleanup
[2019-10-14T07:51:20.377+0000][1][safepoint    ] Leaving safepoint region
[2019-10-14T07:51:20.377+0000][1][safepoint    ] Total time for which application threads were stopped: 0.0009955 seconds, Stopping threads took: 0.0003740 seconds
[2019-10-14T07:51:21.309+0000][1][safepoint    ] Application time: 0.9315950 seconds
[2019-10-14T07:51:21.310+0000][1][safepoint    ] Entering safepoint region: RevokeBias
[2019-10-14T07:51:21.310+0000][1][safepoint    ] Leaving safepoint region
[2019-10-14T07:51:21.311+0000][1][safepoint    ] Total time for which application threads were stopped: 0.0010874 seconds, Stopping threads took: 0.0003468 seconds
[2019-10-14T07:51:22.312+0000][1][safepoint    ] Application time: 1.0003893 seconds
[2019-10-14T07:51:22.313+0000][1][safepoint    ] Entering safepoint region: Cleanup
[2019-10-14T07:51:22.314+0000][1][safepoint    ] Leaving safepoint region
[2019-10-14T07:51:22.315+0000][1][safepoint    ] Total time for which application threads were stopped: 0.0014375 seconds, Stopping threads took: 0.0009570 seconds
[2019-10-14T07:51:23.316+0000][1][safepoint    ] Application time: 1.0011201 seconds
[2019-10-14T07:51:23.317+0000][1][safepoint    ] Entering safepoint region: Cleanup
[2019-10-14T07:51:23.317+0000][1][safepoint    ] Leaving safepoint region
[2019-10-14T07:51:23.318+0000][1][safepoint    ] Total time for which application threads were stopped: 0.0009975 seconds, Stopping threads took: 0.0004683 seconds
[2019-10-14T07:51:24.319+0000][1][safepoint    ] Application time: 1.0003670 seconds
[2019-10-14T07:51:24.320+0000][1][safepoint    ] Entering safepoint region: Cleanup
[2019-10-14T07:51:24.321+0000][1][safepoint    ] Leaving safepoint region
[2019-10-14T07:51:24.321+0000][1][safepoint    ] Total time for which application threads were stopped: 0.0013011 seconds, Stopping threads took: 0.0007090 seconds
[2019-10-14T07:51:25.322+0000][1][safepoint    ] Application time: 1.0005455 seconds
[2019-10-14T07:51:25.324+0000][1][safepoint    ] Entering safepoint region: Cleanup
[2019-10-14T07:51:25.326+0000][1][safepoint    ] Leaving safepoint region
[2019-10-14T07:51:25.327+0000][1][safepoint    ] Total time for which application threads were stopped: 0.0029677 seconds, Stopping threads took: 0.0022272 seconds
[2019-10-14T07:51:26.328+0000][1][safepoint    ] Application time: 1.0002937 seconds
[2019-10-14T07:51:26.328+0000][1][safepoint    ] Entering safepoint region: Cleanup
[2019-10-14T07:51:26.329+0000][1][safepoint    ] Leaving safepoint region
[2019-10-14T07:51:26.329+0000][1][safepoint    ] Total time for which application threads were stopped: 0.0010486 seconds, Stopping threads took: 0.0003899 seconds
[2019-10-14T07:51:27.331+0000][1][safepoint    ] Application time: 1.0013661 seconds
[2019-10-14T07:51:27.335+0000][1][safepoint    ] Entering safepoint region: Cleanup
[2019-10-14T07:51:27.336+0000][1][safepoint    ] Leaving safepoint region
[2019-10-14T07:51:27.336+0000][1][safepoint    ] Total time for which application threads were stopped: 0.0019991 seconds, Stopping threads took: 0.0011380 seconds
[2019-10-14T07:51:28.337+0000][1][safepoint    ] Application time: 1.0001746 seconds
[2019-10-14T07:51:28.338+0000][1][safepoint    ] Entering safepoint region: Cleanup
[2019-10-14T07:51:28.338+0000][1][safepoint    ] Leaving safepoint region
[2019-10-14T07:51:28.339+0000][1][safepoint    ] Total time for which application threads were stopped: 0.0010848 seconds, Stopping threads took: 0.0005026 seconds
[2019-10-14T07:51:29.342+0000][1][safepoint    ] Application time: 1.0032796 seconds
[2019-10-14T07:51:29.356+0000][1][safepoint    ] Entering safepoint region: Cleanup
[2019-10-14T07:51:29.366+0000][1][safepoint    ] Leaving safepoint region
[2019-10-14T07:51:29.371+0000][1][safepoint    ] Total time for which application threads were stopped: 0.0142259 seconds, Stopping threads took: 0.0094282 seconds
[2019-10-14T07:51:30.373+0000][1][safepoint    ] Application time: 1.0012805 seconds
[2019-10-14T07:51:30.374+0000][1][safepoint    ] Entering safepoint region: Cleanup
[2019-10-14T07:51:30.374+0000][1][safepoint    ] Leaving safepoint region
[2019-10-14T07:51:30.375+0000][1][safepoint    ] Total time for which application threads were stopped: 0.0007314 seconds, Stopping threads took: 0.0003706 seconds
[2019-10-14T07:51:31.375+0000][1][safepoint    ] Application time: 1.0003771 seconds
[2019-10-14T07:51:31.376+0000][1][safepoint    ] Entering safepoint region: Cleanup
[2019-10-14T07:51:31.376+0000][1][safepoint    ] Leaving safepoint region
[2019-10-14T07:51:31.377+0000][1][safepoint    ] Total time for which application threads were stopped: 0.0011695 seconds, Stopping threads took: 0.0003419 seconds
[2019-10-14T07:51:32.378+0000][1][safepoint    ] Application time: 1.0002630 seconds
[2019-10-14T07:51:32.378+0000][1][safepoint    ] Entering safepoint region: Cleanup
[2019-10-14T07:51:32.379+0000][1][safepoint    ] Leaving safepoint region
[2019-10-14T07:51:32.380+0000][1][safepoint    ] Total time for which application threads were stopped: 0.0016228 seconds, Stopping threads took: 0.0007790 seconds
[2019-10-14T07:51:33.360+0000][1][safepoint    ] Application time: 1.0010195 seconds
[2019-10-14T07:51:33.361+0000][1][safepoint    ] Entering safepoint region: Cleanup
[2019-10-14T07:51:33.361+0000][1][safepoint    ] Leaving safepoint region
[2019-10-14T07:51:33.362+0000][1][safepoint    ] Total time for which application threads were stopped: 0.0007056 seconds, Stopping threads took: 0.0003420 seconds
[2019-10-14T07:51:34.362+0000][1][safepoint    ] Application time: 1.0002964 seconds
[2019-10-14T07:51:34.363+0000][1][safepoint    ] Entering safepoint region: Cleanup
[2019-10-14T07:51:34.364+0000][1][safepoint    ] Leaving safepoint region
[2019-10-14T07:51:34.365+0000][1][safepoint    ] Total time for which application threads were stopped: 0.0018336 seconds, Stopping threads took: 0.0003772 seconds
[2019-10-14T07:51:35.365+0000][1][safepoint    ] Application time: 1.0004013 seconds
[2019-10-14T07:51:35.366+0000][1][safepoint    ] Entering safepoint region: Cleanup
[2019-10-14T07:51:35.367+0000][1][safepoint    ] Leaving safepoint region
[2019-10-14T07:51:35.368+0000][1][safepoint    ] Total time for which application threads were stopped: 0.0014184 seconds, Stopping threads took: 0.0005196 seconds
[2019-10-14T07:51:36.370+0000][1][safepoint    ] Application time: 1.0017754 seconds
[2019-10-14T07:51:36.371+0000][1][safepoint    ] Entering safepoint region: Cleanup
[2019-10-14T07:51:36.372+0000][1][safepoint    ] Leaving safepoint region
[2019-10-14T07:51:36.373+0000][1][safepoint    ] Total time for which application threads were stopped: 0.0012493 seconds, Stopping threads took: 0.0004669 seconds
[2019-10-14T07:51:37.373+0000][1][safepoint    ] Application time: 1.0003796 seconds
[2019-10-14T07:51:37.374+0000][1][safepoint    ] Entering safepoint region: Cleanup
[2019-10-14T07:51:37.375+0000][1][safepoint    ] Leaving safepoint region
[2019-10-14T07:51:37.375+0000][1][safepoint    ] Total time for which application threads were stopped: 0.0009980 seconds, Stopping threads took: 0.0004774 seconds
[2019-10-14T07:51:38.377+0000][1][safepoint    ] Application time: 1.0016551 seconds
[2019-10-14T07:51:38.378+0000][1][safepoint    ] Entering safepoint region: Cleanup
[2019-10-14T07:51:38.379+0000][1][safepoint    ] Leaving safepoint region
[2019-10-14T07:51:38.379+0000][1][safepoint    ] Total time for which application threads were stopped: 0.0011631 seconds, Stopping threads took: 0.0005228 seconds
[2019-10-14T07:51:39.381+0000][1][safepoint    ] Application time: 1.0015548 seconds
[2019-10-14T07:51:39.382+0000][1][safepoint    ] Entering safepoint region: Cleanup
[2019-10-14T07:51:39.383+0000][1][safepoint    ] Leaving safepoint region
[2019-10-14T07:51:39.383+0000][1][safepoint    ] Total time for which application threads were stopped: 0.0009239 seconds, Stopping threads took: 0.0003698 seconds
[2019-10-14T07:51:40.384+0000][1][safepoint    ] Application time: 1.0002764 seconds
[2019-10-14T07:51:40.385+0000][1][safepoint    ] Entering safepoint region: Cleanup
[2019-10-14T07:51:40.386+0000][1][safepoint    ] Leaving safepoint region
[2019-10-14T07:51:40.386+0000][1][safepoint    ] Total time for which application threads were stopped: 0.0011806 seconds, Stopping threads took: 0.0007088 seconds
[2019-10-14T07:51:41.387+0000][1][safepoint    ] Application time: 1.0001714 seconds
[2019-10-14T07:51:41.387+0000][1][safepoint    ] Entering safepoint region: Cleanup
[2019-10-14T07:51:41.388+0000][1][safepoint    ] Leaving safepoint region
[2019-10-14T07:51:41.388+0000][1][safepoint    ] Total time for which application threads were stopped: 0.0010218 seconds, Stopping threads took: 0.0005543 seconds
[2019-10-14T07:51:42.390+0000][1][safepoint    ] Application time: 1.0010161 seconds
[2019-10-14T07:51:42.391+0000][1][safepoint    ] Entering safepoint region: Cleanup
[2019-10-14T07:51:42.391+0000][1][safepoint    ] Leaving safepoint region
[2019-10-14T07:51:42.392+0000][1][safepoint    ] Total time for which application threads were stopped: 0.0011426 seconds, Stopping threads took: 0.0005617 seconds
[2019-10-14T07:51:42.602+0000][1][safepoint    ] Application time: 0.2100406 seconds
[2019-10-14T07:51:42.603+0000][1][safepoint    ] Entering safepoint region: GenCollectForAllocation
[2019-10-14T07:51:42.604+0000][1][gc,start     ] GC(38) Pause Young (Allocation Failure)
[2019-10-14T07:51:42.604+0000][1][gc,task      ] GC(38) Using 2 workers of 2 for evacuation
[2019-10-14T07:51:42.610+0000][1][gc,age       ] GC(38) Desired survivor size 4456448 bytes, new threshold 6 (max threshold 6)
[2019-10-14T07:51:42.611+0000][1][gc,age       ] GC(38) Age table with threshold 6 (max threshold 6)
[2019-10-14T07:51:42.612+0000][1][gc,age       ] GC(38) - age   1:     617920 bytes,     617920 total
[2019-10-14T07:51:42.612+0000][1][gc,age       ] GC(38) - age   2:      20912 bytes,     638832 total
[2019-10-14T07:51:42.613+0000][1][gc,age       ] GC(38) - age   3:       3144 bytes,     641976 total
[2019-10-14T07:51:42.613+0000][1][gc,age       ] GC(38) - age   4:       3976 bytes,     645952 total
[2019-10-14T07:51:42.613+0000][1][gc,age       ] GC(38) - age   5:       4248 bytes,     650200 total
[2019-10-14T07:51:42.614+0000][1][gc,age       ] GC(38) - age   6:       4336 bytes,     654536 total
[2019-10-14T07:51:42.614+0000][1][gc,heap      ] GC(38) ParNew: 70140K->697K(78656K)
[2019-10-14T07:51:42.614+0000][1][gc,heap      ] GC(38) CMS: 72341K->72422K(174784K)
[2019-10-14T07:51:42.615+0000][1][gc,metaspace ] GC(38) Metaspace: 81566K->81566K(1124352K)
[2019-10-14T07:51:42.616+0000][1][gc           ] GC(38) Pause Young (Allocation Failure) 139M->71M(247M) 12.263ms
[2019-10-14T07:51:42.616+0000][1][gc,cpu       ] GC(38) User=0.01s Sys=0.00s Real=0.01s
[2019-10-14T07:51:42.617+0000][1][safepoint    ] Leaving safepoint region
[2019-10-14T07:51:42.617+0000][1][safepoint    ] Total time for which application threads were stopped: 0.0137771 seconds, Stopping threads took: 0.0003608 seconds
[2019-10-14T07:51:43.618+0000][1][safepoint    ] Application time: 1.0003658 seconds
[2019-10-14T07:51:43.619+0000][1][safepoint    ] Entering safepoint region: Cleanup
[2019-10-14T07:51:43.620+0000][1][safepoint    ] Leaving safepoint region
[2019-10-14T07:51:43.620+0000][1][safepoint    ] Total time for which application threads were stopped: 0.0014752 seconds, Stopping threads took: 0.0009299 seconds
[2019-10-14T07:51:44.622+0000][1][safepoint    ] Application time: 1.0018229 seconds
[2019-10-14T07:51:44.627+0000][1][safepoint    ] Entering safepoint region: Cleanup
[2019-10-14T07:51:44.630+0000][1][safepoint    ] Leaving safepoint region
[2019-10-14T07:51:44.633+0000][1][safepoint    ] Total time for which application threads were stopped: 0.0056208 seconds, Stopping threads took: 0.0028225 seconds
[2019-10-14T07:51:45.634+0000][1][safepoint    ] Application time: 1.0004035 seconds
[2019-10-14T07:51:45.636+0000][1][safepoint    ] Entering safepoint region: Cleanup
[2019-10-14T07:51:45.637+0000][1][safepoint    ] Leaving safepoint region
[2019-10-14T07:51:45.638+0000][1][safepoint    ] Total time for which application threads were stopped: 0.0020853 seconds, Stopping threads took: 0.0008262 seconds
[2019-10-14T07:51:46.639+0000][1][safepoint    ] Application time: 1.0003090 seconds
[2019-10-14T07:51:46.640+0000][1][safepoint    ] Entering safepoint region: Cleanup
[2019-10-14T07:51:46.641+0000][1][safepoint    ] Leaving safepoint region
[2019-10-14T07:51:46.642+0000][1][safepoint    ] Total time for which application threads were stopped: 0.0013647 seconds, Stopping threads took: 0.0006755 seconds
[2019-10-14T07:51:47.644+0000][1][safepoint    ] Application time: 1.0020804 seconds
[2019-10-14T07:51:47.645+0000][1][safepoint    ] Entering safepoint region: Cleanup
[2019-10-14T07:51:47.646+0000][1][safepoint    ] Leaving safepoint region
[2019-10-14T07:51:47.647+0000][1][safepoint    ] Total time for which application threads were stopped: 0.0014864 seconds, Stopping threads took: 0.0008583 seconds
[2019-10-14T07:51:48.648+0000][1][safepoint    ] Application time: 1.0010841 seconds
[2019-10-14T07:51:48.649+0000][1][safepoint    ] Entering safepoint region: Cleanup
[2019-10-14T07:51:48.650+0000][1][safepoint    ] Leaving safepoint region
[2019-10-14T07:51:48.651+0000][1][safepoint    ] Total time for which application threads were stopped: 0.0013137 seconds, Stopping threads took: 0.0005929 seconds
[2019-10-14T07:51:49.656+0000][1][safepoint    ] Application time: 1.0039677 seconds
[2019-10-14T07:51:49.659+0000][1][safepoint    ] Entering safepoint region: Cleanup
[2019-10-14T07:51:49.660+0000][1][safepoint    ] Leaving safepoint region
[2019-10-14T07:51:49.661+0000][1][safepoint    ] Total time for which application threads were stopped: 0.0022494 seconds, Stopping threads took: 0.0011022 seconds
[2019-10-14T07:51:50.662+0000][1][safepoint    ] Application time: 1.0001488 seconds
[2019-10-14T07:51:50.663+0000][1][safepoint    ] Entering safepoint region: Cleanup
[2019-10-14T07:51:50.663+0000][1][safepoint    ] Leaving safepoint region
[2019-10-14T07:51:50.664+0000][1][safepoint    ] Total time for which application threads were stopped: 0.0011494 seconds, Stopping threads took: 0.0004555 seconds
[2019-10-14T07:51:51.665+0000][1][safepoint    ] Application time: 1.0009245 seconds
[2019-10-14T07:51:51.666+0000][1][safepoint    ] Entering safepoint region: Cleanup
[2019-10-14T07:51:51.667+0000][1][safepoint    ] Leaving safepoint region
[2019-10-14T07:51:51.668+0000][1][safepoint    ] Total time for which application threads were stopped: 0.0013690 seconds, Stopping threads took: 0.0006762 seconds
[2019-10-14T07:51:52.672+0000][1][safepoint    ] Application time: 1.0038556 seconds
[2019-10-14T07:51:52.673+0000][1][safepoint    ] Entering safepoint region: Cleanup
[2019-10-14T07:51:52.674+0000][1][safepoint    ] Leaving safepoint region
[2019-10-14T07:51:52.674+0000][1][safepoint    ] Total time for which application threads were stopped: 0.0011467 seconds, Stopping threads took: 0.0005965 seconds
[2019-10-14T07:51:53.675+0000][1][safepoint    ] Application time: 1.0002554 seconds
[2019-10-14T07:51:53.676+0000][1][safepoint    ] Entering safepoint region: Cleanup
[2019-10-14T07:51:53.677+0000][1][safepoint    ] Leaving safepoint region
[2019-10-14T07:51:53.677+0000][1][safepoint    ] Total time for which application threads were stopped: 0.0014493 seconds, Stopping threads took: 0.0007455 seconds
[2019-10-14T07:51:54.678+0000][1][safepoint    ] Application time: 1.0002980 seconds
[2019-10-14T07:51:54.679+0000][1][safepoint    ] Entering safepoint region: Cleanup
[2019-10-14T07:51:54.679+0000][1][safepoint    ] Leaving safepoint region
[2019-10-14T07:51:54.680+0000][1][safepoint    ] Total time for which application threads were stopped: 0.0010395 seconds, Stopping threads took: 0.0005035 seconds
[2019-10-14T07:51:55.680+0000][1][safepoint    ] Application time: 1.0002534 seconds
[2019-10-14T07:51:55.681+0000][1][safepoint    ] Entering safepoint region: Cleanup
[2019-10-14T07:51:55.682+0000][1][safepoint    ] Leaving safepoint region
[2019-10-14T07:51:55.683+0000][1][safepoint    ] Total time for which application threads were stopped: 0.0014398 seconds, Stopping threads took: 0.0006118 seconds
[2019-10-14T07:51:56.684+0000][1][safepoint    ] Application time: 1.0005209 seconds
[2019-10-14T07:51:56.685+0000][1][safepoint    ] Entering safepoint region: Cleanup
[2019-10-14T07:51:56.686+0000][1][safepoint    ] Leaving safepoint region
[2019-10-14T07:51:56.686+0000][1][safepoint    ] Total time for which application threads were stopped: 0.0014632 seconds, Stopping threads took: 0.0007038 seconds
[2019-10-14T07:51:57.690+0000][1][safepoint    ] Application time: 1.0028084 seconds
[2019-10-14T07:51:57.691+0000][1][safepoint    ] Entering safepoint region: Cleanup
[2019-10-14T07:51:57.692+0000][1][safepoint    ] Leaving safepoint region
[2019-10-14T07:51:57.693+0000][1][safepoint    ] Total time for which application threads were stopped: 0.0019567 seconds, Stopping threads took: 0.0009458 seconds
[2019-10-14T07:51:58.695+0000][1][safepoint    ] Application time: 1.0006630 seconds
[2019-10-14T07:51:58.695+0000][1][safepoint    ] Entering safepoint region: Cleanup
[2019-10-14T07:51:58.696+0000][1][safepoint    ] Leaving safepoint region
[2019-10-14T07:51:58.696+0000][1][safepoint    ] Total time for which application threads were stopped: 0.0012072 seconds, Stopping threads took: 0.0005414 seconds
[2019-10-14T07:51:59.699+0000][1][safepoint    ] Application time: 1.0003206 seconds
[2019-10-14T07:51:59.700+0000][1][safepoint    ] Entering safepoint region: Cleanup
[2019-10-14T07:51:59.700+0000][1][safepoint    ] Leaving safepoint region
[2019-10-14T07:51:59.701+0000][1][safepoint    ] Total time for which application threads were stopped: 0.0014241 seconds, Stopping threads took: 0.0006341 seconds
[2019-10-14T07:52:00.702+0000][1][safepoint    ] Application time: 1.0003627 seconds
[2019-10-14T07:52:00.703+0000][1][safepoint    ] Entering safepoint region: Cleanup
[2019-10-14T07:52:00.704+0000][1][safepoint    ] Leaving safepoint region
[2019-10-14T07:52:00.705+0000][1][safepoint    ] Total time for which application threads were stopped: 0.0015315 seconds, Stopping threads took: 0.0006823 seconds
[2019-10-14T07:52:01.705+0000][1][safepoint    ] Application time: 1.0001388 seconds
[2019-10-14T07:52:01.706+0000][1][safepoint    ] Entering safepoint region: Cleanup
[2019-10-14T07:52:01.706+0000][1][safepoint    ] Leaving safepoint region
[2019-10-14T07:52:01.707+0000][1][safepoint    ] Total time for which application threads were stopped: 0.0008059 seconds, Stopping threads took: 0.0003132 seconds
[2019-10-14T07:52:02.707+0000][1][safepoint    ] Application time: 1.0002279 seconds
[2019-10-14T07:52:02.708+0000][1][safepoint    ] Entering safepoint region: Cleanup
[2019-10-14T07:52:02.708+0000][1][safepoint    ] Leaving safepoint region
[2019-10-14T07:52:02.709+0000][1][safepoint    ] Total time for which application threads were stopped: 0.0009553 seconds, Stopping threads took: 0.0004667 seconds
[2019-10-14T07:52:03.688+0000][1][safepoint    ] Application time: 1.0004208 seconds
[2019-10-14T07:52:03.689+0000][1][safepoint    ] Entering safepoint region: Cleanup
[2019-10-14T07:52:03.690+0000][1][safepoint    ] Leaving safepoint region
[2019-10-14T07:52:03.692+0000][1][safepoint    ] Total time for which application threads were stopped: 0.0028638 seconds, Stopping threads took: 0.0004411 seconds
[2019-10-14T07:52:04.721+0000][1][safepoint    ] Application time: 1.0002434 seconds
[2019-10-14T07:52:04.722+0000][1][safepoint    ] Entering safepoint region: Cleanup
[2019-10-14T07:52:04.722+0000][1][safepoint    ] Leaving safepoint region
[2019-10-14T07:52:04.723+0000][1][safepoint    ] Total time for which application threads were stopped: 0.0008398 seconds, Stopping threads took: 0.0003857 seconds
[2019-10-14T07:52:05.725+0000][1][safepoint    ] Application time: 1.0016107 seconds
[2019-10-14T07:52:05.726+0000][1][safepoint    ] Entering safepoint region: Cleanup
[2019-10-14T07:52:05.727+0000][1][safepoint    ] Leaving safepoint region
[2019-10-14T07:52:05.727+0000][1][safepoint    ] Total time for which application threads were stopped: 0.0014216 seconds, Stopping threads took: 0.0007670 seconds
[2019-10-14T07:52:06.728+0000][1][safepoint    ] Application time: 1.0001881 seconds
[2019-10-14T07:52:06.729+0000][1][safepoint    ] Entering safepoint region: Cleanup
[2019-10-14T07:52:06.729+0000][1][safepoint    ] Leaving safepoint region
[2019-10-14T07:52:06.730+0000][1][safepoint    ] Total time for which application threads were stopped: 0.0010778 seconds, Stopping threads took: 0.0005795 seconds
[2019-10-14T07:52:07.731+0000][1][safepoint    ] Application time: 1.0010687 seconds
[2019-10-14T07:52:07.732+0000][1][safepoint    ] Entering safepoint region: Cleanup
[2019-10-14T07:52:07.733+0000][1][safepoint    ] Leaving safepoint region
[2019-10-14T07:52:07.733+0000][1][safepoint    ] Total time for which application threads were stopped: 0.0009891 seconds, Stopping threads took: 0.0004540 seconds
[2019-10-14T07:52:08.737+0000][1][safepoint    ] Application time: 1.0034055 seconds
[2019-10-14T07:52:08.738+0000][1][safepoint    ] Entering safepoint region: Cleanup
[2019-10-14T07:52:08.738+0000][1][safepoint    ] Leaving safepoint region
[2019-10-14T07:52:08.739+0000][1][safepoint    ] Total time for which application threads were stopped: 0.0010569 seconds, Stopping threads took: 0.0005414 seconds
[2019-10-14T07:52:09.740+0000][1][safepoint    ] Application time: 1.0007402 seconds
[2019-10-14T07:52:09.741+0000][1][safepoint    ] Entering safepoint region: Cleanup
[2019-10-14T07:52:09.742+0000][1][safepoint    ] Leaving safepoint region
[2019-10-14T07:52:09.747+0000][1][safepoint    ] Total time for which application threads were stopped: 0.0057256 seconds, Stopping threads took: 0.0006984 seconds
[2019-10-14T07:52:10.748+0000][1][safepoint    ] Application time: 1.0010265 seconds
[2019-10-14T07:52:10.749+0000][1][safepoint    ] Entering safepoint region: Cleanup
[2019-10-14T07:52:10.749+0000][1][safepoint    ] Leaving safepoint region
[2019-10-14T07:52:10.750+0000][1][safepoint    ] Total time for which application threads were stopped: 0.0010787 seconds, Stopping threads took: 0.0004728 seconds
[2019-10-14T07:52:11.322+0000][1][safepoint    ] Application time: 0.5719421 seconds
[2019-10-14T07:52:11.323+0000][1][safepoint    ] Entering safepoint region: RevokeBias
[2019-10-14T07:52:11.323+0000][1][safepoint    ] Leaving safepoint region
[2019-10-14T07:52:11.323+0000][1][safepoint    ] Total time for which application threads were stopped: 0.0007550 seconds, Stopping threads took: 0.0003410 seconds
[2019-10-14T07:52:12.325+0000][1][safepoint    ] Application time: 1.0010133 seconds
[2019-10-14T07:52:12.326+0000][1][safepoint    ] Entering safepoint region: Cleanup
[2019-10-14T07:52:12.326+0000][1][safepoint    ] Leaving safepoint region
[2019-10-14T07:52:12.327+0000][1][safepoint    ] Total time for which application threads were stopped: 0.0010827 seconds, Stopping threads took: 0.0005863 seconds
[2019-10-14T07:52:13.329+0000][1][safepoint    ] Application time: 1.0024496 seconds
[2019-10-14T07:52:13.330+0000][1][safepoint    ] Entering safepoint region: Cleanup
[2019-10-14T07:52:13.331+0000][1][safepoint    ] Leaving safepoint region
[2019-10-14T07:52:13.331+0000][1][safepoint    ] Total time for which application threads were stopped: 0.0012196 seconds, Stopping threads took: 0.0005988 seconds
[2019-10-14T07:52:14.333+0000][1][safepoint    ] Application time: 1.0006918 seconds
[2019-10-14T07:52:14.335+0000][1][safepoint    ] Entering safepoint region: Cleanup
[2019-10-14T07:52:14.335+0000][1][safepoint    ] Leaving safepoint region
[2019-10-14T07:52:14.336+0000][1][safepoint    ] Total time for which application threads were stopped: 0.0014473 seconds, Stopping threads took: 0.0005621 seconds
[2019-10-14T07:52:15.340+0000][1][safepoint    ] Application time: 1.0034643 seconds
[2019-10-14T07:52:15.341+0000][1][safepoint    ] Entering safepoint region: Cleanup
[2019-10-14T07:52:15.342+0000][1][safepoint    ] Leaving safepoint region
[2019-10-14T07:52:15.343+0000][1][safepoint    ] Total time for which application threads were stopped: 0.0016183 seconds, Stopping threads took: 0.0008870 seconds
[2019-10-14T07:52:16.344+0000][1][safepoint    ] Application time: 1.0006463 seconds
[2019-10-14T07:52:16.346+0000][1][safepoint    ] Entering safepoint region: Cleanup
[2019-10-14T07:52:16.347+0000][1][safepoint    ] Leaving safepoint region
[2019-10-14T07:52:16.347+0000][1][safepoint    ] Total time for which application threads were stopped: 0.0008262 seconds, Stopping threads took: 0.0003777 seconds
[2019-10-14T07:52:17.348+0000][1][safepoint    ] Application time: 1.0001764 seconds
[2019-10-14T07:52:17.348+0000][1][safepoint    ] Entering safepoint region: Cleanup
[2019-10-14T07:52:17.349+0000][1][safepoint    ] Leaving safepoint region
[2019-10-14T07:52:17.350+0000][1][safepoint    ] Total time for which application threads were stopped: 0.0012520 seconds, Stopping threads took: 0.0005899 seconds
[2019-10-14T07:52:18.350+0000][1][safepoint    ] Application time: 1.0004175 seconds
[2019-10-14T07:52:18.352+0000][1][safepoint    ] Entering safepoint region: Cleanup
[2019-10-14T07:52:18.354+0000][1][safepoint    ] Leaving safepoint region
[2019-10-14T07:52:18.355+0000][1][safepoint    ] Total time for which application threads were stopped: 0.0036469 seconds, Stopping threads took: 0.0023244 seconds
[2019-10-14T07:52:19.356+0000][1][safepoint    ] Application time: 1.0002465 seconds
[2019-10-14T07:52:19.357+0000][1][safepoint    ] Entering safepoint region: Cleanup
[2019-10-14T07:52:19.357+0000][1][safepoint    ] Leaving safepoint region
[2019-10-14T07:52:19.358+0000][1][safepoint    ] Total time for which application threads were stopped: 0.0010337 seconds, Stopping threads took: 0.0004475 seconds
[2019-10-14T07:52:20.359+0000][1][safepoint    ] Application time: 1.0013558 seconds
[2019-10-14T07:52:20.360+0000][1][safepoint    ] Entering safepoint region: Cleanup
[2019-10-14T07:52:20.361+0000][1][safepoint    ] Leaving safepoint region
[2019-10-14T07:52:20.362+0000][1][safepoint    ] Total time for which application threads were stopped: 0.0013943 seconds, Stopping threads took: 0.0007077 seconds
[2019-10-14T07:52:21.363+0000][1][safepoint    ] Application time: 1.0002344 seconds
[2019-10-14T07:52:21.363+0000][1][safepoint    ] Entering safepoint region: Cleanup
[2019-10-14T07:52:21.364+0000][1][safepoint    ] Leaving safepoint region
[2019-10-14T07:52:21.365+0000][1][safepoint    ] Total time for which application threads were stopped: 0.0014167 seconds, Stopping threads took: 0.0006662 seconds
[2019-10-14T07:52:22.366+0000][1][safepoint    ] Application time: 1.0003774 seconds
[2019-10-14T07:52:22.366+0000][1][safepoint    ] Entering safepoint region: Cleanup
[2019-10-14T07:52:22.367+0000][1][safepoint    ] Leaving safepoint region
[2019-10-14T07:52:22.368+0000][1][safepoint    ] Total time for which application threads were stopped: 0.0012430 seconds, Stopping threads took: 0.0003188 seconds
[2019-10-14T07:52:23.369+0000][1][safepoint    ] Application time: 1.0010311 seconds
[2019-10-14T07:52:23.370+0000][1][safepoint    ] Entering safepoint region: Cleanup
[2019-10-14T07:52:23.371+0000][1][safepoint    ] Leaving safepoint region
[2019-10-14T07:52:23.372+0000][1][safepoint    ] Total time for which application threads were stopped: 0.0016010 seconds, Stopping threads took: 0.0007257 seconds
[2019-10-14T07:52:24.373+0000][1][safepoint    ] Application time: 1.0010785 seconds
[2019-10-14T07:52:24.374+0000][1][safepoint    ] Entering safepoint region: Cleanup
[2019-10-14T07:52:24.375+0000][1][safepoint    ] Leaving safepoint region
[2019-10-14T07:52:24.375+0000][1][safepoint    ] Total time for which application threads were stopped: 0.0011506 seconds, Stopping threads took: 0.0004811 seconds
[2019-10-14T07:52:25.376+0000][1][safepoint    ] Application time: 1.0006150 seconds
[2019-10-14T07:52:25.378+0000][1][safepoint    ] Entering safepoint region: Cleanup
[2019-10-14T07:52:25.378+0000][1][safepoint    ] Leaving safepoint region
[2019-10-14T07:52:25.379+0000][1][safepoint    ] Total time for which application threads were stopped: 0.0007842 seconds, Stopping threads took: 0.0003759 seconds
[2019-10-14T07:52:26.380+0000][1][safepoint    ] Application time: 1.0005231 seconds
[2019-10-14T07:52:26.380+0000][1][safepoint    ] Entering safepoint region: Cleanup
[2019-10-14T07:52:26.381+0000][1][safepoint    ] Leaving safepoint region
[2019-10-14T07:52:26.382+0000][1][safepoint    ] Total time for which application threads were stopped: 0.0015438 seconds, Stopping threads took: 0.0009299 seconds
[2019-10-14T07:52:27.383+0000][1][safepoint    ] Application time: 1.0001677 seconds
[2019-10-14T07:52:27.383+0000][1][safepoint    ] Entering safepoint region: Cleanup
[2019-10-14T07:52:27.384+0000][1][safepoint    ] Leaving safepoint region
[2019-10-14T07:52:27.385+0000][1][safepoint    ] Total time for which application threads were stopped: 0.0013565 seconds, Stopping threads took: 0.0005858 seconds
[2019-10-14T07:52:28.386+0000][1][safepoint    ] Application time: 1.0009356 seconds
[2019-10-14T07:52:28.387+0000][1][safepoint    ] Entering safepoint region: Cleanup
[2019-10-14T07:52:28.387+0000][1][safepoint    ] Leaving safepoint region
[2019-10-14T07:52:28.388+0000][1][safepoint    ] Total time for which application threads were stopped: 0.0010032 seconds, Stopping threads took: 0.0005002 seconds
[2019-10-14T07:52:29.389+0000][1][safepoint    ] Application time: 1.0006549 seconds
[2019-10-14T07:52:29.390+0000][1][safepoint    ] Entering safepoint region: Cleanup
[2019-10-14T07:52:29.391+0000][1][safepoint    ] Leaving safepoint region
[2019-10-14T07:52:29.392+0000][1][safepoint    ] Total time for which application threads were stopped: 0.0018222 seconds, Stopping threads took: 0.0007172 seconds
[2019-10-14T07:52:30.393+0000][1][safepoint    ] Application time: 1.0005673 seconds
[2019-10-14T07:52:30.394+0000][1][safepoint    ] Entering safepoint region: Cleanup
[2019-10-14T07:52:30.395+0000][1][safepoint    ] Leaving safepoint region
[2019-10-14T07:52:30.396+0000][1][safepoint    ] Total time for which application threads were stopped: 0.0019457 seconds, Stopping threads took: 0.0007657 seconds
[2019-10-14T07:52:31.397+0000][1][safepoint    ] Application time: 1.0002539 seconds
[2019-10-14T07:52:31.398+0000][1][safepoint    ] Entering safepoint region: Cleanup
[2019-10-14T07:52:31.399+0000][1][safepoint    ] Leaving safepoint region
[2019-10-14T07:52:31.399+0000][1][safepoint    ] Total time for which application threads were stopped: 0.0013234 seconds, Stopping threads took: 0.0007262 seconds
[2019-10-14T07:52:32.400+0000][1][safepoint    ] Application time: 1.0002267 seconds
[2019-10-14T07:52:32.401+0000][1][safepoint    ] Entering safepoint region: Cleanup
[2019-10-14T07:52:32.402+0000][1][safepoint    ] Leaving safepoint region
[2019-10-14T07:52:32.402+0000][1][safepoint    ] Total time for which application threads were stopped: 0.0015171 seconds, Stopping threads took: 0.0007462 seconds
[2019-10-14T07:52:33.382+0000][1][safepoint    ] Application time: 1.0005269 seconds
[2019-10-14T07:52:33.384+0000][1][safepoint    ] Entering safepoint region: Cleanup
[2019-10-14T07:52:33.385+0000][1][safepoint    ] Leaving safepoint region
[2019-10-14T07:52:33.386+0000][1][safepoint    ] Total time for which application threads were stopped: 0.0019306 seconds, Stopping threads took: 0.0011600 seconds
[2019-10-14T07:52:34.388+0000][1][safepoint    ] Application time: 1.0015477 seconds
[2019-10-14T07:52:34.388+0000][1][safepoint    ] Entering safepoint region: Cleanup
[2019-10-14T07:52:34.389+0000][1][safepoint    ] Leaving safepoint region
[2019-10-14T07:52:34.389+0000][1][safepoint    ] Total time for which application threads were stopped: 0.0009535 seconds, Stopping threads took: 0.0004523 seconds
[2019-10-14T07:52:35.390+0000][1][safepoint    ] Application time: 1.0004680 seconds
[2019-10-14T07:52:35.391+0000][1][safepoint    ] Entering safepoint region: Cleanup
[2019-10-14T07:52:35.391+0000][1][safepoint    ] Leaving safepoint region
[2019-10-14T07:52:35.392+0000][1][safepoint    ] Total time for which application threads were stopped: 0.0009802 seconds, Stopping threads took: 0.0004208 seconds
[2019-10-14T07:52:36.395+0000][1][safepoint    ] Application time: 1.0030830 seconds
[2019-10-14T07:52:36.398+0000][1][safepoint    ] Entering safepoint region: Cleanup
[2019-10-14T07:52:36.399+0000][1][safepoint    ] Leaving safepoint region
[2019-10-14T07:52:36.399+0000][1][safepoint    ] Total time for which application threads were stopped: 0.0010599 seconds, Stopping threads took: 0.0006526 seconds
[2019-10-14T07:52:37.400+0000][1][safepoint    ] Application time: 1.0005501 seconds
[2019-10-14T07:52:37.401+0000][1][safepoint    ] Entering safepoint region: Cleanup
[2019-10-14T07:52:37.401+0000][1][safepoint    ] Leaving safepoint region
[2019-10-14T07:52:37.402+0000][1][safepoint    ] Total time for which application threads were stopped: 0.0008333 seconds, Stopping threads took: 0.0003999 seconds
[2019-10-14T07:52:38.402+0000][1][safepoint    ] Application time: 1.0002826 seconds
[2019-10-14T07:52:38.403+0000][1][safepoint    ] Entering safepoint region: Cleanup
[2019-10-14T07:52:38.403+0000][1][safepoint    ] Leaving safepoint region
[2019-10-14T07:52:38.404+0000][1][safepoint    ] Total time for which application threads were stopped: 0.0010866 seconds, Stopping threads took: 0.0005154 seconds
[2019-10-14T07:52:39.405+0000][1][safepoint    ] Application time: 1.0005385 seconds
[2019-10-14T07:52:39.406+0000][1][safepoint    ] Entering safepoint region: Cleanup
[2019-10-14T07:52:39.406+0000][1][safepoint    ] Leaving safepoint region
[2019-10-14T07:52:39.407+0000][1][safepoint    ] Total time for which application threads were stopped: 0.0011284 seconds, Stopping threads took: 0.0006259 seconds
[2019-10-14T07:52:40.407+0000][1][safepoint    ] Application time: 1.0002612 seconds
[2019-10-14T07:52:40.408+0000][1][safepoint    ] Entering safepoint region: Cleanup
[2019-10-14T07:52:40.408+0000][1][safepoint    ] Leaving safepoint region
[2019-10-14T07:52:40.408+0000][1][safepoint    ] Total time for which application threads were stopped: 0.0007503 seconds, Stopping threads took: 0.0003866 seconds
[2019-10-14T07:52:41.409+0000][1][safepoint    ] Application time: 1.0005979 seconds
[2019-10-14T07:52:41.410+0000][1][safepoint    ] Entering safepoint region: Cleanup
[2019-10-14T07:52:41.411+0000][1][safepoint    ] Leaving safepoint region
[2019-10-14T07:52:41.412+0000][1][safepoint    ] Total time for which application threads were stopped: 0.0016252 seconds, Stopping threads took: 0.0008864 seconds
[2019-10-14T07:52:42.414+0000][1][safepoint    ] Application time: 1.0012698 seconds
[2019-10-14T07:52:42.416+0000][1][safepoint    ] Entering safepoint region: Cleanup
[2019-10-14T07:52:42.419+0000][1][safepoint    ] Leaving safepoint region
[2019-10-14T07:52:42.420+0000][1][safepoint    ] Total time for which application threads were stopped: 0.0045502 seconds, Stopping threads took: 0.0032157 seconds
[2019-10-14T07:52:43.424+0000][1][safepoint    ] Application time: 1.0028872 seconds
[2019-10-14T07:52:43.425+0000][1][safepoint    ] Entering safepoint region: Cleanup
[2019-10-14T07:52:43.425+0000][1][safepoint    ] Leaving safepoint region
[2019-10-14T07:52:43.426+0000][1][safepoint    ] Total time for which application threads were stopped: 0.0009498 seconds, Stopping threads took: 0.0004072 seconds
[2019-10-14T07:52:44.428+0000][1][safepoint    ] Application time: 1.0019414 seconds
[2019-10-14T07:52:44.429+0000][1][safepoint    ] Entering safepoint region: Cleanup
[2019-10-14T07:52:44.434+0000][1][safepoint    ] Leaving safepoint region
[2019-10-14T07:52:44.434+0000][1][safepoint    ] Total time for which application threads were stopped: 0.0056299 seconds, Stopping threads took: 0.0050453 seconds
[2019-10-14T07:52:45.435+0000][1][safepoint    ] Application time: 1.0005179 seconds
[2019-10-14T07:52:45.436+0000][1][safepoint    ] Entering safepoint region: Cleanup
[2019-10-14T07:52:45.437+0000][1][safepoint    ] Leaving safepoint region
[2019-10-14T07:52:45.437+0000][1][safepoint    ] Total time for which application threads were stopped: 0.0010617 seconds, Stopping threads took: 0.0004966 seconds
[2019-10-14T07:52:46.438+0000][1][safepoint    ] Application time: 1.0004551 seconds
[2019-10-14T07:52:46.439+0000][1][safepoint    ] Entering safepoint region: Cleanup
[2019-10-14T07:52:46.439+0000][1][safepoint    ] Leaving safepoint region
[2019-10-14T07:52:46.440+0000][1][safepoint    ] Total time for which application threads were stopped: 0.0012748 seconds, Stopping threads took: 0.0006122 seconds
[2019-10-14T07:52:47.441+0000][1][safepoint    ] Application time: 1.0008398 seconds
[2019-10-14T07:52:47.442+0000][1][safepoint    ] Entering safepoint region: Cleanup
[2019-10-14T07:52:47.443+0000][1][safepoint    ] Leaving safepoint region
[2019-10-14T07:52:47.444+0000][1][safepoint    ] Total time for which application threads were stopped: 0.0014722 seconds, Stopping threads took: 0.0007138 seconds
[2019-10-14T07:52:48.446+0000][1][safepoint    ] Application time: 1.0012682 seconds
[2019-10-14T07:52:48.446+0000][1][safepoint    ] Entering safepoint region: Cleanup
[2019-10-14T07:52:48.447+0000][1][safepoint    ] Leaving safepoint region
[2019-10-14T07:52:48.448+0000][1][safepoint    ] Total time for which application threads were stopped: 0.0013663 seconds, Stopping threads took: 0.0005515 seconds
[2019-10-14T07:52:49.449+0000][1][safepoint    ] Application time: 1.0005286 seconds
[2019-10-14T07:52:49.449+0000][1][safepoint    ] Entering safepoint region: Cleanup
[2019-10-14T07:52:49.450+0000][1][safepoint    ] Leaving safepoint region
[2019-10-14T07:52:49.451+0000][1][safepoint    ] Total time for which application threads were stopped: 0.0014644 seconds, Stopping threads took: 0.0009234 seconds
[2019-10-14T07:52:50.452+0000][1][safepoint    ] Application time: 1.0005364 seconds
[2019-10-14T07:52:50.453+0000][1][safepoint    ] Entering safepoint region: Cleanup
[2019-10-14T07:52:50.453+0000][1][safepoint    ] Leaving safepoint region
[2019-10-14T07:52:50.454+0000][1][safepoint    ] Total time for which application threads were stopped: 0.0014424 seconds, Stopping threads took: 0.0008367 seconds
[2019-10-14T07:52:51.455+0000][1][safepoint    ] Application time: 1.0005376 seconds
[2019-10-14T07:52:51.456+0000][1][safepoint    ] Entering safepoint region: Cleanup
[2019-10-14T07:52:51.457+0000][1][safepoint    ] Leaving safepoint region
[2019-10-14T07:52:51.457+0000][1][safepoint    ] Total time for which application threads were stopped: 0.0012475 seconds, Stopping threads took: 0.0006926 seconds
[2019-10-14T07:52:52.458+0000][1][safepoint    ] Application time: 1.0002829 seconds
[2019-10-14T07:52:52.459+0000][1][safepoint    ] Entering safepoint region: Cleanup
[2019-10-14T07:52:52.459+0000][1][safepoint    ] Leaving safepoint region
[2019-10-14T07:52:52.460+0000][1][safepoint    ] Total time for which application threads were stopped: 0.0013162 seconds, Stopping threads took: 0.0007494 seconds
[2019-10-14T07:52:53.461+0000][1][safepoint    ] Application time: 1.0007146 seconds
[2019-10-14T07:52:53.462+0000][1][safepoint    ] Entering safepoint region: Cleanup
[2019-10-14T07:52:53.463+0000][1][safepoint    ] Leaving safepoint region
[2019-10-14T07:52:53.463+0000][1][safepoint    ] Total time for which application threads were stopped: 0.0014477 seconds, Stopping threads took: 0.0008128 seconds
[2019-10-14T07:52:54.465+0000][1][safepoint    ] Application time: 1.0011601 seconds
[2019-10-14T07:52:54.466+0000][1][safepoint    ] Entering safepoint region: Cleanup
[2019-10-14T07:52:54.466+0000][1][safepoint    ] Leaving safepoint region
[2019-10-14T07:52:54.466+0000][1][safepoint    ] Total time for which application threads were stopped: 0.0007528 seconds, Stopping threads took: 0.0003248 seconds
[2019-10-14T07:52:55.467+0000][1][safepoint    ] Application time: 1.0003221 seconds
[2019-10-14T07:52:55.468+0000][1][safepoint    ] Entering safepoint region: Cleanup
[2019-10-14T07:52:55.468+0000][1][safepoint    ] Leaving safepoint region
[2019-10-14T07:52:55.469+0000][1][safepoint    ] Total time for which application threads were stopped: 0.0013584 seconds, Stopping threads took: 0.0006039 seconds
[2019-10-14T07:52:56.470+0000][1][safepoint    ] Application time: 1.0004182 seconds
[2019-10-14T07:52:56.471+0000][1][safepoint    ] Entering safepoint region: Cleanup
[2019-10-14T07:52:56.472+0000][1][safepoint    ] Leaving safepoint region
[2019-10-14T07:52:56.472+0000][1][safepoint    ] Total time for which application threads were stopped: 0.0010860 seconds, Stopping threads took: 0.0004683 seconds
[2019-10-14T07:52:57.474+0000][1][safepoint    ] Application time: 1.0013523 seconds
[2019-10-14T07:52:57.475+0000][1][safepoint    ] Entering safepoint region: Cleanup
[2019-10-14T07:52:57.476+0000][1][safepoint    ] Leaving safepoint region
[2019-10-14T07:52:57.476+0000][1][safepoint    ] Total time for which application threads were stopped: 0.0011867 seconds, Stopping threads took: 0.0005704 seconds
[2019-10-14T07:52:58.477+0000][1][safepoint    ] Application time: 1.0002653 seconds
[2019-10-14T07:52:58.478+0000][1][safepoint    ] Entering safepoint region: Cleanup
[2019-10-14T07:52:58.479+0000][1][safepoint    ] Leaving safepoint region
[2019-10-14T07:52:58.479+0000][1][safepoint    ] Total time for which application threads were stopped: 0.0013706 seconds, Stopping threads took: 0.0007464 seconds
[2019-10-14T07:52:59.482+0000][1][safepoint    ] Application time: 1.0023680 seconds
[2019-10-14T07:52:59.482+0000][1][safepoint    ] Entering safepoint region: Cleanup
[2019-10-14T07:52:59.483+0000][1][safepoint    ] Leaving safepoint region
[2019-10-14T07:52:59.483+0000][1][safepoint    ] Total time for which application threads were stopped: 0.0009434 seconds, Stopping threads took: 0.0004188 seconds
[2019-10-14T07:53:00.484+0000][1][safepoint    ] Application time: 1.0002916 seconds
[2019-10-14T07:53:00.485+0000][1][safepoint    ] Entering safepoint region: Cleanup
[2019-10-14T07:53:00.486+0000][1][safepoint    ] Leaving safepoint region
[2019-10-14T07:53:00.487+0000][1][safepoint    ] Total time for which application threads were stopped: 0.0014728 seconds, Stopping threads took: 0.0007126 seconds
[2019-10-14T07:53:01.487+0000][1][safepoint    ] Application time: 1.0001730 seconds
[2019-10-14T07:53:01.488+0000][1][safepoint    ] Entering safepoint region: Cleanup
[2019-10-14T07:53:01.488+0000][1][safepoint    ] Leaving safepoint region
[2019-10-14T07:53:01.489+0000][1][safepoint    ] Total time for which application threads were stopped: 0.0006789 seconds, Stopping threads took: 0.0002893 seconds
[2019-10-14T07:53:02.489+0000][1][safepoint    ] Application time: 1.0002525 seconds
[2019-10-14T07:53:02.490+0000][1][safepoint    ] Entering safepoint region: Cleanup
[2019-10-14T07:53:02.490+0000][1][safepoint    ] Leaving safepoint region
[2019-10-14T07:53:02.491+0000][1][safepoint    ] Total time for which application threads were stopped: 0.0008552 seconds, Stopping threads took: 0.0004357 seconds
[2019-10-14T07:53:03.473+0000][1][safepoint    ] Application time: 1.0029907 seconds
[2019-10-14T07:53:03.474+0000][1][safepoint    ] Entering safepoint region: Cleanup
[2019-10-14T07:53:03.475+0000][1][safepoint    ] Leaving safepoint region
[2019-10-14T07:53:03.475+0000][1][safepoint    ] Total time for which application threads were stopped: 0.0013467 seconds, Stopping threads took: 0.0005831 seconds
[2019-10-14T07:53:04.477+0000][1][safepoint    ] Application time: 1.0015231 seconds
[2019-10-14T07:53:04.478+0000][1][safepoint    ] Entering safepoint region: Cleanup
[2019-10-14T07:53:04.479+0000][1][safepoint    ] Leaving safepoint region
[2019-10-14T07:53:04.479+0000][1][safepoint    ] Total time for which application threads were stopped: 0.0011908 seconds, Stopping threads took: 0.0005011 seconds
[2019-10-14T07:53:05.480+0000][1][safepoint    ] Application time: 1.0006678 seconds
[2019-10-14T07:53:05.481+0000][1][safepoint    ] Entering safepoint region: Cleanup
[2019-10-14T07:53:05.482+0000][1][safepoint    ] Leaving safepoint region
[2019-10-14T07:53:05.482+0000][1][safepoint    ] Total time for which application threads were stopped: 0.0009230 seconds, Stopping threads took: 0.0004865 seconds
[2019-10-14T07:53:06.484+0000][1][safepoint    ] Application time: 1.0014089 seconds
[2019-10-14T07:53:06.484+0000][1][safepoint    ] Entering safepoint region: Cleanup
[2019-10-14T07:53:06.485+0000][1][safepoint    ] Leaving safepoint region
[2019-10-14T07:53:06.486+0000][1][safepoint    ] Total time for which application threads were stopped: 0.0015063 seconds, Stopping threads took: 0.0005871 seconds
[2019-10-14T07:53:07.490+0000][1][safepoint    ] Application time: 1.0037498 seconds
[2019-10-14T07:53:07.491+0000][1][safepoint    ] Entering safepoint region: Cleanup
[2019-10-14T07:53:07.492+0000][1][safepoint    ] Leaving safepoint region
[2019-10-14T07:53:07.492+0000][1][safepoint    ] Total time for which application threads were stopped: 0.0011088 seconds, Stopping threads took: 0.0005949 seconds
[2019-10-14T07:53:08.496+0000][1][safepoint    ] Application time: 1.0036217 seconds
[2019-10-14T07:53:08.498+0000][1][safepoint    ] Entering safepoint region: Cleanup
[2019-10-14T07:53:08.498+0000][1][safepoint    ] Leaving safepoint region
[2019-10-14T07:53:08.499+0000][1][safepoint    ] Total time for which application threads were stopped: 0.0011638 seconds, Stopping threads took: 0.0005828 seconds
[2019-10-14T07:53:09.500+0000][1][safepoint    ] Application time: 1.0006936 seconds
[2019-10-14T07:53:09.501+0000][1][safepoint    ] Entering safepoint region: Cleanup
[2019-10-14T07:53:09.504+0000][1][safepoint    ] Leaving safepoint region
[2019-10-14T07:53:09.504+0000][1][safepoint    ] Total time for which application threads were stopped: 0.0031847 seconds, Stopping threads took: 0.0026598 seconds
[2019-10-14T07:53:10.509+0000][1][safepoint    ] Application time: 1.0050433 seconds
[2019-10-14T07:53:10.510+0000][1][safepoint    ] Entering safepoint region: Cleanup
[2019-10-14T07:53:10.511+0000][1][safepoint    ] Leaving safepoint region
[2019-10-14T07:53:10.512+0000][1][safepoint    ] Total time for which application threads were stopped: 0.0014017 seconds, Stopping threads took: 0.0007222 seconds
[2019-10-14T07:53:11.310+0000][1][safepoint    ] Application time: 0.7976035 seconds
[2019-10-14T07:53:11.311+0000][1][safepoint    ] Entering safepoint region: RevokeBias
[2019-10-14T07:53:11.312+0000][1][safepoint    ] Leaving safepoint region
[2019-10-14T07:53:11.312+0000][1][safepoint    ] Total time for which application threads were stopped: 0.0014155 seconds, Stopping threads took: 0.0007447 seconds
[2019-10-14T07:53:12.315+0000][1][safepoint    ] Application time: 1.0019995 seconds
[2019-10-14T07:53:12.315+0000][1][safepoint    ] Entering safepoint region: Cleanup
[2019-10-14T07:53:12.316+0000][1][safepoint    ] Leaving safepoint region
[2019-10-14T07:53:12.317+0000][1][safepoint    ] Total time for which application threads were stopped: 0.0016534 seconds, Stopping threads took: 0.0008816 seconds
[2019-10-14T07:53:13.318+0000][1][safepoint    ] Application time: 1.0003204 seconds
[2019-10-14T07:53:13.319+0000][1][safepoint    ] Entering safepoint region: Cleanup
[2019-10-14T07:53:13.319+0000][1][safepoint    ] Leaving safepoint region
[2019-10-14T07:53:13.320+0000][1][safepoint    ] Total time for which application threads were stopped: 0.0010699 seconds, Stopping threads took: 0.0005601 seconds
[2019-10-14T07:53:14.320+0000][1][safepoint    ] Application time: 1.0001878 seconds
[2019-10-14T07:53:14.321+0000][1][safepoint    ] Entering safepoint region: Cleanup
[2019-10-14T07:53:14.322+0000][1][safepoint    ] Leaving safepoint region
[2019-10-14T07:53:14.322+0000][1][safepoint    ] Total time for which application threads were stopped: 0.0012214 seconds, Stopping threads took: 0.0006624 seconds
[2019-10-14T07:53:15.326+0000][1][safepoint    ] Application time: 1.0032852 seconds
[2019-10-14T07:53:15.327+0000][1][safepoint    ] Entering safepoint region: Cleanup
[2019-10-14T07:53:15.328+0000][1][safepoint    ] Leaving safepoint region
[2019-10-14T07:53:15.328+0000][1][safepoint    ] Total time for which application threads were stopped: 0.0015171 seconds, Stopping threads took: 0.0008311 seconds
[2019-10-14T07:53:16.331+0000][1][safepoint    ] Application time: 1.0021700 seconds
[2019-10-14T07:53:16.333+0000][1][safepoint    ] Entering safepoint region: Cleanup
[2019-10-14T07:53:16.334+0000][1][safepoint    ] Leaving safepoint region
[2019-10-14T07:53:16.334+0000][1][safepoint    ] Total time for which application threads were stopped: 0.0015020 seconds, Stopping threads took: 0.0006785 seconds
[2019-10-14T07:53:16.438+0000][1][safepoint    ] Application time: 0.1028961 seconds
[2019-10-14T07:53:16.439+0000][1][safepoint    ] Entering safepoint region: GenCollectForAllocation
[2019-10-14T07:53:16.439+0000][1][gc,start     ] GC(39) Pause Young (Allocation Failure)
[2019-10-14T07:53:16.440+0000][1][gc,task      ] GC(39) Using 2 workers of 2 for evacuation
[2019-10-14T07:53:16.442+0000][1][gc,age       ] GC(39) Desired survivor size 4456448 bytes, new threshold 6 (max threshold 6)
[2019-10-14T07:53:16.443+0000][1][gc,age       ] GC(39) Age table with threshold 6 (max threshold 6)
[2019-10-14T07:53:16.443+0000][1][gc,age       ] GC(39) - age   1:      23064 bytes,      23064 total
[2019-10-14T07:53:16.444+0000][1][gc,age       ] GC(39) - age   2:     525944 bytes,     549008 total
[2019-10-14T07:53:16.444+0000][1][gc,age       ] GC(39) - age   3:       6776 bytes,     555784 total
[2019-10-14T07:53:16.444+0000][1][gc,age       ] GC(39) - age   4:       2712 bytes,     558496 total
[2019-10-14T07:53:16.445+0000][1][gc,age       ] GC(39) - age   5:       3544 bytes,     562040 total
[2019-10-14T07:53:16.445+0000][1][gc,age       ] GC(39) - age   6:       4248 bytes,     566288 total
[2019-10-14T07:53:16.446+0000][1][gc,heap      ] GC(39) ParNew: 70647K->934K(78656K)
[2019-10-14T07:53:16.447+0000][1][gc,heap      ] GC(39) CMS: 72422K->72426K(174784K)
[2019-10-14T07:53:16.448+0000][1][gc,metaspace ] GC(39) Metaspace: 81619K->81619K(1124352K)
[2019-10-14T07:53:16.448+0000][1][gc           ] GC(39) Pause Young (Allocation Failure) 139M->71M(247M) 8.889ms
[2019-10-14T07:53:16.449+0000][1][gc,cpu       ] GC(39) User=0.01s Sys=0.00s Real=0.01s
[2019-10-14T07:53:16.449+0000][1][safepoint    ] Leaving safepoint region
[2019-10-14T07:53:16.449+0000][1][safepoint    ] Total time for which application threads were stopped: 0.0105874 seconds, Stopping threads took: 0.0004900 seconds
[2019-10-14T07:53:17.455+0000][1][safepoint    ] Application time: 1.0049122 seconds
[2019-10-14T07:53:17.456+0000][1][safepoint    ] Entering safepoint region: Cleanup
[2019-10-14T07:53:17.456+0000][1][safepoint    ] Leaving safepoint region
[2019-10-14T07:53:17.457+0000][1][safepoint    ] Total time for which application threads were stopped: 0.0012052 seconds, Stopping threads took: 0.0005904 seconds
[2019-10-14T07:53:18.458+0000][1][safepoint    ] Application time: 1.0003354 seconds
[2019-10-14T07:53:18.459+0000][1][safepoint    ] Entering safepoint region: Cleanup
[2019-10-14T07:53:18.460+0000][1][safepoint    ] Leaving safepoint region
[2019-10-14T07:53:18.460+0000][1][safepoint    ] Total time for which application threads were stopped: 0.0011441 seconds, Stopping threads took: 0.0006284 seconds
[2019-10-14T07:53:19.461+0000][1][safepoint    ] Application time: 1.0003468 seconds
[2019-10-14T07:53:19.461+0000][1][safepoint    ] Entering safepoint region: Cleanup
[2019-10-14T07:53:19.462+0000][1][safepoint    ] Leaving safepoint region
[2019-10-14T07:53:19.462+0000][1][safepoint    ] Total time for which application threads were stopped: 0.0007851 seconds, Stopping threads took: 0.0003315 seconds
[2019-10-14T07:53:20.464+0000][1][safepoint    ] Application time: 1.0011151 seconds
[2019-10-14T07:53:20.465+0000][1][safepoint    ] Entering safepoint region: Cleanup
[2019-10-14T07:53:20.466+0000][1][safepoint    ] Leaving safepoint region
[2019-10-14T07:53:20.467+0000][1][safepoint    ] Total time for which application threads were stopped: 0.0017803 seconds, Stopping threads took: 0.0010919 seconds
[2019-10-14T07:53:21.246+0000][1][safepoint    ] Application time: 0.7784554 seconds
[2019-10-14T07:53:21.246+0000][1][safepoint    ] Entering safepoint region: RevokeBias
[2019-10-14T07:53:21.247+0000][1][safepoint    ] Leaving safepoint region
[2019-10-14T07:53:21.247+0000][1][safepoint    ] Total time for which application threads were stopped: 0.0007998 seconds, Stopping threads took: 0.0004297 seconds
[2019-10-14T07:53:21.248+0000][1][safepoint    ] Application time: 0.0002996 seconds
[2019-10-14T07:53:21.248+0000][1][safepoint    ] Entering safepoint region: RevokeBias
[2019-10-14T07:53:21.248+0000][1][safepoint    ] Leaving safepoint region
[2019-10-14T07:53:21.249+0000][1][safepoint    ] Total time for which application threads were stopped: 0.0010311 seconds, Stopping threads took: 0.0003960 seconds
[2019-10-14T07:53:21.250+0000][1][safepoint    ] Application time: 0.0003268 seconds
[2019-10-14T07:53:21.253+0000][1][safepoint    ] Entering safepoint region: RevokeBias
[2019-10-14T07:53:21.254+0000][1][safepoint    ] Leaving safepoint region
[2019-10-14T07:53:21.254+0000][1][safepoint    ] Total time for which application threads were stopped: 0.0013920 seconds, Stopping threads took: 0.0007913 seconds
[2019-10-14T07:53:21.255+0000][1][safepoint    ] Application time: 0.0002301 seconds
[2019-10-14T07:53:21.256+0000][1][safepoint    ] Entering safepoint region: RevokeBias
[2019-10-14T07:53:21.257+0000][1][safepoint    ] Leaving safepoint region
[2019-10-14T07:53:21.257+0000][1][safepoint    ] Total time for which application threads were stopped: 0.0013784 seconds, Stopping threads took: 0.0006575 seconds
[2019-10-14T07:53:21.258+0000][1][safepoint    ] Application time: 0.0002111 seconds
[2019-10-14T07:53:21.258+0000][1][safepoint    ] Entering safepoint region: RevokeBias
[2019-10-14T07:53:21.259+0000][1][safepoint    ] Leaving safepoint region
[2019-10-14T07:53:21.259+0000][1][safepoint    ] Total time for which application threads were stopped: 0.0008079 seconds, Stopping threads took: 0.0003481 seconds
[2019-10-14T07:53:22.260+0000][1][safepoint    ] Application time: 1.0006723 seconds
[2019-10-14T07:53:22.261+0000][1][safepoint    ] Entering safepoint region: Cleanup
[2019-10-14T07:53:22.262+0000][1][safepoint    ] Leaving safepoint region
[2019-10-14T07:53:22.262+0000][1][safepoint    ] Total time for which application threads were stopped: 0.0010072 seconds, Stopping threads took: 0.0004868 seconds
[2019-10-14T07:53:23.264+0000][1][safepoint    ] Application time: 1.0014644 seconds
[2019-10-14T07:53:23.265+0000][1][safepoint    ] Entering safepoint region: Cleanup
[2019-10-14T07:53:23.265+0000][1][safepoint    ] Leaving safepoint region
[2019-10-14T07:53:23.266+0000][1][safepoint    ] Total time for which application threads were stopped: 0.0012503 seconds, Stopping threads took: 0.0005550 seconds
[2019-10-14T07:53:24.266+0000][1][safepoint    ] Application time: 1.0002159 seconds
[2019-10-14T07:53:24.267+0000][1][safepoint    ] Entering safepoint region: Cleanup
[2019-10-14T07:53:24.268+0000][1][safepoint    ] Leaving safepoint region
[2019-10-14T07:53:24.268+0000][1][safepoint    ] Total time for which application threads were stopped: 0.0012660 seconds, Stopping threads took: 0.0005681 seconds
[2019-10-14T07:53:25.270+0000][1][safepoint    ] Application time: 1.0006817 seconds
[2019-10-14T07:53:25.273+0000][1][safepoint    ] Entering safepoint region: Cleanup
[2019-10-14T07:53:25.274+0000][1][safepoint    ] Leaving safepoint region
[2019-10-14T07:53:25.276+0000][1][safepoint    ] Total time for which application threads were stopped: 0.0031077 seconds, Stopping threads took: 0.0010150 seconds
[2019-10-14T07:53:26.278+0000][1][safepoint    ] Application time: 1.0001925 seconds
[2019-10-14T07:53:26.278+0000][1][safepoint    ] Entering safepoint region: Cleanup
[2019-10-14T07:53:26.279+0000][1][safepoint    ] Leaving safepoint region
[2019-10-14T07:53:26.279+0000][1][safepoint    ] Total time for which application threads were stopped: 0.0010448 seconds, Stopping threads took: 0.0004894 seconds
[2019-10-14T07:53:27.280+0000][1][safepoint    ] Application time: 1.0001765 seconds
[2019-10-14T07:53:27.281+0000][1][safepoint    ] Entering safepoint region: Cleanup
[2019-10-14T07:53:27.281+0000][1][safepoint    ] Leaving safepoint region
[2019-10-14T07:53:27.282+0000][1][safepoint    ] Total time for which application threads were stopped: 0.0010830 seconds, Stopping threads took: 0.0004841 seconds
[2019-10-14T07:53:28.283+0000][1][safepoint    ] Application time: 1.0003897 seconds
[2019-10-14T07:53:28.284+0000][1][safepoint    ] Entering safepoint region: Cleanup
[2019-10-14T07:53:28.284+0000][1][safepoint    ] Leaving safepoint region
[2019-10-14T07:53:28.285+0000][1][safepoint    ] Total time for which application threads were stopped: 0.0011310 seconds, Stopping threads took: 0.0005549 seconds
[2019-10-14T07:53:29.286+0000][1][safepoint    ] Application time: 1.0005364 seconds
[2019-10-14T07:53:29.288+0000][1][safepoint    ] Entering safepoint region: Cleanup
[2019-10-14T07:53:29.289+0000][1][safepoint    ] Leaving safepoint region
[2019-10-14T07:53:29.290+0000][1][safepoint    ] Total time for which application threads were stopped: 0.0015344 seconds, Stopping threads took: 0.0008435 seconds
[2019-10-14T07:53:30.292+0000][1][safepoint    ] Application time: 1.0012379 seconds
[2019-10-14T07:53:30.292+0000][1][safepoint    ] Entering safepoint region: Cleanup
[2019-10-14T07:53:30.293+0000][1][safepoint    ] Leaving safepoint region
[2019-10-14T07:53:30.293+0000][1][safepoint    ] Total time for which application threads were stopped: 0.0011954 seconds, Stopping threads took: 0.0005839 seconds
[2019-10-14T07:53:31.296+0000][1][safepoint    ] Application time: 1.0016822 seconds
[2019-10-14T07:53:31.296+0000][1][safepoint    ] Entering safepoint region: Cleanup
[2019-10-14T07:53:31.297+0000][1][safepoint    ] Leaving safepoint region
[2019-10-14T07:53:31.298+0000][1][safepoint    ] Total time for which application threads were stopped: 0.0014825 seconds, Stopping threads took: 0.0006111 seconds
[2019-10-14T07:53:32.299+0000][1][safepoint    ] Application time: 1.0001825 seconds
[2019-10-14T07:53:32.300+0000][1][safepoint    ] Entering safepoint region: Cleanup
[2019-10-14T07:53:32.300+0000][1][safepoint    ] Leaving safepoint region
[2019-10-14T07:53:32.301+0000][1][safepoint    ] Total time for which application threads were stopped: 0.0010415 seconds, Stopping threads took: 0.0005131 seconds
[2019-10-14T07:53:33.282+0000][1][safepoint    ] Application time: 1.0023520 seconds
[2019-10-14T07:53:33.303+0000][1][safepoint    ] Entering safepoint region: Cleanup
[2019-10-14T07:53:33.305+0000][1][safepoint    ] Leaving safepoint region
[2019-10-14T07:53:33.306+0000][1][safepoint    ] Total time for which application threads were stopped: 0.0024272 seconds, Stopping threads took: 0.0017924 seconds
[2019-10-14T07:53:34.307+0000][1][safepoint    ] Application time: 1.0010230 seconds
[2019-10-14T07:53:34.313+0000][1][safepoint    ] Entering safepoint region: Cleanup
[2019-10-14T07:53:34.314+0000][1][safepoint    ] Leaving safepoint region
[2019-10-14T07:53:34.315+0000][1][safepoint    ] Total time for which application threads were stopped: 0.0017306 seconds, Stopping threads took: 0.0008621 seconds
[2019-10-14T07:53:35.316+0000][1][safepoint    ] Application time: 1.0003264 seconds
[2019-10-14T07:53:35.317+0000][1][safepoint    ] Entering safepoint region: Cleanup
[2019-10-14T07:53:35.317+0000][1][safepoint    ] Leaving safepoint region
[2019-10-14T07:53:35.317+0000][1][safepoint    ] Total time for which application threads were stopped: 0.0009359 seconds, Stopping threads took: 0.0003968 seconds
[2019-10-14T07:53:36.319+0000][1][safepoint    ] Application time: 1.0003281 seconds
[2019-10-14T07:53:36.320+0000][1][safepoint    ] Entering safepoint region: Cleanup
[2019-10-14T07:53:36.321+0000][1][safepoint    ] Leaving safepoint region
[2019-10-14T07:53:36.322+0000][1][safepoint    ] Total time for which application threads were stopped: 0.0017750 seconds, Stopping threads took: 0.0008284 seconds
[2019-10-14T07:53:37.323+0000][1][safepoint    ] Application time: 1.0002323 seconds
[2019-10-14T07:53:37.323+0000][1][safepoint    ] Entering safepoint region: Cleanup
[2019-10-14T07:53:37.324+0000][1][safepoint    ] Leaving safepoint region
[2019-10-14T07:53:37.324+0000][1][safepoint    ] Total time for which application threads were stopped: 0.0008942 seconds, Stopping threads took: 0.0003816 seconds
[2019-10-14T07:53:38.326+0000][1][safepoint    ] Application time: 1.0004880 seconds
[2019-10-14T07:53:38.326+0000][1][safepoint    ] Entering safepoint region: Cleanup
[2019-10-14T07:53:38.327+0000][1][safepoint    ] Leaving safepoint region
[2019-10-14T07:53:38.327+0000][1][safepoint    ] Total time for which application threads were stopped: 0.0012664 seconds, Stopping threads took: 0.0007702 seconds
[2019-10-14T07:53:39.328+0000][1][safepoint    ] Application time: 1.0004072 seconds
[2019-10-14T07:53:39.329+0000][1][safepoint    ] Entering safepoint region: Cleanup
[2019-10-14T07:53:39.330+0000][1][safepoint    ] Leaving safepoint region
[2019-10-14T07:53:39.330+0000][1][safepoint    ] Total time for which application threads were stopped: 0.0010687 seconds, Stopping threads took: 0.0005027 seconds
[2019-10-14T07:53:40.331+0000][1][safepoint    ] Application time: 1.0005318 seconds
[2019-10-14T07:53:40.332+0000][1][safepoint    ] Entering safepoint region: Cleanup
[2019-10-14T07:53:40.333+0000][1][safepoint    ] Leaving safepoint region
[2019-10-14T07:53:40.333+0000][1][safepoint    ] Total time for which application threads were stopped: 0.0015072 seconds, Stopping threads took: 0.0008769 seconds
[2019-10-14T07:53:41.334+0000][1][safepoint    ] Application time: 1.0005182 seconds
[2019-10-14T07:53:41.335+0000][1][safepoint    ] Entering safepoint region: Cleanup
[2019-10-14T07:53:41.336+0000][1][safepoint    ] Leaving safepoint region
[2019-10-14T07:53:41.336+0000][1][safepoint    ] Total time for which application threads were stopped: 0.0009770 seconds, Stopping threads took: 0.0004939 seconds
[2019-10-14T07:53:42.337+0000][1][safepoint    ] Application time: 1.0000825 seconds
[2019-10-14T07:53:42.346+0000][1][safepoint    ] Entering safepoint region: Cleanup
[2019-10-14T07:53:42.347+0000][1][safepoint    ] Leaving safepoint region
[2019-10-14T07:53:42.347+0000][1][safepoint    ] Total time for which application threads were stopped: 0.0013696 seconds, Stopping threads took: 0.0006103 seconds
[2019-10-14T07:53:43.348+0000][1][safepoint    ] Application time: 1.0002186 seconds
[2019-10-14T07:53:43.349+0000][1][safepoint    ] Entering safepoint region: Cleanup
[2019-10-14T07:53:43.349+0000][1][safepoint    ] Leaving safepoint region
[2019-10-14T07:53:43.350+0000][1][safepoint    ] Total time for which application threads were stopped: 0.0013117 seconds, Stopping threads took: 0.0003836 seconds
[2019-10-14T07:53:44.352+0000][1][safepoint    ] Application time: 1.0005244 seconds
[2019-10-14T07:53:44.353+0000][1][safepoint    ] Entering safepoint region: Cleanup
[2019-10-14T07:53:44.356+0000][1][safepoint    ] Leaving safepoint region
[2019-10-14T07:53:44.357+0000][1][safepoint    ] Total time for which application threads were stopped: 0.0039290 seconds, Stopping threads took: 0.0029609 seconds
[2019-10-14T07:53:45.358+0000][1][safepoint    ] Application time: 1.0004766 seconds
[2019-10-14T07:53:45.361+0000][1][safepoint    ] Entering safepoint region: Cleanup
[2019-10-14T07:53:45.362+0000][1][safepoint    ] Leaving safepoint region
[2019-10-14T07:53:45.363+0000][1][safepoint    ] Total time for which application threads were stopped: 0.0021384 seconds, Stopping threads took: 0.0011876 seconds
[2019-10-14T07:53:46.364+0000][1][safepoint    ] Application time: 1.0008691 seconds
[2019-10-14T07:53:46.365+0000][1][safepoint    ] Entering safepoint region: Cleanup
[2019-10-14T07:53:46.365+0000][1][safepoint    ] Leaving safepoint region
[2019-10-14T07:53:46.366+0000][1][safepoint    ] Total time for which application threads were stopped: 0.0009418 seconds, Stopping threads took: 0.0004311 seconds
[2019-10-14T07:53:47.367+0000][1][safepoint    ] Application time: 1.0003667 seconds
[2019-10-14T07:53:47.368+0000][1][safepoint    ] Entering safepoint region: Cleanup
[2019-10-14T07:53:47.369+0000][1][safepoint    ] Leaving safepoint region
[2019-10-14T07:53:47.369+0000][1][safepoint    ] Total time for which application threads were stopped: 0.0013182 seconds, Stopping threads took: 0.0007428 seconds
[2019-10-14T07:53:48.371+0000][1][safepoint    ] Application time: 1.0010181 seconds
[2019-10-14T07:53:48.372+0000][1][safepoint    ] Entering safepoint region: Cleanup
[2019-10-14T07:53:48.375+0000][1][safepoint    ] Leaving safepoint region
[2019-10-14T07:53:48.375+0000][1][safepoint    ] Total time for which application threads were stopped: 0.0037326 seconds, Stopping threads took: 0.0031955 seconds
[2019-10-14T07:53:49.376+0000][1][safepoint    ] Application time: 1.0003481 seconds
[2019-10-14T07:53:49.384+0000][1][safepoint    ] Entering safepoint region: Cleanup
[2019-10-14T07:53:49.387+0000][1][safepoint    ] Leaving safepoint region
[2019-10-14T07:53:49.387+0000][1][safepoint    ] Total time for which application threads were stopped: 0.0036357 seconds, Stopping threads took: 0.0030260 seconds
[2019-10-14T07:53:50.390+0000][1][safepoint    ] Application time: 1.0005313 seconds
[2019-10-14T07:53:50.391+0000][1][safepoint    ] Entering safepoint region: Cleanup
[2019-10-14T07:53:50.392+0000][1][safepoint    ] Leaving safepoint region
[2019-10-14T07:53:50.392+0000][1][safepoint    ] Total time for which application threads were stopped: 0.0011095 seconds, Stopping threads took: 0.0005712 seconds
[2019-10-14T07:53:51.393+0000][1][safepoint    ] Application time: 1.0002862 seconds
[2019-10-14T07:53:51.394+0000][1][safepoint    ] Entering safepoint region: Cleanup
[2019-10-14T07:53:51.394+0000][1][safepoint    ] Leaving safepoint region
[2019-10-14T07:53:51.395+0000][1][safepoint    ] Total time for which application threads were stopped: 0.0013175 seconds, Stopping threads took: 0.0006103 seconds
[2019-10-14T07:53:52.396+0000][1][safepoint    ] Application time: 1.0002785 seconds
[2019-10-14T07:53:52.397+0000][1][safepoint    ] Entering safepoint region: Cleanup
[2019-10-14T07:53:52.398+0000][1][safepoint    ] Leaving safepoint region
[2019-10-14T07:53:52.399+0000][1][safepoint    ] Total time for which application threads were stopped: 0.0015359 seconds, Stopping threads took: 0.0009292 seconds
[2019-10-14T07:53:53.400+0000][1][safepoint    ] Application time: 1.0006924 seconds
[2019-10-14T07:53:53.401+0000][1][safepoint    ] Entering safepoint region: Cleanup
[2019-10-14T07:53:53.401+0000][1][safepoint    ] Leaving safepoint region
[2019-10-14T07:53:53.402+0000][1][safepoint    ] Total time for which application threads were stopped: 0.0012942 seconds, Stopping threads took: 0.0006094 seconds
[2019-10-14T07:53:54.405+0000][1][safepoint    ] Application time: 1.0021638 seconds
[2019-10-14T07:53:54.406+0000][1][safepoint    ] Entering safepoint region: Cleanup
[2019-10-14T07:53:54.407+0000][1][safepoint    ] Leaving safepoint region
[2019-10-14T07:53:54.407+0000][1][safepoint    ] Total time for which application threads were stopped: 0.0012942 seconds, Stopping threads took: 0.0007080 seconds
[2019-10-14T07:53:55.408+0000][1][safepoint    ] Application time: 1.0005304 seconds
[2019-10-14T07:53:55.410+0000][1][safepoint    ] Entering safepoint region: Cleanup
[2019-10-14T07:53:55.410+0000][1][safepoint    ] Leaving safepoint region
[2019-10-14T07:53:55.411+0000][1][safepoint    ] Total time for which application threads were stopped: 0.0013081 seconds, Stopping threads took: 0.0007509 seconds
[2019-10-14T07:53:56.412+0000][1][safepoint    ] Application time: 1.0003106 seconds
[2019-10-14T07:53:56.413+0000][1][safepoint    ] Entering safepoint region: Cleanup
[2019-10-14T07:53:56.414+0000][1][safepoint    ] Leaving safepoint region
[2019-10-14T07:53:56.414+0000][1][safepoint    ] Total time for which application threads were stopped: 0.0011423 seconds, Stopping threads took: 0.0005574 seconds
[2019-10-14T07:53:57.416+0000][1][safepoint    ] Application time: 1.0011759 seconds
[2019-10-14T07:53:57.418+0000][1][safepoint    ] Entering safepoint region: Cleanup
[2019-10-14T07:53:57.418+0000][1][safepoint    ] Leaving safepoint region
[2019-10-14T07:53:57.419+0000][1][safepoint    ] Total time for which application threads were stopped: 0.0015648 seconds, Stopping threads took: 0.0005742 seconds
[2019-10-14T07:53:58.420+0000][1][safepoint    ] Application time: 1.0003174 seconds
[2019-10-14T07:53:58.421+0000][1][safepoint    ] Entering safepoint region: Cleanup
[2019-10-14T07:53:58.421+0000][1][safepoint    ] Leaving safepoint region
[2019-10-14T07:53:58.422+0000][1][safepoint    ] Total time for which application threads were stopped: 0.0010846 seconds, Stopping threads took: 0.0004256 seconds
[2019-10-14T07:53:59.423+0000][1][safepoint    ] Application time: 1.0010215 seconds
[2019-10-14T07:53:59.424+0000][1][safepoint    ] Entering safepoint region: Cleanup
[2019-10-14T07:53:59.425+0000][1][safepoint    ] Leaving safepoint region
[2019-10-14T07:53:59.426+0000][1][safepoint    ] Total time for which application threads were stopped: 0.0014020 seconds, Stopping threads took: 0.0006586 seconds
[2019-10-14T07:54:00.427+0000][1][safepoint    ] Application time: 1.0004019 seconds
[2019-10-14T07:54:00.428+0000][1][safepoint    ] Entering safepoint region: Cleanup
[2019-10-14T07:54:00.429+0000][1][safepoint    ] Leaving safepoint region
[2019-10-14T07:54:00.429+0000][1][safepoint    ] Total time for which application threads were stopped: 0.0018421 seconds, Stopping threads took: 0.0012722 seconds
[2019-10-14T07:54:01.431+0000][1][safepoint    ] Application time: 1.0009253 seconds
[2019-10-14T07:54:01.433+0000][1][safepoint    ] Entering safepoint region: Cleanup
[2019-10-14T07:54:01.434+0000][1][safepoint    ] Leaving safepoint region
[2019-10-14T07:54:01.435+0000][1][safepoint    ] Total time for which application threads were stopped: 0.0022151 seconds, Stopping threads took: 0.0014033 seconds
[2019-10-14T07:54:02.439+0000][1][safepoint    ] Application time: 1.0003588 seconds
[2019-10-14T07:54:02.440+0000][1][safepoint    ] Entering safepoint region: Cleanup
[2019-10-14T07:54:02.441+0000][1][safepoint    ] Leaving safepoint region
[2019-10-14T07:54:02.441+0000][1][safepoint    ] Total time for which application threads were stopped: 0.0013731 seconds, Stopping threads took: 0.0007636 seconds
[2019-10-14T07:54:03.420+0000][1][safepoint    ] Application time: 1.0006727 seconds
[2019-10-14T07:54:03.421+0000][1][safepoint    ] Entering safepoint region: Cleanup
[2019-10-14T07:54:03.422+0000][1][safepoint    ] Leaving safepoint region
[2019-10-14T07:54:03.422+0000][1][safepoint    ] Total time for which application threads were stopped: 0.0014036 seconds, Stopping threads took: 0.0005960 seconds
[2019-10-14T07:54:04.423+0000][1][safepoint    ] Application time: 1.0006444 seconds
[2019-10-14T07:54:04.424+0000][1][safepoint    ] Entering safepoint region: Cleanup
[2019-10-14T07:54:04.425+0000][1][safepoint    ] Leaving safepoint region
[2019-10-14T07:54:04.425+0000][1][safepoint    ] Total time for which application threads were stopped: 0.0008592 seconds, Stopping threads took: 0.0003928 seconds
[2019-10-14T07:54:05.426+0000][1][safepoint    ] Application time: 1.0004961 seconds
[2019-10-14T07:54:05.427+0000][1][safepoint    ] Entering safepoint region: Cleanup
[2019-10-14T07:54:05.428+0000][1][safepoint    ] Leaving safepoint region
[2019-10-14T07:54:05.429+0000][1][safepoint    ] Total time for which application threads were stopped: 0.0021015 seconds, Stopping threads took: 0.0008093 seconds
[2019-10-14T07:54:06.430+0000][1][safepoint    ] Application time: 1.0006961 seconds
[2019-10-14T07:54:06.431+0000][1][safepoint    ] Entering safepoint region: Cleanup
[2019-10-14T07:54:06.432+0000][1][safepoint    ] Leaving safepoint region
[2019-10-14T07:54:06.432+0000][1][safepoint    ] Total time for which application threads were stopped: 0.0011771 seconds, Stopping threads took: 0.0004354 seconds
[2019-10-14T07:54:07.436+0000][1][safepoint    ] Application time: 1.0037622 seconds
[2019-10-14T07:54:07.437+0000][1][safepoint    ] Entering safepoint region: Cleanup
[2019-10-14T07:54:07.438+0000][1][safepoint    ] Leaving safepoint region
[2019-10-14T07:54:07.438+0000][1][safepoint    ] Total time for which application threads were stopped: 0.0011598 seconds, Stopping threads took: 0.0005878 seconds
[2019-10-14T07:54:08.440+0000][1][safepoint    ] Application time: 1.0013141 seconds
[2019-10-14T07:54:08.441+0000][1][safepoint    ] Entering safepoint region: Cleanup
[2019-10-14T07:54:08.441+0000][1][safepoint    ] Leaving safepoint region
[2019-10-14T07:54:08.441+0000][1][safepoint    ] Total time for which application threads were stopped: 0.0006327 seconds, Stopping threads took: 0.0002897 seconds
[2019-10-14T07:54:09.442+0000][1][safepoint    ] Application time: 1.0002062 seconds
[2019-10-14T07:54:09.442+0000][1][safepoint    ] Entering safepoint region: Cleanup
[2019-10-14T07:54:09.442+0000][1][safepoint    ] Leaving safepoint region
[2019-10-14T07:54:09.443+0000][1][safepoint    ] Total time for which application threads were stopped: 0.0006280 seconds, Stopping threads took: 0.0002858 seconds
[2019-10-14T07:54:10.446+0000][1][safepoint    ] Application time: 1.0025533 seconds
[2019-10-14T07:54:10.447+0000][1][safepoint    ] Entering safepoint region: Cleanup
[2019-10-14T07:54:10.448+0000][1][safepoint    ] Leaving safepoint region
[2019-10-14T07:54:10.448+0000][1][safepoint    ] Total time for which application threads were stopped: 0.0013157 seconds, Stopping threads took: 0.0006549 seconds
[2019-10-14T07:54:11.286+0000][1][safepoint    ] Application time: 0.8372026 seconds
[2019-10-14T07:54:11.286+0000][1][safepoint    ] Entering safepoint region: RevokeBias
[2019-10-14T07:54:11.288+0000][1][safepoint    ] Leaving safepoint region
[2019-10-14T07:54:11.289+0000][1][safepoint    ] Total time for which application threads were stopped: 0.0024579 seconds, Stopping threads took: 0.0011834 seconds
[2019-10-14T07:54:12.291+0000][1][safepoint    ] Application time: 1.0011799 seconds
[2019-10-14T07:54:12.291+0000][1][safepoint    ] Entering safepoint region: Cleanup
[2019-10-14T07:54:12.293+0000][1][safepoint    ] Leaving safepoint region
[2019-10-14T07:54:12.293+0000][1][safepoint    ] Total time for which application threads were stopped: 0.0017348 seconds, Stopping threads took: 0.0013193 seconds
[2019-10-14T07:54:13.294+0000][1][safepoint    ] Application time: 1.0007030 seconds
[2019-10-14T07:54:13.295+0000][1][safepoint    ] Entering safepoint region: Cleanup
[2019-10-14T07:54:13.296+0000][1][safepoint    ] Leaving safepoint region
[2019-10-14T07:54:13.296+0000][1][safepoint    ] Total time for which application threads were stopped: 0.0011722 seconds, Stopping threads took: 0.0005042 seconds
[2019-10-14T07:54:14.297+0000][1][safepoint    ] Application time: 1.0002339 seconds
[2019-10-14T07:54:14.297+0000][1][safepoint    ] Entering safepoint region: Cleanup
[2019-10-14T07:54:14.298+0000][1][safepoint    ] Leaving safepoint region
[2019-10-14T07:54:14.298+0000][1][safepoint    ] Total time for which application threads were stopped: 0.0006709 seconds, Stopping threads took: 0.0003042 seconds
[2019-10-14T07:54:15.299+0000][1][safepoint    ] Application time: 1.0005684 seconds
[2019-10-14T07:54:15.300+0000][1][safepoint    ] Entering safepoint region: Cleanup
[2019-10-14T07:54:15.301+0000][1][safepoint    ] Leaving safepoint region
[2019-10-14T07:54:15.301+0000][1][safepoint    ] Total time for which application threads were stopped: 0.0010213 seconds, Stopping threads took: 0.0005111 seconds
[2019-10-14T07:54:16.303+0000][1][safepoint    ] Application time: 1.0013517 seconds
[2019-10-14T07:54:16.304+0000][1][safepoint    ] Entering safepoint region: Cleanup
[2019-10-14T07:54:16.305+0000][1][safepoint    ] Leaving safepoint region
[2019-10-14T07:54:16.305+0000][1][safepoint    ] Total time for which application threads were stopped: 0.0011549 seconds, Stopping threads took: 0.0005349 seconds
[2019-10-14T07:54:17.306+0000][1][safepoint    ] Application time: 1.0003328 seconds
[2019-10-14T07:54:17.307+0000][1][safepoint    ] Entering safepoint region: Cleanup
[2019-10-14T07:54:17.308+0000][1][safepoint    ] Leaving safepoint region
[2019-10-14T07:54:17.309+0000][1][safepoint    ] Total time for which application threads were stopped: 0.0016354 seconds, Stopping threads took: 0.0006658 seconds
[2019-10-14T07:54:18.309+0000][1][safepoint    ] Application time: 1.0001648 seconds
[2019-10-14T07:54:18.311+0000][1][safepoint    ] Entering safepoint region: Cleanup
[2019-10-14T07:54:18.312+0000][1][safepoint    ] Leaving safepoint region
[2019-10-14T07:54:18.313+0000][1][safepoint    ] Total time for which application threads were stopped: 0.0016515 seconds, Stopping threads took: 0.0007772 seconds
[2019-10-14T07:54:19.314+0000][1][safepoint    ] Application time: 1.0001564 seconds
[2019-10-14T07:54:19.314+0000][1][safepoint    ] Entering safepoint region: Cleanup
[2019-10-14T07:54:19.315+0000][1][safepoint    ] Leaving safepoint region
[2019-10-14T07:54:19.315+0000][1][safepoint    ] Total time for which application threads were stopped: 0.0010359 seconds, Stopping threads took: 0.0004618 seconds
[2019-10-14T07:54:20.316+0000][1][safepoint    ] Application time: 1.0001534 seconds
[2019-10-14T07:54:20.317+0000][1][safepoint    ] Entering safepoint region: Cleanup
[2019-10-14T07:54:20.317+0000][1][safepoint    ] Leaving safepoint region
[2019-10-14T07:54:20.317+0000][1][safepoint    ] Total time for which application threads were stopped: 0.0008398 seconds, Stopping threads took: 0.0003795 seconds
[2019-10-14T07:54:21.318+0000][1][safepoint    ] Application time: 1.0007296 seconds
[2019-10-14T07:54:21.319+0000][1][safepoint    ] Entering safepoint region: Cleanup
[2019-10-14T07:54:21.320+0000][1][safepoint    ] Leaving safepoint region
[2019-10-14T07:54:21.321+0000][1][safepoint    ] Total time for which application threads were stopped: 0.0012521 seconds, Stopping threads took: 0.0006128 seconds
[2019-10-14T07:54:22.323+0000][1][safepoint    ] Application time: 1.0016400 seconds
[2019-10-14T07:54:22.326+0000][1][safepoint    ] Entering safepoint region: Cleanup
[2019-10-14T07:54:22.327+0000][1][safepoint    ] Leaving safepoint region
[2019-10-14T07:54:22.328+0000][1][safepoint    ] Total time for which application threads were stopped: 0.0025388 seconds, Stopping threads took: 0.0012152 seconds
[2019-10-14T07:54:23.329+0000][1][safepoint    ] Application time: 1.0004960 seconds
[2019-10-14T07:54:23.330+0000][1][safepoint    ] Entering safepoint region: Cleanup
[2019-10-14T07:54:23.331+0000][1][safepoint    ] Leaving safepoint region
[2019-10-14T07:54:23.331+0000][1][safepoint    ] Total time for which application threads were stopped: 0.0014447 seconds, Stopping threads took: 0.0007191 seconds
[2019-10-14T07:54:24.332+0000][1][safepoint    ] Application time: 1.0003823 seconds
[2019-10-14T07:54:24.333+0000][1][safepoint    ] Entering safepoint region: Cleanup
[2019-10-14T07:54:24.334+0000][1][safepoint    ] Leaving safepoint region
[2019-10-14T07:54:24.335+0000][1][safepoint    ] Total time for which application threads were stopped: 0.0017686 seconds, Stopping threads took: 0.0010587 seconds
[2019-10-14T07:54:25.337+0000][1][safepoint    ] Application time: 1.0017539 seconds
[2019-10-14T07:54:25.338+0000][1][safepoint    ] Entering safepoint region: Cleanup
[2019-10-14T07:54:25.338+0000][1][safepoint    ] Leaving safepoint region
[2019-10-14T07:54:25.339+0000][1][safepoint    ] Total time for which application threads were stopped: 0.0008971 seconds, Stopping threads took: 0.0004576 seconds
[2019-10-14T07:54:26.339+0000][1][safepoint    ] Application time: 1.0002667 seconds
[2019-10-14T07:54:26.340+0000][1][safepoint    ] Entering safepoint region: Cleanup
[2019-10-14T07:54:26.341+0000][1][safepoint    ] Leaving safepoint region
[2019-10-14T07:54:26.341+0000][1][safepoint    ] Total time for which application threads were stopped: 0.0012344 seconds, Stopping threads took: 0.0005523 seconds
[2019-10-14T07:54:27.342+0000][1][safepoint    ] Application time: 1.0001928 seconds
[2019-10-14T07:54:27.343+0000][1][safepoint    ] Entering safepoint region: Cleanup
[2019-10-14T07:54:27.344+0000][1][safepoint    ] Leaving safepoint region
[2019-10-14T07:54:27.344+0000][1][safepoint    ] Total time for which application threads were stopped: 0.0012828 seconds, Stopping threads took: 0.0006215 seconds
[2019-10-14T07:54:28.347+0000][1][safepoint    ] Application time: 1.0026861 seconds
[2019-10-14T07:54:28.348+0000][1][safepoint    ] Entering safepoint region: Cleanup
[2019-10-14T07:54:28.350+0000][1][safepoint    ] Leaving safepoint region
[2019-10-14T07:54:28.350+0000][1][safepoint    ] Total time for which application threads were stopped: 0.0014865 seconds, Stopping threads took: 0.0009764 seconds
[2019-10-14T07:54:29.352+0000][1][safepoint    ] Application time: 1.0017912 seconds
[2019-10-14T07:54:29.354+0000][1][safepoint    ] Entering safepoint region: Cleanup
[2019-10-14T07:54:29.354+0000][1][safepoint    ] Leaving safepoint region
[2019-10-14T07:54:29.355+0000][1][safepoint    ] Total time for which application threads were stopped: 0.0014604 seconds, Stopping threads took: 0.0007450 seconds
[2019-10-14T07:54:30.357+0000][1][safepoint    ] Application time: 1.0014479 seconds
[2019-10-14T07:54:30.358+0000][1][safepoint    ] Entering safepoint region: Cleanup
[2019-10-14T07:54:30.359+0000][1][safepoint    ] Leaving safepoint region
[2019-10-14T07:54:30.359+0000][1][safepoint    ] Total time for which application threads were stopped: 0.0010652 seconds, Stopping threads took: 0.0005295 seconds
[2019-10-14T07:54:31.362+0000][1][safepoint    ] Application time: 1.0022447 seconds
[2019-10-14T07:54:31.363+0000][1][safepoint    ] Entering safepoint region: Cleanup
[2019-10-14T07:54:31.364+0000][1][safepoint    ] Leaving safepoint region
[2019-10-14T07:54:31.364+0000][1][safepoint    ] Total time for which application threads were stopped: 0.0015161 seconds, Stopping threads took: 0.0004382 seconds
[2019-10-14T07:54:32.366+0000][1][safepoint    ] Application time: 1.0004417 seconds
[2019-10-14T07:54:32.366+0000][1][safepoint    ] Entering safepoint region: Cleanup
[2019-10-14T07:54:32.367+0000][1][safepoint    ] Leaving safepoint region
[2019-10-14T07:54:32.367+0000][1][safepoint    ] Total time for which application threads were stopped: 0.0008411 seconds, Stopping threads took: 0.0003950 seconds
[2019-10-14T07:54:33.347+0000][1][safepoint    ] Application time: 1.0009267 seconds
[2019-10-14T07:54:33.348+0000][1][safepoint    ] Entering safepoint region: Cleanup
[2019-10-14T07:54:33.348+0000][1][safepoint    ] Leaving safepoint region
[2019-10-14T07:54:33.349+0000][1][safepoint    ] Total time for which application threads were stopped: 0.0011059 seconds, Stopping threads took: 0.0007008 seconds
[2019-10-14T07:54:34.350+0000][1][safepoint    ] Application time: 1.0010710 seconds
[2019-10-14T07:54:34.351+0000][1][safepoint    ] Entering safepoint region: Cleanup
[2019-10-14T07:54:34.351+0000][1][safepoint    ] Leaving safepoint region
[2019-10-14T07:54:34.352+0000][1][safepoint    ] Total time for which application threads were stopped: 0.0010093 seconds, Stopping threads took: 0.0004607 seconds
[2019-10-14T07:54:35.353+0000][1][safepoint    ] Application time: 1.0005567 seconds
[2019-10-14T07:54:35.353+0000][1][safepoint    ] Entering safepoint region: Cleanup
[2019-10-14T07:54:35.354+0000][1][safepoint    ] Leaving safepoint region
[2019-10-14T07:54:35.354+0000][1][safepoint    ] Total time for which application threads were stopped: 0.0009424 seconds, Stopping threads took: 0.0004266 seconds
[2019-10-14T07:54:36.355+0000][1][safepoint    ] Application time: 1.0007090 seconds
[2019-10-14T07:54:36.356+0000][1][safepoint    ] Entering safepoint region: Cleanup
[2019-10-14T07:54:36.357+0000][1][safepoint    ] Leaving safepoint region
[2019-10-14T07:54:36.357+0000][1][safepoint    ] Total time for which application threads were stopped: 0.0011449 seconds, Stopping threads took: 0.0006106 seconds
[2019-10-14T07:54:37.358+0000][1][safepoint    ] Application time: 1.0003717 seconds
[2019-10-14T07:54:37.358+0000][1][safepoint    ] Entering safepoint region: Cleanup
[2019-10-14T07:54:37.359+0000][1][safepoint    ] Leaving safepoint region
[2019-10-14T07:54:37.359+0000][1][safepoint    ] Total time for which application threads were stopped: 0.0007351 seconds, Stopping threads took: 0.0003155 seconds
[2019-10-14T07:54:38.363+0000][1][safepoint    ] Application time: 1.0033441 seconds
[2019-10-14T07:54:38.364+0000][1][safepoint    ] Entering safepoint region: Cleanup
[2019-10-14T07:54:38.365+0000][1][safepoint    ] Leaving safepoint region
[2019-10-14T07:54:38.365+0000][1][safepoint    ] Total time for which application threads were stopped: 0.0013884 seconds, Stopping threads took: 0.0005962 seconds
[2019-10-14T07:54:39.366+0000][1][safepoint    ] Application time: 1.0006400 seconds
[2019-10-14T07:54:39.367+0000][1][safepoint    ] Entering safepoint region: Cleanup
[2019-10-14T07:54:39.367+0000][1][safepoint    ] Leaving safepoint region
[2019-10-14T07:54:39.368+0000][1][safepoint    ] Total time for which application threads were stopped: 0.0009627 seconds, Stopping threads took: 0.0004765 seconds
[2019-10-14T07:54:40.369+0000][1][safepoint    ] Application time: 1.0003112 seconds
[2019-10-14T07:54:40.369+0000][1][safepoint    ] Entering safepoint region: Cleanup
[2019-10-14T07:54:40.370+0000][1][safepoint    ] Leaving safepoint region
[2019-10-14T07:54:40.370+0000][1][safepoint    ] Total time for which application threads were stopped: 0.0010274 seconds, Stopping threads took: 0.0004802 seconds
[2019-10-14T07:54:41.373+0000][1][safepoint    ] Application time: 1.0018953 seconds
[2019-10-14T07:54:41.374+0000][1][safepoint    ] Entering safepoint region: Cleanup
[2019-10-14T07:54:41.375+0000][1][safepoint    ] Leaving safepoint region
[2019-10-14T07:54:41.376+0000][1][safepoint    ] Total time for which application threads were stopped: 0.0022441 seconds, Stopping threads took: 0.0014347 seconds
[2019-10-14T07:54:42.377+0000][1][safepoint    ] Application time: 1.0008145 seconds
[2019-10-14T07:54:42.378+0000][1][safepoint    ] Entering safepoint region: Cleanup
[2019-10-14T07:54:42.379+0000][1][safepoint    ] Leaving safepoint region
[2019-10-14T07:54:42.379+0000][1][safepoint    ] Total time for which application threads were stopped: 0.0011436 seconds, Stopping threads took: 0.0006403 seconds
[2019-10-14T07:54:43.381+0000][1][safepoint    ] Application time: 1.0009542 seconds
[2019-10-14T07:54:43.382+0000][1][safepoint    ] Entering safepoint region: Cleanup
[2019-10-14T07:54:43.382+0000][1][safepoint    ] Leaving safepoint region
[2019-10-14T07:54:43.383+0000][1][safepoint    ] Total time for which application threads were stopped: 0.0015465 seconds, Stopping threads took: 0.0005435 seconds
[2019-10-14T07:54:44.387+0000][1][safepoint    ] Application time: 1.0033791 seconds
[2019-10-14T07:54:44.388+0000][1][safepoint    ] Entering safepoint region: Cleanup
[2019-10-14T07:54:44.388+0000][1][safepoint    ] Leaving safepoint region
[2019-10-14T07:54:44.389+0000][1][safepoint    ] Total time for which application threads were stopped: 0.0012713 seconds, Stopping threads took: 0.0006244 seconds
[2019-10-14T07:54:45.391+0000][1][safepoint    ] Application time: 1.0011077 seconds
[2019-10-14T07:54:45.392+0000][1][safepoint    ] Entering safepoint region: Cleanup
[2019-10-14T07:54:45.392+0000][1][safepoint    ] Leaving safepoint region
[2019-10-14T07:54:45.393+0000][1][safepoint    ] Total time for which application threads were stopped: 0.0013239 seconds, Stopping threads took: 0.0006902 seconds
[2019-10-14T07:54:46.394+0000][1][safepoint    ] Application time: 1.0003404 seconds
[2019-10-14T07:54:46.395+0000][1][safepoint    ] Entering safepoint region: Cleanup
[2019-10-14T07:54:46.396+0000][1][safepoint    ] Leaving safepoint region
[2019-10-14T07:54:46.398+0000][1][safepoint    ] Total time for which application threads were stopped: 0.0033846 seconds, Stopping threads took: 0.0015131 seconds
[2019-10-14T07:54:47.400+0000][1][safepoint    ] Application time: 1.0008446 seconds
[2019-10-14T07:54:47.401+0000][1][safepoint    ] Entering safepoint region: Cleanup
[2019-10-14T07:54:47.401+0000][1][safepoint    ] Leaving safepoint region
[2019-10-14T07:54:47.427+0000][1][safepoint    ] Total time for which application threads were stopped: 0.0262894 seconds, Stopping threads took: 0.0005969 seconds
[2019-10-14T07:54:48.429+0000][1][safepoint    ] Application time: 1.0013188 seconds
[2019-10-14T07:54:48.430+0000][1][safepoint    ] Entering safepoint region: Cleanup
[2019-10-14T07:54:48.431+0000][1][safepoint    ] Leaving safepoint region
[2019-10-14T07:54:48.432+0000][1][safepoint    ] Total time for which application threads were stopped: 0.0018597 seconds, Stopping threads took: 0.0010001 seconds
[2019-10-14T07:54:49.432+0000][1][safepoint    ] Application time: 1.0002229 seconds
[2019-10-14T07:54:49.434+0000][1][safepoint    ] Entering safepoint region: Cleanup
[2019-10-14T07:54:49.434+0000][1][safepoint    ] Leaving safepoint region
[2019-10-14T07:54:49.435+0000][1][safepoint    ] Total time for which application threads were stopped: 0.0010617 seconds, Stopping threads took: 0.0005116 seconds
[2019-10-14T07:54:50.436+0000][1][safepoint    ] Application time: 1.0008163 seconds
[2019-10-14T07:54:50.436+0000][1][safepoint    ] Entering safepoint region: Cleanup
[2019-10-14T07:54:50.437+0000][1][safepoint    ] Leaving safepoint region
[2019-10-14T07:54:50.437+0000][1][safepoint    ] Total time for which application threads were stopped: 0.0007966 seconds, Stopping threads took: 0.0003520 seconds
[2019-10-14T07:54:51.438+0000][1][safepoint    ] Application time: 1.0007786 seconds
[2019-10-14T07:54:51.439+0000][1][safepoint    ] Entering safepoint region: Cleanup
[2019-10-14T07:54:51.441+0000][1][safepoint    ] Leaving safepoint region
[2019-10-14T07:54:51.442+0000][1][safepoint    ] Total time for which application threads were stopped: 0.0022035 seconds, Stopping threads took: 0.0010282 seconds
[2019-10-14T07:54:52.444+0000][1][safepoint    ] Application time: 1.0014702 seconds
[2019-10-14T07:54:52.445+0000][1][safepoint    ] Entering safepoint region: Cleanup
[2019-10-14T07:54:52.446+0000][1][safepoint    ] Leaving safepoint region
[2019-10-14T07:54:52.446+0000][1][safepoint    ] Total time for which application threads were stopped: 0.0012732 seconds, Stopping threads took: 0.0007120 seconds
[2019-10-14T07:54:53.448+0000][1][safepoint    ] Application time: 1.0015836 seconds
[2019-10-14T07:54:53.449+0000][1][safepoint    ] Entering safepoint region: Cleanup
[2019-10-14T07:54:53.451+0000][1][safepoint    ] Leaving safepoint region
[2019-10-14T07:54:53.451+0000][1][safepoint    ] Total time for which application threads were stopped: 0.0020637 seconds, Stopping threads took: 0.0013974 seconds
[2019-10-14T07:54:54.453+0000][1][safepoint    ] Application time: 1.0016523 seconds
[2019-10-14T07:54:54.454+0000][1][safepoint    ] Entering safepoint region: Cleanup
[2019-10-14T07:54:54.455+0000][1][safepoint    ] Leaving safepoint region
[2019-10-14T07:54:54.455+0000][1][safepoint    ] Total time for which application threads were stopped: 0.0012559 seconds, Stopping threads took: 0.0005751 seconds
[2019-10-14T07:54:55.388+0000][1][safepoint    ] Application time: 0.9320446 seconds
[2019-10-14T07:54:55.388+0000][1][safepoint    ] Entering safepoint region: GenCollectForAllocation
[2019-10-14T07:54:55.389+0000][1][gc,start     ] GC(40) Pause Young (Allocation Failure)
[2019-10-14T07:54:55.389+0000][1][gc,task      ] GC(40) Using 2 workers of 2 for evacuation
[2019-10-14T07:54:55.403+0000][1][gc,age       ] GC(40) Desired survivor size 4456448 bytes, new threshold 6 (max threshold 6)
[2019-10-14T07:54:55.406+0000][1][gc,age       ] GC(40) Age table with threshold 6 (max threshold 6)
[2019-10-14T07:54:55.406+0000][1][gc,age       ] GC(40) - age   1:      24640 bytes,      24640 total
[2019-10-14T07:54:55.406+0000][1][gc,age       ] GC(40) - age   2:       4520 bytes,      29160 total
[2019-10-14T07:54:55.407+0000][1][gc,age       ] GC(40) - age   3:     525824 bytes,     554984 total
[2019-10-14T07:54:55.407+0000][1][gc,age       ] GC(40) - age   4:       6776 bytes,     561760 total
[2019-10-14T07:54:55.408+0000][1][gc,age       ] GC(40) - age   5:       2712 bytes,     564472 total
[2019-10-14T07:54:55.408+0000][1][gc,age       ] GC(40) - age   6:       3544 bytes,     568016 total
[2019-10-14T07:54:55.408+0000][1][gc,heap      ] GC(40) ParNew: 70886K->648K(78656K)
[2019-10-14T07:54:55.409+0000][1][gc,heap      ] GC(40) CMS: 72426K->72430K(174784K)
[2019-10-14T07:54:55.409+0000][1][gc,metaspace ] GC(40) Metaspace: 81849K->81849K(1124352K)
[2019-10-14T07:54:55.409+0000][1][gc           ] GC(40) Pause Young (Allocation Failure) 139M->71M(247M) 20.118ms
[2019-10-14T07:54:55.409+0000][1][gc,cpu       ] GC(40) User=0.02s Sys=0.00s Real=0.02s
[2019-10-14T07:54:55.410+0000][1][safepoint    ] Leaving safepoint region
[2019-10-14T07:54:55.410+0000][1][safepoint    ] Total time for which application threads were stopped: 0.0219713 seconds, Stopping threads took: 0.0004679 seconds
[2019-10-14T07:54:56.411+0000][1][safepoint    ] Application time: 1.0003304 seconds
[2019-10-14T07:54:56.412+0000][1][safepoint    ] Entering safepoint region: Cleanup
[2019-10-14T07:54:56.413+0000][1][safepoint    ] Leaving safepoint region
[2019-10-14T07:54:56.413+0000][1][safepoint    ] Total time for which application threads were stopped: 0.0013549 seconds, Stopping threads took: 0.0006687 seconds
[2019-10-14T07:54:57.414+0000][1][safepoint    ] Application time: 1.0001622 seconds
[2019-10-14T07:54:57.415+0000][1][safepoint    ] Entering safepoint region: Cleanup
[2019-10-14T07:54:57.415+0000][1][safepoint    ] Leaving safepoint region
[2019-10-14T07:54:57.416+0000][1][safepoint    ] Total time for which application threads were stopped: 0.0013543 seconds, Stopping threads took: 0.0007189 seconds
[2019-10-14T07:54:58.417+0000][1][safepoint    ] Application time: 1.0009157 seconds
[2019-10-14T07:54:58.418+0000][1][safepoint    ] Entering safepoint region: Cleanup
[2019-10-14T07:54:58.419+0000][1][safepoint    ] Leaving safepoint region
[2019-10-14T07:54:58.420+0000][1][safepoint    ] Total time for which application threads were stopped: 0.0013490 seconds, Stopping threads took: 0.0007011 seconds
[2019-10-14T07:54:59.421+0000][1][safepoint    ] Application time: 1.0003631 seconds
[2019-10-14T07:54:59.422+0000][1][safepoint    ] Entering safepoint region: Cleanup
[2019-10-14T07:54:59.422+0000][1][safepoint    ] Leaving safepoint region
[2019-10-14T07:54:59.423+0000][1][safepoint    ] Total time for which application threads were stopped: 0.0010394 seconds, Stopping threads took: 0.0005334 seconds
[2019-10-14T07:55:00.424+0000][1][safepoint    ] Application time: 1.0006367 seconds
[2019-10-14T07:55:00.425+0000][1][safepoint    ] Entering safepoint region: Cleanup
[2019-10-14T07:55:00.425+0000][1][safepoint    ] Leaving safepoint region
[2019-10-14T07:55:00.425+0000][1][safepoint    ] Total time for which application threads were stopped: 0.0009303 seconds, Stopping threads took: 0.0003841 seconds
[2019-10-14T07:55:01.427+0000][1][safepoint    ] Application time: 1.0011909 seconds
[2019-10-14T07:55:01.428+0000][1][safepoint    ] Entering safepoint region: Cleanup
[2019-10-14T07:55:01.429+0000][1][safepoint    ] Leaving safepoint region
[2019-10-14T07:55:01.429+0000][1][safepoint    ] Total time for which application threads were stopped: 0.0012183 seconds, Stopping threads took: 0.0006816 seconds
[2019-10-14T07:55:02.431+0000][1][safepoint    ] Application time: 1.0013201 seconds
[2019-10-14T07:55:02.432+0000][1][safepoint    ] Entering safepoint region: Cleanup
[2019-10-14T07:55:02.433+0000][1][safepoint    ] Leaving safepoint region
[2019-10-14T07:55:02.434+0000][1][safepoint    ] Total time for which application threads were stopped: 0.0017568 seconds, Stopping threads took: 0.0008882 seconds
[2019-10-14T07:55:03.414+0000][1][safepoint    ] Application time: 1.0021570 seconds
[2019-10-14T07:55:03.415+0000][1][safepoint    ] Entering safepoint region: Cleanup
[2019-10-14T07:55:03.416+0000][1][safepoint    ] Leaving safepoint region
[2019-10-14T07:55:03.416+0000][1][safepoint    ] Total time for which application threads were stopped: 0.0012292 seconds, Stopping threads took: 0.0006242 seconds
[2019-10-14T07:55:04.418+0000][1][safepoint    ] Application time: 1.0018598 seconds
[2019-10-14T07:55:04.419+0000][1][safepoint    ] Entering safepoint region: Cleanup
[2019-10-14T07:55:04.420+0000][1][safepoint    ] Leaving safepoint region
[2019-10-14T07:55:04.421+0000][1][safepoint    ] Total time for which application threads were stopped: 0.0017614 seconds, Stopping threads took: 0.0009471 seconds
[2019-10-14T07:55:05.423+0000][1][safepoint    ] Application time: 1.0009639 seconds
[2019-10-14T07:55:05.423+0000][1][safepoint    ] Entering safepoint region: Cleanup
[2019-10-14T07:55:05.424+0000][1][safepoint    ] Leaving safepoint region
[2019-10-14T07:55:05.425+0000][1][safepoint    ] Total time for which application threads were stopped: 0.0011637 seconds, Stopping threads took: 0.0005615 seconds
[2019-10-14T07:55:06.425+0000][1][safepoint    ] Application time: 1.0003217 seconds
[2019-10-14T07:55:06.426+0000][1][safepoint    ] Entering safepoint region: Cleanup
[2019-10-14T07:55:06.427+0000][1][safepoint    ] Leaving safepoint region
[2019-10-14T07:55:06.428+0000][1][safepoint    ] Total time for which application threads were stopped: 0.0019772 seconds, Stopping threads took: 0.0007025 seconds
[2019-10-14T07:55:07.429+0000][1][safepoint    ] Application time: 1.0003384 seconds
[2019-10-14T07:55:07.431+0000][1][safepoint    ] Entering safepoint region: Cleanup
[2019-10-14T07:55:07.432+0000][1][safepoint    ] Leaving safepoint region
[2019-10-14T07:55:07.432+0000][1][safepoint    ] Total time for which application threads were stopped: 0.0014213 seconds, Stopping threads took: 0.0007832 seconds
[2019-10-14T07:55:08.433+0000][1][safepoint    ] Application time: 1.0002515 seconds
[2019-10-14T07:55:08.434+0000][1][safepoint    ] Entering safepoint region: Cleanup
[2019-10-14T07:55:08.436+0000][1][safepoint    ] Leaving safepoint region
[2019-10-14T07:55:08.436+0000][1][safepoint    ] Total time for which application threads were stopped: 0.0019361 seconds, Stopping threads took: 0.0011344 seconds
[2019-10-14T07:55:09.443+0000][1][safepoint    ] Application time: 1.0060024 seconds
[2019-10-14T07:55:09.445+0000][1][safepoint    ] Entering safepoint region: Cleanup
[2019-10-14T07:55:09.446+0000][1][safepoint    ] Leaving safepoint region
[2019-10-14T07:55:09.449+0000][1][safepoint    ] Total time for which application threads were stopped: 0.0038567 seconds, Stopping threads took: 0.0012529 seconds
[2019-10-14T07:55:10.452+0000][1][safepoint    ] Application time: 1.0008720 seconds
[2019-10-14T07:55:10.453+0000][1][safepoint    ] Entering safepoint region: Cleanup
[2019-10-14T07:55:10.454+0000][1][safepoint    ] Leaving safepoint region
[2019-10-14T07:55:10.455+0000][1][safepoint    ] Total time for which application threads were stopped: 0.0016322 seconds, Stopping threads took: 0.0007994 seconds
[2019-10-14T07:55:11.265+0000][1][safepoint    ] Application time: 0.8095637 seconds
[2019-10-14T07:55:11.270+0000][1][safepoint    ] Entering safepoint region: RevokeBias
[2019-10-14T07:55:11.271+0000][1][safepoint    ] Leaving safepoint region
[2019-10-14T07:55:11.271+0000][1][safepoint    ] Total time for which application threads were stopped: 0.0011518 seconds, Stopping threads took: 0.0004624 seconds
[2019-10-14T07:55:12.272+0000][1][safepoint    ] Application time: 1.0005103 seconds
[2019-10-14T07:55:12.273+0000][1][safepoint    ] Entering safepoint region: Cleanup
[2019-10-14T07:55:12.273+0000][1][safepoint    ] Leaving safepoint region
[2019-10-14T07:55:12.274+0000][1][safepoint    ] Total time for which application threads were stopped: 0.0013707 seconds, Stopping threads took: 0.0006406 seconds
[2019-10-14T07:55:13.275+0000][1][safepoint    ] Application time: 1.0009355 seconds
[2019-10-14T07:55:13.277+0000][1][safepoint    ] Entering safepoint region: Cleanup
[2019-10-14T07:55:13.278+0000][1][safepoint    ] Leaving safepoint region
[2019-10-14T07:55:13.278+0000][1][safepoint    ] Total time for which application threads were stopped: 0.0015958 seconds, Stopping threads took: 0.0008119 seconds
[2019-10-14T07:55:14.280+0000][1][safepoint    ] Application time: 1.0012327 seconds
[2019-10-14T07:55:14.281+0000][1][safepoint    ] Entering safepoint region: Cleanup
[2019-10-14T07:55:14.282+0000][1][safepoint    ] Leaving safepoint region
[2019-10-14T07:55:14.282+0000][1][safepoint    ] Total time for which application threads were stopped: 0.0013037 seconds, Stopping threads took: 0.0006756 seconds
[2019-10-14T07:55:15.283+0000][1][safepoint    ] Application time: 1.0002576 seconds
[2019-10-14T07:55:15.284+0000][1][safepoint    ] Entering safepoint region: Cleanup
[2019-10-14T07:55:15.284+0000][1][safepoint    ] Leaving safepoint region
[2019-10-14T07:55:15.285+0000][1][safepoint    ] Total time for which application threads were stopped: 0.0010955 seconds, Stopping threads took: 0.0004629 seconds
[2019-10-14T07:55:16.289+0000][1][safepoint    ] Application time: 1.0033483 seconds
[2019-10-14T07:55:16.289+0000][1][safepoint    ] Entering safepoint region: Cleanup
[2019-10-14T07:55:16.290+0000][1][safepoint    ] Leaving safepoint region
[2019-10-14T07:55:16.290+0000][1][safepoint    ] Total time for which application threads were stopped: 0.0009047 seconds, Stopping threads took: 0.0004044 seconds
[2019-10-14T07:55:17.291+0000][1][safepoint    ] Application time: 1.0002729 seconds
[2019-10-14T07:55:17.292+0000][1][safepoint    ] Entering safepoint region: Cleanup
[2019-10-14T07:55:17.293+0000][1][safepoint    ] Leaving safepoint region
[2019-10-14T07:55:17.293+0000][1][safepoint    ] Total time for which application threads were stopped: 0.0013808 seconds, Stopping threads took: 0.0007830 seconds
[2019-10-14T07:55:18.294+0000][1][safepoint    ] Application time: 1.0004278 seconds
[2019-10-14T07:55:18.295+0000][1][safepoint    ] Entering safepoint region: Cleanup
[2019-10-14T07:55:18.296+0000][1][safepoint    ] Leaving safepoint region
[2019-10-14T07:55:18.297+0000][1][safepoint    ] Total time for which application threads were stopped: 0.0015828 seconds, Stopping threads took: 0.0008025 seconds
[2019-10-14T07:55:19.299+0000][1][safepoint    ] Application time: 1.0017908 seconds
[2019-10-14T07:55:19.300+0000][1][safepoint    ] Entering safepoint region: Cleanup
[2019-10-14T07:55:19.300+0000][1][safepoint    ] Leaving safepoint region
[2019-10-14T07:55:19.301+0000][1][safepoint    ] Total time for which application threads were stopped: 0.0010285 seconds, Stopping threads took: 0.0004709 seconds
[2019-10-14T07:55:20.752+0000][1][safepoint    ] Application time: 1.4503205 seconds
[2019-10-14T07:55:20.760+0000][1][safepoint    ] Entering safepoint region: Cleanup
[2019-10-14T07:55:20.762+0000][1][safepoint    ] Leaving safepoint region
[2019-10-14T07:55:20.764+0000][1][safepoint    ] Total time for which application threads were stopped: 0.0036182 seconds, Stopping threads took: 0.0021639 seconds
[2019-10-14T07:55:21.765+0000][1][safepoint    ] Application time: 1.0001686 seconds
[2019-10-14T07:55:21.767+0000][1][safepoint    ] Entering safepoint region: Cleanup
[2019-10-14T07:55:21.769+0000][1][safepoint    ] Leaving safepoint region
[2019-10-14T07:55:21.770+0000][1][safepoint    ] Total time for which application threads were stopped: 0.0026410 seconds, Stopping threads took: 0.0021675 seconds
[2019-10-14T07:55:22.773+0000][1][safepoint    ] Application time: 1.0030126 seconds
[2019-10-14T07:55:22.779+0000][1][safepoint    ] Entering safepoint region: Cleanup
[2019-10-14T07:55:22.779+0000][1][safepoint    ] Leaving safepoint region
[2019-10-14T07:55:22.780+0000][1][safepoint    ] Total time for which application threads were stopped: 0.0008604 seconds, Stopping threads took: 0.0004231 seconds
[2019-10-14T07:55:23.780+0000][1][safepoint    ] Application time: 1.0001514 seconds
[2019-10-14T07:55:23.781+0000][1][safepoint    ] Entering safepoint region: Cleanup
[2019-10-14T07:55:23.781+0000][1][safepoint    ] Leaving safepoint region
[2019-10-14T07:55:23.782+0000][1][safepoint    ] Total time for which application threads were stopped: 0.0009508 seconds, Stopping threads took: 0.0004067 seconds
[2019-10-14T07:55:24.783+0000][1][safepoint    ] Application time: 1.0005378 seconds
[2019-10-14T07:55:24.783+0000][1][safepoint    ] Entering safepoint region: Cleanup
[2019-10-14T07:55:24.784+0000][1][safepoint    ] Leaving safepoint region
[2019-10-14T07:55:24.791+0000][1][safepoint    ] Total time for which application threads were stopped: 0.0076841 seconds, Stopping threads took: 0.0005323 seconds
[2019-10-14T07:55:25.792+0000][1][safepoint    ] Application time: 1.0003287 seconds
[2019-10-14T07:55:25.793+0000][1][safepoint    ] Entering safepoint region: Cleanup
[2019-10-14T07:55:25.794+0000][1][safepoint    ] Leaving safepoint region
[2019-10-14T07:55:25.795+0000][1][safepoint    ] Total time for which application threads were stopped: 0.0025358 seconds, Stopping threads took: 0.0015767 seconds
[2019-10-14T07:55:26.796+0000][1][safepoint    ] Application time: 1.0000905 seconds
[2019-10-14T07:55:26.797+0000][1][safepoint    ] Entering safepoint region: Cleanup
[2019-10-14T07:55:26.798+0000][1][safepoint    ] Leaving safepoint region
[2019-10-14T07:55:26.801+0000][1][safepoint    ] Total time for which application threads were stopped: 0.0045522 seconds, Stopping threads took: 0.0007829 seconds
[2019-10-14T07:55:27.802+0000][1][safepoint    ] Application time: 1.0001653 seconds
[2019-10-14T07:55:27.803+0000][1][safepoint    ] Entering safepoint region: Cleanup
[2019-10-14T07:55:27.804+0000][1][safepoint    ] Leaving safepoint region
[2019-10-14T07:55:27.804+0000][1][safepoint    ] Total time for which application threads were stopped: 0.0013817 seconds, Stopping threads took: 0.0009145 seconds
[2019-10-14T07:55:28.805+0000][1][safepoint    ] Application time: 1.0004153 seconds
[2019-10-14T07:55:28.806+0000][1][safepoint    ] Entering safepoint region: Cleanup
[2019-10-14T07:55:28.806+0000][1][safepoint    ] Leaving safepoint region
[2019-10-14T07:55:28.807+0000][1][safepoint    ] Total time for which application threads were stopped: 0.0011361 seconds, Stopping threads took: 0.0004469 seconds
[2019-10-14T07:55:29.808+0000][1][safepoint    ] Application time: 1.0004376 seconds
[2019-10-14T07:55:29.808+0000][1][safepoint    ] Entering safepoint region: Cleanup
[2019-10-14T07:55:29.809+0000][1][safepoint    ] Leaving safepoint region
[2019-10-14T07:55:29.809+0000][1][safepoint    ] Total time for which application threads were stopped: 0.0007930 seconds, Stopping threads took: 0.0003865 seconds
[2019-10-14T07:55:30.810+0000][1][safepoint    ] Application time: 1.0001576 seconds
[2019-10-14T07:55:30.810+0000][1][safepoint    ] Entering safepoint region: Cleanup
[2019-10-14T07:55:30.811+0000][1][safepoint    ] Leaving safepoint region
[2019-10-14T07:55:30.812+0000][1][safepoint    ] Total time for which application threads were stopped: 0.0020532 seconds, Stopping threads took: 0.0004525 seconds
[2019-10-14T07:55:31.818+0000][1][safepoint    ] Application time: 1.0044297 seconds
[2019-10-14T07:55:31.818+0000][1][safepoint    ] Entering safepoint region: Cleanup
[2019-10-14T07:55:31.819+0000][1][safepoint    ] Leaving safepoint region
[2019-10-14T07:55:31.819+0000][1][safepoint    ] Total time for which application threads were stopped: 0.0007188 seconds, Stopping threads took: 0.0003297 seconds
[2019-10-14T07:55:32.820+0000][1][safepoint    ] Application time: 1.0001485 seconds
[2019-10-14T07:55:32.820+0000][1][safepoint    ] Entering safepoint region: Cleanup
[2019-10-14T07:55:32.821+0000][1][safepoint    ] Leaving safepoint region
[2019-10-14T07:55:32.821+0000][1][safepoint    ] Total time for which application threads were stopped: 0.0009066 seconds, Stopping threads took: 0.0004798 seconds
[2019-10-14T07:55:33.800+0000][1][safepoint    ] Application time: 1.0001152 seconds
[2019-10-14T07:55:33.801+0000][1][safepoint    ] Entering safepoint region: Cleanup
[2019-10-14T07:55:33.801+0000][1][safepoint    ] Leaving safepoint region
[2019-10-14T07:55:33.802+0000][1][safepoint    ] Total time for which application threads were stopped: 0.0010171 seconds, Stopping threads took: 0.0004738 seconds
[2019-10-14T07:55:34.802+0000][1][safepoint    ] Application time: 1.0002035 seconds
[2019-10-14T07:55:34.806+0000][1][safepoint    ] Entering safepoint region: Cleanup
[2019-10-14T07:55:34.809+0000][1][safepoint    ] Leaving safepoint region
[2019-10-14T07:55:34.810+0000][1][safepoint    ] Total time for which application threads were stopped: 0.0041048 seconds, Stopping threads took: 0.0030868 seconds
[2019-10-14T07:55:35.815+0000][1][safepoint    ] Application time: 1.0002181 seconds
[2019-10-14T07:55:35.816+0000][1][safepoint    ] Entering safepoint region: Cleanup
[2019-10-14T07:55:35.817+0000][1][safepoint    ] Leaving safepoint region
[2019-10-14T07:55:35.817+0000][1][safepoint    ] Total time for which application threads were stopped: 0.0008209 seconds, Stopping threads took: 0.0004120 seconds
[2019-10-14T07:55:36.817+0000][1][safepoint    ] Application time: 1.0002200 seconds
[2019-10-14T07:55:36.818+0000][1][safepoint    ] Entering safepoint region: Cleanup
[2019-10-14T07:55:36.818+0000][1][safepoint    ] Leaving safepoint region
[2019-10-14T07:55:36.819+0000][1][safepoint    ] Total time for which application threads were stopped: 0.0008932 seconds, Stopping threads took: 0.0003313 seconds
[2019-10-14T07:55:37.819+0000][1][safepoint    ] Application time: 1.0001478 seconds
[2019-10-14T07:55:37.820+0000][1][safepoint    ] Entering safepoint region: Cleanup
[2019-10-14T07:55:37.821+0000][1][safepoint    ] Leaving safepoint region
[2019-10-14T07:55:37.822+0000][1][safepoint    ] Total time for which application threads were stopped: 0.0016188 seconds, Stopping threads took: 0.0006825 seconds
[2019-10-14T07:55:38.823+0000][1][safepoint    ] Application time: 1.0005759 seconds
[2019-10-14T07:55:38.828+0000][1][safepoint    ] Entering safepoint region: Cleanup
[2019-10-14T07:55:38.832+0000][1][safepoint    ] Leaving safepoint region
[2019-10-14T07:55:38.833+0000][1][safepoint    ] Total time for which application threads were stopped: 0.0054266 seconds, Stopping threads took: 0.0039310 seconds
[2019-10-14T07:55:39.835+0000][1][safepoint    ] Application time: 1.0009269 seconds
[2019-10-14T07:55:39.837+0000][1][safepoint    ] Entering safepoint region: Cleanup
[2019-10-14T07:55:39.838+0000][1][safepoint    ] Leaving safepoint region
[2019-10-14T07:55:39.840+0000][1][safepoint    ] Total time for which application threads were stopped: 0.0030045 seconds, Stopping threads took: 0.0011145 seconds
[2019-10-14T07:55:40.842+0000][1][safepoint    ] Application time: 1.0001773 seconds
[2019-10-14T07:55:40.842+0000][1][safepoint    ] Entering safepoint region: Cleanup
[2019-10-14T07:55:40.844+0000][1][safepoint    ] Leaving safepoint region
[2019-10-14T07:55:40.845+0000][1][safepoint    ] Total time for which application threads were stopped: 0.0026093 seconds, Stopping threads took: 0.0019281 seconds
[2019-10-14T07:55:41.846+0000][1][safepoint    ] Application time: 1.0001505 seconds
[2019-10-14T07:55:41.846+0000][1][safepoint    ] Entering safepoint region: Cleanup
[2019-10-14T07:55:41.847+0000][1][safepoint    ] Leaving safepoint region
[2019-10-14T07:55:41.847+0000][1][safepoint    ] Total time for which application threads were stopped: 0.0009430 seconds, Stopping threads took: 0.0003527 seconds
[2019-10-14T07:55:42.848+0000][1][safepoint    ] Application time: 1.0001692 seconds
[2019-10-14T07:55:42.849+0000][1][safepoint    ] Entering safepoint region: Cleanup
[2019-10-14T07:55:42.850+0000][1][safepoint    ] Leaving safepoint region
[2019-10-14T07:55:42.851+0000][1][safepoint    ] Total time for which application threads were stopped: 0.0022411 seconds, Stopping threads took: 0.0009372 seconds
[2019-10-14T07:55:43.857+0000][1][safepoint    ] Application time: 1.0051189 seconds
[2019-10-14T07:55:43.870+0000][1][safepoint    ] Entering safepoint region: Cleanup
[2019-10-14T07:55:43.872+0000][1][safepoint    ] Leaving safepoint region
[2019-10-14T07:55:43.874+0000][1][safepoint    ] Total time for which application threads were stopped: 0.0047094 seconds, Stopping threads took: 0.0026742 seconds
[2019-10-14T07:55:44.875+0000][1][safepoint    ] Application time: 1.0004464 seconds
[2019-10-14T07:55:44.876+0000][1][safepoint    ] Entering safepoint region: Cleanup
[2019-10-14T07:55:44.877+0000][1][safepoint    ] Leaving safepoint region
[2019-10-14T07:55:44.878+0000][1][safepoint    ] Total time for which application threads were stopped: 0.0014579 seconds, Stopping threads took: 0.0006569 seconds
[2019-10-14T07:55:45.879+0000][1][safepoint    ] Application time: 1.0001364 seconds
[2019-10-14T07:55:45.880+0000][1][safepoint    ] Entering safepoint region: Cleanup
[2019-10-14T07:55:45.881+0000][1][safepoint    ] Leaving safepoint region
[2019-10-14T07:55:45.881+0000][1][safepoint    ] Total time for which application threads were stopped: 0.0009654 seconds, Stopping threads took: 0.0005203 seconds
[2019-10-14T07:55:46.882+0000][1][safepoint    ] Application time: 1.0004098 seconds
[2019-10-14T07:55:46.882+0000][1][safepoint    ] Entering safepoint region: Cleanup
[2019-10-14T07:55:46.883+0000][1][safepoint    ] Leaving safepoint region
[2019-10-14T07:55:46.883+0000][1][safepoint    ] Total time for which application threads were stopped: 0.0010967 seconds, Stopping threads took: 0.0005591 seconds
[2019-10-14T07:55:47.884+0000][1][safepoint    ] Application time: 1.0002025 seconds
[2019-10-14T07:55:47.885+0000][1][safepoint    ] Entering safepoint region: Cleanup
[2019-10-14T07:55:47.885+0000][1][safepoint    ] Leaving safepoint region
[2019-10-14T07:55:47.886+0000][1][safepoint    ] Total time for which application threads were stopped: 0.0010669 seconds, Stopping threads took: 0.0004517 seconds
[2019-10-14T07:55:48.888+0000][1][safepoint    ] Application time: 1.0001860 seconds
[2019-10-14T07:55:48.889+0000][1][safepoint    ] Entering safepoint region: Cleanup
[2019-10-14T07:55:48.890+0000][1][safepoint    ] Leaving safepoint region
[2019-10-14T07:55:48.890+0000][1][safepoint    ] Total time for which application threads were stopped: 0.0009630 seconds, Stopping threads took: 0.0004759 seconds
[2019-10-14T07:55:49.891+0000][1][safepoint    ] Application time: 1.0008359 seconds
[2019-10-14T07:55:49.892+0000][1][safepoint    ] Entering safepoint region: Cleanup
[2019-10-14T07:55:49.893+0000][1][safepoint    ] Leaving safepoint region
[2019-10-14T07:55:49.893+0000][1][safepoint    ] Total time for which application threads were stopped: 0.0010926 seconds, Stopping threads took: 0.0005323 seconds
[2019-10-14T07:55:50.895+0000][1][safepoint    ] Application time: 1.0012156 seconds
[2019-10-14T07:55:50.896+0000][1][safepoint    ] Entering safepoint region: Cleanup
[2019-10-14T07:55:50.896+0000][1][safepoint    ] Leaving safepoint region
[2019-10-14T07:55:50.897+0000][1][safepoint    ] Total time for which application threads were stopped: 0.0011234 seconds, Stopping threads took: 0.0006611 seconds
[2019-10-14T07:55:51.899+0000][1][safepoint    ] Application time: 1.0013515 seconds
[2019-10-14T07:55:51.901+0000][1][safepoint    ] Entering safepoint region: Cleanup
[2019-10-14T07:55:51.902+0000][1][safepoint    ] Leaving safepoint region
[2019-10-14T07:55:51.902+0000][1][safepoint    ] Total time for which application threads were stopped: 0.0013098 seconds, Stopping threads took: 0.0008109 seconds
[2019-10-14T07:55:52.903+0000][1][safepoint    ] Application time: 1.0006118 seconds
[2019-10-14T07:55:52.904+0000][1][safepoint    ] Entering safepoint region: Cleanup
[2019-10-14T07:55:52.905+0000][1][safepoint    ] Leaving safepoint region
[2019-10-14T07:55:52.905+0000][1][safepoint    ] Total time for which application threads were stopped: 0.0012033 seconds, Stopping threads took: 0.0006585 seconds
[2019-10-14T07:55:53.906+0000][1][safepoint    ] Application time: 1.0001738 seconds
[2019-10-14T07:55:53.906+0000][1][safepoint    ] Entering safepoint region: Cleanup
[2019-10-14T07:55:53.907+0000][1][safepoint    ] Leaving safepoint region
[2019-10-14T07:55:53.909+0000][1][safepoint    ] Total time for which application threads were stopped: 0.0029065 seconds, Stopping threads took: 0.0007875 seconds
[2019-10-14T07:55:54.910+0000][1][safepoint    ] Application time: 1.0002050 seconds
[2019-10-14T07:55:54.911+0000][1][safepoint    ] Entering safepoint region: Cleanup
[2019-10-14T07:55:54.911+0000][1][safepoint    ] Leaving safepoint region
[2019-10-14T07:55:54.912+0000][1][safepoint    ] Total time for which application threads were stopped: 0.0008921 seconds, Stopping threads took: 0.0004809 seconds
[2019-10-14T07:55:55.913+0000][1][safepoint    ] Application time: 1.0004161 seconds
[2019-10-14T07:55:55.913+0000][1][safepoint    ] Entering safepoint region: Cleanup
[2019-10-14T07:55:55.914+0000][1][safepoint    ] Leaving safepoint region
[2019-10-14T07:55:55.914+0000][1][safepoint    ] Total time for which application threads were stopped: 0.0007762 seconds, Stopping threads took: 0.0003587 seconds
[2019-10-14T07:55:56.914+0000][1][safepoint    ] Application time: 1.0001094 seconds
[2019-10-14T07:55:56.915+0000][1][safepoint    ] Entering safepoint region: Cleanup
[2019-10-14T07:55:56.916+0000][1][safepoint    ] Leaving safepoint region
[2019-10-14T07:55:56.916+0000][1][safepoint    ] Total time for which application threads were stopped: 0.0008630 seconds, Stopping threads took: 0.0004894 seconds
[2019-10-14T07:55:57.917+0000][1][safepoint    ] Application time: 1.0001360 seconds
[2019-10-14T07:55:57.917+0000][1][safepoint    ] Entering safepoint region: Cleanup
[2019-10-14T07:55:57.918+0000][1][safepoint    ] Leaving safepoint region
[2019-10-14T07:55:57.919+0000][1][safepoint    ] Total time for which application threads were stopped: 0.0020883 seconds, Stopping threads took: 0.0005970 seconds
[2019-10-14T07:55:58.921+0000][1][safepoint    ] Application time: 1.0014238 seconds
[2019-10-14T07:55:58.922+0000][1][safepoint    ] Entering safepoint region: Cleanup
[2019-10-14T07:55:58.923+0000][1][safepoint    ] Leaving safepoint region
[2019-10-14T07:55:58.923+0000][1][safepoint    ] Total time for which application threads were stopped: 0.0007275 seconds, Stopping threads took: 0.0003816 seconds
[2019-10-14T07:55:59.925+0000][1][safepoint    ] Application time: 1.0011832 seconds
[2019-10-14T07:55:59.925+0000][1][safepoint    ] Entering safepoint region: Cleanup
[2019-10-14T07:55:59.926+0000][1][safepoint    ] Leaving safepoint region
[2019-10-14T07:55:59.927+0000][1][safepoint    ] Total time for which application threads were stopped: 0.0013259 seconds, Stopping threads took: 0.0004895 seconds
[2019-10-14T07:56:00.930+0000][1][safepoint    ] Application time: 1.0030610 seconds
[2019-10-14T07:56:00.936+0000][1][safepoint    ] Entering safepoint region: Cleanup
[2019-10-14T07:56:00.943+0000][1][safepoint    ] Leaving safepoint region
[2019-10-14T07:56:00.944+0000][1][safepoint    ] Total time for which application threads were stopped: 0.0080329 seconds, Stopping threads took: 0.0067858 seconds
[2019-10-14T07:56:01.945+0000][1][safepoint    ] Application time: 1.0001636 seconds
[2019-10-14T07:56:01.945+0000][1][safepoint    ] Entering safepoint region: Cleanup
[2019-10-14T07:56:01.946+0000][1][safepoint    ] Leaving safepoint region
[2019-10-14T07:56:01.946+0000][1][safepoint    ] Total time for which application threads were stopped: 0.0010373 seconds, Stopping threads took: 0.0004094 seconds
[2019-10-14T07:56:02.947+0000][1][safepoint    ] Application time: 1.0005812 seconds
[2019-10-14T07:56:02.948+0000][1][safepoint    ] Entering safepoint region: Cleanup
[2019-10-14T07:56:02.949+0000][1][safepoint    ] Leaving safepoint region
[2019-10-14T07:56:02.949+0000][1][safepoint    ] Total time for which application threads were stopped: 0.0009100 seconds, Stopping threads took: 0.0004483 seconds
[2019-10-14T07:56:03.930+0000][1][safepoint    ] Application time: 1.0013408 seconds
[2019-10-14T07:56:03.931+0000][1][safepoint    ] Entering safepoint region: Cleanup
[2019-10-14T07:56:03.932+0000][1][safepoint    ] Leaving safepoint region
[2019-10-14T07:56:03.933+0000][1][safepoint    ] Total time for which application threads were stopped: 0.0017964 seconds, Stopping threads took: 0.0008659 seconds
[2019-10-14T07:56:04.934+0000][1][safepoint    ] Application time: 1.0002183 seconds
[2019-10-14T07:56:04.935+0000][1][safepoint    ] Entering safepoint region: Cleanup
[2019-10-14T07:56:04.935+0000][1][safepoint    ] Leaving safepoint region
[2019-10-14T07:56:04.937+0000][1][safepoint    ] Total time for which application threads were stopped: 0.0021874 seconds, Stopping threads took: 0.0004853 seconds
[2019-10-14T07:56:05.764+0000][1][safepoint    ] Application time: 0.8260981 seconds
[2019-10-14T07:56:05.765+0000][1][safepoint    ] Entering safepoint region: RevokeBias
[2019-10-14T07:56:05.766+0000][1][safepoint    ] Leaving safepoint region
[2019-10-14T07:56:05.767+0000][1][safepoint    ] Total time for which application threads were stopped: 0.0014676 seconds, Stopping threads took: 0.0008901 seconds
[2019-10-14T07:56:05.767+0000][1][safepoint    ] Application time: 0.0000883 seconds
[2019-10-14T07:56:05.768+0000][1][safepoint    ] Entering safepoint region: RevokeBias
[2019-10-14T07:56:05.768+0000][1][safepoint    ] Leaving safepoint region
[2019-10-14T07:56:05.769+0000][1][safepoint    ] Total time for which application threads were stopped: 0.0009417 seconds, Stopping threads took: 0.0003796 seconds
[2019-10-14T07:56:05.806+0000][1][safepoint    ] Application time: 0.0367039 seconds
[2019-10-14T07:56:05.806+0000][1][safepoint    ] Entering safepoint region: RevokeBias
[2019-10-14T07:56:05.807+0000][1][safepoint    ] Leaving safepoint region
[2019-10-14T07:56:05.808+0000][1][safepoint    ] Total time for which application threads were stopped: 0.0020014 seconds, Stopping threads took: 0.0005173 seconds
[2019-10-14T07:56:05.991+0000][1][safepoint    ] Application time: 0.1823079 seconds
[2019-10-14T07:56:05.995+0000][1][safepoint    ] Entering safepoint region: RevokeBias
[2019-10-14T07:56:06.001+0000][1][safepoint    ] Leaving safepoint region
[2019-10-14T07:56:06.003+0000][1][safepoint    ] Total time for which application threads were stopped: 0.0078205 seconds, Stopping threads took: 0.0060665 seconds
[2019-10-14T07:56:06.005+0000][1][safepoint    ] Application time: 0.0000710 seconds
[2019-10-14T07:56:06.006+0000][1][safepoint    ] Entering safepoint region: RevokeBias
[2019-10-14T07:56:06.007+0000][1][safepoint    ] Leaving safepoint region
[2019-10-14T07:56:06.008+0000][1][safepoint    ] Total time for which application threads were stopped: 0.0024189 seconds, Stopping threads took: 0.0010021 seconds
[2019-10-14T07:56:06.011+0000][1][safepoint    ] Application time: 0.0007845 seconds
[2019-10-14T07:56:06.013+0000][1][safepoint    ] Entering safepoint region: RevokeBias
[2019-10-14T07:56:06.016+0000][1][safepoint    ] Leaving safepoint region
[2019-10-14T07:56:06.030+0000][1][safepoint    ] Total time for which application threads were stopped: 0.0164947 seconds, Stopping threads took: 0.0029932 seconds
[2019-10-14T07:56:06.131+0000][1][safepoint    ] Application time: 0.1001055 seconds
[2019-10-14T07:56:06.143+0000][1][safepoint    ] Entering safepoint region: RevokeBias
[2019-10-14T07:56:06.144+0000][1][safepoint    ] Leaving safepoint region
[2019-10-14T07:56:06.145+0000][1][safepoint    ] Total time for which application threads were stopped: 0.0021100 seconds, Stopping threads took: 0.0010865 seconds
[2019-10-14T07:56:06.146+0000][1][safepoint    ] Application time: 0.0003270 seconds
[2019-10-14T07:56:06.148+0000][1][safepoint    ] Entering safepoint region: RevokeBias
[2019-10-14T07:56:06.149+0000][1][safepoint    ] Leaving safepoint region
[2019-10-14T07:56:06.150+0000][1][safepoint    ] Total time for which application threads were stopped: 0.0022469 seconds, Stopping threads took: 0.0008984 seconds
[2019-10-14T07:56:07.154+0000][1][safepoint    ] Application time: 1.0021811 seconds
[2019-10-14T07:56:07.155+0000][1][safepoint    ] Entering safepoint region: Cleanup
[2019-10-14T07:56:07.157+0000][1][safepoint    ] Leaving safepoint region
[2019-10-14T07:56:07.158+0000][1][safepoint    ] Total time for which application threads were stopped: 0.0032404 seconds, Stopping threads took: 0.0017351 seconds
[2019-10-14T07:56:08.163+0000][1][safepoint    ] Application time: 1.0050114 seconds
[2019-10-14T07:56:08.166+0000][1][safepoint    ] Entering safepoint region: Cleanup
[2019-10-14T07:56:08.167+0000][1][safepoint    ] Leaving safepoint region
[2019-10-14T07:56:08.168+0000][1][safepoint    ] Total time for which application threads were stopped: 0.0019978 seconds, Stopping threads took: 0.0012708 seconds
[2019-10-14T07:56:09.171+0000][1][safepoint    ] Application time: 1.0026540 seconds
[2019-10-14T07:56:09.185+0000][1][safepoint    ] Entering safepoint region: Cleanup
[2019-10-14T07:56:09.186+0000][1][safepoint    ] Leaving safepoint region
[2019-10-14T07:56:09.188+0000][1][safepoint    ] Total time for which application threads were stopped: 0.0028745 seconds, Stopping threads took: 0.0013457 seconds
[2019-10-14T07:56:10.189+0000][1][safepoint    ] Application time: 1.0008144 seconds
[2019-10-14T07:56:10.190+0000][1][safepoint    ] Entering safepoint region: Cleanup
[2019-10-14T07:56:10.191+0000][1][safepoint    ] Leaving safepoint region
[2019-10-14T07:56:10.192+0000][1][safepoint    ] Total time for which application threads were stopped: 0.0015802 seconds, Stopping threads took: 0.0006987 seconds
[2019-10-14T07:56:11.147+0000][1][safepoint    ] Application time: 0.9554064 seconds
[2019-10-14T07:56:11.149+0000][1][safepoint    ] Entering safepoint region: RevokeBias
[2019-10-14T07:56:11.151+0000][1][safepoint    ] Leaving safepoint region
[2019-10-14T07:56:11.153+0000][1][safepoint    ] Total time for which application threads were stopped: 0.0041317 seconds, Stopping threads took: 0.0018169 seconds
[2019-10-14T07:56:11.154+0000][1][safepoint    ] Application time: 0.0001446 seconds
[2019-10-14T07:56:11.157+0000][1][safepoint    ] Entering safepoint region: RevokeBias
[2019-10-14T07:56:11.158+0000][1][safepoint    ] Leaving safepoint region
[2019-10-14T07:56:11.161+0000][1][safepoint    ] Total time for which application threads were stopped: 0.0042910 seconds, Stopping threads took: 0.0016602 seconds
[2019-10-14T07:56:11.164+0000][1][safepoint    ] Application time: 0.0000915 seconds
[2019-10-14T07:56:11.165+0000][1][safepoint    ] Entering safepoint region: RevokeBias
[2019-10-14T07:56:11.165+0000][1][safepoint    ] Leaving safepoint region
[2019-10-14T07:56:11.166+0000][1][safepoint    ] Total time for which application threads were stopped: 0.0010410 seconds, Stopping threads took: 0.0004518 seconds
[2019-10-14T07:56:11.166+0000][1][safepoint    ] Application time: 0.0000497 seconds
[2019-10-14T07:56:11.168+0000][1][safepoint    ] Entering safepoint region: RevokeBias
[2019-10-14T07:56:11.169+0000][1][safepoint    ] Leaving safepoint region
[2019-10-14T07:56:11.169+0000][1][safepoint    ] Total time for which application threads were stopped: 0.0020118 seconds, Stopping threads took: 0.0012646 seconds
[2019-10-14T07:56:11.170+0000][1][safepoint    ] Application time: 0.0001942 seconds
[2019-10-14T07:56:11.172+0000][1][safepoint    ] Entering safepoint region: RevokeBias
[2019-10-14T07:56:11.172+0000][1][safepoint    ] Leaving safepoint region
[2019-10-14T07:56:11.173+0000][1][safepoint    ] Total time for which application threads were stopped: 0.0010236 seconds, Stopping threads took: 0.0005854 seconds
[2019-10-14T07:56:11.326+0000][1][safepoint    ] Application time: 0.1532728 seconds
[2019-10-14T07:56:11.327+0000][1][safepoint    ] Entering safepoint region: RevokeBias
[2019-10-14T07:56:11.328+0000][1][safepoint    ] Leaving safepoint region
[2019-10-14T07:56:11.328+0000][1][safepoint    ] Total time for which application threads were stopped: 0.0008635 seconds, Stopping threads took: 0.0004072 seconds
[2019-10-14T07:56:12.330+0000][1][safepoint    ] Application time: 1.0015591 seconds
[2019-10-14T07:56:12.331+0000][1][safepoint    ] Entering safepoint region: Cleanup
[2019-10-14T07:56:12.332+0000][1][safepoint    ] Leaving safepoint region
[2019-10-14T07:56:12.332+0000][1][safepoint    ] Total time for which application threads were stopped: 0.0012133 seconds, Stopping threads took: 0.0006137 seconds
[2019-10-14T07:56:13.334+0000][1][safepoint    ] Application time: 1.0011314 seconds
[2019-10-14T07:56:13.335+0000][1][safepoint    ] Entering safepoint region: Cleanup
[2019-10-14T07:56:13.335+0000][1][safepoint    ] Leaving safepoint region
[2019-10-14T07:56:13.336+0000][1][safepoint    ] Total time for which application threads were stopped: 0.0012097 seconds, Stopping threads took: 0.0005086 seconds
[2019-10-14T07:56:14.337+0000][1][safepoint    ] Application time: 1.0001995 seconds
[2019-10-14T07:56:14.337+0000][1][safepoint    ] Entering safepoint region: Cleanup
[2019-10-14T07:56:14.338+0000][1][safepoint    ] Leaving safepoint region
[2019-10-14T07:56:14.339+0000][1][safepoint    ] Total time for which application threads were stopped: 0.0013086 seconds, Stopping threads took: 0.0005205 seconds
[2019-10-14T07:56:15.340+0000][1][safepoint    ] Application time: 1.0015816 seconds
[2019-10-14T07:56:15.341+0000][1][safepoint    ] Entering safepoint region: Cleanup
[2019-10-14T07:56:15.342+0000][1][safepoint    ] Leaving safepoint region
[2019-10-14T07:56:15.342+0000][1][safepoint    ] Total time for which application threads were stopped: 0.0013274 seconds, Stopping threads took: 0.0006829 seconds
[2019-10-14T07:56:16.346+0000][1][safepoint    ] Application time: 1.0026880 seconds
[2019-10-14T07:56:16.346+0000][1][safepoint    ] Entering safepoint region: Cleanup
[2019-10-14T07:56:16.347+0000][1][safepoint    ] Leaving safepoint region
[2019-10-14T07:56:16.347+0000][1][safepoint    ] Total time for which application threads were stopped: 0.0007799 seconds, Stopping threads took: 0.0003849 seconds
[2019-10-14T07:56:17.348+0000][1][safepoint    ] Application time: 1.0011957 seconds
[2019-10-14T07:56:17.349+0000][1][safepoint    ] Entering safepoint region: Cleanup
[2019-10-14T07:56:17.350+0000][1][safepoint    ] Leaving safepoint region
[2019-10-14T07:56:17.350+0000][1][safepoint    ] Total time for which application threads were stopped: 0.0010066 seconds, Stopping threads took: 0.0004619 seconds
[2019-10-14T07:56:18.351+0000][1][safepoint    ] Application time: 1.0006585 seconds
[2019-10-14T07:56:18.352+0000][1][safepoint    ] Entering safepoint region: Cleanup
[2019-10-14T07:56:18.353+0000][1][safepoint    ] Leaving safepoint region
[2019-10-14T07:56:18.353+0000][1][safepoint    ] Total time for which application threads were stopped: 0.0010122 seconds, Stopping threads took: 0.0005082 seconds
[2019-10-14T07:56:19.358+0000][1][safepoint    ] Application time: 1.0044020 seconds
[2019-10-14T07:56:19.359+0000][1][safepoint    ] Entering safepoint region: Cleanup
[2019-10-14T07:56:19.359+0000][1][safepoint    ] Leaving safepoint region
[2019-10-14T07:56:19.359+0000][1][safepoint    ] Total time for which application threads were stopped: 0.0008082 seconds, Stopping threads took: 0.0003675 seconds
[2019-10-14T07:56:20.360+0000][1][safepoint    ] Application time: 1.0003691 seconds
[2019-10-14T07:56:20.361+0000][1][safepoint    ] Entering safepoint region: Cleanup
[2019-10-14T07:56:20.362+0000][1][safepoint    ] Leaving safepoint region
[2019-10-14T07:56:20.362+0000][1][safepoint    ] Total time for which application threads were stopped: 0.0014949 seconds, Stopping threads took: 0.0008683 seconds
[2019-10-14T07:56:21.150+0000][1][safepoint    ] Application time: 0.7870346 seconds
[2019-10-14T07:56:21.151+0000][1][safepoint    ] Entering safepoint region: RevokeBias
[2019-10-14T07:56:21.152+0000][1][safepoint    ] Leaving safepoint region
[2019-10-14T07:56:21.152+0000][1][safepoint    ] Total time for which application threads were stopped: 0.0013282 seconds, Stopping threads took: 0.0009319 seconds
[2019-10-14T07:56:22.153+0000][1][safepoint    ] Application time: 1.0006374 seconds
[2019-10-14T07:56:22.154+0000][1][safepoint    ] Entering safepoint region: Cleanup
[2019-10-14T07:56:22.154+0000][1][safepoint    ] Leaving safepoint region
[2019-10-14T07:56:22.155+0000][1][safepoint    ] Total time for which application threads were stopped: 0.0009012 seconds, Stopping threads took: 0.0004206 seconds
[2019-10-14T07:56:22.785+0000][1][safepoint    ] Application time: 0.6299061 seconds
[2019-10-14T07:56:22.786+0000][1][safepoint    ] Entering safepoint region: GenCollectForAllocation
[2019-10-14T07:56:22.787+0000][1][gc,start     ] GC(41) Pause Young (Allocation Failure)
[2019-10-14T07:56:22.787+0000][1][gc,task      ] GC(41) Using 2 workers of 2 for evacuation
[2019-10-14T07:56:22.793+0000][1][gc,age       ] GC(41) Desired survivor size 4456448 bytes, new threshold 6 (max threshold 6)
[2019-10-14T07:56:22.794+0000][1][gc,age       ] GC(41) Age table with threshold 6 (max threshold 6)
[2019-10-14T07:56:22.794+0000][1][gc,age       ] GC(41) - age   1:      89960 bytes,      89960 total
[2019-10-14T07:56:22.795+0000][1][gc,age       ] GC(41) - age   2:       5248 bytes,      95208 total
[2019-10-14T07:56:22.795+0000][1][gc,age       ] GC(41) - age   3:       4432 bytes,      99640 total
[2019-10-14T07:56:22.795+0000][1][gc,age       ] GC(41) - age   4:     410816 bytes,     510456 total
[2019-10-14T07:56:22.796+0000][1][gc,age       ] GC(41) - age   5:       6712 bytes,     517168 total
[2019-10-14T07:56:22.796+0000][1][gc,age       ] GC(41) - age   6:       2712 bytes,     519880 total
[2019-10-14T07:56:22.796+0000][1][gc,heap      ] GC(41) ParNew: 70600K->745K(78656K)
[2019-10-14T07:56:22.797+0000][1][gc,heap      ] GC(41) CMS: 72430K->72434K(174784K)
[2019-10-14T07:56:22.797+0000][1][gc,metaspace ] GC(41) Metaspace: 81882K->81882K(1124352K)
[2019-10-14T07:56:22.798+0000][1][gc           ] GC(41) Pause Young (Allocation Failure) 139M->71M(247M) 11.047ms
[2019-10-14T07:56:22.798+0000][1][gc,cpu       ] GC(41) User=0.01s Sys=0.00s Real=0.01s
[2019-10-14T07:56:22.799+0000][1][safepoint    ] Leaving safepoint region
[2019-10-14T07:56:22.799+0000][1][safepoint    ] Total time for which application threads were stopped: 0.0130604 seconds, Stopping threads took: 0.0005719 seconds
[2019-10-14T07:56:23.802+0000][1][safepoint    ] Application time: 1.0026417 seconds
[2019-10-14T07:56:23.802+0000][1][safepoint    ] Entering safepoint region: Cleanup
[2019-10-14T07:56:23.803+0000][1][safepoint    ] Leaving safepoint region
[2019-10-14T07:56:23.803+0000][1][safepoint    ] Total time for which application threads were stopped: 0.0007299 seconds, Stopping threads took: 0.0003940 seconds
[2019-10-14T07:56:24.804+0000][1][safepoint    ] Application time: 1.0003370 seconds
[2019-10-14T07:56:24.805+0000][1][safepoint    ] Entering safepoint region: Cleanup
[2019-10-14T07:56:24.805+0000][1][safepoint    ] Leaving safepoint region
[2019-10-14T07:56:24.806+0000][1][safepoint    ] Total time for which application threads were stopped: 0.0009552 seconds, Stopping threads took: 0.0004606 seconds
[2019-10-14T07:56:25.806+0000][1][safepoint    ] Application time: 1.0003407 seconds
[2019-10-14T07:56:25.807+0000][1][safepoint    ] Entering safepoint region: Cleanup
[2019-10-14T07:56:25.807+0000][1][safepoint    ] Leaving safepoint region
[2019-10-14T07:56:25.808+0000][1][safepoint    ] Total time for which application threads were stopped: 0.0008644 seconds, Stopping threads took: 0.0003906 seconds
[2019-10-14T07:56:26.808+0000][1][safepoint    ] Application time: 1.0003594 seconds
[2019-10-14T07:56:26.809+0000][1][safepoint    ] Entering safepoint region: Cleanup
[2019-10-14T07:56:26.810+0000][1][safepoint    ] Leaving safepoint region
[2019-10-14T07:56:26.810+0000][1][safepoint    ] Total time for which application threads were stopped: 0.0012975 seconds, Stopping threads took: 0.0006839 seconds
[2019-10-14T07:56:27.811+0000][1][safepoint    ] Application time: 1.0004347 seconds
[2019-10-14T07:56:27.814+0000][1][safepoint    ] Entering safepoint region: Cleanup
[2019-10-14T07:56:27.814+0000][1][safepoint    ] Leaving safepoint region
[2019-10-14T07:56:27.815+0000][1][safepoint    ] Total time for which application threads were stopped: 0.0012209 seconds, Stopping threads took: 0.0005294 seconds
[2019-10-14T07:56:28.820+0000][1][safepoint    ] Application time: 1.0034356 seconds
[2019-10-14T07:56:28.824+0000][1][safepoint    ] Entering safepoint region: Cleanup
[2019-10-14T07:56:28.826+0000][1][safepoint    ] Leaving safepoint region
[2019-10-14T07:56:28.827+0000][1][safepoint    ] Total time for which application threads were stopped: 0.0025616 seconds, Stopping threads took: 0.0020368 seconds
[2019-10-14T07:56:29.827+0000][1][safepoint    ] Application time: 1.0003895 seconds
[2019-10-14T07:56:29.828+0000][1][safepoint    ] Entering safepoint region: Cleanup
[2019-10-14T07:56:29.829+0000][1][safepoint    ] Leaving safepoint region
[2019-10-14T07:56:29.830+0000][1][safepoint    ] Total time for which application threads were stopped: 0.0017691 seconds, Stopping threads took: 0.0009708 seconds
[2019-10-14T07:56:30.831+0000][1][safepoint    ] Application time: 1.0011545 seconds
[2019-10-14T07:56:30.833+0000][1][safepoint    ] Entering safepoint region: Cleanup
[2019-10-14T07:56:30.834+0000][1][safepoint    ] Leaving safepoint region
[2019-10-14T07:56:30.841+0000][1][safepoint    ] Total time for which application threads were stopped: 0.0087752 seconds, Stopping threads took: 0.0017239 seconds
[2019-10-14T07:56:31.845+0000][1][safepoint    ] Application time: 1.0002210 seconds
[2019-10-14T07:56:31.845+0000][1][safepoint    ] Entering safepoint region: Cleanup
[2019-10-14T07:56:31.846+0000][1][safepoint    ] Leaving safepoint region
[2019-10-14T07:56:31.846+0000][1][safepoint    ] Total time for which application threads were stopped: 0.0008351 seconds, Stopping threads took: 0.0004198 seconds
[2019-10-14T07:56:32.851+0000][1][safepoint    ] Application time: 1.0040931 seconds
[2019-10-14T07:56:32.851+0000][1][safepoint    ] Entering safepoint region: Cleanup
[2019-10-14T07:56:32.852+0000][1][safepoint    ] Leaving safepoint region
[2019-10-14T07:56:32.852+0000][1][safepoint    ] Total time for which application threads were stopped: 0.0012249 seconds, Stopping threads took: 0.0006395 seconds
[2019-10-14T07:56:33.832+0000][1][safepoint    ] Application time: 1.0011474 seconds
[2019-10-14T07:56:33.845+0000][1][safepoint    ] Entering safepoint region: Cleanup
[2019-10-14T07:56:33.847+0000][1][safepoint    ] Leaving safepoint region
[2019-10-14T07:56:33.848+0000][1][safepoint    ] Total time for which application threads were stopped: 0.0035383 seconds, Stopping threads took: 0.0023719 seconds
[2019-10-14T07:56:34.850+0000][1][safepoint    ] Application time: 1.0007071 seconds
[2019-10-14T07:56:34.851+0000][1][safepoint    ] Entering safepoint region: Cleanup
[2019-10-14T07:56:34.852+0000][1][safepoint    ] Leaving safepoint region
[2019-10-14T07:56:34.852+0000][1][safepoint    ] Total time for which application threads were stopped: 0.0011081 seconds, Stopping threads took: 0.0006662 seconds
[2019-10-14T07:56:35.854+0000][1][safepoint    ] Application time: 1.0011053 seconds
[2019-10-14T07:56:35.855+0000][1][safepoint    ] Entering safepoint region: Cleanup
[2019-10-14T07:56:35.855+0000][1][safepoint    ] Leaving safepoint region
[2019-10-14T07:56:35.856+0000][1][safepoint    ] Total time for which application threads were stopped: 0.0009621 seconds, Stopping threads took: 0.0004066 seconds
[2019-10-14T07:56:36.860+0000][1][safepoint    ] Application time: 1.0038209 seconds
[2019-10-14T07:56:36.861+0000][1][safepoint    ] Entering safepoint region: Cleanup
[2019-10-14T07:56:36.862+0000][1][safepoint    ] Leaving safepoint region
[2019-10-14T07:56:36.863+0000][1][safepoint    ] Total time for which application threads were stopped: 0.0024102 seconds, Stopping threads took: 0.0016686 seconds
[2019-10-14T07:56:37.864+0000][1][safepoint    ] Application time: 1.0002810 seconds
[2019-10-14T07:56:37.864+0000][1][safepoint    ] Entering safepoint region: Cleanup
[2019-10-14T07:56:37.865+0000][1][safepoint    ] Leaving safepoint region
[2019-10-14T07:56:37.865+0000][1][safepoint    ] Total time for which application threads were stopped: 0.0007269 seconds, Stopping threads took: 0.0003444 seconds
[2019-10-14T07:56:38.866+0000][1][safepoint    ] Application time: 1.0003564 seconds
[2019-10-14T07:56:38.868+0000][1][safepoint    ] Entering safepoint region: Cleanup
[2019-10-14T07:56:38.873+0000][1][safepoint    ] Leaving safepoint region
[2019-10-14T07:56:38.874+0000][1][safepoint    ] Total time for which application threads were stopped: 0.0065385 seconds, Stopping threads took: 0.0055481 seconds
[2019-10-14T07:56:39.876+0000][1][safepoint    ] Application time: 1.0016144 seconds
[2019-10-14T07:56:39.878+0000][1][safepoint    ] Entering safepoint region: Cleanup
[2019-10-14T07:56:39.878+0000][1][safepoint    ] Leaving safepoint region
[2019-10-14T07:56:39.879+0000][1][safepoint    ] Total time for which application threads were stopped: 0.0015258 seconds, Stopping threads took: 0.0007408 seconds
[2019-10-14T07:56:40.880+0000][1][safepoint    ] Application time: 1.0004852 seconds
[2019-10-14T07:56:40.881+0000][1][safepoint    ] Entering safepoint region: Cleanup
[2019-10-14T07:56:40.882+0000][1][safepoint    ] Leaving safepoint region
[2019-10-14T07:56:40.883+0000][1][safepoint    ] Total time for which application threads were stopped: 0.0018578 seconds, Stopping threads took: 0.0008069 seconds
[2019-10-14T07:56:41.884+0000][1][safepoint    ] Application time: 1.0002134 seconds
[2019-10-14T07:56:41.885+0000][1][safepoint    ] Entering safepoint region: Cleanup
[2019-10-14T07:56:41.885+0000][1][safepoint    ] Leaving safepoint region
[2019-10-14T07:56:41.886+0000][1][safepoint    ] Total time for which application threads were stopped: 0.0011064 seconds, Stopping threads took: 0.0005772 seconds
[2019-10-14T07:56:43.284+0000][1][safepoint    ] Application time: 1.3972560 seconds
[2019-10-14T07:56:43.286+0000][1][safepoint    ] Entering safepoint region: Cleanup
[2019-10-14T07:56:43.287+0000][1][safepoint    ] Leaving safepoint region
[2019-10-14T07:56:43.288+0000][1][safepoint    ] Total time for which application threads were stopped: 0.0025275 seconds, Stopping threads took: 0.0012786 seconds
[2019-10-14T07:56:44.290+0000][1][safepoint    ] Application time: 1.0012596 seconds
[2019-10-14T07:56:44.291+0000][1][safepoint    ] Entering safepoint region: Cleanup
[2019-10-14T07:56:44.292+0000][1][safepoint    ] Leaving safepoint region
[2019-10-14T07:56:44.292+0000][1][safepoint    ] Total time for which application threads were stopped: 0.0015208 seconds, Stopping threads took: 0.0007575 seconds
[2019-10-14T07:56:45.295+0000][1][safepoint    ] Application time: 1.0018332 seconds
[2019-10-14T07:56:45.297+0000][1][safepoint    ] Entering safepoint region: Cleanup
[2019-10-14T07:56:45.297+0000][1][safepoint    ] Leaving safepoint region
[2019-10-14T07:56:45.298+0000][1][safepoint    ] Total time for which application threads were stopped: 0.0014984 seconds, Stopping threads took: 0.0007855 seconds
[2019-10-14T07:56:46.300+0000][1][safepoint    ] Application time: 1.0006633 seconds
[2019-10-14T07:56:46.301+0000][1][safepoint    ] Entering safepoint region: Cleanup
[2019-10-14T07:56:46.301+0000][1][safepoint    ] Leaving safepoint region
[2019-10-14T07:56:46.302+0000][1][safepoint    ] Total time for which application threads were stopped: 0.0014893 seconds, Stopping threads took: 0.0006202 seconds
[2019-10-14T07:56:47.304+0000][1][safepoint    ] Application time: 1.0014354 seconds
[2019-10-14T07:56:47.307+0000][1][safepoint    ] Entering safepoint region: Cleanup
[2019-10-14T07:56:47.308+0000][1][safepoint    ] Leaving safepoint region
[2019-10-14T07:56:47.309+0000][1][safepoint    ] Total time for which application threads were stopped: 0.0016805 seconds, Stopping threads took: 0.0004776 seconds
[2019-10-14T07:56:48.311+0000][1][safepoint    ] Application time: 1.0012910 seconds
[2019-10-14T07:56:48.312+0000][1][safepoint    ] Entering safepoint region: Cleanup
[2019-10-14T07:56:48.313+0000][1][safepoint    ] Leaving safepoint region
[2019-10-14T07:56:48.314+0000][1][safepoint    ] Total time for which application threads were stopped: 0.0027493 seconds, Stopping threads took: 0.0018529 seconds
[2019-10-14T07:56:49.316+0000][1][safepoint    ] Application time: 1.0007222 seconds
[2019-10-14T07:56:49.316+0000][1][safepoint    ] Entering safepoint region: Cleanup
[2019-10-14T07:56:49.317+0000][1][safepoint    ] Leaving safepoint region
[2019-10-14T07:56:49.318+0000][1][safepoint    ] Total time for which application threads were stopped: 0.0015038 seconds, Stopping threads took: 0.0006896 seconds
[2019-10-14T07:56:50.328+0000][1][safepoint    ] Application time: 1.0094504 seconds
[2019-10-14T07:56:50.330+0000][1][safepoint    ] Entering safepoint region: Cleanup
[2019-10-14T07:56:50.331+0000][1][safepoint    ] Leaving safepoint region
[2019-10-14T07:56:50.331+0000][1][safepoint    ] Total time for which application threads were stopped: 0.0015734 seconds, Stopping threads took: 0.0008145 seconds
[2019-10-14T07:56:51.333+0000][1][safepoint    ] Application time: 1.0019450 seconds
[2019-10-14T07:56:51.335+0000][1][safepoint    ] Entering safepoint region: Cleanup
[2019-10-14T07:56:51.335+0000][1][safepoint    ] Leaving safepoint region
[2019-10-14T07:56:51.341+0000][1][safepoint    ] Total time for which application threads were stopped: 0.0059254 seconds, Stopping threads took: 0.0004709 seconds
[2019-10-14T07:56:52.343+0000][1][safepoint    ] Application time: 1.0015555 seconds
[2019-10-14T07:56:52.344+0000][1][safepoint    ] Entering safepoint region: Cleanup
[2019-10-14T07:56:52.345+0000][1][safepoint    ] Leaving safepoint region
[2019-10-14T07:56:52.345+0000][1][safepoint    ] Total time for which application threads were stopped: 0.0011658 seconds, Stopping threads took: 0.0007036 seconds
[2019-10-14T07:56:53.346+0000][1][safepoint    ] Application time: 1.0003864 seconds
[2019-10-14T07:56:53.347+0000][1][safepoint    ] Entering safepoint region: Cleanup
[2019-10-14T07:56:53.348+0000][1][safepoint    ] Leaving safepoint region
[2019-10-14T07:56:53.349+0000][1][safepoint    ] Total time for which application threads were stopped: 0.0013968 seconds, Stopping threads took: 0.0006179 seconds
[2019-10-14T07:56:54.350+0000][1][safepoint    ] Application time: 1.0011112 seconds
[2019-10-14T07:56:54.351+0000][1][safepoint    ] Entering safepoint region: Cleanup
[2019-10-14T07:56:54.352+0000][1][safepoint    ] Leaving safepoint region
[2019-10-14T07:56:54.353+0000][1][safepoint    ] Total time for which application threads were stopped: 0.0013374 seconds, Stopping threads took: 0.0006639 seconds
[2019-10-14T07:56:55.354+0000][1][safepoint    ] Application time: 1.0010315 seconds
[2019-10-14T07:56:55.356+0000][1][safepoint    ] Entering safepoint region: Cleanup
[2019-10-14T07:56:55.356+0000][1][safepoint    ] Leaving safepoint region
[2019-10-14T07:56:55.357+0000][1][safepoint    ] Total time for which application threads were stopped: 0.0010532 seconds, Stopping threads took: 0.0005868 seconds
[2019-10-14T07:56:56.358+0000][1][safepoint    ] Application time: 1.0004864 seconds
[2019-10-14T07:56:56.358+0000][1][safepoint    ] Entering safepoint region: Cleanup
[2019-10-14T07:56:56.359+0000][1][safepoint    ] Leaving safepoint region
[2019-10-14T07:56:56.359+0000][1][safepoint    ] Total time for which application threads were stopped: 0.0007947 seconds, Stopping threads took: 0.0003427 seconds
[2019-10-14T07:56:57.374+0000][1][safepoint    ] Application time: 1.0144049 seconds
[2019-10-14T07:56:57.375+0000][1][safepoint    ] Entering safepoint region: Cleanup
[2019-10-14T07:56:57.388+0000][1][safepoint    ] Leaving safepoint region
[2019-10-14T07:56:57.389+0000][1][safepoint    ] Total time for which application threads were stopped: 0.0138023 seconds, Stopping threads took: 0.0125720 seconds
[2019-10-14T07:56:58.391+0000][1][safepoint    ] Application time: 1.0009686 seconds
[2019-10-14T07:56:58.392+0000][1][safepoint    ] Entering safepoint region: Cleanup
[2019-10-14T07:56:58.393+0000][1][safepoint    ] Leaving safepoint region
[2019-10-14T07:56:58.400+0000][1][safepoint    ] Total time for which application threads were stopped: 0.0082713 seconds, Stopping threads took: 0.0015858 seconds
[2019-10-14T07:56:59.404+0000][1][safepoint    ] Application time: 1.0003941 seconds
[2019-10-14T07:56:59.404+0000][1][safepoint    ] Entering safepoint region: Cleanup
[2019-10-14T07:56:59.405+0000][1][safepoint    ] Leaving safepoint region
[2019-10-14T07:56:59.406+0000][1][safepoint    ] Total time for which application threads were stopped: 0.0012261 seconds, Stopping threads took: 0.0006527 seconds
[2019-10-14T07:57:00.410+0000][1][safepoint    ] Application time: 1.0043618 seconds
[2019-10-14T07:57:00.422+0000][1][safepoint    ] Entering safepoint region: Cleanup
[2019-10-14T07:57:00.423+0000][1][safepoint    ] Leaving safepoint region
[2019-10-14T07:57:00.424+0000][1][safepoint    ] Total time for which application threads were stopped: 0.0017228 seconds, Stopping threads took: 0.0007877 seconds
[2019-10-14T07:57:01.427+0000][1][safepoint    ] Application time: 1.0026577 seconds
[2019-10-14T07:57:01.429+0000][1][safepoint    ] Entering safepoint region: Cleanup
[2019-10-14T07:57:01.430+0000][1][safepoint    ] Leaving safepoint region
[2019-10-14T07:57:01.430+0000][1][safepoint    ] Total time for which application threads were stopped: 0.0012836 seconds, Stopping threads took: 0.0007089 seconds
[2019-10-14T07:57:02.522+0000][1][safepoint    ] Application time: 1.0915015 seconds
[2019-10-14T07:57:02.548+0000][1][safepoint    ] Entering safepoint region: Cleanup
[2019-10-14T07:57:02.550+0000][1][safepoint    ] Leaving safepoint region
[2019-10-14T07:57:02.551+0000][1][safepoint    ] Total time for which application threads were stopped: 0.0021545 seconds, Stopping threads took: 0.0014802 seconds
[2019-10-14T07:57:03.532+0000][1][safepoint    ] Application time: 1.0006314 seconds
[2019-10-14T07:57:03.559+0000][1][safepoint    ] Entering safepoint region: Cleanup
[2019-10-14T07:57:03.569+0000][1][safepoint    ] Leaving safepoint region
[2019-10-14T07:57:03.570+0000][1][safepoint    ] Total time for which application threads were stopped: 0.0301062 seconds, Stopping threads took: 0.0258696 seconds
[2019-10-14T07:57:04.574+0000][1][safepoint    ] Application time: 1.0035867 seconds
[2019-10-14T07:57:04.643+0000][1][safepoint    ] Entering safepoint region: Cleanup
[2019-10-14T07:57:04.677+0000][1][safepoint    ] Leaving safepoint region
[2019-10-14T07:57:04.682+0000][1][safepoint    ] Total time for which application threads were stopped: 0.0382593 seconds, Stopping threads took: 0.0332147 seconds
[2019-10-14T07:57:05.744+0000][1][safepoint    ] Application time: 1.0011155 seconds
[2019-10-14T07:57:05.744+0000][1][safepoint    ] Entering safepoint region: Cleanup
[2019-10-14T07:57:05.749+0000][1][safepoint    ] Leaving safepoint region
[2019-10-14T07:57:05.751+0000][1][safepoint    ] Total time for which application threads were stopped: 0.0066637 seconds, Stopping threads took: 0.0045484 seconds
[2019-10-14T07:57:06.765+0000][1][safepoint    ] Application time: 1.0136067 seconds
[2019-10-14T07:57:06.770+0000][1][safepoint    ] Entering safepoint region: Cleanup
[2019-10-14T07:57:06.771+0000][1][safepoint    ] Leaving safepoint region
[2019-10-14T07:57:06.771+0000][1][safepoint    ] Total time for which application threads were stopped: 0.0011156 seconds, Stopping threads took: 0.0004556 seconds
[2019-10-14T07:57:07.776+0000][1][safepoint    ] Application time: 1.0035250 seconds
[2019-10-14T07:57:07.777+0000][1][safepoint    ] Entering safepoint region: Cleanup
[2019-10-14T07:57:07.777+0000][1][safepoint    ] Leaving safepoint region
[2019-10-14T07:57:07.778+0000][1][safepoint    ] Total time for which application threads were stopped: 0.0012174 seconds, Stopping threads took: 0.0006316 seconds
[2019-10-14T07:57:08.779+0000][1][safepoint    ] Application time: 1.0004260 seconds
[2019-10-14T07:57:08.780+0000][1][safepoint    ] Entering safepoint region: Cleanup
[2019-10-14T07:57:08.781+0000][1][safepoint    ] Leaving safepoint region
[2019-10-14T07:57:08.782+0000][1][safepoint    ] Total time for which application threads were stopped: 0.0025234 seconds, Stopping threads took: 0.0007039 seconds
[2019-10-14T07:57:09.784+0000][1][safepoint    ] Application time: 1.0003556 seconds
[2019-10-14T07:57:09.785+0000][1][safepoint    ] Entering safepoint region: Cleanup
[2019-10-14T07:57:09.785+0000][1][safepoint    ] Leaving safepoint region
[2019-10-14T07:57:09.786+0000][1][safepoint    ] Total time for which application threads were stopped: 0.0012347 seconds, Stopping threads took: 0.0005670 seconds
[2019-10-14T07:57:10.787+0000][1][safepoint    ] Application time: 1.0002492 seconds
[2019-10-14T07:57:10.787+0000][1][safepoint    ] Entering safepoint region: Cleanup
[2019-10-14T07:57:10.788+0000][1][safepoint    ] Leaving safepoint region
[2019-10-14T07:57:10.788+0000][1][safepoint    ] Total time for which application threads were stopped: 0.0008065 seconds, Stopping threads took: 0.0003808 seconds
[2019-10-14T07:57:11.347+0000][1][safepoint    ] Application time: 0.5586369 seconds
[2019-10-14T07:57:11.349+0000][1][safepoint    ] Entering safepoint region: RevokeBias
[2019-10-14T07:57:11.350+0000][1][safepoint    ] Leaving safepoint region
[2019-10-14T07:57:11.350+0000][1][safepoint    ] Total time for which application threads were stopped: 0.0024792 seconds, Stopping threads took: 0.0019207 seconds
[2019-10-14T07:57:11.541+0000][1][safepoint    ] Application time: 0.1899836 seconds
[2019-10-14T07:57:11.544+0000][1][safepoint    ] Entering safepoint region: RevokeBias
[2019-10-14T07:57:11.544+0000][1][safepoint    ] Leaving safepoint region
[2019-10-14T07:57:11.544+0000][1][safepoint    ] Total time for which application threads were stopped: 0.0006056 seconds, Stopping threads took: 0.0002634 seconds
[2019-10-14T07:57:11.545+0000][1][safepoint    ] Application time: 0.0004709 seconds
[2019-10-14T07:57:11.545+0000][1][safepoint    ] Entering safepoint region: RevokeBias
[2019-10-14T07:57:11.546+0000][1][safepoint    ] Leaving safepoint region
[2019-10-14T07:57:11.546+0000][1][safepoint    ] Total time for which application threads were stopped: 0.0008587 seconds, Stopping threads took: 0.0002966 seconds
[2019-10-14T07:57:12.549+0000][1][safepoint    ] Application time: 1.0025125 seconds
[2019-10-14T07:57:12.550+0000][1][safepoint    ] Entering safepoint region: Cleanup
[2019-10-14T07:57:12.551+0000][1][safepoint    ] Leaving safepoint region
[2019-10-14T07:57:12.552+0000][1][safepoint    ] Total time for which application threads were stopped: 0.0018116 seconds, Stopping threads took: 0.0008327 seconds
[2019-10-14T07:57:13.555+0000][1][safepoint    ] Application time: 1.0022505 seconds
[2019-10-14T07:57:13.555+0000][1][safepoint    ] Entering safepoint region: Cleanup
[2019-10-14T07:57:13.556+0000][1][safepoint    ] Leaving safepoint region
[2019-10-14T07:57:13.556+0000][1][safepoint    ] Total time for which application threads were stopped: 0.0007525 seconds, Stopping threads took: 0.0003190 seconds
[2019-10-14T07:57:14.557+0000][1][safepoint    ] Application time: 1.0004000 seconds
[2019-10-14T07:57:14.557+0000][1][safepoint    ] Entering safepoint region: Cleanup
[2019-10-14T07:57:14.558+0000][1][safepoint    ] Leaving safepoint region
[2019-10-14T07:57:14.558+0000][1][safepoint    ] Total time for which application threads were stopped: 0.0009519 seconds, Stopping threads took: 0.0004755 seconds
[2019-10-14T07:57:15.569+0000][1][safepoint    ] Application time: 1.0103912 seconds
[2019-10-14T07:57:15.609+0000][1][safepoint    ] Entering safepoint region: Cleanup
[2019-10-14T07:57:15.617+0000][1][safepoint    ] Leaving safepoint region
[2019-10-14T07:57:15.618+0000][1][safepoint    ] Total time for which application threads were stopped: 0.0089119 seconds, Stopping threads took: 0.0082348 seconds
[2019-10-14T07:57:16.620+0000][1][safepoint    ] Application time: 1.0010750 seconds
[2019-10-14T07:57:16.620+0000][1][safepoint    ] Entering safepoint region: Cleanup
[2019-10-14T07:57:16.621+0000][1][safepoint    ] Leaving safepoint region
[2019-10-14T07:57:16.621+0000][1][safepoint    ] Total time for which application threads were stopped: 0.0011417 seconds, Stopping threads took: 0.0005942 seconds
[2019-10-14T07:57:17.622+0000][1][safepoint    ] Application time: 1.0003021 seconds
[2019-10-14T07:57:17.623+0000][1][safepoint    ] Entering safepoint region: Cleanup
[2019-10-14T07:57:17.623+0000][1][safepoint    ] Leaving safepoint region
[2019-10-14T07:57:17.624+0000][1][safepoint    ] Total time for which application threads were stopped: 0.0009681 seconds, Stopping threads took: 0.0005107 seconds
[2019-10-14T07:57:18.624+0000][1][safepoint    ] Application time: 1.0002350 seconds
[2019-10-14T07:57:18.625+0000][1][safepoint    ] Entering safepoint region: Cleanup
[2019-10-14T07:57:18.625+0000][1][safepoint    ] Leaving safepoint region
[2019-10-14T07:57:18.626+0000][1][safepoint    ] Total time for which application threads were stopped: 0.0010099 seconds, Stopping threads took: 0.0006011 seconds
[2019-10-14T07:57:19.626+0000][1][safepoint    ] Application time: 1.0003920 seconds
[2019-10-14T07:57:19.627+0000][1][safepoint    ] Entering safepoint region: Cleanup
[2019-10-14T07:57:19.627+0000][1][safepoint    ] Leaving safepoint region
[2019-10-14T07:57:19.628+0000][1][safepoint    ] Total time for which application threads were stopped: 0.0007882 seconds, Stopping threads took: 0.0003203 seconds
[2019-10-14T07:57:23.639+0000][1][safepoint    ] Application time: 4.0111785 seconds
[2019-10-14T07:57:23.640+0000][1][safepoint    ] Entering safepoint region: Cleanup
[2019-10-14T07:57:23.644+0000][1][safepoint    ] Leaving safepoint region
[2019-10-14T07:57:23.645+0000][1][safepoint    ] Total time for which application threads were stopped: 0.0045449 seconds, Stopping threads took: 0.0034881 seconds
[2019-10-14T07:57:24.646+0000][1][safepoint    ] Application time: 1.0006374 seconds
[2019-10-14T07:57:24.648+0000][1][safepoint    ] Entering safepoint region: Cleanup
[2019-10-14T07:57:24.648+0000][1][safepoint    ] Leaving safepoint region
[2019-10-14T07:57:24.648+0000][1][safepoint    ] Total time for which application threads were stopped: 0.0012485 seconds, Stopping threads took: 0.0007869 seconds
[2019-10-14T07:57:25.649+0000][1][safepoint    ] Application time: 1.0006334 seconds
[2019-10-14T07:57:25.650+0000][1][safepoint    ] Entering safepoint region: Cleanup
[2019-10-14T07:57:25.651+0000][1][safepoint    ] Leaving safepoint region
[2019-10-14T07:57:25.651+0000][1][safepoint    ] Total time for which application threads were stopped: 0.0009178 seconds, Stopping threads took: 0.0004691 seconds
[2019-10-14T07:57:26.652+0000][1][safepoint    ] Application time: 1.0008704 seconds
[2019-10-14T07:57:26.653+0000][1][safepoint    ] Entering safepoint region: Cleanup
[2019-10-14T07:57:26.654+0000][1][safepoint    ] Leaving safepoint region
[2019-10-14T07:57:26.655+0000][1][safepoint    ] Total time for which application threads were stopped: 0.0022767 seconds, Stopping threads took: 0.0009928 seconds
[2019-10-14T07:57:27.657+0000][1][safepoint    ] Application time: 1.0006967 seconds
[2019-10-14T07:57:27.658+0000][1][safepoint    ] Entering safepoint region: Cleanup
[2019-10-14T07:57:27.659+0000][1][safepoint    ] Leaving safepoint region
[2019-10-14T07:57:27.659+0000][1][safepoint    ] Total time for which application threads were stopped: 0.0013189 seconds, Stopping threads took: 0.0006529 seconds
[2019-10-14T07:57:28.661+0000][1][safepoint    ] Application time: 1.0006834 seconds
[2019-10-14T07:57:28.662+0000][1][safepoint    ] Entering safepoint region: Cleanup
[2019-10-14T07:57:28.663+0000][1][safepoint    ] Leaving safepoint region
[2019-10-14T07:57:28.664+0000][1][safepoint    ] Total time for which application threads were stopped: 0.0024672 seconds, Stopping threads took: 0.0010378 seconds
[2019-10-14T07:57:29.665+0000][1][safepoint    ] Application time: 1.0005536 seconds
[2019-10-14T07:57:29.666+0000][1][safepoint    ] Entering safepoint region: Cleanup
[2019-10-14T07:57:29.667+0000][1][safepoint    ] Leaving safepoint region
[2019-10-14T07:57:29.668+0000][1][safepoint    ] Total time for which application threads were stopped: 0.0017751 seconds, Stopping threads took: 0.0012103 seconds
[2019-10-14T07:57:30.669+0000][1][safepoint    ] Application time: 1.0011031 seconds
[2019-10-14T07:57:30.670+0000][1][safepoint    ] Entering safepoint region: Cleanup
[2019-10-14T07:57:30.671+0000][1][safepoint    ] Leaving safepoint region
[2019-10-14T07:57:30.672+0000][1][safepoint    ] Total time for which application threads were stopped: 0.0018045 seconds, Stopping threads took: 0.0008735 seconds
[2019-10-14T07:57:32.181+0000][1][safepoint    ] Application time: 1.5083125 seconds
[2019-10-14T07:57:32.182+0000][1][safepoint    ] Entering safepoint region: Cleanup
[2019-10-14T07:57:32.183+0000][1][safepoint    ] Leaving safepoint region
[2019-10-14T07:57:32.184+0000][1][safepoint    ] Total time for which application threads were stopped: 0.0021326 seconds, Stopping threads took: 0.0015285 seconds
[2019-10-14T07:57:33.163+0000][1][safepoint    ] Application time: 1.0001782 seconds
[2019-10-14T07:57:33.164+0000][1][safepoint    ] Entering safepoint region: Cleanup
[2019-10-14T07:57:33.164+0000][1][safepoint    ] Leaving safepoint region
[2019-10-14T07:57:33.165+0000][1][safepoint    ] Total time for which application threads were stopped: 0.0011863 seconds, Stopping threads took: 0.0007071 seconds
[2019-10-14T07:57:34.169+0000][1][safepoint    ] Application time: 1.0042388 seconds
[2019-10-14T07:57:34.170+0000][1][safepoint    ] Entering safepoint region: Cleanup
[2019-10-14T07:57:34.171+0000][1][safepoint    ] Leaving safepoint region
[2019-10-14T07:57:34.171+0000][1][safepoint    ] Total time for which application threads were stopped: 0.0013137 seconds, Stopping threads took: 0.0004908 seconds
[2019-10-14T07:57:35.174+0000][1][safepoint    ] Application time: 1.0021496 seconds
[2019-10-14T07:57:35.183+0000][1][safepoint    ] Entering safepoint region: Cleanup
[2019-10-14T07:57:35.183+0000][1][safepoint    ] Leaving safepoint region
[2019-10-14T07:57:35.184+0000][1][safepoint    ] Total time for which application threads were stopped: 0.0023559 seconds, Stopping threads took: 0.0012789 seconds
[2019-10-14T07:57:36.187+0000][1][safepoint    ] Application time: 1.0011619 seconds
[2019-10-14T07:57:36.187+0000][1][safepoint    ] Entering safepoint region: Cleanup
[2019-10-14T07:57:36.188+0000][1][safepoint    ] Leaving safepoint region
[2019-10-14T07:57:36.188+0000][1][safepoint    ] Total time for which application threads were stopped: 0.0010924 seconds, Stopping threads took: 0.0005414 seconds
[2019-10-14T07:57:37.189+0000][1][safepoint    ] Application time: 1.0002002 seconds
[2019-10-14T07:57:37.192+0000][1][safepoint    ] Entering safepoint region: Cleanup
[2019-10-14T07:57:37.194+0000][1][safepoint    ] Leaving safepoint region
[2019-10-14T07:57:37.195+0000][1][safepoint    ] Total time for which application threads were stopped: 0.0023189 seconds, Stopping threads took: 0.0013497 seconds
[2019-10-14T07:57:38.718+0000][1][safepoint    ] Application time: 1.5230199 seconds
[2019-10-14T07:57:38.719+0000][1][safepoint    ] Entering safepoint region: Cleanup
[2019-10-14T07:57:38.719+0000][1][safepoint    ] Leaving safepoint region
[2019-10-14T07:57:38.720+0000][1][safepoint    ] Total time for which application threads were stopped: 0.0012855 seconds, Stopping threads took: 0.0007459 seconds
[2019-10-14T07:57:39.722+0000][1][safepoint    ] Application time: 1.0015025 seconds
[2019-10-14T07:57:39.722+0000][1][safepoint    ] Entering safepoint region: Cleanup
[2019-10-14T07:57:39.723+0000][1][safepoint    ] Leaving safepoint region
[2019-10-14T07:57:39.723+0000][1][safepoint    ] Total time for which application threads were stopped: 0.0009480 seconds, Stopping threads took: 0.0005012 seconds
[2019-10-14T07:57:40.731+0000][1][safepoint    ] Application time: 1.0014727 seconds
[2019-10-14T07:57:40.737+0000][1][safepoint    ] Entering safepoint region: Cleanup
[2019-10-14T07:57:40.737+0000][1][safepoint    ] Leaving safepoint region
[2019-10-14T07:57:40.738+0000][1][safepoint    ] Total time for which application threads were stopped: 0.0009607 seconds, Stopping threads took: 0.0005075 seconds
[2019-10-14T07:57:41.739+0000][1][safepoint    ] Application time: 1.0014263 seconds
[2019-10-14T07:57:41.744+0000][1][safepoint    ] Entering safepoint region: Cleanup
[2019-10-14T07:57:41.746+0000][1][safepoint    ] Leaving safepoint region
[2019-10-14T07:57:41.754+0000][1][safepoint    ] Total time for which application threads were stopped: 0.0103251 seconds, Stopping threads took: 0.0018891 seconds
[2019-10-14T07:57:42.756+0000][1][safepoint    ] Application time: 1.0000873 seconds
[2019-10-14T07:57:42.756+0000][1][safepoint    ] Entering safepoint region: Cleanup
[2019-10-14T07:57:42.757+0000][1][safepoint    ] Leaving safepoint region
[2019-10-14T07:57:42.757+0000][1][safepoint    ] Total time for which application threads were stopped: 0.0005605 seconds, Stopping threads took: 0.0002535 seconds
[2019-10-14T07:57:43.758+0000][1][safepoint    ] Application time: 1.0005237 seconds
[2019-10-14T07:57:43.758+0000][1][safepoint    ] Entering safepoint region: Cleanup
[2019-10-14T07:57:43.759+0000][1][safepoint    ] Leaving safepoint region
[2019-10-14T07:57:43.759+0000][1][safepoint    ] Total time for which application threads were stopped: 0.0011852 seconds, Stopping threads took: 0.0006961 seconds
[2019-10-14T07:57:44.761+0000][1][safepoint    ] Application time: 1.0002850 seconds
[2019-10-14T07:57:44.762+0000][1][safepoint    ] Entering safepoint region: Cleanup
[2019-10-14T07:57:44.762+0000][1][safepoint    ] Leaving safepoint region
[2019-10-14T07:57:44.763+0000][1][safepoint    ] Total time for which application threads were stopped: 0.0014204 seconds, Stopping threads took: 0.0004954 seconds
[2019-10-14T07:57:45.765+0000][1][safepoint    ] Application time: 1.0009517 seconds
[2019-10-14T07:57:45.766+0000][1][safepoint    ] Entering safepoint region: Cleanup
[2019-10-14T07:57:45.766+0000][1][safepoint    ] Leaving safepoint region
[2019-10-14T07:57:45.767+0000][1][safepoint    ] Total time for which application threads were stopped: 0.0012707 seconds, Stopping threads took: 0.0007189 seconds
[2019-10-14T07:57:46.769+0000][1][safepoint    ] Application time: 1.0019347 seconds
[2019-10-14T07:57:46.770+0000][1][safepoint    ] Entering safepoint region: Cleanup
[2019-10-14T07:57:46.771+0000][1][safepoint    ] Leaving safepoint region
[2019-10-14T07:57:46.771+0000][1][safepoint    ] Total time for which application threads were stopped: 0.0013926 seconds, Stopping threads took: 0.0005690 seconds
[2019-10-14T07:57:47.772+0000][1][safepoint    ] Application time: 1.0005117 seconds
[2019-10-14T07:57:47.773+0000][1][safepoint    ] Entering safepoint region: Cleanup
[2019-10-14T07:57:47.774+0000][1][safepoint    ] Leaving safepoint region
[2019-10-14T07:57:47.774+0000][1][safepoint    ] Total time for which application threads were stopped: 0.0009855 seconds, Stopping threads took: 0.0004841 seconds
[2019-10-14T07:57:48.775+0000][1][safepoint    ] Application time: 1.0002480 seconds
[2019-10-14T07:57:48.775+0000][1][safepoint    ] Entering safepoint region: Cleanup
[2019-10-14T07:57:48.776+0000][1][safepoint    ] Leaving safepoint region
[2019-10-14T07:57:48.776+0000][1][safepoint    ] Total time for which application threads were stopped: 0.0008077 seconds, Stopping threads took: 0.0003469 seconds
[2019-10-14T07:57:49.777+0000][1][safepoint    ] Application time: 1.0004762 seconds
[2019-10-14T07:57:49.778+0000][1][safepoint    ] Entering safepoint region: Cleanup
[2019-10-14T07:57:49.778+0000][1][safepoint    ] Leaving safepoint region
[2019-10-14T07:57:49.779+0000][1][safepoint    ] Total time for which application threads were stopped: 0.0011212 seconds, Stopping threads took: 0.0006395 seconds
[2019-10-14T07:57:50.780+0000][1][safepoint    ] Application time: 1.0002846 seconds
[2019-10-14T07:57:50.780+0000][1][safepoint    ] Entering safepoint region: Cleanup
[2019-10-14T07:57:50.781+0000][1][safepoint    ] Leaving safepoint region
[2019-10-14T07:57:50.782+0000][1][safepoint    ] Total time for which application threads were stopped: 0.0012016 seconds, Stopping threads took: 0.0005724 seconds
[2019-10-14T07:57:51.783+0000][1][safepoint    ] Application time: 1.0005826 seconds
[2019-10-14T07:57:51.783+0000][1][safepoint    ] Entering safepoint region: Cleanup
[2019-10-14T07:57:51.783+0000][1][safepoint    ] Leaving safepoint region
[2019-10-14T07:57:51.784+0000][1][safepoint    ] Total time for which application threads were stopped: 0.0006951 seconds, Stopping threads took: 0.0002757 seconds
[2019-10-14T07:57:52.785+0000][1][safepoint    ] Application time: 1.0001830 seconds
[2019-10-14T07:57:52.785+0000][1][safepoint    ] Entering safepoint region: Cleanup
[2019-10-14T07:57:52.786+0000][1][safepoint    ] Leaving safepoint region
[2019-10-14T07:57:52.786+0000][1][safepoint    ] Total time for which application threads were stopped: 0.0013558 seconds, Stopping threads took: 0.0005632 seconds
[2019-10-14T07:57:53.787+0000][1][safepoint    ] Application time: 1.0001998 seconds
[2019-10-14T07:57:53.788+0000][1][safepoint    ] Entering safepoint region: Cleanup
[2019-10-14T07:57:53.788+0000][1][safepoint    ] Leaving safepoint region
[2019-10-14T07:57:53.789+0000][1][safepoint    ] Total time for which application threads were stopped: 0.0010135 seconds, Stopping threads took: 0.0004409 seconds
[2019-10-14T07:57:54.789+0000][1][safepoint    ] Application time: 1.0003667 seconds
[2019-10-14T07:57:54.790+0000][1][safepoint    ] Entering safepoint region: Cleanup
[2019-10-14T07:57:54.790+0000][1][safepoint    ] Leaving safepoint region
[2019-10-14T07:57:54.791+0000][1][safepoint    ] Total time for which application threads were stopped: 0.0006821 seconds, Stopping threads took: 0.0002787 seconds
[2019-10-14T07:57:55.254+0000][1][safepoint    ] Application time: 0.4633327 seconds
[2019-10-14T07:57:55.255+0000][1][safepoint    ] Entering safepoint region: GenCollectForAllocation
[2019-10-14T07:57:55.256+0000][1][gc,start     ] GC(42) Pause Young (Allocation Failure)
[2019-10-14T07:57:55.257+0000][1][gc,task      ] GC(42) Using 2 workers of 2 for evacuation
[2019-10-14T07:57:55.269+0000][1][gc,age       ] GC(42) Desired survivor size 4456448 bytes, new threshold 6 (max threshold 6)
[2019-10-14T07:57:55.270+0000][1][gc,age       ] GC(42) Age table with threshold 6 (max threshold 6)
[2019-10-14T07:57:55.270+0000][1][gc,age       ] GC(42) - age   1:      72304 bytes,      72304 total
[2019-10-14T07:57:55.271+0000][1][gc,age       ] GC(42) - age   2:      75496 bytes,     147800 total
[2019-10-14T07:57:55.271+0000][1][gc,age       ] GC(42) - age   3:       5248 bytes,     153048 total
[2019-10-14T07:57:55.271+0000][1][gc,age       ] GC(42) - age   4:       4000 bytes,     157048 total
[2019-10-14T07:57:55.272+0000][1][gc,age       ] GC(42) - age   5:     406720 bytes,     563768 total
[2019-10-14T07:57:55.272+0000][1][gc,age       ] GC(42) - age   6:       6656 bytes,     570424 total
[2019-10-14T07:57:55.273+0000][1][gc,heap      ] GC(42) ParNew: 70666K->757K(78656K)
[2019-10-14T07:57:55.273+0000][1][gc,heap      ] GC(42) CMS: 72434K->72437K(174784K)
[2019-10-14T07:57:55.274+0000][1][gc,metaspace ] GC(42) Metaspace: 81982K->81982K(1124352K)
[2019-10-14T07:57:55.275+0000][1][gc           ] GC(42) Pause Young (Allocation Failure) 139M->71M(247M) 19.108ms
[2019-10-14T07:57:55.275+0000][1][gc,cpu       ] GC(42) User=0.01s Sys=0.00s Real=0.02s
[2019-10-14T07:57:55.276+0000][1][safepoint    ] Leaving safepoint region
[2019-10-14T07:57:55.276+0000][1][safepoint    ] Total time for which application threads were stopped: 0.0212377 seconds, Stopping threads took: 0.0007175 seconds
[2019-10-14T07:57:56.277+0000][1][safepoint    ] Application time: 1.0002223 seconds
[2019-10-14T07:57:56.278+0000][1][safepoint    ] Entering safepoint region: Cleanup
[2019-10-14T07:57:56.278+0000][1][safepoint    ] Leaving safepoint region
[2019-10-14T07:57:56.279+0000][1][safepoint    ] Total time for which application threads were stopped: 0.0010074 seconds, Stopping threads took: 0.0004669 seconds
[2019-10-14T07:57:57.279+0000][1][safepoint    ] Application time: 1.0001383 seconds
[2019-10-14T07:57:57.280+0000][1][safepoint    ] Entering safepoint region: Cleanup
[2019-10-14T07:57:57.280+0000][1][safepoint    ] Leaving safepoint region
[2019-10-14T07:57:57.281+0000][1][safepoint    ] Total time for which application threads were stopped: 0.0014685 seconds, Stopping threads took: 0.0005729 seconds
[2019-10-14T07:57:58.282+0000][1][safepoint    ] Application time: 1.0002067 seconds
[2019-10-14T07:57:58.283+0000][1][safepoint    ] Entering safepoint region: Cleanup
[2019-10-14T07:57:58.283+0000][1][safepoint    ] Leaving safepoint region
[2019-10-14T07:57:58.284+0000][1][safepoint    ] Total time for which application threads were stopped: 0.0009830 seconds, Stopping threads took: 0.0004158 seconds
[2019-10-14T07:57:59.285+0000][1][safepoint    ] Application time: 1.0003956 seconds
[2019-10-14T07:57:59.285+0000][1][safepoint    ] Entering safepoint region: Cleanup
[2019-10-14T07:57:59.286+0000][1][safepoint    ] Leaving safepoint region
[2019-10-14T07:57:59.287+0000][1][safepoint    ] Total time for which application threads were stopped: 0.0016760 seconds, Stopping threads took: 0.0006796 seconds
[2019-10-14T07:58:00.294+0000][1][safepoint    ] Application time: 1.0063491 seconds
[2019-10-14T07:58:00.299+0000][1][safepoint    ] Entering safepoint region: Cleanup
[2019-10-14T07:58:00.299+0000][1][safepoint    ] Leaving safepoint region
[2019-10-14T07:58:00.300+0000][1][safepoint    ] Total time for which application threads were stopped: 0.0008956 seconds, Stopping threads took: 0.0004980 seconds
[2019-10-14T07:58:01.110+0000][1][safepoint    ] Application time: 0.8097319 seconds
[2019-10-14T07:58:01.110+0000][1][safepoint    ] Entering safepoint region: RevokeBias
[2019-10-14T07:58:01.111+0000][1][safepoint    ] Leaving safepoint region
[2019-10-14T07:58:01.111+0000][1][safepoint    ] Total time for which application threads were stopped: 0.0010338 seconds, Stopping threads took: 0.0005453 seconds
[2019-10-14T07:58:01.112+0000][1][safepoint    ] Application time: 0.0001993 seconds
[2019-10-14T07:58:01.112+0000][1][safepoint    ] Entering safepoint region: RevokeBias
[2019-10-14T07:58:01.113+0000][1][safepoint    ] Leaving safepoint region
[2019-10-14T07:58:01.113+0000][1][safepoint    ] Total time for which application threads were stopped: 0.0008726 seconds, Stopping threads took: 0.0003865 seconds
[2019-10-14T07:58:01.114+0000][1][safepoint    ] Application time: 0.0002605 seconds
[2019-10-14T07:58:01.114+0000][1][safepoint    ] Entering safepoint region: RevokeBias
[2019-10-14T07:58:01.115+0000][1][safepoint    ] Leaving safepoint region
[2019-10-14T07:58:01.116+0000][1][safepoint    ] Total time for which application threads were stopped: 0.0014401 seconds, Stopping threads took: 0.0006774 seconds
[2019-10-14T07:58:01.116+0000][1][safepoint    ] Application time: 0.0002354 seconds
[2019-10-14T07:58:01.117+0000][1][safepoint    ] Entering safepoint region: RevokeBias
[2019-10-14T07:58:01.117+0000][1][safepoint    ] Leaving safepoint region
[2019-10-14T07:58:01.118+0000][1][safepoint    ] Total time for which application threads were stopped: 0.0008866 seconds, Stopping threads took: 0.0004065 seconds
[2019-10-14T07:58:01.118+0000][1][safepoint    ] Application time: 0.0001908 seconds
[2019-10-14T07:58:01.119+0000][1][safepoint    ] Entering safepoint region: RevokeBias
[2019-10-14T07:58:01.119+0000][1][safepoint    ] Leaving safepoint region
[2019-10-14T07:58:01.120+0000][1][safepoint    ] Total time for which application threads were stopped: 0.0007982 seconds, Stopping threads took: 0.0004238 seconds
[2019-10-14T07:58:02.123+0000][1][safepoint    ] Application time: 1.0027666 seconds
[2019-10-14T07:58:02.124+0000][1][safepoint    ] Entering safepoint region: Cleanup
[2019-10-14T07:58:02.125+0000][1][safepoint    ] Leaving safepoint region
[2019-10-14T07:58:02.125+0000][1][safepoint    ] Total time for which application threads were stopped: 0.0012372 seconds, Stopping threads took: 0.0007005 seconds
[2019-10-14T07:58:03.105+0000][1][safepoint    ] Application time: 1.0007457 seconds
[2019-10-14T07:58:03.106+0000][1][safepoint    ] Entering safepoint region: Cleanup
[2019-10-14T07:58:03.109+0000][1][safepoint    ] Leaving safepoint region
[2019-10-14T07:58:03.110+0000][1][safepoint    ] Total time for which application threads were stopped: 0.0038770 seconds, Stopping threads took: 0.0016746 seconds
[2019-10-14T07:58:04.113+0000][1][safepoint    ] Application time: 1.0005483 seconds
[2019-10-14T07:58:04.114+0000][1][safepoint    ] Entering safepoint region: Cleanup
[2019-10-14T07:58:04.116+0000][1][safepoint    ] Leaving safepoint region
[2019-10-14T07:58:04.117+0000][1][safepoint    ] Total time for which application threads were stopped: 0.0030332 seconds, Stopping threads took: 0.0017032 seconds
[2019-10-14T07:58:05.118+0000][1][safepoint    ] Application time: 1.0002115 seconds
[2019-10-14T07:58:05.118+0000][1][safepoint    ] Entering safepoint region: Cleanup
[2019-10-14T07:58:05.119+0000][1][safepoint    ] Leaving safepoint region
[2019-10-14T07:58:05.119+0000][1][safepoint    ] Total time for which application threads were stopped: 0.0010286 seconds, Stopping threads took: 0.0004396 seconds
[2019-10-14T07:58:06.120+0000][1][safepoint    ] Application time: 1.0005498 seconds
[2019-10-14T07:58:06.122+0000][1][safepoint    ] Entering safepoint region: Cleanup
[2019-10-14T07:58:06.124+0000][1][safepoint    ] Leaving safepoint region
[2019-10-14T07:58:06.125+0000][1][safepoint    ] Total time for which application threads were stopped: 0.0038045 seconds, Stopping threads took: 0.0019124 seconds
[2019-10-14T07:58:07.126+0000][1][safepoint    ] Application time: 1.0001724 seconds
[2019-10-14T07:58:07.127+0000][1][safepoint    ] Entering safepoint region: Cleanup
[2019-10-14T07:58:07.127+0000][1][safepoint    ] Leaving safepoint region
[2019-10-14T07:58:07.127+0000][1][safepoint    ] Total time for which application threads were stopped: 0.0008031 seconds, Stopping threads took: 0.0003934 seconds
[2019-10-14T07:58:08.128+0000][1][safepoint    ] Application time: 1.0001070 seconds
[2019-10-14T07:58:08.129+0000][1][safepoint    ] Entering safepoint region: Cleanup
[2019-10-14T07:58:08.129+0000][1][safepoint    ] Leaving safepoint region
[2019-10-14T07:58:08.130+0000][1][safepoint    ] Total time for which application threads were stopped: 0.0012642 seconds, Stopping threads took: 0.0006728 seconds
[2019-10-14T07:58:09.131+0000][1][safepoint    ] Application time: 1.0001744 seconds
[2019-10-14T07:58:09.132+0000][1][safepoint    ] Entering safepoint region: Cleanup
[2019-10-14T07:58:09.135+0000][1][safepoint    ] Leaving safepoint region
[2019-10-14T07:58:09.136+0000][1][safepoint    ] Total time for which application threads were stopped: 0.0033625 seconds, Stopping threads took: 0.0023267 seconds
[2019-10-14T07:58:10.139+0000][1][safepoint    ] Application time: 1.0006056 seconds
[2019-10-14T07:58:10.140+0000][1][safepoint    ] Entering safepoint region: Cleanup
[2019-10-14T07:58:10.141+0000][1][safepoint    ] Leaving safepoint region
[2019-10-14T07:58:10.141+0000][1][safepoint    ] Total time for which application threads were stopped: 0.0009386 seconds, Stopping threads took: 0.0004343 seconds
[2019-10-14T07:58:11.142+0000][1][safepoint    ] Application time: 1.0003261 seconds
[2019-10-14T07:58:11.143+0000][1][safepoint    ] Entering safepoint region: Cleanup
[2019-10-14T07:58:11.144+0000][1][safepoint    ] Leaving safepoint region
[2019-10-14T07:58:11.144+0000][1][safepoint    ] Total time for which application threads were stopped: 0.0013742 seconds, Stopping threads took: 0.0007736 seconds
[2019-10-14T07:58:11.330+0000][1][safepoint    ] Application time: 0.1851189 seconds
[2019-10-14T07:58:11.330+0000][1][safepoint    ] Entering safepoint region: RevokeBias
[2019-10-14T07:58:11.330+0000][1][safepoint    ] Leaving safepoint region
[2019-10-14T07:58:11.331+0000][1][safepoint    ] Total time for which application threads were stopped: 0.0007945 seconds, Stopping threads took: 0.0003707 seconds
[2019-10-14T07:58:12.333+0000][1][safepoint    ] Application time: 1.0013410 seconds
[2019-10-14T07:58:12.333+0000][1][safepoint    ] Entering safepoint region: Cleanup
[2019-10-14T07:58:12.334+0000][1][safepoint    ] Leaving safepoint region
[2019-10-14T07:58:12.335+0000][1][safepoint    ] Total time for which application threads were stopped: 0.0014314 seconds, Stopping threads took: 0.0008771 seconds
[2019-10-14T07:58:13.336+0000][1][safepoint    ] Application time: 1.0005975 seconds
[2019-10-14T07:58:13.337+0000][1][safepoint    ] Entering safepoint region: Cleanup
[2019-10-14T07:58:13.338+0000][1][safepoint    ] Leaving safepoint region
[2019-10-14T07:58:13.338+0000][1][safepoint    ] Total time for which application threads were stopped: 0.0016731 seconds, Stopping threads took: 0.0009754 seconds
[2019-10-14T07:58:14.339+0000][1][safepoint    ] Application time: 1.0003218 seconds
[2019-10-14T07:58:14.340+0000][1][safepoint    ] Entering safepoint region: Cleanup
[2019-10-14T07:58:14.341+0000][1][safepoint    ] Leaving safepoint region
[2019-10-14T07:58:14.341+0000][1][safepoint    ] Total time for which application threads were stopped: 0.0013613 seconds, Stopping threads took: 0.0008016 seconds
[2019-10-14T07:58:15.342+0000][1][safepoint    ] Application time: 1.0004622 seconds
[2019-10-14T07:58:15.343+0000][1][safepoint    ] Entering safepoint region: Cleanup
[2019-10-14T07:58:15.344+0000][1][safepoint    ] Leaving safepoint region
[2019-10-14T07:58:15.346+0000][1][safepoint    ] Total time for which application threads were stopped: 0.0027726 seconds, Stopping threads took: 0.0013884 seconds
[2019-10-14T07:58:16.347+0000][1][safepoint    ] Application time: 1.0008281 seconds
[2019-10-14T07:58:16.348+0000][1][safepoint    ] Entering safepoint region: Cleanup
[2019-10-14T07:58:16.349+0000][1][safepoint    ] Leaving safepoint region
[2019-10-14T07:58:16.349+0000][1][safepoint    ] Total time for which application threads were stopped: 0.0009028 seconds, Stopping threads took: 0.0004561 seconds
[2019-10-14T07:58:17.350+0000][1][safepoint    ] Application time: 1.0005246 seconds
[2019-10-14T07:58:17.350+0000][1][safepoint    ] Entering safepoint region: Cleanup
[2019-10-14T07:58:17.351+0000][1][safepoint    ] Leaving safepoint region
[2019-10-14T07:58:17.351+0000][1][safepoint    ] Total time for which application threads were stopped: 0.0009422 seconds, Stopping threads took: 0.0004724 seconds
[2019-10-14T07:58:18.352+0000][1][safepoint    ] Application time: 1.0002487 seconds
[2019-10-14T07:58:18.353+0000][1][safepoint    ] Entering safepoint region: Cleanup
[2019-10-14T07:58:18.353+0000][1][safepoint    ] Leaving safepoint region
[2019-10-14T07:58:18.353+0000][1][safepoint    ] Total time for which application threads were stopped: 0.0008812 seconds, Stopping threads took: 0.0004471 seconds
[2019-10-14T07:58:19.355+0000][1][safepoint    ] Application time: 1.0006597 seconds
[2019-10-14T07:58:19.355+0000][1][safepoint    ] Entering safepoint region: Cleanup
[2019-10-14T07:58:19.356+0000][1][safepoint    ] Leaving safepoint region
[2019-10-14T07:58:19.358+0000][1][safepoint    ] Total time for which application threads were stopped: 0.0021654 seconds, Stopping threads took: 0.0005514 seconds
[2019-10-14T07:58:20.359+0000][1][safepoint    ] Application time: 1.0006113 seconds
[2019-10-14T07:58:20.360+0000][1][safepoint    ] Entering safepoint region: Cleanup
[2019-10-14T07:58:20.361+0000][1][safepoint    ] Leaving safepoint region
[2019-10-14T07:58:20.362+0000][1][safepoint    ] Total time for which application threads were stopped: 0.0013738 seconds, Stopping threads took: 0.0007355 seconds
[2019-10-14T07:58:21.364+0000][1][safepoint    ] Application time: 1.0017239 seconds
[2019-10-14T07:58:21.365+0000][1][safepoint    ] Entering safepoint region: Cleanup
[2019-10-14T07:58:21.365+0000][1][safepoint    ] Leaving safepoint region
[2019-10-14T07:58:21.366+0000][1][safepoint    ] Total time for which application threads were stopped: 0.0016191 seconds, Stopping threads took: 0.0005190 seconds
[2019-10-14T07:58:22.369+0000][1][safepoint    ] Application time: 1.0017283 seconds
[2019-10-14T07:58:22.369+0000][1][safepoint    ] Entering safepoint region: Cleanup
[2019-10-14T07:58:22.370+0000][1][safepoint    ] Leaving safepoint region
[2019-10-14T07:58:22.370+0000][1][safepoint    ] Total time for which application threads were stopped: 0.0010083 seconds, Stopping threads took: 0.0004177 seconds
[2019-10-14T07:58:23.372+0000][1][safepoint    ] Application time: 1.0011297 seconds
[2019-10-14T07:58:23.372+0000][1][safepoint    ] Entering safepoint region: Cleanup
[2019-10-14T07:58:23.373+0000][1][safepoint    ] Leaving safepoint region
[2019-10-14T07:58:23.373+0000][1][safepoint    ] Total time for which application threads were stopped: 0.0009115 seconds, Stopping threads took: 0.0004917 seconds
[2019-10-14T07:58:24.375+0000][1][safepoint    ] Application time: 1.0009033 seconds
[2019-10-14T07:58:24.376+0000][1][safepoint    ] Entering safepoint region: Cleanup
[2019-10-14T07:58:24.377+0000][1][safepoint    ] Leaving safepoint region
[2019-10-14T07:58:24.377+0000][1][safepoint    ] Total time for which application threads were stopped: 0.0017983 seconds, Stopping threads took: 0.0007756 seconds
[2019-10-14T07:58:25.381+0000][1][safepoint    ] Application time: 1.0030957 seconds
[2019-10-14T07:58:25.382+0000][1][safepoint    ] Entering safepoint region: Cleanup
[2019-10-14T07:58:25.383+0000][1][safepoint    ] Leaving safepoint region
[2019-10-14T07:58:25.383+0000][1][safepoint    ] Total time for which application threads were stopped: 0.0011056 seconds, Stopping threads took: 0.0004882 seconds
[2019-10-14T07:58:26.384+0000][1][safepoint    ] Application time: 1.0002704 seconds
[2019-10-14T07:58:26.385+0000][1][safepoint    ] Entering safepoint region: Cleanup
[2019-10-14T07:58:26.386+0000][1][safepoint    ] Leaving safepoint region
[2019-10-14T07:58:26.386+0000][1][safepoint    ] Total time for which application threads were stopped: 0.0018248 seconds, Stopping threads took: 0.0009338 seconds
[2019-10-14T07:58:27.391+0000][1][safepoint    ] Application time: 1.0040830 seconds
[2019-10-14T07:58:27.392+0000][1][safepoint    ] Entering safepoint region: Cleanup
[2019-10-14T07:58:27.393+0000][1][safepoint    ] Leaving safepoint region
[2019-10-14T07:58:27.393+0000][1][safepoint    ] Total time for which application threads were stopped: 0.0012266 seconds, Stopping threads took: 0.0006204 seconds
[2019-10-14T07:58:28.395+0000][1][safepoint    ] Application time: 1.0007434 seconds
[2019-10-14T07:58:28.397+0000][1][safepoint    ] Entering safepoint region: Cleanup
[2019-10-14T07:58:28.398+0000][1][safepoint    ] Leaving safepoint region
[2019-10-14T07:58:28.400+0000][1][safepoint    ] Total time for which application threads were stopped: 0.0025937 seconds, Stopping threads took: 0.0007396 seconds
[2019-10-14T07:58:29.402+0000][1][safepoint    ] Application time: 1.0017700 seconds
[2019-10-14T07:58:29.403+0000][1][safepoint    ] Entering safepoint region: Cleanup
[2019-10-14T07:58:29.405+0000][1][safepoint    ] Leaving safepoint region
[2019-10-14T07:58:29.405+0000][1][safepoint    ] Total time for which application threads were stopped: 0.0017516 seconds, Stopping threads took: 0.0010538 seconds
[2019-10-14T07:58:30.408+0000][1][safepoint    ] Application time: 1.0011496 seconds
[2019-10-14T07:58:30.409+0000][1][safepoint    ] Entering safepoint region: Cleanup
[2019-10-14T07:58:30.410+0000][1][safepoint    ] Leaving safepoint region
[2019-10-14T07:58:30.411+0000][1][safepoint    ] Total time for which application threads were stopped: 0.0014091 seconds, Stopping threads took: 0.0008316 seconds
[2019-10-14T07:58:31.411+0000][1][safepoint    ] Application time: 1.0001634 seconds
[2019-10-14T07:58:31.412+0000][1][safepoint    ] Entering safepoint region: Cleanup
[2019-10-14T07:58:31.412+0000][1][safepoint    ] Leaving safepoint region
[2019-10-14T07:58:31.413+0000][1][safepoint    ] Total time for which application threads were stopped: 0.0016196 seconds, Stopping threads took: 0.0003290 seconds
[2019-10-14T07:58:32.416+0000][1][safepoint    ] Application time: 1.0003965 seconds
[2019-10-14T07:58:32.417+0000][1][safepoint    ] Entering safepoint region: Cleanup
[2019-10-14T07:58:32.417+0000][1][safepoint    ] Leaving safepoint region
[2019-10-14T07:58:32.418+0000][1][safepoint    ] Total time for which application threads were stopped: 0.0010450 seconds, Stopping threads took: 0.0004707 seconds
[2019-10-14T07:58:33.399+0000][1][safepoint    ] Application time: 1.0003970 seconds
[2019-10-14T07:58:33.401+0000][1][safepoint    ] Entering safepoint region: Cleanup
[2019-10-14T07:58:33.402+0000][1][safepoint    ] Leaving safepoint region
[2019-10-14T07:58:33.403+0000][1][safepoint    ] Total time for which application threads were stopped: 0.0018215 seconds, Stopping threads took: 0.0009208 seconds
[2019-10-14T07:58:34.404+0000][1][safepoint    ] Application time: 1.0006193 seconds
[2019-10-14T07:58:34.405+0000][1][safepoint    ] Entering safepoint region: Cleanup
[2019-10-14T07:58:34.408+0000][1][safepoint    ] Leaving safepoint region
[2019-10-14T07:58:34.409+0000][1][safepoint    ] Total time for which application threads were stopped: 0.0038260 seconds, Stopping threads took: 0.0030298 seconds
[2019-10-14T07:58:35.410+0000][1][safepoint    ] Application time: 1.0001708 seconds
[2019-10-14T07:58:35.411+0000][1][safepoint    ] Entering safepoint region: Cleanup
[2019-10-14T07:58:35.412+0000][1][safepoint    ] Leaving safepoint region
[2019-10-14T07:58:35.412+0000][1][safepoint    ] Total time for which application threads were stopped: 0.0011107 seconds, Stopping threads took: 0.0006228 seconds
[2019-10-14T07:58:36.413+0000][1][safepoint    ] Application time: 1.0005148 seconds
[2019-10-14T07:58:36.414+0000][1][safepoint    ] Entering safepoint region: Cleanup
[2019-10-14T07:58:36.414+0000][1][safepoint    ] Leaving safepoint region
[2019-10-14T07:58:36.415+0000][1][safepoint    ] Total time for which application threads were stopped: 0.0009467 seconds, Stopping threads took: 0.0004570 seconds
[2019-10-14T07:58:37.416+0000][1][safepoint    ] Application time: 1.0004896 seconds
[2019-10-14T07:58:37.417+0000][1][safepoint    ] Entering safepoint region: Cleanup
[2019-10-14T07:58:37.418+0000][1][safepoint    ] Leaving safepoint region
[2019-10-14T07:58:37.418+0000][1][safepoint    ] Total time for which application threads were stopped: 0.0014850 seconds, Stopping threads took: 0.0006501 seconds
[2019-10-14T07:58:38.420+0000][1][safepoint    ] Application time: 1.0001907 seconds
[2019-10-14T07:58:38.420+0000][1][safepoint    ] Entering safepoint region: Cleanup
[2019-10-14T07:58:38.421+0000][1][safepoint    ] Leaving safepoint region
[2019-10-14T07:58:38.422+0000][1][safepoint    ] Total time for which application threads were stopped: 0.0015394 seconds, Stopping threads took: 0.0009426 seconds
[2019-10-14T07:58:39.422+0000][1][safepoint    ] Application time: 1.0003721 seconds
[2019-10-14T07:58:39.427+0000][1][safepoint    ] Entering safepoint region: Cleanup
[2019-10-14T07:58:39.437+0000][1][safepoint    ] Leaving safepoint region
[2019-10-14T07:58:39.440+0000][1][safepoint    ] Total time for which application threads were stopped: 0.0132259 seconds, Stopping threads took: 0.0101958 seconds
[2019-10-14T07:58:40.444+0000][1][safepoint    ] Application time: 1.0022348 seconds
[2019-10-14T07:58:40.444+0000][1][safepoint    ] Entering safepoint region: Cleanup
[2019-10-14T07:58:40.445+0000][1][safepoint    ] Leaving safepoint region
[2019-10-14T07:58:40.445+0000][1][safepoint    ] Total time for which application threads were stopped: 0.0008533 seconds, Stopping threads took: 0.0003961 seconds
[2019-10-14T07:58:41.446+0000][1][safepoint    ] Application time: 1.0004977 seconds
[2019-10-14T07:58:41.447+0000][1][safepoint    ] Entering safepoint region: Cleanup
[2019-10-14T07:58:41.448+0000][1][safepoint    ] Leaving safepoint region
[2019-10-14T07:58:41.448+0000][1][safepoint    ] Total time for which application threads were stopped: 0.0015060 seconds, Stopping threads took: 0.0008323 seconds
[2019-10-14T07:58:42.450+0000][1][safepoint    ] Application time: 1.0011121 seconds
[2019-10-14T07:58:42.451+0000][1][safepoint    ] Entering safepoint region: Cleanup
[2019-10-14T07:58:42.451+0000][1][safepoint    ] Leaving safepoint region
[2019-10-14T07:58:42.451+0000][1][safepoint    ] Total time for which application threads were stopped: 0.0009581 seconds, Stopping threads took: 0.0004763 seconds
[2019-10-14T07:58:43.455+0000][1][safepoint    ] Application time: 1.0034064 seconds
[2019-10-14T07:58:43.456+0000][1][safepoint    ] Entering safepoint region: Cleanup
[2019-10-14T07:58:43.457+0000][1][safepoint    ] Leaving safepoint region
[2019-10-14T07:58:43.457+0000][1][safepoint    ] Total time for which application threads were stopped: 0.0012527 seconds, Stopping threads took: 0.0005619 seconds
[2019-10-14T07:58:44.458+0000][1][safepoint    ] Application time: 1.0004825 seconds
[2019-10-14T07:58:44.465+0000][1][safepoint    ] Entering safepoint region: Cleanup
[2019-10-14T07:58:44.466+0000][1][safepoint    ] Leaving safepoint region
[2019-10-14T07:58:44.467+0000][1][safepoint    ] Total time for which application threads were stopped: 0.0014817 seconds, Stopping threads took: 0.0009091 seconds
[2019-10-14T07:58:45.473+0000][1][safepoint    ] Application time: 1.0006100 seconds
[2019-10-14T07:58:45.473+0000][1][safepoint    ] Entering safepoint region: Cleanup
[2019-10-14T07:58:45.474+0000][1][safepoint    ] Leaving safepoint region
[2019-10-14T07:58:45.474+0000][1][safepoint    ] Total time for which application threads were stopped: 0.0011007 seconds, Stopping threads took: 0.0005617 seconds
[2019-10-14T07:58:46.475+0000][1][safepoint    ] Application time: 1.0002845 seconds
[2019-10-14T07:58:46.476+0000][1][safepoint    ] Entering safepoint region: Cleanup
[2019-10-14T07:58:46.477+0000][1][safepoint    ] Leaving safepoint region
[2019-10-14T07:58:46.478+0000][1][safepoint    ] Total time for which application threads were stopped: 0.0016100 seconds, Stopping threads took: 0.0006983 seconds
[2019-10-14T07:58:47.482+0000][1][safepoint    ] Application time: 1.0025607 seconds
[2019-10-14T07:58:47.482+0000][1][safepoint    ] Entering safepoint region: Cleanup
[2019-10-14T07:58:47.483+0000][1][safepoint    ] Leaving safepoint region
[2019-10-14T07:58:47.484+0000][1][safepoint    ] Total time for which application threads were stopped: 0.0011265 seconds, Stopping threads took: 0.0005723 seconds
[2019-10-14T07:58:48.484+0000][1][safepoint    ] Application time: 1.0003726 seconds
[2019-10-14T07:58:48.485+0000][1][safepoint    ] Entering safepoint region: Cleanup
[2019-10-14T07:58:48.485+0000][1][safepoint    ] Leaving safepoint region
[2019-10-14T07:58:48.485+0000][1][safepoint    ] Total time for which application threads were stopped: 0.0005997 seconds, Stopping threads took: 0.0002802 seconds
[2019-10-14T07:58:49.486+0000][1][safepoint    ] Application time: 1.0004700 seconds
[2019-10-14T07:58:49.487+0000][1][safepoint    ] Entering safepoint region: Cleanup
[2019-10-14T07:58:49.488+0000][1][safepoint    ] Leaving safepoint region
[2019-10-14T07:58:49.489+0000][1][safepoint    ] Total time for which application threads were stopped: 0.0012274 seconds, Stopping threads took: 0.0005495 seconds
[2019-10-14T07:58:50.489+0000][1][safepoint    ] Application time: 1.0001006 seconds
[2019-10-14T07:58:50.490+0000][1][safepoint    ] Entering safepoint region: Cleanup
[2019-10-14T07:58:50.490+0000][1][safepoint    ] Leaving safepoint region
[2019-10-14T07:58:50.491+0000][1][safepoint    ] Total time for which application threads were stopped: 0.0008300 seconds, Stopping threads took: 0.0004455 seconds
[2019-10-14T07:58:51.491+0000][1][safepoint    ] Application time: 1.0002240 seconds
[2019-10-14T07:58:51.493+0000][1][safepoint    ] Entering safepoint region: Cleanup
[2019-10-14T07:58:51.494+0000][1][safepoint    ] Leaving safepoint region
[2019-10-14T07:58:51.495+0000][1][safepoint    ] Total time for which application threads were stopped: 0.0018382 seconds, Stopping threads took: 0.0011789 seconds
[2019-10-14T07:58:52.496+0000][1][safepoint    ] Application time: 1.0003357 seconds
[2019-10-14T07:58:52.496+0000][1][safepoint    ] Entering safepoint region: Cleanup
[2019-10-14T07:58:52.497+0000][1][safepoint    ] Leaving safepoint region
[2019-10-14T07:58:52.498+0000][1][safepoint    ] Total time for which application threads were stopped: 0.0011426 seconds, Stopping threads took: 0.0006438 seconds
[2019-10-14T07:58:53.498+0000][1][safepoint    ] Application time: 1.0002661 seconds
[2019-10-14T07:58:53.499+0000][1][safepoint    ] Entering safepoint region: Cleanup
[2019-10-14T07:58:53.500+0000][1][safepoint    ] Leaving safepoint region
[2019-10-14T07:58:53.500+0000][1][safepoint    ] Total time for which application threads were stopped: 0.0011525 seconds, Stopping threads took: 0.0005760 seconds
[2019-10-14T07:58:54.501+0000][1][safepoint    ] Application time: 1.0001532 seconds
[2019-10-14T07:58:54.501+0000][1][safepoint    ] Entering safepoint region: Cleanup
[2019-10-14T07:58:54.502+0000][1][safepoint    ] Leaving safepoint region
[2019-10-14T07:58:54.503+0000][1][safepoint    ] Total time for which application threads were stopped: 0.0016974 seconds, Stopping threads took: 0.0007247 seconds
[2019-10-14T07:58:55.508+0000][1][safepoint    ] Application time: 1.0044814 seconds
[2019-10-14T07:58:55.509+0000][1][safepoint    ] Entering safepoint region: Cleanup
[2019-10-14T07:58:55.509+0000][1][safepoint    ] Leaving safepoint region
[2019-10-14T07:58:55.510+0000][1][safepoint    ] Total time for which application threads were stopped: 0.0007494 seconds, Stopping threads took: 0.0003396 seconds
[2019-10-14T07:58:56.513+0000][1][safepoint    ] Application time: 1.0030172 seconds
[2019-10-14T07:58:56.514+0000][1][safepoint    ] Entering safepoint region: Cleanup
[2019-10-14T07:58:56.515+0000][1][safepoint    ] Leaving safepoint region
[2019-10-14T07:58:56.515+0000][1][safepoint    ] Total time for which application threads were stopped: 0.0011203 seconds, Stopping threads took: 0.0006136 seconds
[2019-10-14T07:58:57.516+0000][1][safepoint    ] Application time: 1.0003679 seconds
[2019-10-14T07:58:57.517+0000][1][safepoint    ] Entering safepoint region: Cleanup
[2019-10-14T07:58:57.517+0000][1][safepoint    ] Leaving safepoint region
[2019-10-14T07:58:57.518+0000][1][safepoint    ] Total time for which application threads were stopped: 0.0011149 seconds, Stopping threads took: 0.0005271 seconds
[2019-10-14T07:58:58.519+0000][1][safepoint    ] Application time: 1.0006023 seconds
[2019-10-14T07:58:58.521+0000][1][safepoint    ] Entering safepoint region: Cleanup
[2019-10-14T07:58:58.522+0000][1][safepoint    ] Leaving safepoint region
[2019-10-14T07:58:58.522+0000][1][safepoint    ] Total time for which application threads were stopped: 0.0011807 seconds, Stopping threads took: 0.0005408 seconds
[2019-10-14T07:58:59.523+0000][1][safepoint    ] Application time: 1.0002415 seconds
[2019-10-14T07:58:59.524+0000][1][safepoint    ] Entering safepoint region: Cleanup
[2019-10-14T07:58:59.525+0000][1][safepoint    ] Leaving safepoint region
[2019-10-14T07:58:59.526+0000][1][safepoint    ] Total time for which application threads were stopped: 0.0020558 seconds, Stopping threads took: 0.0010736 seconds
[2019-10-14T07:59:00.528+0000][1][safepoint    ] Application time: 1.0010817 seconds
[2019-10-14T07:59:00.532+0000][1][safepoint    ] Entering safepoint region: Cleanup
[2019-10-14T07:59:00.533+0000][1][safepoint    ] Leaving safepoint region
[2019-10-14T07:59:00.534+0000][1][safepoint    ] Total time for which application threads were stopped: 0.0020902 seconds, Stopping threads took: 0.0011826 seconds
[2019-10-14T07:59:01.537+0000][1][safepoint    ] Application time: 1.0028291 seconds
[2019-10-14T07:59:01.538+0000][1][safepoint    ] Entering safepoint region: Cleanup
[2019-10-14T07:59:01.538+0000][1][safepoint    ] Leaving safepoint region
[2019-10-14T07:59:01.539+0000][1][safepoint    ] Total time for which application threads were stopped: 0.0009370 seconds, Stopping threads took: 0.0004706 seconds
[2019-10-14T07:59:02.540+0000][1][safepoint    ] Application time: 1.0004926 seconds
[2019-10-14T07:59:02.540+0000][1][safepoint    ] Entering safepoint region: Cleanup
[2019-10-14T07:59:02.541+0000][1][safepoint    ] Leaving safepoint region
[2019-10-14T07:59:02.541+0000][1][safepoint    ] Total time for which application threads were stopped: 0.0008416 seconds, Stopping threads took: 0.0003714 seconds
[2019-10-14T07:59:03.520+0000][1][safepoint    ] Application time: 1.0019737 seconds
[2019-10-14T07:59:03.521+0000][1][safepoint    ] Entering safepoint region: Cleanup
[2019-10-14T07:59:03.524+0000][1][safepoint    ] Leaving safepoint region
[2019-10-14T07:59:03.526+0000][1][safepoint    ] Total time for which application threads were stopped: 0.0046291 seconds, Stopping threads took: 0.0026798 seconds
[2019-10-14T07:59:04.528+0000][1][safepoint    ] Application time: 1.0018004 seconds
[2019-10-14T07:59:04.529+0000][1][safepoint    ] Entering safepoint region: Cleanup
[2019-10-14T07:59:04.530+0000][1][safepoint    ] Leaving safepoint region
[2019-10-14T07:59:04.530+0000][1][safepoint    ] Total time for which application threads were stopped: 0.0012115 seconds, Stopping threads took: 0.0006356 seconds
[2019-10-14T07:59:05.531+0000][1][safepoint    ] Application time: 1.0004080 seconds
[2019-10-14T07:59:05.532+0000][1][safepoint    ] Entering safepoint region: Cleanup
[2019-10-14T07:59:05.532+0000][1][safepoint    ] Leaving safepoint region
[2019-10-14T07:59:05.533+0000][1][safepoint    ] Total time for which application threads were stopped: 0.0008794 seconds, Stopping threads took: 0.0004242 seconds
[2019-10-14T07:59:06.533+0000][1][safepoint    ] Application time: 1.0002627 seconds
[2019-10-14T07:59:06.534+0000][1][safepoint    ] Entering safepoint region: Cleanup
[2019-10-14T07:59:06.536+0000][1][safepoint    ] Leaving safepoint region
[2019-10-14T07:59:06.537+0000][1][safepoint    ] Total time for which application threads were stopped: 0.0024578 seconds, Stopping threads took: 0.0017934 seconds
[2019-10-14T07:59:07.538+0000][1][safepoint    ] Application time: 1.0000842 seconds
[2019-10-14T07:59:07.539+0000][1][safepoint    ] Entering safepoint region: Cleanup
[2019-10-14T07:59:07.539+0000][1][safepoint    ] Leaving safepoint region
[2019-10-14T07:59:07.540+0000][1][safepoint    ] Total time for which application threads were stopped: 0.0013729 seconds, Stopping threads took: 0.0006341 seconds
[2019-10-14T07:59:08.541+0000][1][safepoint    ] Application time: 1.0009214 seconds
[2019-10-14T07:59:08.542+0000][1][safepoint    ] Entering safepoint region: Cleanup
[2019-10-14T07:59:08.543+0000][1][safepoint    ] Leaving safepoint region
[2019-10-14T07:59:08.543+0000][1][safepoint    ] Total time for which application threads were stopped: 0.0011866 seconds, Stopping threads took: 0.0006131 seconds
[2019-10-14T07:59:09.545+0000][1][safepoint    ] Application time: 1.0006248 seconds
[2019-10-14T07:59:09.545+0000][1][safepoint    ] Entering safepoint region: Cleanup
[2019-10-14T07:59:09.548+0000][1][safepoint    ] Leaving safepoint region
[2019-10-14T07:59:09.550+0000][1][safepoint    ] Total time for which application threads were stopped: 0.0043778 seconds, Stopping threads took: 0.0022435 seconds
[2019-10-14T07:59:10.551+0000][1][safepoint    ] Application time: 1.0004103 seconds
[2019-10-14T07:59:10.551+0000][1][safepoint    ] Entering safepoint region: Cleanup
[2019-10-14T07:59:10.552+0000][1][safepoint    ] Leaving safepoint region
[2019-10-14T07:59:10.553+0000][1][safepoint    ] Total time for which application threads were stopped: 0.0012756 seconds, Stopping threads took: 0.0005011 seconds
[2019-10-14T07:59:11.308+0000][1][safepoint    ] Application time: 0.7549332 seconds
[2019-10-14T07:59:11.309+0000][1][safepoint    ] Entering safepoint region: RevokeBias
[2019-10-14T07:59:11.309+0000][1][safepoint    ] Leaving safepoint region
[2019-10-14T07:59:11.309+0000][1][safepoint    ] Total time for which application threads were stopped: 0.0009245 seconds, Stopping threads took: 0.0004865 seconds
[2019-10-14T07:59:12.310+0000][1][safepoint    ] Application time: 1.0001776 seconds
[2019-10-14T07:59:12.311+0000][1][safepoint    ] Entering safepoint region: Cleanup
[2019-10-14T07:59:12.311+0000][1][safepoint    ] Leaving safepoint region
[2019-10-14T07:59:12.312+0000][1][safepoint    ] Total time for which application threads were stopped: 0.0010935 seconds, Stopping threads took: 0.0005455 seconds
[2019-10-14T07:59:13.314+0000][1][safepoint    ] Application time: 1.0017151 seconds
[2019-10-14T07:59:13.315+0000][1][safepoint    ] Entering safepoint region: Cleanup
[2019-10-14T07:59:13.315+0000][1][safepoint    ] Leaving safepoint region
[2019-10-14T07:59:13.320+0000][1][safepoint    ] Total time for which application threads were stopped: 0.0050999 seconds, Stopping threads took: 0.0004970 seconds
[2019-10-14T07:59:14.328+0000][1][safepoint    ] Application time: 1.0011418 seconds
[2019-10-14T07:59:14.329+0000][1][safepoint    ] Entering safepoint region: Cleanup
[2019-10-14T07:59:14.330+0000][1][safepoint    ] Leaving safepoint region
[2019-10-14T07:59:14.331+0000][1][safepoint    ] Total time for which application threads were stopped: 0.0015507 seconds, Stopping threads took: 0.0007252 seconds
[2019-10-14T07:59:15.332+0000][1][safepoint    ] Application time: 1.0007727 seconds
[2019-10-14T07:59:15.333+0000][1][safepoint    ] Entering safepoint region: Cleanup
[2019-10-14T07:59:15.333+0000][1][safepoint    ] Leaving safepoint region
[2019-10-14T07:59:15.334+0000][1][safepoint    ] Total time for which application threads were stopped: 0.0010872 seconds, Stopping threads took: 0.0005105 seconds
[2019-10-14T07:59:16.335+0000][1][safepoint    ] Application time: 1.0011726 seconds
[2019-10-14T07:59:16.336+0000][1][safepoint    ] Entering safepoint region: Cleanup
[2019-10-14T07:59:16.337+0000][1][safepoint    ] Leaving safepoint region
[2019-10-14T07:59:16.337+0000][1][safepoint    ] Total time for which application threads were stopped: 0.0013800 seconds, Stopping threads took: 0.0006138 seconds
[2019-10-14T07:59:17.339+0000][1][safepoint    ] Application time: 1.0011045 seconds
[2019-10-14T07:59:17.340+0000][1][safepoint    ] Entering safepoint region: Cleanup
[2019-10-14T07:59:17.341+0000][1][safepoint    ] Leaving safepoint region
[2019-10-14T07:59:17.343+0000][1][safepoint    ] Total time for which application threads were stopped: 0.0032974 seconds, Stopping threads took: 0.0006670 seconds
[2019-10-14T07:59:18.347+0000][1][safepoint    ] Application time: 1.0013888 seconds
[2019-10-14T07:59:18.348+0000][1][safepoint    ] Entering safepoint region: Cleanup
[2019-10-14T07:59:18.349+0000][1][safepoint    ] Leaving safepoint region
[2019-10-14T07:59:18.349+0000][1][safepoint    ] Total time for which application threads were stopped: 0.0015127 seconds, Stopping threads took: 0.0007858 seconds
[2019-10-14T07:59:19.351+0000][1][safepoint    ] Application time: 1.0009536 seconds
[2019-10-14T07:59:19.352+0000][1][safepoint    ] Entering safepoint region: Cleanup
[2019-10-14T07:59:19.353+0000][1][safepoint    ] Leaving safepoint region
[2019-10-14T07:59:19.358+0000][1][safepoint    ] Total time for which application threads were stopped: 0.0058372 seconds, Stopping threads took: 0.0009899 seconds
[2019-10-14T07:59:20.359+0000][1][safepoint    ] Application time: 1.0005482 seconds
[2019-10-14T07:59:20.360+0000][1][safepoint    ] Entering safepoint region: Cleanup
[2019-10-14T07:59:20.361+0000][1][safepoint    ] Leaving safepoint region
[2019-10-14T07:59:20.362+0000][1][safepoint    ] Total time for which application threads were stopped: 0.0012830 seconds, Stopping threads took: 0.0006917 seconds
[2019-10-14T07:59:21.363+0000][1][safepoint    ] Application time: 1.0003691 seconds
[2019-10-14T07:59:21.366+0000][1][safepoint    ] Entering safepoint region: Cleanup
[2019-10-14T07:59:21.368+0000][1][safepoint    ] Leaving safepoint region
[2019-10-14T07:59:21.369+0000][1][safepoint    ] Total time for which application threads were stopped: 0.0031157 seconds, Stopping threads took: 0.0022989 seconds
[2019-10-14T07:59:22.370+0000][1][safepoint    ] Application time: 1.0009333 seconds
[2019-10-14T07:59:22.371+0000][1][safepoint    ] Entering safepoint region: Cleanup
[2019-10-14T07:59:22.372+0000][1][safepoint    ] Leaving safepoint region
[2019-10-14T07:59:22.372+0000][1][safepoint    ] Total time for which application threads were stopped: 0.0011528 seconds, Stopping threads took: 0.0005512 seconds
[2019-10-14T07:59:23.373+0000][1][safepoint    ] Application time: 1.0005980 seconds
[2019-10-14T07:59:23.374+0000][1][safepoint    ] Entering safepoint region: Cleanup
[2019-10-14T07:59:23.374+0000][1][safepoint    ] Leaving safepoint region
[2019-10-14T07:59:23.374+0000][1][safepoint    ] Total time for which application threads were stopped: 0.0006909 seconds, Stopping threads took: 0.0003359 seconds
[2019-10-14T07:59:24.375+0000][1][safepoint    ] Application time: 1.0005595 seconds
[2019-10-14T07:59:24.377+0000][1][safepoint    ] Entering safepoint region: Cleanup
[2019-10-14T07:59:24.377+0000][1][safepoint    ] Leaving safepoint region
[2019-10-14T07:59:24.378+0000][1][safepoint    ] Total time for which application threads were stopped: 0.0015006 seconds, Stopping threads took: 0.0004823 seconds
[2019-10-14T07:59:25.379+0000][1][safepoint    ] Application time: 1.0004575 seconds
[2019-10-14T07:59:25.384+0000][1][safepoint    ] Entering safepoint region: Cleanup
[2019-10-14T07:59:25.388+0000][1][safepoint    ] Leaving safepoint region
[2019-10-14T07:59:25.388+0000][1][safepoint    ] Total time for which application threads were stopped: 0.0046116 seconds, Stopping threads took: 0.0037905 seconds
[2019-10-14T07:59:26.389+0000][1][safepoint    ] Application time: 1.0003454 seconds
[2019-10-14T07:59:26.390+0000][1][safepoint    ] Entering safepoint region: Cleanup
[2019-10-14T07:59:26.390+0000][1][safepoint    ] Leaving safepoint region
[2019-10-14T07:59:26.391+0000][1][safepoint    ] Total time for which application threads were stopped: 0.0009571 seconds, Stopping threads took: 0.0005243 seconds
[2019-10-14T07:59:27.391+0000][1][safepoint    ] Application time: 1.0001628 seconds
[2019-10-14T07:59:27.392+0000][1][safepoint    ] Entering safepoint region: Cleanup
[2019-10-14T07:59:27.393+0000][1][safepoint    ] Leaving safepoint region
[2019-10-14T07:59:27.393+0000][1][safepoint    ] Total time for which application threads were stopped: 0.0010909 seconds, Stopping threads took: 0.0005868 seconds
[2019-10-14T07:59:28.394+0000][1][safepoint    ] Application time: 1.0010072 seconds
[2019-10-14T07:59:28.396+0000][1][safepoint    ] Entering safepoint region: Cleanup
[2019-10-14T07:59:28.397+0000][1][safepoint    ] Leaving safepoint region
[2019-10-14T07:59:28.400+0000][1][safepoint    ] Total time for which application threads were stopped: 0.0039727 seconds, Stopping threads took: 0.0010806 seconds
[2019-10-14T07:59:29.406+0000][1][safepoint    ] Application time: 1.0039007 seconds
[2019-10-14T07:59:29.407+0000][1][safepoint    ] Entering safepoint region: Cleanup
[2019-10-14T07:59:29.408+0000][1][safepoint    ] Leaving safepoint region
[2019-10-14T07:59:29.408+0000][1][safepoint    ] Total time for which application threads were stopped: 0.0011969 seconds, Stopping threads took: 0.0005434 seconds
[2019-10-14T07:59:30.412+0000][1][safepoint    ] Application time: 1.0033586 seconds
[2019-10-14T07:59:30.413+0000][1][safepoint    ] Entering safepoint region: Cleanup
[2019-10-14T07:59:30.414+0000][1][safepoint    ] Leaving safepoint region
[2019-10-14T07:59:30.414+0000][1][safepoint    ] Total time for which application threads were stopped: 0.0016070 seconds, Stopping threads took: 0.0010722 seconds
[2019-10-14T07:59:30.825+0000][1][safepoint    ] Application time: 0.4102805 seconds
[2019-10-14T07:59:30.826+0000][1][safepoint    ] Entering safepoint region: GenCollectForAllocation
[2019-10-14T07:59:30.827+0000][1][gc,start     ] GC(43) Pause Young (Allocation Failure)
[2019-10-14T07:59:30.827+0000][1][gc,task      ] GC(43) Using 2 workers of 2 for evacuation
[2019-10-14T07:59:30.834+0000][1][gc,age       ] GC(43) Desired survivor size 4456448 bytes, new threshold 6 (max threshold 6)
[2019-10-14T07:59:30.835+0000][1][gc,age       ] GC(43) Age table with threshold 6 (max threshold 6)
[2019-10-14T07:59:30.837+0000][1][gc,age       ] GC(43) - age   1:      23560 bytes,      23560 total
[2019-10-14T07:59:30.840+0000][1][gc,age       ] GC(43) - age   2:      56064 bytes,      79624 total
[2019-10-14T07:59:30.840+0000][1][gc,age       ] GC(43) - age   3:      72728 bytes,     152352 total
[2019-10-14T07:59:30.841+0000][1][gc,age       ] GC(43) - age   4:       5248 bytes,     157600 total
[2019-10-14T07:59:30.842+0000][1][gc,age       ] GC(43) - age   5:       4000 bytes,     161600 total
[2019-10-14T07:59:30.842+0000][1][gc,age       ] GC(43) - age   6:     406624 bytes,     568224 total
[2019-10-14T07:59:30.843+0000][1][gc,heap      ] GC(43) ParNew: 70709K->816K(78656K)
[2019-10-14T07:59:30.844+0000][1][gc,heap      ] GC(43) CMS: 72437K->72443K(174784K)
[2019-10-14T07:59:30.844+0000][1][gc,metaspace ] GC(43) Metaspace: 82035K->82035K(1124352K)
[2019-10-14T07:59:30.845+0000][1][gc           ] GC(43) Pause Young (Allocation Failure) 139M->71M(247M) 17.693ms
[2019-10-14T07:59:30.845+0000][1][gc,cpu       ] GC(43) User=0.01s Sys=0.00s Real=0.02s
[2019-10-14T07:59:30.845+0000][1][safepoint    ] Leaving safepoint region
[2019-10-14T07:59:30.845+0000][1][safepoint    ] Total time for which application threads were stopped: 0.0190741 seconds, Stopping threads took: 0.0004409 seconds
[2019-10-14T07:59:31.846+0000][1][safepoint    ] Application time: 1.0002769 seconds
[2019-10-14T07:59:31.846+0000][1][safepoint    ] Entering safepoint region: Cleanup
[2019-10-14T07:59:31.846+0000][1][safepoint    ] Leaving safepoint region
[2019-10-14T07:59:31.847+0000][1][safepoint    ] Total time for which application threads were stopped: 0.0006493 seconds, Stopping threads took: 0.0002692 seconds
[2019-10-14T07:59:32.847+0000][1][safepoint    ] Application time: 1.0001090 seconds
[2019-10-14T07:59:32.848+0000][1][safepoint    ] Entering safepoint region: Cleanup
[2019-10-14T07:59:32.848+0000][1][safepoint    ] Leaving safepoint region
[2019-10-14T07:59:32.849+0000][1][safepoint    ] Total time for which application threads were stopped: 0.0011132 seconds, Stopping threads took: 0.0003906 seconds
[2019-10-14T07:59:33.829+0000][1][safepoint    ] Application time: 1.0007148 seconds
[2019-10-14T07:59:33.829+0000][1][safepoint    ] Entering safepoint region: Cleanup
[2019-10-14T07:59:33.830+0000][1][safepoint    ] Leaving safepoint region
[2019-10-14T07:59:33.831+0000][1][safepoint    ] Total time for which application threads were stopped: 0.0014369 seconds, Stopping threads took: 0.0009259 seconds
[2019-10-14T07:59:34.832+0000][1][safepoint    ] Application time: 1.0007211 seconds
[2019-10-14T07:59:34.832+0000][1][safepoint    ] Entering safepoint region: Cleanup
[2019-10-14T07:59:34.833+0000][1][safepoint    ] Leaving safepoint region
[2019-10-14T07:59:34.833+0000][1][safepoint    ] Total time for which application threads were stopped: 0.0007749 seconds, Stopping threads took: 0.0003720 seconds
[2019-10-14T07:59:35.837+0000][1][safepoint    ] Application time: 1.0032106 seconds
[2019-10-14T07:59:35.841+0000][1][safepoint    ] Entering safepoint region: Cleanup
[2019-10-14T07:59:35.844+0000][1][safepoint    ] Leaving safepoint region
[2019-10-14T07:59:35.849+0000][1][safepoint    ] Total time for which application threads were stopped: 0.0079698 seconds, Stopping threads took: 0.0030936 seconds
[2019-10-14T07:59:36.850+0000][1][safepoint    ] Application time: 1.0002966 seconds
[2019-10-14T07:59:36.851+0000][1][safepoint    ] Entering safepoint region: Cleanup
[2019-10-14T07:59:36.851+0000][1][safepoint    ] Leaving safepoint region
[2019-10-14T07:59:36.852+0000][1][safepoint    ] Total time for which application threads were stopped: 0.0007679 seconds, Stopping threads took: 0.0003710 seconds
[2019-10-14T07:59:37.855+0000][1][safepoint    ] Application time: 1.0023721 seconds
[2019-10-14T07:59:37.859+0000][1][safepoint    ] Entering safepoint region: Cleanup
[2019-10-14T07:59:37.859+0000][1][safepoint    ] Leaving safepoint region
[2019-10-14T07:59:37.860+0000][1][safepoint    ] Total time for which application threads were stopped: 0.0008273 seconds, Stopping threads took: 0.0004224 seconds
[2019-10-14T07:59:38.860+0000][1][safepoint    ] Application time: 1.0002918 seconds
[2019-10-14T07:59:38.862+0000][1][safepoint    ] Entering safepoint region: Cleanup
[2019-10-14T07:59:38.862+0000][1][safepoint    ] Leaving safepoint region
[2019-10-14T07:59:38.863+0000][1][safepoint    ] Total time for which application threads were stopped: 0.0017305 seconds, Stopping threads took: 0.0009649 seconds
[2019-10-14T07:59:39.864+0000][1][safepoint    ] Application time: 1.0005736 seconds
[2019-10-14T07:59:39.865+0000][1][safepoint    ] Entering safepoint region: Cleanup
[2019-10-14T07:59:39.866+0000][1][safepoint    ] Leaving safepoint region
[2019-10-14T07:59:39.867+0000][1][safepoint    ] Total time for which application threads were stopped: 0.0015612 seconds, Stopping threads took: 0.0007098 seconds
[2019-10-14T07:59:40.868+0000][1][safepoint    ] Application time: 1.0005633 seconds
[2019-10-14T07:59:40.875+0000][1][safepoint    ] Entering safepoint region: Cleanup
[2019-10-14T07:59:40.877+0000][1][safepoint    ] Leaving safepoint region
[2019-10-14T07:59:40.878+0000][1][safepoint    ] Total time for which application threads were stopped: 0.0026408 seconds, Stopping threads took: 0.0014313 seconds
[2019-10-14T07:59:41.887+0000][1][safepoint    ] Application time: 1.0003345 seconds
[2019-10-14T07:59:41.887+0000][1][safepoint    ] Entering safepoint region: Cleanup
[2019-10-14T07:59:41.888+0000][1][safepoint    ] Leaving safepoint region
[2019-10-14T07:59:41.889+0000][1][safepoint    ] Total time for which application threads were stopped: 0.0011094 seconds, Stopping threads took: 0.0006028 seconds
[2019-10-14T07:59:42.889+0000][1][safepoint    ] Application time: 1.0004411 seconds
[2019-10-14T07:59:42.893+0000][1][safepoint    ] Entering safepoint region: Cleanup
[2019-10-14T07:59:42.895+0000][1][safepoint    ] Leaving safepoint region
[2019-10-14T07:59:42.895+0000][1][safepoint    ] Total time for which application threads were stopped: 0.0020922 seconds, Stopping threads took: 0.0014532 seconds
[2019-10-14T07:59:43.897+0000][1][safepoint    ] Application time: 1.0010031 seconds
[2019-10-14T07:59:43.897+0000][1][safepoint    ] Entering safepoint region: Cleanup
[2019-10-14T07:59:43.898+0000][1][safepoint    ] Leaving safepoint region
[2019-10-14T07:59:43.898+0000][1][safepoint    ] Total time for which application threads were stopped: 0.0008307 seconds, Stopping threads took: 0.0004148 seconds
[2019-10-14T07:59:44.899+0000][1][safepoint    ] Application time: 1.0001607 seconds
[2019-10-14T07:59:44.899+0000][1][safepoint    ] Entering safepoint region: Cleanup
[2019-10-14T07:59:44.899+0000][1][safepoint    ] Leaving safepoint region
[2019-10-14T07:59:44.900+0000][1][safepoint    ] Total time for which application threads were stopped: 0.0006665 seconds, Stopping threads took: 0.0002907 seconds
[2019-10-14T07:59:45.901+0000][1][safepoint    ] Application time: 1.0006674 seconds
[2019-10-14T07:59:45.901+0000][1][safepoint    ] Entering safepoint region: Cleanup
[2019-10-14T07:59:45.902+0000][1][safepoint    ] Leaving safepoint region
[2019-10-14T07:59:45.903+0000][1][safepoint    ] Total time for which application threads were stopped: 0.0012658 seconds, Stopping threads took: 0.0007652 seconds
[2019-10-14T07:59:46.906+0000][1][safepoint    ] Application time: 1.0034992 seconds
[2019-10-14T07:59:46.907+0000][1][safepoint    ] Entering safepoint region: Cleanup
[2019-10-14T07:59:46.908+0000][1][safepoint    ] Leaving safepoint region
[2019-10-14T07:59:46.908+0000][1][safepoint    ] Total time for which application threads were stopped: 0.0010834 seconds, Stopping threads took: 0.0004800 seconds
[2019-10-14T07:59:47.912+0000][1][safepoint    ] Application time: 1.0035497 seconds
[2019-10-14T07:59:47.913+0000][1][safepoint    ] Entering safepoint region: Cleanup
[2019-10-14T07:59:47.914+0000][1][safepoint    ] Leaving safepoint region
[2019-10-14T07:59:47.915+0000][1][safepoint    ] Total time for which application threads were stopped: 0.0016172 seconds, Stopping threads took: 0.0009164 seconds
[2019-10-14T07:59:48.915+0000][1][safepoint    ] Application time: 1.0001672 seconds
[2019-10-14T07:59:48.916+0000][1][safepoint    ] Entering safepoint region: Cleanup
[2019-10-14T07:59:48.917+0000][1][safepoint    ] Leaving safepoint region
[2019-10-14T07:59:48.917+0000][1][safepoint    ] Total time for which application threads were stopped: 0.0009770 seconds, Stopping threads took: 0.0005320 seconds
[2019-10-14T07:59:49.918+0000][1][safepoint    ] Application time: 1.0002621 seconds
[2019-10-14T07:59:49.919+0000][1][safepoint    ] Entering safepoint region: Cleanup
[2019-10-14T07:59:49.919+0000][1][safepoint    ] Leaving safepoint region
[2019-10-14T07:59:49.920+0000][1][safepoint    ] Total time for which application threads were stopped: 0.0012717 seconds, Stopping threads took: 0.0006111 seconds
[2019-10-14T07:59:50.920+0000][1][safepoint    ] Application time: 1.0001992 seconds
[2019-10-14T07:59:50.921+0000][1][safepoint    ] Entering safepoint region: Cleanup
[2019-10-14T07:59:50.922+0000][1][safepoint    ] Leaving safepoint region
[2019-10-14T07:59:50.923+0000][1][safepoint    ] Total time for which application threads were stopped: 0.0014905 seconds, Stopping threads took: 0.0006858 seconds
[2019-10-14T07:59:51.925+0000][1][safepoint    ] Application time: 1.0012072 seconds
[2019-10-14T07:59:51.926+0000][1][safepoint    ] Entering safepoint region: Cleanup
[2019-10-14T07:59:51.927+0000][1][safepoint    ] Leaving safepoint region
[2019-10-14T07:59:51.928+0000][1][safepoint    ] Total time for which application threads were stopped: 0.0016448 seconds, Stopping threads took: 0.0006716 seconds
[2019-10-14T07:59:52.928+0000][1][safepoint    ] Application time: 1.0002728 seconds
[2019-10-14T07:59:52.929+0000][1][safepoint    ] Entering safepoint region: Cleanup
[2019-10-14T07:59:52.930+0000][1][safepoint    ] Leaving safepoint region
[2019-10-14T07:59:52.930+0000][1][safepoint    ] Total time for which application threads were stopped: 0.0009058 seconds, Stopping threads took: 0.0004989 seconds
[2019-10-14T07:59:53.931+0000][1][safepoint    ] Application time: 1.0003318 seconds
[2019-10-14T07:59:53.931+0000][1][safepoint    ] Entering safepoint region: Cleanup
[2019-10-14T07:59:53.932+0000][1][safepoint    ] Leaving safepoint region
[2019-10-14T07:59:53.932+0000][1][safepoint    ] Total time for which application threads were stopped: 0.0009220 seconds, Stopping threads took: 0.0004213 seconds
[2019-10-14T07:59:54.933+0000][1][safepoint    ] Application time: 1.0005856 seconds
[2019-10-14T07:59:54.934+0000][1][safepoint    ] Entering safepoint region: Cleanup
[2019-10-14T07:59:54.935+0000][1][safepoint    ] Leaving safepoint region
[2019-10-14T07:59:54.935+0000][1][safepoint    ] Total time for which application threads were stopped: 0.0012759 seconds, Stopping threads took: 0.0005411 seconds
[2019-10-14T07:59:55.937+0000][1][safepoint    ] Application time: 1.0012498 seconds
[2019-10-14T07:59:55.945+0000][1][safepoint    ] Entering safepoint region: Cleanup
[2019-10-14T07:59:55.945+0000][1][safepoint    ] Leaving safepoint region
[2019-10-14T07:59:55.946+0000][1][safepoint    ] Total time for which application threads were stopped: 0.0011100 seconds, Stopping threads took: 0.0006349 seconds
[2019-10-14T07:59:56.946+0000][1][safepoint    ] Application time: 1.0003361 seconds
[2019-10-14T07:59:56.947+0000][1][safepoint    ] Entering safepoint region: Cleanup
[2019-10-14T07:59:56.948+0000][1][safepoint    ] Leaving safepoint region
[2019-10-14T07:59:56.948+0000][1][safepoint    ] Total time for which application threads were stopped: 0.0010386 seconds, Stopping threads took: 0.0005090 seconds
[2019-10-14T07:59:57.950+0000][1][safepoint    ] Application time: 1.0018366 seconds
[2019-10-14T07:59:57.951+0000][1][safepoint    ] Entering safepoint region: Cleanup
[2019-10-14T07:59:57.952+0000][1][safepoint    ] Leaving safepoint region
[2019-10-14T07:59:57.953+0000][1][safepoint    ] Total time for which application threads were stopped: 0.0012933 seconds, Stopping threads took: 0.0006137 seconds
[2019-10-14T07:59:58.954+0000][1][safepoint    ] Application time: 1.0005431 seconds
[2019-10-14T07:59:58.954+0000][1][safepoint    ] Entering safepoint region: Cleanup
[2019-10-14T07:59:58.955+0000][1][safepoint    ] Leaving safepoint region
[2019-10-14T07:59:58.955+0000][1][safepoint    ] Total time for which application threads were stopped: 0.0009655 seconds, Stopping threads took: 0.0004931 seconds
[2019-10-14T07:59:59.957+0000][1][safepoint    ] Application time: 1.0011323 seconds
[2019-10-14T07:59:59.958+0000][1][safepoint    ] Entering safepoint region: Cleanup
[2019-10-14T07:59:59.961+0000][1][safepoint    ] Leaving safepoint region
[2019-10-14T07:59:59.962+0000][1][safepoint    ] Total time for which application threads were stopped: 0.0038501 seconds, Stopping threads took: 0.0029921 seconds
[2019-10-14T08:00:00.963+0000][1][safepoint    ] Application time: 1.0006491 seconds
[2019-10-14T08:00:00.964+0000][1][safepoint    ] Entering safepoint region: Cleanup
[2019-10-14T08:00:00.965+0000][1][safepoint    ] Leaving safepoint region
[2019-10-14T08:00:00.965+0000][1][safepoint    ] Total time for which application threads were stopped: 0.0016673 seconds, Stopping threads took: 0.0005617 seconds
[2019-10-14T08:00:01.967+0000][1][safepoint    ] Application time: 1.0011024 seconds
[2019-10-14T08:00:01.967+0000][1][safepoint    ] Entering safepoint region: Cleanup
[2019-10-14T08:00:01.968+0000][1][safepoint    ] Leaving safepoint region
[2019-10-14T08:00:01.968+0000][1][safepoint    ] Total time for which application threads were stopped: 0.0008113 seconds, Stopping threads took: 0.0003555 seconds
[2019-10-14T08:00:02.970+0000][1][safepoint    ] Application time: 1.0011418 seconds
[2019-10-14T08:00:02.971+0000][1][safepoint    ] Entering safepoint region: Cleanup
[2019-10-14T08:00:02.981+0000][1][safepoint    ] Leaving safepoint region
[2019-10-14T08:00:02.982+0000][1][safepoint    ] Total time for which application threads were stopped: 0.0106184 seconds, Stopping threads took: 0.0011554 seconds
[2019-10-14T08:00:03.962+0000][1][safepoint    ] Application time: 1.0005166 seconds
[2019-10-14T08:00:03.963+0000][1][safepoint    ] Entering safepoint region: Cleanup
[2019-10-14T08:00:03.965+0000][1][safepoint    ] Leaving safepoint region
[2019-10-14T08:00:03.966+0000][1][safepoint    ] Total time for which application threads were stopped: 0.0027829 seconds, Stopping threads took: 0.0010251 seconds
[2019-10-14T08:00:04.967+0000][1][safepoint    ] Application time: 1.0002626 seconds
[2019-10-14T08:00:04.967+0000][1][safepoint    ] Entering safepoint region: Cleanup
[2019-10-14T08:00:04.968+0000][1][safepoint    ] Leaving safepoint region
[2019-10-14T08:00:04.968+0000][1][safepoint    ] Total time for which application threads were stopped: 0.0010097 seconds, Stopping threads took: 0.0005792 seconds
[2019-10-14T08:00:05.969+0000][1][safepoint    ] Application time: 1.0010108 seconds
[2019-10-14T08:00:05.971+0000][1][safepoint    ] Entering safepoint region: Cleanup
[2019-10-14T08:00:05.971+0000][1][safepoint    ] Leaving safepoint region
[2019-10-14T08:00:05.972+0000][1][safepoint    ] Total time for which application threads were stopped: 0.0012312 seconds, Stopping threads took: 0.0005995 seconds
[2019-10-14T08:00:06.973+0000][1][safepoint    ] Application time: 1.0005267 seconds
[2019-10-14T08:00:06.974+0000][1][safepoint    ] Entering safepoint region: Cleanup
[2019-10-14T08:00:06.975+0000][1][safepoint    ] Leaving safepoint region
[2019-10-14T08:00:06.975+0000][1][safepoint    ] Total time for which application threads were stopped: 0.0015835 seconds, Stopping threads took: 0.0008383 seconds
[2019-10-14T08:00:08.726+0000][1][safepoint    ] Application time: 1.7502233 seconds
[2019-10-14T08:00:08.727+0000][1][safepoint    ] Entering safepoint region: Cleanup
[2019-10-14T08:00:08.728+0000][1][safepoint    ] Leaving safepoint region
[2019-10-14T08:00:08.728+0000][1][safepoint    ] Total time for which application threads were stopped: 0.0013367 seconds, Stopping threads took: 0.0006863 seconds
[2019-10-14T08:00:09.729+0000][1][safepoint    ] Application time: 1.0001927 seconds
[2019-10-14T08:00:09.729+0000][1][safepoint    ] Entering safepoint region: Cleanup
[2019-10-14T08:00:09.730+0000][1][safepoint    ] Leaving safepoint region
[2019-10-14T08:00:09.734+0000][1][safepoint    ] Total time for which application threads were stopped: 0.0045465 seconds, Stopping threads took: 0.0004237 seconds
[2019-10-14T08:00:10.735+0000][1][safepoint    ] Application time: 1.0002753 seconds
[2019-10-14T08:00:10.736+0000][1][safepoint    ] Entering safepoint region: Cleanup
[2019-10-14T08:00:10.736+0000][1][safepoint    ] Leaving safepoint region
[2019-10-14T08:00:10.737+0000][1][safepoint    ] Total time for which application threads were stopped: 0.0013913 seconds, Stopping threads took: 0.0005155 seconds
[2019-10-14T08:00:11.293+0000][1][safepoint    ] Application time: 0.5480703 seconds
[2019-10-14T08:00:11.293+0000][1][safepoint    ] Entering safepoint region: RevokeBias
[2019-10-14T08:00:11.293+0000][1][safepoint    ] Leaving safepoint region
[2019-10-14T08:00:11.294+0000][1][safepoint    ] Total time for which application threads were stopped: 0.0007144 seconds, Stopping threads took: 0.0003028 seconds
[2019-10-14T08:00:12.295+0000][1][safepoint    ] Application time: 1.0011184 seconds
[2019-10-14T08:00:12.296+0000][1][safepoint    ] Entering safepoint region: Cleanup
[2019-10-14T08:00:12.297+0000][1][safepoint    ] Leaving safepoint region
[2019-10-14T08:00:12.297+0000][1][safepoint    ] Total time for which application threads were stopped: 0.0010370 seconds, Stopping threads took: 0.0005242 seconds
[2019-10-14T08:00:13.298+0000][1][safepoint    ] Application time: 1.0002985 seconds
[2019-10-14T08:00:13.298+0000][1][safepoint    ] Entering safepoint region: Cleanup
[2019-10-14T08:00:13.299+0000][1][safepoint    ] Leaving safepoint region
[2019-10-14T08:00:13.299+0000][1][safepoint    ] Total time for which application threads were stopped: 0.0008773 seconds, Stopping threads took: 0.0003689 seconds
[2019-10-14T08:00:14.301+0000][1][safepoint    ] Application time: 1.0013929 seconds
[2019-10-14T08:00:14.301+0000][1][safepoint    ] Entering safepoint region: Cleanup
[2019-10-14T08:00:14.302+0000][1][safepoint    ] Leaving safepoint region
[2019-10-14T08:00:14.303+0000][1][safepoint    ] Total time for which application threads were stopped: 0.0013519 seconds, Stopping threads took: 0.0004865 seconds
[2019-10-14T08:00:15.304+0000][1][safepoint    ] Application time: 1.0011262 seconds
[2019-10-14T08:00:15.305+0000][1][safepoint    ] Entering safepoint region: Cleanup
[2019-10-14T08:00:15.306+0000][1][safepoint    ] Leaving safepoint region
[2019-10-14T08:00:15.306+0000][1][safepoint    ] Total time for which application threads were stopped: 0.0007750 seconds, Stopping threads took: 0.0004248 seconds
[2019-10-14T08:00:15.432+0000][1][safepoint    ] Application time: 0.1263093 seconds
[2019-10-14T08:00:15.433+0000][1][safepoint    ] Entering safepoint region: RevokeBias
[2019-10-14T08:00:15.435+0000][1][safepoint    ] Leaving safepoint region
[2019-10-14T08:00:15.436+0000][1][safepoint    ] Total time for which application threads were stopped: 0.0030235 seconds, Stopping threads took: 0.0021388 seconds
[2019-10-14T08:00:16.438+0000][1][safepoint    ] Application time: 1.0014692 seconds
[2019-10-14T08:00:16.439+0000][1][safepoint    ] Entering safepoint region: Cleanup
[2019-10-14T08:00:16.440+0000][1][safepoint    ] Leaving safepoint region
[2019-10-14T08:00:16.440+0000][1][safepoint    ] Total time for which application threads were stopped: 0.0009657 seconds, Stopping threads took: 0.0003414 seconds
[2019-10-14T08:00:17.442+0000][1][safepoint    ] Application time: 1.0011544 seconds
[2019-10-14T08:00:17.445+0000][1][safepoint    ] Entering safepoint region: Cleanup
[2019-10-14T08:00:17.448+0000][1][safepoint    ] Leaving safepoint region
[2019-10-14T08:00:17.449+0000][1][safepoint    ] Total time for which application threads were stopped: 0.0031942 seconds, Stopping threads took: 0.0020289 seconds
[2019-10-14T08:00:18.453+0000][1][safepoint    ] Application time: 1.0038806 seconds
[2019-10-14T08:00:18.453+0000][1][safepoint    ] Entering safepoint region: Cleanup
[2019-10-14T08:00:18.454+0000][1][safepoint    ] Leaving safepoint region
[2019-10-14T08:00:18.455+0000][1][safepoint    ] Total time for which application threads were stopped: 0.0018886 seconds, Stopping threads took: 0.0003977 seconds
[2019-10-14T08:00:19.456+0000][1][safepoint    ] Application time: 1.0002054 seconds
[2019-10-14T08:00:19.457+0000][1][safepoint    ] Entering safepoint region: Cleanup
[2019-10-14T08:00:19.458+0000][1][safepoint    ] Leaving safepoint region
[2019-10-14T08:00:19.459+0000][1][safepoint    ] Total time for which application threads were stopped: 0.0017052 seconds, Stopping threads took: 0.0008041 seconds
[2019-10-14T08:00:20.460+0000][1][safepoint    ] Application time: 1.0004030 seconds
[2019-10-14T08:00:20.460+0000][1][safepoint    ] Entering safepoint region: Cleanup
[2019-10-14T08:00:20.461+0000][1][safepoint    ] Leaving safepoint region
[2019-10-14T08:00:20.463+0000][1][safepoint    ] Total time for which application threads were stopped: 0.0032130 seconds, Stopping threads took: 0.0005747 seconds
[2019-10-14T08:00:21.466+0000][1][safepoint    ] Application time: 1.0015470 seconds
[2019-10-14T08:00:21.466+0000][1][safepoint    ] Entering safepoint region: Cleanup
[2019-10-14T08:00:21.467+0000][1][safepoint    ] Leaving safepoint region
[2019-10-14T08:00:21.468+0000][1][safepoint    ] Total time for which application threads were stopped: 0.0018396 seconds, Stopping threads took: 0.0006398 seconds
[2019-10-14T08:00:22.470+0000][1][safepoint    ] Application time: 1.0007097 seconds
[2019-10-14T08:00:22.471+0000][1][safepoint    ] Entering safepoint region: Cleanup
[2019-10-14T08:00:22.471+0000][1][safepoint    ] Leaving safepoint region
[2019-10-14T08:00:22.472+0000][1][safepoint    ] Total time for which application threads were stopped: 0.0008225 seconds, Stopping threads took: 0.0003807 seconds
[2019-10-14T08:00:23.474+0000][1][safepoint    ] Application time: 1.0017286 seconds
[2019-10-14T08:00:23.474+0000][1][safepoint    ] Entering safepoint region: Cleanup
[2019-10-14T08:00:23.475+0000][1][safepoint    ] Leaving safepoint region
[2019-10-14T08:00:23.475+0000][1][safepoint    ] Total time for which application threads were stopped: 0.0011346 seconds, Stopping threads took: 0.0005695 seconds
[2019-10-14T08:00:24.476+0000][1][safepoint    ] Application time: 1.0001503 seconds
[2019-10-14T08:00:24.477+0000][1][safepoint    ] Entering safepoint region: Cleanup
[2019-10-14T08:00:24.477+0000][1][safepoint    ] Leaving safepoint region
[2019-10-14T08:00:24.478+0000][1][safepoint    ] Total time for which application threads were stopped: 0.0011904 seconds, Stopping threads took: 0.0005479 seconds
[2019-10-14T08:00:25.484+0000][1][safepoint    ] Application time: 1.0051858 seconds
[2019-10-14T08:00:25.498+0000][1][safepoint    ] Entering safepoint region: Cleanup
[2019-10-14T08:00:25.510+0000][1][safepoint    ] Leaving safepoint region
[2019-10-14T08:00:25.525+0000][1][safepoint    ] Total time for which application threads were stopped: 0.0273167 seconds, Stopping threads took: 0.0122485 seconds
[2019-10-14T08:00:26.536+0000][1][safepoint    ] Application time: 1.0001885 seconds
[2019-10-14T08:00:26.536+0000][1][safepoint    ] Entering safepoint region: Cleanup
[2019-10-14T08:00:26.537+0000][1][safepoint    ] Leaving safepoint region
[2019-10-14T08:00:26.537+0000][1][safepoint    ] Total time for which application threads were stopped: 0.0009220 seconds, Stopping threads took: 0.0004511 seconds
[2019-10-14T08:00:27.538+0000][1][safepoint    ] Application time: 1.0003104 seconds
[2019-10-14T08:00:27.538+0000][1][safepoint    ] Entering safepoint region: Cleanup
[2019-10-14T08:00:27.539+0000][1][safepoint    ] Leaving safepoint region
[2019-10-14T08:00:27.539+0000][1][safepoint    ] Total time for which application threads were stopped: 0.0008990 seconds, Stopping threads took: 0.0004969 seconds
[2019-10-14T08:00:28.540+0000][1][safepoint    ] Application time: 1.0002278 seconds
[2019-10-14T08:00:28.541+0000][1][safepoint    ] Entering safepoint region: Cleanup
[2019-10-14T08:00:28.542+0000][1][safepoint    ] Leaving safepoint region
[2019-10-14T08:00:28.543+0000][1][safepoint    ] Total time for which application threads were stopped: 0.0015610 seconds, Stopping threads took: 0.0006933 seconds
[2019-10-14T08:00:29.544+0000][1][safepoint    ] Application time: 1.0006317 seconds
[2019-10-14T08:00:29.544+0000][1][safepoint    ] Entering safepoint region: Cleanup
[2019-10-14T08:00:29.545+0000][1][safepoint    ] Leaving safepoint region
[2019-10-14T08:00:29.545+0000][1][safepoint    ] Total time for which application threads were stopped: 0.0007725 seconds, Stopping threads took: 0.0003568 seconds
[2019-10-14T08:00:30.546+0000][1][safepoint    ] Application time: 1.0003231 seconds
[2019-10-14T08:00:30.546+0000][1][safepoint    ] Entering safepoint region: Cleanup
[2019-10-14T08:00:30.547+0000][1][safepoint    ] Leaving safepoint region
[2019-10-14T08:00:30.547+0000][1][safepoint    ] Total time for which application threads were stopped: 0.0010933 seconds, Stopping threads took: 0.0004221 seconds
[2019-10-14T08:00:31.548+0000][1][safepoint    ] Application time: 1.0009638 seconds
[2019-10-14T08:00:31.550+0000][1][safepoint    ] Entering safepoint region: Cleanup
[2019-10-14T08:00:31.550+0000][1][safepoint    ] Leaving safepoint region
[2019-10-14T08:00:31.551+0000][1][safepoint    ] Total time for which application threads were stopped: 0.0015284 seconds, Stopping threads took: 0.0008521 seconds
[2019-10-14T08:00:32.553+0000][1][safepoint    ] Application time: 1.0015397 seconds
[2019-10-14T08:00:32.554+0000][1][safepoint    ] Entering safepoint region: Cleanup
[2019-10-14T08:00:32.554+0000][1][safepoint    ] Leaving safepoint region
[2019-10-14T08:00:32.555+0000][1][safepoint    ] Total time for which application threads were stopped: 0.0011702 seconds, Stopping threads took: 0.0006048 seconds
[2019-10-14T08:00:33.536+0000][1][safepoint    ] Application time: 1.0023311 seconds
[2019-10-14T08:00:33.538+0000][1][safepoint    ] Entering safepoint region: Cleanup
[2019-10-14T08:00:33.539+0000][1][safepoint    ] Leaving safepoint region
[2019-10-14T08:00:33.540+0000][1][safepoint    ] Total time for which application threads were stopped: 0.0020871 seconds, Stopping threads took: 0.0015171 seconds
[2019-10-14T08:00:34.541+0000][1][safepoint    ] Application time: 1.0007404 seconds
[2019-10-14T08:00:34.542+0000][1][safepoint    ] Entering safepoint region: Cleanup
[2019-10-14T08:00:34.542+0000][1][safepoint    ] Leaving safepoint region
[2019-10-14T08:00:34.543+0000][1][safepoint    ] Total time for which application threads were stopped: 0.0012245 seconds, Stopping threads took: 0.0006925 seconds
[2019-10-14T08:00:35.543+0000][1][safepoint    ] Application time: 1.0004046 seconds
[2019-10-14T08:00:35.544+0000][1][safepoint    ] Entering safepoint region: Cleanup
[2019-10-14T08:00:35.545+0000][1][safepoint    ] Leaving safepoint region
[2019-10-14T08:00:35.545+0000][1][safepoint    ] Total time for which application threads were stopped: 0.0011776 seconds, Stopping threads took: 0.0006376 seconds
[2019-10-14T08:00:36.549+0000][1][safepoint    ] Application time: 1.0028910 seconds
[2019-10-14T08:00:36.550+0000][1][safepoint    ] Entering safepoint region: Cleanup
[2019-10-14T08:00:36.551+0000][1][safepoint    ] Leaving safepoint region
[2019-10-14T08:00:36.553+0000][1][safepoint    ] Total time for which application threads were stopped: 0.0028079 seconds, Stopping threads took: 0.0011842 seconds
[2019-10-14T08:00:37.559+0000][1][safepoint    ] Application time: 1.0043745 seconds
[2019-10-14T08:00:37.560+0000][1][safepoint    ] Entering safepoint region: Cleanup
[2019-10-14T08:00:37.560+0000][1][safepoint    ] Leaving safepoint region
[2019-10-14T08:00:37.561+0000][1][safepoint    ] Total time for which application threads were stopped: 0.0011574 seconds, Stopping threads took: 0.0005590 seconds
[2019-10-14T08:00:38.562+0000][1][safepoint    ] Application time: 1.0011478 seconds
[2019-10-14T08:00:38.563+0000][1][safepoint    ] Entering safepoint region: Cleanup
[2019-10-14T08:00:38.563+0000][1][safepoint    ] Leaving safepoint region
[2019-10-14T08:00:38.564+0000][1][safepoint    ] Total time for which application threads were stopped: 0.0009781 seconds, Stopping threads took: 0.0005141 seconds
[2019-10-14T08:00:39.565+0000][1][safepoint    ] Application time: 1.0004891 seconds
[2019-10-14T08:00:39.565+0000][1][safepoint    ] Entering safepoint region: Cleanup
[2019-10-14T08:00:39.566+0000][1][safepoint    ] Leaving safepoint region
[2019-10-14T08:00:39.566+0000][1][safepoint    ] Total time for which application threads were stopped: 0.0010577 seconds, Stopping threads took: 0.0005032 seconds
[2019-10-14T08:00:40.567+0000][1][safepoint    ] Application time: 1.0001427 seconds
[2019-10-14T08:00:40.568+0000][1][safepoint    ] Entering safepoint region: Cleanup
[2019-10-14T08:00:40.569+0000][1][safepoint    ] Leaving safepoint region
[2019-10-14T08:00:40.569+0000][1][safepoint    ] Total time for which application threads were stopped: 0.0014372 seconds, Stopping threads took: 0.0007240 seconds
[2019-10-14T08:00:41.570+0000][1][safepoint    ] Application time: 1.0004029 seconds
[2019-10-14T08:00:41.571+0000][1][safepoint    ] Entering safepoint region: Cleanup
[2019-10-14T08:00:41.571+0000][1][safepoint    ] Leaving safepoint region
[2019-10-14T08:00:41.571+0000][1][safepoint    ] Total time for which application threads were stopped: 0.0008029 seconds, Stopping threads took: 0.0003605 seconds
[2019-10-14T08:00:42.573+0000][1][safepoint    ] Application time: 1.0008425 seconds
[2019-10-14T08:00:42.573+0000][1][safepoint    ] Entering safepoint region: Cleanup
[2019-10-14T08:00:42.574+0000][1][safepoint    ] Leaving safepoint region
[2019-10-14T08:00:42.575+0000][1][safepoint    ] Total time for which application threads were stopped: 0.0014958 seconds, Stopping threads took: 0.0007493 seconds
[2019-10-14T08:00:43.579+0000][1][safepoint    ] Application time: 1.0037164 seconds
[2019-10-14T08:00:43.580+0000][1][safepoint    ] Entering safepoint region: Cleanup
[2019-10-14T08:00:43.580+0000][1][safepoint    ] Leaving safepoint region
[2019-10-14T08:00:43.581+0000][1][safepoint    ] Total time for which application threads were stopped: 0.0008676 seconds, Stopping threads took: 0.0003843 seconds
[2019-10-14T08:00:44.581+0000][1][safepoint    ] Application time: 1.0002020 seconds
[2019-10-14T08:00:44.583+0000][1][safepoint    ] Entering safepoint region: Cleanup
[2019-10-14T08:00:44.587+0000][1][safepoint    ] Leaving safepoint region
[2019-10-14T08:00:44.587+0000][1][safepoint    ] Total time for which application threads were stopped: 0.0043203 seconds, Stopping threads took: 0.0037968 seconds
[2019-10-14T08:00:45.589+0000][1][safepoint    ] Application time: 1.0015606 seconds
[2019-10-14T08:00:45.590+0000][1][safepoint    ] Entering safepoint region: Cleanup
[2019-10-14T08:00:45.590+0000][1][safepoint    ] Leaving safepoint region
[2019-10-14T08:00:45.591+0000][1][safepoint    ] Total time for which application threads were stopped: 0.0011953 seconds, Stopping threads took: 0.0004918 seconds
[2019-10-14T08:00:46.592+0000][1][safepoint    ] Application time: 1.0003693 seconds
[2019-10-14T08:00:46.593+0000][1][safepoint    ] Entering safepoint region: Cleanup
[2019-10-14T08:00:46.593+0000][1][safepoint    ] Leaving safepoint region
[2019-10-14T08:00:46.594+0000][1][safepoint    ] Total time for which application threads were stopped: 0.0013248 seconds, Stopping threads took: 0.0006379 seconds
[2019-10-14T08:00:47.595+0000][1][safepoint    ] Application time: 1.0007645 seconds
[2019-10-14T08:00:47.596+0000][1][safepoint    ] Entering safepoint region: Cleanup
[2019-10-14T08:00:47.597+0000][1][safepoint    ] Leaving safepoint region
[2019-10-14T08:00:47.597+0000][1][safepoint    ] Total time for which application threads were stopped: 0.0015634 seconds, Stopping threads took: 0.0007107 seconds
[2019-10-14T08:00:48.599+0000][1][safepoint    ] Application time: 1.0015807 seconds
[2019-10-14T08:00:48.605+0000][1][safepoint    ] Entering safepoint region: Cleanup
[2019-10-14T08:00:48.611+0000][1][safepoint    ] Leaving safepoint region
[2019-10-14T08:00:48.620+0000][1][safepoint    ] Total time for which application threads were stopped: 0.0147284 seconds, Stopping threads took: 0.0057765 seconds
[2019-10-14T08:00:49.624+0000][1][safepoint    ] Application time: 1.0027432 seconds
[2019-10-14T08:00:49.625+0000][1][safepoint    ] Entering safepoint region: Cleanup
[2019-10-14T08:00:49.626+0000][1][safepoint    ] Leaving safepoint region
[2019-10-14T08:00:49.627+0000][1][safepoint    ] Total time for which application threads were stopped: 0.0016672 seconds, Stopping threads took: 0.0006114 seconds
[2019-10-14T08:00:50.628+0000][1][safepoint    ] Application time: 1.0006484 seconds
[2019-10-14T08:00:50.628+0000][1][safepoint    ] Entering safepoint region: Cleanup
[2019-10-14T08:00:50.629+0000][1][safepoint    ] Leaving safepoint region
[2019-10-14T08:00:50.630+0000][1][safepoint    ] Total time for which application threads were stopped: 0.0012097 seconds, Stopping threads took: 0.0004509 seconds
[2019-10-14T08:00:51.630+0000][1][safepoint    ] Application time: 1.0004629 seconds
[2019-10-14T08:00:51.631+0000][1][safepoint    ] Entering safepoint region: Cleanup
[2019-10-14T08:00:51.632+0000][1][safepoint    ] Leaving safepoint region
[2019-10-14T08:00:51.632+0000][1][safepoint    ] Total time for which application threads were stopped: 0.0010492 seconds, Stopping threads took: 0.0004855 seconds
[2019-10-14T08:00:52.634+0000][1][safepoint    ] Application time: 1.0012759 seconds
[2019-10-14T08:00:52.635+0000][1][safepoint    ] Entering safepoint region: Cleanup
[2019-10-14T08:00:52.635+0000][1][safepoint    ] Leaving safepoint region
[2019-10-14T08:00:52.636+0000][1][safepoint    ] Total time for which application threads were stopped: 0.0009240 seconds, Stopping threads took: 0.0004901 seconds
[2019-10-14T08:00:53.639+0000][1][safepoint    ] Application time: 1.0026816 seconds
[2019-10-14T08:00:53.640+0000][1][safepoint    ] Entering safepoint region: Cleanup
[2019-10-14T08:00:53.640+0000][1][safepoint    ] Leaving safepoint region
[2019-10-14T08:00:53.641+0000][1][safepoint    ] Total time for which application threads were stopped: 0.0009901 seconds, Stopping threads took: 0.0004104 seconds
[2019-10-14T08:00:54.644+0000][1][safepoint    ] Application time: 1.0032456 seconds
[2019-10-14T08:00:54.645+0000][1][safepoint    ] Entering safepoint region: Cleanup
[2019-10-14T08:00:54.646+0000][1][safepoint    ] Leaving safepoint region
[2019-10-14T08:00:54.646+0000][1][safepoint    ] Total time for which application threads were stopped: 0.0009609 seconds, Stopping threads took: 0.0004528 seconds
[2019-10-14T08:00:55.647+0000][1][safepoint    ] Application time: 1.0004474 seconds
[2019-10-14T08:00:55.648+0000][1][safepoint    ] Entering safepoint region: Cleanup
[2019-10-14T08:00:55.649+0000][1][safepoint    ] Leaving safepoint region
[2019-10-14T08:00:55.649+0000][1][safepoint    ] Total time for which application threads were stopped: 0.0011509 seconds, Stopping threads took: 0.0006439 seconds
[2019-10-14T08:00:56.653+0000][1][safepoint    ] Application time: 1.0032357 seconds
[2019-10-14T08:00:56.653+0000][1][safepoint    ] Entering safepoint region: Cleanup
[2019-10-14T08:00:56.654+0000][1][safepoint    ] Leaving safepoint region
[2019-10-14T08:00:56.654+0000][1][safepoint    ] Total time for which application threads were stopped: 0.0011762 seconds, Stopping threads took: 0.0004426 seconds
[2019-10-14T08:00:57.656+0000][1][safepoint    ] Application time: 1.0009061 seconds
[2019-10-14T08:00:57.657+0000][1][safepoint    ] Entering safepoint region: Cleanup
[2019-10-14T08:00:57.657+0000][1][safepoint    ] Leaving safepoint region
[2019-10-14T08:00:57.658+0000][1][safepoint    ] Total time for which application threads were stopped: 0.0010765 seconds, Stopping threads took: 0.0004725 seconds
[2019-10-14T08:00:58.658+0000][1][safepoint    ] Application time: 1.0003036 seconds
[2019-10-14T08:00:58.659+0000][1][safepoint    ] Entering safepoint region: Cleanup
[2019-10-14T08:00:58.660+0000][1][safepoint    ] Leaving safepoint region
[2019-10-14T08:00:58.660+0000][1][safepoint    ] Total time for which application threads were stopped: 0.0011592 seconds, Stopping threads took: 0.0006215 seconds
[2019-10-14T08:00:59.661+0000][1][safepoint    ] Application time: 1.0002871 seconds
[2019-10-14T08:00:59.662+0000][1][safepoint    ] Entering safepoint region: Cleanup
[2019-10-14T08:00:59.662+0000][1][safepoint    ] Leaving safepoint region
[2019-10-14T08:00:59.663+0000][1][safepoint    ] Total time for which application threads were stopped: 0.0012435 seconds, Stopping threads took: 0.0004856 seconds
[2019-10-14T08:01:00.664+0000][1][safepoint    ] Application time: 1.0002673 seconds
[2019-10-14T08:01:00.664+0000][1][safepoint    ] Entering safepoint region: Cleanup
[2019-10-14T08:01:00.665+0000][1][safepoint    ] Leaving safepoint region
[2019-10-14T08:01:00.666+0000][1][safepoint    ] Total time for which application threads were stopped: 0.0012336 seconds, Stopping threads took: 0.0006435 seconds
[2019-10-14T08:01:01.666+0000][1][safepoint    ] Application time: 1.0004084 seconds
[2019-10-14T08:01:01.667+0000][1][safepoint    ] Entering safepoint region: Cleanup
[2019-10-14T08:01:01.668+0000][1][safepoint    ] Leaving safepoint region
[2019-10-14T08:01:01.668+0000][1][safepoint    ] Total time for which application threads were stopped: 0.0009113 seconds, Stopping threads took: 0.0004524 seconds
[2019-10-14T08:01:02.670+0000][1][safepoint    ] Application time: 1.0012543 seconds
[2019-10-14T08:01:02.670+0000][1][safepoint    ] Entering safepoint region: Cleanup
[2019-10-14T08:01:02.671+0000][1][safepoint    ] Leaving safepoint region
[2019-10-14T08:01:02.672+0000][1][safepoint    ] Total time for which application threads were stopped: 0.0012506 seconds, Stopping threads took: 0.0007243 seconds
[2019-10-14T08:01:03.652+0000][1][safepoint    ] Application time: 1.0018057 seconds
[2019-10-14T08:01:03.653+0000][1][safepoint    ] Entering safepoint region: Cleanup
[2019-10-14T08:01:03.654+0000][1][safepoint    ] Leaving safepoint region
[2019-10-14T08:01:03.654+0000][1][safepoint    ] Total time for which application threads were stopped: 0.0011354 seconds, Stopping threads took: 0.0004494 seconds
[2019-10-14T08:01:04.671+0000][1][safepoint    ] Application time: 1.0162285 seconds
[2019-10-14T08:01:04.673+0000][1][safepoint    ] Entering safepoint region: Cleanup
[2019-10-14T08:01:04.673+0000][1][safepoint    ] Leaving safepoint region
[2019-10-14T08:01:04.674+0000][1][safepoint    ] Total time for which application threads were stopped: 0.0013111 seconds, Stopping threads took: 0.0005947 seconds
[2019-10-14T08:01:05.675+0000][1][safepoint    ] Application time: 1.0005091 seconds
[2019-10-14T08:01:05.676+0000][1][safepoint    ] Entering safepoint region: Cleanup
[2019-10-14T08:01:05.676+0000][1][safepoint    ] Leaving safepoint region
[2019-10-14T08:01:05.677+0000][1][safepoint    ] Total time for which application threads were stopped: 0.0011824 seconds, Stopping threads took: 0.0005639 seconds
[2019-10-14T08:01:06.678+0000][1][safepoint    ] Application time: 1.0010298 seconds
[2019-10-14T08:01:06.679+0000][1][safepoint    ] Entering safepoint region: Cleanup
[2019-10-14T08:01:06.680+0000][1][safepoint    ] Leaving safepoint region
[2019-10-14T08:01:06.680+0000][1][safepoint    ] Total time for which application threads were stopped: 0.0010672 seconds, Stopping threads took: 0.0005664 seconds
[2019-10-14T08:01:07.683+0000][1][safepoint    ] Application time: 1.0021172 seconds
[2019-10-14T08:01:07.684+0000][1][safepoint    ] Entering safepoint region: Cleanup
[2019-10-14T08:01:07.686+0000][1][safepoint    ] Leaving safepoint region
[2019-10-14T08:01:07.687+0000][1][safepoint    ] Total time for which application threads were stopped: 0.0031670 seconds, Stopping threads took: 0.0023685 seconds
[2019-10-14T08:01:08.232+0000][1][safepoint    ] Application time: 0.5452117 seconds
[2019-10-14T08:01:08.233+0000][1][safepoint    ] Entering safepoint region: GenCollectForAllocation
[2019-10-14T08:01:08.234+0000][1][gc,start     ] GC(44) Pause Young (Allocation Failure)
[2019-10-14T08:01:08.234+0000][1][gc,task      ] GC(44) Using 2 workers of 2 for evacuation
[2019-10-14T08:01:08.240+0000][1][gc,age       ] GC(44) Desired survivor size 4456448 bytes, new threshold 6 (max threshold 6)
[2019-10-14T08:01:08.241+0000][1][gc,age       ] GC(44) Age table with threshold 6 (max threshold 6)
[2019-10-14T08:01:08.242+0000][1][gc,age       ] GC(44) - age   1:      64552 bytes,      64552 total
[2019-10-14T08:01:08.242+0000][1][gc,age       ] GC(44) - age   2:       4440 bytes,      68992 total
[2019-10-14T08:01:08.243+0000][1][gc,age       ] GC(44) - age   3:      21288 bytes,      90280 total
[2019-10-14T08:01:08.243+0000][1][gc,age       ] GC(44) - age   4:      72608 bytes,     162888 total
[2019-10-14T08:01:08.243+0000][1][gc,age       ] GC(44) - age   5:       5248 bytes,     168136 total
[2019-10-14T08:01:08.244+0000][1][gc,age       ] GC(44) - age   6:       4000 bytes,     172136 total
[2019-10-14T08:01:08.244+0000][1][gc,heap      ] GC(44) ParNew: 70768K->552K(78656K)
[2019-10-14T08:01:08.244+0000][1][gc,heap      ] GC(44) CMS: 72443K->72848K(174784K)
[2019-10-14T08:01:08.245+0000][1][gc,metaspace ] GC(44) Metaspace: 82062K->82062K(1124352K)
[2019-10-14T08:01:08.246+0000][1][gc           ] GC(44) Pause Young (Allocation Failure) 139M->71M(247M) 11.998ms
[2019-10-14T08:01:08.246+0000][1][gc,cpu       ] GC(44) User=0.00s Sys=0.01s Real=0.01s
[2019-10-14T08:01:08.247+0000][1][safepoint    ] Leaving safepoint region
[2019-10-14T08:01:08.247+0000][1][safepoint    ] Total time for which application threads were stopped: 0.0139051 seconds, Stopping threads took: 0.0004463 seconds
[2019-10-14T08:01:09.248+0000][1][safepoint    ] Application time: 1.0009975 seconds
[2019-10-14T08:01:09.249+0000][1][safepoint    ] Entering safepoint region: Cleanup
[2019-10-14T08:01:09.250+0000][1][safepoint    ] Leaving safepoint region
[2019-10-14T08:01:09.250+0000][1][safepoint    ] Total time for which application threads were stopped: 0.0013832 seconds, Stopping threads took: 0.0006296 seconds
[2019-10-14T08:01:10.251+0000][1][safepoint    ] Application time: 1.0003783 seconds
[2019-10-14T08:01:10.254+0000][1][safepoint    ] Entering safepoint region: Cleanup
[2019-10-14T08:01:10.259+0000][1][safepoint    ] Leaving safepoint region
[2019-10-14T08:01:10.260+0000][1][safepoint    ] Total time for which application threads were stopped: 0.0064105 seconds, Stopping threads took: 0.0058358 seconds
[2019-10-14T08:01:11.261+0000][1][safepoint    ] Application time: 1.0006272 seconds
[2019-10-14T08:01:11.263+0000][1][safepoint    ] Entering safepoint region: Cleanup
[2019-10-14T08:01:11.264+0000][1][safepoint    ] Leaving safepoint region
[2019-10-14T08:01:11.265+0000][1][safepoint    ] Total time for which application threads were stopped: 0.0019206 seconds, Stopping threads took: 0.0010840 seconds
[2019-10-14T08:01:11.286+0000][1][safepoint    ] Application time: 0.0188442 seconds
[2019-10-14T08:01:11.286+0000][1][safepoint    ] Entering safepoint region: RevokeBias
[2019-10-14T08:01:11.287+0000][1][safepoint    ] Leaving safepoint region
[2019-10-14T08:01:11.288+0000][1][safepoint    ] Total time for which application threads were stopped: 0.0016133 seconds, Stopping threads took: 0.0010934 seconds
[2019-10-14T08:01:12.289+0000][1][safepoint    ] Application time: 1.0013721 seconds
[2019-10-14T08:01:12.290+0000][1][safepoint    ] Entering safepoint region: Cleanup
[2019-10-14T08:01:12.290+0000][1][safepoint    ] Leaving safepoint region
[2019-10-14T08:01:12.291+0000][1][safepoint    ] Total time for which application threads were stopped: 0.0009573 seconds, Stopping threads took: 0.0005079 seconds
[2019-10-14T08:01:13.292+0000][1][safepoint    ] Application time: 1.0003876 seconds
[2019-10-14T08:01:13.292+0000][1][safepoint    ] Entering safepoint region: Cleanup
[2019-10-14T08:01:13.293+0000][1][safepoint    ] Leaving safepoint region
[2019-10-14T08:01:13.294+0000][1][safepoint    ] Total time for which application threads were stopped: 0.0013367 seconds, Stopping threads took: 0.0005521 seconds
[2019-10-14T08:01:14.295+0000][1][safepoint    ] Application time: 1.0002464 seconds
[2019-10-14T08:01:14.295+0000][1][safepoint    ] Entering safepoint region: Cleanup
[2019-10-14T08:01:14.296+0000][1][safepoint    ] Leaving safepoint region
[2019-10-14T08:01:14.297+0000][1][safepoint    ] Total time for which application threads were stopped: 0.0013748 seconds, Stopping threads took: 0.0007279 seconds
[2019-10-14T08:01:15.297+0000][1][safepoint    ] Application time: 1.0002593 seconds
[2019-10-14T08:01:15.298+0000][1][safepoint    ] Entering safepoint region: Cleanup
[2019-10-14T08:01:15.299+0000][1][safepoint    ] Leaving safepoint region
[2019-10-14T08:01:15.300+0000][1][safepoint    ] Total time for which application threads were stopped: 0.0012798 seconds, Stopping threads took: 0.0007749 seconds
[2019-10-14T08:01:16.301+0000][1][safepoint    ] Application time: 1.0012420 seconds
[2019-10-14T08:01:16.302+0000][1][safepoint    ] Entering safepoint region: Cleanup
[2019-10-14T08:01:16.303+0000][1][safepoint    ] Leaving safepoint region
[2019-10-14T08:01:16.303+0000][1][safepoint    ] Total time for which application threads were stopped: 0.0011146 seconds, Stopping threads took: 0.0005482 seconds
[2019-10-14T08:01:17.305+0000][1][safepoint    ] Application time: 1.0011316 seconds
[2019-10-14T08:01:17.306+0000][1][safepoint    ] Entering safepoint region: Cleanup
[2019-10-14T08:01:17.306+0000][1][safepoint    ] Leaving safepoint region
[2019-10-14T08:01:17.306+0000][1][safepoint    ] Total time for which application threads were stopped: 0.0008781 seconds, Stopping threads took: 0.0004412 seconds
[2019-10-14T08:01:18.311+0000][1][safepoint    ] Application time: 1.0039981 seconds
[2019-10-14T08:01:18.311+0000][1][safepoint    ] Entering safepoint region: Cleanup
[2019-10-14T08:01:18.312+0000][1][safepoint    ] Leaving safepoint region
[2019-10-14T08:01:18.312+0000][1][safepoint    ] Total time for which application threads were stopped: 0.0009458 seconds, Stopping threads took: 0.0004290 seconds
[2019-10-14T08:01:19.315+0000][1][safepoint    ] Application time: 1.0027662 seconds
[2019-10-14T08:01:19.316+0000][1][safepoint    ] Entering safepoint region: Cleanup
[2019-10-14T08:01:19.317+0000][1][safepoint    ] Leaving safepoint region
[2019-10-14T08:01:19.317+0000][1][safepoint    ] Total time for which application threads were stopped: 0.0009864 seconds, Stopping threads took: 0.0004198 seconds
[2019-10-14T08:01:20.318+0000][1][safepoint    ] Application time: 1.0006693 seconds
[2019-10-14T08:01:20.319+0000][1][safepoint    ] Entering safepoint region: Cleanup
[2019-10-14T08:01:20.320+0000][1][safepoint    ] Leaving safepoint region
[2019-10-14T08:01:20.320+0000][1][safepoint    ] Total time for which application threads were stopped: 0.0011411 seconds, Stopping threads took: 0.0005322 seconds
[2019-10-14T08:01:21.321+0000][1][safepoint    ] Application time: 1.0002207 seconds
[2019-10-14T08:01:21.322+0000][1][safepoint    ] Entering safepoint region: Cleanup
[2019-10-14T08:01:21.323+0000][1][safepoint    ] Leaving safepoint region
[2019-10-14T08:01:21.324+0000][1][safepoint    ] Total time for which application threads were stopped: 0.0019080 seconds, Stopping threads took: 0.0007496 seconds
[2019-10-14T08:01:22.325+0000][1][safepoint    ] Application time: 1.0009182 seconds
[2019-10-14T08:01:22.326+0000][1][safepoint    ] Entering safepoint region: Cleanup
[2019-10-14T08:01:22.327+0000][1][safepoint    ] Leaving safepoint region
[2019-10-14T08:01:22.328+0000][1][safepoint    ] Total time for which application threads were stopped: 0.0019022 seconds, Stopping threads took: 0.0007080 seconds
[2019-10-14T08:01:23.329+0000][1][safepoint    ] Application time: 1.0004492 seconds
[2019-10-14T08:01:23.329+0000][1][safepoint    ] Entering safepoint region: Cleanup
[2019-10-14T08:01:23.330+0000][1][safepoint    ] Leaving safepoint region
[2019-10-14T08:01:23.330+0000][1][safepoint    ] Total time for which application threads were stopped: 0.0010110 seconds, Stopping threads took: 0.0004920 seconds
[2019-10-14T08:01:24.331+0000][1][safepoint    ] Application time: 1.0004356 seconds
[2019-10-14T08:01:24.332+0000][1][safepoint    ] Entering safepoint region: Cleanup
[2019-10-14T08:01:24.332+0000][1][safepoint    ] Leaving safepoint region
[2019-10-14T08:01:24.332+0000][1][safepoint    ] Total time for which application threads were stopped: 0.0008001 seconds, Stopping threads took: 0.0003455 seconds
[2019-10-14T08:01:25.333+0000][1][safepoint    ] Application time: 1.0006623 seconds
[2019-10-14T08:01:25.334+0000][1][safepoint    ] Entering safepoint region: Cleanup
[2019-10-14T08:01:25.335+0000][1][safepoint    ] Leaving safepoint region
[2019-10-14T08:01:25.336+0000][1][safepoint    ] Total time for which application threads were stopped: 0.0013085 seconds, Stopping threads took: 0.0006012 seconds
[2019-10-14T08:01:26.337+0000][1][safepoint    ] Application time: 1.0001371 seconds
[2019-10-14T08:01:26.338+0000][1][safepoint    ] Entering safepoint region: Cleanup
[2019-10-14T08:01:26.338+0000][1][safepoint    ] Leaving safepoint region
[2019-10-14T08:01:26.339+0000][1][safepoint    ] Total time for which application threads were stopped: 0.0010402 seconds, Stopping threads took: 0.0004981 seconds
[2019-10-14T08:01:27.339+0000][1][safepoint    ] Application time: 1.0004101 seconds
[2019-10-14T08:01:27.340+0000][1][safepoint    ] Entering safepoint region: Cleanup
[2019-10-14T08:01:27.341+0000][1][safepoint    ] Leaving safepoint region
[2019-10-14T08:01:27.341+0000][1][safepoint    ] Total time for which application threads were stopped: 0.0009462 seconds, Stopping threads took: 0.0004834 seconds
[2019-10-14T08:01:28.345+0000][1][safepoint    ] Application time: 1.0035802 seconds
[2019-10-14T08:01:28.346+0000][1][safepoint    ] Entering safepoint region: Cleanup
[2019-10-14T08:01:28.347+0000][1][safepoint    ] Leaving safepoint region
[2019-10-14T08:01:28.348+0000][1][safepoint    ] Total time for which application threads were stopped: 0.0023146 seconds, Stopping threads took: 0.0011643 seconds
[2019-10-14T08:01:29.349+0000][1][safepoint    ] Application time: 1.0003228 seconds
[2019-10-14T08:01:29.350+0000][1][safepoint    ] Entering safepoint region: Cleanup
[2019-10-14T08:01:29.352+0000][1][safepoint    ] Leaving safepoint region
[2019-10-14T08:01:29.352+0000][1][safepoint    ] Total time for which application threads were stopped: 0.0020566 seconds, Stopping threads took: 0.0011807 seconds
[2019-10-14T08:01:30.353+0000][1][safepoint    ] Application time: 1.0005044 seconds
[2019-10-14T08:01:30.354+0000][1][safepoint    ] Entering safepoint region: Cleanup
[2019-10-14T08:01:30.355+0000][1][safepoint    ] Leaving safepoint region
[2019-10-14T08:01:30.356+0000][1][safepoint    ] Total time for which application threads were stopped: 0.0013047 seconds, Stopping threads took: 0.0004157 seconds
[2019-10-14T08:01:31.357+0000][1][safepoint    ] Application time: 1.0002677 seconds
[2019-10-14T08:01:31.357+0000][1][safepoint    ] Entering safepoint region: Cleanup
[2019-10-14T08:01:31.358+0000][1][safepoint    ] Leaving safepoint region
[2019-10-14T08:01:31.359+0000][1][safepoint    ] Total time for which application threads were stopped: 0.0017313 seconds, Stopping threads took: 0.0007438 seconds
[2019-10-14T08:01:32.361+0000][1][safepoint    ] Application time: 1.0014080 seconds
[2019-10-14T08:01:32.362+0000][1][safepoint    ] Entering safepoint region: Cleanup
[2019-10-14T08:01:32.362+0000][1][safepoint    ] Leaving safepoint region
[2019-10-14T08:01:32.363+0000][1][safepoint    ] Total time for which application threads were stopped: 0.0015584 seconds, Stopping threads took: 0.0007271 seconds
[2019-10-14T08:01:33.342+0000][1][safepoint    ] Application time: 1.0003210 seconds
[2019-10-14T08:01:33.343+0000][1][safepoint    ] Entering safepoint region: Cleanup
[2019-10-14T08:01:33.344+0000][1][safepoint    ] Leaving safepoint region
[2019-10-14T08:01:33.344+0000][1][safepoint    ] Total time for which application threads were stopped: 0.0011278 seconds, Stopping threads took: 0.0006566 seconds
[2019-10-14T08:01:34.346+0000][1][safepoint    ] Application time: 1.0013980 seconds
[2019-10-14T08:01:34.348+0000][1][safepoint    ] Entering safepoint region: Cleanup
[2019-10-14T08:01:34.349+0000][1][safepoint    ] Leaving safepoint region
[2019-10-14T08:01:34.350+0000][1][safepoint    ] Total time for which application threads were stopped: 0.0014993 seconds, Stopping threads took: 0.0009298 seconds
[2019-10-14T08:01:35.352+0000][1][safepoint    ] Application time: 1.0017614 seconds
[2019-10-14T08:01:35.353+0000][1][safepoint    ] Entering safepoint region: Cleanup
[2019-10-14T08:01:35.354+0000][1][safepoint    ] Leaving safepoint region
[2019-10-14T08:01:35.354+0000][1][safepoint    ] Total time for which application threads were stopped: 0.0010044 seconds, Stopping threads took: 0.0005444 seconds
[2019-10-14T08:01:36.355+0000][1][safepoint    ] Application time: 1.0002884 seconds
[2019-10-14T08:01:36.356+0000][1][safepoint    ] Entering safepoint region: Cleanup
[2019-10-14T08:01:36.356+0000][1][safepoint    ] Leaving safepoint region
[2019-10-14T08:01:36.357+0000][1][safepoint    ] Total time for which application threads were stopped: 0.0017096 seconds, Stopping threads took: 0.0008266 seconds
[2019-10-14T08:01:37.360+0000][1][safepoint    ] Application time: 1.0025535 seconds
[2019-10-14T08:01:37.361+0000][1][safepoint    ] Entering safepoint region: Cleanup
[2019-10-14T08:01:37.362+0000][1][safepoint    ] Leaving safepoint region
[2019-10-14T08:01:37.362+0000][1][safepoint    ] Total time for which application threads were stopped: 0.0009671 seconds, Stopping threads took: 0.0005183 seconds
[2019-10-14T08:01:38.363+0000][1][safepoint    ] Application time: 1.0002561 seconds
[2019-10-14T08:01:38.364+0000][1][safepoint    ] Entering safepoint region: Cleanup
[2019-10-14T08:01:38.364+0000][1][safepoint    ] Leaving safepoint region
[2019-10-14T08:01:38.365+0000][1][safepoint    ] Total time for which application threads were stopped: 0.0010860 seconds, Stopping threads took: 0.0005354 seconds
[2019-10-14T08:01:39.367+0000][1][safepoint    ] Application time: 1.0015038 seconds
[2019-10-14T08:01:39.369+0000][1][safepoint    ] Entering safepoint region: Cleanup
[2019-10-14T08:01:39.370+0000][1][safepoint    ] Leaving safepoint region
[2019-10-14T08:01:39.371+0000][1][safepoint    ] Total time for which application threads were stopped: 0.0022340 seconds, Stopping threads took: 0.0013720 seconds
[2019-10-14T08:01:40.372+0000][1][safepoint    ] Application time: 1.0004574 seconds
[2019-10-14T08:01:40.374+0000][1][safepoint    ] Entering safepoint region: Cleanup
[2019-10-14T08:01:40.375+0000][1][safepoint    ] Leaving safepoint region
[2019-10-14T08:01:40.375+0000][1][safepoint    ] Total time for which application threads were stopped: 0.0009853 seconds, Stopping threads took: 0.0005478 seconds
[2019-10-14T08:01:41.379+0000][1][safepoint    ] Application time: 1.0036231 seconds
[2019-10-14T08:01:41.380+0000][1][safepoint    ] Entering safepoint region: Cleanup
[2019-10-14T08:01:41.381+0000][1][safepoint    ] Leaving safepoint region
[2019-10-14T08:01:41.381+0000][1][safepoint    ] Total time for which application threads were stopped: 0.0012904 seconds, Stopping threads took: 0.0004988 seconds
[2019-10-14T08:01:42.383+0000][1][safepoint    ] Application time: 1.0011144 seconds
[2019-10-14T08:01:42.384+0000][1][safepoint    ] Entering safepoint region: Cleanup
[2019-10-14T08:01:42.384+0000][1][safepoint    ] Leaving safepoint region
[2019-10-14T08:01:42.385+0000][1][safepoint    ] Total time for which application threads were stopped: 0.0011003 seconds, Stopping threads took: 0.0005286 seconds
[2019-10-14T08:01:43.390+0000][1][safepoint    ] Application time: 1.0043505 seconds
[2019-10-14T08:01:43.391+0000][1][safepoint    ] Entering safepoint region: Cleanup
[2019-10-14T08:01:43.392+0000][1][safepoint    ] Leaving safepoint region
[2019-10-14T08:01:43.393+0000][1][safepoint    ] Total time for which application threads were stopped: 0.0025422 seconds, Stopping threads took: 0.0012786 seconds
[2019-10-14T08:01:44.395+0000][1][safepoint    ] Application time: 1.0009118 seconds
[2019-10-14T08:01:44.396+0000][1][safepoint    ] Entering safepoint region: Cleanup
[2019-10-14T08:01:44.396+0000][1][safepoint    ] Leaving safepoint region
[2019-10-14T08:01:44.397+0000][1][safepoint    ] Total time for which application threads were stopped: 0.0013805 seconds, Stopping threads took: 0.0005181 seconds
[2019-10-14T08:01:45.398+0000][1][safepoint    ] Application time: 1.0002005 seconds
[2019-10-14T08:01:45.398+0000][1][safepoint    ] Entering safepoint region: Cleanup
[2019-10-14T08:01:45.399+0000][1][safepoint    ] Leaving safepoint region
[2019-10-14T08:01:45.400+0000][1][safepoint    ] Total time for which application threads were stopped: 0.0015221 seconds, Stopping threads took: 0.0007196 seconds
[2019-10-14T08:01:46.401+0000][1][safepoint    ] Application time: 1.0003076 seconds
[2019-10-14T08:01:46.401+0000][1][safepoint    ] Entering safepoint region: Cleanup
[2019-10-14T08:01:46.402+0000][1][safepoint    ] Leaving safepoint region
[2019-10-14T08:01:46.402+0000][1][safepoint    ] Total time for which application threads were stopped: 0.0009557 seconds, Stopping threads took: 0.0004123 seconds
[2019-10-14T08:01:47.406+0000][1][safepoint    ] Application time: 1.0038820 seconds
[2019-10-14T08:01:47.408+0000][1][safepoint    ] Entering safepoint region: Cleanup
[2019-10-14T08:01:47.408+0000][1][safepoint    ] Leaving safepoint region
[2019-10-14T08:01:47.409+0000][1][safepoint    ] Total time for which application threads were stopped: 0.0017446 seconds, Stopping threads took: 0.0007090 seconds
[2019-10-14T08:01:48.411+0000][1][safepoint    ] Application time: 1.0014385 seconds
[2019-10-14T08:01:48.412+0000][1][safepoint    ] Entering safepoint region: Cleanup
[2019-10-14T08:01:48.414+0000][1][safepoint    ] Leaving safepoint region
[2019-10-14T08:01:48.416+0000][1][safepoint    ] Total time for which application threads were stopped: 0.0038578 seconds, Stopping threads took: 0.0014094 seconds
[2019-10-14T08:01:49.419+0000][1][safepoint    ] Application time: 1.0009822 seconds
[2019-10-14T08:01:49.419+0000][1][safepoint    ] Entering safepoint region: Cleanup
[2019-10-14T08:01:49.420+0000][1][safepoint    ] Leaving safepoint region
[2019-10-14T08:01:49.420+0000][1][safepoint    ] Total time for which application threads were stopped: 0.0010672 seconds, Stopping threads took: 0.0004000 seconds
[2019-10-14T08:01:50.422+0000][1][safepoint    ] Application time: 1.0015684 seconds
[2019-10-14T08:01:50.428+0000][1][safepoint    ] Entering safepoint region: Cleanup
[2019-10-14T08:01:50.430+0000][1][safepoint    ] Leaving safepoint region
[2019-10-14T08:01:50.470+0000][1][safepoint    ] Total time for which application threads were stopped: 0.0422777 seconds, Stopping threads took: 0.0016400 seconds
[2019-10-14T08:01:51.474+0000][1][safepoint    ] Application time: 1.0009736 seconds
[2019-10-14T08:01:51.476+0000][1][safepoint    ] Entering safepoint region: Cleanup
[2019-10-14T08:01:51.477+0000][1][safepoint    ] Leaving safepoint region
[2019-10-14T08:01:51.479+0000][1][safepoint    ] Total time for which application threads were stopped: 0.0032016 seconds, Stopping threads took: 0.0010467 seconds
[2019-10-14T08:01:52.481+0000][1][safepoint    ] Application time: 1.0010921 seconds
[2019-10-14T08:01:52.483+0000][1][safepoint    ] Entering safepoint region: Cleanup
[2019-10-14T08:01:52.486+0000][1][safepoint    ] Leaving safepoint region
[2019-10-14T08:01:52.486+0000][1][safepoint    ] Total time for which application threads were stopped: 0.0035802 seconds, Stopping threads took: 0.0018833 seconds
[2019-10-14T08:01:53.491+0000][1][safepoint    ] Application time: 1.0044651 seconds
[2019-10-14T08:01:53.492+0000][1][safepoint    ] Entering safepoint region: Cleanup
[2019-10-14T08:01:53.492+0000][1][safepoint    ] Leaving safepoint region
[2019-10-14T08:01:53.493+0000][1][safepoint    ] Total time for which application threads were stopped: 0.0011858 seconds, Stopping threads took: 0.0005428 seconds
[2019-10-14T08:01:54.494+0000][1][safepoint    ] Application time: 1.0008295 seconds
[2019-10-14T08:01:54.495+0000][1][safepoint    ] Entering safepoint region: Cleanup
[2019-10-14T08:01:54.495+0000][1][safepoint    ] Leaving safepoint region
[2019-10-14T08:01:54.496+0000][1][safepoint    ] Total time for which application threads were stopped: 0.0010242 seconds, Stopping threads took: 0.0004857 seconds
[2019-10-14T08:01:55.498+0000][1][safepoint    ] Application time: 1.0014502 seconds
[2019-10-14T08:01:55.499+0000][1][safepoint    ] Entering safepoint region: Cleanup
[2019-10-14T08:01:55.499+0000][1][safepoint    ] Leaving safepoint region
[2019-10-14T08:01:55.500+0000][1][safepoint    ] Total time for which application threads were stopped: 0.0009194 seconds, Stopping threads took: 0.0004434 seconds
[2019-10-14T08:01:56.501+0000][1][safepoint    ] Application time: 1.0007018 seconds
[2019-10-14T08:01:56.501+0000][1][safepoint    ] Entering safepoint region: Cleanup
[2019-10-14T08:01:56.502+0000][1][safepoint    ] Leaving safepoint region
[2019-10-14T08:01:56.503+0000][1][safepoint    ] Total time for which application threads were stopped: 0.0015034 seconds, Stopping threads took: 0.0004546 seconds
[2019-10-14T08:01:57.504+0000][1][safepoint    ] Application time: 1.0008573 seconds
[2019-10-14T08:01:57.505+0000][1][safepoint    ] Entering safepoint region: Cleanup
[2019-10-14T08:01:57.506+0000][1][safepoint    ] Leaving safepoint region
[2019-10-14T08:01:57.507+0000][1][safepoint    ] Total time for which application threads were stopped: 0.0014547 seconds, Stopping threads took: 0.0006135 seconds
[2019-10-14T08:01:58.508+0000][1][safepoint    ] Application time: 1.0008762 seconds
[2019-10-14T08:01:58.509+0000][1][safepoint    ] Entering safepoint region: Cleanup
[2019-10-14T08:01:58.509+0000][1][safepoint    ] Leaving safepoint region
[2019-10-14T08:01:58.510+0000][1][safepoint    ] Total time for which application threads were stopped: 0.0010919 seconds, Stopping threads took: 0.0005828 seconds
[2019-10-14T08:01:59.511+0000][1][safepoint    ] Application time: 1.0008735 seconds
[2019-10-14T08:01:59.512+0000][1][safepoint    ] Entering safepoint region: Cleanup
[2019-10-14T08:01:59.512+0000][1][safepoint    ] Leaving safepoint region
[2019-10-14T08:01:59.512+0000][1][safepoint    ] Total time for which application threads were stopped: 0.0007197 seconds, Stopping threads took: 0.0003614 seconds
[2019-10-14T08:02:00.513+0000][1][safepoint    ] Application time: 1.0005881 seconds
[2019-10-14T08:02:00.514+0000][1][safepoint    ] Entering safepoint region: Cleanup
[2019-10-14T08:02:00.516+0000][1][safepoint    ] Leaving safepoint region
[2019-10-14T08:02:00.517+0000][1][safepoint    ] Total time for which application threads were stopped: 0.0029888 seconds, Stopping threads took: 0.0012413 seconds
[2019-10-14T08:02:01.518+0000][1][safepoint    ] Application time: 1.0003369 seconds
[2019-10-14T08:02:01.519+0000][1][safepoint    ] Entering safepoint region: Cleanup
[2019-10-14T08:02:01.520+0000][1][safepoint    ] Leaving safepoint region
[2019-10-14T08:02:01.521+0000][1][safepoint    ] Total time for which application threads were stopped: 0.0023359 seconds, Stopping threads took: 0.0013970 seconds
[2019-10-14T08:02:02.522+0000][1][safepoint    ] Application time: 1.0003040 seconds
[2019-10-14T08:02:02.523+0000][1][safepoint    ] Entering safepoint region: Cleanup
[2019-10-14T08:02:02.524+0000][1][safepoint    ] Leaving safepoint region
[2019-10-14T08:02:02.524+0000][1][safepoint    ] Total time for which application threads were stopped: 0.0009124 seconds, Stopping threads took: 0.0004786 seconds
[2019-10-14T08:02:03.506+0000][1][safepoint    ] Application time: 1.0032647 seconds
[2019-10-14T08:02:03.507+0000][1][safepoint    ] Entering safepoint region: Cleanup
[2019-10-14T08:02:03.507+0000][1][safepoint    ] Leaving safepoint region
[2019-10-14T08:02:03.508+0000][1][safepoint    ] Total time for which application threads were stopped: 0.0009316 seconds, Stopping threads took: 0.0003399 seconds
[2019-10-14T08:02:04.509+0000][1][safepoint    ] Application time: 1.0007884 seconds
[2019-10-14T08:02:04.510+0000][1][safepoint    ] Entering safepoint region: Cleanup
[2019-10-14T08:02:04.511+0000][1][safepoint    ] Leaving safepoint region
[2019-10-14T08:02:04.512+0000][1][safepoint    ] Total time for which application threads were stopped: 0.0014026 seconds, Stopping threads took: 0.0008161 seconds
[2019-10-14T08:02:05.514+0000][1][safepoint    ] Application time: 1.0023228 seconds
[2019-10-14T08:02:05.515+0000][1][safepoint    ] Entering safepoint region: Cleanup
[2019-10-14T08:02:05.516+0000][1][safepoint    ] Leaving safepoint region
[2019-10-14T08:02:05.516+0000][1][safepoint    ] Total time for which application threads were stopped: 0.0011516 seconds, Stopping threads took: 0.0004785 seconds
[2019-10-14T08:02:06.518+0000][1][safepoint    ] Application time: 1.0008301 seconds
[2019-10-14T08:02:06.519+0000][1][safepoint    ] Entering safepoint region: Cleanup
[2019-10-14T08:02:06.520+0000][1][safepoint    ] Leaving safepoint region
[2019-10-14T08:02:06.520+0000][1][safepoint    ] Total time for which application threads were stopped: 0.0014762 seconds, Stopping threads took: 0.0008540 seconds
[2019-10-14T08:02:07.524+0000][1][safepoint    ] Application time: 1.0031993 seconds
[2019-10-14T08:02:07.525+0000][1][safepoint    ] Entering safepoint region: Cleanup
[2019-10-14T08:02:07.526+0000][1][safepoint    ] Leaving safepoint region
[2019-10-14T08:02:07.526+0000][1][safepoint    ] Total time for which application threads were stopped: 0.0012827 seconds, Stopping threads took: 0.0006656 seconds
[2019-10-14T08:02:08.528+0000][1][safepoint    ] Application time: 1.0019355 seconds
[2019-10-14T08:02:08.529+0000][1][safepoint    ] Entering safepoint region: Cleanup
[2019-10-14T08:02:08.530+0000][1][safepoint    ] Leaving safepoint region
[2019-10-14T08:02:08.530+0000][1][safepoint    ] Total time for which application threads were stopped: 0.0009976 seconds, Stopping threads took: 0.0005573 seconds
[2019-10-14T08:02:09.530+0000][1][safepoint    ] Application time: 1.0001252 seconds
[2019-10-14T08:02:09.531+0000][1][safepoint    ] Entering safepoint region: Cleanup
[2019-10-14T08:02:09.532+0000][1][safepoint    ] Leaving safepoint region
[2019-10-14T08:02:09.533+0000][1][safepoint    ] Total time for which application threads were stopped: 0.0017519 seconds, Stopping threads took: 0.0012181 seconds
[2019-10-14T08:02:10.125+0000][1][safepoint    ] Application time: 0.5920480 seconds
[2019-10-14T08:02:10.126+0000][1][safepoint    ] Entering safepoint region: RevokeBias
[2019-10-14T08:02:10.127+0000][1][safepoint    ] Leaving safepoint region
[2019-10-14T08:02:10.128+0000][1][safepoint    ] Total time for which application threads were stopped: 0.0021552 seconds, Stopping threads took: 0.0008100 seconds
[2019-10-14T08:02:10.165+0000][1][safepoint    ] Application time: 0.0327246 seconds
[2019-10-14T08:02:10.166+0000][1][safepoint    ] Entering safepoint region: RevokeBias
[2019-10-14T08:02:10.167+0000][1][safepoint    ] Leaving safepoint region
[2019-10-14T08:02:10.169+0000][1][safepoint    ] Total time for which application threads were stopped: 0.0028370 seconds, Stopping threads took: 0.0004247 seconds
[2019-10-14T08:02:10.294+0000][1][safepoint    ] Application time: 0.1239308 seconds
[2019-10-14T08:02:10.296+0000][1][safepoint    ] Entering safepoint region: RevokeBias
[2019-10-14T08:02:10.297+0000][1][safepoint    ] Leaving safepoint region
[2019-10-14T08:02:10.297+0000][1][safepoint    ] Total time for which application threads were stopped: 0.0010288 seconds, Stopping threads took: 0.0005355 seconds
[2019-10-14T08:02:11.297+0000][1][safepoint    ] Application time: 0.9987915 seconds
[2019-10-14T08:02:11.299+0000][1][safepoint    ] Entering safepoint region: RevokeBias
[2019-10-14T08:02:11.300+0000][1][safepoint    ] Leaving safepoint region
[2019-10-14T08:02:11.300+0000][1][safepoint    ] Total time for which application threads were stopped: 0.0007799 seconds, Stopping threads took: 0.0003691 seconds
[2019-10-14T08:02:12.301+0000][1][safepoint    ] Application time: 1.0003037 seconds
[2019-10-14T08:02:12.302+0000][1][safepoint    ] Entering safepoint region: Cleanup
[2019-10-14T08:02:12.304+0000][1][safepoint    ] Leaving safepoint region
[2019-10-14T08:02:12.304+0000][1][safepoint    ] Total time for which application threads were stopped: 0.0020191 seconds, Stopping threads took: 0.0011726 seconds
[2019-10-14T08:02:13.305+0000][1][safepoint    ] Application time: 1.0003438 seconds
[2019-10-14T08:02:13.306+0000][1][safepoint    ] Entering safepoint region: Cleanup
[2019-10-14T08:02:13.306+0000][1][safepoint    ] Leaving safepoint region
[2019-10-14T08:02:13.307+0000][1][safepoint    ] Total time for which application threads were stopped: 0.0010169 seconds, Stopping threads took: 0.0004807 seconds
[2019-10-14T08:02:14.308+0000][1][safepoint    ] Application time: 1.0008884 seconds
[2019-10-14T08:02:14.309+0000][1][safepoint    ] Entering safepoint region: Cleanup
[2019-10-14T08:02:14.310+0000][1][safepoint    ] Leaving safepoint region
[2019-10-14T08:02:14.310+0000][1][safepoint    ] Total time for which application threads were stopped: 0.0011096 seconds, Stopping threads took: 0.0005197 seconds
[2019-10-14T08:02:15.311+0000][1][safepoint    ] Application time: 1.0001299 seconds
[2019-10-14T08:02:15.312+0000][1][safepoint    ] Entering safepoint region: Cleanup
[2019-10-14T08:02:15.312+0000][1][safepoint    ] Leaving safepoint region
[2019-10-14T08:02:15.313+0000][1][safepoint    ] Total time for which application threads were stopped: 0.0010764 seconds, Stopping threads took: 0.0004939 seconds
[2019-10-14T08:02:16.313+0000][1][safepoint    ] Application time: 1.0001922 seconds
[2019-10-14T08:02:16.314+0000][1][safepoint    ] Entering safepoint region: Cleanup
[2019-10-14T08:02:16.315+0000][1][safepoint    ] Leaving safepoint region
[2019-10-14T08:02:16.315+0000][1][safepoint    ] Total time for which application threads were stopped: 0.0012697 seconds, Stopping threads took: 0.0006229 seconds
[2019-10-14T08:02:17.316+0000][1][safepoint    ] Application time: 1.0006507 seconds
[2019-10-14T08:02:17.317+0000][1][safepoint    ] Entering safepoint region: Cleanup
[2019-10-14T08:02:17.317+0000][1][safepoint    ] Leaving safepoint region
[2019-10-14T08:02:17.318+0000][1][safepoint    ] Total time for which application threads were stopped: 0.0009081 seconds, Stopping threads took: 0.0004411 seconds
[2019-10-14T08:02:18.319+0000][1][safepoint    ] Application time: 1.0013567 seconds
[2019-10-14T08:02:18.320+0000][1][safepoint    ] Entering safepoint region: Cleanup
[2019-10-14T08:02:18.321+0000][1][safepoint    ] Leaving safepoint region
[2019-10-14T08:02:18.322+0000][1][safepoint    ] Total time for which application threads were stopped: 0.0014232 seconds, Stopping threads took: 0.0006956 seconds
[2019-10-14T08:02:19.322+0000][1][safepoint    ] Application time: 1.0002364 seconds
[2019-10-14T08:02:19.323+0000][1][safepoint    ] Entering safepoint region: Cleanup
[2019-10-14T08:02:19.324+0000][1][safepoint    ] Leaving safepoint region
[2019-10-14T08:02:19.324+0000][1][safepoint    ] Total time for which application threads were stopped: 0.0012544 seconds, Stopping threads took: 0.0004897 seconds
[2019-10-14T08:02:20.326+0000][1][safepoint    ] Application time: 1.0006591 seconds
[2019-10-14T08:02:20.326+0000][1][safepoint    ] Entering safepoint region: Cleanup
[2019-10-14T08:02:20.327+0000][1][safepoint    ] Leaving safepoint region
[2019-10-14T08:02:20.328+0000][1][safepoint    ] Total time for which application threads were stopped: 0.0013022 seconds, Stopping threads took: 0.0004222 seconds
[2019-10-14T08:02:21.328+0000][1][safepoint    ] Application time: 1.0002770 seconds
[2019-10-14T08:02:21.329+0000][1][safepoint    ] Entering safepoint region: Cleanup
[2019-10-14T08:02:21.329+0000][1][safepoint    ] Leaving safepoint region
[2019-10-14T08:02:21.330+0000][1][safepoint    ] Total time for which application threads were stopped: 0.0010175 seconds, Stopping threads took: 0.0004893 seconds
[2019-10-14T08:02:22.331+0000][1][safepoint    ] Application time: 1.0003636 seconds
[2019-10-14T08:02:22.332+0000][1][safepoint    ] Entering safepoint region: Cleanup
[2019-10-14T08:02:22.332+0000][1][safepoint    ] Leaving safepoint region
[2019-10-14T08:02:22.332+0000][1][safepoint    ] Total time for which application threads were stopped: 0.0008125 seconds, Stopping threads took: 0.0004276 seconds
[2019-10-14T08:02:23.333+0000][1][safepoint    ] Application time: 1.0002752 seconds
[2019-10-14T08:02:23.334+0000][1][safepoint    ] Entering safepoint region: Cleanup
[2019-10-14T08:02:23.334+0000][1][safepoint    ] Leaving safepoint region
[2019-10-14T08:02:23.335+0000][1][safepoint    ] Total time for which application threads were stopped: 0.0010021 seconds, Stopping threads took: 0.0004626 seconds
[2019-10-14T08:02:24.335+0000][1][safepoint    ] Application time: 1.0004730 seconds
[2019-10-14T08:02:24.336+0000][1][safepoint    ] Entering safepoint region: Cleanup
[2019-10-14T08:02:24.337+0000][1][safepoint    ] Leaving safepoint region
[2019-10-14T08:02:24.338+0000][1][safepoint    ] Total time for which application threads were stopped: 0.0012899 seconds, Stopping threads took: 0.0004451 seconds
[2019-10-14T08:02:25.339+0000][1][safepoint    ] Application time: 1.0005548 seconds
[2019-10-14T08:02:25.339+0000][1][safepoint    ] Entering safepoint region: Cleanup
[2019-10-14T08:02:25.340+0000][1][safepoint    ] Leaving safepoint region
[2019-10-14T08:02:25.340+0000][1][safepoint    ] Total time for which application threads were stopped: 0.0009501 seconds, Stopping threads took: 0.0004363 seconds
[2019-10-14T08:02:26.341+0000][1][safepoint    ] Application time: 1.0011696 seconds
[2019-10-14T08:02:26.342+0000][1][safepoint    ] Entering safepoint region: Cleanup
[2019-10-14T08:02:26.343+0000][1][safepoint    ] Leaving safepoint region
[2019-10-14T08:02:26.343+0000][1][safepoint    ] Total time for which application threads were stopped: 0.0009721 seconds, Stopping threads took: 0.0004833 seconds
[2019-10-14T08:02:27.344+0000][1][safepoint    ] Application time: 1.0003806 seconds
[2019-10-14T08:02:27.344+0000][1][safepoint    ] Entering safepoint region: Cleanup
[2019-10-14T08:02:27.345+0000][1][safepoint    ] Leaving safepoint region
[2019-10-14T08:02:27.345+0000][1][safepoint    ] Total time for which application threads were stopped: 0.0008452 seconds, Stopping threads took: 0.0004052 seconds
[2019-10-14T08:02:28.346+0000][1][safepoint    ] Application time: 1.0001802 seconds
[2019-10-14T08:02:28.346+0000][1][safepoint    ] Entering safepoint region: Cleanup
[2019-10-14T08:02:28.347+0000][1][safepoint    ] Leaving safepoint region
[2019-10-14T08:02:28.348+0000][1][safepoint    ] Total time for which application threads were stopped: 0.0016972 seconds, Stopping threads took: 0.0009120 seconds
[2019-10-14T08:02:29.349+0000][1][safepoint    ] Application time: 1.0003685 seconds
[2019-10-14T08:02:29.350+0000][1][safepoint    ] Entering safepoint region: Cleanup
[2019-10-14T08:02:29.350+0000][1][safepoint    ] Leaving safepoint region
[2019-10-14T08:02:29.351+0000][1][safepoint    ] Total time for which application threads were stopped: 0.0010307 seconds, Stopping threads took: 0.0006240 seconds
[2019-10-14T08:02:30.352+0000][1][safepoint    ] Application time: 1.0011892 seconds
[2019-10-14T08:02:30.353+0000][1][safepoint    ] Entering safepoint region: Cleanup
[2019-10-14T08:02:30.353+0000][1][safepoint    ] Leaving safepoint region
[2019-10-14T08:02:30.353+0000][1][safepoint    ] Total time for which application threads were stopped: 0.0006494 seconds, Stopping threads took: 0.0002995 seconds
[2019-10-14T08:02:31.354+0000][1][safepoint    ] Application time: 1.0008354 seconds
[2019-10-14T08:02:31.356+0000][1][safepoint    ] Entering safepoint region: Cleanup
[2019-10-14T08:02:31.356+0000][1][safepoint    ] Leaving safepoint region
[2019-10-14T08:02:31.357+0000][1][safepoint    ] Total time for which application threads were stopped: 0.0009749 seconds, Stopping threads took: 0.0004644 seconds
[2019-10-14T08:02:32.359+0000][1][safepoint    ] Application time: 1.0004875 seconds
[2019-10-14T08:02:32.359+0000][1][safepoint    ] Entering safepoint region: Cleanup
[2019-10-14T08:02:32.360+0000][1][safepoint    ] Leaving safepoint region
[2019-10-14T08:02:32.360+0000][1][safepoint    ] Total time for which application threads were stopped: 0.0008310 seconds, Stopping threads took: 0.0004280 seconds
[2019-10-14T08:02:33.339+0000][1][safepoint    ] Application time: 1.0002608 seconds
[2019-10-14T08:02:33.340+0000][1][safepoint    ] Entering safepoint region: Cleanup
[2019-10-14T08:02:33.341+0000][1][safepoint    ] Leaving safepoint region
[2019-10-14T08:02:33.341+0000][1][safepoint    ] Total time for which application threads were stopped: 0.0014943 seconds, Stopping threads took: 0.0008987 seconds
[2019-10-14T08:02:34.343+0000][1][safepoint    ] Application time: 1.0013942 seconds
[2019-10-14T08:02:34.344+0000][1][safepoint    ] Entering safepoint region: Cleanup
[2019-10-14T08:02:34.344+0000][1][safepoint    ] Leaving safepoint region
[2019-10-14T08:02:34.345+0000][1][safepoint    ] Total time for which application threads were stopped: 0.0009805 seconds, Stopping threads took: 0.0004061 seconds
[2019-10-14T08:02:35.345+0000][1][safepoint    ] Application time: 1.0001620 seconds
[2019-10-14T08:02:35.346+0000][1][safepoint    ] Entering safepoint region: Cleanup
[2019-10-14T08:02:35.346+0000][1][safepoint    ] Leaving safepoint region
[2019-10-14T08:02:35.348+0000][1][safepoint    ] Total time for which application threads were stopped: 0.0021105 seconds, Stopping threads took: 0.0004007 seconds
[2019-10-14T08:02:36.160+0000][1][safepoint    ] Application time: 0.8113199 seconds
[2019-10-14T08:02:36.160+0000][1][safepoint    ] Entering safepoint region: GenCollectForAllocation
[2019-10-14T08:02:36.161+0000][1][gc,start     ] GC(45) Pause Young (Allocation Failure)
[2019-10-14T08:02:36.161+0000][1][gc,task      ] GC(45) Using 2 workers of 2 for evacuation
[2019-10-14T08:02:36.165+0000][1][gc,age       ] GC(45) Desired survivor size 4456448 bytes, new threshold 6 (max threshold 6)
[2019-10-14T08:02:36.166+0000][1][gc,age       ] GC(45) Age table with threshold 6 (max threshold 6)
[2019-10-14T08:02:36.166+0000][1][gc,age       ] GC(45) - age   1:      67944 bytes,      67944 total
[2019-10-14T08:02:36.167+0000][1][gc,age       ] GC(45) - age   2:      11112 bytes,      79056 total
[2019-10-14T08:02:36.167+0000][1][gc,age       ] GC(45) - age   3:       3920 bytes,      82976 total
[2019-10-14T08:02:36.168+0000][1][gc,age       ] GC(45) - age   4:      18672 bytes,     101648 total
[2019-10-14T08:02:36.168+0000][1][gc,age       ] GC(45) - age   5:      72608 bytes,     174256 total
[2019-10-14T08:02:36.169+0000][1][gc,age       ] GC(45) - age   6:       4816 bytes,     179072 total
[2019-10-14T08:02:36.169+0000][1][gc,heap      ] GC(45) ParNew: 70504K->270K(78656K)
[2019-10-14T08:02:36.170+0000][1][gc,heap      ] GC(45) CMS: 72848K->72852K(174784K)
[2019-10-14T08:02:36.170+0000][1][gc,metaspace ] GC(45) Metaspace: 82112K->82112K(1124352K)
[2019-10-14T08:02:36.171+0000][1][gc           ] GC(45) Pause Young (Allocation Failure) 139M->71M(247M) 10.132ms
[2019-10-14T08:02:36.172+0000][1][gc,cpu       ] GC(45) User=0.01s Sys=0.00s Real=0.01s
[2019-10-14T08:02:36.172+0000][1][safepoint    ] Leaving safepoint region
[2019-10-14T08:02:36.172+0000][1][safepoint    ] Total time for which application threads were stopped: 0.0123060 seconds, Stopping threads took: 0.0004915 seconds
[2019-10-14T08:02:37.176+0000][1][safepoint    ] Application time: 1.0034405 seconds
[2019-10-14T08:02:37.180+0000][1][safepoint    ] Entering safepoint region: Cleanup
[2019-10-14T08:02:37.182+0000][1][safepoint    ] Leaving safepoint region
[2019-10-14T08:02:37.183+0000][1][safepoint    ] Total time for which application threads were stopped: 0.0032140 seconds, Stopping threads took: 0.0022765 seconds
[2019-10-14T08:02:38.186+0000][1][safepoint    ] Application time: 1.0017623 seconds
[2019-10-14T08:02:38.187+0000][1][safepoint    ] Entering safepoint region: Cleanup
[2019-10-14T08:02:38.188+0000][1][safepoint    ] Leaving safepoint region
[2019-10-14T08:02:38.189+0000][1][safepoint    ] Total time for which application threads were stopped: 0.0019768 seconds, Stopping threads took: 0.0011618 seconds
[2019-10-14T08:02:39.189+0000][1][safepoint    ] Application time: 1.0006538 seconds
[2019-10-14T08:02:39.190+0000][1][safepoint    ] Entering safepoint region: Cleanup
[2019-10-14T08:02:39.191+0000][1][safepoint    ] Leaving safepoint region
[2019-10-14T08:02:39.192+0000][1][safepoint    ] Total time for which application threads were stopped: 0.0014258 seconds, Stopping threads took: 0.0008840 seconds
[2019-10-14T08:02:40.213+0000][1][safepoint    ] Application time: 1.0181761 seconds
[2019-10-14T08:02:40.214+0000][1][safepoint    ] Entering safepoint region: Cleanup
[2019-10-14T08:02:40.215+0000][1][safepoint    ] Leaving safepoint region
[2019-10-14T08:02:40.216+0000][1][safepoint    ] Total time for which application threads were stopped: 0.0025402 seconds, Stopping threads took: 0.0005504 seconds
[2019-10-14T08:02:41.219+0000][1][safepoint    ] Application time: 1.0004994 seconds
[2019-10-14T08:02:41.219+0000][1][safepoint    ] Entering safepoint region: Cleanup
[2019-10-14T08:02:41.220+0000][1][safepoint    ] Leaving safepoint region
[2019-10-14T08:02:41.220+0000][1][safepoint    ] Total time for which application threads were stopped: 0.0009941 seconds, Stopping threads took: 0.0005093 seconds
[2019-10-14T08:02:42.221+0000][1][safepoint    ] Application time: 1.0003432 seconds
[2019-10-14T08:02:42.222+0000][1][safepoint    ] Entering safepoint region: Cleanup
[2019-10-14T08:02:42.222+0000][1][safepoint    ] Leaving safepoint region
[2019-10-14T08:02:42.223+0000][1][safepoint    ] Total time for which application threads were stopped: 0.0011628 seconds, Stopping threads took: 0.0005393 seconds
[2019-10-14T08:02:43.225+0000][1][safepoint    ] Application time: 1.0014328 seconds
[2019-10-14T08:02:43.226+0000][1][safepoint    ] Entering safepoint region: Cleanup
[2019-10-14T08:02:43.227+0000][1][safepoint    ] Leaving safepoint region
[2019-10-14T08:02:43.227+0000][1][safepoint    ] Total time for which application threads were stopped: 0.0012874 seconds, Stopping threads took: 0.0007207 seconds
[2019-10-14T08:02:44.229+0000][1][safepoint    ] Application time: 1.0012129 seconds
[2019-10-14T08:02:44.230+0000][1][safepoint    ] Entering safepoint region: Cleanup
[2019-10-14T08:02:44.231+0000][1][safepoint    ] Leaving safepoint region
[2019-10-14T08:02:44.231+0000][1][safepoint    ] Total time for which application threads were stopped: 0.0011858 seconds, Stopping threads took: 0.0007675 seconds
[2019-10-14T08:02:44.333+0000][1][safepoint    ] Application time: 0.0995413 seconds
[2019-10-14T08:02:44.333+0000][1][safepoint    ] Entering safepoint region: BulkRevokeBias
[2019-10-14T08:02:44.334+0000][1][safepoint    ] Leaving safepoint region
[2019-10-14T08:02:44.334+0000][1][safepoint    ] Total time for which application threads were stopped: 0.0012311 seconds, Stopping threads took: 0.0004313 seconds
[2019-10-14T08:02:44.335+0000][1][safepoint    ] Application time: 0.0008325 seconds
[2019-10-14T08:02:44.336+0000][1][safepoint    ] Entering safepoint region: RevokeBias
[2019-10-14T08:02:44.337+0000][1][safepoint    ] Leaving safepoint region
[2019-10-14T08:02:44.338+0000][1][safepoint    ] Total time for which application threads were stopped: 0.0021307 seconds, Stopping threads took: 0.0010030 seconds
[2019-10-14T08:02:44.432+0000][1][safepoint    ] Application time: 0.0936832 seconds
[2019-10-14T08:02:44.434+0000][1][safepoint    ] Entering safepoint region: RevokeBias
[2019-10-14T08:02:44.435+0000][1][safepoint    ] Leaving safepoint region
[2019-10-14T08:02:44.435+0000][1][safepoint    ] Total time for which application threads were stopped: 0.0016159 seconds, Stopping threads took: 0.0010289 seconds
[2019-10-14T08:02:44.439+0000][1][safepoint    ] Application time: 0.0032641 seconds
[2019-10-14T08:02:44.439+0000][1][safepoint    ] Entering safepoint region: RevokeBias
[2019-10-14T08:02:44.440+0000][1][safepoint    ] Leaving safepoint region
[2019-10-14T08:02:44.440+0000][1][safepoint    ] Total time for which application threads were stopped: 0.0007069 seconds, Stopping threads took: 0.0003664 seconds
[2019-10-14T08:02:44.441+0000][1][safepoint    ] Application time: 0.0000774 seconds
[2019-10-14T08:02:44.441+0000][1][safepoint    ] Entering safepoint region: RevokeBias
[2019-10-14T08:02:44.441+0000][1][safepoint    ] Leaving safepoint region
[2019-10-14T08:02:44.442+0000][1][safepoint    ] Total time for which application threads were stopped: 0.0006792 seconds, Stopping threads took: 0.0002869 seconds
[2019-10-14T08:02:44.442+0000][1][safepoint    ] Application time: 0.0000865 seconds
[2019-10-14T08:02:44.442+0000][1][safepoint    ] Entering safepoint region: RevokeBias
[2019-10-14T08:02:44.443+0000][1][safepoint    ] Leaving safepoint region
[2019-10-14T08:02:44.443+0000][1][safepoint    ] Total time for which application threads were stopped: 0.0008063 seconds, Stopping threads took: 0.0002800 seconds
[2019-10-14T08:02:44.444+0000][1][safepoint    ] Application time: 0.0000799 seconds
[2019-10-14T08:02:44.444+0000][1][safepoint    ] Entering safepoint region: RevokeBias
[2019-10-14T08:02:44.444+0000][1][safepoint    ] Leaving safepoint region
[2019-10-14T08:02:44.445+0000][1][safepoint    ] Total time for which application threads were stopped: 0.0007667 seconds, Stopping threads took: 0.0002843 seconds
[2019-10-14T08:02:44.445+0000][1][safepoint    ] Application time: 0.0001088 seconds
[2019-10-14T08:02:44.445+0000][1][safepoint    ] Entering safepoint region: RevokeBias
[2019-10-14T08:02:44.446+0000][1][safepoint    ] Leaving safepoint region
[2019-10-14T08:02:44.446+0000][1][safepoint    ] Total time for which application threads were stopped: 0.0006736 seconds, Stopping threads took: 0.0002703 seconds
[2019-10-14T08:02:44.446+0000][1][safepoint    ] Application time: 0.0000963 seconds
[2019-10-14T08:02:44.447+0000][1][safepoint    ] Entering safepoint region: RevokeBias
[2019-10-14T08:02:44.447+0000][1][safepoint    ] Leaving safepoint region
[2019-10-14T08:02:44.447+0000][1][safepoint    ] Total time for which application threads were stopped: 0.0006849 seconds, Stopping threads took: 0.0002953 seconds
[2019-10-14T08:02:44.448+0000][1][safepoint    ] Application time: 0.0002081 seconds
[2019-10-14T08:02:44.448+0000][1][safepoint    ] Entering safepoint region: RevokeBias
[2019-10-14T08:02:44.449+0000][1][safepoint    ] Leaving safepoint region
[2019-10-14T08:02:44.449+0000][1][safepoint    ] Total time for which application threads were stopped: 0.0009263 seconds, Stopping threads took: 0.0003356 seconds
[2019-10-14T08:02:44.450+0000][1][safepoint    ] Application time: 0.0001107 seconds
[2019-10-14T08:02:44.450+0000][1][safepoint    ] Entering safepoint region: RevokeBias
[2019-10-14T08:02:44.451+0000][1][safepoint    ] Leaving safepoint region
[2019-10-14T08:02:44.451+0000][1][safepoint    ] Total time for which application threads were stopped: 0.0007674 seconds, Stopping threads took: 0.0003476 seconds
[2019-10-14T08:02:44.451+0000][1][safepoint    ] Application time: 0.0000737 seconds
[2019-10-14T08:02:44.452+0000][1][safepoint    ] Entering safepoint region: RevokeBias
[2019-10-14T08:02:44.452+0000][1][safepoint    ] Leaving safepoint region
[2019-10-14T08:02:44.452+0000][1][safepoint    ] Total time for which application threads were stopped: 0.0006339 seconds, Stopping threads took: 0.0002936 seconds
[2019-10-14T08:02:44.455+0000][1][safepoint    ] Application time: 0.0002400 seconds
[2019-10-14T08:02:44.456+0000][1][safepoint    ] Entering safepoint region: RevokeBias
[2019-10-14T08:02:44.456+0000][1][safepoint    ] Leaving safepoint region
[2019-10-14T08:02:44.457+0000][1][safepoint    ] Total time for which application threads were stopped: 0.0012688 seconds, Stopping threads took: 0.0006122 seconds
[2019-10-14T08:02:44.460+0000][1][safepoint    ] Application time: 0.0001199 seconds
[2019-10-14T08:02:44.461+0000][1][safepoint    ] Entering safepoint region: RevokeBias
[2019-10-14T08:02:44.464+0000][1][safepoint    ] Leaving safepoint region
[2019-10-14T08:02:44.465+0000][1][safepoint    ] Total time for which application threads were stopped: 0.0034584 seconds, Stopping threads took: 0.0015532 seconds
[2019-10-14T08:02:44.466+0000][1][safepoint    ] Application time: 0.0001854 seconds
[2019-10-14T08:02:44.466+0000][1][safepoint    ] Entering safepoint region: RevokeBias
[2019-10-14T08:02:44.467+0000][1][safepoint    ] Leaving safepoint region
[2019-10-14T08:02:44.467+0000][1][safepoint    ] Total time for which application threads were stopped: 0.0007596 seconds, Stopping threads took: 0.0003386 seconds
[2019-10-14T08:02:44.467+0000][1][safepoint    ] Application time: 0.0001160 seconds
[2019-10-14T08:02:44.467+0000][1][safepoint    ] Entering safepoint region: RevokeBias
[2019-10-14T08:02:44.468+0000][1][safepoint    ] Leaving safepoint region
[2019-10-14T08:02:44.468+0000][1][safepoint    ] Total time for which application threads were stopped: 0.0007885 seconds, Stopping threads took: 0.0003548 seconds
[2019-10-14T08:02:44.469+0000][1][safepoint    ] Application time: 0.0000715 seconds
[2019-10-14T08:02:44.469+0000][1][safepoint    ] Entering safepoint region: RevokeBias
[2019-10-14T08:02:44.474+0000][1][safepoint    ] Leaving safepoint region
[2019-10-14T08:02:44.475+0000][1][safepoint    ] Total time for which application threads were stopped: 0.0062511 seconds, Stopping threads took: 0.0010202 seconds
[2019-10-14T08:02:44.485+0000][1][safepoint    ] Application time: 0.0088920 seconds
[2019-10-14T08:02:44.486+0000][1][safepoint    ] Entering safepoint region: RevokeBias
[2019-10-14T08:02:44.486+0000][1][safepoint    ] Leaving safepoint region
[2019-10-14T08:02:44.487+0000][1][safepoint    ] Total time for which application threads were stopped: 0.0013548 seconds, Stopping threads took: 0.0004371 seconds
[2019-10-14T08:02:44.488+0000][1][safepoint    ] Application time: 0.0004631 seconds
[2019-10-14T08:02:44.488+0000][1][safepoint    ] Entering safepoint region: RevokeBias
[2019-10-14T08:02:44.489+0000][1][safepoint    ] Leaving safepoint region
[2019-10-14T08:02:44.489+0000][1][safepoint    ] Total time for which application threads were stopped: 0.0013531 seconds, Stopping threads took: 0.0007438 seconds
[2019-10-14T08:02:44.490+0000][1][safepoint    ] Application time: 0.0002650 seconds
[2019-10-14T08:02:44.491+0000][1][safepoint    ] Entering safepoint region: RevokeBias
[2019-10-14T08:02:44.492+0000][1][safepoint    ] Leaving safepoint region
[2019-10-14T08:02:44.492+0000][1][safepoint    ] Total time for which application threads were stopped: 0.0011304 seconds, Stopping threads took: 0.0007564 seconds
[2019-10-14T08:02:44.492+0000][1][safepoint    ] Application time: 0.0000677 seconds
[2019-10-14T08:02:44.493+0000][1][safepoint    ] Entering safepoint region: RevokeBias
[2019-10-14T08:02:44.493+0000][1][safepoint    ] Leaving safepoint region
[2019-10-14T08:02:44.493+0000][1][safepoint    ] Total time for which application threads were stopped: 0.0007716 seconds, Stopping threads took: 0.0004018 seconds
[2019-10-14T08:02:44.494+0000][1][safepoint    ] Application time: 0.0000611 seconds
[2019-10-14T08:02:44.494+0000][1][safepoint    ] Entering safepoint region: RevokeBias
[2019-10-14T08:02:44.494+0000][1][safepoint    ] Leaving safepoint region
[2019-10-14T08:02:44.495+0000][1][safepoint    ] Total time for which application threads were stopped: 0.0009098 seconds, Stopping threads took: 0.0004895 seconds
[2019-10-14T08:02:44.495+0000][1][safepoint    ] Application time: 0.0001033 seconds
[2019-10-14T08:02:44.496+0000][1][safepoint    ] Entering safepoint region: BulkRevokeBias
[2019-10-14T08:02:44.497+0000][1][safepoint    ] Leaving safepoint region
[2019-10-14T08:02:44.497+0000][1][safepoint    ] Total time for which application threads were stopped: 0.0019297 seconds, Stopping threads took: 0.0004189 seconds
[2019-10-14T08:02:44.631+0000][1][safepoint    ] Application time: 0.1328682 seconds
[2019-10-14T08:02:44.634+0000][1][safepoint    ] Entering safepoint region: RevokeBias
[2019-10-14T08:02:44.635+0000][1][safepoint    ] Leaving safepoint region
[2019-10-14T08:02:44.636+0000][1][safepoint    ] Total time for which application threads were stopped: 0.0020955 seconds, Stopping threads took: 0.0011174 seconds
[2019-10-14T08:02:44.706+0000][1][safepoint    ] Application time: 0.0702603 seconds
[2019-10-14T08:02:44.707+0000][1][safepoint    ] Entering safepoint region: RevokeBias
[2019-10-14T08:02:44.707+0000][1][safepoint    ] Leaving safepoint region
[2019-10-14T08:02:44.707+0000][1][safepoint    ] Total time for which application threads were stopped: 0.0007027 seconds, Stopping threads took: 0.0003266 seconds
[2019-10-14T08:02:44.766+0000][1][safepoint    ] Application time: 0.0583816 seconds
[2019-10-14T08:02:44.766+0000][1][safepoint    ] Entering safepoint region: RevokeBias
[2019-10-14T08:02:44.767+0000][1][safepoint    ] Leaving safepoint region
[2019-10-14T08:02:44.767+0000][1][safepoint    ] Total time for which application threads were stopped: 0.0007935 seconds, Stopping threads took: 0.0002757 seconds
[2019-10-14T08:02:44.881+0000][1][safepoint    ] Application time: 0.1133105 seconds
[2019-10-14T08:02:44.881+0000][1][safepoint    ] Entering safepoint region: RevokeBias
[2019-10-14T08:02:44.882+0000][1][safepoint    ] Leaving safepoint region
[2019-10-14T08:02:44.882+0000][1][safepoint    ] Total time for which application threads were stopped: 0.0012977 seconds, Stopping threads took: 0.0005707 seconds
[2019-10-14T08:02:44.885+0000][1][safepoint    ] Application time: 0.0027040 seconds
[2019-10-14T08:02:44.886+0000][1][safepoint    ] Entering safepoint region: RevokeBias
[2019-10-14T08:02:44.886+0000][1][safepoint    ] Leaving safepoint region
[2019-10-14T08:02:44.886+0000][1][safepoint    ] Total time for which application threads were stopped: 0.0008184 seconds, Stopping threads took: 0.0004090 seconds
[2019-10-14T08:02:44.887+0000][1][safepoint    ] Application time: 0.0000538 seconds
[2019-10-14T08:02:44.887+0000][1][safepoint    ] Entering safepoint region: RevokeBias
[2019-10-14T08:02:44.888+0000][1][safepoint    ] Leaving safepoint region
[2019-10-14T08:02:44.889+0000][1][safepoint    ] Total time for which application threads were stopped: 0.0015431 seconds, Stopping threads took: 0.0009050 seconds
[2019-10-14T08:02:44.889+0000][1][safepoint    ] Application time: 0.0000863 seconds
[2019-10-14T08:02:44.889+0000][1][safepoint    ] Entering safepoint region: RevokeBias
[2019-10-14T08:02:44.890+0000][1][safepoint    ] Leaving safepoint region
[2019-10-14T08:02:44.890+0000][1][safepoint    ] Total time for which application threads were stopped: 0.0006847 seconds, Stopping threads took: 0.0002859 seconds
[2019-10-14T08:02:44.890+0000][1][safepoint    ] Application time: 0.0000817 seconds
[2019-10-14T08:02:44.891+0000][1][safepoint    ] Entering safepoint region: RevokeBias
[2019-10-14T08:02:44.891+0000][1][safepoint    ] Leaving safepoint region
[2019-10-14T08:02:44.891+0000][1][safepoint    ] Total time for which application threads were stopped: 0.0004379 seconds, Stopping threads took: 0.0001913 seconds
[2019-10-14T08:02:44.891+0000][1][safepoint    ] Application time: 0.0000363 seconds
[2019-10-14T08:02:44.892+0000][1][safepoint    ] Entering safepoint region: RevokeBias
[2019-10-14T08:02:44.892+0000][1][safepoint    ] Leaving safepoint region
[2019-10-14T08:02:44.892+0000][1][safepoint    ] Total time for which application threads were stopped: 0.0004614 seconds, Stopping threads took: 0.0001816 seconds
[2019-10-14T08:02:44.892+0000][1][safepoint    ] Application time: 0.0000331 seconds
[2019-10-14T08:02:44.892+0000][1][safepoint    ] Entering safepoint region: RevokeBias
[2019-10-14T08:02:44.893+0000][1][safepoint    ] Leaving safepoint region
[2019-10-14T08:02:44.893+0000][1][safepoint    ] Total time for which application threads were stopped: 0.0004666 seconds, Stopping threads took: 0.0001811 seconds
[2019-10-14T08:02:44.893+0000][1][safepoint    ] Application time: 0.0000897 seconds
[2019-10-14T08:02:44.893+0000][1][safepoint    ] Entering safepoint region: RevokeBias
[2019-10-14T08:02:44.894+0000][1][safepoint    ] Leaving safepoint region
[2019-10-14T08:02:44.894+0000][1][safepoint    ] Total time for which application threads were stopped: 0.0004600 seconds, Stopping threads took: 0.0001946 seconds
[2019-10-14T08:02:44.894+0000][1][safepoint    ] Application time: 0.0001275 seconds
[2019-10-14T08:02:44.895+0000][1][safepoint    ] Entering safepoint region: RevokeBias
[2019-10-14T08:02:44.895+0000][1][safepoint    ] Leaving safepoint region
[2019-10-14T08:02:44.895+0000][1][safepoint    ] Total time for which application threads were stopped: 0.0005276 seconds, Stopping threads took: 0.0002476 seconds
[2019-10-14T08:02:44.896+0000][1][safepoint    ] Application time: 0.0001036 seconds
[2019-10-14T08:02:44.896+0000][1][safepoint    ] Entering safepoint region: RevokeBias
[2019-10-14T08:02:44.896+0000][1][safepoint    ] Leaving safepoint region
[2019-10-14T08:02:44.896+0000][1][safepoint    ] Total time for which application threads were stopped: 0.0005759 seconds, Stopping threads took: 0.0003081 seconds
[2019-10-14T08:02:44.897+0000][1][safepoint    ] Application time: 0.0000492 seconds
[2019-10-14T08:02:44.897+0000][1][safepoint    ] Entering safepoint region: RevokeBias
[2019-10-14T08:02:44.897+0000][1][safepoint    ] Leaving safepoint region
[2019-10-14T08:02:44.897+0000][1][safepoint    ] Total time for which application threads were stopped: 0.0004326 seconds, Stopping threads took: 0.0001888 seconds
[2019-10-14T08:02:44.897+0000][1][safepoint    ] Application time: 0.0000367 seconds
[2019-10-14T08:02:44.898+0000][1][safepoint    ] Entering safepoint region: RevokeBias
[2019-10-14T08:02:44.898+0000][1][safepoint    ] Leaving safepoint region
[2019-10-14T08:02:44.898+0000][1][safepoint    ] Total time for which application threads were stopped: 0.0005264 seconds, Stopping threads took: 0.0002018 seconds
[2019-10-14T08:02:45.016+0000][1][safepoint    ] Application time: 0.1172591 seconds
[2019-10-14T08:02:45.016+0000][1][safepoint    ] Entering safepoint region: RevokeBias
[2019-10-14T08:02:45.017+0000][1][safepoint    ] Leaving safepoint region
[2019-10-14T08:02:45.017+0000][1][safepoint    ] Total time for which application threads were stopped: 0.0011176 seconds, Stopping threads took: 0.0005948 seconds
[2019-10-14T08:02:45.028+0000][1][safepoint    ] Application time: 0.0107003 seconds
[2019-10-14T08:02:45.031+0000][1][safepoint    ] Entering safepoint region: RevokeBias
[2019-10-14T08:02:45.033+0000][1][safepoint    ] Leaving safepoint region
[2019-10-14T08:02:45.034+0000][1][safepoint    ] Total time for which application threads were stopped: 0.0041602 seconds, Stopping threads took: 0.0024029 seconds
[2019-10-14T08:02:45.041+0000][1][safepoint    ] Application time: 0.0056200 seconds
[2019-10-14T08:02:45.042+0000][1][safepoint    ] Entering safepoint region: RevokeBias
[2019-10-14T08:02:45.043+0000][1][safepoint    ] Leaving safepoint region
[2019-10-14T08:02:45.043+0000][1][safepoint    ] Total time for which application threads were stopped: 0.0016818 seconds, Stopping threads took: 0.0010561 seconds
[2019-10-14T08:02:45.063+0000][1][safepoint    ] Application time: 0.0186470 seconds
[2019-10-14T08:02:45.067+0000][1][safepoint    ] Entering safepoint region: RevokeBias
[2019-10-14T08:02:45.067+0000][1][safepoint    ] Leaving safepoint region
[2019-10-14T08:02:45.070+0000][1][safepoint    ] Total time for which application threads were stopped: 0.0041499 seconds, Stopping threads took: 0.0017813 seconds
[2019-10-14T08:02:45.113+0000][1][safepoint    ] Application time: 0.0406045 seconds
[2019-10-14T08:02:45.113+0000][1][safepoint    ] Entering safepoint region: RevokeBias
[2019-10-14T08:02:45.114+0000][1][safepoint    ] Leaving safepoint region
[2019-10-14T08:02:45.114+0000][1][safepoint    ] Total time for which application threads were stopped: 0.0010404 seconds, Stopping threads took: 0.0005887 seconds
[2019-10-14T08:02:45.389+0000][1][safepoint    ] Application time: 0.2712289 seconds
[2019-10-14T08:02:45.390+0000][1][safepoint    ] Entering safepoint region: RevokeBias
[2019-10-14T08:02:45.391+0000][1][safepoint    ] Leaving safepoint region
[2019-10-14T08:02:45.391+0000][1][safepoint    ] Total time for which application threads were stopped: 0.0009911 seconds, Stopping threads took: 0.0002848 seconds
[2019-10-14T08:02:45.392+0000][1][safepoint    ] Application time: 0.0002194 seconds
[2019-10-14T08:02:45.392+0000][1][safepoint    ] Entering safepoint region: RevokeBias
[2019-10-14T08:02:45.392+0000][1][safepoint    ] Leaving safepoint region
[2019-10-14T08:02:45.393+0000][1][safepoint    ] Total time for which application threads were stopped: 0.0006666 seconds, Stopping threads took: 0.0002675 seconds
[2019-10-14T08:02:45.454+0000][1][safepoint    ] Application time: 0.0614003 seconds
[2019-10-14T08:02:45.455+0000][1][safepoint    ] Entering safepoint region: RevokeBias
[2019-10-14T08:02:45.456+0000][1][safepoint    ] Leaving safepoint region
[2019-10-14T08:02:45.457+0000][1][safepoint    ] Total time for which application threads were stopped: 0.0012732 seconds, Stopping threads took: 0.0006624 seconds
[2019-10-14T08:02:45.501+0000][1][safepoint    ] Application time: 0.0445504 seconds
[2019-10-14T08:02:45.502+0000][1][safepoint    ] Entering safepoint region: RevokeBias
[2019-10-14T08:02:45.502+0000][1][safepoint    ] Leaving safepoint region
[2019-10-14T08:02:45.503+0000][1][safepoint    ] Total time for which application threads were stopped: 0.0009169 seconds, Stopping threads took: 0.0003245 seconds
[2019-10-14T08:02:45.503+0000][1][safepoint    ] Application time: 0.0003832 seconds
[2019-10-14T08:02:45.504+0000][1][safepoint    ] Entering safepoint region: RevokeBias
[2019-10-14T08:02:45.504+0000][1][safepoint    ] Leaving safepoint region
[2019-10-14T08:02:45.505+0000][1][safepoint    ] Total time for which application threads were stopped: 0.0007767 seconds, Stopping threads took: 0.0003738 seconds
[2019-10-14T08:02:45.506+0000][1][safepoint    ] Application time: 0.0007823 seconds
[2019-10-14T08:02:45.506+0000][1][safepoint    ] Entering safepoint region: RevokeBias
[2019-10-14T08:02:45.507+0000][1][safepoint    ] Leaving safepoint region
[2019-10-14T08:02:45.507+0000][1][safepoint    ] Total time for which application threads were stopped: 0.0011205 seconds, Stopping threads took: 0.0005378 seconds
[2019-10-14T08:02:45.508+0000][1][safepoint    ] Application time: 0.0005931 seconds
[2019-10-14T08:02:45.509+0000][1][safepoint    ] Entering safepoint region: RevokeBias
[2019-10-14T08:02:45.509+0000][1][safepoint    ] Leaving safepoint region
[2019-10-14T08:02:45.510+0000][1][safepoint    ] Total time for which application threads were stopped: 0.0009337 seconds, Stopping threads took: 0.0004419 seconds
[2019-10-14T08:02:45.510+0000][1][safepoint    ] Application time: 0.0001905 seconds
[2019-10-14T08:02:45.511+0000][1][safepoint    ] Entering safepoint region: RevokeBias
[2019-10-14T08:02:45.512+0000][1][safepoint    ] Leaving safepoint region
[2019-10-14T08:02:45.512+0000][1][safepoint    ] Total time for which application threads were stopped: 0.0011380 seconds, Stopping threads took: 0.0004231 seconds
[2019-10-14T08:02:45.513+0000][1][safepoint    ] Application time: 0.0004603 seconds
[2019-10-14T08:02:45.513+0000][1][safepoint    ] Entering safepoint region: RevokeBias
[2019-10-14T08:02:45.514+0000][1][safepoint    ] Leaving safepoint region
[2019-10-14T08:02:45.514+0000][1][safepoint    ] Total time for which application threads were stopped: 0.0008708 seconds, Stopping threads took: 0.0004574 seconds
[2019-10-14T08:02:45.515+0000][1][safepoint    ] Application time: 0.0006071 seconds
[2019-10-14T08:02:45.516+0000][1][safepoint    ] Entering safepoint region: RevokeBias
[2019-10-14T08:02:45.517+0000][1][safepoint    ] Leaving safepoint region
[2019-10-14T08:02:45.517+0000][1][safepoint    ] Total time for which application threads were stopped: 0.0010541 seconds, Stopping threads took: 0.0004755 seconds
[2019-10-14T08:02:45.551+0000][1][safepoint    ] Application time: 0.0332676 seconds
[2019-10-14T08:02:45.551+0000][1][safepoint    ] Entering safepoint region: RevokeBias
[2019-10-14T08:02:45.552+0000][1][safepoint    ] Leaving safepoint region
[2019-10-14T08:02:45.552+0000][1][safepoint    ] Total time for which application threads were stopped: 0.0008500 seconds, Stopping threads took: 0.0004366 seconds
[2019-10-14T08:02:45.731+0000][1][safepoint    ] Application time: 0.1786758 seconds
[2019-10-14T08:02:45.731+0000][1][safepoint    ] Entering safepoint region: RevokeBias
[2019-10-14T08:02:45.732+0000][1][safepoint    ] Leaving safepoint region
[2019-10-14T08:02:45.732+0000][1][safepoint    ] Total time for which application threads were stopped: 0.0010855 seconds, Stopping threads took: 0.0004369 seconds
[2019-10-14T08:02:45.831+0000][1][safepoint    ] Application time: 0.0972585 seconds
[2019-10-14T08:02:45.831+0000][1][safepoint    ] Entering safepoint region: RevokeBias
[2019-10-14T08:02:45.833+0000][1][safepoint    ] Leaving safepoint region
[2019-10-14T08:02:45.834+0000][1][safepoint    ] Total time for which application threads were stopped: 0.0026173 seconds, Stopping threads took: 0.0006007 seconds
[2019-10-14T08:02:45.837+0000][1][safepoint    ] Application time: 0.0024847 seconds
[2019-10-14T08:02:45.839+0000][1][safepoint    ] Entering safepoint region: RevokeBias
[2019-10-14T08:02:45.840+0000][1][safepoint    ] Leaving safepoint region
[2019-10-14T08:02:45.841+0000][1][safepoint    ] Total time for which application threads were stopped: 0.0018903 seconds, Stopping threads took: 0.0010728 seconds
[2019-10-14T08:02:45.842+0000][1][safepoint    ] Application time: 0.0003903 seconds
[2019-10-14T08:02:45.842+0000][1][safepoint    ] Entering safepoint region: RevokeBias
[2019-10-14T08:02:45.843+0000][1][safepoint    ] Leaving safepoint region
[2019-10-14T08:02:45.843+0000][1][safepoint    ] Total time for which application threads were stopped: 0.0010032 seconds, Stopping threads took: 0.0005754 seconds
[2019-10-14T08:02:45.845+0000][1][safepoint    ] Application time: 0.0011805 seconds
[2019-10-14T08:02:45.845+0000][1][safepoint    ] Entering safepoint region: RevokeBias
[2019-10-14T08:02:45.846+0000][1][safepoint    ] Leaving safepoint region
[2019-10-14T08:02:45.846+0000][1][safepoint    ] Total time for which application threads were stopped: 0.0010404 seconds, Stopping threads took: 0.0004988 seconds
[2019-10-14T08:02:45.853+0000][1][safepoint    ] Application time: 0.0066326 seconds
[2019-10-14T08:02:45.854+0000][1][safepoint    ] Entering safepoint region: RevokeBias
[2019-10-14T08:02:45.855+0000][1][safepoint    ] Leaving safepoint region
[2019-10-14T08:02:45.856+0000][1][safepoint    ] Total time for which application threads were stopped: 0.0016578 seconds, Stopping threads took: 0.0004292 seconds
[2019-10-14T08:02:45.962+0000][1][safepoint    ] Application time: 0.1056640 seconds
[2019-10-14T08:02:45.963+0000][1][safepoint    ] Entering safepoint region: RevokeBias
[2019-10-14T08:02:45.963+0000][1][safepoint    ] Leaving safepoint region
[2019-10-14T08:02:45.963+0000][1][safepoint    ] Total time for which application threads were stopped: 0.0009265 seconds, Stopping threads took: 0.0004905 seconds
[2019-10-14T08:02:46.012+0000][1][safepoint    ] Application time: 0.0487177 seconds
[2019-10-14T08:02:46.013+0000][1][safepoint    ] Entering safepoint region: GenCollectForAllocation
[2019-10-14T08:02:46.014+0000][1][gc,start     ] GC(46) Pause Young (Allocation Failure)
[2019-10-14T08:02:46.014+0000][1][gc,task      ] GC(46) Using 2 workers of 2 for evacuation
[2019-10-14T08:02:46.019+0000][1][gc,age       ] GC(46) Desired survivor size 4456448 bytes, new threshold 6 (max threshold 6)
[2019-10-14T08:02:46.020+0000][1][gc,age       ] GC(46) Age table with threshold 6 (max threshold 6)
[2019-10-14T08:02:46.020+0000][1][gc,age       ] GC(46) - age   1:     799376 bytes,     799376 total
[2019-10-14T08:02:46.020+0000][1][gc,age       ] GC(46) - age   2:      46072 bytes,     845448 total
[2019-10-14T08:02:46.021+0000][1][gc,age       ] GC(46) - age   3:      11112 bytes,     856560 total
[2019-10-14T08:02:46.021+0000][1][gc,age       ] GC(46) - age   4:       3488 bytes,     860048 total
[2019-10-14T08:02:46.021+0000][1][gc,age       ] GC(46) - age   5:      15344 bytes,     875392 total
[2019-10-14T08:02:46.021+0000][1][gc,age       ] GC(46) - age   6:      72536 bytes,     947928 total
[2019-10-14T08:02:46.022+0000][1][gc,heap      ] GC(46) ParNew: 70222K->1057K(78656K)
[2019-10-14T08:02:46.022+0000][1][gc,heap      ] GC(46) CMS: 72852K->72856K(174784K)
[2019-10-14T08:02:46.023+0000][1][gc,metaspace ] GC(46) Metaspace: 82287K->82287K(1124352K)
[2019-10-14T08:02:46.023+0000][1][gc           ] GC(46) Pause Young (Allocation Failure) 139M->72M(247M) 9.593ms
[2019-10-14T08:02:46.024+0000][1][gc,cpu       ] GC(46) User=0.01s Sys=0.00s Real=0.01s
[2019-10-14T08:02:46.024+0000][1][safepoint    ] Leaving safepoint region
[2019-10-14T08:02:46.025+0000][1][safepoint    ] Total time for which application threads were stopped: 0.0116824 seconds, Stopping threads took: 0.0004535 seconds
[2019-10-14T08:02:46.047+0000][1][safepoint    ] Application time: 0.0223109 seconds
[2019-10-14T08:02:46.049+0000][1][safepoint    ] Entering safepoint region: BulkRevokeBias
[2019-10-14T08:02:46.050+0000][1][safepoint    ] Leaving safepoint region
[2019-10-14T08:02:46.050+0000][1][safepoint    ] Total time for which application threads were stopped: 0.0013310 seconds, Stopping threads took: 0.0004665 seconds
[2019-10-14T08:02:46.089+0000][1][safepoint    ] Application time: 0.0384475 seconds
[2019-10-14T08:02:46.090+0000][1][safepoint    ] Entering safepoint region: RevokeBias
[2019-10-14T08:02:46.090+0000][1][safepoint    ] Leaving safepoint region
[2019-10-14T08:02:46.091+0000][1][safepoint    ] Total time for which application threads were stopped: 0.0012602 seconds, Stopping threads took: 0.0007757 seconds
[2019-10-14T08:02:46.091+0000][1][safepoint    ] Application time: 0.0002670 seconds
[2019-10-14T08:02:46.092+0000][1][safepoint    ] Entering safepoint region: BulkRevokeBias
[2019-10-14T08:02:46.093+0000][1][safepoint    ] Leaving safepoint region
[2019-10-14T08:02:46.093+0000][1][safepoint    ] Total time for which application threads were stopped: 0.0013051 seconds, Stopping threads took: 0.0004918 seconds
[2019-10-14T08:02:46.108+0000][1][safepoint    ] Application time: 0.0142952 seconds
[2019-10-14T08:02:46.108+0000][1][safepoint    ] Entering safepoint region: RevokeBias
[2019-10-14T08:02:46.109+0000][1][safepoint    ] Leaving safepoint region
[2019-10-14T08:02:46.109+0000][1][safepoint    ] Total time for which application threads were stopped: 0.0008747 seconds, Stopping threads took: 0.0004461 seconds
[2019-10-14T08:02:46.307+0000][1][safepoint    ] Application time: 0.1973281 seconds
[2019-10-14T08:02:46.307+0000][1][safepoint    ] Entering safepoint region: RevokeBias
[2019-10-14T08:02:46.308+0000][1][safepoint    ] Leaving safepoint region
[2019-10-14T08:02:46.309+0000][1][safepoint    ] Total time for which application threads were stopped: 0.0020915 seconds, Stopping threads took: 0.0005067 seconds
[2019-10-14T08:02:46.310+0000][1][safepoint    ] Application time: 0.0004996 seconds
[2019-10-14T08:02:46.311+0000][1][safepoint    ] Entering safepoint region: RevokeBias
[2019-10-14T08:02:46.312+0000][1][safepoint    ] Leaving safepoint region
[2019-10-14T08:02:46.312+0000][1][safepoint    ] Total time for which application threads were stopped: 0.0011666 seconds, Stopping threads took: 0.0006282 seconds
[2019-10-14T08:02:46.395+0000][1][safepoint    ] Application time: 0.0808308 seconds
[2019-10-14T08:02:46.401+0000][1][safepoint    ] Entering safepoint region: RevokeBias
[2019-10-14T08:02:46.402+0000][1][safepoint    ] Leaving safepoint region
[2019-10-14T08:02:46.403+0000][1][safepoint    ] Total time for which application threads were stopped: 0.0017487 seconds, Stopping threads took: 0.0007874 seconds
[2019-10-14T08:02:46.414+0000][1][safepoint    ] Application time: 0.0110736 seconds
[2019-10-14T08:02:46.419+0000][1][safepoint    ] Entering safepoint region: RevokeBias
[2019-10-14T08:02:46.420+0000][1][safepoint    ] Leaving safepoint region
[2019-10-14T08:02:46.420+0000][1][safepoint    ] Total time for which application threads were stopped: 0.0053789 seconds, Stopping threads took: 0.0043013 seconds
[2019-10-14T08:02:46.518+0000][1][safepoint    ] Application time: 0.0975348 seconds
[2019-10-14T08:02:46.525+0000][1][safepoint    ] Entering safepoint region: RevokeBias
[2019-10-14T08:02:46.526+0000][1][safepoint    ] Leaving safepoint region
[2019-10-14T08:02:46.526+0000][1][safepoint    ] Total time for which application threads were stopped: 0.0062936 seconds, Stopping threads took: 0.0056339 seconds
[2019-10-14T08:02:46.528+0000][1][safepoint    ] Application time: 0.0009918 seconds
[2019-10-14T08:02:46.528+0000][1][safepoint    ] Entering safepoint region: RevokeBias
[2019-10-14T08:02:46.529+0000][1][safepoint    ] Leaving safepoint region
[2019-10-14T08:02:46.529+0000][1][safepoint    ] Total time for which application threads were stopped: 0.0011711 seconds, Stopping threads took: 0.0006134 seconds
[2019-10-14T08:02:46.531+0000][1][safepoint    ] Application time: 0.0011721 seconds
[2019-10-14T08:02:46.532+0000][1][safepoint    ] Entering safepoint region: RevokeBias
[2019-10-14T08:02:46.532+0000][1][safepoint    ] Leaving safepoint region
[2019-10-14T08:02:46.533+0000][1][safepoint    ] Total time for which application threads were stopped: 0.0008784 seconds, Stopping threads took: 0.0005109 seconds
[2019-10-14T08:02:46.533+0000][1][safepoint    ] Application time: 0.0001963 seconds
[2019-10-14T08:02:46.534+0000][1][safepoint    ] Entering safepoint region: RevokeBias
[2019-10-14T08:02:46.534+0000][1][safepoint    ] Leaving safepoint region
[2019-10-14T08:02:46.535+0000][1][safepoint    ] Total time for which application threads were stopped: 0.0009824 seconds, Stopping threads took: 0.0004844 seconds
[2019-10-14T08:02:46.535+0000][1][safepoint    ] Application time: 0.0002752 seconds
[2019-10-14T08:02:46.536+0000][1][safepoint    ] Entering safepoint region: RevokeBias
[2019-10-14T08:02:46.536+0000][1][safepoint    ] Leaving safepoint region
[2019-10-14T08:02:46.537+0000][1][safepoint    ] Total time for which application threads were stopped: 0.0009854 seconds, Stopping threads took: 0.0004145 seconds
[2019-10-14T08:02:46.537+0000][1][safepoint    ] Application time: 0.0002826 seconds
[2019-10-14T08:02:46.538+0000][1][safepoint    ] Entering safepoint region: RevokeBias
[2019-10-14T08:02:46.540+0000][1][safepoint    ] Leaving safepoint region
[2019-10-14T08:02:46.541+0000][1][safepoint    ] Total time for which application threads were stopped: 0.0030553 seconds, Stopping threads took: 0.0011730 seconds
[2019-10-14T08:02:46.605+0000][1][safepoint    ] Application time: 0.0638616 seconds
[2019-10-14T08:02:46.606+0000][1][safepoint    ] Entering safepoint region: RevokeBias
[2019-10-14T08:02:46.606+0000][1][safepoint    ] Leaving safepoint region
[2019-10-14T08:02:46.607+0000][1][safepoint    ] Total time for which application threads were stopped: 0.0010778 seconds, Stopping threads took: 0.0004986 seconds
[2019-10-14T08:02:46.629+0000][1][safepoint    ] Application time: 0.0216280 seconds
[2019-10-14T08:02:46.629+0000][1][safepoint    ] Entering safepoint region: RevokeBias
[2019-10-14T08:02:46.630+0000][1][safepoint    ] Leaving safepoint region
[2019-10-14T08:02:46.632+0000][1][safepoint    ] Total time for which application threads were stopped: 0.0023517 seconds, Stopping threads took: 0.0004807 seconds
[2019-10-14T08:02:46.669+0000][1][safepoint    ] Application time: 0.0368815 seconds
[2019-10-14T08:02:46.670+0000][1][safepoint    ] Entering safepoint region: RevokeBias
[2019-10-14T08:02:46.671+0000][1][safepoint    ] Leaving safepoint region
[2019-10-14T08:02:46.672+0000][1][safepoint    ] Total time for which application threads were stopped: 0.0020370 seconds, Stopping threads took: 0.0014811 seconds
[2019-10-14T08:02:46.781+0000][1][safepoint    ] Application time: 0.1090156 seconds
[2019-10-14T08:02:46.781+0000][1][safepoint    ] Entering safepoint region: RevokeBias
[2019-10-14T08:02:46.782+0000][1][safepoint    ] Leaving safepoint region
[2019-10-14T08:02:46.782+0000][1][safepoint    ] Total time for which application threads were stopped: 0.0006268 seconds, Stopping threads took: 0.0002687 seconds
[2019-10-14T08:02:46.979+0000][1][safepoint    ] Application time: 0.1968206 seconds
[2019-10-14T08:02:46.987+0000][1][safepoint    ] Entering safepoint region: RevokeBias
[2019-10-14T08:02:46.988+0000][1][safepoint    ] Leaving safepoint region
[2019-10-14T08:02:46.989+0000][1][safepoint    ] Total time for which application threads were stopped: 0.0086445 seconds, Stopping threads took: 0.0076743 seconds
[2019-10-14T08:02:47.045+0000][1][safepoint    ] Application time: 0.0561784 seconds
[2019-10-14T08:02:47.046+0000][1][safepoint    ] Entering safepoint region: RevokeBias
[2019-10-14T08:02:47.047+0000][1][safepoint    ] Leaving safepoint region
[2019-10-14T08:02:47.049+0000][1][safepoint    ] Total time for which application threads were stopped: 0.0028367 seconds, Stopping threads took: 0.0006837 seconds
[2019-10-14T08:02:47.232+0000][1][safepoint    ] Application time: 0.1822514 seconds
[2019-10-14T08:02:47.232+0000][1][safepoint    ] Entering safepoint region: RevokeBias
[2019-10-14T08:02:47.233+0000][1][safepoint    ] Leaving safepoint region
[2019-10-14T08:02:47.233+0000][1][safepoint    ] Total time for which application threads were stopped: 0.0008894 seconds, Stopping threads took: 0.0003522 seconds
[2019-10-14T08:02:47.410+0000][1][safepoint    ] Application time: 0.1769495 seconds
[2019-10-14T08:02:47.411+0000][1][safepoint    ] Entering safepoint region: RevokeBias
[2019-10-14T08:02:47.411+0000][1][safepoint    ] Leaving safepoint region
[2019-10-14T08:02:47.412+0000][1][safepoint    ] Total time for which application threads were stopped: 0.0009534 seconds, Stopping threads took: 0.0004267 seconds
[2019-10-14T08:02:47.486+0000][1][safepoint    ] Application time: 0.0743437 seconds
[2019-10-14T08:02:47.487+0000][1][safepoint    ] Entering safepoint region: RevokeBias
[2019-10-14T08:02:47.488+0000][1][safepoint    ] Leaving safepoint region
[2019-10-14T08:02:47.488+0000][1][safepoint    ] Total time for which application threads were stopped: 0.0012415 seconds, Stopping threads took: 0.0007107 seconds
[2019-10-14T08:02:47.489+0000][1][safepoint    ] Application time: 0.0004819 seconds
[2019-10-14T08:02:47.489+0000][1][safepoint    ] Entering safepoint region: RevokeBias
[2019-10-14T08:02:47.489+0000][1][safepoint    ] Leaving safepoint region
[2019-10-14T08:02:47.490+0000][1][safepoint    ] Total time for which application threads were stopped: 0.0007098 seconds, Stopping threads took: 0.0002588 seconds
[2019-10-14T08:02:47.494+0000][1][safepoint    ] Application time: 0.0042206 seconds
[2019-10-14T08:02:47.496+0000][1][safepoint    ] Entering safepoint region: RevokeBias
[2019-10-14T08:02:47.497+0000][1][safepoint    ] Leaving safepoint region
[2019-10-14T08:02:47.497+0000][1][safepoint    ] Total time for which application threads were stopped: 0.0023888 seconds, Stopping threads took: 0.0019049 seconds
[2019-10-14T08:02:47.502+0000][1][safepoint    ] Application time: 0.0044040 seconds
[2019-10-14T08:02:47.537+0000][1][safepoint    ] Entering safepoint region: RevokeBias
[2019-10-14T08:02:47.538+0000][1][safepoint    ] Leaving safepoint region
[2019-10-14T08:02:47.539+0000][1][safepoint    ] Total time for which application threads were stopped: 0.0364647 seconds, Stopping threads took: 0.0358834 seconds
[2019-10-14T08:02:47.540+0000][1][safepoint    ] Application time: 0.0004413 seconds
[2019-10-14T08:02:47.541+0000][1][safepoint    ] Entering safepoint region: RevokeBias
[2019-10-14T08:02:47.541+0000][1][safepoint    ] Leaving safepoint region
[2019-10-14T08:02:47.541+0000][1][safepoint    ] Total time for which application threads were stopped: 0.0009619 seconds, Stopping threads took: 0.0003999 seconds
[2019-10-14T08:02:47.543+0000][1][safepoint    ] Application time: 0.0014818 seconds
[2019-10-14T08:02:47.544+0000][1][safepoint    ] Entering safepoint region: RevokeBias
[2019-10-14T08:02:47.545+0000][1][safepoint    ] Leaving safepoint region
[2019-10-14T08:02:47.545+0000][1][safepoint    ] Total time for which application threads were stopped: 0.0012630 seconds, Stopping threads took: 0.0005843 seconds
[2019-10-14T08:02:47.552+0000][1][safepoint    ] Application time: 0.0062663 seconds
[2019-10-14T08:02:47.552+0000][1][safepoint    ] Entering safepoint region: RevokeBias
[2019-10-14T08:02:47.553+0000][1][safepoint    ] Leaving safepoint region
[2019-10-14T08:02:47.553+0000][1][safepoint    ] Total time for which application threads were stopped: 0.0007330 seconds, Stopping threads took: 0.0003366 seconds
[2019-10-14T08:02:47.554+0000][1][safepoint    ] Application time: 0.0009809 seconds
[2019-10-14T08:02:47.555+0000][1][safepoint    ] Entering safepoint region: RevokeBias
[2019-10-14T08:02:47.555+0000][1][safepoint    ] Leaving safepoint region
[2019-10-14T08:02:47.556+0000][1][safepoint    ] Total time for which application threads were stopped: 0.0008481 seconds, Stopping threads took: 0.0004948 seconds
[2019-10-14T08:02:47.556+0000][1][safepoint    ] Application time: 0.0003063 seconds
[2019-10-14T08:02:47.557+0000][1][safepoint    ] Entering safepoint region: RevokeBias
[2019-10-14T08:02:47.558+0000][1][safepoint    ] Leaving safepoint region
[2019-10-14T08:02:47.558+0000][1][safepoint    ] Total time for which application threads were stopped: 0.0012323 seconds, Stopping threads took: 0.0003697 seconds
[2019-10-14T08:02:47.566+0000][1][safepoint    ] Application time: 0.0064874 seconds
[2019-10-14T08:02:47.566+0000][1][safepoint    ] Entering safepoint region: RevokeBias
[2019-10-14T08:02:47.566+0000][1][safepoint    ] Leaving safepoint region
[2019-10-14T08:02:47.567+0000][1][safepoint    ] Total time for which application threads were stopped: 0.0009902 seconds, Stopping threads took: 0.0003589 seconds
[2019-10-14T08:02:47.569+0000][1][safepoint    ] Application time: 0.0020987 seconds
[2019-10-14T08:02:47.570+0000][1][safepoint    ] Entering safepoint region: RevokeBias
[2019-10-14T08:02:47.570+0000][1][safepoint    ] Leaving safepoint region
[2019-10-14T08:02:47.570+0000][1][safepoint    ] Total time for which application threads were stopped: 0.0007180 seconds, Stopping threads took: 0.0003774 seconds
[2019-10-14T08:02:47.571+0000][1][safepoint    ] Application time: 0.0006842 seconds
[2019-10-14T08:02:47.572+0000][1][safepoint    ] Entering safepoint region: RevokeBias
[2019-10-14T08:02:47.572+0000][1][safepoint    ] Leaving safepoint region
[2019-10-14T08:02:47.572+0000][1][safepoint    ] Total time for which application threads were stopped: 0.0007062 seconds, Stopping threads took: 0.0003745 seconds
[2019-10-14T08:02:47.573+0000][1][safepoint    ] Application time: 0.0001716 seconds
[2019-10-14T08:02:47.573+0000][1][safepoint    ] Entering safepoint region: RevokeBias
[2019-10-14T08:02:47.573+0000][1][safepoint    ] Leaving safepoint region
[2019-10-14T08:02:47.574+0000][1][safepoint    ] Total time for which application threads were stopped: 0.0006847 seconds, Stopping threads took: 0.0003147 seconds
[2019-10-14T08:02:47.574+0000][1][safepoint    ] Application time: 0.0002838 seconds
[2019-10-14T08:02:47.575+0000][1][safepoint    ] Entering safepoint region: RevokeBias
[2019-10-14T08:02:47.575+0000][1][safepoint    ] Leaving safepoint region
[2019-10-14T08:02:47.575+0000][1][safepoint    ] Total time for which application threads were stopped: 0.0007325 seconds, Stopping threads took: 0.0003332 seconds
[2019-10-14T08:02:47.576+0000][1][safepoint    ] Application time: 0.0001864 seconds
[2019-10-14T08:02:47.577+0000][1][safepoint    ] Entering safepoint region: RevokeBias
[2019-10-14T08:02:47.577+0000][1][safepoint    ] Leaving safepoint region
[2019-10-14T08:02:47.577+0000][1][safepoint    ] Total time for which application threads were stopped: 0.0013042 seconds, Stopping threads took: 0.0009197 seconds
[2019-10-14T08:02:47.578+0000][1][safepoint    ] Application time: 0.0008114 seconds
[2019-10-14T08:02:47.579+0000][1][safepoint    ] Entering safepoint region: RevokeBias
[2019-10-14T08:02:47.580+0000][1][safepoint    ] Leaving safepoint region
[2019-10-14T08:02:47.580+0000][1][safepoint    ] Total time for which application threads were stopped: 0.0011585 seconds, Stopping threads took: 0.0004334 seconds
[2019-10-14T08:02:47.583+0000][1][safepoint    ] Application time: 0.0024448 seconds
[2019-10-14T08:02:47.584+0000][1][safepoint    ] Entering safepoint region: RevokeBias
[2019-10-14T08:02:47.584+0000][1][safepoint    ] Leaving safepoint region
[2019-10-14T08:02:47.585+0000][1][safepoint    ] Total time for which application threads were stopped: 0.0011020 seconds, Stopping threads took: 0.0003935 seconds
[2019-10-14T08:02:47.589+0000][1][safepoint    ] Application time: 0.0041144 seconds
[2019-10-14T08:02:47.590+0000][1][safepoint    ] Entering safepoint region: RevokeBias
[2019-10-14T08:02:47.591+0000][1][safepoint    ] Leaving safepoint region
[2019-10-14T08:02:47.591+0000][1][safepoint    ] Total time for which application threads were stopped: 0.0018174 seconds, Stopping threads took: 0.0013069 seconds
[2019-10-14T08:02:47.603+0000][1][safepoint    ] Application time: 0.0109681 seconds
[2019-10-14T08:02:47.603+0000][1][safepoint    ] Entering safepoint region: RevokeBias
[2019-10-14T08:02:47.604+0000][1][safepoint    ] Leaving safepoint region
[2019-10-14T08:02:47.605+0000][1][safepoint    ] Total time for which application threads were stopped: 0.0016355 seconds, Stopping threads took: 0.0010682 seconds
[2019-10-14T08:02:47.606+0000][1][safepoint    ] Application time: 0.0001949 seconds
[2019-10-14T08:02:47.606+0000][1][safepoint    ] Entering safepoint region: RevokeBias
[2019-10-14T08:02:47.607+0000][1][safepoint    ] Leaving safepoint region
[2019-10-14T08:02:47.607+0000][1][safepoint    ] Total time for which application threads were stopped: 0.0011082 seconds, Stopping threads took: 0.0005080 seconds
[2019-10-14T08:02:47.608+0000][1][safepoint    ] Application time: 0.0005573 seconds
[2019-10-14T08:02:47.608+0000][1][safepoint    ] Entering safepoint region: RevokeBias
[2019-10-14T08:02:47.609+0000][1][safepoint    ] Leaving safepoint region
[2019-10-14T08:02:47.609+0000][1][safepoint    ] Total time for which application threads were stopped: 0.0007646 seconds, Stopping threads took: 0.0002779 seconds
[2019-10-14T08:02:47.615+0000][1][safepoint    ] Application time: 0.0055039 seconds
[2019-10-14T08:02:47.616+0000][1][safepoint    ] Entering safepoint region: RevokeBias
[2019-10-14T08:02:47.616+0000][1][safepoint    ] Leaving safepoint region
[2019-10-14T08:02:47.617+0000][1][safepoint    ] Total time for which application threads were stopped: 0.0010221 seconds, Stopping threads took: 0.0005776 seconds
[2019-10-14T08:02:47.625+0000][1][safepoint    ] Application time: 0.0077080 seconds
[2019-10-14T08:02:47.626+0000][1][safepoint    ] Entering safepoint region: RevokeBias
[2019-10-14T08:02:47.626+0000][1][safepoint    ] Leaving safepoint region
[2019-10-14T08:02:47.626+0000][1][safepoint    ] Total time for which application threads were stopped: 0.0014516 seconds, Stopping threads took: 0.0010382 seconds
[2019-10-14T08:02:47.627+0000][1][safepoint    ] Application time: 0.0006372 seconds
[2019-10-14T08:02:47.631+0000][1][safepoint    ] Entering safepoint region: BulkRevokeBias
[2019-10-14T08:02:47.632+0000][1][safepoint    ] Leaving safepoint region
[2019-10-14T08:02:47.632+0000][1][safepoint    ] Total time for which application threads were stopped: 0.0046588 seconds, Stopping threads took: 0.0038030 seconds
[2019-10-14T08:02:47.633+0000][1][safepoint    ] Application time: 0.0004256 seconds
[2019-10-14T08:02:47.634+0000][1][safepoint    ] Entering safepoint region: RevokeBias
[2019-10-14T08:02:47.634+0000][1][safepoint    ] Leaving safepoint region
[2019-10-14T08:02:47.635+0000][1][safepoint    ] Total time for which application threads were stopped: 0.0011127 seconds, Stopping threads took: 0.0006327 seconds
[2019-10-14T08:02:47.635+0000][1][safepoint    ] Application time: 0.0001644 seconds
[2019-10-14T08:02:47.636+0000][1][safepoint    ] Entering safepoint region: RevokeBias
[2019-10-14T08:02:47.636+0000][1][safepoint    ] Leaving safepoint region
[2019-10-14T08:02:47.637+0000][1][safepoint    ] Total time for which application threads were stopped: 0.0009059 seconds, Stopping threads took: 0.0003445 seconds
[2019-10-14T08:02:47.638+0000][1][safepoint    ] Application time: 0.0006358 seconds
[2019-10-14T08:02:47.638+0000][1][safepoint    ] Entering safepoint region: RevokeBias
[2019-10-14T08:02:47.638+0000][1][safepoint    ] Leaving safepoint region
[2019-10-14T08:02:47.639+0000][1][safepoint    ] Total time for which application threads were stopped: 0.0006720 seconds, Stopping threads took: 0.0003170 seconds
[2019-10-14T08:02:47.640+0000][1][safepoint    ] Application time: 0.0014141 seconds
[2019-10-14T08:02:47.641+0000][1][safepoint    ] Entering safepoint region: RevokeBias
[2019-10-14T08:02:47.641+0000][1][safepoint    ] Leaving safepoint region
[2019-10-14T08:02:47.641+0000][1][safepoint    ] Total time for which application threads were stopped: 0.0006674 seconds, Stopping threads took: 0.0003042 seconds
[2019-10-14T08:02:47.643+0000][1][safepoint    ] Application time: 0.0013251 seconds
[2019-10-14T08:02:47.643+0000][1][safepoint    ] Entering safepoint region: RevokeBias
[2019-10-14T08:02:47.644+0000][1][safepoint    ] Leaving safepoint region
[2019-10-14T08:02:47.645+0000][1][safepoint    ] Total time for which application threads were stopped: 0.0012125 seconds, Stopping threads took: 0.0003462 seconds
[2019-10-14T08:02:47.647+0000][1][safepoint    ] Application time: 0.0021914 seconds
[2019-10-14T08:02:47.648+0000][1][safepoint    ] Entering safepoint region: RevokeBias
[2019-10-14T08:02:47.649+0000][1][safepoint    ] Leaving safepoint region
[2019-10-14T08:02:47.649+0000][1][safepoint    ] Total time for which application threads were stopped: 0.0012397 seconds, Stopping threads took: 0.0008227 seconds
[2019-10-14T08:02:47.651+0000][1][safepoint    ] Application time: 0.0012707 seconds
[2019-10-14T08:02:47.651+0000][1][safepoint    ] Entering safepoint region: RevokeBias
[2019-10-14T08:02:47.651+0000][1][safepoint    ] Leaving safepoint region
[2019-10-14T08:02:47.652+0000][1][safepoint    ] Total time for which application threads were stopped: 0.0009323 seconds, Stopping threads took: 0.0003015 seconds
[2019-10-14T08:02:47.653+0000][1][safepoint    ] Application time: 0.0012296 seconds
[2019-10-14T08:02:47.654+0000][1][safepoint    ] Entering safepoint region: RevokeBias
[2019-10-14T08:02:47.655+0000][1][safepoint    ] Leaving safepoint region
[2019-10-14T08:02:47.655+0000][1][safepoint    ] Total time for which application threads were stopped: 0.0010302 seconds, Stopping threads took: 0.0006209 seconds
[2019-10-14T08:02:47.655+0000][1][safepoint    ] Application time: 0.0001924 seconds
[2019-10-14T08:02:47.656+0000][1][safepoint    ] Entering safepoint region: RevokeBias
[2019-10-14T08:02:47.656+0000][1][safepoint    ] Leaving safepoint region
[2019-10-14T08:02:47.657+0000][1][safepoint    ] Total time for which application threads were stopped: 0.0009087 seconds, Stopping threads took: 0.0003265 seconds
[2019-10-14T08:02:47.667+0000][1][safepoint    ] Application time: 0.0100077 seconds
[2019-10-14T08:02:47.668+0000][1][safepoint    ] Entering safepoint region: RevokeBias
[2019-10-14T08:02:47.668+0000][1][safepoint    ] Leaving safepoint region
[2019-10-14T08:02:47.669+0000][1][safepoint    ] Total time for which application threads were stopped: 0.0008357 seconds, Stopping threads took: 0.0004434 seconds
[2019-10-14T08:02:47.669+0000][1][safepoint    ] Application time: 0.0001528 seconds
[2019-10-14T08:02:47.669+0000][1][safepoint    ] Entering safepoint region: RevokeBias
[2019-10-14T08:02:47.670+0000][1][safepoint    ] Leaving safepoint region
[2019-10-14T08:02:47.670+0000][1][safepoint    ] Total time for which application threads were stopped: 0.0009899 seconds, Stopping threads took: 0.0003670 seconds
[2019-10-14T08:02:47.674+0000][1][safepoint    ] Application time: 0.0030758 seconds
[2019-10-14T08:02:47.675+0000][1][safepoint    ] Entering safepoint region: RevokeBias
[2019-10-14T08:02:47.675+0000][1][safepoint    ] Leaving safepoint region
[2019-10-14T08:02:47.675+0000][1][safepoint    ] Total time for which application threads were stopped: 0.0010057 seconds, Stopping threads took: 0.0006611 seconds
[2019-10-14T08:02:47.676+0000][1][safepoint    ] Application time: 0.0001484 seconds
[2019-10-14T08:02:47.676+0000][1][safepoint    ] Entering safepoint region: RevokeBias
[2019-10-14T08:02:47.676+0000][1][safepoint    ] Leaving safepoint region
[2019-10-14T08:02:47.677+0000][1][safepoint    ] Total time for which application threads were stopped: 0.0007036 seconds, Stopping threads took: 0.0003683 seconds
[2019-10-14T08:02:47.677+0000][1][safepoint    ] Application time: 0.0002697 seconds
[2019-10-14T08:02:47.678+0000][1][safepoint    ] Entering safepoint region: RevokeBias
[2019-10-14T08:02:47.678+0000][1][safepoint    ] Leaving safepoint region
[2019-10-14T08:02:47.678+0000][1][safepoint    ] Total time for which application threads were stopped: 0.0006072 seconds, Stopping threads took: 0.0002537 seconds
[2019-10-14T08:02:47.684+0000][1][safepoint    ] Application time: 0.0055923 seconds
[2019-10-14T08:02:47.686+0000][1][safepoint    ] Entering safepoint region: RevokeBias
[2019-10-14T08:02:47.686+0000][1][safepoint    ] Leaving safepoint region
[2019-10-14T08:02:47.686+0000][1][safepoint    ] Total time for which application threads were stopped: 0.0018952 seconds, Stopping threads took: 0.0015409 seconds
[2019-10-14T08:02:47.696+0000][1][safepoint    ] Application time: 0.0091024 seconds
[2019-10-14T08:02:47.696+0000][1][safepoint    ] Entering safepoint region: RevokeBias
[2019-10-14T08:02:47.697+0000][1][safepoint    ] Leaving safepoint region
[2019-10-14T08:02:47.698+0000][1][safepoint    ] Total time for which application threads were stopped: 0.0013019 seconds, Stopping threads took: 0.0008351 seconds
[2019-10-14T08:02:47.705+0000][1][safepoint    ] Application time: 0.0074915 seconds
[2019-10-14T08:02:47.706+0000][1][safepoint    ] Entering safepoint region: RevokeBias
[2019-10-14T08:02:47.706+0000][1][safepoint    ] Leaving safepoint region
[2019-10-14T08:02:47.707+0000][1][safepoint    ] Total time for which application threads were stopped: 0.0010878 seconds, Stopping threads took: 0.0004142 seconds
[2019-10-14T08:02:47.730+0000][1][safepoint    ] Application time: 0.0229452 seconds
[2019-10-14T08:02:47.731+0000][1][safepoint    ] Entering safepoint region: RevokeBias
[2019-10-14T08:02:47.731+0000][1][safepoint    ] Leaving safepoint region
[2019-10-14T08:02:47.732+0000][1][safepoint    ] Total time for which application threads were stopped: 0.0010389 seconds, Stopping threads took: 0.0006290 seconds
[2019-10-14T08:02:47.733+0000][1][safepoint    ] Application time: 0.0007029 seconds
[2019-10-14T08:02:47.733+0000][1][safepoint    ] Entering safepoint region: RevokeBias
[2019-10-14T08:02:47.734+0000][1][safepoint    ] Leaving safepoint region
[2019-10-14T08:02:47.734+0000][1][safepoint    ] Total time for which application threads were stopped: 0.0007339 seconds, Stopping threads took: 0.0003547 seconds
[2019-10-14T08:02:47.736+0000][1][safepoint    ] Application time: 0.0014319 seconds
[2019-10-14T08:02:47.736+0000][1][safepoint    ] Entering safepoint region: RevokeBias
[2019-10-14T08:02:47.737+0000][1][safepoint    ] Leaving safepoint region
[2019-10-14T08:02:47.737+0000][1][safepoint    ] Total time for which application threads were stopped: 0.0008966 seconds, Stopping threads took: 0.0003950 seconds
[2019-10-14T08:02:47.739+0000][1][safepoint    ] Application time: 0.0020288 seconds
[2019-10-14T08:02:47.740+0000][1][safepoint    ] Entering safepoint region: RevokeBias
[2019-10-14T08:02:47.741+0000][1][safepoint    ] Leaving safepoint region
[2019-10-14T08:02:47.741+0000][1][safepoint    ] Total time for which application threads were stopped: 0.0014104 seconds, Stopping threads took: 0.0006427 seconds
[2019-10-14T08:02:47.755+0000][1][safepoint    ] Application time: 0.0130153 seconds
[2019-10-14T08:02:47.759+0000][1][safepoint    ] Entering safepoint region: RevokeBias
[2019-10-14T08:02:47.759+0000][1][safepoint    ] Leaving safepoint region
[2019-10-14T08:02:47.760+0000][1][safepoint    ] Total time for which application threads were stopped: 0.0049982 seconds, Stopping threads took: 0.0044895 seconds
[2019-10-14T08:02:47.761+0000][1][safepoint    ] Application time: 0.0007340 seconds
[2019-10-14T08:02:47.761+0000][1][safepoint    ] Entering safepoint region: RevokeBias
[2019-10-14T08:02:47.762+0000][1][safepoint    ] Leaving safepoint region
[2019-10-14T08:02:47.763+0000][1][safepoint    ] Total time for which application threads were stopped: 0.0013211 seconds, Stopping threads took: 0.0005781 seconds
[2019-10-14T08:02:47.813+0000][1][safepoint    ] Application time: 0.0475666 seconds
[2019-10-14T08:02:47.814+0000][1][safepoint    ] Entering safepoint region: GenCollectForAllocation
[2019-10-14T08:02:47.814+0000][1][gc,start     ] GC(47) Pause Young (Allocation Failure)
[2019-10-14T08:02:47.815+0000][1][gc,task      ] GC(47) Using 2 workers of 2 for evacuation
[2019-10-14T08:02:47.829+0000][1][gc,age       ] GC(47) Desired survivor size 4456448 bytes, new threshold 6 (max threshold 6)
[2019-10-14T08:02:47.830+0000][1][gc,age       ] GC(47) Age table with threshold 6 (max threshold 6)
[2019-10-14T08:02:47.830+0000][1][gc,age       ] GC(47) - age   1:    3086624 bytes,    3086624 total
[2019-10-14T08:02:47.830+0000][1][gc,age       ] GC(47) - age   2:     719600 bytes,    3806224 total
[2019-10-14T08:02:47.831+0000][1][gc,age       ] GC(47) - age   3:      46072 bytes,    3852296 total
[2019-10-14T08:02:47.831+0000][1][gc,age       ] GC(47) - age   4:      11112 bytes,    3863408 total
[2019-10-14T08:02:47.832+0000][1][gc,age       ] GC(47) - age   5:       3488 bytes,    3866896 total
[2019-10-14T08:02:47.832+0000][1][gc,age       ] GC(47) - age   6:      15344 bytes,    3882240 total
[2019-10-14T08:02:47.832+0000][1][gc,heap      ] GC(47) ParNew: 71009K->4429K(78656K)
[2019-10-14T08:02:47.833+0000][1][gc,heap      ] GC(47) CMS: 72856K->72928K(174784K)
[2019-10-14T08:02:47.833+0000][1][gc,metaspace ] GC(47) Metaspace: 82453K->82453K(1124352K)
[2019-10-14T08:02:47.833+0000][1][gc           ] GC(47) Pause Young (Allocation Failure) 140M->75M(247M) 19.334ms
[2019-10-14T08:02:47.834+0000][1][gc,cpu       ] GC(47) User=0.02s Sys=0.00s Real=0.02s
[2019-10-14T08:02:47.834+0000][1][safepoint    ] Leaving safepoint region
[2019-10-14T08:02:47.834+0000][1][safepoint    ] Total time for which application threads were stopped: 0.0207853 seconds, Stopping threads took: 0.0003271 seconds
[2019-10-14T08:02:47.840+0000][1][safepoint    ] Application time: 0.0049171 seconds
[2019-10-14T08:02:47.840+0000][1][safepoint    ] Entering safepoint region: RevokeBias
[2019-10-14T08:02:47.841+0000][1][safepoint    ] Leaving safepoint region
[2019-10-14T08:02:47.841+0000][1][safepoint    ] Total time for which application threads were stopped: 0.0008338 seconds, Stopping threads took: 0.0003949 seconds
[2019-10-14T08:02:47.842+0000][1][safepoint    ] Application time: 0.0010483 seconds
[2019-10-14T08:02:47.842+0000][1][safepoint    ] Entering safepoint region: RevokeBias
[2019-10-14T08:02:47.843+0000][1][safepoint    ] Leaving safepoint region
[2019-10-14T08:02:47.843+0000][1][safepoint    ] Total time for which application threads were stopped: 0.0006260 seconds, Stopping threads took: 0.0002615 seconds
[2019-10-14T08:02:47.845+0000][1][safepoint    ] Application time: 0.0019944 seconds
[2019-10-14T08:02:47.846+0000][1][safepoint    ] Entering safepoint region: RevokeBias
[2019-10-14T08:02:47.846+0000][1][safepoint    ] Leaving safepoint region
[2019-10-14T08:02:47.846+0000][1][safepoint    ] Total time for which application threads were stopped: 0.0006819 seconds, Stopping threads took: 0.0003342 seconds
[2019-10-14T08:02:47.847+0000][1][safepoint    ] Application time: 0.0001668 seconds
[2019-10-14T08:02:47.847+0000][1][safepoint    ] Entering safepoint region: RevokeBias
[2019-10-14T08:02:47.848+0000][1][safepoint    ] Leaving safepoint region
[2019-10-14T08:02:47.848+0000][1][safepoint    ] Total time for which application threads were stopped: 0.0011454 seconds, Stopping threads took: 0.0003843 seconds
[2019-10-14T08:02:47.849+0000][1][safepoint    ] Application time: 0.0001615 seconds
[2019-10-14T08:02:47.849+0000][1][safepoint    ] Entering safepoint region: RevokeBias
[2019-10-14T08:02:47.849+0000][1][safepoint    ] Leaving safepoint region
[2019-10-14T08:02:47.850+0000][1][safepoint    ] Total time for which application threads were stopped: 0.0005800 seconds, Stopping threads took: 0.0002565 seconds
[2019-10-14T08:02:47.850+0000][1][safepoint    ] Application time: 0.0001519 seconds
[2019-10-14T08:02:47.850+0000][1][safepoint    ] Entering safepoint region: RevokeBias
[2019-10-14T08:02:47.851+0000][1][safepoint    ] Leaving safepoint region
[2019-10-14T08:02:47.851+0000][1][safepoint    ] Total time for which application threads were stopped: 0.0006879 seconds, Stopping threads took: 0.0002610 seconds
[2019-10-14T08:02:47.851+0000][1][safepoint    ] Application time: 0.0001809 seconds
[2019-10-14T08:02:47.852+0000][1][safepoint    ] Entering safepoint region: RevokeBias
[2019-10-14T08:02:47.852+0000][1][safepoint    ] Leaving safepoint region
[2019-10-14T08:02:47.853+0000][1][safepoint    ] Total time for which application threads were stopped: 0.0010621 seconds, Stopping threads took: 0.0002841 seconds
[2019-10-14T08:02:47.854+0000][1][safepoint    ] Application time: 0.0002940 seconds
[2019-10-14T08:02:47.854+0000][1][safepoint    ] Entering safepoint region: RevokeBias
[2019-10-14T08:02:47.855+0000][1][safepoint    ] Leaving safepoint region
[2019-10-14T08:02:47.856+0000][1][safepoint    ] Total time for which application threads were stopped: 0.0017037 seconds, Stopping threads took: 0.0002764 seconds
[2019-10-14T08:02:47.862+0000][1][safepoint    ] Application time: 0.0058317 seconds
[2019-10-14T08:02:47.862+0000][1][safepoint    ] Entering safepoint region: RevokeBias
[2019-10-14T08:02:47.863+0000][1][safepoint    ] Leaving safepoint region
[2019-10-14T08:02:47.863+0000][1][safepoint    ] Total time for which application threads were stopped: 0.0007323 seconds, Stopping threads took: 0.0003103 seconds
[2019-10-14T08:02:47.876+0000][1][safepoint    ] Application time: 0.0124152 seconds
[2019-10-14T08:02:47.876+0000][1][safepoint    ] Entering safepoint region: RevokeBias
[2019-10-14T08:02:47.876+0000][1][safepoint    ] Leaving safepoint region
[2019-10-14T08:02:47.877+0000][1][safepoint    ] Total time for which application threads were stopped: 0.0005618 seconds, Stopping threads took: 0.0002524 seconds
[2019-10-14T08:02:47.877+0000][1][safepoint    ] Application time: 0.0002958 seconds
[2019-10-14T08:02:47.878+0000][1][safepoint    ] Entering safepoint region: RevokeBias
[2019-10-14T08:02:47.878+0000][1][safepoint    ] Leaving safepoint region
[2019-10-14T08:02:47.878+0000][1][safepoint    ] Total time for which application threads were stopped: 0.0005253 seconds, Stopping threads took: 0.0002672 seconds
[2019-10-14T08:02:47.879+0000][1][safepoint    ] Application time: 0.0009301 seconds
[2019-10-14T08:02:47.880+0000][1][safepoint    ] Entering safepoint region: RevokeBias
[2019-10-14T08:02:47.880+0000][1][safepoint    ] Leaving safepoint region
[2019-10-14T08:02:47.880+0000][1][safepoint    ] Total time for which application threads were stopped: 0.0008073 seconds, Stopping threads took: 0.0002492 seconds
[2019-10-14T08:02:47.881+0000][1][safepoint    ] Application time: 0.0007218 seconds
[2019-10-14T08:02:47.882+0000][1][safepoint    ] Entering safepoint region: RevokeBias
[2019-10-14T08:02:47.882+0000][1][safepoint    ] Leaving safepoint region
[2019-10-14T08:02:47.882+0000][1][safepoint    ] Total time for which application threads were stopped: 0.0006103 seconds, Stopping threads took: 0.0002892 seconds
[2019-10-14T08:02:47.920+0000][1][safepoint    ] Application time: 0.0376601 seconds
[2019-10-14T08:02:47.922+0000][1][safepoint    ] Entering safepoint region: RevokeBias
[2019-10-14T08:02:47.926+0000][1][safepoint    ] Leaving safepoint region
[2019-10-14T08:02:47.927+0000][1][safepoint    ] Total time for which application threads were stopped: 0.0053301 seconds, Stopping threads took: 0.0045127 seconds
[2019-10-14T08:02:47.932+0000][1][safepoint    ] Application time: 0.0048694 seconds
[2019-10-14T08:02:47.933+0000][1][safepoint    ] Entering safepoint region: RevokeBias
[2019-10-14T08:02:47.934+0000][1][safepoint    ] Leaving safepoint region
[2019-10-14T08:02:47.934+0000][1][safepoint    ] Total time for which application threads were stopped: 0.0018494 seconds, Stopping threads took: 0.0008628 seconds
[2019-10-14T08:02:47.938+0000][1][safepoint    ] Application time: 0.0025244 seconds
[2019-10-14T08:02:47.941+0000][1][safepoint    ] Entering safepoint region: RevokeBias
[2019-10-14T08:02:47.942+0000][1][safepoint    ] Leaving safepoint region
[2019-10-14T08:02:47.943+0000][1][safepoint    ] Total time for which application threads were stopped: 0.0020256 seconds, Stopping threads took: 0.0012179 seconds
[2019-10-14T08:02:47.964+0000][1][safepoint    ] Application time: 0.0209827 seconds
[2019-10-14T08:02:47.965+0000][1][safepoint    ] Entering safepoint region: RevokeBias
[2019-10-14T08:02:47.966+0000][1][safepoint    ] Leaving safepoint region
[2019-10-14T08:02:47.967+0000][1][safepoint    ] Total time for which application threads were stopped: 0.0020632 seconds, Stopping threads took: 0.0012737 seconds
[2019-10-14T08:02:47.981+0000][1][safepoint    ] Application time: 0.0039584 seconds
[2019-10-14T08:02:47.983+0000][1][safepoint    ] Entering safepoint region: RevokeBias
[2019-10-14T08:02:47.984+0000][1][safepoint    ] Leaving safepoint region
[2019-10-14T08:02:47.985+0000][1][safepoint    ] Total time for which application threads were stopped: 0.0025694 seconds, Stopping threads took: 0.0016416 seconds
[2019-10-14T08:02:47.991+0000][1][safepoint    ] Application time: 0.0051289 seconds
[2019-10-14T08:02:47.994+0000][1][safepoint    ] Entering safepoint region: RevokeBias
[2019-10-14T08:02:47.995+0000][1][safepoint    ] Leaving safepoint region
[2019-10-14T08:02:47.996+0000][1][safepoint    ] Total time for which application threads were stopped: 0.0023871 seconds, Stopping threads took: 0.0015728 seconds
[2019-10-14T08:02:48.010+0000][1][safepoint    ] Application time: 0.0137645 seconds
[2019-10-14T08:02:48.012+0000][1][safepoint    ] Entering safepoint region: RevokeBias
[2019-10-14T08:02:48.013+0000][1][safepoint    ] Leaving safepoint region
[2019-10-14T08:02:48.013+0000][1][safepoint    ] Total time for which application threads were stopped: 0.0022436 seconds, Stopping threads took: 0.0015124 seconds
[2019-10-14T08:02:48.103+0000][1][safepoint    ] Application time: 0.0895212 seconds
[2019-10-14T08:02:48.104+0000][1][safepoint    ] Entering safepoint region: RevokeBias
[2019-10-14T08:02:48.105+0000][1][safepoint    ] Leaving safepoint region
[2019-10-14T08:02:48.105+0000][1][safepoint    ] Total time for which application threads were stopped: 0.0010604 seconds, Stopping threads took: 0.0005353 seconds
[2019-10-14T08:02:48.123+0000][1][safepoint    ] Application time: 0.0168922 seconds
[2019-10-14T08:02:48.125+0000][1][safepoint    ] Entering safepoint region: RevokeBias
[2019-10-14T08:02:48.125+0000][1][safepoint    ] Leaving safepoint region
[2019-10-14T08:02:48.126+0000][1][safepoint    ] Total time for which application threads were stopped: 0.0007109 seconds, Stopping threads took: 0.0003350 seconds
[2019-10-14T08:02:48.137+0000][1][safepoint    ] Application time: 0.0114910 seconds
[2019-10-14T08:02:48.139+0000][1][safepoint    ] Entering safepoint region: RevokeBias
[2019-10-14T08:02:48.139+0000][1][safepoint    ] Leaving safepoint region
[2019-10-14T08:02:48.140+0000][1][safepoint    ] Total time for which application threads were stopped: 0.0016151 seconds, Stopping threads took: 0.0008798 seconds
[2019-10-14T08:02:48.142+0000][1][safepoint    ] Application time: 0.0016626 seconds
[2019-10-14T08:02:48.143+0000][1][safepoint    ] Entering safepoint region: RevokeBias
[2019-10-14T08:02:48.144+0000][1][safepoint    ] Leaving safepoint region
[2019-10-14T08:02:48.145+0000][1][safepoint    ] Total time for which application threads were stopped: 0.0019365 seconds, Stopping threads took: 0.0011363 seconds
[2019-10-14T08:02:48.146+0000][1][safepoint    ] Application time: 0.0008267 seconds
[2019-10-14T08:02:48.150+0000][1][safepoint    ] Entering safepoint region: RevokeBias
[2019-10-14T08:02:48.150+0000][1][safepoint    ] Leaving safepoint region
[2019-10-14T08:02:48.151+0000][1][safepoint    ] Total time for which application threads were stopped: 0.0047567 seconds, Stopping threads took: 0.0042254 seconds
[2019-10-14T08:02:48.151+0000][1][safepoint    ] Application time: 0.0002206 seconds
[2019-10-14T08:02:48.152+0000][1][safepoint    ] Entering safepoint region: RevokeBias
[2019-10-14T08:02:48.155+0000][1][safepoint    ] Leaving safepoint region
[2019-10-14T08:02:48.156+0000][1][safepoint    ] Total time for which application threads were stopped: 0.0034262 seconds, Stopping threads took: 0.0005203 seconds
[2019-10-14T08:02:48.167+0000][1][safepoint    ] Application time: 0.0106666 seconds
[2019-10-14T08:02:48.171+0000][1][safepoint    ] Entering safepoint region: RevokeBias
[2019-10-14T08:02:48.172+0000][1][safepoint    ] Leaving safepoint region
[2019-10-14T08:02:48.172+0000][1][safepoint    ] Total time for which application threads were stopped: 0.0014837 seconds, Stopping threads took: 0.0007702 seconds
[2019-10-14T08:02:48.179+0000][1][safepoint    ] Application time: 0.0060132 seconds
[2019-10-14T08:02:48.184+0000][1][safepoint    ] Entering safepoint region: RevokeBias
[2019-10-14T08:02:48.185+0000][1][safepoint    ] Leaving safepoint region
[2019-10-14T08:02:48.185+0000][1][safepoint    ] Total time for which application threads were stopped: 0.0057775 seconds, Stopping threads took: 0.0053483 seconds
[2019-10-14T08:02:48.194+0000][1][safepoint    ] Application time: 0.0092307 seconds
[2019-10-14T08:02:48.198+0000][1][safepoint    ] Entering safepoint region: RevokeBias
[2019-10-14T08:02:48.198+0000][1][safepoint    ] Leaving safepoint region
[2019-10-14T08:02:48.199+0000][1][safepoint    ] Total time for which application threads were stopped: 0.0042428 seconds, Stopping threads took: 0.0036701 seconds
[2019-10-14T08:02:48.233+0000][1][safepoint    ] Application time: 0.0336345 seconds
[2019-10-14T08:02:48.234+0000][1][safepoint    ] Entering safepoint region: RevokeBias
[2019-10-14T08:02:48.234+0000][1][safepoint    ] Leaving safepoint region
[2019-10-14T08:02:48.235+0000][1][safepoint    ] Total time for which application threads were stopped: 0.0016042 seconds, Stopping threads took: 0.0008412 seconds
[2019-10-14T08:02:48.238+0000][1][safepoint    ] Application time: 0.0021833 seconds
[2019-10-14T08:02:48.242+0000][1][safepoint    ] Entering safepoint region: RevokeBias
[2019-10-14T08:02:48.243+0000][1][safepoint    ] Leaving safepoint region
[2019-10-14T08:02:48.243+0000][1][safepoint    ] Total time for which application threads were stopped: 0.0050897 seconds, Stopping threads took: 0.0047003 seconds
[2019-10-14T08:02:48.308+0000][1][safepoint    ] Application time: 0.0648160 seconds
[2019-10-14T08:02:48.313+0000][1][safepoint    ] Entering safepoint region: RevokeBias
[2019-10-14T08:02:48.314+0000][1][safepoint    ] Leaving safepoint region
[2019-10-14T08:02:48.314+0000][1][safepoint    ] Total time for which application threads were stopped: 0.0053405 seconds, Stopping threads took: 0.0048559 seconds
[2019-10-14T08:02:48.386+0000][1][safepoint    ] Application time: 0.0707171 seconds
[2019-10-14T08:02:48.387+0000][1][safepoint    ] Entering safepoint region: RevokeBias
[2019-10-14T08:02:48.387+0000][1][safepoint    ] Leaving safepoint region
[2019-10-14T08:02:48.388+0000][1][safepoint    ] Total time for which application threads were stopped: 0.0017054 seconds, Stopping threads took: 0.0012613 seconds
[2019-10-14T08:02:48.390+0000][1][safepoint    ] Application time: 0.0016969 seconds
[2019-10-14T08:02:48.394+0000][1][safepoint    ] Entering safepoint region: RevokeBias
[2019-10-14T08:02:48.395+0000][1][safepoint    ] Leaving safepoint region
[2019-10-14T08:02:48.395+0000][1][safepoint    ] Total time for which application threads were stopped: 0.0011548 seconds, Stopping threads took: 0.0005346 seconds
[2019-10-14T08:02:48.396+0000][1][safepoint    ] Application time: 0.0008183 seconds
[2019-10-14T08:02:48.397+0000][1][safepoint    ] Entering safepoint region: RevokeBias
[2019-10-14T08:02:48.398+0000][1][safepoint    ] Leaving safepoint region
[2019-10-14T08:02:48.400+0000][1][safepoint    ] Total time for which application threads were stopped: 0.0025468 seconds, Stopping threads took: 0.0011324 seconds
[2019-10-14T08:02:48.400+0000][1][safepoint    ] Application time: 0.0002299 seconds
[2019-10-14T08:02:48.401+0000][1][safepoint    ] Entering safepoint region: RevokeBias
[2019-10-14T08:02:48.401+0000][1][safepoint    ] Leaving safepoint region
[2019-10-14T08:02:48.402+0000][1][safepoint    ] Total time for which application threads were stopped: 0.0009908 seconds, Stopping threads took: 0.0004799 seconds
[2019-10-14T08:02:48.402+0000][1][safepoint    ] Application time: 0.0001368 seconds
[2019-10-14T08:02:48.403+0000][1][safepoint    ] Entering safepoint region: RevokeBias
[2019-10-14T08:02:48.403+0000][1][safepoint    ] Leaving safepoint region
[2019-10-14T08:02:48.404+0000][1][safepoint    ] Total time for which application threads were stopped: 0.0014044 seconds, Stopping threads took: 0.0004697 seconds
[2019-10-14T08:02:48.427+0000][1][safepoint    ] Application time: 0.0231104 seconds
[2019-10-14T08:02:48.428+0000][1][safepoint    ] Entering safepoint region: RevokeBias
[2019-10-14T08:02:48.428+0000][1][safepoint    ] Leaving safepoint region
[2019-10-14T08:02:48.429+0000][1][safepoint    ] Total time for which application threads were stopped: 0.0007355 seconds, Stopping threads took: 0.0002987 seconds
[2019-10-14T08:02:48.448+0000][1][safepoint    ] Application time: 0.0196843 seconds
[2019-10-14T08:02:48.450+0000][1][safepoint    ] Entering safepoint region: RevokeBias
[2019-10-14T08:02:48.451+0000][1][safepoint    ] Leaving safepoint region
[2019-10-14T08:02:48.451+0000][1][safepoint    ] Total time for which application threads were stopped: 0.0012403 seconds, Stopping threads took: 0.0004206 seconds
[2019-10-14T08:02:48.452+0000][1][safepoint    ] Application time: 0.0001818 seconds
[2019-10-14T08:02:48.452+0000][1][safepoint    ] Entering safepoint region: RevokeBias
[2019-10-14T08:02:48.453+0000][1][safepoint    ] Leaving safepoint region
[2019-10-14T08:02:48.453+0000][1][safepoint    ] Total time for which application threads were stopped: 0.0007749 seconds, Stopping threads took: 0.0003946 seconds
[2019-10-14T08:02:48.457+0000][1][safepoint    ] Application time: 0.0030533 seconds
[2019-10-14T08:02:48.458+0000][1][safepoint    ] Entering safepoint region: RevokeBias
[2019-10-14T08:02:48.458+0000][1][safepoint    ] Leaving safepoint region
[2019-10-14T08:02:48.459+0000][1][safepoint    ] Total time for which application threads were stopped: 0.0012477 seconds, Stopping threads took: 0.0006718 seconds
[2019-10-14T08:02:48.460+0000][1][safepoint    ] Application time: 0.0012915 seconds
[2019-10-14T08:02:48.461+0000][1][safepoint    ] Entering safepoint region: RevokeBias
[2019-10-14T08:02:48.461+0000][1][safepoint    ] Leaving safepoint region
[2019-10-14T08:02:48.462+0000][1][safepoint    ] Total time for which application threads were stopped: 0.0008982 seconds, Stopping threads took: 0.0004343 seconds
[2019-10-14T08:02:48.469+0000][1][safepoint    ] Application time: 0.0069019 seconds
[2019-10-14T08:02:48.469+0000][1][safepoint    ] Entering safepoint region: RevokeBias
[2019-10-14T08:02:48.470+0000][1][safepoint    ] Leaving safepoint region
[2019-10-14T08:02:48.472+0000][1][safepoint    ] Total time for which application threads were stopped: 0.0022719 seconds, Stopping threads took: 0.0004389 seconds
[2019-10-14T08:02:48.473+0000][1][safepoint    ] Application time: 0.0003952 seconds
[2019-10-14T08:02:48.473+0000][1][safepoint    ] Entering safepoint region: RevokeBias
[2019-10-14T08:02:48.473+0000][1][safepoint    ] Leaving safepoint region
[2019-10-14T08:02:48.474+0000][1][safepoint    ] Total time for which application threads were stopped: 0.0011657 seconds, Stopping threads took: 0.0004288 seconds
[2019-10-14T08:02:48.490+0000][1][safepoint    ] Application time: 0.0153225 seconds
[2019-10-14T08:02:48.491+0000][1][safepoint    ] Entering safepoint region: RevokeBias
[2019-10-14T08:02:48.492+0000][1][safepoint    ] Leaving safepoint region
[2019-10-14T08:02:48.492+0000][1][safepoint    ] Total time for which application threads were stopped: 0.0013933 seconds, Stopping threads took: 0.0008060 seconds
[2019-10-14T08:02:48.498+0000][1][safepoint    ] Application time: 0.0049036 seconds
[2019-10-14T08:02:48.501+0000][1][safepoint    ] Entering safepoint region: RevokeBias
[2019-10-14T08:02:48.502+0000][1][safepoint    ] Leaving safepoint region
[2019-10-14T08:02:48.503+0000][1][safepoint    ] Total time for which application threads were stopped: 0.0044593 seconds, Stopping threads took: 0.0039944 seconds
[2019-10-14T08:02:48.520+0000][1][safepoint    ] Application time: 0.0173111 seconds
[2019-10-14T08:02:48.521+0000][1][safepoint    ] Entering safepoint region: RevokeBias
[2019-10-14T08:02:48.522+0000][1][safepoint    ] Leaving safepoint region
[2019-10-14T08:02:48.523+0000][1][safepoint    ] Total time for which application threads were stopped: 0.0016204 seconds, Stopping threads took: 0.0008085 seconds
[2019-10-14T08:02:48.524+0000][1][safepoint    ] Application time: 0.0008326 seconds
[2019-10-14T08:02:48.525+0000][1][safepoint    ] Entering safepoint region: RevokeBias
[2019-10-14T08:02:48.525+0000][1][safepoint    ] Leaving safepoint region
[2019-10-14T08:02:48.525+0000][1][safepoint    ] Total time for which application threads were stopped: 0.0010795 seconds, Stopping threads took: 0.0006788 seconds
[2019-10-14T08:02:48.551+0000][1][safepoint    ] Application time: 0.0250763 seconds
[2019-10-14T08:02:48.552+0000][1][safepoint    ] Entering safepoint region: RevokeBias
[2019-10-14T08:02:48.552+0000][1][safepoint    ] Leaving safepoint region
[2019-10-14T08:02:48.553+0000][1][safepoint    ] Total time for which application threads were stopped: 0.0014960 seconds, Stopping threads took: 0.0006832 seconds
[2019-10-14T08:02:48.557+0000][1][safepoint    ] Application time: 0.0032316 seconds
[2019-10-14T08:02:48.558+0000][1][safepoint    ] Entering safepoint region: RevokeBias
[2019-10-14T08:02:48.560+0000][1][safepoint    ] Leaving safepoint region
[2019-10-14T08:02:48.561+0000][1][safepoint    ] Total time for which application threads were stopped: 0.0031930 seconds, Stopping threads took: 0.0010605 seconds
[2019-10-14T08:02:48.589+0000][1][safepoint    ] Application time: 0.0277535 seconds
[2019-10-14T08:02:48.592+0000][1][safepoint    ] Entering safepoint region: RevokeBias
[2019-10-14T08:02:48.593+0000][1][safepoint    ] Leaving safepoint region
[2019-10-14T08:02:48.593+0000][1][safepoint    ] Total time for which application threads were stopped: 0.0020529 seconds, Stopping threads took: 0.0009237 seconds
[2019-10-14T08:02:48.594+0000][1][safepoint    ] Application time: 0.0000649 seconds
[2019-10-14T08:02:48.594+0000][1][safepoint    ] Entering safepoint region: RevokeBias
[2019-10-14T08:02:48.595+0000][1][safepoint    ] Leaving safepoint region
[2019-10-14T08:02:48.595+0000][1][safepoint    ] Total time for which application threads were stopped: 0.0008314 seconds, Stopping threads took: 0.0004351 seconds
[2019-10-14T08:02:48.608+0000][1][safepoint    ] Application time: 0.0125762 seconds
[2019-10-14T08:02:48.611+0000][1][safepoint    ] Entering safepoint region: RevokeBias
[2019-10-14T08:02:48.612+0000][1][safepoint    ] Leaving safepoint region
[2019-10-14T08:02:48.612+0000][1][safepoint    ] Total time for which application threads were stopped: 0.0019601 seconds, Stopping threads took: 0.0011407 seconds
[2019-10-14T08:02:48.613+0000][1][safepoint    ] Application time: 0.0001114 seconds
[2019-10-14T08:02:48.613+0000][1][safepoint    ] Entering safepoint region: RevokeBias
[2019-10-14T08:02:48.614+0000][1][safepoint    ] Leaving safepoint region
[2019-10-14T08:02:48.614+0000][1][safepoint    ] Total time for which application threads were stopped: 0.0006191 seconds, Stopping threads took: 0.0002847 seconds
[2019-10-14T08:02:48.614+0000][1][safepoint    ] Application time: 0.0001217 seconds
[2019-10-14T08:02:48.615+0000][1][safepoint    ] Entering safepoint region: RevokeBias
[2019-10-14T08:02:48.615+0000][1][safepoint    ] Leaving safepoint region
[2019-10-14T08:02:48.615+0000][1][safepoint    ] Total time for which application threads were stopped: 0.0006376 seconds, Stopping threads took: 0.0002633 seconds
[2019-10-14T08:02:48.616+0000][1][safepoint    ] Application time: 0.0001373 seconds
[2019-10-14T08:02:48.616+0000][1][safepoint    ] Entering safepoint region: RevokeBias
[2019-10-14T08:02:48.616+0000][1][safepoint    ] Leaving safepoint region
[2019-10-14T08:02:48.617+0000][1][safepoint    ] Total time for which application threads were stopped: 0.0007540 seconds, Stopping threads took: 0.0002811 seconds
[2019-10-14T08:02:48.625+0000][1][safepoint    ] Application time: 0.0077950 seconds
[2019-10-14T08:02:48.626+0000][1][safepoint    ] Entering safepoint region: RevokeBias
[2019-10-14T08:02:48.626+0000][1][safepoint    ] Leaving safepoint region
[2019-10-14T08:02:48.626+0000][1][safepoint    ] Total time for which application threads were stopped: 0.0011533 seconds, Stopping threads took: 0.0007558 seconds
[2019-10-14T08:02:48.628+0000][1][safepoint    ] Application time: 0.0014417 seconds
[2019-10-14T08:02:48.629+0000][1][safepoint    ] Entering safepoint region: RevokeBias
[2019-10-14T08:02:48.629+0000][1][safepoint    ] Leaving safepoint region
[2019-10-14T08:02:48.630+0000][1][safepoint    ] Total time for which application threads were stopped: 0.0010934 seconds, Stopping threads took: 0.0006042 seconds
[2019-10-14T08:02:48.632+0000][1][safepoint    ] Application time: 0.0025876 seconds
[2019-10-14T08:02:48.633+0000][1][safepoint    ] Entering safepoint region: RevokeBias
[2019-10-14T08:02:48.634+0000][1][safepoint    ] Leaving safepoint region
[2019-10-14T08:02:48.634+0000][1][safepoint    ] Total time for which application threads were stopped: 0.0012810 seconds, Stopping threads took: 0.0008749 seconds
[2019-10-14T08:02:48.635+0000][1][safepoint    ] Application time: 0.0004333 seconds
[2019-10-14T08:02:48.635+0000][1][safepoint    ] Entering safepoint region: RevokeBias
[2019-10-14T08:02:48.636+0000][1][safepoint    ] Leaving safepoint region
[2019-10-14T08:02:48.636+0000][1][safepoint    ] Total time for which application threads were stopped: 0.0007824 seconds, Stopping threads took: 0.0003442 seconds
[2019-10-14T08:02:48.653+0000][1][safepoint    ] Application time: 0.0163520 seconds
[2019-10-14T08:02:48.653+0000][1][safepoint    ] Entering safepoint region: RevokeBias
[2019-10-14T08:02:48.654+0000][1][safepoint    ] Leaving safepoint region
[2019-10-14T08:02:48.655+0000][1][safepoint    ] Total time for which application threads were stopped: 0.0014408 seconds, Stopping threads took: 0.0002997 seconds
[2019-10-14T08:02:48.663+0000][1][safepoint    ] Application time: 0.0084424 seconds
[2019-10-14T08:02:48.665+0000][1][safepoint    ] Entering safepoint region: RevokeBias
[2019-10-14T08:02:48.666+0000][1][safepoint    ] Leaving safepoint region
[2019-10-14T08:02:48.666+0000][1][safepoint    ] Total time for which application threads were stopped: 0.0014327 seconds, Stopping threads took: 0.0009341 seconds
[2019-10-14T08:02:48.666+0000][1][safepoint    ] Application time: 0.0002416 seconds
[2019-10-14T08:02:48.668+0000][1][safepoint    ] Entering safepoint region: RevokeBias
[2019-10-14T08:02:48.669+0000][1][safepoint    ] Leaving safepoint region
[2019-10-14T08:02:48.671+0000][1][safepoint    ] Total time for which application threads were stopped: 0.0039499 seconds, Stopping threads took: 0.0009045 seconds
[2019-10-14T08:02:48.673+0000][1][safepoint    ] Application time: 0.0011914 seconds
[2019-10-14T08:02:48.674+0000][1][safepoint    ] Entering safepoint region: RevokeBias
[2019-10-14T08:02:48.674+0000][1][safepoint    ] Leaving safepoint region
[2019-10-14T08:02:48.675+0000][1][safepoint    ] Total time for which application threads were stopped: 0.0015829 seconds, Stopping threads took: 0.0005406 seconds
[2019-10-14T08:02:48.677+0000][1][safepoint    ] Application time: 0.0010547 seconds
[2019-10-14T08:02:48.677+0000][1][safepoint    ] Entering safepoint region: RevokeBias
[2019-10-14T08:02:48.678+0000][1][safepoint    ] Leaving safepoint region
[2019-10-14T08:02:48.678+0000][1][safepoint    ] Total time for which application threads were stopped: 0.0011171 seconds, Stopping threads took: 0.0005556 seconds
[2019-10-14T08:02:48.691+0000][1][safepoint    ] Application time: 0.0126548 seconds
[2019-10-14T08:02:48.694+0000][1][safepoint    ] Entering safepoint region: RevokeBias
[2019-10-14T08:02:48.694+0000][1][safepoint    ] Leaving safepoint region
[2019-10-14T08:02:48.694+0000][1][safepoint    ] Total time for which application threads were stopped: 0.0009700 seconds, Stopping threads took: 0.0005884 seconds
[2019-10-14T08:02:48.695+0000][1][safepoint    ] Application time: 0.0008398 seconds
[2019-10-14T08:02:48.696+0000][1][safepoint    ] Entering safepoint region: RevokeBias
[2019-10-14T08:02:48.696+0000][1][safepoint    ] Leaving safepoint region
[2019-10-14T08:02:48.696+0000][1][safepoint    ] Total time for which application threads were stopped: 0.0006561 seconds, Stopping threads took: 0.0002886 seconds
[2019-10-14T08:02:48.697+0000][1][safepoint    ] Application time: 0.0002404 seconds
[2019-10-14T08:02:48.697+0000][1][safepoint    ] Entering safepoint region: RevokeBias
[2019-10-14T08:02:48.698+0000][1][safepoint    ] Leaving safepoint region
[2019-10-14T08:02:48.698+0000][1][safepoint    ] Total time for which application threads were stopped: 0.0007107 seconds, Stopping threads took: 0.0003119 seconds
[2019-10-14T08:02:48.712+0000][1][safepoint    ] Application time: 0.0140092 seconds
[2019-10-14T08:02:48.713+0000][1][safepoint    ] Entering safepoint region: RevokeBias
[2019-10-14T08:02:48.714+0000][1][safepoint    ] Leaving safepoint region
[2019-10-14T08:02:48.714+0000][1][safepoint    ] Total time for which application threads were stopped: 0.0012860 seconds, Stopping threads took: 0.0007193 seconds
[2019-10-14T08:02:48.729+0000][1][safepoint    ] Application time: 0.0143791 seconds
[2019-10-14T08:02:48.730+0000][1][safepoint    ] Entering safepoint region: RevokeBias
[2019-10-14T08:02:48.730+0000][1][safepoint    ] Leaving safepoint region
[2019-10-14T08:02:48.730+0000][1][safepoint    ] Total time for which application threads were stopped: 0.0012690 seconds, Stopping threads took: 0.0008703 seconds
[2019-10-14T08:02:48.733+0000][1][safepoint    ] Application time: 0.0022257 seconds
[2019-10-14T08:02:48.733+0000][1][safepoint    ] Entering safepoint region: RevokeBias
[2019-10-14T08:02:48.734+0000][1][safepoint    ] Leaving safepoint region
[2019-10-14T08:02:48.734+0000][1][safepoint    ] Total time for which application threads were stopped: 0.0006999 seconds, Stopping threads took: 0.0003545 seconds
[2019-10-14T08:02:48.735+0000][1][safepoint    ] Application time: 0.0004513 seconds
[2019-10-14T08:02:48.737+0000][1][safepoint    ] Entering safepoint region: RevokeBias
[2019-10-14T08:02:48.758+0000][1][safepoint    ] Leaving safepoint region
[2019-10-14T08:02:48.762+0000][1][safepoint    ] Total time for which application threads were stopped: 0.0252908 seconds, Stopping threads took: 0.0074528 seconds
[2019-10-14T08:02:48.769+0000][1][safepoint    ] Application time: 0.0063599 seconds
[2019-10-14T08:02:48.774+0000][1][safepoint    ] Entering safepoint region: RevokeBias
[2019-10-14T08:02:48.775+0000][1][safepoint    ] Leaving safepoint region
[2019-10-14T08:02:48.775+0000][1][safepoint    ] Total time for which application threads were stopped: 0.0054062 seconds, Stopping threads took: 0.0048474 seconds
[2019-10-14T08:02:48.778+0000][1][safepoint    ] Application time: 0.0019324 seconds
[2019-10-14T08:02:48.778+0000][1][safepoint    ] Entering safepoint region: RevokeBias
[2019-10-14T08:02:48.779+0000][1][safepoint    ] Leaving safepoint region
[2019-10-14T08:02:48.779+0000][1][safepoint    ] Total time for which application threads were stopped: 0.0009321 seconds, Stopping threads took: 0.0004348 seconds
[2019-10-14T08:02:48.780+0000][1][safepoint    ] Application time: 0.0004016 seconds
[2019-10-14T08:02:48.780+0000][1][safepoint    ] Entering safepoint region: RevokeBias
[2019-10-14T08:02:48.781+0000][1][safepoint    ] Leaving safepoint region
[2019-10-14T08:02:48.781+0000][1][safepoint    ] Total time for which application threads were stopped: 0.0010774 seconds, Stopping threads took: 0.0004176 seconds
[2019-10-14T08:02:48.794+0000][1][safepoint    ] Application time: 0.0129307 seconds
[2019-10-14T08:02:48.799+0000][1][safepoint    ] Entering safepoint region: RevokeBias
[2019-10-14T08:02:48.800+0000][1][safepoint    ] Leaving safepoint region
[2019-10-14T08:02:48.800+0000][1][safepoint    ] Total time for which application threads were stopped: 0.0052707 seconds, Stopping threads took: 0.0046045 seconds
[2019-10-14T08:02:48.801+0000][1][safepoint    ] Application time: 0.0000764 seconds
[2019-10-14T08:02:48.814+0000][1][safepoint    ] Entering safepoint region: RevokeBias
[2019-10-14T08:02:48.814+0000][1][safepoint    ] Leaving safepoint region
[2019-10-14T08:02:48.815+0000][1][safepoint    ] Total time for which application threads were stopped: 0.0012459 seconds, Stopping threads took: 0.0006875 seconds
[2019-10-14T08:02:48.823+0000][1][safepoint    ] Application time: 0.0079930 seconds
[2019-10-14T08:02:48.825+0000][1][safepoint    ] Entering safepoint region: RevokeBias
[2019-10-14T08:02:48.826+0000][1][safepoint    ] Leaving safepoint region
[2019-10-14T08:02:48.826+0000][1][safepoint    ] Total time for which application threads were stopped: 0.0011087 seconds, Stopping threads took: 0.0005512 seconds
[2019-10-14T08:02:48.827+0000][1][safepoint    ] Application time: 0.0001023 seconds
[2019-10-14T08:02:48.827+0000][1][safepoint    ] Entering safepoint region: RevokeBias
[2019-10-14T08:02:48.828+0000][1][safepoint    ] Leaving safepoint region
[2019-10-14T08:02:48.829+0000][1][safepoint    ] Total time for which application threads were stopped: 0.0014195 seconds, Stopping threads took: 0.0007484 seconds
[2019-10-14T08:02:48.905+0000][1][safepoint    ] Application time: 0.0760114 seconds
[2019-10-14T08:02:48.905+0000][1][safepoint    ] Entering safepoint region: RevokeBias
[2019-10-14T08:02:48.906+0000][1][safepoint    ] Leaving safepoint region
[2019-10-14T08:02:48.906+0000][1][safepoint    ] Total time for which application threads were stopped: 0.0008097 seconds, Stopping threads took: 0.0003827 seconds
[2019-10-14T08:02:48.993+0000][1][safepoint    ] Application time: 0.0865322 seconds
[2019-10-14T08:02:48.994+0000][1][safepoint    ] Entering safepoint region: RevokeBias
[2019-10-14T08:02:48.994+0000][1][safepoint    ] Leaving safepoint region
[2019-10-14T08:02:48.995+0000][1][safepoint    ] Total time for which application threads were stopped: 0.0009678 seconds, Stopping threads took: 0.0002877 seconds
[2019-10-14T08:02:49.069+0000][1][safepoint    ] Application time: 0.0736380 seconds
[2019-10-14T08:02:49.069+0000][1][safepoint    ] Entering safepoint region: RevokeBias
[2019-10-14T08:02:49.069+0000][1][safepoint    ] Leaving safepoint region
[2019-10-14T08:02:49.070+0000][1][safepoint    ] Total time for which application threads were stopped: 0.0006818 seconds, Stopping threads took: 0.0002646 seconds
[2019-10-14T08:02:49.071+0000][1][safepoint    ] Application time: 0.0007307 seconds
[2019-10-14T08:02:49.071+0000][1][safepoint    ] Entering safepoint region: RevokeBias
[2019-10-14T08:02:49.071+0000][1][safepoint    ] Leaving safepoint region
[2019-10-14T08:02:49.072+0000][1][safepoint    ] Total time for which application threads were stopped: 0.0007613 seconds, Stopping threads took: 0.0003728 seconds
[2019-10-14T08:02:49.073+0000][1][safepoint    ] Application time: 0.0010355 seconds
[2019-10-14T08:02:49.074+0000][1][safepoint    ] Entering safepoint region: RevokeBias
[2019-10-14T08:02:49.075+0000][1][safepoint    ] Leaving safepoint region
[2019-10-14T08:02:49.076+0000][1][safepoint    ] Total time for which application threads were stopped: 0.0018349 seconds, Stopping threads took: 0.0014001 seconds
[2019-10-14T08:02:49.077+0000][1][safepoint    ] Application time: 0.0001760 seconds
[2019-10-14T08:02:49.077+0000][1][safepoint    ] Entering safepoint region: RevokeBias
[2019-10-14T08:02:49.077+0000][1][safepoint    ] Leaving safepoint region
[2019-10-14T08:02:49.078+0000][1][safepoint    ] Total time for which application threads were stopped: 0.0006521 seconds, Stopping threads took: 0.0003177 seconds
[2019-10-14T08:02:49.078+0000][1][safepoint    ] Application time: 0.0002031 seconds
[2019-10-14T08:02:49.078+0000][1][safepoint    ] Entering safepoint region: RevokeBias
[2019-10-14T08:02:49.079+0000][1][safepoint    ] Leaving safepoint region
[2019-10-14T08:02:49.079+0000][1][safepoint    ] Total time for which application threads were stopped: 0.0005964 seconds, Stopping threads took: 0.0002374 seconds
[2019-10-14T08:02:49.080+0000][1][safepoint    ] Application time: 0.0005299 seconds
[2019-10-14T08:02:49.080+0000][1][safepoint    ] Entering safepoint region: RevokeBias
[2019-10-14T08:02:49.081+0000][1][safepoint    ] Leaving safepoint region
[2019-10-14T08:02:49.081+0000][1][safepoint    ] Total time for which application threads were stopped: 0.0006790 seconds, Stopping threads took: 0.0002977 seconds
[2019-10-14T08:02:49.087+0000][1][safepoint    ] Application time: 0.0055508 seconds
[2019-10-14T08:02:49.087+0000][1][safepoint    ] Entering safepoint region: RevokeBias
[2019-10-14T08:02:49.088+0000][1][safepoint    ] Leaving safepoint region
[2019-10-14T08:02:49.088+0000][1][safepoint    ] Total time for which application threads were stopped: 0.0006480 seconds, Stopping threads took: 0.0002851 seconds
[2019-10-14T08:02:49.107+0000][1][safepoint    ] Application time: 0.0178994 seconds
[2019-10-14T08:02:49.107+0000][1][safepoint    ] Entering safepoint region: RevokeBias
[2019-10-14T08:02:49.109+0000][1][safepoint    ] Leaving safepoint region
[2019-10-14T08:02:49.110+0000][1][safepoint    ] Total time for which application threads were stopped: 0.0027082 seconds, Stopping threads took: 0.0017724 seconds
[2019-10-14T08:02:49.111+0000][1][safepoint    ] Application time: 0.0003527 seconds
[2019-10-14T08:02:49.111+0000][1][safepoint    ] Entering safepoint region: RevokeBias
[2019-10-14T08:02:49.112+0000][1][safepoint    ] Leaving safepoint region
[2019-10-14T08:02:49.112+0000][1][safepoint    ] Total time for which application threads were stopped: 0.0010829 seconds, Stopping threads took: 0.0004340 seconds
[2019-10-14T08:02:49.126+0000][1][safepoint    ] Application time: 0.0136269 seconds
[2019-10-14T08:02:49.134+0000][1][safepoint    ] Entering safepoint region: RevokeBias
[2019-10-14T08:02:49.134+0000][1][safepoint    ] Leaving safepoint region
[2019-10-14T08:02:49.135+0000][1][safepoint    ] Total time for which application threads were stopped: 0.0075829 seconds, Stopping threads took: 0.0070282 seconds
[2019-10-14T08:02:49.137+0000][1][safepoint    ] Application time: 0.0023613 seconds
[2019-10-14T08:02:49.147+0000][1][safepoint    ] Entering safepoint region: RevokeBias
[2019-10-14T08:02:49.148+0000][1][safepoint    ] Leaving safepoint region
[2019-10-14T08:02:49.149+0000][1][safepoint    ] Total time for which application threads were stopped: 0.0099282 seconds, Stopping threads took: 0.0090890 seconds
[2019-10-14T08:02:49.167+0000][1][safepoint    ] Application time: 0.0174797 seconds
[2019-10-14T08:02:49.169+0000][1][safepoint    ] Entering safepoint region: RevokeBias
[2019-10-14T08:02:49.169+0000][1][safepoint    ] Leaving safepoint region
[2019-10-14T08:02:49.170+0000][1][safepoint    ] Total time for which application threads were stopped: 0.0013199 seconds, Stopping threads took: 0.0008121 seconds
[2019-10-14T08:02:49.285+0000][1][safepoint    ] Application time: 0.1144102 seconds
[2019-10-14T08:02:49.286+0000][1][safepoint    ] Entering safepoint region: RevokeBias
[2019-10-14T08:02:49.286+0000][1][safepoint    ] Leaving safepoint region
[2019-10-14T08:02:49.286+0000][1][safepoint    ] Total time for which application threads were stopped: 0.0006705 seconds, Stopping threads took: 0.0002442 seconds
[2019-10-14T08:02:49.314+0000][1][safepoint    ] Application time: 0.0268977 seconds
[2019-10-14T08:02:49.314+0000][1][safepoint    ] Entering safepoint region: RevokeBias
[2019-10-14T08:02:49.315+0000][1][safepoint    ] Leaving safepoint region
[2019-10-14T08:02:49.315+0000][1][safepoint    ] Total time for which application threads were stopped: 0.0006901 seconds, Stopping threads took: 0.0003309 seconds
[2019-10-14T08:02:49.355+0000][1][safepoint    ] Application time: 0.0391746 seconds
[2019-10-14T08:02:49.355+0000][1][safepoint    ] Entering safepoint region: RevokeBias
[2019-10-14T08:02:49.355+0000][1][safepoint    ] Leaving safepoint region
[2019-10-14T08:02:49.355+0000][1][safepoint    ] Total time for which application threads were stopped: 0.0005353 seconds, Stopping threads took: 0.0002474 seconds
[2019-10-14T08:02:49.356+0000][1][safepoint    ] Application time: 0.0007820 seconds
[2019-10-14T08:02:49.357+0000][1][safepoint    ] Entering safepoint region: RevokeBias
[2019-10-14T08:02:49.357+0000][1][safepoint    ] Leaving safepoint region
[2019-10-14T08:02:49.357+0000][1][safepoint    ] Total time for which application threads were stopped: 0.0006751 seconds, Stopping threads took: 0.0002882 seconds
[2019-10-14T08:02:49.359+0000][1][safepoint    ] Application time: 0.0012401 seconds
[2019-10-14T08:02:49.359+0000][1][safepoint    ] Entering safepoint region: RevokeBias
[2019-10-14T08:02:49.360+0000][1][safepoint    ] Leaving safepoint region
[2019-10-14T08:02:49.360+0000][1][safepoint    ] Total time for which application threads were stopped: 0.0009081 seconds, Stopping threads took: 0.0004568 seconds
[2019-10-14T08:02:49.361+0000][1][safepoint    ] Application time: 0.0003392 seconds
[2019-10-14T08:02:49.361+0000][1][safepoint    ] Entering safepoint region: RevokeBias
[2019-10-14T08:02:49.362+0000][1][safepoint    ] Leaving safepoint region
[2019-10-14T08:02:49.362+0000][1][safepoint    ] Total time for which application threads were stopped: 0.0010769 seconds, Stopping threads took: 0.0006066 seconds
[2019-10-14T08:02:49.363+0000][1][safepoint    ] Application time: 0.0002957 seconds
[2019-10-14T08:02:49.363+0000][1][safepoint    ] Entering safepoint region: RevokeBias
[2019-10-14T08:02:49.364+0000][1][safepoint    ] Leaving safepoint region
[2019-10-14T08:02:49.364+0000][1][safepoint    ] Total time for which application threads were stopped: 0.0006971 seconds, Stopping threads took: 0.0002927 seconds
[2019-10-14T08:02:49.366+0000][1][safepoint    ] Application time: 0.0016365 seconds
[2019-10-14T08:02:49.366+0000][1][safepoint    ] Entering safepoint region: RevokeBias
[2019-10-14T08:02:49.367+0000][1][safepoint    ] Leaving safepoint region
[2019-10-14T08:02:49.367+0000][1][safepoint    ] Total time for which application threads were stopped: 0.0010010 seconds, Stopping threads took: 0.0003773 seconds
[2019-10-14T08:02:49.375+0000][1][safepoint    ] Application time: 0.0076036 seconds
[2019-10-14T08:02:49.376+0000][1][safepoint    ] Entering safepoint region: RevokeBias
[2019-10-14T08:02:49.376+0000][1][safepoint    ] Leaving safepoint region
[2019-10-14T08:02:49.377+0000][1][safepoint    ] Total time for which application threads were stopped: 0.0012075 seconds, Stopping threads took: 0.0003464 seconds
[2019-10-14T08:02:49.429+0000][1][safepoint    ] Application time: 0.0514513 seconds
[2019-10-14T08:02:49.429+0000][1][safepoint    ] Entering safepoint region: BulkRevokeBias
[2019-10-14T08:02:49.430+0000][1][safepoint    ] Leaving safepoint region
[2019-10-14T08:02:49.430+0000][1][safepoint    ] Total time for which application threads were stopped: 0.0008891 seconds, Stopping threads took: 0.0003277 seconds
[2019-10-14T08:02:49.432+0000][1][safepoint    ] Application time: 0.0013751 seconds
[2019-10-14T08:02:49.432+0000][1][safepoint    ] Entering safepoint region: RevokeBias
[2019-10-14T08:02:49.434+0000][1][safepoint    ] Leaving safepoint region
[2019-10-14T08:02:49.434+0000][1][safepoint    ] Total time for which application threads were stopped: 0.0024906 seconds, Stopping threads took: 0.0018911 seconds
[2019-10-14T08:02:49.436+0000][1][safepoint    ] Application time: 0.0008832 seconds
[2019-10-14T08:02:49.437+0000][1][safepoint    ] Entering safepoint region: BulkRevokeBias
[2019-10-14T08:02:49.438+0000][1][safepoint    ] Leaving safepoint region
[2019-10-14T08:02:49.439+0000][1][safepoint    ] Total time for which application threads were stopped: 0.0023674 seconds, Stopping threads took: 0.0002721 seconds
[2019-10-14T08:02:49.538+0000][1][safepoint    ] Application time: 0.0991826 seconds
[2019-10-14T08:02:49.539+0000][1][safepoint    ] Entering safepoint region: RevokeBias
[2019-10-14T08:02:49.539+0000][1][safepoint    ] Leaving safepoint region
[2019-10-14T08:02:49.539+0000][1][safepoint    ] Total time for which application threads were stopped: 0.0005209 seconds, Stopping threads took: 0.0002425 seconds
[2019-10-14T08:02:49.577+0000][1][safepoint    ] Application time: 0.0379844 seconds
[2019-10-14T08:02:49.578+0000][1][safepoint    ] Entering safepoint region: RevokeBias
[2019-10-14T08:02:49.578+0000][1][safepoint    ] Leaving safepoint region
[2019-10-14T08:02:49.578+0000][1][safepoint    ] Total time for which application threads were stopped: 0.0006627 seconds, Stopping threads took: 0.0003553 seconds
[2019-10-14T08:02:49.579+0000][1][safepoint    ] Application time: 0.0006516 seconds
[2019-10-14T08:02:49.580+0000][1][safepoint    ] Entering safepoint region: RevokeBias
[2019-10-14T08:02:49.580+0000][1][safepoint    ] Leaving safepoint region
[2019-10-14T08:02:49.580+0000][1][safepoint    ] Total time for which application threads were stopped: 0.0006457 seconds, Stopping threads took: 0.0003037 seconds
[2019-10-14T08:02:49.581+0000][1][safepoint    ] Application time: 0.0006718 seconds
[2019-10-14T08:02:49.582+0000][1][safepoint    ] Entering safepoint region: RevokeBias
[2019-10-14T08:02:49.582+0000][1][safepoint    ] Leaving safepoint region
[2019-10-14T08:02:49.582+0000][1][safepoint    ] Total time for which application threads were stopped: 0.0006954 seconds, Stopping threads took: 0.0003365 seconds
[2019-10-14T08:02:49.583+0000][1][safepoint    ] Application time: 0.0001933 seconds
[2019-10-14T08:02:49.583+0000][1][safepoint    ] Entering safepoint region: RevokeBias
[2019-10-14T08:02:49.583+0000][1][safepoint    ] Leaving safepoint region
[2019-10-14T08:02:49.584+0000][1][safepoint    ] Total time for which application threads were stopped: 0.0005965 seconds, Stopping threads took: 0.0002907 seconds
[2019-10-14T08:02:49.584+0000][1][safepoint    ] Application time: 0.0001645 seconds
[2019-10-14T08:02:49.584+0000][1][safepoint    ] Entering safepoint region: RevokeBias
[2019-10-14T08:02:49.585+0000][1][safepoint    ] Leaving safepoint region
[2019-10-14T08:02:49.585+0000][1][safepoint    ] Total time for which application threads were stopped: 0.0005659 seconds, Stopping threads took: 0.0002647 seconds
[2019-10-14T08:02:49.592+0000][1][safepoint    ] Application time: 0.0063953 seconds
[2019-10-14T08:02:49.592+0000][1][safepoint    ] Entering safepoint region: RevokeBias
[2019-10-14T08:02:49.593+0000][1][safepoint    ] Leaving safepoint region
[2019-10-14T08:02:49.593+0000][1][safepoint    ] Total time for which application threads were stopped: 0.0011195 seconds, Stopping threads took: 0.0006105 seconds
[2019-10-14T08:02:49.610+0000][1][safepoint    ] Application time: 0.0171876 seconds
[2019-10-14T08:02:49.611+0000][1][safepoint    ] Entering safepoint region: Deoptimize
[2019-10-14T08:02:49.612+0000][1][safepoint    ] Leaving safepoint region
[2019-10-14T08:02:49.613+0000][1][safepoint    ] Total time for which application threads were stopped: 0.0017547 seconds, Stopping threads took: 0.0002779 seconds
[2019-10-14T08:02:49.631+0000][1][safepoint    ] Application time: 0.0179804 seconds
[2019-10-14T08:02:49.631+0000][1][safepoint    ] Entering safepoint region: GenCollectForAllocation
[2019-10-14T08:02:49.632+0000][1][gc,start     ] GC(48) Pause Young (Allocation Failure)
[2019-10-14T08:02:49.632+0000][1][gc,task      ] GC(48) Using 2 workers of 2 for evacuation
[2019-10-14T08:02:49.655+0000][1][gc,age       ] GC(48) Desired survivor size 4456448 bytes, new threshold 1 (max threshold 6)
[2019-10-14T08:02:49.656+0000][1][gc,age       ] GC(48) Age table with threshold 1 (max threshold 6)
[2019-10-14T08:02:49.656+0000][1][gc,age       ] GC(48) - age   1:    5265648 bytes,    5265648 total
[2019-10-14T08:02:49.656+0000][1][gc,age       ] GC(48) - age   2:     946304 bytes,    6211952 total
[2019-10-14T08:02:49.657+0000][1][gc,age       ] GC(48) - age   3:     715016 bytes,    6926968 total
[2019-10-14T08:02:49.657+0000][1][gc,age       ] GC(48) - age   4:      46000 bytes,    6972968 total
[2019-10-14T08:02:49.657+0000][1][gc,age       ] GC(48) - age   5:      11112 bytes,    6984080 total
[2019-10-14T08:02:49.657+0000][1][gc,age       ] GC(48) - age   6:       3488 bytes,    6987568 total
[2019-10-14T08:02:49.658+0000][1][gc,heap      ] GC(48) ParNew: 74232K->7570K(78656K)
[2019-10-14T08:02:49.658+0000][1][gc,heap      ] GC(48) CMS: 72928K->72944K(174784K)
[2019-10-14T08:02:49.659+0000][1][gc,metaspace ] GC(48) Metaspace: 82773K->82773K(1124352K)
[2019-10-14T08:02:49.659+0000][1][gc           ] GC(48) Pause Young (Allocation Failure) 143M->78M(247M) 27.307ms
[2019-10-14T08:02:49.659+0000][1][gc,cpu       ] GC(48) User=0.04s Sys=0.00s Real=0.03s
[2019-10-14T08:02:49.660+0000][1][safepoint    ] Leaving safepoint region
[2019-10-14T08:02:49.660+0000][1][safepoint    ] Total time for which application threads were stopped: 0.0288522 seconds, Stopping threads took: 0.0003543 seconds
[2019-10-14T08:02:49.704+0000][1][safepoint    ] Application time: 0.0433250 seconds
[2019-10-14T08:02:49.704+0000][1][safepoint    ] Entering safepoint region: Deoptimize
[2019-10-14T08:02:49.707+0000][1][safepoint    ] Leaving safepoint region
[2019-10-14T08:02:49.707+0000][1][safepoint    ] Total time for which application threads were stopped: 0.0030337 seconds, Stopping threads took: 0.0004059 seconds
[2019-10-14T08:02:49.773+0000][1][safepoint    ] Application time: 0.0641856 seconds
[2019-10-14T08:02:49.773+0000][1][safepoint    ] Entering safepoint region: RevokeBias
[2019-10-14T08:02:49.773+0000][1][safepoint    ] Leaving safepoint region
[2019-10-14T08:02:49.773+0000][1][safepoint    ] Total time for which application threads were stopped: 0.0006772 seconds, Stopping threads took: 0.0002390 seconds
[2019-10-14T08:02:49.786+0000][1][safepoint    ] Application time: 0.0122737 seconds
[2019-10-14T08:02:49.787+0000][1][safepoint    ] Entering safepoint region: RevokeBias
[2019-10-14T08:02:49.787+0000][1][safepoint    ] Leaving safepoint region
[2019-10-14T08:02:49.787+0000][1][safepoint    ] Total time for which application threads were stopped: 0.0006204 seconds, Stopping threads took: 0.0002650 seconds
[2019-10-14T08:02:49.840+0000][1][safepoint    ] Application time: 0.0527163 seconds
[2019-10-14T08:02:49.841+0000][1][safepoint    ] Entering safepoint region: RevokeBias
[2019-10-14T08:02:49.841+0000][1][safepoint    ] Leaving safepoint region
[2019-10-14T08:02:49.841+0000][1][safepoint    ] Total time for which application threads were stopped: 0.0006844 seconds, Stopping threads took: 0.0003010 seconds
[2019-10-14T08:02:49.842+0000][1][safepoint    ] Application time: 0.0005566 seconds
[2019-10-14T08:02:49.844+0000][1][safepoint    ] Entering safepoint region: RevokeBias
[2019-10-14T08:02:49.845+0000][1][safepoint    ] Leaving safepoint region
[2019-10-14T08:02:49.845+0000][1][safepoint    ] Total time for which application threads were stopped: 0.0008004 seconds, Stopping threads took: 0.0004316 seconds
[2019-10-14T08:02:49.846+0000][1][safepoint    ] Application time: 0.0005530 seconds
[2019-10-14T08:02:49.847+0000][1][safepoint    ] Entering safepoint region: RevokeBias
[2019-10-14T08:02:49.847+0000][1][safepoint    ] Leaving safepoint region
[2019-10-14T08:02:49.848+0000][1][safepoint    ] Total time for which application threads were stopped: 0.0010020 seconds, Stopping threads took: 0.0005004 seconds
[2019-10-14T08:02:49.854+0000][1][safepoint    ] Application time: 0.0058425 seconds
[2019-10-14T08:02:49.854+0000][1][safepoint    ] Entering safepoint region: RevokeBias
[2019-10-14T08:02:49.855+0000][1][safepoint    ] Leaving safepoint region
[2019-10-14T08:02:49.855+0000][1][safepoint    ] Total time for which application threads were stopped: 0.0011361 seconds, Stopping threads took: 0.0002472 seconds
[2019-10-14T08:02:49.972+0000][1][safepoint    ] Application time: 0.1160193 seconds
[2019-10-14T08:02:49.972+0000][1][safepoint    ] Entering safepoint region: RevokeBias
[2019-10-14T08:02:49.973+0000][1][safepoint    ] Leaving safepoint region
[2019-10-14T08:02:49.973+0000][1][safepoint    ] Total time for which application threads were stopped: 0.0012563 seconds, Stopping threads took: 0.0003364 seconds
[2019-10-14T08:02:50.034+0000][1][safepoint    ] Application time: 0.0606851 seconds
[2019-10-14T08:02:50.035+0000][1][safepoint    ] Entering safepoint region: RevokeBias
[2019-10-14T08:02:50.036+0000][1][safepoint    ] Leaving safepoint region
[2019-10-14T08:02:50.036+0000][1][safepoint    ] Total time for which application threads were stopped: 0.0008498 seconds, Stopping threads took: 0.0005154 seconds
[2019-10-14T08:02:50.038+0000][1][safepoint    ] Application time: 0.0007892 seconds
[2019-10-14T08:02:50.038+0000][1][safepoint    ] Entering safepoint region: RevokeBias
[2019-10-14T08:02:50.039+0000][1][safepoint    ] Leaving safepoint region
[2019-10-14T08:02:50.039+0000][1][safepoint    ] Total time for which application threads were stopped: 0.0012287 seconds, Stopping threads took: 0.0006884 seconds
[2019-10-14T08:02:50.040+0000][1][safepoint    ] Application time: 0.0006717 seconds
[2019-10-14T08:02:50.041+0000][1][safepoint    ] Entering safepoint region: RevokeBias
[2019-10-14T08:02:50.041+0000][1][safepoint    ] Leaving safepoint region
[2019-10-14T08:02:50.041+0000][1][safepoint    ] Total time for which application threads were stopped: 0.0006566 seconds, Stopping threads took: 0.0003263 seconds
[2019-10-14T08:02:50.046+0000][1][safepoint    ] Application time: 0.0037758 seconds
[2019-10-14T08:02:50.046+0000][1][safepoint    ] Entering safepoint region: BulkRevokeBias
[2019-10-14T08:02:50.047+0000][1][safepoint    ] Leaving safepoint region
[2019-10-14T08:02:50.048+0000][1][safepoint    ] Total time for which application threads were stopped: 0.0018602 seconds, Stopping threads took: 0.0003746 seconds
[2019-10-14T08:02:50.144+0000][1][safepoint    ] Application time: 0.0965101 seconds
[2019-10-14T08:02:50.145+0000][1][safepoint    ] Entering safepoint region: RevokeBias
[2019-10-14T08:02:50.146+0000][1][safepoint    ] Leaving safepoint region
[2019-10-14T08:02:50.146+0000][1][safepoint    ] Total time for which application threads were stopped: 0.0013494 seconds, Stopping threads took: 0.0005244 seconds
[2019-10-14T08:02:50.158+0000][1][safepoint    ] Application time: 0.0111985 seconds
[2019-10-14T08:02:50.165+0000][1][safepoint    ] Entering safepoint region: RevokeBias
[2019-10-14T08:02:50.166+0000][1][safepoint    ] Leaving safepoint region
[2019-10-14T08:02:50.166+0000][1][safepoint    ] Total time for which application threads were stopped: 0.0079887 seconds, Stopping threads took: 0.0067737 seconds
[2019-10-14T08:02:50.291+0000][1][safepoint    ] Application time: 0.1241257 seconds
[2019-10-14T08:02:50.293+0000][1][safepoint    ] Entering safepoint region: RevokeBias
[2019-10-14T08:02:50.293+0000][1][safepoint    ] Leaving safepoint region
[2019-10-14T08:02:50.294+0000][1][safepoint    ] Total time for which application threads were stopped: 0.0027375 seconds, Stopping threads took: 0.0019332 seconds
[2019-10-14T08:02:50.356+0000][1][safepoint    ] Application time: 0.0614800 seconds
[2019-10-14T08:02:50.359+0000][1][safepoint    ] Entering safepoint region: RevokeBias
[2019-10-14T08:02:50.360+0000][1][safepoint    ] Leaving safepoint region
[2019-10-14T08:02:50.360+0000][1][safepoint    ] Total time for which application threads were stopped: 0.0034981 seconds, Stopping threads took: 0.0029798 seconds
[2019-10-14T08:02:50.461+0000][1][safepoint    ] Application time: 0.1003724 seconds
[2019-10-14T08:02:50.464+0000][1][safepoint    ] Entering safepoint region: RevokeBias
[2019-10-14T08:02:50.465+0000][1][safepoint    ] Leaving safepoint region
[2019-10-14T08:02:50.465+0000][1][safepoint    ] Total time for which application threads were stopped: 0.0042787 seconds, Stopping threads took: 0.0036942 seconds
[2019-10-14T08:02:50.476+0000][1][safepoint    ] Application time: 0.0103265 seconds
[2019-10-14T08:02:50.477+0000][1][safepoint    ] Entering safepoint region: RevokeBias
[2019-10-14T08:02:50.478+0000][1][safepoint    ] Leaving safepoint region
[2019-10-14T08:02:50.478+0000][1][safepoint    ] Total time for which application threads were stopped: 0.0008445 seconds, Stopping threads took: 0.0004891 seconds
[2019-10-14T08:02:50.479+0000][1][safepoint    ] Application time: 0.0004731 seconds
[2019-10-14T08:02:50.480+0000][1][safepoint    ] Entering safepoint region: RevokeBias
[2019-10-14T08:02:50.481+0000][1][safepoint    ] Leaving safepoint region
[2019-10-14T08:02:50.481+0000][1][safepoint    ] Total time for which application threads were stopped: 0.0015621 seconds, Stopping threads took: 0.0008591 seconds
[2019-10-14T08:02:50.482+0000][1][safepoint    ] Application time: 0.0008438 seconds
[2019-10-14T08:02:50.483+0000][1][safepoint    ] Entering safepoint region: RevokeBias
[2019-10-14T08:02:50.484+0000][1][safepoint    ] Leaving safepoint region
[2019-10-14T08:02:50.484+0000][1][safepoint    ] Total time for which application threads were stopped: 0.0011012 seconds, Stopping threads took: 0.0004882 seconds
[2019-10-14T08:02:50.485+0000][1][safepoint    ] Application time: 0.0001794 seconds
[2019-10-14T08:02:50.486+0000][1][safepoint    ] Entering safepoint region: RevokeBias
[2019-10-14T08:02:50.486+0000][1][safepoint    ] Leaving safepoint region
[2019-10-14T08:02:50.487+0000][1][safepoint    ] Total time for which application threads were stopped: 0.0007912 seconds, Stopping threads took: 0.0004129 seconds
[2019-10-14T08:02:50.489+0000][1][safepoint    ] Application time: 0.0017280 seconds
[2019-10-14T08:02:50.489+0000][1][safepoint    ] Entering safepoint region: RevokeBias
[2019-10-14T08:02:50.491+0000][1][safepoint    ] Leaving safepoint region
[2019-10-14T08:02:50.492+0000][1][safepoint    ] Total time for which application threads were stopped: 0.0022188 seconds, Stopping threads took: 0.0011065 seconds
[2019-10-14T08:02:50.494+0000][1][safepoint    ] Application time: 0.0007003 seconds
[2019-10-14T08:02:50.494+0000][1][safepoint    ] Entering safepoint region: RevokeBias
[2019-10-14T08:02:50.494+0000][1][safepoint    ] Leaving safepoint region
[2019-10-14T08:02:50.494+0000][1][safepoint    ] Total time for which application threads were stopped: 0.0005578 seconds, Stopping threads took: 0.0002398 seconds
[2019-10-14T08:02:50.496+0000][1][safepoint    ] Application time: 0.0009253 seconds
[2019-10-14T08:02:50.497+0000][1][safepoint    ] Entering safepoint region: RevokeBias
[2019-10-14T08:02:50.498+0000][1][safepoint    ] Leaving safepoint region
[2019-10-14T08:02:50.498+0000][1][safepoint    ] Total time for which application threads were stopped: 0.0007668 seconds, Stopping threads took: 0.0003275 seconds
[2019-10-14T08:02:50.511+0000][1][safepoint    ] Application time: 0.0120387 seconds
[2019-10-14T08:02:50.513+0000][1][safepoint    ] Entering safepoint region: RevokeBias
[2019-10-14T08:02:50.514+0000][1][safepoint    ] Leaving safepoint region
[2019-10-14T08:02:50.515+0000][1][safepoint    ] Total time for which application threads were stopped: 0.0019608 seconds, Stopping threads took: 0.0007293 seconds
[2019-10-14T08:02:50.538+0000][1][safepoint    ] Application time: 0.0226365 seconds
[2019-10-14T08:02:50.539+0000][1][safepoint    ] Entering safepoint region: GenCollectForAllocation
[2019-10-14T08:02:50.539+0000][1][gc,start     ] GC(49) Pause Young (Allocation Failure)
[2019-10-14T08:02:50.539+0000][1][gc,task      ] GC(49) Using 2 workers of 2 for evacuation
[2019-10-14T08:02:50.562+0000][1][gc,age       ] GC(49) Desired survivor size 4456448 bytes, new threshold 1 (max threshold 6)
[2019-10-14T08:02:50.562+0000][1][gc,age       ] GC(49) Age table with threshold 1 (max threshold 6)
[2019-10-14T08:02:50.563+0000][1][gc,age       ] GC(49) - age   1:    6669872 bytes,    6669872 total
[2019-10-14T08:02:50.563+0000][1][gc,heap      ] GC(49) ParNew: 77517K->8704K(78656K)
[2019-10-14T08:02:50.563+0000][1][gc,heap      ] GC(49) CMS: 72944K->75369K(174784K)
[2019-10-14T08:02:50.564+0000][1][gc,metaspace ] GC(49) Metaspace: 82886K->82886K(1124352K)
[2019-10-14T08:02:50.564+0000][1][gc           ] GC(49) Pause Young (Allocation Failure) 146M->82M(247M) 25.066ms
[2019-10-14T08:02:50.564+0000][1][gc,cpu       ] GC(49) User=0.04s Sys=0.00s Real=0.02s
[2019-10-14T08:02:50.565+0000][1][safepoint    ] Leaving safepoint region
[2019-10-14T08:02:50.565+0000][1][safepoint    ] Total time for which application threads were stopped: 0.0267881 seconds, Stopping threads took: 0.0003896 seconds
[2019-10-14T08:02:50.597+0000][1][safepoint    ] Application time: 0.0313240 seconds
[2019-10-14T08:02:50.598+0000][1][safepoint    ] Entering safepoint region: RevokeBias
[2019-10-14T08:02:50.598+0000][1][safepoint    ] Leaving safepoint region
[2019-10-14T08:02:50.599+0000][1][safepoint    ] Total time for which application threads were stopped: 0.0016721 seconds, Stopping threads took: 0.0005291 seconds
[2019-10-14T08:02:50.600+0000][1][safepoint    ] Application time: 0.0001520 seconds
[2019-10-14T08:02:50.600+0000][1][safepoint    ] Entering safepoint region: RevokeBias
[2019-10-14T08:02:50.601+0000][1][safepoint    ] Leaving safepoint region
[2019-10-14T08:02:50.601+0000][1][safepoint    ] Total time for which application threads were stopped: 0.0007422 seconds, Stopping threads took: 0.0003429 seconds
[2019-10-14T08:02:50.697+0000][1][safepoint    ] Application time: 0.0952613 seconds
[2019-10-14T08:02:50.697+0000][1][safepoint    ] Entering safepoint region: RevokeBias
[2019-10-14T08:02:50.697+0000][1][safepoint    ] Leaving safepoint region
[2019-10-14T08:02:50.698+0000][1][safepoint    ] Total time for which application threads were stopped: 0.0007376 seconds, Stopping threads took: 0.0003263 seconds
[2019-10-14T08:02:50.715+0000][1][safepoint    ] Application time: 0.0168403 seconds
[2019-10-14T08:02:50.715+0000][1][safepoint    ] Entering safepoint region: RevokeBias
[2019-10-14T08:02:50.716+0000][1][safepoint    ] Leaving safepoint region
[2019-10-14T08:02:50.716+0000][1][safepoint    ] Total time for which application threads were stopped: 0.0006641 seconds, Stopping threads took: 0.0003738 seconds
[2019-10-14T08:02:50.775+0000][1][safepoint    ] Application time: 0.0591244 seconds
[2019-10-14T08:02:50.776+0000][1][safepoint    ] Entering safepoint region: RevokeBias
[2019-10-14T08:02:50.776+0000][1][safepoint    ] Leaving safepoint region
[2019-10-14T08:02:50.776+0000][1][safepoint    ] Total time for which application threads were stopped: 0.0007543 seconds, Stopping threads took: 0.0003575 seconds
[2019-10-14T08:02:50.777+0000][1][safepoint    ] Application time: 0.0005516 seconds
[2019-10-14T08:02:50.778+0000][1][safepoint    ] Entering safepoint region: RevokeBias
[2019-10-14T08:02:50.778+0000][1][safepoint    ] Leaving safepoint region
[2019-10-14T08:02:50.778+0000][1][safepoint    ] Total time for which application threads were stopped: 0.0006792 seconds, Stopping threads took: 0.0003020 seconds
[2019-10-14T08:02:50.779+0000][1][safepoint    ] Application time: 0.0004873 seconds
[2019-10-14T08:02:50.779+0000][1][safepoint    ] Entering safepoint region: RevokeBias
[2019-10-14T08:02:50.780+0000][1][safepoint    ] Leaving safepoint region
[2019-10-14T08:02:50.780+0000][1][safepoint    ] Total time for which application threads were stopped: 0.0006184 seconds, Stopping threads took: 0.0003261 seconds
[2019-10-14T08:02:50.847+0000][1][safepoint    ] Application time: 0.0670089 seconds
[2019-10-14T08:02:50.848+0000][1][safepoint    ] Entering safepoint region: RevokeBias
[2019-10-14T08:02:50.848+0000][1][safepoint    ] Leaving safepoint region
[2019-10-14T08:02:50.848+0000][1][safepoint    ] Total time for which application threads were stopped: 0.0006003 seconds, Stopping threads took: 0.0003037 seconds
[2019-10-14T08:02:51.786+0000][1][safepoint    ] Application time: 0.9377578 seconds
[2019-10-14T08:02:51.787+0000][1][safepoint    ] Entering safepoint region: RevokeBias
[2019-10-14T08:02:51.787+0000][1][safepoint    ] Leaving safepoint region
[2019-10-14T08:02:51.788+0000][1][safepoint    ] Total time for which application threads were stopped: 0.0008627 seconds, Stopping threads took: 0.0003517 seconds
[2019-10-14T08:02:51.813+0000][1][safepoint    ] Application time: 0.0247817 seconds
[2019-10-14T08:02:51.813+0000][1][safepoint    ] Entering safepoint region: RevokeBias
[2019-10-14T08:02:51.814+0000][1][safepoint    ] Leaving safepoint region
[2019-10-14T08:02:51.814+0000][1][safepoint    ] Total time for which application threads were stopped: 0.0005410 seconds, Stopping threads took: 0.0001983 seconds
[2019-10-14T08:02:51.815+0000][1][safepoint    ] Application time: 0.0005795 seconds
[2019-10-14T08:02:51.815+0000][1][safepoint    ] Entering safepoint region: RevokeBias
[2019-10-14T08:02:51.815+0000][1][safepoint    ] Leaving safepoint region
[2019-10-14T08:02:51.816+0000][1][safepoint    ] Total time for which application threads were stopped: 0.0006095 seconds, Stopping threads took: 0.0002735 seconds
[2019-10-14T08:02:51.817+0000][1][safepoint    ] Application time: 0.0008814 seconds
[2019-10-14T08:02:51.817+0000][1][safepoint    ] Entering safepoint region: RevokeBias
[2019-10-14T08:02:51.817+0000][1][safepoint    ] Leaving safepoint region
[2019-10-14T08:02:51.818+0000][1][safepoint    ] Total time for which application threads were stopped: 0.0005494 seconds, Stopping threads took: 0.0002199 seconds
[2019-10-14T08:02:51.819+0000][1][safepoint    ] Application time: 0.0006240 seconds
[2019-10-14T08:02:51.819+0000][1][safepoint    ] Entering safepoint region: RevokeBias
[2019-10-14T08:02:51.819+0000][1][safepoint    ] Leaving safepoint region
[2019-10-14T08:02:51.820+0000][1][safepoint    ] Total time for which application threads were stopped: 0.0007574 seconds, Stopping threads took: 0.0003848 seconds
[2019-10-14T08:02:52.045+0000][1][safepoint    ] Application time: 0.2253587 seconds
[2019-10-14T08:02:52.046+0000][1][safepoint    ] Entering safepoint region: RevokeBias
[2019-10-14T08:02:52.047+0000][1][safepoint    ] Leaving safepoint region
[2019-10-14T08:02:52.048+0000][1][safepoint    ] Total time for which application threads were stopped: 0.0020839 seconds, Stopping threads took: 0.0004662 seconds
[2019-10-14T08:02:52.079+0000][1][safepoint    ] Application time: 0.0297890 seconds
[2019-10-14T08:02:52.079+0000][1][safepoint    ] Entering safepoint region: RevokeBias
[2019-10-14T08:02:52.080+0000][1][safepoint    ] Leaving safepoint region
[2019-10-14T08:02:52.080+0000][1][safepoint    ] Total time for which application threads were stopped: 0.0006315 seconds, Stopping threads took: 0.0002597 seconds
[2019-10-14T08:02:52.128+0000][1][safepoint    ] Application time: 0.0481274 seconds
[2019-10-14T08:02:52.129+0000][1][safepoint    ] Entering safepoint region: RevokeBias
[2019-10-14T08:02:52.130+0000][1][safepoint    ] Leaving safepoint region
[2019-10-14T08:02:52.130+0000][1][safepoint    ] Total time for which application threads were stopped: 0.0013870 seconds, Stopping threads took: 0.0009670 seconds
[2019-10-14T08:02:52.131+0000][1][safepoint    ] Application time: 0.0010506 seconds
[2019-10-14T08:02:52.132+0000][1][safepoint    ] Entering safepoint region: RevokeBias
[2019-10-14T08:02:52.132+0000][1][safepoint    ] Leaving safepoint region
[2019-10-14T08:02:52.132+0000][1][safepoint    ] Total time for which application threads were stopped: 0.0007338 seconds, Stopping threads took: 0.0002801 seconds
[2019-10-14T08:02:52.140+0000][1][safepoint    ] Application time: 0.0070692 seconds
[2019-10-14T08:02:52.146+0000][1][safepoint    ] Entering safepoint region: RevokeBias
[2019-10-14T08:02:52.146+0000][1][safepoint    ] Leaving safepoint region
[2019-10-14T08:02:52.147+0000][1][safepoint    ] Total time for which application threads were stopped: 0.0062763 seconds, Stopping threads took: 0.0057537 seconds
[2019-10-14T08:02:52.148+0000][1][safepoint    ] Application time: 0.0011772 seconds
[2019-10-14T08:02:52.149+0000][1][safepoint    ] Entering safepoint region: RevokeBias
[2019-10-14T08:02:52.150+0000][1][safepoint    ] Leaving safepoint region
[2019-10-14T08:02:52.153+0000][1][safepoint    ] Total time for which application threads were stopped: 0.0041695 seconds, Stopping threads took: 0.0013160 seconds
[2019-10-14T08:02:52.166+0000][1][safepoint    ] Application time: 0.0037388 seconds
[2019-10-14T08:02:52.168+0000][1][safepoint    ] Entering safepoint region: RevokeBias
[2019-10-14T08:02:52.168+0000][1][safepoint    ] Leaving safepoint region
[2019-10-14T08:02:52.169+0000][1][safepoint    ] Total time for which application threads were stopped: 0.0022336 seconds, Stopping threads took: 0.0017790 seconds
[2019-10-14T08:02:52.182+0000][1][safepoint    ] Application time: 0.0134914 seconds
[2019-10-14T08:02:52.184+0000][1][safepoint    ] Entering safepoint region: RevokeBias
[2019-10-14T08:02:52.185+0000][1][safepoint    ] Leaving safepoint region
[2019-10-14T08:02:52.185+0000][1][safepoint    ] Total time for which application threads were stopped: 0.0021940 seconds, Stopping threads took: 0.0017607 seconds
[2019-10-14T08:02:52.331+0000][1][safepoint    ] Application time: 0.1451745 seconds
[2019-10-14T08:02:52.331+0000][1][safepoint    ] Entering safepoint region: RevokeBias
[2019-10-14T08:02:52.332+0000][1][safepoint    ] Leaving safepoint region
[2019-10-14T08:02:52.332+0000][1][safepoint    ] Total time for which application threads were stopped: 0.0011915 seconds, Stopping threads took: 0.0004551 seconds
[2019-10-14T08:02:52.337+0000][1][safepoint    ] Application time: 0.0043207 seconds
[2019-10-14T08:02:52.343+0000][1][safepoint    ] Entering safepoint region: RevokeBias
[2019-10-14T08:02:52.343+0000][1][safepoint    ] Leaving safepoint region
[2019-10-14T08:02:52.346+0000][1][safepoint    ] Total time for which application threads were stopped: 0.0085628 seconds, Stopping threads took: 0.0050746 seconds
[2019-10-14T08:02:52.421+0000][1][safepoint    ] Application time: 0.0739173 seconds
[2019-10-14T08:02:52.422+0000][1][safepoint    ] Entering safepoint region: RevokeBias
[2019-10-14T08:02:52.422+0000][1][safepoint    ] Leaving safepoint region
[2019-10-14T08:02:52.422+0000][1][safepoint    ] Total time for which application threads were stopped: 0.0008675 seconds, Stopping threads took: 0.0003989 seconds
[2019-10-14T08:02:52.431+0000][1][safepoint    ] Application time: 0.0081827 seconds
[2019-10-14T08:02:52.431+0000][1][safepoint    ] Entering safepoint region: RevokeBias
[2019-10-14T08:02:52.432+0000][1][safepoint    ] Leaving safepoint region
[2019-10-14T08:02:52.432+0000][1][safepoint    ] Total time for which application threads were stopped: 0.0005710 seconds, Stopping threads took: 0.0002604 seconds
[2019-10-14T08:02:52.439+0000][1][safepoint    ] Application time: 0.0059929 seconds
[2019-10-14T08:02:52.439+0000][1][safepoint    ] Entering safepoint region: GenCollectForAllocation
[2019-10-14T08:02:52.440+0000][1][gc,start     ] GC(50) Pause Young (Allocation Failure)
[2019-10-14T08:02:52.440+0000][1][gc,task      ] GC(50) Using 2 workers of 2 for evacuation
[2019-10-14T08:02:52.447+0000][1][gc,age       ] GC(50) Desired survivor size 4456448 bytes, new threshold 6 (max threshold 6)
[2019-10-14T08:02:52.447+0000][1][gc,age       ] GC(50) Age table with threshold 6 (max threshold 6)
[2019-10-14T08:02:52.448+0000][1][gc,age       ] GC(50) - age   1:    3762208 bytes,    3762208 total
[2019-10-14T08:02:52.449+0000][1][gc,heap      ] GC(50) ParNew: 78145K->6347K(78656K)
[2019-10-14T08:02:52.449+0000][1][gc,heap      ] GC(50) CMS: 75369K->78829K(174784K)
[2019-10-14T08:02:52.450+0000][1][gc,metaspace ] GC(50) Metaspace: 82978K->82978K(1124352K)
[2019-10-14T08:02:52.451+0000][1][gc           ] GC(50) Pause Young (Allocation Failure) 149M->83M(247M) 10.639ms
[2019-10-14T08:02:52.451+0000][1][gc,cpu       ] GC(50) User=0.01s Sys=0.00s Real=0.01s
[2019-10-14T08:02:52.452+0000][1][safepoint    ] Leaving safepoint region
[2019-10-14T08:02:52.452+0000][1][safepoint    ] Total time for which application threads were stopped: 0.0129619 seconds, Stopping threads took: 0.0003415 seconds
[2019-10-14T08:02:52.475+0000][1][safepoint    ] Application time: 0.0232274 seconds
[2019-10-14T08:02:52.476+0000][1][safepoint    ] Entering safepoint region: RevokeBias
[2019-10-14T08:02:52.476+0000][1][safepoint    ] Leaving safepoint region
[2019-10-14T08:02:52.477+0000][1][safepoint    ] Total time for which application threads were stopped: 0.0007819 seconds, Stopping threads took: 0.0002893 seconds
[2019-10-14T08:02:52.478+0000][1][safepoint    ] Application time: 0.0014247 seconds
[2019-10-14T08:02:52.479+0000][1][safepoint    ] Entering safepoint region: RevokeBias
[2019-10-14T08:02:52.479+0000][1][safepoint    ] Leaving safepoint region
[2019-10-14T08:02:52.480+0000][1][safepoint    ] Total time for which application threads were stopped: 0.0007847 seconds, Stopping threads took: 0.0003853 seconds
[2019-10-14T08:02:52.481+0000][1][safepoint    ] Application time: 0.0015499 seconds
[2019-10-14T08:02:52.482+0000][1][safepoint    ] Entering safepoint region: RevokeBias
[2019-10-14T08:02:52.482+0000][1][safepoint    ] Leaving safepoint region
[2019-10-14T08:02:52.483+0000][1][safepoint    ] Total time for which application threads were stopped: 0.0013372 seconds, Stopping threads took: 0.0003514 seconds
[2019-10-14T08:02:52.484+0000][1][safepoint    ] Application time: 0.0008616 seconds
[2019-10-14T08:02:52.485+0000][1][safepoint    ] Entering safepoint region: RevokeBias
[2019-10-14T08:02:52.485+0000][1][safepoint    ] Leaving safepoint region
[2019-10-14T08:02:52.485+0000][1][safepoint    ] Total time for which application threads were stopped: 0.0006319 seconds, Stopping threads took: 0.0003418 seconds
[2019-10-14T08:02:52.597+0000][1][safepoint    ] Application time: 0.1119607 seconds
[2019-10-14T08:02:52.598+0000][1][safepoint    ] Entering safepoint region: RevokeBias
[2019-10-14T08:02:52.599+0000][1][safepoint    ] Leaving safepoint region
[2019-10-14T08:02:52.600+0000][1][safepoint    ] Total time for which application threads were stopped: 0.0023648 seconds, Stopping threads took: 0.0003032 seconds
[2019-10-14T08:02:52.609+0000][1][safepoint    ] Application time: 0.0084855 seconds
[2019-10-14T08:02:52.610+0000][1][safepoint    ] Entering safepoint region: RevokeBias
[2019-10-14T08:02:52.610+0000][1][safepoint    ] Leaving safepoint region
[2019-10-14T08:02:52.610+0000][1][safepoint    ] Total time for which application threads were stopped: 0.0009227 seconds, Stopping threads took: 0.0003836 seconds
[2019-10-14T08:02:52.647+0000][1][safepoint    ] Application time: 0.0364395 seconds
[2019-10-14T08:02:52.648+0000][1][safepoint    ] Entering safepoint region: RevokeBias
[2019-10-14T08:02:52.648+0000][1][safepoint    ] Leaving safepoint region
[2019-10-14T08:02:52.648+0000][1][safepoint    ] Total time for which application threads were stopped: 0.0006305 seconds, Stopping threads took: 0.0002369 seconds
[2019-10-14T08:02:52.649+0000][1][safepoint    ] Application time: 0.0006223 seconds
[2019-10-14T08:02:52.649+0000][1][safepoint    ] Entering safepoint region: RevokeBias
[2019-10-14T08:02:52.650+0000][1][safepoint    ] Leaving safepoint region
[2019-10-14T08:02:52.650+0000][1][safepoint    ] Total time for which application threads were stopped: 0.0008285 seconds, Stopping threads took: 0.0003482 seconds
[2019-10-14T08:02:52.652+0000][1][safepoint    ] Application time: 0.0017570 seconds
[2019-10-14T08:02:52.653+0000][1][safepoint    ] Entering safepoint region: RevokeBias
[2019-10-14T08:02:52.654+0000][1][safepoint    ] Leaving safepoint region
[2019-10-14T08:02:52.656+0000][1][safepoint    ] Total time for which application threads were stopped: 0.0032147 seconds, Stopping threads took: 0.0006344 seconds
[2019-10-14T08:02:52.658+0000][1][safepoint    ] Application time: 0.0011261 seconds
[2019-10-14T08:02:52.659+0000][1][safepoint    ] Entering safepoint region: RevokeBias
[2019-10-14T08:02:52.659+0000][1][safepoint    ] Leaving safepoint region
[2019-10-14T08:02:52.660+0000][1][safepoint    ] Total time for which application threads were stopped: 0.0009313 seconds, Stopping threads took: 0.0004636 seconds
[2019-10-14T08:02:52.878+0000][1][safepoint    ] Application time: 0.2179058 seconds
[2019-10-14T08:02:52.879+0000][1][safepoint    ] Entering safepoint region: RevokeBias
[2019-10-14T08:02:52.880+0000][1][safepoint    ] Leaving safepoint region
[2019-10-14T08:02:52.880+0000][1][safepoint    ] Total time for which application threads were stopped: 0.0007769 seconds, Stopping threads took: 0.0002559 seconds
[2019-10-14T08:02:52.886+0000][1][safepoint    ] Application time: 0.0054640 seconds
[2019-10-14T08:02:52.886+0000][1][safepoint    ] Entering safepoint region: RevokeBias
[2019-10-14T08:02:52.886+0000][1][safepoint    ] Leaving safepoint region
[2019-10-14T08:02:52.887+0000][1][safepoint    ] Total time for which application threads were stopped: 0.0007344 seconds, Stopping threads took: 0.0002416 seconds
[2019-10-14T08:02:52.946+0000][1][safepoint    ] Application time: 0.0590978 seconds
[2019-10-14T08:02:52.947+0000][1][safepoint    ] Entering safepoint region: RevokeBias
[2019-10-14T08:02:52.947+0000][1][safepoint    ] Leaving safepoint region
[2019-10-14T08:02:52.948+0000][1][safepoint    ] Total time for which application threads were stopped: 0.0007544 seconds, Stopping threads took: 0.0002537 seconds
[2019-10-14T08:02:52.950+0000][1][safepoint    ] Application time: 0.0018155 seconds
[2019-10-14T08:02:52.950+0000][1][safepoint    ] Entering safepoint region: RevokeBias
[2019-10-14T08:02:52.950+0000][1][safepoint    ] Leaving safepoint region
[2019-10-14T08:02:52.951+0000][1][safepoint    ] Total time for which application threads were stopped: 0.0013703 seconds, Stopping threads took: 0.0002145 seconds
[2019-10-14T08:02:52.954+0000][1][safepoint    ] Application time: 0.0026377 seconds
[2019-10-14T08:02:52.955+0000][1][safepoint    ] Entering safepoint region: RevokeBias
[2019-10-14T08:02:52.958+0000][1][safepoint    ] Leaving safepoint region
[2019-10-14T08:02:52.960+0000][1][safepoint    ] Total time for which application threads were stopped: 0.0047028 seconds, Stopping threads took: 0.0020561 seconds
[2019-10-14T08:02:52.964+0000][1][safepoint    ] Application time: 0.0033021 seconds
[2019-10-14T08:02:52.964+0000][1][safepoint    ] Entering safepoint region: RevokeBias
[2019-10-14T08:02:52.965+0000][1][safepoint    ] Leaving safepoint region
[2019-10-14T08:02:52.966+0000][1][safepoint    ] Total time for which application threads were stopped: 0.0011713 seconds, Stopping threads took: 0.0002485 seconds
[2019-10-14T08:02:53.233+0000][1][safepoint    ] Application time: 0.2670951 seconds
[2019-10-14T08:02:53.233+0000][1][safepoint    ] Entering safepoint region: RevokeBias
[2019-10-14T08:02:53.234+0000][1][safepoint    ] Leaving safepoint region
[2019-10-14T08:02:53.234+0000][1][safepoint    ] Total time for which application threads were stopped: 0.0011101 seconds, Stopping threads took: 0.0003732 seconds
[2019-10-14T08:02:54.237+0000][1][safepoint    ] Application time: 1.0022061 seconds
[2019-10-14T08:02:54.238+0000][1][safepoint    ] Entering safepoint region: Cleanup
[2019-10-14T08:02:54.239+0000][1][safepoint    ] Leaving safepoint region
[2019-10-14T08:02:54.239+0000][1][safepoint    ] Total time for which application threads were stopped: 0.0010917 seconds, Stopping threads took: 0.0004969 seconds
[2019-10-14T08:02:54.248+0000][1][safepoint    ] Application time: 0.0079735 seconds
[2019-10-14T08:02:54.248+0000][1][safepoint    ] Entering safepoint region: RevokeBias
[2019-10-14T08:02:54.249+0000][1][safepoint    ] Leaving safepoint region
[2019-10-14T08:02:54.249+0000][1][safepoint    ] Total time for which application threads were stopped: 0.0008103 seconds, Stopping threads took: 0.0003895 seconds
[2019-10-14T08:02:54.273+0000][1][safepoint    ] Application time: 0.0231646 seconds
[2019-10-14T08:02:54.273+0000][1][safepoint    ] Entering safepoint region: RevokeBias
[2019-10-14T08:02:54.273+0000][1][safepoint    ] Leaving safepoint region
[2019-10-14T08:02:54.274+0000][1][safepoint    ] Total time for which application threads were stopped: 0.0006833 seconds, Stopping threads took: 0.0002909 seconds
[2019-10-14T08:02:54.275+0000][1][safepoint    ] Application time: 0.0007211 seconds
[2019-10-14T08:02:54.275+0000][1][safepoint    ] Entering safepoint region: RevokeBias
[2019-10-14T08:02:54.275+0000][1][safepoint    ] Leaving safepoint region
[2019-10-14T08:02:54.276+0000][1][safepoint    ] Total time for which application threads were stopped: 0.0007613 seconds, Stopping threads took: 0.0002766 seconds
[2019-10-14T08:02:54.278+0000][1][safepoint    ] Application time: 0.0017496 seconds
[2019-10-14T08:02:54.278+0000][1][safepoint    ] Entering safepoint region: RevokeBias
[2019-10-14T08:02:54.279+0000][1][safepoint    ] Leaving safepoint region
[2019-10-14T08:02:54.279+0000][1][safepoint    ] Total time for which application threads were stopped: 0.0006307 seconds, Stopping threads took: 0.0002386 seconds
[2019-10-14T08:02:54.280+0000][1][safepoint    ] Application time: 0.0011278 seconds
[2019-10-14T08:02:54.281+0000][1][safepoint    ] Entering safepoint region: RevokeBias
[2019-10-14T08:02:54.281+0000][1][safepoint    ] Leaving safepoint region
[2019-10-14T08:02:54.281+0000][1][safepoint    ] Total time for which application threads were stopped: 0.0007121 seconds, Stopping threads took: 0.0002897 seconds
[2019-10-14T08:02:54.406+0000][1][safepoint    ] Application time: 0.1239820 seconds
[2019-10-14T08:02:54.406+0000][1][safepoint    ] Entering safepoint region: RevokeBias
[2019-10-14T08:02:54.406+0000][1][safepoint    ] Leaving safepoint region
[2019-10-14T08:02:54.406+0000][1][safepoint    ] Total time for which application threads were stopped: 0.0006127 seconds, Stopping threads took: 0.0002942 seconds
[2019-10-14T08:02:54.412+0000][1][safepoint    ] Application time: 0.0056509 seconds
[2019-10-14T08:02:54.413+0000][1][safepoint    ] Entering safepoint region: RevokeBias
[2019-10-14T08:02:54.413+0000][1][safepoint    ] Leaving safepoint region
[2019-10-14T08:02:54.414+0000][1][safepoint    ] Total time for which application threads were stopped: 0.0012021 seconds, Stopping threads took: 0.0005074 seconds
[2019-10-14T08:02:54.423+0000][1][safepoint    ] Application time: 0.0069863 seconds
[2019-10-14T08:02:54.423+0000][1][safepoint    ] Entering safepoint region: GenCollectForAllocation
[2019-10-14T08:02:54.424+0000][1][gc,start     ] GC(51) Pause Young (Allocation Failure)
[2019-10-14T08:02:54.424+0000][1][gc,task      ] GC(51) Using 2 workers of 2 for evacuation
[2019-10-14T08:02:54.429+0000][1][gc,age       ] GC(51) Desired survivor size 4456448 bytes, new threshold 6 (max threshold 6)
[2019-10-14T08:02:54.431+0000][1][gc,age       ] GC(51) Age table with threshold 6 (max threshold 6)
[2019-10-14T08:02:54.431+0000][1][gc,age       ] GC(51) - age   1:    1157416 bytes,    1157416 total
[2019-10-14T08:02:54.432+0000][1][gc,age       ] GC(51) - age   2:    1665080 bytes,    2822496 total
[2019-10-14T08:02:54.432+0000][1][gc,heap      ] GC(51) ParNew: 76025K->4447K(78656K)
[2019-10-14T08:02:54.432+0000][1][gc,heap      ] GC(51) CMS: 78829K->78829K(174784K)
[2019-10-14T08:02:54.432+0000][1][gc,metaspace ] GC(51) Metaspace: 83032K->83032K(1126400K)
[2019-10-14T08:02:54.433+0000][1][gc           ] GC(51) Pause Young (Allocation Failure) 151M->81M(247M) 8.935ms
[2019-10-14T08:02:54.433+0000][1][gc,cpu       ] GC(51) User=0.01s Sys=0.00s Real=0.01s
[2019-10-14T08:02:54.433+0000][1][safepoint    ] Leaving safepoint region
[2019-10-14T08:02:54.434+0000][1][safepoint    ] Total time for which application threads were stopped: 0.0101914 seconds, Stopping threads took: 0.0002314 seconds
[2019-10-14T08:02:54.457+0000][1][safepoint    ] Application time: 0.0231767 seconds
[2019-10-14T08:02:54.458+0000][1][safepoint    ] Entering safepoint region: RevokeBias
[2019-10-14T08:02:54.458+0000][1][safepoint    ] Leaving safepoint region
[2019-10-14T08:02:54.458+0000][1][safepoint    ] Total time for which application threads were stopped: 0.0006769 seconds, Stopping threads took: 0.0002737 seconds
[2019-10-14T08:02:54.459+0000][1][safepoint    ] Application time: 0.0005932 seconds
[2019-10-14T08:02:54.459+0000][1][safepoint    ] Entering safepoint region: RevokeBias
[2019-10-14T08:02:54.460+0000][1][safepoint    ] Leaving safepoint region
[2019-10-14T08:02:54.460+0000][1][safepoint    ] Total time for which application threads were stopped: 0.0007468 seconds, Stopping threads took: 0.0002702 seconds
[2019-10-14T08:02:54.467+0000][1][safepoint    ] Application time: 0.0068842 seconds
[2019-10-14T08:02:54.468+0000][1][safepoint    ] Entering safepoint region: RevokeBias
[2019-10-14T08:02:54.468+0000][1][safepoint    ] Leaving safepoint region
[2019-10-14T08:02:54.468+0000][1][safepoint    ] Total time for which application threads were stopped: 0.0007752 seconds, Stopping threads took: 0.0003373 seconds
[2019-10-14T08:02:54.470+0000][1][safepoint    ] Application time: 0.0010969 seconds
[2019-10-14T08:02:54.470+0000][1][safepoint    ] Entering safepoint region: RevokeBias
[2019-10-14T08:02:54.471+0000][1][safepoint    ] Leaving safepoint region
[2019-10-14T08:02:54.471+0000][1][safepoint    ] Total time for which application threads were stopped: 0.0006361 seconds, Stopping threads took: 0.0003456 seconds
[2019-10-14T08:02:54.602+0000][1][safepoint    ] Application time: 0.1306269 seconds
[2019-10-14T08:02:54.602+0000][1][safepoint    ] Entering safepoint region: BulkRevokeBias
[2019-10-14T08:02:54.603+0000][1][safepoint    ] Leaving safepoint region
[2019-10-14T08:02:54.603+0000][1][safepoint    ] Total time for which application threads were stopped: 0.0013420 seconds, Stopping threads took: 0.0004082 seconds
[2019-10-14T08:02:54.624+0000][1][safepoint    ] Application time: 0.0205909 seconds
[2019-10-14T08:02:54.625+0000][1][safepoint    ] Entering safepoint region: RevokeBias
[2019-10-14T08:02:54.625+0000][1][safepoint    ] Leaving safepoint region
[2019-10-14T08:02:54.625+0000][1][safepoint    ] Total time for which application threads were stopped: 0.0005891 seconds, Stopping threads took: 0.0002619 seconds
[2019-10-14T08:02:55.626+0000][1][safepoint    ] Application time: 1.0002141 seconds
[2019-10-14T08:02:55.627+0000][1][safepoint    ] Entering safepoint region: Cleanup
[2019-10-14T08:02:55.628+0000][1][safepoint    ] Leaving safepoint region
[2019-10-14T08:02:55.629+0000][1][safepoint    ] Total time for which application threads were stopped: 0.0015492 seconds, Stopping threads took: 0.0006241 seconds
[2019-10-14T08:02:56.287+0000][1][safepoint    ] Application time: 0.6571831 seconds
[2019-10-14T08:02:56.287+0000][1][safepoint    ] Entering safepoint region: RevokeBias
[2019-10-14T08:02:56.289+0000][1][safepoint    ] Leaving safepoint region
[2019-10-14T08:02:56.290+0000][1][safepoint    ] Total time for which application threads were stopped: 0.0025178 seconds, Stopping threads took: 0.0005453 seconds
[2019-10-14T08:02:56.294+0000][1][safepoint    ] Application time: 0.0034887 seconds
[2019-10-14T08:02:56.295+0000][1][safepoint    ] Entering safepoint region: RevokeBias
[2019-10-14T08:02:56.295+0000][1][safepoint    ] Leaving safepoint region
[2019-10-14T08:02:56.296+0000][1][safepoint    ] Total time for which application threads were stopped: 0.0017334 seconds, Stopping threads took: 0.0010837 seconds
[2019-10-14T08:02:56.302+0000][1][safepoint    ] Application time: 0.0059303 seconds
[2019-10-14T08:02:56.304+0000][1][safepoint    ] Entering safepoint region: RevokeBias
[2019-10-14T08:02:56.305+0000][1][safepoint    ] Leaving safepoint region
[2019-10-14T08:02:56.305+0000][1][safepoint    ] Total time for which application threads were stopped: 0.0023813 seconds, Stopping threads took: 0.0017803 seconds
[2019-10-14T08:02:56.307+0000][1][safepoint    ] Application time: 0.0019414 seconds
[2019-10-14T08:02:56.308+0000][1][safepoint    ] Entering safepoint region: BulkRevokeBias
[2019-10-14T08:02:56.309+0000][1][safepoint    ] Leaving safepoint region
[2019-10-14T08:02:56.309+0000][1][safepoint    ] Total time for which application threads were stopped: 0.0011360 seconds, Stopping threads took: 0.0003144 seconds
[2019-10-14T08:02:57.310+0000][1][safepoint    ] Application time: 1.0006906 seconds
[2019-10-14T08:02:57.311+0000][1][safepoint    ] Entering safepoint region: Cleanup
[2019-10-14T08:02:57.311+0000][1][safepoint    ] Leaving safepoint region
[2019-10-14T08:02:57.312+0000][1][safepoint    ] Total time for which application threads were stopped: 0.0010709 seconds, Stopping threads took: 0.0004373 seconds
[2019-10-14T08:02:58.312+0000][1][safepoint    ] Application time: 1.0004570 seconds
[2019-10-14T08:02:58.315+0000][1][safepoint    ] Entering safepoint region: Cleanup
[2019-10-14T08:02:58.316+0000][1][safepoint    ] Leaving safepoint region
[2019-10-14T08:02:58.316+0000][1][safepoint    ] Total time for which application threads were stopped: 0.0015915 seconds, Stopping threads took: 0.0011221 seconds
[2019-10-14T08:02:59.317+0000][1][safepoint    ] Application time: 1.0002207 seconds
[2019-10-14T08:02:59.318+0000][1][safepoint    ] Entering safepoint region: Cleanup
[2019-10-14T08:02:59.318+0000][1][safepoint    ] Leaving safepoint region
[2019-10-14T08:02:59.319+0000][1][safepoint    ] Total time for which application threads were stopped: 0.0011458 seconds, Stopping threads took: 0.0005527 seconds
[2019-10-14T08:02:59.460+0000][1][safepoint    ] Application time: 0.1401653 seconds
[2019-10-14T08:02:59.462+0000][1][safepoint    ] Entering safepoint region: RevokeBias
[2019-10-14T08:02:59.463+0000][1][safepoint    ] Leaving safepoint region
[2019-10-14T08:02:59.463+0000][1][safepoint    ] Total time for which application threads were stopped: 0.0017552 seconds, Stopping threads took: 0.0011451 seconds
[2019-10-14T08:02:59.529+0000][1][safepoint    ] Application time: 0.0657250 seconds
[2019-10-14T08:02:59.530+0000][1][safepoint    ] Entering safepoint region: RevokeBias
[2019-10-14T08:02:59.531+0000][1][safepoint    ] Leaving safepoint region
[2019-10-14T08:02:59.532+0000][1][safepoint    ] Total time for which application threads were stopped: 0.0018944 seconds, Stopping threads took: 0.0003418 seconds
[2019-10-14T08:02:59.533+0000][1][safepoint    ] Application time: 0.0000750 seconds
[2019-10-14T08:02:59.534+0000][1][safepoint    ] Entering safepoint region: RevokeBias
[2019-10-14T08:02:59.534+0000][1][safepoint    ] Leaving safepoint region
[2019-10-14T08:02:59.534+0000][1][safepoint    ] Total time for which application threads were stopped: 0.0006411 seconds, Stopping threads took: 0.0002813 seconds
[2019-10-14T08:02:59.658+0000][1][safepoint    ] Application time: 0.1228296 seconds
[2019-10-14T08:02:59.661+0000][1][safepoint    ] Entering safepoint region: RevokeBias
[2019-10-14T08:02:59.661+0000][1][safepoint    ] Leaving safepoint region
[2019-10-14T08:02:59.662+0000][1][safepoint    ] Total time for which application threads were stopped: 0.0035992 seconds, Stopping threads took: 0.0023493 seconds
[2019-10-14T08:02:59.664+0000][1][safepoint    ] Application time: 0.0010669 seconds
[2019-10-14T08:02:59.669+0000][1][safepoint    ] Entering safepoint region: RevokeBias
[2019-10-14T08:02:59.671+0000][1][safepoint    ] Leaving safepoint region
[2019-10-14T08:02:59.671+0000][1][safepoint    ] Total time for which application threads were stopped: 0.0034529 seconds, Stopping threads took: 0.0024565 seconds
[2019-10-14T08:02:59.673+0000][1][safepoint    ] Application time: 0.0006873 seconds
[2019-10-14T08:02:59.677+0000][1][safepoint    ] Entering safepoint region: RevokeBias
[2019-10-14T08:02:59.678+0000][1][safepoint    ] Leaving safepoint region
[2019-10-14T08:02:59.679+0000][1][safepoint    ] Total time for which application threads were stopped: 0.0024882 seconds, Stopping threads took: 0.0013566 seconds
[2019-10-14T08:02:59.681+0000][1][safepoint    ] Application time: 0.0016165 seconds
[2019-10-14T08:02:59.682+0000][1][safepoint    ] Entering safepoint region: RevokeBias
[2019-10-14T08:02:59.683+0000][1][safepoint    ] Leaving safepoint region
[2019-10-14T08:02:59.683+0000][1][safepoint    ] Total time for which application threads were stopped: 0.0010270 seconds, Stopping threads took: 0.0004720 seconds
[2019-10-14T08:02:59.698+0000][1][safepoint    ] Application time: 0.0148492 seconds
[2019-10-14T08:02:59.703+0000][1][safepoint    ] Entering safepoint region: RevokeBias
[2019-10-14T08:02:59.704+0000][1][safepoint    ] Leaving safepoint region
[2019-10-14T08:02:59.704+0000][1][safepoint    ] Total time for which application threads were stopped: 0.0027324 seconds, Stopping threads took: 0.0021830 seconds
[2019-10-14T08:02:59.719+0000][1][safepoint    ] Application time: 0.0147106 seconds
[2019-10-14T08:02:59.721+0000][1][safepoint    ] Entering safepoint region: RevokeBias
[2019-10-14T08:02:59.721+0000][1][safepoint    ] Leaving safepoint region
[2019-10-14T08:02:59.722+0000][1][safepoint    ] Total time for which application threads were stopped: 0.0022841 seconds, Stopping threads took: 0.0016363 seconds
[2019-10-14T08:02:59.731+0000][1][safepoint    ] Application time: 0.0093060 seconds
[2019-10-14T08:02:59.739+0000][1][safepoint    ] Entering safepoint region: RevokeBias
[2019-10-14T08:02:59.743+0000][1][safepoint    ] Leaving safepoint region
[2019-10-14T08:02:59.744+0000][1][safepoint    ] Total time for which application threads were stopped: 0.0048165 seconds, Stopping threads took: 0.0008601 seconds
[2019-10-14T08:02:59.767+0000][1][safepoint    ] Application time: 0.0232244 seconds
[2019-10-14T08:02:59.768+0000][1][safepoint    ] Entering safepoint region: RevokeBias
[2019-10-14T08:02:59.769+0000][1][safepoint    ] Leaving safepoint region
[2019-10-14T08:02:59.769+0000][1][safepoint    ] Total time for which application threads were stopped: 0.0011317 seconds, Stopping threads took: 0.0006363 seconds
[2019-10-14T08:02:59.771+0000][1][safepoint    ] Application time: 0.0014760 seconds
[2019-10-14T08:02:59.773+0000][1][safepoint    ] Entering safepoint region: RevokeBias
[2019-10-14T08:02:59.773+0000][1][safepoint    ] Leaving safepoint region
[2019-10-14T08:02:59.777+0000][1][safepoint    ] Total time for which application threads were stopped: 0.0045278 seconds, Stopping threads took: 0.0003870 seconds
[2019-10-14T08:02:59.816+0000][1][safepoint    ] Application time: 0.0380860 seconds
[2019-10-14T08:02:59.816+0000][1][safepoint    ] Entering safepoint region: Deoptimize
[2019-10-14T08:02:59.819+0000][1][safepoint    ] Leaving safepoint region
[2019-10-14T08:02:59.819+0000][1][safepoint    ] Total time for which application threads were stopped: 0.0029955 seconds, Stopping threads took: 0.0008992 seconds
[2019-10-14T08:03:00.825+0000][1][safepoint    ] Application time: 1.0052877 seconds
[2019-10-14T08:03:00.826+0000][1][safepoint    ] Entering safepoint region: Cleanup
[2019-10-14T08:03:00.827+0000][1][safepoint    ] Leaving safepoint region
[2019-10-14T08:03:00.827+0000][1][safepoint    ] Total time for which application threads were stopped: 0.0014925 seconds, Stopping threads took: 0.0010355 seconds
[2019-10-14T08:03:01.828+0000][1][safepoint    ] Application time: 1.0001253 seconds
[2019-10-14T08:03:01.828+0000][1][safepoint    ] Entering safepoint region: Cleanup
[2019-10-14T08:03:01.829+0000][1][safepoint    ] Leaving safepoint region
[2019-10-14T08:03:01.829+0000][1][safepoint    ] Total time for which application threads were stopped: 0.0008376 seconds, Stopping threads took: 0.0003974 seconds
[2019-10-14T08:03:02.830+0000][1][safepoint    ] Application time: 1.0004615 seconds
[2019-10-14T08:03:02.831+0000][1][safepoint    ] Entering safepoint region: Cleanup
[2019-10-14T08:03:02.831+0000][1][safepoint    ] Leaving safepoint region
[2019-10-14T08:03:02.831+0000][1][safepoint    ] Total time for which application threads were stopped: 0.0009510 seconds, Stopping threads took: 0.0005077 seconds
[2019-10-14T08:03:03.811+0000][1][safepoint    ] Application time: 1.0002089 seconds
[2019-10-14T08:03:03.812+0000][1][safepoint    ] Entering safepoint region: Cleanup
[2019-10-14T08:03:03.812+0000][1][safepoint    ] Leaving safepoint region
[2019-10-14T08:03:03.813+0000][1][safepoint    ] Total time for which application threads were stopped: 0.0018069 seconds, Stopping threads took: 0.0007359 seconds
[2019-10-14T08:03:04.817+0000][1][safepoint    ] Application time: 1.0031641 seconds
[2019-10-14T08:03:04.824+0000][1][safepoint    ] Entering safepoint region: Cleanup
[2019-10-14T08:03:04.825+0000][1][safepoint    ] Leaving safepoint region
[2019-10-14T08:03:04.826+0000][1][safepoint    ] Total time for which application threads were stopped: 0.0022285 seconds, Stopping threads took: 0.0015392 seconds
[2019-10-14T08:03:05.830+0000][1][safepoint    ] Application time: 1.0040801 seconds
[2019-10-14T08:03:05.833+0000][1][safepoint    ] Entering safepoint region: Cleanup
[2019-10-14T08:03:05.834+0000][1][safepoint    ] Leaving safepoint region
[2019-10-14T08:03:05.835+0000][1][safepoint    ] Total time for which application threads were stopped: 0.0025199 seconds, Stopping threads took: 0.0012414 seconds
[2019-10-14T08:03:06.837+0000][1][safepoint    ] Application time: 1.0013178 seconds
[2019-10-14T08:03:06.837+0000][1][safepoint    ] Entering safepoint region: Cleanup
[2019-10-14T08:03:06.838+0000][1][safepoint    ] Leaving safepoint region
[2019-10-14T08:03:06.838+0000][1][safepoint    ] Total time for which application threads were stopped: 0.0010359 seconds, Stopping threads took: 0.0005296 seconds
[2019-10-14T08:03:07.839+0000][1][safepoint    ] Application time: 1.0002165 seconds
[2019-10-14T08:03:07.840+0000][1][safepoint    ] Entering safepoint region: Cleanup
[2019-10-14T08:03:07.840+0000][1][safepoint    ] Leaving safepoint region
[2019-10-14T08:03:07.841+0000][1][safepoint    ] Total time for which application threads were stopped: 0.0008703 seconds, Stopping threads took: 0.0004735 seconds
[2019-10-14T08:03:08.842+0000][1][safepoint    ] Application time: 1.0003887 seconds
[2019-10-14T08:03:08.842+0000][1][safepoint    ] Entering safepoint region: Cleanup
[2019-10-14T08:03:08.843+0000][1][safepoint    ] Leaving safepoint region
[2019-10-14T08:03:08.843+0000][1][safepoint    ] Total time for which application threads were stopped: 0.0009255 seconds, Stopping threads took: 0.0005025 seconds
[2019-10-14T08:03:09.844+0000][1][safepoint    ] Application time: 1.0003226 seconds
[2019-10-14T08:03:09.844+0000][1][safepoint    ] Entering safepoint region: Cleanup
[2019-10-14T08:03:09.845+0000][1][safepoint    ] Leaving safepoint region
[2019-10-14T08:03:09.845+0000][1][safepoint    ] Total time for which application threads were stopped: 0.0008910 seconds, Stopping threads took: 0.0005267 seconds
[2019-10-14T08:03:10.846+0000][1][safepoint    ] Application time: 1.0004404 seconds
[2019-10-14T08:03:10.847+0000][1][safepoint    ] Entering safepoint region: Cleanup
[2019-10-14T08:03:10.848+0000][1][safepoint    ] Leaving safepoint region
[2019-10-14T08:03:10.848+0000][1][safepoint    ] Total time for which application threads were stopped: 0.0011203 seconds, Stopping threads took: 0.0004955 seconds
[2019-10-14T08:03:11.449+0000][1][safepoint    ] Application time: 0.5998829 seconds
[2019-10-14T08:03:11.456+0000][1][safepoint    ] Entering safepoint region: RevokeBias
[2019-10-14T08:03:11.457+0000][1][safepoint    ] Leaving safepoint region
[2019-10-14T08:03:11.459+0000][1][safepoint    ] Total time for which application threads were stopped: 0.0031140 seconds, Stopping threads took: 0.0013923 seconds
[2019-10-14T08:03:12.460+0000][1][safepoint    ] Application time: 1.0003010 seconds
[2019-10-14T08:03:12.461+0000][1][safepoint    ] Entering safepoint region: Cleanup
[2019-10-14T08:03:12.462+0000][1][safepoint    ] Leaving safepoint region
[2019-10-14T08:03:12.462+0000][1][safepoint    ] Total time for which application threads were stopped: 0.0011553 seconds, Stopping threads took: 0.0005436 seconds
[2019-10-14T08:03:13.464+0000][1][safepoint    ] Application time: 1.0010685 seconds
[2019-10-14T08:03:13.464+0000][1][safepoint    ] Entering safepoint region: Cleanup
[2019-10-14T08:03:13.465+0000][1][safepoint    ] Leaving safepoint region
[2019-10-14T08:03:13.465+0000][1][safepoint    ] Total time for which application threads were stopped: 0.0013002 seconds, Stopping threads took: 0.0006223 seconds
[2019-10-14T08:03:14.469+0000][1][safepoint    ] Application time: 1.0035694 seconds
[2019-10-14T08:03:14.470+0000][1][safepoint    ] Entering safepoint region: Cleanup
[2019-10-14T08:03:14.471+0000][1][safepoint    ] Leaving safepoint region
[2019-10-14T08:03:14.472+0000][1][safepoint    ] Total time for which application threads were stopped: 0.0015941 seconds, Stopping threads took: 0.0009664 seconds
[2019-10-14T08:03:14.479+0000][1][safepoint    ] Application time: 0.0070270 seconds
[2019-10-14T08:03:14.480+0000][1][safepoint    ] Entering safepoint region: RevokeBias
[2019-10-14T08:03:14.481+0000][1][safepoint    ] Leaving safepoint region
[2019-10-14T08:03:14.481+0000][1][safepoint    ] Total time for which application threads were stopped: 0.0013001 seconds, Stopping threads took: 0.0003804 seconds
[2019-10-14T08:03:14.482+0000][1][safepoint    ] Application time: 0.0004777 seconds
[2019-10-14T08:03:14.483+0000][1][safepoint    ] Entering safepoint region: RevokeBias
[2019-10-14T08:03:14.483+0000][1][safepoint    ] Leaving safepoint region
[2019-10-14T08:03:14.483+0000][1][safepoint    ] Total time for which application threads were stopped: 0.0008144 seconds, Stopping threads took: 0.0003674 seconds
[2019-10-14T08:03:15.486+0000][1][safepoint    ] Application time: 1.0019753 seconds
[2019-10-14T08:03:15.486+0000][1][safepoint    ] Entering safepoint region: Cleanup
[2019-10-14T08:03:15.487+0000][1][safepoint    ] Leaving safepoint region
[2019-10-14T08:03:15.488+0000][1][safepoint    ] Total time for which application threads were stopped: 0.0012789 seconds, Stopping threads took: 0.0003586 seconds
[2019-10-14T08:03:15.500+0000][1][safepoint    ] Application time: 0.0123421 seconds
[2019-10-14T08:03:15.501+0000][1][safepoint    ] Entering safepoint region: RevokeBias
[2019-10-14T08:03:15.501+0000][1][safepoint    ] Leaving safepoint region
[2019-10-14T08:03:15.501+0000][1][safepoint    ] Total time for which application threads were stopped: 0.0006464 seconds, Stopping threads took: 0.0003000 seconds
[2019-10-14T08:03:15.502+0000][1][safepoint    ] Application time: 0.0001649 seconds
[2019-10-14T08:03:15.504+0000][1][safepoint    ] Entering safepoint region: RevokeBias
[2019-10-14T08:03:15.505+0000][1][safepoint    ] Leaving safepoint region
[2019-10-14T08:03:15.507+0000][1][safepoint    ] Total time for which application threads were stopped: 0.0022054 seconds, Stopping threads took: 0.0003373 seconds
[2019-10-14T08:03:15.510+0000][1][safepoint    ] Application time: 0.0026362 seconds
[2019-10-14T08:03:15.510+0000][1][safepoint    ] Entering safepoint region: RevokeBias
[2019-10-14T08:03:15.510+0000][1][safepoint    ] Leaving safepoint region
[2019-10-14T08:03:15.511+0000][1][safepoint    ] Total time for which application threads were stopped: 0.0006872 seconds, Stopping threads took: 0.0002768 seconds
[2019-10-14T08:03:16.512+0000][1][safepoint    ] Application time: 1.0003609 seconds
[2019-10-14T08:03:16.515+0000][1][safepoint    ] Entering safepoint region: Cleanup
[2019-10-14T08:03:16.519+0000][1][safepoint    ] Leaving safepoint region
[2019-10-14T08:03:16.522+0000][1][safepoint    ] Total time for which application threads were stopped: 0.0062215 seconds, Stopping threads took: 0.0038787 seconds
[2019-10-14T08:03:17.523+0000][1][safepoint    ] Application time: 1.0004848 seconds
[2019-10-14T08:03:17.524+0000][1][safepoint    ] Entering safepoint region: Cleanup
[2019-10-14T08:03:17.525+0000][1][safepoint    ] Leaving safepoint region
[2019-10-14T08:03:17.525+0000][1][safepoint    ] Total time for which application threads were stopped: 0.0011097 seconds, Stopping threads took: 0.0005150 seconds
[2019-10-14T08:03:18.528+0000][1][safepoint    ] Application time: 1.0025674 seconds
[2019-10-14T08:03:18.529+0000][1][safepoint    ] Entering safepoint region: Cleanup
[2019-10-14T08:03:18.530+0000][1][safepoint    ] Leaving safepoint region
[2019-10-14T08:03:18.531+0000][1][safepoint    ] Total time for which application threads were stopped: 0.0015341 seconds, Stopping threads took: 0.0007478 seconds
[2019-10-14T08:03:19.532+0000][1][safepoint    ] Application time: 1.0001678 seconds
[2019-10-14T08:03:19.533+0000][1][safepoint    ] Entering safepoint region: Cleanup
[2019-10-14T08:03:19.535+0000][1][safepoint    ] Leaving safepoint region
[2019-10-14T08:03:19.536+0000][1][safepoint    ] Total time for which application threads were stopped: 0.0035134 seconds, Stopping threads took: 0.0012559 seconds
[2019-10-14T08:03:20.541+0000][1][safepoint    ] Application time: 1.0032527 seconds
[2019-10-14T08:03:20.542+0000][1][safepoint    ] Entering safepoint region: Cleanup
[2019-10-14T08:03:20.543+0000][1][safepoint    ] Leaving safepoint region
[2019-10-14T08:03:20.544+0000][1][safepoint    ] Total time for which application threads were stopped: 0.0017972 seconds, Stopping threads took: 0.0011003 seconds
[2019-10-14T08:03:21.544+0000][1][safepoint    ] Application time: 1.0003098 seconds
[2019-10-14T08:03:21.545+0000][1][safepoint    ] Entering safepoint region: Cleanup
[2019-10-14T08:03:21.546+0000][1][safepoint    ] Leaving safepoint region
[2019-10-14T08:03:21.547+0000][1][safepoint    ] Total time for which application threads were stopped: 0.0016117 seconds, Stopping threads took: 0.0006777 seconds
[2019-10-14T08:03:22.548+0000][1][safepoint    ] Application time: 1.0002089 seconds
[2019-10-14T08:03:22.548+0000][1][safepoint    ] Entering safepoint region: Cleanup
[2019-10-14T08:03:22.549+0000][1][safepoint    ] Leaving safepoint region
[2019-10-14T08:03:22.549+0000][1][safepoint    ] Total time for which application threads were stopped: 0.0007899 seconds, Stopping threads took: 0.0004229 seconds
[2019-10-14T08:03:23.550+0000][1][safepoint    ] Application time: 1.0002092 seconds
[2019-10-14T08:03:23.550+0000][1][safepoint    ] Entering safepoint region: Cleanup
[2019-10-14T08:03:23.551+0000][1][safepoint    ] Leaving safepoint region
[2019-10-14T08:03:23.553+0000][1][safepoint    ] Total time for which application threads were stopped: 0.0026990 seconds, Stopping threads took: 0.0003878 seconds
[2019-10-14T08:03:24.555+0000][1][safepoint    ] Application time: 1.0010151 seconds
[2019-10-14T08:03:24.556+0000][1][safepoint    ] Entering safepoint region: Cleanup
[2019-10-14T08:03:24.557+0000][1][safepoint    ] Leaving safepoint region
[2019-10-14T08:03:24.557+0000][1][safepoint    ] Total time for which application threads were stopped: 0.0013618 seconds, Stopping threads took: 0.0007471 seconds
[2019-10-14T08:03:25.559+0000][1][safepoint    ] Application time: 1.0004836 seconds
[2019-10-14T08:03:25.559+0000][1][safepoint    ] Entering safepoint region: Cleanup
[2019-10-14T08:03:25.560+0000][1][safepoint    ] Leaving safepoint region
[2019-10-14T08:03:25.560+0000][1][safepoint    ] Total time for which application threads were stopped: 0.0009761 seconds, Stopping threads took: 0.0004071 seconds
[2019-10-14T08:03:26.563+0000][1][safepoint    ] Application time: 1.0027157 seconds
[2019-10-14T08:03:26.564+0000][1][safepoint    ] Entering safepoint region: Cleanup
[2019-10-14T08:03:26.565+0000][1][safepoint    ] Leaving safepoint region
[2019-10-14T08:03:26.566+0000][1][safepoint    ] Total time for which application threads were stopped: 0.0016464 seconds, Stopping threads took: 0.0007166 seconds
[2019-10-14T08:03:27.567+0000][1][safepoint    ] Application time: 1.0003548 seconds
[2019-10-14T08:03:27.568+0000][1][safepoint    ] Entering safepoint region: Cleanup
[2019-10-14T08:03:27.569+0000][1][safepoint    ] Leaving safepoint region
[2019-10-14T08:03:27.570+0000][1][safepoint    ] Total time for which application threads were stopped: 0.0018218 seconds, Stopping threads took: 0.0013212 seconds
[2019-10-14T08:03:28.573+0000][1][safepoint    ] Application time: 1.0032713 seconds
[2019-10-14T08:03:28.576+0000][1][safepoint    ] Entering safepoint region: Cleanup
[2019-10-14T08:03:28.576+0000][1][safepoint    ] Leaving safepoint region
[2019-10-14T08:03:28.577+0000][1][safepoint    ] Total time for which application threads were stopped: 0.0010855 seconds, Stopping threads took: 0.0006424 seconds
[2019-10-14T08:03:29.577+0000][1][safepoint    ] Application time: 1.0002796 seconds
[2019-10-14T08:03:29.578+0000][1][safepoint    ] Entering safepoint region: Cleanup
[2019-10-14T08:03:29.578+0000][1][safepoint    ] Leaving safepoint region
[2019-10-14T08:03:29.579+0000][1][safepoint    ] Total time for which application threads were stopped: 0.0007508 seconds, Stopping threads took: 0.0003365 seconds
[2019-10-14T08:03:30.580+0000][1][safepoint    ] Application time: 1.0010709 seconds
[2019-10-14T08:03:30.581+0000][1][safepoint    ] Entering safepoint region: Cleanup
[2019-10-14T08:03:30.582+0000][1][safepoint    ] Leaving safepoint region
[2019-10-14T08:03:30.583+0000][1][safepoint    ] Total time for which application threads were stopped: 0.0016746 seconds, Stopping threads took: 0.0008207 seconds
[2019-10-14T08:03:31.584+0000][1][safepoint    ] Application time: 1.0007235 seconds
[2019-10-14T08:03:31.585+0000][1][safepoint    ] Entering safepoint region: Cleanup
[2019-10-14T08:03:31.586+0000][1][safepoint    ] Leaving safepoint region
[2019-10-14T08:03:31.586+0000][1][safepoint    ] Total time for which application threads were stopped: 0.0012479 seconds, Stopping threads took: 0.0005629 seconds
[2019-10-14T08:03:32.592+0000][1][safepoint    ] Application time: 1.0051282 seconds
[2019-10-14T08:03:32.594+0000][1][safepoint    ] Entering safepoint region: Cleanup
[2019-10-14T08:03:32.595+0000][1][safepoint    ] Leaving safepoint region
[2019-10-14T08:03:32.596+0000][1][safepoint    ] Total time for which application threads were stopped: 0.0015992 seconds, Stopping threads took: 0.0010620 seconds
[2019-10-14T08:03:33.576+0000][1][safepoint    ] Application time: 1.0011511 seconds
[2019-10-14T08:03:33.577+0000][1][safepoint    ] Entering safepoint region: Cleanup
[2019-10-14T08:03:33.577+0000][1][safepoint    ] Leaving safepoint region
[2019-10-14T08:03:33.578+0000][1][safepoint    ] Total time for which application threads were stopped: 0.0011199 seconds, Stopping threads took: 0.0005305 seconds
[2019-10-14T08:03:34.579+0000][1][safepoint    ] Application time: 1.0009712 seconds
[2019-10-14T08:03:34.580+0000][1][safepoint    ] Entering safepoint region: Cleanup
[2019-10-14T08:03:34.580+0000][1][safepoint    ] Leaving safepoint region
[2019-10-14T08:03:34.581+0000][1][safepoint    ] Total time for which application threads were stopped: 0.0011012 seconds, Stopping threads took: 0.0006081 seconds
[2019-10-14T08:03:35.583+0000][1][safepoint    ] Application time: 1.0019293 seconds
[2019-10-14T08:03:35.584+0000][1][safepoint    ] Entering safepoint region: Cleanup
[2019-10-14T08:03:35.585+0000][1][safepoint    ] Leaving safepoint region
[2019-10-14T08:03:35.585+0000][1][safepoint    ] Total time for which application threads were stopped: 0.0010567 seconds, Stopping threads took: 0.0005338 seconds
[2019-10-14T08:03:36.586+0000][1][safepoint    ] Application time: 1.0007494 seconds
[2019-10-14T08:03:36.587+0000][1][safepoint    ] Entering safepoint region: Cleanup
[2019-10-14T08:03:36.588+0000][1][safepoint    ] Leaving safepoint region
[2019-10-14T08:03:36.588+0000][1][safepoint    ] Total time for which application threads were stopped: 0.0011469 seconds, Stopping threads took: 0.0006075 seconds
[2019-10-14T08:03:37.589+0000][1][safepoint    ] Application time: 1.0005189 seconds
[2019-10-14T08:03:37.592+0000][1][safepoint    ] Entering safepoint region: Cleanup
[2019-10-14T08:03:37.606+0000][1][safepoint    ] Leaving safepoint region
[2019-10-14T08:03:37.607+0000][1][safepoint    ] Total time for which application threads were stopped: 0.0145644 seconds, Stopping threads took: 0.0135303 seconds
[2019-10-14T08:03:38.609+0000][1][safepoint    ] Application time: 1.0008595 seconds
[2019-10-14T08:03:38.609+0000][1][safepoint    ] Entering safepoint region: Cleanup
[2019-10-14T08:03:38.610+0000][1][safepoint    ] Leaving safepoint region
[2019-10-14T08:03:38.610+0000][1][safepoint    ] Total time for which application threads were stopped: 0.0009171 seconds, Stopping threads took: 0.0003954 seconds
[2019-10-14T08:03:39.611+0000][1][safepoint    ] Application time: 1.0005149 seconds
[2019-10-14T08:03:39.612+0000][1][safepoint    ] Entering safepoint region: Cleanup
[2019-10-14T08:03:39.614+0000][1][safepoint    ] Leaving safepoint region
[2019-10-14T08:03:39.614+0000][1][safepoint    ] Total time for which application threads were stopped: 0.0024923 seconds, Stopping threads took: 0.0020140 seconds
[2019-10-14T08:03:40.616+0000][1][safepoint    ] Application time: 1.0013008 seconds
[2019-10-14T08:03:40.621+0000][1][safepoint    ] Entering safepoint region: Cleanup
[2019-10-14T08:03:40.624+0000][1][safepoint    ] Leaving safepoint region
[2019-10-14T08:03:40.624+0000][1][safepoint    ] Total time for which application threads were stopped: 0.0033563 seconds, Stopping threads took: 0.0026065 seconds
[2019-10-14T08:03:41.625+0000][1][safepoint    ] Application time: 1.0002764 seconds
[2019-10-14T08:03:41.627+0000][1][safepoint    ] Entering safepoint region: Cleanup
[2019-10-14T08:03:41.629+0000][1][safepoint    ] Leaving safepoint region
[2019-10-14T08:03:41.630+0000][1][safepoint    ] Total time for which application threads were stopped: 0.0027432 seconds, Stopping threads took: 0.0014811 seconds
[2019-10-14T08:03:42.631+0000][1][safepoint    ] Application time: 1.0004217 seconds
[2019-10-14T08:03:42.632+0000][1][safepoint    ] Entering safepoint region: Cleanup
[2019-10-14T08:03:42.632+0000][1][safepoint    ] Leaving safepoint region
[2019-10-14T08:03:42.633+0000][1][safepoint    ] Total time for which application threads were stopped: 0.0014525 seconds, Stopping threads took: 0.0005811 seconds
[2019-10-14T08:03:42.700+0000][1][safepoint    ] Application time: 0.0660477 seconds
[2019-10-14T08:03:42.700+0000][1][safepoint    ] Entering safepoint region: GenCollectForAllocation
[2019-10-14T08:03:42.702+0000][1][gc,start     ] GC(52) Pause Young (Allocation Failure)
[2019-10-14T08:03:42.703+0000][1][gc,task      ] GC(52) Using 2 workers of 2 for evacuation
[2019-10-14T08:03:42.708+0000][1][gc,age       ] GC(52) Desired survivor size 4456448 bytes, new threshold 6 (max threshold 6)
[2019-10-14T08:03:42.709+0000][1][gc,age       ] GC(52) Age table with threshold 6 (max threshold 6)
[2019-10-14T08:03:42.710+0000][1][gc,age       ] GC(52) - age   1:     886152 bytes,     886152 total
[2019-10-14T08:03:42.710+0000][1][gc,age       ] GC(52) - age   2:     590920 bytes,    1477072 total
[2019-10-14T08:03:42.711+0000][1][gc,age       ] GC(52) - age   3:     556432 bytes,    2033504 total
[2019-10-14T08:03:42.711+0000][1][gc,heap      ] GC(52) ParNew: 74399K->2808K(78656K)
[2019-10-14T08:03:42.712+0000][1][gc,heap      ] GC(52) CMS: 78829K->78829K(174784K)
[2019-10-14T08:03:42.713+0000][1][gc,metaspace ] GC(52) Metaspace: 83452K->83452K(1126400K)
[2019-10-14T08:03:42.713+0000][1][gc           ] GC(52) Pause Young (Allocation Failure) 149M->79M(247M) 11.339ms
[2019-10-14T08:03:42.713+0000][1][gc,cpu       ] GC(52) User=0.01s Sys=0.00s Real=0.01s
[2019-10-14T08:03:42.713+0000][1][safepoint    ] Leaving safepoint region
[2019-10-14T08:03:42.714+0000][1][safepoint    ] Total time for which application threads were stopped: 0.0131807 seconds, Stopping threads took: 0.0008191 seconds
[2019-10-14T08:03:43.714+0000][1][safepoint    ] Application time: 1.0004017 seconds
[2019-10-14T08:03:43.715+0000][1][safepoint    ] Entering safepoint region: Cleanup
[2019-10-14T08:03:43.715+0000][1][safepoint    ] Leaving safepoint region
[2019-10-14T08:03:43.715+0000][1][safepoint    ] Total time for which application threads were stopped: 0.0007389 seconds, Stopping threads took: 0.0003141 seconds
[2019-10-14T08:03:44.716+0000][1][safepoint    ] Application time: 1.0005090 seconds
[2019-10-14T08:03:44.717+0000][1][safepoint    ] Entering safepoint region: Cleanup
[2019-10-14T08:03:44.718+0000][1][safepoint    ] Leaving safepoint region
[2019-10-14T08:03:44.718+0000][1][safepoint    ] Total time for which application threads were stopped: 0.0010274 seconds, Stopping threads took: 0.0005568 seconds
[2019-10-14T08:03:45.719+0000][1][safepoint    ] Application time: 1.0007619 seconds
[2019-10-14T08:03:45.720+0000][1][safepoint    ] Entering safepoint region: Cleanup
[2019-10-14T08:03:45.721+0000][1][safepoint    ] Leaving safepoint region
[2019-10-14T08:03:45.721+0000][1][safepoint    ] Total time for which application threads were stopped: 0.0011210 seconds, Stopping threads took: 0.0004924 seconds
[2019-10-14T08:03:46.723+0000][1][safepoint    ] Application time: 1.0006167 seconds
[2019-10-14T08:03:46.724+0000][1][safepoint    ] Entering safepoint region: Cleanup
[2019-10-14T08:03:46.725+0000][1][safepoint    ] Leaving safepoint region
[2019-10-14T08:03:46.726+0000][1][safepoint    ] Total time for which application threads were stopped: 0.0013434 seconds, Stopping threads took: 0.0006582 seconds
[2019-10-14T08:03:47.727+0000][1][safepoint    ] Application time: 1.0012785 seconds
[2019-10-14T08:03:47.733+0000][1][safepoint    ] Entering safepoint region: Cleanup
[2019-10-14T08:03:47.735+0000][1][safepoint    ] Leaving safepoint region
[2019-10-14T08:03:47.737+0000][1][safepoint    ] Total time for which application threads were stopped: 0.0039359 seconds, Stopping threads took: 0.0022758 seconds
[2019-10-14T08:03:48.737+0000][1][safepoint    ] Application time: 1.0001467 seconds
[2019-10-14T08:03:48.738+0000][1][safepoint    ] Entering safepoint region: Cleanup
[2019-10-14T08:03:48.741+0000][1][safepoint    ] Leaving safepoint region
[2019-10-14T08:03:48.742+0000][1][safepoint    ] Total time for which application threads were stopped: 0.0037469 seconds, Stopping threads took: 0.0026364 seconds
[2019-10-14T08:03:49.755+0000][1][safepoint    ] Application time: 1.0129719 seconds
[2019-10-14T08:03:49.759+0000][1][safepoint    ] Entering safepoint region: Cleanup
[2019-10-14T08:03:49.762+0000][1][safepoint    ] Leaving safepoint region
[2019-10-14T08:03:49.762+0000][1][safepoint    ] Total time for which application threads were stopped: 0.0031379 seconds, Stopping threads took: 0.0023198 seconds
[2019-10-14T08:03:50.764+0000][1][safepoint    ] Application time: 1.0011589 seconds
[2019-10-14T08:03:50.765+0000][1][safepoint    ] Entering safepoint region: Cleanup
[2019-10-14T08:03:50.765+0000][1][safepoint    ] Leaving safepoint region
[2019-10-14T08:03:50.765+0000][1][safepoint    ] Total time for which application threads were stopped: 0.0008020 seconds, Stopping threads took: 0.0003690 seconds
[2019-10-14T08:03:51.767+0000][1][safepoint    ] Application time: 1.0004926 seconds
[2019-10-14T08:03:51.769+0000][1][safepoint    ] Entering safepoint region: Cleanup
[2019-10-14T08:03:51.772+0000][1][safepoint    ] Leaving safepoint region
[2019-10-14T08:03:51.773+0000][1][safepoint    ] Total time for which application threads were stopped: 0.0033227 seconds, Stopping threads took: 0.0026166 seconds
[2019-10-14T08:03:52.431+0000][1][safepoint    ] Application time: 0.6581143 seconds
[2019-10-14T08:03:52.440+0000][1][safepoint    ] Entering safepoint region: RevokeBias
[2019-10-14T08:03:52.442+0000][1][safepoint    ] Leaving safepoint region
[2019-10-14T08:03:52.444+0000][1][safepoint    ] Total time for which application threads were stopped: 0.0059698 seconds, Stopping threads took: 0.0036220 seconds
[2019-10-14T08:03:52.448+0000][1][safepoint    ] Application time: 0.0029614 seconds
[2019-10-14T08:03:52.451+0000][1][safepoint    ] Entering safepoint region: RevokeBias
[2019-10-14T08:03:52.452+0000][1][safepoint    ] Leaving safepoint region
[2019-10-14T08:03:52.453+0000][1][safepoint    ] Total time for which application threads were stopped: 0.0019162 seconds, Stopping threads took: 0.0007473 seconds
[2019-10-14T08:03:53.455+0000][1][safepoint    ] Application time: 1.0017150 seconds
[2019-10-14T08:03:53.458+0000][1][safepoint    ] Entering safepoint region: Cleanup
[2019-10-14T08:03:53.459+0000][1][safepoint    ] Leaving safepoint region
[2019-10-14T08:03:53.460+0000][1][safepoint    ] Total time for which application threads were stopped: 0.0021122 seconds, Stopping threads took: 0.0011671 seconds
[2019-10-14T08:03:54.462+0000][1][safepoint    ] Application time: 1.0014225 seconds
[2019-10-14T08:03:54.463+0000][1][safepoint    ] Entering safepoint region: Cleanup
[2019-10-14T08:03:54.463+0000][1][safepoint    ] Leaving safepoint region
[2019-10-14T08:03:54.463+0000][1][safepoint    ] Total time for which application threads were stopped: 0.0007676 seconds, Stopping threads took: 0.0004319 seconds
[2019-10-14T08:03:55.465+0000][1][safepoint    ] Application time: 1.0010387 seconds
[2019-10-14T08:03:55.466+0000][1][safepoint    ] Entering safepoint region: Cleanup
[2019-10-14T08:03:55.466+0000][1][safepoint    ] Leaving safepoint region
[2019-10-14T08:03:55.466+0000][1][safepoint    ] Total time for which application threads were stopped: 0.0008035 seconds, Stopping threads took: 0.0003521 seconds
[2019-10-14T08:03:56.467+0000][1][safepoint    ] Application time: 1.0004086 seconds
[2019-10-14T08:03:56.468+0000][1][safepoint    ] Entering safepoint region: Cleanup
[2019-10-14T08:03:56.469+0000][1][safepoint    ] Leaving safepoint region
[2019-10-14T08:03:56.470+0000][1][safepoint    ] Total time for which application threads were stopped: 0.0016490 seconds, Stopping threads took: 0.0004258 seconds
[2019-10-14T08:03:57.470+0000][1][safepoint    ] Application time: 1.0002591 seconds
[2019-10-14T08:03:57.471+0000][1][safepoint    ] Entering safepoint region: Cleanup
[2019-10-14T08:03:57.472+0000][1][safepoint    ] Leaving safepoint region
[2019-10-14T08:03:57.472+0000][1][safepoint    ] Total time for which application threads were stopped: 0.0014480 seconds, Stopping threads took: 0.0007552 seconds
[2019-10-14T08:03:58.473+0000][1][safepoint    ] Application time: 1.0005937 seconds
[2019-10-14T08:03:58.474+0000][1][safepoint    ] Entering safepoint region: Cleanup
[2019-10-14T08:03:58.474+0000][1][safepoint    ] Leaving safepoint region
[2019-10-14T08:03:58.475+0000][1][safepoint    ] Total time for which application threads were stopped: 0.0009889 seconds, Stopping threads took: 0.0005327 seconds
[2019-10-14T08:03:59.476+0000][1][safepoint    ] Application time: 1.0004536 seconds
[2019-10-14T08:03:59.477+0000][1][safepoint    ] Entering safepoint region: Cleanup
[2019-10-14T08:03:59.478+0000][1][safepoint    ] Leaving safepoint region
[2019-10-14T08:03:59.478+0000][1][safepoint    ] Total time for which application threads were stopped: 0.0009861 seconds, Stopping threads took: 0.0004684 seconds
[2019-10-14T08:04:00.479+0000][1][safepoint    ] Application time: 1.0006967 seconds
[2019-10-14T08:04:00.488+0000][1][safepoint    ] Entering safepoint region: Cleanup
[2019-10-14T08:04:00.491+0000][1][safepoint    ] Leaving safepoint region
[2019-10-14T08:04:00.493+0000][1][safepoint    ] Total time for which application threads were stopped: 0.0049032 seconds, Stopping threads took: 0.0033573 seconds
[2019-10-14T08:04:00.542+0000][1][safepoint    ] Application time: 0.0490223 seconds
[2019-10-14T08:04:00.548+0000][1][safepoint    ] Entering safepoint region: RevokeBias
[2019-10-14T08:04:00.549+0000][1][safepoint    ] Leaving safepoint region
[2019-10-14T08:04:00.549+0000][1][safepoint    ] Total time for which application threads were stopped: 0.0016690 seconds, Stopping threads took: 0.0007919 seconds
[2019-10-14T08:04:01.550+0000][1][safepoint    ] Application time: 1.0009778 seconds
[2019-10-14T08:04:01.551+0000][1][safepoint    ] Entering safepoint region: Cleanup
[2019-10-14T08:04:01.552+0000][1][safepoint    ] Leaving safepoint region
[2019-10-14T08:04:01.552+0000][1][safepoint    ] Total time for which application threads were stopped: 0.0011288 seconds, Stopping threads took: 0.0006470 seconds
[2019-10-14T08:04:02.555+0000][1][safepoint    ] Application time: 1.0017131 seconds
[2019-10-14T08:04:02.555+0000][1][safepoint    ] Entering safepoint region: Cleanup
[2019-10-14T08:04:02.556+0000][1][safepoint    ] Leaving safepoint region
[2019-10-14T08:04:02.557+0000][1][safepoint    ] Total time for which application threads were stopped: 0.0013946 seconds, Stopping threads took: 0.0005871 seconds
[2019-10-14T08:04:03.540+0000][1][safepoint    ] Application time: 1.0039021 seconds
[2019-10-14T08:04:03.541+0000][1][safepoint    ] Entering safepoint region: Cleanup
[2019-10-14T08:04:03.542+0000][1][safepoint    ] Leaving safepoint region
[2019-10-14T08:04:03.542+0000][1][safepoint    ] Total time for which application threads were stopped: 0.0015274 seconds, Stopping threads took: 0.0007588 seconds
[2019-10-14T08:04:04.543+0000][1][safepoint    ] Application time: 1.0004917 seconds
[2019-10-14T08:04:04.544+0000][1][safepoint    ] Entering safepoint region: Cleanup
[2019-10-14T08:04:04.545+0000][1][safepoint    ] Leaving safepoint region
[2019-10-14T08:04:04.545+0000][1][safepoint    ] Total time for which application threads were stopped: 0.0011282 seconds, Stopping threads took: 0.0005677 seconds
[2019-10-14T08:04:05.548+0000][1][safepoint    ] Application time: 1.0028255 seconds
[2019-10-14T08:04:05.549+0000][1][safepoint    ] Entering safepoint region: Cleanup
[2019-10-14T08:04:05.550+0000][1][safepoint    ] Leaving safepoint region
[2019-10-14T08:04:05.551+0000][1][safepoint    ] Total time for which application threads were stopped: 0.0013836 seconds, Stopping threads took: 0.0006046 seconds
[2019-10-14T08:04:06.552+0000][1][safepoint    ] Application time: 1.0006063 seconds
[2019-10-14T08:04:06.553+0000][1][safepoint    ] Entering safepoint region: Cleanup
[2019-10-14T08:04:06.554+0000][1][safepoint    ] Leaving safepoint region
[2019-10-14T08:04:06.554+0000][1][safepoint    ] Total time for which application threads were stopped: 0.0014784 seconds, Stopping threads took: 0.0008285 seconds
[2019-10-14T08:04:07.555+0000][1][safepoint    ] Application time: 1.0006327 seconds
[2019-10-14T08:04:07.556+0000][1][safepoint    ] Entering safepoint region: Cleanup
[2019-10-14T08:04:07.558+0000][1][safepoint    ] Leaving safepoint region
[2019-10-14T08:04:07.559+0000][1][safepoint    ] Total time for which application threads were stopped: 0.0023955 seconds, Stopping threads took: 0.0009943 seconds
[2019-10-14T08:04:08.561+0000][1][safepoint    ] Application time: 1.0013639 seconds
[2019-10-14T08:04:08.563+0000][1][safepoint    ] Entering safepoint region: Cleanup
[2019-10-14T08:04:08.563+0000][1][safepoint    ] Leaving safepoint region
[2019-10-14T08:04:08.564+0000][1][safepoint    ] Total time for which application threads were stopped: 0.0011689 seconds, Stopping threads took: 0.0007847 seconds
[2019-10-14T08:04:09.564+0000][1][safepoint    ] Application time: 1.0002397 seconds
[2019-10-14T08:04:09.565+0000][1][safepoint    ] Entering safepoint region: Cleanup
[2019-10-14T08:04:09.565+0000][1][safepoint    ] Leaving safepoint region
[2019-10-14T08:04:09.566+0000][1][safepoint    ] Total time for which application threads were stopped: 0.0010021 seconds, Stopping threads took: 0.0004070 seconds
[2019-10-14T08:04:10.567+0000][1][safepoint    ] Application time: 1.0010804 seconds
[2019-10-14T08:04:10.568+0000][1][safepoint    ] Entering safepoint region: Cleanup
[2019-10-14T08:04:10.568+0000][1][safepoint    ] Leaving safepoint region
[2019-10-14T08:04:10.569+0000][1][safepoint    ] Total time for which application threads were stopped: 0.0010963 seconds, Stopping threads took: 0.0003798 seconds
[2019-10-14T08:04:11.434+0000][1][safepoint    ] Application time: 0.8644210 seconds
[2019-10-14T08:04:11.435+0000][1][safepoint    ] Entering safepoint region: RevokeBias
[2019-10-14T08:04:11.435+0000][1][safepoint    ] Leaving safepoint region
[2019-10-14T08:04:11.436+0000][1][safepoint    ] Total time for which application threads were stopped: 0.0014464 seconds, Stopping threads took: 0.0006151 seconds
[2019-10-14T08:04:12.437+0000][1][safepoint    ] Application time: 1.0009275 seconds
[2019-10-14T08:04:12.439+0000][1][safepoint    ] Entering safepoint region: Cleanup
[2019-10-14T08:04:12.440+0000][1][safepoint    ] Leaving safepoint region
[2019-10-14T08:04:12.441+0000][1][safepoint    ] Total time for which application threads were stopped: 0.0016139 seconds, Stopping threads took: 0.0008796 seconds
[2019-10-14T08:04:13.442+0000][1][safepoint    ] Application time: 1.0007102 seconds
[2019-10-14T08:04:13.443+0000][1][safepoint    ] Entering safepoint region: Cleanup
[2019-10-14T08:04:13.444+0000][1][safepoint    ] Leaving safepoint region
[2019-10-14T08:04:13.444+0000][1][safepoint    ] Total time for which application threads were stopped: 0.0012163 seconds, Stopping threads took: 0.0006589 seconds
[2019-10-14T08:04:14.446+0000][1][safepoint    ] Application time: 1.0011365 seconds
[2019-10-14T08:04:14.447+0000][1][safepoint    ] Entering safepoint region: Cleanup
[2019-10-14T08:04:14.448+0000][1][safepoint    ] Leaving safepoint region
[2019-10-14T08:04:14.448+0000][1][safepoint    ] Total time for which application threads were stopped: 0.0016592 seconds, Stopping threads took: 0.0007725 seconds
[2019-10-14T08:04:15.450+0000][1][safepoint    ] Application time: 1.0009205 seconds
[2019-10-14T08:04:15.454+0000][1][safepoint    ] Entering safepoint region: Cleanup
[2019-10-14T08:04:15.456+0000][1][safepoint    ] Leaving safepoint region
[2019-10-14T08:04:15.457+0000][1][safepoint    ] Total time for which application threads were stopped: 0.0030936 seconds, Stopping threads took: 0.0016811 seconds
[2019-10-14T08:04:16.458+0000][1][safepoint    ] Application time: 1.0002435 seconds
[2019-10-14T08:04:16.459+0000][1][safepoint    ] Entering safepoint region: Cleanup
[2019-10-14T08:04:16.460+0000][1][safepoint    ] Leaving safepoint region
[2019-10-14T08:04:16.462+0000][1][safepoint    ] Total time for which application threads were stopped: 0.0035541 seconds, Stopping threads took: 0.0012413 seconds
[2019-10-14T08:04:17.463+0000][1][safepoint    ] Application time: 1.0004088 seconds
[2019-10-14T08:04:17.464+0000][1][safepoint    ] Entering safepoint region: Cleanup
[2019-10-14T08:04:17.464+0000][1][safepoint    ] Leaving safepoint region
[2019-10-14T08:04:17.464+0000][1][safepoint    ] Total time for which application threads were stopped: 0.0008781 seconds, Stopping threads took: 0.0004212 seconds
[2019-10-14T08:04:18.465+0000][1][safepoint    ] Application time: 1.0002419 seconds
[2019-10-14T08:04:18.466+0000][1][safepoint    ] Entering safepoint region: Cleanup
[2019-10-14T08:04:18.466+0000][1][safepoint    ] Leaving safepoint region
[2019-10-14T08:04:18.467+0000][1][safepoint    ] Total time for which application threads were stopped: 0.0009181 seconds, Stopping threads took: 0.0004660 seconds
[2019-10-14T08:04:19.468+0000][1][safepoint    ] Application time: 1.0005857 seconds
[2019-10-14T08:04:19.468+0000][1][safepoint    ] Entering safepoint region: Cleanup
[2019-10-14T08:04:19.469+0000][1][safepoint    ] Leaving safepoint region
[2019-10-14T08:04:19.470+0000][1][safepoint    ] Total time for which application threads were stopped: 0.0016374 seconds, Stopping threads took: 0.0006421 seconds
[2019-10-14T08:04:20.480+0000][1][safepoint    ] Application time: 1.0015907 seconds
[2019-10-14T08:04:20.481+0000][1][safepoint    ] Entering safepoint region: Cleanup
[2019-10-14T08:04:20.482+0000][1][safepoint    ] Leaving safepoint region
[2019-10-14T08:04:20.482+0000][1][safepoint    ] Total time for which application threads were stopped: 0.0010399 seconds, Stopping threads took: 0.0005083 seconds
[2019-10-14T08:04:21.487+0000][1][safepoint    ] Application time: 1.0044156 seconds
[2019-10-14T08:04:21.494+0000][1][safepoint    ] Entering safepoint region: Cleanup
[2019-10-14T08:04:21.495+0000][1][safepoint    ] Leaving safepoint region
[2019-10-14T08:04:21.496+0000][1][safepoint    ] Total time for which application threads were stopped: 0.0026954 seconds, Stopping threads took: 0.0016849 seconds
[2019-10-14T08:04:22.499+0000][1][safepoint    ] Application time: 1.0018906 seconds
[2019-10-14T08:04:22.500+0000][1][safepoint    ] Entering safepoint region: Cleanup
[2019-10-14T08:04:22.501+0000][1][safepoint    ] Leaving safepoint region
[2019-10-14T08:04:22.501+0000][1][safepoint    ] Total time for which application threads were stopped: 0.0019219 seconds, Stopping threads took: 0.0013102 seconds
[2019-10-14T08:04:23.504+0000][1][safepoint    ] Application time: 1.0021166 seconds
[2019-10-14T08:04:23.505+0000][1][safepoint    ] Entering safepoint region: Cleanup
[2019-10-14T08:04:23.505+0000][1][safepoint    ] Leaving safepoint region
[2019-10-14T08:04:23.506+0000][1][safepoint    ] Total time for which application threads were stopped: 0.0011157 seconds, Stopping threads took: 0.0004633 seconds
[2019-10-14T08:04:24.506+0000][1][safepoint    ] Application time: 1.0003562 seconds
[2019-10-14T08:04:24.507+0000][1][safepoint    ] Entering safepoint region: Cleanup
[2019-10-14T08:04:24.508+0000][1][safepoint    ] Leaving safepoint region
[2019-10-14T08:04:24.508+0000][1][safepoint    ] Total time for which application threads were stopped: 0.0009904 seconds, Stopping threads took: 0.0005849 seconds
[2019-10-14T08:04:25.513+0000][1][safepoint    ] Application time: 1.0038983 seconds
[2019-10-14T08:04:25.513+0000][1][safepoint    ] Entering safepoint region: Cleanup
[2019-10-14T08:04:25.514+0000][1][safepoint    ] Leaving safepoint region
[2019-10-14T08:04:25.515+0000][1][safepoint    ] Total time for which application threads were stopped: 0.0020056 seconds, Stopping threads took: 0.0005127 seconds
[2019-10-14T08:04:26.517+0000][1][safepoint    ] Application time: 1.0011246 seconds
[2019-10-14T08:04:26.518+0000][1][safepoint    ] Entering safepoint region: Cleanup
[2019-10-14T08:04:26.518+0000][1][safepoint    ] Leaving safepoint region
[2019-10-14T08:04:26.519+0000][1][safepoint    ] Total time for which application threads were stopped: 0.0010516 seconds, Stopping threads took: 0.0004503 seconds
[2019-10-14T08:04:27.025+0000][1][safepoint    ] Application time: 0.5049266 seconds
[2019-10-14T08:04:27.026+0000][1][safepoint    ] Entering safepoint region: RevokeBias
[2019-10-14T08:04:27.026+0000][1][safepoint    ] Leaving safepoint region
[2019-10-14T08:04:27.027+0000][1][safepoint    ] Total time for which application threads were stopped: 0.0012851 seconds, Stopping threads took: 0.0005716 seconds
[2019-10-14T08:04:28.028+0000][1][safepoint    ] Application time: 1.0003282 seconds
[2019-10-14T08:04:28.028+0000][1][safepoint    ] Entering safepoint region: Cleanup
[2019-10-14T08:04:28.029+0000][1][safepoint    ] Leaving safepoint region
[2019-10-14T08:04:28.029+0000][1][safepoint    ] Total time for which application threads were stopped: 0.0010873 seconds, Stopping threads took: 0.0005252 seconds
[2019-10-14T08:04:29.031+0000][1][safepoint    ] Application time: 1.0018369 seconds
[2019-10-14T08:04:29.032+0000][1][safepoint    ] Entering safepoint region: Cleanup
[2019-10-14T08:04:29.034+0000][1][safepoint    ] Leaving safepoint region
[2019-10-14T08:04:29.035+0000][1][safepoint    ] Total time for which application threads were stopped: 0.0028896 seconds, Stopping threads took: 0.0014157 seconds
[2019-10-14T08:04:29.601+0000][1][safepoint    ] Application time: 0.5650743 seconds
[2019-10-14T08:04:29.602+0000][1][safepoint    ] Entering safepoint region: RevokeBias
[2019-10-14T08:04:29.602+0000][1][safepoint    ] Leaving safepoint region
[2019-10-14T08:04:29.603+0000][1][safepoint    ] Total time for which application threads were stopped: 0.0012938 seconds, Stopping threads took: 0.0005099 seconds
[2019-10-14T08:04:29.681+0000][1][safepoint    ] Application time: 0.0772999 seconds
[2019-10-14T08:04:29.682+0000][1][safepoint    ] Entering safepoint region: RevokeBias
[2019-10-14T08:04:29.683+0000][1][safepoint    ] Leaving safepoint region
[2019-10-14T08:04:29.684+0000][1][safepoint    ] Total time for which application threads were stopped: 0.0015703 seconds, Stopping threads took: 0.0005338 seconds
[2019-10-14T08:04:29.695+0000][1][safepoint    ] Application time: 0.0098529 seconds
[2019-10-14T08:04:29.699+0000][1][safepoint    ] Entering safepoint region: RevokeBias
[2019-10-14T08:04:29.699+0000][1][safepoint    ] Leaving safepoint region
[2019-10-14T08:04:29.700+0000][1][safepoint    ] Total time for which application threads were stopped: 0.0046737 seconds, Stopping threads took: 0.0039763 seconds
[2019-10-14T08:04:30.703+0000][1][safepoint    ] Application time: 1.0025047 seconds
[2019-10-14T08:04:30.704+0000][1][safepoint    ] Entering safepoint region: Cleanup
[2019-10-14T08:04:30.704+0000][1][safepoint    ] Leaving safepoint region
[2019-10-14T08:04:30.705+0000][1][safepoint    ] Total time for which application threads were stopped: 0.0013888 seconds, Stopping threads took: 0.0006459 seconds
[2019-10-14T08:04:31.706+0000][1][safepoint    ] Application time: 1.0006358 seconds
[2019-10-14T08:04:31.707+0000][1][safepoint    ] Entering safepoint region: Cleanup
[2019-10-14T08:04:31.708+0000][1][safepoint    ] Leaving safepoint region
[2019-10-14T08:04:31.708+0000][1][safepoint    ] Total time for which application threads were stopped: 0.0014539 seconds, Stopping threads took: 0.0008548 seconds
[2019-10-14T08:04:32.709+0000][1][safepoint    ] Application time: 1.0002590 seconds
[2019-10-14T08:04:32.710+0000][1][safepoint    ] Entering safepoint region: Cleanup
[2019-10-14T08:04:32.712+0000][1][safepoint    ] Leaving safepoint region
[2019-10-14T08:04:32.712+0000][1][safepoint    ] Total time for which application threads were stopped: 0.0016584 seconds, Stopping threads took: 0.0010916 seconds
[2019-10-14T08:04:33.694+0000][1][safepoint    ] Application time: 1.0028314 seconds
[2019-10-14T08:04:33.695+0000][1][safepoint    ] Entering safepoint region: Cleanup
[2019-10-14T08:04:33.695+0000][1][safepoint    ] Leaving safepoint region
[2019-10-14T08:04:33.696+0000][1][safepoint    ] Total time for which application threads were stopped: 0.0011903 seconds, Stopping threads took: 0.0005891 seconds
[2019-10-14T08:04:34.699+0000][1][safepoint    ] Application time: 1.0026439 seconds
[2019-10-14T08:04:34.700+0000][1][safepoint    ] Entering safepoint region: Cleanup
[2019-10-14T08:04:34.700+0000][1][safepoint    ] Leaving safepoint region
[2019-10-14T08:04:34.701+0000][1][safepoint    ] Total time for which application threads were stopped: 0.0014077 seconds, Stopping threads took: 0.0007501 seconds
[2019-10-14T08:04:35.703+0000][1][safepoint    ] Application time: 1.0012179 seconds
[2019-10-14T08:04:35.704+0000][1][safepoint    ] Entering safepoint region: Cleanup
[2019-10-14T08:04:35.704+0000][1][safepoint    ] Leaving safepoint region
[2019-10-14T08:04:35.707+0000][1][safepoint    ] Total time for which application threads were stopped: 0.0035597 seconds, Stopping threads took: 0.0005699 seconds
[2019-10-14T08:04:36.708+0000][1][safepoint    ] Application time: 1.0005569 seconds
[2019-10-14T08:04:36.709+0000][1][safepoint    ] Entering safepoint region: Cleanup
[2019-10-14T08:04:36.709+0000][1][safepoint    ] Leaving safepoint region
[2019-10-14T08:04:36.710+0000][1][safepoint    ] Total time for which application threads were stopped: 0.0008580 seconds, Stopping threads took: 0.0003871 seconds
[2019-10-14T08:04:37.710+0000][1][safepoint    ] Application time: 1.0002079 seconds
[2019-10-14T08:04:37.711+0000][1][safepoint    ] Entering safepoint region: Cleanup
[2019-10-14T08:04:37.712+0000][1][safepoint    ] Leaving safepoint region
[2019-10-14T08:04:37.712+0000][1][safepoint    ] Total time for which application threads were stopped: 0.0008502 seconds, Stopping threads took: 0.0004241 seconds
[2019-10-14T08:04:38.712+0000][1][safepoint    ] Application time: 1.0002907 seconds
[2019-10-14T08:04:38.715+0000][1][safepoint    ] Entering safepoint region: Cleanup
[2019-10-14T08:04:38.715+0000][1][safepoint    ] Leaving safepoint region
[2019-10-14T08:04:38.716+0000][1][safepoint    ] Total time for which application threads were stopped: 0.0012390 seconds, Stopping threads took: 0.0006710 seconds
[2019-10-14T08:04:39.717+0000][1][safepoint    ] Application time: 1.0003979 seconds
[2019-10-14T08:04:39.717+0000][1][safepoint    ] Entering safepoint region: Cleanup
[2019-10-14T08:04:39.718+0000][1][safepoint    ] Leaving safepoint region
[2019-10-14T08:04:39.720+0000][1][safepoint    ] Total time for which application threads were stopped: 0.0025246 seconds, Stopping threads took: 0.0008997 seconds
[2019-10-14T08:04:40.721+0000][1][safepoint    ] Application time: 1.0003779 seconds
[2019-10-14T08:04:40.722+0000][1][safepoint    ] Entering safepoint region: Cleanup
[2019-10-14T08:04:40.722+0000][1][safepoint    ] Leaving safepoint region
[2019-10-14T08:04:40.723+0000][1][safepoint    ] Total time for which application threads were stopped: 0.0010976 seconds, Stopping threads took: 0.0004789 seconds
[2019-10-14T08:04:41.724+0000][1][safepoint    ] Application time: 1.0002042 seconds
[2019-10-14T08:04:41.724+0000][1][safepoint    ] Entering safepoint region: Cleanup
[2019-10-14T08:04:41.725+0000][1][safepoint    ] Leaving safepoint region
[2019-10-14T08:04:41.725+0000][1][safepoint    ] Total time for which application threads were stopped: 0.0008403 seconds, Stopping threads took: 0.0003629 seconds
[2019-10-14T08:04:42.726+0000][1][safepoint    ] Application time: 1.0005377 seconds
[2019-10-14T08:04:42.726+0000][1][safepoint    ] Entering safepoint region: Cleanup
[2019-10-14T08:04:42.727+0000][1][safepoint    ] Leaving safepoint region
[2019-10-14T08:04:42.727+0000][1][safepoint    ] Total time for which application threads were stopped: 0.0007288 seconds, Stopping threads took: 0.0003136 seconds
[2019-10-14T08:04:43.728+0000][1][safepoint    ] Application time: 1.0003074 seconds
[2019-10-14T08:04:43.729+0000][1][safepoint    ] Entering safepoint region: Cleanup
[2019-10-14T08:04:43.730+0000][1][safepoint    ] Leaving safepoint region
[2019-10-14T08:04:43.730+0000][1][safepoint    ] Total time for which application threads were stopped: 0.0012606 seconds, Stopping threads took: 0.0008023 seconds
[2019-10-14T08:04:44.731+0000][1][safepoint    ] Application time: 1.0010331 seconds
[2019-10-14T08:04:44.732+0000][1][safepoint    ] Entering safepoint region: Cleanup
[2019-10-14T08:04:44.732+0000][1][safepoint    ] Leaving safepoint region
[2019-10-14T08:04:44.733+0000][1][safepoint    ] Total time for which application threads were stopped: 0.0007817 seconds, Stopping threads took: 0.0003592 seconds
[2019-10-14T08:04:45.733+0000][1][safepoint    ] Application time: 1.0002959 seconds
[2019-10-14T08:04:45.734+0000][1][safepoint    ] Entering safepoint region: Cleanup
[2019-10-14T08:04:45.735+0000][1][safepoint    ] Leaving safepoint region
[2019-10-14T08:04:45.736+0000][1][safepoint    ] Total time for which application threads were stopped: 0.0011245 seconds, Stopping threads took: 0.0005648 seconds
[2019-10-14T08:04:46.737+0000][1][safepoint    ] Application time: 1.0013297 seconds
[2019-10-14T08:04:46.743+0000][1][safepoint    ] Entering safepoint region: Cleanup
[2019-10-14T08:04:46.745+0000][1][safepoint    ] Leaving safepoint region
[2019-10-14T08:04:46.745+0000][1][safepoint    ] Total time for which application threads were stopped: 0.0027994 seconds, Stopping threads took: 0.0020647 seconds
[2019-10-14T08:04:47.747+0000][1][safepoint    ] Application time: 1.0013771 seconds
[2019-10-14T08:04:47.748+0000][1][safepoint    ] Entering safepoint region: Cleanup
[2019-10-14T08:04:47.748+0000][1][safepoint    ] Leaving safepoint region
[2019-10-14T08:04:47.749+0000][1][safepoint    ] Total time for which application threads were stopped: 0.0009954 seconds, Stopping threads took: 0.0004626 seconds
[2019-10-14T08:04:48.751+0000][1][safepoint    ] Application time: 1.0015243 seconds
[2019-10-14T08:04:48.754+0000][1][safepoint    ] Entering safepoint region: Cleanup
[2019-10-14T08:04:48.754+0000][1][safepoint    ] Leaving safepoint region
[2019-10-14T08:04:48.755+0000][1][safepoint    ] Total time for which application threads were stopped: 0.0010122 seconds, Stopping threads took: 0.0005442 seconds
[2019-10-14T08:04:49.760+0000][1][safepoint    ] Application time: 1.0032830 seconds
[2019-10-14T08:04:49.761+0000][1][safepoint    ] Entering safepoint region: Cleanup
[2019-10-14T08:04:49.762+0000][1][safepoint    ] Leaving safepoint region
[2019-10-14T08:04:49.762+0000][1][safepoint    ] Total time for which application threads were stopped: 0.0015940 seconds, Stopping threads took: 0.0008122 seconds
[2019-10-14T08:04:50.763+0000][1][safepoint    ] Application time: 1.0001180 seconds
[2019-10-14T08:04:50.763+0000][1][safepoint    ] Entering safepoint region: Cleanup
[2019-10-14T08:04:50.764+0000][1][safepoint    ] Leaving safepoint region
[2019-10-14T08:04:50.764+0000][1][safepoint    ] Total time for which application threads were stopped: 0.0009589 seconds, Stopping threads took: 0.0004052 seconds
[2019-10-14T08:04:50.820+0000][1][safepoint    ] Application time: 0.0557398 seconds
[2019-10-14T08:04:50.821+0000][1][safepoint    ] Entering safepoint region: GenCollectForAllocation
[2019-10-14T08:04:50.821+0000][1][gc,start     ] GC(53) Pause Young (Allocation Failure)
[2019-10-14T08:04:50.822+0000][1][gc,task      ] GC(53) Using 2 workers of 2 for evacuation
[2019-10-14T08:04:50.826+0000][1][gc,age       ] GC(53) Desired survivor size 4456448 bytes, new threshold 6 (max threshold 6)
[2019-10-14T08:04:50.826+0000][1][gc,age       ] GC(53) Age table with threshold 6 (max threshold 6)
[2019-10-14T08:04:50.826+0000][1][gc,age       ] GC(53) - age   1:     698016 bytes,     698016 total
[2019-10-14T08:04:50.827+0000][1][gc,age       ] GC(53) - age   2:     760664 bytes,    1458680 total
[2019-10-14T08:04:50.827+0000][1][gc,age       ] GC(53) - age   3:     590120 bytes,    2048800 total
[2019-10-14T08:04:50.828+0000][1][gc,age       ] GC(53) - age   4:     556432 bytes,    2605232 total
[2019-10-14T08:04:50.829+0000][1][gc,heap      ] GC(53) ParNew: 72760K->4382K(78656K)
[2019-10-14T08:04:50.829+0000][1][gc,heap      ] GC(53) CMS: 78829K->78829K(174784K)
[2019-10-14T08:04:50.829+0000][1][gc,metaspace ] GC(53) Metaspace: 83591K->83591K(1126400K)
[2019-10-14T08:04:50.830+0000][1][gc           ] GC(53) Pause Young (Allocation Failure) 148M->81M(247M) 8.543ms
[2019-10-14T08:04:50.830+0000][1][gc,cpu       ] GC(53) User=0.01s Sys=0.00s Real=0.00s
[2019-10-14T08:04:50.830+0000][1][safepoint    ] Leaving safepoint region
[2019-10-14T08:04:50.831+0000][1][safepoint    ] Total time for which application threads were stopped: 0.0099426 seconds, Stopping threads took: 0.0002998 seconds
[2019-10-14T08:04:51.832+0000][1][safepoint    ] Application time: 1.0004591 seconds
[2019-10-14T08:04:51.833+0000][1][safepoint    ] Entering safepoint region: Cleanup
[2019-10-14T08:04:51.833+0000][1][safepoint    ] Leaving safepoint region
[2019-10-14T08:04:51.834+0000][1][safepoint    ] Total time for which application threads were stopped: 0.0010940 seconds, Stopping threads took: 0.0006336 seconds
[2019-10-14T08:04:52.835+0000][1][safepoint    ] Application time: 1.0004498 seconds
[2019-10-14T08:04:52.835+0000][1][safepoint    ] Entering safepoint region: Cleanup
[2019-10-14T08:04:52.836+0000][1][safepoint    ] Leaving safepoint region
[2019-10-14T08:04:52.840+0000][1][safepoint    ] Total time for which application threads were stopped: 0.0048968 seconds, Stopping threads took: 0.0012609 seconds
[2019-10-14T08:04:53.379+0000][1][safepoint    ] Application time: 0.5391752 seconds
[2019-10-14T08:04:53.380+0000][1][safepoint    ] Entering safepoint region: RevokeBias
[2019-10-14T08:04:53.380+0000][1][safepoint    ] Leaving safepoint region
[2019-10-14T08:04:53.381+0000][1][safepoint    ] Total time for which application threads were stopped: 0.0008163 seconds, Stopping threads took: 0.0004219 seconds
[2019-10-14T08:04:53.381+0000][1][safepoint    ] Application time: 0.0002194 seconds
[2019-10-14T08:04:53.381+0000][1][safepoint    ] Entering safepoint region: RevokeBias
[2019-10-14T08:04:53.382+0000][1][safepoint    ] Leaving safepoint region
[2019-10-14T08:04:53.382+0000][1][safepoint    ] Total time for which application threads were stopped: 0.0005910 seconds, Stopping threads took: 0.0002791 seconds
[2019-10-14T08:04:53.403+0000][1][safepoint    ] Application time: 0.0203284 seconds
[2019-10-14T08:04:53.404+0000][1][safepoint    ] Entering safepoint region: RevokeBias
[2019-10-14T08:04:53.405+0000][1][safepoint    ] Leaving safepoint region
[2019-10-14T08:04:53.405+0000][1][safepoint    ] Total time for which application threads were stopped: 0.0008797 seconds, Stopping threads took: 0.0004034 seconds
[2019-10-14T08:04:53.405+0000][1][safepoint    ] Application time: 0.0002200 seconds
[2019-10-14T08:04:53.406+0000][1][safepoint    ] Entering safepoint region: RevokeBias
[2019-10-14T08:04:53.406+0000][1][safepoint    ] Leaving safepoint region
[2019-10-14T08:04:53.407+0000][1][safepoint    ] Total time for which application threads were stopped: 0.0008401 seconds, Stopping threads took: 0.0004901 seconds
[2019-10-14T08:04:53.407+0000][1][safepoint    ] Application time: 0.0003000 seconds
[2019-10-14T08:04:53.407+0000][1][safepoint    ] Entering safepoint region: RevokeBias
[2019-10-14T08:04:53.408+0000][1][safepoint    ] Leaving safepoint region
[2019-10-14T08:04:53.408+0000][1][safepoint    ] Total time for which application threads were stopped: 0.0006701 seconds, Stopping threads took: 0.0003119 seconds
[2019-10-14T08:04:53.419+0000][1][safepoint    ] Application time: 0.0111117 seconds
[2019-10-14T08:04:53.420+0000][1][safepoint    ] Entering safepoint region: RevokeBias
[2019-10-14T08:04:53.421+0000][1][safepoint    ] Leaving safepoint region
[2019-10-14T08:04:53.421+0000][1][safepoint    ] Total time for which application threads were stopped: 0.0010308 seconds, Stopping threads took: 0.0006491 seconds
[2019-10-14T08:04:53.422+0000][1][safepoint    ] Application time: 0.0002684 seconds
[2019-10-14T08:04:53.422+0000][1][safepoint    ] Entering safepoint region: RevokeBias
[2019-10-14T08:04:53.423+0000][1][safepoint    ] Leaving safepoint region
[2019-10-14T08:04:53.423+0000][1][safepoint    ] Total time for which application threads were stopped: 0.0009454 seconds, Stopping threads took: 0.0005453 seconds
[2019-10-14T08:04:53.433+0000][1][safepoint    ] Application time: 0.0089557 seconds
[2019-10-14T08:04:53.433+0000][1][safepoint    ] Entering safepoint region: RevokeBias
[2019-10-14T08:04:53.433+0000][1][safepoint    ] Leaving safepoint region
[2019-10-14T08:04:53.434+0000][1][safepoint    ] Total time for which application threads were stopped: 0.0006080 seconds, Stopping threads took: 0.0002784 seconds
[2019-10-14T08:04:53.434+0000][1][safepoint    ] Application time: 0.0002915 seconds
[2019-10-14T08:04:53.434+0000][1][safepoint    ] Entering safepoint region: RevokeBias
[2019-10-14T08:04:53.435+0000][1][safepoint    ] Leaving safepoint region
[2019-10-14T08:04:53.435+0000][1][safepoint    ] Total time for which application threads were stopped: 0.0007967 seconds, Stopping threads took: 0.0003366 seconds
[2019-10-14T08:04:53.439+0000][1][safepoint    ] Application time: 0.0031788 seconds
[2019-10-14T08:04:53.439+0000][1][safepoint    ] Entering safepoint region: RevokeBias
[2019-10-14T08:04:53.439+0000][1][safepoint    ] Leaving safepoint region
[2019-10-14T08:04:53.440+0000][1][safepoint    ] Total time for which application threads were stopped: 0.0007802 seconds, Stopping threads took: 0.0003564 seconds
[2019-10-14T08:04:53.440+0000][1][safepoint    ] Application time: 0.0002076 seconds
[2019-10-14T08:04:53.441+0000][1][safepoint    ] Entering safepoint region: RevokeBias
[2019-10-14T08:04:53.441+0000][1][safepoint    ] Leaving safepoint region
[2019-10-14T08:04:53.441+0000][1][safepoint    ] Total time for which application threads were stopped: 0.0007511 seconds, Stopping threads took: 0.0002761 seconds
[2019-10-14T08:04:53.457+0000][1][safepoint    ] Application time: 0.0149214 seconds
[2019-10-14T08:04:53.457+0000][1][safepoint    ] Entering safepoint region: RevokeBias
[2019-10-14T08:04:53.457+0000][1][safepoint    ] Leaving safepoint region
[2019-10-14T08:04:53.458+0000][1][safepoint    ] Total time for which application threads were stopped: 0.0007584 seconds, Stopping threads took: 0.0003628 seconds
[2019-10-14T08:04:53.470+0000][1][safepoint    ] Application time: 0.0116877 seconds
[2019-10-14T08:04:53.470+0000][1][safepoint    ] Entering safepoint region: RevokeBias
[2019-10-14T08:04:53.470+0000][1][safepoint    ] Leaving safepoint region
[2019-10-14T08:04:53.471+0000][1][safepoint    ] Total time for which application threads were stopped: 0.0005946 seconds, Stopping threads took: 0.0002559 seconds
[2019-10-14T08:04:53.478+0000][1][safepoint    ] Application time: 0.0068145 seconds
[2019-10-14T08:04:53.478+0000][1][safepoint    ] Entering safepoint region: RevokeBias
[2019-10-14T08:04:53.478+0000][1][safepoint    ] Leaving safepoint region
[2019-10-14T08:04:53.479+0000][1][safepoint    ] Total time for which application threads were stopped: 0.0008654 seconds, Stopping threads took: 0.0003233 seconds
[2019-10-14T08:04:53.489+0000][1][safepoint    ] Application time: 0.0091923 seconds
[2019-10-14T08:04:53.489+0000][1][safepoint    ] Entering safepoint region: RevokeBias
[2019-10-14T08:04:53.489+0000][1][safepoint    ] Leaving safepoint region
[2019-10-14T08:04:53.490+0000][1][safepoint    ] Total time for which application threads were stopped: 0.0006051 seconds, Stopping threads took: 0.0002626 seconds
[2019-10-14T08:04:53.500+0000][1][safepoint    ] Application time: 0.0101341 seconds
[2019-10-14T08:04:53.500+0000][1][safepoint    ] Entering safepoint region: RevokeBias
[2019-10-14T08:04:53.501+0000][1][safepoint    ] Leaving safepoint region
[2019-10-14T08:04:53.501+0000][1][safepoint    ] Total time for which application threads were stopped: 0.0005551 seconds, Stopping threads took: 0.0002555 seconds
[2019-10-14T08:04:54.504+0000][1][safepoint    ] Application time: 1.0030763 seconds
[2019-10-14T08:04:54.505+0000][1][safepoint    ] Entering safepoint region: Cleanup
[2019-10-14T08:04:54.506+0000][1][safepoint    ] Leaving safepoint region
[2019-10-14T08:04:54.507+0000][1][safepoint    ] Total time for which application threads were stopped: 0.0014982 seconds, Stopping threads took: 0.0007462 seconds
[2019-10-14T08:04:55.509+0000][1][safepoint    ] Application time: 1.0012061 seconds
[2019-10-14T08:04:55.509+0000][1][safepoint    ] Entering safepoint region: Cleanup
[2019-10-14T08:04:55.510+0000][1][safepoint    ] Leaving safepoint region
[2019-10-14T08:04:55.511+0000][1][safepoint    ] Total time for which application threads were stopped: 0.0013733 seconds, Stopping threads took: 0.0006324 seconds
[2019-10-14T08:04:56.511+0000][1][safepoint    ] Application time: 1.0001639 seconds
[2019-10-14T08:04:56.512+0000][1][safepoint    ] Entering safepoint region: Cleanup
[2019-10-14T08:04:56.513+0000][1][safepoint    ] Leaving safepoint region
[2019-10-14T08:04:56.513+0000][1][safepoint    ] Total time for which application threads were stopped: 0.0013899 seconds, Stopping threads took: 0.0004601 seconds
[2019-10-14T08:04:57.515+0000][1][safepoint    ] Application time: 1.0005976 seconds
[2019-10-14T08:04:57.515+0000][1][safepoint    ] Entering safepoint region: Cleanup
[2019-10-14T08:04:57.516+0000][1][safepoint    ] Leaving safepoint region
[2019-10-14T08:04:57.517+0000][1][safepoint    ] Total time for which application threads were stopped: 0.0016285 seconds, Stopping threads took: 0.0008613 seconds
[2019-10-14T08:04:58.518+0000][1][safepoint    ] Application time: 1.0004329 seconds
[2019-10-14T08:04:58.519+0000][1][safepoint    ] Entering safepoint region: Cleanup
[2019-10-14T08:04:58.520+0000][1][safepoint    ] Leaving safepoint region
[2019-10-14T08:04:58.520+0000][1][safepoint    ] Total time for which application threads were stopped: 0.0012382 seconds, Stopping threads took: 0.0006366 seconds
[2019-10-14T08:04:59.522+0000][1][safepoint    ] Application time: 1.0019721 seconds
[2019-10-14T08:04:59.523+0000][1][safepoint    ] Entering safepoint region: Cleanup
[2019-10-14T08:04:59.524+0000][1][safepoint    ] Leaving safepoint region
[2019-10-14T08:04:59.524+0000][1][safepoint    ] Total time for which application threads were stopped: 0.0009816 seconds, Stopping threads took: 0.0005316 seconds
[2019-10-14T08:05:00.525+0000][1][safepoint    ] Application time: 1.0006675 seconds
[2019-10-14T08:05:00.526+0000][1][safepoint    ] Entering safepoint region: Cleanup
[2019-10-14T08:05:00.527+0000][1][safepoint    ] Leaving safepoint region
[2019-10-14T08:05:00.527+0000][1][safepoint    ] Total time for which application threads were stopped: 0.0016686 seconds, Stopping threads took: 0.0007849 seconds
[2019-10-14T08:05:01.532+0000][1][safepoint    ] Application time: 1.0042370 seconds
[2019-10-14T08:05:01.533+0000][1][safepoint    ] Entering safepoint region: Cleanup
[2019-10-14T08:05:01.534+0000][1][safepoint    ] Leaving safepoint region
[2019-10-14T08:05:01.535+0000][1][safepoint    ] Total time for which application threads were stopped: 0.0016497 seconds, Stopping threads took: 0.0005913 seconds
[2019-10-14T08:05:02.539+0000][1][safepoint    ] Application time: 1.0033266 seconds
[2019-10-14T08:05:02.540+0000][1][safepoint    ] Entering safepoint region: Cleanup
[2019-10-14T08:05:02.540+0000][1][safepoint    ] Leaving safepoint region
[2019-10-14T08:05:02.541+0000][1][safepoint    ] Total time for which application threads were stopped: 0.0012108 seconds, Stopping threads took: 0.0006739 seconds
[2019-10-14T08:05:03.520+0000][1][safepoint    ] Application time: 1.0004925 seconds
[2019-10-14T08:05:03.521+0000][1][safepoint    ] Entering safepoint region: Cleanup
[2019-10-14T08:05:03.560+0000][1][safepoint    ] Leaving safepoint region
[2019-10-14T08:05:03.561+0000][1][safepoint    ] Total time for which application threads were stopped: 0.0396471 seconds, Stopping threads took: 0.0390358 seconds
[2019-10-14T08:05:04.562+0000][1][safepoint    ] Application time: 1.0013165 seconds
[2019-10-14T08:05:04.563+0000][1][safepoint    ] Entering safepoint region: Cleanup
[2019-10-14T08:05:04.564+0000][1][safepoint    ] Leaving safepoint region
[2019-10-14T08:05:04.564+0000][1][safepoint    ] Total time for which application threads were stopped: 0.0011896 seconds, Stopping threads took: 0.0005183 seconds
[2019-10-14T08:05:05.565+0000][1][safepoint    ] Application time: 1.0004449 seconds
[2019-10-14T08:05:05.566+0000][1][safepoint    ] Entering safepoint region: Cleanup
[2019-10-14T08:05:05.566+0000][1][safepoint    ] Leaving safepoint region
[2019-10-14T08:05:05.567+0000][1][safepoint    ] Total time for which application threads were stopped: 0.0009525 seconds, Stopping threads took: 0.0004004 seconds
[2019-10-14T08:05:06.568+0000][1][safepoint    ] Application time: 1.0011654 seconds
[2019-10-14T08:05:06.569+0000][1][safepoint    ] Entering safepoint region: Cleanup
[2019-10-14T08:05:06.569+0000][1][safepoint    ] Leaving safepoint region
[2019-10-14T08:05:06.570+0000][1][safepoint    ] Total time for which application threads were stopped: 0.0011975 seconds, Stopping threads took: 0.0004717 seconds
[2019-10-14T08:05:07.574+0000][1][safepoint    ] Application time: 1.0034697 seconds
[2019-10-14T08:05:07.575+0000][1][safepoint    ] Entering safepoint region: Cleanup
[2019-10-14T08:05:07.575+0000][1][safepoint    ] Leaving safepoint region
[2019-10-14T08:05:07.576+0000][1][safepoint    ] Total time for which application threads were stopped: 0.0012037 seconds, Stopping threads took: 0.0005752 seconds
[2019-10-14T08:05:08.578+0000][1][safepoint    ] Application time: 1.0013557 seconds
[2019-10-14T08:05:08.578+0000][1][safepoint    ] Entering safepoint region: Cleanup
[2019-10-14T08:05:08.579+0000][1][safepoint    ] Leaving safepoint region
[2019-10-14T08:05:08.580+0000][1][safepoint    ] Total time for which application threads were stopped: 0.0013496 seconds, Stopping threads took: 0.0006996 seconds
[2019-10-14T08:05:09.581+0000][1][safepoint    ] Application time: 1.0003573 seconds
[2019-10-14T08:05:09.582+0000][1][safepoint    ] Entering safepoint region: Cleanup
[2019-10-14T08:05:09.583+0000][1][safepoint    ] Leaving safepoint region
[2019-10-14T08:05:09.583+0000][1][safepoint    ] Total time for which application threads were stopped: 0.0018579 seconds, Stopping threads took: 0.0011212 seconds
[2019-10-14T08:05:10.584+0000][1][safepoint    ] Application time: 1.0002545 seconds
[2019-10-14T08:05:10.586+0000][1][safepoint    ] Entering safepoint region: Cleanup
[2019-10-14T08:05:10.588+0000][1][safepoint    ] Leaving safepoint region
[2019-10-14T08:05:10.590+0000][1][safepoint    ] Total time for which application threads were stopped: 0.0038635 seconds, Stopping threads took: 0.0023673 seconds
[2019-10-14T08:05:11.426+0000][1][safepoint    ] Application time: 0.8361650 seconds
[2019-10-14T08:05:11.427+0000][1][safepoint    ] Entering safepoint region: RevokeBias
[2019-10-14T08:05:11.428+0000][1][safepoint    ] Leaving safepoint region
[2019-10-14T08:05:11.428+0000][1][safepoint    ] Total time for which application threads were stopped: 0.0008835 seconds, Stopping threads took: 0.0004440 seconds
[2019-10-14T08:05:12.428+0000][1][safepoint    ] Application time: 1.0002103 seconds
[2019-10-14T08:05:12.429+0000][1][safepoint    ] Entering safepoint region: Cleanup
[2019-10-14T08:05:12.430+0000][1][safepoint    ] Leaving safepoint region
[2019-10-14T08:05:12.430+0000][1][safepoint    ] Total time for which application threads were stopped: 0.0011506 seconds, Stopping threads took: 0.0003907 seconds
[2019-10-14T08:05:13.431+0000][1][safepoint    ] Application time: 1.0004697 seconds
[2019-10-14T08:05:13.432+0000][1][safepoint    ] Entering safepoint region: Cleanup
[2019-10-14T08:05:13.432+0000][1][safepoint    ] Leaving safepoint region
[2019-10-14T08:05:13.434+0000][1][safepoint    ] Total time for which application threads were stopped: 0.0024972 seconds, Stopping threads took: 0.0005025 seconds
[2019-10-14T08:05:14.442+0000][1][safepoint    ] Application time: 1.0007287 seconds
[2019-10-14T08:05:14.443+0000][1][safepoint    ] Entering safepoint region: Cleanup
[2019-10-14T08:05:14.444+0000][1][safepoint    ] Leaving safepoint region
[2019-10-14T08:05:14.445+0000][1][safepoint    ] Total time for which application threads were stopped: 0.0016500 seconds, Stopping threads took: 0.0008666 seconds
[2019-10-14T08:05:15.447+0000][1][safepoint    ] Application time: 1.0011489 seconds
[2019-10-14T08:05:15.448+0000][1][safepoint    ] Entering safepoint region: Cleanup
[2019-10-14T08:05:15.449+0000][1][safepoint    ] Leaving safepoint region
[2019-10-14T08:05:15.449+0000][1][safepoint    ] Total time for which application threads were stopped: 0.0016789 seconds, Stopping threads took: 0.0007739 seconds
[2019-10-14T08:05:16.451+0000][1][safepoint    ] Application time: 1.0009495 seconds
[2019-10-14T08:05:16.451+0000][1][safepoint    ] Entering safepoint region: Cleanup
[2019-10-14T08:05:16.452+0000][1][safepoint    ] Leaving safepoint region
[2019-10-14T08:05:16.452+0000][1][safepoint    ] Total time for which application threads were stopped: 0.0010675 seconds, Stopping threads took: 0.0005318 seconds
[2019-10-14T08:05:17.453+0000][1][safepoint    ] Application time: 1.0006368 seconds
[2019-10-14T08:05:17.455+0000][1][safepoint    ] Entering safepoint region: Cleanup
[2019-10-14T08:05:17.456+0000][1][safepoint    ] Leaving safepoint region
[2019-10-14T08:05:17.457+0000][1][safepoint    ] Total time for which application threads were stopped: 0.0024566 seconds, Stopping threads took: 0.0008693 seconds
[2019-10-14T08:05:18.458+0000][1][safepoint    ] Application time: 1.0005379 seconds
[2019-10-14T08:05:18.459+0000][1][safepoint    ] Entering safepoint region: Cleanup
[2019-10-14T08:05:18.460+0000][1][safepoint    ] Leaving safepoint region
[2019-10-14T08:05:18.460+0000][1][safepoint    ] Total time for which application threads were stopped: 0.0011691 seconds, Stopping threads took: 0.0005368 seconds
[2019-10-14T08:05:19.461+0000][1][safepoint    ] Application time: 1.0003769 seconds
[2019-10-14T08:05:19.462+0000][1][safepoint    ] Entering safepoint region: Cleanup
[2019-10-14T08:05:19.463+0000][1][safepoint    ] Leaving safepoint region
[2019-10-14T08:05:19.463+0000][1][safepoint    ] Total time for which application threads were stopped: 0.0012874 seconds, Stopping threads took: 0.0006323 seconds
[2019-10-14T08:05:20.464+0000][1][safepoint    ] Application time: 1.0001901 seconds
[2019-10-14T08:05:20.465+0000][1][safepoint    ] Entering safepoint region: Cleanup
[2019-10-14T08:05:20.465+0000][1][safepoint    ] Leaving safepoint region
[2019-10-14T08:05:20.466+0000][1][safepoint    ] Total time for which application threads were stopped: 0.0009730 seconds, Stopping threads took: 0.0003297 seconds
[2019-10-14T08:05:21.468+0000][1][safepoint    ] Application time: 1.0020312 seconds
[2019-10-14T08:05:21.469+0000][1][safepoint    ] Entering safepoint region: Cleanup
[2019-10-14T08:05:21.470+0000][1][safepoint    ] Leaving safepoint region
[2019-10-14T08:05:21.470+0000][1][safepoint    ] Total time for which application threads were stopped: 0.0012951 seconds, Stopping threads took: 0.0006272 seconds
[2019-10-14T08:05:22.475+0000][1][safepoint    ] Application time: 1.0044744 seconds
[2019-10-14T08:05:22.479+0000][1][safepoint    ] Entering safepoint region: Cleanup
[2019-10-14T08:05:22.481+0000][1][safepoint    ] Leaving safepoint region
[2019-10-14T08:05:22.482+0000][1][safepoint    ] Total time for which application threads were stopped: 0.0030822 seconds, Stopping threads took: 0.0018126 seconds
[2019-10-14T08:05:23.483+0000][1][safepoint    ] Application time: 1.0003675 seconds
[2019-10-14T08:05:23.484+0000][1][safepoint    ] Entering safepoint region: Cleanup
[2019-10-14T08:05:23.487+0000][1][safepoint    ] Leaving safepoint region
[2019-10-14T08:05:23.491+0000][1][safepoint    ] Total time for which application threads were stopped: 0.0070565 seconds, Stopping threads took: 0.0027683 seconds
[2019-10-14T08:05:24.493+0000][1][safepoint    ] Application time: 1.0011474 seconds
[2019-10-14T08:05:24.494+0000][1][safepoint    ] Entering safepoint region: Cleanup
[2019-10-14T08:05:24.494+0000][1][safepoint    ] Leaving safepoint region
[2019-10-14T08:05:24.495+0000][1][safepoint    ] Total time for which application threads were stopped: 0.0016641 seconds, Stopping threads took: 0.0005574 seconds
[2019-10-14T08:05:25.497+0000][1][safepoint    ] Application time: 1.0007228 seconds
[2019-10-14T08:05:25.497+0000][1][safepoint    ] Entering safepoint region: Cleanup
[2019-10-14T08:05:25.498+0000][1][safepoint    ] Leaving safepoint region
[2019-10-14T08:05:25.499+0000][1][safepoint    ] Total time for which application threads were stopped: 0.0013443 seconds, Stopping threads took: 0.0007069 seconds
[2019-10-14T08:05:26.499+0000][1][safepoint    ] Application time: 1.0002892 seconds
[2019-10-14T08:05:26.500+0000][1][safepoint    ] Entering safepoint region: Cleanup
[2019-10-14T08:05:26.501+0000][1][safepoint    ] Leaving safepoint region
[2019-10-14T08:05:26.501+0000][1][safepoint    ] Total time for which application threads were stopped: 0.0014520 seconds, Stopping threads took: 0.0006970 seconds
[2019-10-14T08:05:27.502+0000][1][safepoint    ] Application time: 1.0002835 seconds
[2019-10-14T08:05:27.503+0000][1][safepoint    ] Entering safepoint region: Cleanup
[2019-10-14T08:05:27.504+0000][1][safepoint    ] Leaving safepoint region
[2019-10-14T08:05:27.504+0000][1][safepoint    ] Total time for which application threads were stopped: 0.0010828 seconds, Stopping threads took: 0.0005548 seconds
[2019-10-14T08:05:28.506+0000][1][safepoint    ] Application time: 1.0012433 seconds
[2019-10-14T08:05:28.507+0000][1][safepoint    ] Entering safepoint region: Cleanup
[2019-10-14T08:05:28.507+0000][1][safepoint    ] Leaving safepoint region
[2019-10-14T08:05:28.509+0000][1][safepoint    ] Total time for which application threads were stopped: 0.0028816 seconds, Stopping threads took: 0.0006610 seconds
[2019-10-14T08:05:29.513+0000][1][safepoint    ] Application time: 1.0027239 seconds
[2019-10-14T08:05:29.514+0000][1][safepoint    ] Entering safepoint region: Cleanup
[2019-10-14T08:05:29.514+0000][1][safepoint    ] Leaving safepoint region
[2019-10-14T08:05:29.515+0000][1][safepoint    ] Total time for which application threads were stopped: 0.0012996 seconds, Stopping threads took: 0.0006059 seconds
[2019-10-14T08:05:30.517+0000][1][safepoint    ] Application time: 1.0014176 seconds
[2019-10-14T08:05:30.518+0000][1][safepoint    ] Entering safepoint region: Cleanup
[2019-10-14T08:05:30.519+0000][1][safepoint    ] Leaving safepoint region
[2019-10-14T08:05:30.519+0000][1][safepoint    ] Total time for which application threads were stopped: 0.0008293 seconds, Stopping threads took: 0.0004379 seconds
[2019-10-14T08:05:31.522+0000][1][safepoint    ] Application time: 1.0028171 seconds
[2019-10-14T08:05:31.523+0000][1][safepoint    ] Entering safepoint region: Cleanup
[2019-10-14T08:05:31.524+0000][1][safepoint    ] Leaving safepoint region
[2019-10-14T08:05:31.524+0000][1][safepoint    ] Total time for which application threads were stopped: 0.0016139 seconds, Stopping threads took: 0.0011117 seconds
[2019-10-14T08:05:32.526+0000][1][safepoint    ] Application time: 1.0012075 seconds
[2019-10-14T08:05:32.527+0000][1][safepoint    ] Entering safepoint region: Cleanup
[2019-10-14T08:05:32.527+0000][1][safepoint    ] Leaving safepoint region
[2019-10-14T08:05:32.528+0000][1][safepoint    ] Total time for which application threads were stopped: 0.0012627 seconds, Stopping threads took: 0.0006430 seconds
[2019-10-14T08:05:33.508+0000][1][safepoint    ] Application time: 1.0010191 seconds
[2019-10-14T08:05:33.509+0000][1][safepoint    ] Entering safepoint region: Cleanup
[2019-10-14T08:05:33.510+0000][1][safepoint    ] Leaving safepoint region
[2019-10-14T08:05:33.510+0000][1][safepoint    ] Total time for which application threads were stopped: 0.0016642 seconds, Stopping threads took: 0.0008705 seconds
[2019-10-14T08:05:34.513+0000][1][safepoint    ] Application time: 1.0023916 seconds
[2019-10-14T08:05:34.514+0000][1][safepoint    ] Entering safepoint region: Cleanup
[2019-10-14T08:05:34.515+0000][1][safepoint    ] Leaving safepoint region
[2019-10-14T08:05:34.516+0000][1][safepoint    ] Total time for which application threads were stopped: 0.0015090 seconds, Stopping threads took: 0.0008240 seconds
[2019-10-14T08:05:35.517+0000][1][safepoint    ] Application time: 1.0003732 seconds
[2019-10-14T08:05:35.518+0000][1][safepoint    ] Entering safepoint region: Cleanup
[2019-10-14T08:05:35.518+0000][1][safepoint    ] Leaving safepoint region
[2019-10-14T08:05:35.519+0000][1][safepoint    ] Total time for which application threads were stopped: 0.0008860 seconds, Stopping threads took: 0.0004219 seconds
[2019-10-14T08:05:36.520+0000][1][safepoint    ] Application time: 1.0010315 seconds
[2019-10-14T08:05:36.521+0000][1][safepoint    ] Entering safepoint region: Cleanup
[2019-10-14T08:05:36.522+0000][1][safepoint    ] Leaving safepoint region
[2019-10-14T08:05:36.522+0000][1][safepoint    ] Total time for which application threads were stopped: 0.0009641 seconds, Stopping threads took: 0.0004609 seconds
[2019-10-14T08:05:37.523+0000][1][safepoint    ] Application time: 1.0006842 seconds
[2019-10-14T08:05:37.524+0000][1][safepoint    ] Entering safepoint region: Cleanup
[2019-10-14T08:05:37.524+0000][1][safepoint    ] Leaving safepoint region
[2019-10-14T08:05:37.525+0000][1][safepoint    ] Total time for which application threads were stopped: 0.0010386 seconds, Stopping threads took: 0.0004807 seconds
[2019-10-14T08:05:38.527+0000][1][safepoint    ] Application time: 1.0016094 seconds
[2019-10-14T08:05:38.529+0000][1][safepoint    ] Entering safepoint region: Cleanup
[2019-10-14T08:05:38.531+0000][1][safepoint    ] Leaving safepoint region
[2019-10-14T08:05:38.532+0000][1][safepoint    ] Total time for which application threads were stopped: 0.0026719 seconds, Stopping threads took: 0.0016442 seconds
[2019-10-14T08:05:39.533+0000][1][safepoint    ] Application time: 1.0005741 seconds
[2019-10-14T08:05:39.533+0000][1][safepoint    ] Entering safepoint region: Cleanup
[2019-10-14T08:05:39.534+0000][1][safepoint    ] Leaving safepoint region
[2019-10-14T08:05:39.534+0000][1][safepoint    ] Total time for which application threads were stopped: 0.0010530 seconds, Stopping threads took: 0.0005534 seconds
[2019-10-14T08:05:40.536+0000][1][safepoint    ] Application time: 1.0008693 seconds
[2019-10-14T08:05:40.537+0000][1][safepoint    ] Entering safepoint region: Cleanup
[2019-10-14T08:05:40.537+0000][1][safepoint    ] Leaving safepoint region
[2019-10-14T08:05:40.538+0000][1][safepoint    ] Total time for which application threads were stopped: 0.0010930 seconds, Stopping threads took: 0.0005095 seconds
[2019-10-14T08:05:41.540+0000][1][safepoint    ] Application time: 1.0016379 seconds
[2019-10-14T08:05:41.541+0000][1][safepoint    ] Entering safepoint region: Cleanup
[2019-10-14T08:05:41.542+0000][1][safepoint    ] Leaving safepoint region
[2019-10-14T08:05:41.542+0000][1][safepoint    ] Total time for which application threads were stopped: 0.0011365 seconds, Stopping threads took: 0.0005142 seconds
[2019-10-14T08:05:42.543+0000][1][safepoint    ] Application time: 1.0006136 seconds
[2019-10-14T08:05:42.544+0000][1][safepoint    ] Entering safepoint region: Cleanup
[2019-10-14T08:05:42.545+0000][1][safepoint    ] Leaving safepoint region
[2019-10-14T08:05:42.546+0000][1][safepoint    ] Total time for which application threads were stopped: 0.0014722 seconds, Stopping threads took: 0.0007672 seconds
[2019-10-14T08:05:43.546+0000][1][safepoint    ] Application time: 1.0002629 seconds
[2019-10-14T08:05:43.547+0000][1][safepoint    ] Entering safepoint region: Cleanup
[2019-10-14T08:05:43.548+0000][1][safepoint    ] Leaving safepoint region
[2019-10-14T08:05:43.549+0000][1][safepoint    ] Total time for which application threads were stopped: 0.0012842 seconds, Stopping threads took: 0.0005993 seconds
[2019-10-14T08:05:44.550+0000][1][safepoint    ] Application time: 1.0003358 seconds
[2019-10-14T08:05:44.551+0000][1][safepoint    ] Entering safepoint region: Cleanup
[2019-10-14T08:05:44.552+0000][1][safepoint    ] Leaving safepoint region
[2019-10-14T08:05:44.553+0000][1][safepoint    ] Total time for which application threads were stopped: 0.0021494 seconds, Stopping threads took: 0.0010788 seconds
[2019-10-14T08:05:45.555+0000][1][safepoint    ] Application time: 1.0009423 seconds
[2019-10-14T08:05:45.556+0000][1][safepoint    ] Entering safepoint region: Cleanup
[2019-10-14T08:05:45.556+0000][1][safepoint    ] Leaving safepoint region
[2019-10-14T08:05:45.557+0000][1][safepoint    ] Total time for which application threads were stopped: 0.0014372 seconds, Stopping threads took: 0.0005980 seconds
[2019-10-14T08:05:46.562+0000][1][safepoint    ] Application time: 1.0038629 seconds
[2019-10-14T08:05:46.563+0000][1][safepoint    ] Entering safepoint region: Cleanup
[2019-10-14T08:05:46.564+0000][1][safepoint    ] Leaving safepoint region
[2019-10-14T08:05:46.564+0000][1][safepoint    ] Total time for which application threads were stopped: 0.0017987 seconds, Stopping threads took: 0.0011318 seconds
[2019-10-14T08:05:47.623+0000][1][safepoint    ] Application time: 1.0581977 seconds
[2019-10-14T08:05:47.624+0000][1][safepoint    ] Entering safepoint region: Cleanup
[2019-10-14T08:05:47.626+0000][1][safepoint    ] Leaving safepoint region
[2019-10-14T08:05:47.628+0000][1][safepoint    ] Total time for which application threads were stopped: 0.0034459 seconds, Stopping threads took: 0.0020319 seconds
[2019-10-14T08:05:48.632+0000][1][safepoint    ] Application time: 1.0037486 seconds
[2019-10-14T08:05:48.638+0000][1][safepoint    ] Entering safepoint region: Cleanup
[2019-10-14T08:05:48.646+0000][1][safepoint    ] Leaving safepoint region
[2019-10-14T08:05:48.647+0000][1][safepoint    ] Total time for which application threads were stopped: 0.0087845 seconds, Stopping threads took: 0.0076407 seconds
[2019-10-14T08:05:49.649+0000][1][safepoint    ] Application time: 1.0015242 seconds
[2019-10-14T08:05:49.650+0000][1][safepoint    ] Entering safepoint region: Cleanup
[2019-10-14T08:05:49.651+0000][1][safepoint    ] Leaving safepoint region
[2019-10-14T08:05:49.655+0000][1][safepoint    ] Total time for which application threads were stopped: 0.0041896 seconds, Stopping threads took: 0.0004818 seconds
[2019-10-14T08:05:50.656+0000][1][safepoint    ] Application time: 1.0012760 seconds
[2019-10-14T08:05:50.657+0000][1][safepoint    ] Entering safepoint region: Cleanup
[2019-10-14T08:05:50.658+0000][1][safepoint    ] Leaving safepoint region
[2019-10-14T08:05:50.659+0000][1][safepoint    ] Total time for which application threads were stopped: 0.0017181 seconds, Stopping threads took: 0.0004217 seconds
[2019-10-14T08:05:51.661+0000][1][safepoint    ] Application time: 1.0014207 seconds
[2019-10-14T08:05:51.662+0000][1][safepoint    ] Entering safepoint region: Cleanup
[2019-10-14T08:05:51.662+0000][1][safepoint    ] Leaving safepoint region
[2019-10-14T08:05:51.663+0000][1][safepoint    ] Total time for which application threads were stopped: 0.0013428 seconds, Stopping threads took: 0.0006239 seconds
[2019-10-14T08:05:52.664+0000][1][safepoint    ] Application time: 1.0002083 seconds
[2019-10-14T08:05:52.665+0000][1][safepoint    ] Entering safepoint region: Cleanup
[2019-10-14T08:05:52.665+0000][1][safepoint    ] Leaving safepoint region
[2019-10-14T08:05:52.666+0000][1][safepoint    ] Total time for which application threads were stopped: 0.0012172 seconds, Stopping threads took: 0.0005985 seconds
[2019-10-14T08:05:53.667+0000][1][safepoint    ] Application time: 1.0002788 seconds
[2019-10-14T08:05:53.667+0000][1][safepoint    ] Entering safepoint region: Cleanup
[2019-10-14T08:05:53.668+0000][1][safepoint    ] Leaving safepoint region
[2019-10-14T08:05:53.668+0000][1][safepoint    ] Total time for which application threads were stopped: 0.0008029 seconds, Stopping threads took: 0.0003201 seconds
[2019-10-14T08:05:54.669+0000][1][safepoint    ] Application time: 1.0010390 seconds
[2019-10-14T08:05:54.670+0000][1][safepoint    ] Entering safepoint region: Cleanup
[2019-10-14T08:05:54.671+0000][1][safepoint    ] Leaving safepoint region
[2019-10-14T08:05:54.672+0000][1][safepoint    ] Total time for which application threads were stopped: 0.0015649 seconds, Stopping threads took: 0.0004414 seconds
[2019-10-14T08:05:55.673+0000][1][safepoint    ] Application time: 1.0008829 seconds
[2019-10-14T08:05:55.674+0000][1][safepoint    ] Entering safepoint region: Cleanup
[2019-10-14T08:05:55.675+0000][1][safepoint    ] Leaving safepoint region
[2019-10-14T08:05:55.675+0000][1][safepoint    ] Total time for which application threads were stopped: 0.0010971 seconds, Stopping threads took: 0.0004681 seconds
[2019-10-14T08:05:56.393+0000][1][safepoint    ] Application time: 0.7170497 seconds
[2019-10-14T08:05:56.394+0000][1][safepoint    ] Entering safepoint region: GenCollectForAllocation
[2019-10-14T08:05:56.395+0000][1][gc,start     ] GC(54) Pause Young (Allocation Failure)
[2019-10-14T08:05:56.396+0000][1][gc,task      ] GC(54) Using 2 workers of 2 for evacuation
[2019-10-14T08:05:56.404+0000][1][gc,age       ] GC(54) Desired survivor size 4456448 bytes, new threshold 6 (max threshold 6)
[2019-10-14T08:05:56.404+0000][1][gc,age       ] GC(54) Age table with threshold 6 (max threshold 6)
[2019-10-14T08:05:56.404+0000][1][gc,age       ] GC(54) - age   1:      94224 bytes,      94224 total
[2019-10-14T08:05:56.405+0000][1][gc,age       ] GC(54) - age   2:     651768 bytes,     745992 total
[2019-10-14T08:05:56.405+0000][1][gc,age       ] GC(54) - age   3:     760024 bytes,    1506016 total
[2019-10-14T08:05:56.405+0000][1][gc,age       ] GC(54) - age   4:     590120 bytes,    2096136 total
[2019-10-14T08:05:56.406+0000][1][gc,age       ] GC(54) - age   5:     556432 bytes,    2652568 total
[2019-10-14T08:05:56.406+0000][1][gc,heap      ] GC(54) ParNew: 74277K->3754K(78656K)
[2019-10-14T08:05:56.406+0000][1][gc,heap      ] GC(54) CMS: 78829K->78829K(174784K)
[2019-10-14T08:05:56.407+0000][1][gc,metaspace ] GC(54) Metaspace: 83675K->83675K(1126400K)
[2019-10-14T08:05:56.408+0000][1][gc           ] GC(54) Pause Young (Allocation Failure) 149M->80M(247M) 13.218ms
[2019-10-14T08:05:56.409+0000][1][gc,cpu       ] GC(54) User=0.01s Sys=0.00s Real=0.02s
[2019-10-14T08:05:56.409+0000][1][safepoint    ] Leaving safepoint region
[2019-10-14T08:05:56.410+0000][1][safepoint    ] Total time for which application threads were stopped: 0.0151512 seconds, Stopping threads took: 0.0006269 seconds
[2019-10-14T08:05:57.412+0000][1][safepoint    ] Application time: 1.0017990 seconds
[2019-10-14T08:05:57.413+0000][1][safepoint    ] Entering safepoint region: Cleanup
[2019-10-14T08:05:57.413+0000][1][safepoint    ] Leaving safepoint region
[2019-10-14T08:05:57.414+0000][1][safepoint    ] Total time for which application threads were stopped: 0.0009247 seconds, Stopping threads took: 0.0004354 seconds
[2019-10-14T08:05:58.415+0000][1][safepoint    ] Application time: 1.0005559 seconds
[2019-10-14T08:05:58.416+0000][1][safepoint    ] Entering safepoint region: Cleanup
[2019-10-14T08:05:58.417+0000][1][safepoint    ] Leaving safepoint region
[2019-10-14T08:05:58.418+0000][1][safepoint    ] Total time for which application threads were stopped: 0.0021423 seconds, Stopping threads took: 0.0010064 seconds
[2019-10-14T08:05:59.420+0000][1][safepoint    ] Application time: 1.0010943 seconds
[2019-10-14T08:05:59.421+0000][1][safepoint    ] Entering safepoint region: Cleanup
[2019-10-14T08:05:59.422+0000][1][safepoint    ] Leaving safepoint region
[2019-10-14T08:05:59.422+0000][1][safepoint    ] Total time for which application threads were stopped: 0.0013065 seconds, Stopping threads took: 0.0007719 seconds
[2019-10-14T08:06:00.423+0000][1][safepoint    ] Application time: 1.0002256 seconds
[2019-10-14T08:06:00.423+0000][1][safepoint    ] Entering safepoint region: Cleanup
[2019-10-14T08:06:00.424+0000][1][safepoint    ] Leaving safepoint region
[2019-10-14T08:06:00.424+0000][1][safepoint    ] Total time for which application threads were stopped: 0.0007453 seconds, Stopping threads took: 0.0003169 seconds
[2019-10-14T08:06:01.425+0000][1][safepoint    ] Application time: 1.0008419 seconds
[2019-10-14T08:06:01.427+0000][1][safepoint    ] Entering safepoint region: Cleanup
[2019-10-14T08:06:01.427+0000][1][safepoint    ] Leaving safepoint region
[2019-10-14T08:06:01.428+0000][1][safepoint    ] Total time for which application threads were stopped: 0.0011120 seconds, Stopping threads took: 0.0003921 seconds
[2019-10-14T08:06:02.429+0000][1][safepoint    ] Application time: 1.0010772 seconds
[2019-10-14T08:06:02.430+0000][1][safepoint    ] Entering safepoint region: Cleanup
[2019-10-14T08:06:02.430+0000][1][safepoint    ] Leaving safepoint region
[2019-10-14T08:06:02.431+0000][1][safepoint    ] Total time for which application threads were stopped: 0.0010529 seconds, Stopping threads took: 0.0004947 seconds
[2019-10-14T08:06:03.410+0000][1][safepoint    ] Application time: 1.0001692 seconds
[2019-10-14T08:06:03.411+0000][1][safepoint    ] Entering safepoint region: Cleanup
[2019-10-14T08:06:03.412+0000][1][safepoint    ] Leaving safepoint region
[2019-10-14T08:06:03.412+0000][1][safepoint    ] Total time for which application threads were stopped: 0.0007848 seconds, Stopping threads took: 0.0003704 seconds
[2019-10-14T08:06:04.413+0000][1][safepoint    ] Application time: 1.0002205 seconds
[2019-10-14T08:06:04.413+0000][1][safepoint    ] Entering safepoint region: Cleanup
[2019-10-14T08:06:04.414+0000][1][safepoint    ] Leaving safepoint region
[2019-10-14T08:06:04.415+0000][1][safepoint    ] Total time for which application threads were stopped: 0.0015830 seconds, Stopping threads took: 0.0011400 seconds
[2019-10-14T08:06:05.416+0000][1][safepoint    ] Application time: 1.0007978 seconds
[2019-10-14T08:06:05.416+0000][1][safepoint    ] Entering safepoint region: Cleanup
[2019-10-14T08:06:05.417+0000][1][safepoint    ] Leaving safepoint region
[2019-10-14T08:06:05.417+0000][1][safepoint    ] Total time for which application threads were stopped: 0.0010763 seconds, Stopping threads took: 0.0003908 seconds
[2019-10-14T08:06:06.418+0000][1][safepoint    ] Application time: 1.0003987 seconds
[2019-10-14T08:06:06.419+0000][1][safepoint    ] Entering safepoint region: Cleanup
[2019-10-14T08:06:06.420+0000][1][safepoint    ] Leaving safepoint region
[2019-10-14T08:06:06.421+0000][1][safepoint    ] Total time for which application threads were stopped: 0.0021015 seconds, Stopping threads took: 0.0008107 seconds
[2019-10-14T08:06:07.422+0000][1][safepoint    ] Application time: 1.0004921 seconds
[2019-10-14T08:06:07.422+0000][1][safepoint    ] Entering safepoint region: Cleanup
[2019-10-14T08:06:07.423+0000][1][safepoint    ] Leaving safepoint region
[2019-10-14T08:06:07.423+0000][1][safepoint    ] Total time for which application threads were stopped: 0.0011321 seconds, Stopping threads took: 0.0004429 seconds
[2019-10-14T08:06:08.425+0000][1][safepoint    ] Application time: 1.0011867 seconds
[2019-10-14T08:06:08.426+0000][1][safepoint    ] Entering safepoint region: Cleanup
[2019-10-14T08:06:08.428+0000][1][safepoint    ] Leaving safepoint region
[2019-10-14T08:06:08.428+0000][1][safepoint    ] Total time for which application threads were stopped: 0.0026078 seconds, Stopping threads took: 0.0019468 seconds
[2019-10-14T08:06:09.431+0000][1][safepoint    ] Application time: 1.0016978 seconds
[2019-10-14T08:06:09.435+0000][1][safepoint    ] Entering safepoint region: Cleanup
[2019-10-14T08:06:09.438+0000][1][safepoint    ] Leaving safepoint region
[2019-10-14T08:06:09.439+0000][1][safepoint    ] Total time for which application threads were stopped: 0.0038525 seconds, Stopping threads took: 0.0021352 seconds
[2019-10-14T08:06:10.446+0000][1][safepoint    ] Application time: 1.0045246 seconds
[2019-10-14T08:06:10.447+0000][1][safepoint    ] Entering safepoint region: Cleanup
[2019-10-14T08:06:10.447+0000][1][safepoint    ] Leaving safepoint region
[2019-10-14T08:06:10.448+0000][1][safepoint    ] Total time for which application threads were stopped: 0.0008322 seconds, Stopping threads took: 0.0004040 seconds
[2019-10-14T08:06:11.411+0000][1][safepoint    ] Application time: 0.9630161 seconds
[2019-10-14T08:06:11.412+0000][1][safepoint    ] Entering safepoint region: RevokeBias
[2019-10-14T08:06:11.412+0000][1][safepoint    ] Leaving safepoint region
[2019-10-14T08:06:11.413+0000][1][safepoint    ] Total time for which application threads were stopped: 0.0009710 seconds, Stopping threads took: 0.0005209 seconds
[2019-10-14T08:06:12.417+0000][1][safepoint    ] Application time: 1.0039201 seconds
[2019-10-14T08:06:12.418+0000][1][safepoint    ] Entering safepoint region: Cleanup
[2019-10-14T08:06:12.419+0000][1][safepoint    ] Leaving safepoint region
[2019-10-14T08:06:12.420+0000][1][safepoint    ] Total time for which application threads were stopped: 0.0018516 seconds, Stopping threads took: 0.0006001 seconds
[2019-10-14T08:06:13.423+0000][1][safepoint    ] Application time: 1.0015901 seconds
[2019-10-14T08:06:13.424+0000][1][safepoint    ] Entering safepoint region: Cleanup
[2019-10-14T08:06:13.424+0000][1][safepoint    ] Leaving safepoint region
[2019-10-14T08:06:13.426+0000][1][safepoint    ] Total time for which application threads were stopped: 0.0022676 seconds, Stopping threads took: 0.0005184 seconds
[2019-10-14T08:06:14.428+0000][1][safepoint    ] Application time: 1.0013336 seconds
[2019-10-14T08:06:14.429+0000][1][safepoint    ] Entering safepoint region: Cleanup
[2019-10-14T08:06:14.429+0000][1][safepoint    ] Leaving safepoint region
[2019-10-14T08:06:14.430+0000][1][safepoint    ] Total time for which application threads were stopped: 0.0011099 seconds, Stopping threads took: 0.0006704 seconds
[2019-10-14T08:06:15.431+0000][1][safepoint    ] Application time: 1.0011772 seconds
[2019-10-14T08:06:15.432+0000][1][safepoint    ] Entering safepoint region: Cleanup
[2019-10-14T08:06:15.433+0000][1][safepoint    ] Leaving safepoint region
[2019-10-14T08:06:15.433+0000][1][safepoint    ] Total time for which application threads were stopped: 0.0010310 seconds, Stopping threads took: 0.0004765 seconds
[2019-10-14T08:06:16.434+0000][1][safepoint    ] Application time: 1.0003845 seconds
[2019-10-14T08:06:16.435+0000][1][safepoint    ] Entering safepoint region: Cleanup
[2019-10-14T08:06:16.435+0000][1][safepoint    ] Leaving safepoint region
[2019-10-14T08:06:16.436+0000][1][safepoint    ] Total time for which application threads were stopped: 0.0013453 seconds, Stopping threads took: 0.0004788 seconds
[2019-10-14T08:06:17.437+0000][1][safepoint    ] Application time: 1.0003718 seconds
[2019-10-14T08:06:17.438+0000][1][safepoint    ] Entering safepoint region: Cleanup
[2019-10-14T08:06:17.438+0000][1][safepoint    ] Leaving safepoint region
[2019-10-14T08:06:17.438+0000][1][safepoint    ] Total time for which application threads were stopped: 0.0008394 seconds, Stopping threads took: 0.0003959 seconds
[2019-10-14T08:06:18.439+0000][1][safepoint    ] Application time: 1.0003183 seconds
[2019-10-14T08:06:18.440+0000][1][safepoint    ] Entering safepoint region: Cleanup
[2019-10-14T08:06:18.441+0000][1][safepoint    ] Leaving safepoint region
[2019-10-14T08:06:18.441+0000][1][safepoint    ] Total time for which application threads were stopped: 0.0010485 seconds, Stopping threads took: 0.0005208 seconds
[2019-10-14T08:06:19.446+0000][1][safepoint    ] Application time: 1.0043918 seconds
[2019-10-14T08:06:19.446+0000][1][safepoint    ] Entering safepoint region: Cleanup
[2019-10-14T08:06:19.447+0000][1][safepoint    ] Leaving safepoint region
[2019-10-14T08:06:19.447+0000][1][safepoint    ] Total time for which application threads were stopped: 0.0010328 seconds, Stopping threads took: 0.0003627 seconds
[2019-10-14T08:06:20.448+0000][1][safepoint    ] Application time: 1.0002202 seconds
[2019-10-14T08:06:20.449+0000][1][safepoint    ] Entering safepoint region: Cleanup
[2019-10-14T08:06:20.449+0000][1][safepoint    ] Leaving safepoint region
[2019-10-14T08:06:20.450+0000][1][safepoint    ] Total time for which application threads were stopped: 0.0013621 seconds, Stopping threads took: 0.0003377 seconds
[2019-10-14T08:06:21.451+0000][1][safepoint    ] Application time: 1.0000850 seconds
[2019-10-14T08:06:21.451+0000][1][safepoint    ] Entering safepoint region: Cleanup
[2019-10-14T08:06:21.452+0000][1][safepoint    ] Leaving safepoint region
[2019-10-14T08:06:21.453+0000][1][safepoint    ] Total time for which application threads were stopped: 0.0016027 seconds, Stopping threads took: 0.0005080 seconds
[2019-10-14T08:06:22.455+0000][1][safepoint    ] Application time: 1.0016895 seconds
[2019-10-14T08:06:22.456+0000][1][safepoint    ] Entering safepoint region: Cleanup
[2019-10-14T08:06:22.457+0000][1][safepoint    ] Leaving safepoint region
[2019-10-14T08:06:22.457+0000][1][safepoint    ] Total time for which application threads were stopped: 0.0012607 seconds, Stopping threads took: 0.0004864 seconds
[2019-10-14T08:06:23.458+0000][1][safepoint    ] Application time: 1.0001379 seconds
[2019-10-14T08:06:23.459+0000][1][safepoint    ] Entering safepoint region: Cleanup
[2019-10-14T08:06:23.459+0000][1][safepoint    ] Leaving safepoint region
[2019-10-14T08:06:23.459+0000][1][safepoint    ] Total time for which application threads were stopped: 0.0010039 seconds, Stopping threads took: 0.0004513 seconds
[2019-10-14T08:06:24.460+0000][1][safepoint    ] Application time: 1.0002551 seconds
[2019-10-14T08:06:24.461+0000][1][safepoint    ] Entering safepoint region: Cleanup
[2019-10-14T08:06:24.461+0000][1][safepoint    ] Leaving safepoint region
[2019-10-14T08:06:24.462+0000][1][safepoint    ] Total time for which application threads were stopped: 0.0010583 seconds, Stopping threads took: 0.0005107 seconds
[2019-10-14T08:06:25.464+0000][1][safepoint    ] Application time: 1.0013547 seconds
[2019-10-14T08:06:25.465+0000][1][safepoint    ] Entering safepoint region: Cleanup
[2019-10-14T08:06:25.466+0000][1][safepoint    ] Leaving safepoint region
[2019-10-14T08:06:25.466+0000][1][safepoint    ] Total time for which application threads were stopped: 0.0009718 seconds, Stopping threads took: 0.0004237 seconds
[2019-10-14T08:06:26.467+0000][1][safepoint    ] Application time: 1.0002114 seconds
[2019-10-14T08:06:26.467+0000][1][safepoint    ] Entering safepoint region: Cleanup
[2019-10-14T08:06:26.468+0000][1][safepoint    ] Leaving safepoint region
[2019-10-14T08:06:26.468+0000][1][safepoint    ] Total time for which application threads were stopped: 0.0008600 seconds, Stopping threads took: 0.0004441 seconds
[2019-10-14T08:06:27.469+0000][1][safepoint    ] Application time: 1.0002256 seconds
[2019-10-14T08:06:27.470+0000][1][safepoint    ] Entering safepoint region: Cleanup
[2019-10-14T08:06:27.472+0000][1][safepoint    ] Leaving safepoint region
[2019-10-14T08:06:27.474+0000][1][safepoint    ] Total time for which application threads were stopped: 0.0039874 seconds, Stopping threads took: 0.0025380 seconds
[2019-10-14T08:06:28.475+0000][1][safepoint    ] Application time: 1.0005538 seconds
[2019-10-14T08:06:28.475+0000][1][safepoint    ] Entering safepoint region: Cleanup
[2019-10-14T08:06:28.476+0000][1][safepoint    ] Leaving safepoint region
[2019-10-14T08:06:28.476+0000][1][safepoint    ] Total time for which application threads were stopped: 0.0009889 seconds, Stopping threads took: 0.0004564 seconds
[2019-10-14T08:06:29.477+0000][1][safepoint    ] Application time: 1.0004837 seconds
[2019-10-14T08:06:29.478+0000][1][safepoint    ] Entering safepoint region: Cleanup
[2019-10-14T08:06:29.479+0000][1][safepoint    ] Leaving safepoint region
[2019-10-14T08:06:29.479+0000][1][safepoint    ] Total time for which application threads were stopped: 0.0011075 seconds, Stopping threads took: 0.0005253 seconds
[2019-10-14T08:06:30.480+0000][1][safepoint    ] Application time: 1.0002094 seconds
[2019-10-14T08:06:30.481+0000][1][safepoint    ] Entering safepoint region: Cleanup
[2019-10-14T08:06:30.481+0000][1][safepoint    ] Leaving safepoint region
[2019-10-14T08:06:30.482+0000][1][safepoint    ] Total time for which application threads were stopped: 0.0009468 seconds, Stopping threads took: 0.0004428 seconds
[2019-10-14T08:06:31.483+0000][1][safepoint    ] Application time: 1.0009465 seconds
[2019-10-14T08:06:31.484+0000][1][safepoint    ] Entering safepoint region: Cleanup
[2019-10-14T08:06:31.486+0000][1][safepoint    ] Leaving safepoint region
[2019-10-14T08:06:31.487+0000][1][safepoint    ] Total time for which application threads were stopped: 0.0031924 seconds, Stopping threads took: 0.0016610 seconds
[2019-10-14T08:06:32.491+0000][1][safepoint    ] Application time: 1.0001480 seconds
[2019-10-14T08:06:32.492+0000][1][safepoint    ] Entering safepoint region: Cleanup
[2019-10-14T08:06:32.492+0000][1][safepoint    ] Leaving safepoint region
[2019-10-14T08:06:32.493+0000][1][safepoint    ] Total time for which application threads were stopped: 0.0008518 seconds, Stopping threads took: 0.0004133 seconds
[2019-10-14T08:06:33.472+0000][1][safepoint    ] Application time: 1.0001998 seconds
[2019-10-14T08:06:33.473+0000][1][safepoint    ] Entering safepoint region: Cleanup
[2019-10-14T08:06:33.474+0000][1][safepoint    ] Leaving safepoint region
[2019-10-14T08:06:33.474+0000][1][safepoint    ] Total time for which application threads were stopped: 0.0012931 seconds, Stopping threads took: 0.0005732 seconds
[2019-10-14T08:06:34.476+0000][1][safepoint    ] Application time: 1.0011205 seconds
[2019-10-14T08:06:34.477+0000][1][safepoint    ] Entering safepoint region: Cleanup
[2019-10-14T08:06:34.477+0000][1][safepoint    ] Leaving safepoint region
[2019-10-14T08:06:34.477+0000][1][safepoint    ] Total time for which application threads were stopped: 0.0007472 seconds, Stopping threads took: 0.0003578 seconds
[2019-10-14T08:06:35.479+0000][1][safepoint    ] Application time: 1.0009935 seconds
[2019-10-14T08:06:35.479+0000][1][safepoint    ] Entering safepoint region: Cleanup
[2019-10-14T08:06:35.480+0000][1][safepoint    ] Leaving safepoint region
[2019-10-14T08:06:35.480+0000][1][safepoint    ] Total time for which application threads were stopped: 0.0011157 seconds, Stopping threads took: 0.0004897 seconds
[2019-10-14T08:06:36.484+0000][1][safepoint    ] Application time: 1.0028216 seconds
[2019-10-14T08:06:36.484+0000][1][safepoint    ] Entering safepoint region: Cleanup
[2019-10-14T08:06:36.485+0000][1][safepoint    ] Leaving safepoint region
[2019-10-14T08:06:36.485+0000][1][safepoint    ] Total time for which application threads were stopped: 0.0008220 seconds, Stopping threads took: 0.0003843 seconds
[2019-10-14T08:06:37.491+0000][1][safepoint    ] Application time: 1.0051836 seconds
[2019-10-14T08:06:37.491+0000][1][safepoint    ] Entering safepoint region: Cleanup
[2019-10-14T08:06:37.492+0000][1][safepoint    ] Leaving safepoint region
[2019-10-14T08:06:37.492+0000][1][safepoint    ] Total time for which application threads were stopped: 0.0007897 seconds, Stopping threads took: 0.0003497 seconds
[2019-10-14T08:06:38.492+0000][1][safepoint    ] Application time: 1.0001319 seconds
[2019-10-14T08:06:38.493+0000][1][safepoint    ] Entering safepoint region: Cleanup
[2019-10-14T08:06:38.493+0000][1][safepoint    ] Leaving safepoint region
[2019-10-14T08:06:38.493+0000][1][safepoint    ] Total time for which application threads were stopped: 0.0006069 seconds, Stopping threads took: 0.0002649 seconds
[2019-10-14T08:06:39.494+0000][1][safepoint    ] Application time: 1.0006197 seconds
[2019-10-14T08:06:39.495+0000][1][safepoint    ] Entering safepoint region: Cleanup
[2019-10-14T08:06:39.495+0000][1][safepoint    ] Leaving safepoint region
[2019-10-14T08:06:39.496+0000][1][safepoint    ] Total time for which application threads were stopped: 0.0008843 seconds, Stopping threads took: 0.0004129 seconds
[2019-10-14T08:06:40.496+0000][1][safepoint    ] Application time: 1.0001706 seconds
[2019-10-14T08:06:40.497+0000][1][safepoint    ] Entering safepoint region: Cleanup
[2019-10-14T08:06:40.497+0000][1][safepoint    ] Leaving safepoint region
[2019-10-14T08:06:40.498+0000][1][safepoint    ] Total time for which application threads were stopped: 0.0009144 seconds, Stopping threads took: 0.0003962 seconds
[2019-10-14T08:06:41.499+0000][1][safepoint    ] Application time: 1.0005649 seconds
[2019-10-14T08:06:41.499+0000][1][safepoint    ] Entering safepoint region: Cleanup
[2019-10-14T08:06:41.500+0000][1][safepoint    ] Leaving safepoint region
[2019-10-14T08:06:41.500+0000][1][safepoint    ] Total time for which application threads were stopped: 0.0007402 seconds, Stopping threads took: 0.0003504 seconds
[2019-10-14T08:06:42.504+0000][1][safepoint    ] Application time: 1.0040735 seconds
[2019-10-14T08:06:42.505+0000][1][safepoint    ] Entering safepoint region: Cleanup
[2019-10-14T08:06:42.506+0000][1][safepoint    ] Leaving safepoint region
[2019-10-14T08:06:42.506+0000][1][safepoint    ] Total time for which application threads were stopped: 0.0011778 seconds, Stopping threads took: 0.0005676 seconds
[2019-10-14T08:06:43.510+0000][1][safepoint    ] Application time: 1.0023440 seconds
[2019-10-14T08:06:43.510+0000][1][safepoint    ] Entering safepoint region: Cleanup
[2019-10-14T08:06:43.511+0000][1][safepoint    ] Leaving safepoint region
[2019-10-14T08:06:43.512+0000][1][safepoint    ] Total time for which application threads were stopped: 0.0017159 seconds, Stopping threads took: 0.0012570 seconds
[2019-10-14T08:06:44.512+0000][1][safepoint    ] Application time: 1.0002434 seconds
[2019-10-14T08:06:44.513+0000][1][safepoint    ] Entering safepoint region: Cleanup
[2019-10-14T08:06:44.514+0000][1][safepoint    ] Leaving safepoint region
[2019-10-14T08:06:44.514+0000][1][safepoint    ] Total time for which application threads were stopped: 0.0009845 seconds, Stopping threads took: 0.0004647 seconds
[2019-10-14T08:06:45.517+0000][1][safepoint    ] Application time: 1.0019019 seconds
[2019-10-14T08:06:45.518+0000][1][safepoint    ] Entering safepoint region: Cleanup
[2019-10-14T08:06:45.518+0000][1][safepoint    ] Leaving safepoint region
[2019-10-14T08:06:45.519+0000][1][safepoint    ] Total time for which application threads were stopped: 0.0012297 seconds, Stopping threads took: 0.0005657 seconds
[2019-10-14T08:06:46.521+0000][1][safepoint    ] Application time: 1.0012703 seconds
[2019-10-14T08:06:46.522+0000][1][safepoint    ] Entering safepoint region: Cleanup
[2019-10-14T08:06:46.523+0000][1][safepoint    ] Leaving safepoint region
[2019-10-14T08:06:46.523+0000][1][safepoint    ] Total time for which application threads were stopped: 0.0014074 seconds, Stopping threads took: 0.0006785 seconds
[2019-10-14T08:06:47.525+0000][1][safepoint    ] Application time: 1.0010816 seconds
[2019-10-14T08:06:47.526+0000][1][safepoint    ] Entering safepoint region: Cleanup
[2019-10-14T08:06:47.526+0000][1][safepoint    ] Leaving safepoint region
[2019-10-14T08:06:47.527+0000][1][safepoint    ] Total time for which application threads were stopped: 0.0009202 seconds, Stopping threads took: 0.0004361 seconds
[2019-10-14T08:06:48.527+0000][1][safepoint    ] Application time: 1.0002124 seconds
[2019-10-14T08:06:48.529+0000][1][safepoint    ] Entering safepoint region: Cleanup
[2019-10-14T08:06:48.530+0000][1][safepoint    ] Leaving safepoint region
[2019-10-14T08:06:48.530+0000][1][safepoint    ] Total time for which application threads were stopped: 0.0014540 seconds, Stopping threads took: 0.0009339 seconds
[2019-10-14T08:06:49.531+0000][1][safepoint    ] Application time: 1.0005704 seconds
[2019-10-14T08:06:49.532+0000][1][safepoint    ] Entering safepoint region: Cleanup
[2019-10-14T08:06:49.532+0000][1][safepoint    ] Leaving safepoint region
[2019-10-14T08:06:49.532+0000][1][safepoint    ] Total time for which application threads were stopped: 0.0008712 seconds, Stopping threads took: 0.0003773 seconds
[2019-10-14T08:06:50.534+0000][1][safepoint    ] Application time: 1.0013750 seconds
[2019-10-14T08:06:50.535+0000][1][safepoint    ] Entering safepoint region: Cleanup
[2019-10-14T08:06:50.536+0000][1][safepoint    ] Leaving safepoint region
[2019-10-14T08:06:50.536+0000][1][safepoint    ] Total time for which application threads were stopped: 0.0013500 seconds, Stopping threads took: 0.0008088 seconds
[2019-10-14T08:06:51.537+0000][1][safepoint    ] Application time: 1.0001178 seconds
[2019-10-14T08:06:51.538+0000][1][safepoint    ] Entering safepoint region: Cleanup
[2019-10-14T08:06:51.538+0000][1][safepoint    ] Leaving safepoint region
[2019-10-14T08:06:51.539+0000][1][safepoint    ] Total time for which application threads were stopped: 0.0010480 seconds, Stopping threads took: 0.0004934 seconds
[2019-10-14T08:06:52.544+0000][1][safepoint    ] Application time: 1.0048558 seconds
[2019-10-14T08:06:52.614+0000][1][safepoint    ] Entering safepoint region: Cleanup
[2019-10-14T08:06:52.616+0000][1][safepoint    ] Leaving safepoint region
[2019-10-14T08:06:52.616+0000][1][safepoint    ] Total time for which application threads were stopped: 0.0035395 seconds, Stopping threads took: 0.0026778 seconds
[2019-10-14T08:06:53.618+0000][1][safepoint    ] Application time: 1.0004809 seconds
[2019-10-14T08:06:53.619+0000][1][safepoint    ] Entering safepoint region: Cleanup
[2019-10-14T08:06:53.620+0000][1][safepoint    ] Leaving safepoint region
[2019-10-14T08:06:53.620+0000][1][safepoint    ] Total time for which application threads were stopped: 0.0009074 seconds, Stopping threads took: 0.0004561 seconds
[2019-10-14T08:06:54.620+0000][1][safepoint    ] Application time: 1.0001588 seconds
[2019-10-14T08:06:54.621+0000][1][safepoint    ] Entering safepoint region: Cleanup
[2019-10-14T08:06:54.623+0000][1][safepoint    ] Leaving safepoint region
[2019-10-14T08:06:54.623+0000][1][safepoint    ] Total time for which application threads were stopped: 0.0019385 seconds, Stopping threads took: 0.0013736 seconds
[2019-10-14T08:06:55.624+0000][1][safepoint    ] Application time: 1.0002247 seconds
[2019-10-14T08:06:55.624+0000][1][safepoint    ] Entering safepoint region: Cleanup
[2019-10-14T08:06:55.625+0000][1][safepoint    ] Leaving safepoint region
[2019-10-14T08:06:55.625+0000][1][safepoint    ] Total time for which application threads were stopped: 0.0009205 seconds, Stopping threads took: 0.0004334 seconds
[2019-10-14T08:06:56.626+0000][1][safepoint    ] Application time: 1.0004770 seconds
[2019-10-14T08:06:56.627+0000][1][safepoint    ] Entering safepoint region: Cleanup
[2019-10-14T08:06:56.628+0000][1][safepoint    ] Leaving safepoint region
[2019-10-14T08:06:56.629+0000][1][safepoint    ] Total time for which application threads were stopped: 0.0012038 seconds, Stopping threads took: 0.0005649 seconds
[2019-10-14T08:06:57.630+0000][1][safepoint    ] Application time: 1.0001548 seconds
[2019-10-14T08:06:57.631+0000][1][safepoint    ] Entering safepoint region: Cleanup
[2019-10-14T08:06:57.633+0000][1][safepoint    ] Leaving safepoint region
[2019-10-14T08:06:57.634+0000][1][safepoint    ] Total time for which application threads were stopped: 0.0025140 seconds, Stopping threads took: 0.0016325 seconds
[2019-10-14T08:06:58.635+0000][1][safepoint    ] Application time: 1.0001611 seconds
[2019-10-14T08:06:58.636+0000][1][safepoint    ] Entering safepoint region: Cleanup
[2019-10-14T08:06:58.636+0000][1][safepoint    ] Leaving safepoint region
[2019-10-14T08:06:58.637+0000][1][safepoint    ] Total time for which application threads were stopped: 0.0012348 seconds, Stopping threads took: 0.0008240 seconds
[2019-10-14T08:06:59.638+0000][1][safepoint    ] Application time: 1.0008719 seconds
[2019-10-14T08:06:59.640+0000][1][safepoint    ] Entering safepoint region: Cleanup
[2019-10-14T08:06:59.640+0000][1][safepoint    ] Leaving safepoint region
[2019-10-14T08:06:59.641+0000][1][safepoint    ] Total time for which application threads were stopped: 0.0012198 seconds, Stopping threads took: 0.0006389 seconds
[2019-10-14T08:07:00.642+0000][1][safepoint    ] Application time: 1.0001931 seconds
[2019-10-14T08:07:00.643+0000][1][safepoint    ] Entering safepoint region: Cleanup
[2019-10-14T08:07:00.644+0000][1][safepoint    ] Leaving safepoint region
[2019-10-14T08:07:00.644+0000][1][safepoint    ] Total time for which application threads were stopped: 0.0013324 seconds, Stopping threads took: 0.0007570 seconds
[2019-10-14T08:07:01.645+0000][1][safepoint    ] Application time: 1.0004040 seconds
[2019-10-14T08:07:01.647+0000][1][safepoint    ] Entering safepoint region: Cleanup
[2019-10-14T08:07:01.648+0000][1][safepoint    ] Leaving safepoint region
[2019-10-14T08:07:01.649+0000][1][safepoint    ] Total time for which application threads were stopped: 0.0015754 seconds, Stopping threads took: 0.0006296 seconds
[2019-10-14T08:07:02.650+0000][1][safepoint    ] Application time: 1.0005275 seconds
[2019-10-14T08:07:02.651+0000][1][safepoint    ] Entering safepoint region: Cleanup
[2019-10-14T08:07:02.652+0000][1][safepoint    ] Leaving safepoint region
[2019-10-14T08:07:02.653+0000][1][safepoint    ] Total time for which application threads were stopped: 0.0014872 seconds, Stopping threads took: 0.0006048 seconds
[2019-10-14T08:07:03.632+0000][1][safepoint    ] Application time: 1.0005646 seconds
[2019-10-14T08:07:03.633+0000][1][safepoint    ] Entering safepoint region: Cleanup
[2019-10-14T08:07:03.634+0000][1][safepoint    ] Leaving safepoint region
[2019-10-14T08:07:03.635+0000][1][safepoint    ] Total time for which application threads were stopped: 0.0018949 seconds, Stopping threads took: 0.0010795 seconds
[2019-10-14T08:07:04.637+0000][1][safepoint    ] Application time: 1.0014021 seconds
[2019-10-14T08:07:04.639+0000][1][safepoint    ] Entering safepoint region: Cleanup
[2019-10-14T08:07:04.640+0000][1][safepoint    ] Leaving safepoint region
[2019-10-14T08:07:04.641+0000][1][safepoint    ] Total time for which application threads were stopped: 0.0022177 seconds, Stopping threads took: 0.0011802 seconds
[2019-10-14T08:07:05.643+0000][1][safepoint    ] Application time: 1.0014331 seconds
[2019-10-14T08:07:05.649+0000][1][safepoint    ] Entering safepoint region: Cleanup
[2019-10-14T08:07:05.653+0000][1][safepoint    ] Leaving safepoint region
[2019-10-14T08:07:05.654+0000][1][safepoint    ] Total time for which application threads were stopped: 0.0059478 seconds, Stopping threads took: 0.0045639 seconds
[2019-10-14T08:07:06.657+0000][1][safepoint    ] Application time: 1.0021977 seconds
[2019-10-14T08:07:06.658+0000][1][safepoint    ] Entering safepoint region: Cleanup
[2019-10-14T08:07:06.659+0000][1][safepoint    ] Leaving safepoint region
[2019-10-14T08:07:06.660+0000][1][safepoint    ] Total time for which application threads were stopped: 0.0016167 seconds, Stopping threads took: 0.0008021 seconds
[2019-10-14T08:07:07.662+0000][1][safepoint    ] Application time: 1.0010830 seconds
[2019-10-14T08:07:07.663+0000][1][safepoint    ] Entering safepoint region: Cleanup
[2019-10-14T08:07:07.664+0000][1][safepoint    ] Leaving safepoint region
[2019-10-14T08:07:07.665+0000][1][safepoint    ] Total time for which application threads were stopped: 0.0016969 seconds, Stopping threads took: 0.0007033 seconds
[2019-10-14T08:07:08.669+0000][1][safepoint    ] Application time: 1.0040407 seconds
[2019-10-14T08:07:08.676+0000][1][safepoint    ] Entering safepoint region: Cleanup
[2019-10-14T08:07:08.679+0000][1][safepoint    ] Leaving safepoint region
[2019-10-14T08:07:08.681+0000][1][safepoint    ] Total time for which application threads were stopped: 0.0051881 seconds, Stopping threads took: 0.0024208 seconds
[2019-10-14T08:07:09.685+0000][1][safepoint    ] Application time: 1.0034642 seconds
[2019-10-14T08:07:09.687+0000][1][safepoint    ] Entering safepoint region: Cleanup
[2019-10-14T08:07:09.688+0000][1][safepoint    ] Leaving safepoint region
[2019-10-14T08:07:09.688+0000][1][safepoint    ] Total time for which application threads were stopped: 0.0019292 seconds, Stopping threads took: 0.0009678 seconds
[2019-10-14T08:07:10.690+0000][1][safepoint    ] Application time: 1.0010079 seconds
[2019-10-14T08:07:10.691+0000][1][safepoint    ] Entering safepoint region: Cleanup
[2019-10-14T08:07:10.692+0000][1][safepoint    ] Leaving safepoint region
[2019-10-14T08:07:10.692+0000][1][safepoint    ] Total time for which application threads were stopped: 0.0011841 seconds, Stopping threads took: 0.0005601 seconds
[2019-10-14T08:07:11.402+0000][1][safepoint    ] Application time: 0.7091459 seconds
[2019-10-14T08:07:11.403+0000][1][safepoint    ] Entering safepoint region: RevokeBias
[2019-10-14T08:07:11.405+0000][1][safepoint    ] Leaving safepoint region
[2019-10-14T08:07:11.406+0000][1][safepoint    ] Total time for which application threads were stopped: 0.0030907 seconds, Stopping threads took: 0.0012254 seconds
[2019-10-14T08:07:12.409+0000][1][safepoint    ] Application time: 1.0012370 seconds
[2019-10-14T08:07:12.411+0000][1][safepoint    ] Entering safepoint region: Cleanup
[2019-10-14T08:07:12.412+0000][1][safepoint    ] Leaving safepoint region
[2019-10-14T08:07:12.412+0000][1][safepoint    ] Total time for which application threads were stopped: 0.0016579 seconds, Stopping threads took: 0.0008536 seconds
[2019-10-14T08:07:13.413+0000][1][safepoint    ] Application time: 1.0003558 seconds
[2019-10-14T08:07:13.414+0000][1][safepoint    ] Entering safepoint region: Cleanup
[2019-10-14T08:07:13.415+0000][1][safepoint    ] Leaving safepoint region
[2019-10-14T08:07:13.416+0000][1][safepoint    ] Total time for which application threads were stopped: 0.0012254 seconds, Stopping threads took: 0.0006025 seconds
[2019-10-14T08:07:13.952+0000][1][safepoint    ] Application time: 0.5356184 seconds
[2019-10-14T08:07:13.956+0000][1][safepoint    ] Entering safepoint region: RevokeBias
[2019-10-14T08:07:13.956+0000][1][safepoint    ] Leaving safepoint region
[2019-10-14T08:07:13.957+0000][1][safepoint    ] Total time for which application threads were stopped: 0.0015398 seconds, Stopping threads took: 0.0008041 seconds
[2019-10-14T08:07:13.957+0000][1][safepoint    ] Application time: 0.0001905 seconds
[2019-10-14T08:07:13.958+0000][1][safepoint    ] Entering safepoint region: RevokeBias
[2019-10-14T08:07:13.958+0000][1][safepoint    ] Leaving safepoint region
[2019-10-14T08:07:13.959+0000][1][safepoint    ] Total time for which application threads were stopped: 0.0008510 seconds, Stopping threads took: 0.0003985 seconds
[2019-10-14T08:07:13.963+0000][1][safepoint    ] Application time: 0.0041428 seconds
[2019-10-14T08:07:13.963+0000][1][safepoint    ] Entering safepoint region: RevokeBias
[2019-10-14T08:07:13.964+0000][1][safepoint    ] Leaving safepoint region
[2019-10-14T08:07:13.964+0000][1][safepoint    ] Total time for which application threads were stopped: 0.0011328 seconds, Stopping threads took: 0.0005562 seconds
[2019-10-14T08:07:13.967+0000][1][safepoint    ] Application time: 0.0023066 seconds
[2019-10-14T08:07:13.968+0000][1][safepoint    ] Entering safepoint region: BulkRevokeBias
[2019-10-14T08:07:13.970+0000][1][safepoint    ] Leaving safepoint region
[2019-10-14T08:07:13.970+0000][1][safepoint    ] Total time for which application threads were stopped: 0.0024469 seconds, Stopping threads took: 0.0003297 seconds
[2019-10-14T08:07:14.971+0000][1][safepoint    ] Application time: 1.0003064 seconds
[2019-10-14T08:07:14.972+0000][1][safepoint    ] Entering safepoint region: Cleanup
[2019-10-14T08:07:14.972+0000][1][safepoint    ] Leaving safepoint region
[2019-10-14T08:07:14.973+0000][1][safepoint    ] Total time for which application threads were stopped: 0.0012286 seconds, Stopping threads took: 0.0005429 seconds
[2019-10-14T08:07:15.976+0000][1][safepoint    ] Application time: 1.0020955 seconds
[2019-10-14T08:07:15.977+0000][1][safepoint    ] Entering safepoint region: Cleanup
[2019-10-14T08:07:15.977+0000][1][safepoint    ] Leaving safepoint region
[2019-10-14T08:07:15.978+0000][1][safepoint    ] Total time for which application threads were stopped: 0.0012904 seconds, Stopping threads took: 0.0007122 seconds
[2019-10-14T08:07:16.979+0000][1][safepoint    ] Application time: 1.0006850 seconds
[2019-10-14T08:07:16.980+0000][1][safepoint    ] Entering safepoint region: Cleanup
[2019-10-14T08:07:16.981+0000][1][safepoint    ] Leaving safepoint region
[2019-10-14T08:07:16.981+0000][1][safepoint    ] Total time for which application threads were stopped: 0.0014804 seconds, Stopping threads took: 0.0008569 seconds
[2019-10-14T08:07:17.984+0000][1][safepoint    ] Application time: 1.0018645 seconds
[2019-10-14T08:07:17.985+0000][1][safepoint    ] Entering safepoint region: Cleanup
[2019-10-14T08:07:17.987+0000][1][safepoint    ] Leaving safepoint region
[2019-10-14T08:07:17.988+0000][1][safepoint    ] Total time for which application threads were stopped: 0.0029017 seconds, Stopping threads took: 0.0019815 seconds
[2019-10-14T08:07:18.989+0000][1][safepoint    ] Application time: 1.0005437 seconds
[2019-10-14T08:07:18.990+0000][1][safepoint    ] Entering safepoint region: Cleanup
[2019-10-14T08:07:18.991+0000][1][safepoint    ] Leaving safepoint region
[2019-10-14T08:07:18.994+0000][1][safepoint    ] Total time for which application threads were stopped: 0.0038932 seconds, Stopping threads took: 0.0013219 seconds
[2019-10-14T08:07:19.995+0000][1][safepoint    ] Application time: 1.0002340 seconds
[2019-10-14T08:07:19.995+0000][1][safepoint    ] Entering safepoint region: Cleanup
[2019-10-14T08:07:19.996+0000][1][safepoint    ] Leaving safepoint region
[2019-10-14T08:07:19.996+0000][1][safepoint    ] Total time for which application threads were stopped: 0.0010088 seconds, Stopping threads took: 0.0005856 seconds
[2019-10-14T08:07:20.996+0000][1][safepoint    ] Application time: 1.0002254 seconds
[2019-10-14T08:07:20.997+0000][1][safepoint    ] Entering safepoint region: Cleanup
[2019-10-14T08:07:20.998+0000][1][safepoint    ] Leaving safepoint region
[2019-10-14T08:07:20.998+0000][1][safepoint    ] Total time for which application threads were stopped: 0.0011240 seconds, Stopping threads took: 0.0006409 seconds
[2019-10-14T08:07:21.471+0000][1][safepoint    ] Application time: 0.4721715 seconds
[2019-10-14T08:07:21.472+0000][1][safepoint    ] Entering safepoint region: GenCollectForAllocation
[2019-10-14T08:07:21.473+0000][1][gc,start     ] GC(55) Pause Young (Allocation Failure)
[2019-10-14T08:07:21.474+0000][1][gc,task      ] GC(55) Using 2 workers of 2 for evacuation
[2019-10-14T08:07:21.482+0000][1][gc,age       ] GC(55) Desired survivor size 4456448 bytes, new threshold 6 (max threshold 6)
[2019-10-14T08:07:21.482+0000][1][gc,age       ] GC(55) Age table with threshold 6 (max threshold 6)
[2019-10-14T08:07:21.483+0000][1][gc,age       ] GC(55) - age   1:      66616 bytes,      66616 total
[2019-10-14T08:07:21.483+0000][1][gc,age       ] GC(55) - age   2:      57680 bytes,     124296 total
[2019-10-14T08:07:21.490+0000][1][gc,age       ] GC(55) - age   3:     635088 bytes,     759384 total
[2019-10-14T08:07:21.491+0000][1][gc,age       ] GC(55) - age   4:     753248 bytes,    1512632 total
[2019-10-14T08:07:21.492+0000][1][gc,age       ] GC(55) - age   5:     590120 bytes,    2102752 total
[2019-10-14T08:07:21.492+0000][1][gc,age       ] GC(55) - age   6:     556432 bytes,    2659184 total
[2019-10-14T08:07:21.493+0000][1][gc,heap      ] GC(55) ParNew: 73706K->3477K(78656K)
[2019-10-14T08:07:21.493+0000][1][gc,heap      ] GC(55) CMS: 78829K->78829K(174784K)
[2019-10-14T08:07:21.493+0000][1][gc,metaspace ] GC(55) Metaspace: 83737K->83737K(1126400K)
[2019-10-14T08:07:21.494+0000][1][gc           ] GC(55) Pause Young (Allocation Failure) 148M->80M(247M) 20.769ms
[2019-10-14T08:07:21.494+0000][1][gc,cpu       ] GC(55) User=0.01s Sys=0.00s Real=0.03s
[2019-10-14T08:07:21.494+0000][1][safepoint    ] Leaving safepoint region
[2019-10-14T08:07:21.495+0000][1][safepoint    ] Total time for which application threads were stopped: 0.0225735 seconds, Stopping threads took: 0.0007394 seconds
[2019-10-14T08:07:22.498+0000][1][safepoint    ] Application time: 1.0029076 seconds
[2019-10-14T08:07:22.499+0000][1][safepoint    ] Entering safepoint region: Cleanup
[2019-10-14T08:07:22.499+0000][1][safepoint    ] Leaving safepoint region
[2019-10-14T08:07:22.500+0000][1][safepoint    ] Total time for which application threads were stopped: 0.0007568 seconds, Stopping threads took: 0.0003923 seconds
[2019-10-14T08:07:23.500+0000][1][safepoint    ] Application time: 1.0005464 seconds
[2019-10-14T08:07:23.501+0000][1][safepoint    ] Entering safepoint region: Cleanup
[2019-10-14T08:07:23.502+0000][1][safepoint    ] Leaving safepoint region
[2019-10-14T08:07:23.502+0000][1][safepoint    ] Total time for which application threads were stopped: 0.0013975 seconds, Stopping threads took: 0.0004992 seconds
[2019-10-14T08:07:24.503+0000][1][safepoint    ] Application time: 1.0003755 seconds
[2019-10-14T08:07:24.504+0000][1][safepoint    ] Entering safepoint region: Cleanup
[2019-10-14T08:07:24.504+0000][1][safepoint    ] Leaving safepoint region
[2019-10-14T08:07:24.505+0000][1][safepoint    ] Total time for which application threads were stopped: 0.0011116 seconds, Stopping threads took: 0.0003689 seconds
[2019-10-14T08:07:25.506+0000][1][safepoint    ] Application time: 1.0005018 seconds
[2019-10-14T08:07:25.507+0000][1][safepoint    ] Entering safepoint region: Cleanup
[2019-10-14T08:07:25.508+0000][1][safepoint    ] Leaving safepoint region
[2019-10-14T08:07:25.508+0000][1][safepoint    ] Total time for which application threads were stopped: 0.0015229 seconds, Stopping threads took: 0.0007935 seconds
[2019-10-14T08:07:26.510+0000][1][safepoint    ] Application time: 1.0009462 seconds
[2019-10-14T08:07:26.510+0000][1][safepoint    ] Entering safepoint region: Cleanup
[2019-10-14T08:07:26.511+0000][1][safepoint    ] Leaving safepoint region
[2019-10-14T08:07:26.511+0000][1][safepoint    ] Total time for which application threads were stopped: 0.0010025 seconds, Stopping threads took: 0.0004246 seconds
[2019-10-14T08:07:27.514+0000][1][safepoint    ] Application time: 1.0024323 seconds
[2019-10-14T08:07:27.515+0000][1][safepoint    ] Entering safepoint region: Cleanup
[2019-10-14T08:07:27.516+0000][1][safepoint    ] Leaving safepoint region
[2019-10-14T08:07:27.516+0000][1][safepoint    ] Total time for which application threads were stopped: 0.0015622 seconds, Stopping threads took: 0.0005302 seconds
[2019-10-14T08:07:28.519+0000][1][safepoint    ] Application time: 1.0016886 seconds
[2019-10-14T08:07:28.519+0000][1][safepoint    ] Entering safepoint region: Cleanup
[2019-10-14T08:07:28.520+0000][1][safepoint    ] Leaving safepoint region
[2019-10-14T08:07:28.520+0000][1][safepoint    ] Total time for which application threads were stopped: 0.0011936 seconds, Stopping threads took: 0.0005699 seconds
[2019-10-14T08:07:29.522+0000][1][safepoint    ] Application time: 1.0011138 seconds
[2019-10-14T08:07:29.523+0000][1][safepoint    ] Entering safepoint region: Cleanup
[2019-10-14T08:07:29.524+0000][1][safepoint    ] Leaving safepoint region
[2019-10-14T08:07:29.524+0000][1][safepoint    ] Total time for which application threads were stopped: 0.0014370 seconds, Stopping threads took: 0.0008667 seconds
[2019-10-14T08:07:30.527+0000][1][safepoint    ] Application time: 1.0002644 seconds
[2019-10-14T08:07:30.528+0000][1][safepoint    ] Entering safepoint region: Cleanup
[2019-10-14T08:07:30.529+0000][1][safepoint    ] Leaving safepoint region
[2019-10-14T08:07:30.529+0000][1][safepoint    ] Total time for which application threads were stopped: 0.0009997 seconds, Stopping threads took: 0.0003948 seconds
[2019-10-14T08:07:31.530+0000][1][safepoint    ] Application time: 1.0004042 seconds
[2019-10-14T08:07:31.531+0000][1][safepoint    ] Entering safepoint region: Cleanup
[2019-10-14T08:07:31.531+0000][1][safepoint    ] Leaving safepoint region
[2019-10-14T08:07:31.532+0000][1][safepoint    ] Total time for which application threads were stopped: 0.0014975 seconds, Stopping threads took: 0.0006564 seconds
[2019-10-14T08:07:32.533+0000][1][safepoint    ] Application time: 1.0006683 seconds
[2019-10-14T08:07:32.534+0000][1][safepoint    ] Entering safepoint region: Cleanup
[2019-10-14T08:07:32.534+0000][1][safepoint    ] Leaving safepoint region
[2019-10-14T08:07:32.534+0000][1][safepoint    ] Total time for which application threads were stopped: 0.0008324 seconds, Stopping threads took: 0.0003782 seconds
[2019-10-14T08:07:33.514+0000][1][safepoint    ] Application time: 1.0005608 seconds
[2019-10-14T08:07:33.515+0000][1][safepoint    ] Entering safepoint region: Cleanup
[2019-10-14T08:07:33.515+0000][1][safepoint    ] Leaving safepoint region
[2019-10-14T08:07:33.521+0000][1][safepoint    ] Total time for which application threads were stopped: 0.0066156 seconds, Stopping threads took: 0.0006940 seconds
[2019-10-14T08:07:34.523+0000][1][safepoint    ] Application time: 1.0004429 seconds
[2019-10-14T08:07:34.523+0000][1][safepoint    ] Entering safepoint region: Cleanup
[2019-10-14T08:07:34.523+0000][1][safepoint    ] Leaving safepoint region
[2019-10-14T08:07:34.524+0000][1][safepoint    ] Total time for which application threads were stopped: 0.0006744 seconds, Stopping threads took: 0.0002813 seconds
[2019-10-14T08:07:35.490+0000][1][safepoint    ] Application time: 0.9663181 seconds
[2019-10-14T08:07:35.491+0000][1][safepoint    ] Entering safepoint region: RevokeBias
[2019-10-14T08:07:35.492+0000][1][safepoint    ] Leaving safepoint region
[2019-10-14T08:07:35.492+0000][1][safepoint    ] Total time for which application threads were stopped: 0.0009619 seconds, Stopping threads took: 0.0004949 seconds
[2019-10-14T08:07:36.493+0000][1][safepoint    ] Application time: 1.0002498 seconds
[2019-10-14T08:07:36.493+0000][1][safepoint    ] Entering safepoint region: Cleanup
[2019-10-14T08:07:36.494+0000][1][safepoint    ] Leaving safepoint region
[2019-10-14T08:07:36.494+0000][1][safepoint    ] Total time for which application threads were stopped: 0.0010175 seconds, Stopping threads took: 0.0005089 seconds
[2019-10-14T08:07:37.495+0000][1][safepoint    ] Application time: 1.0004691 seconds
[2019-10-14T08:07:37.496+0000][1][safepoint    ] Entering safepoint region: Cleanup
[2019-10-14T08:07:37.496+0000][1][safepoint    ] Leaving safepoint region
[2019-10-14T08:07:37.496+0000][1][safepoint    ] Total time for which application threads were stopped: 0.0007547 seconds, Stopping threads took: 0.0003770 seconds
[2019-10-14T08:07:38.498+0000][1][safepoint    ] Application time: 1.0012702 seconds
[2019-10-14T08:07:38.499+0000][1][safepoint    ] Entering safepoint region: Cleanup
[2019-10-14T08:07:38.499+0000][1][safepoint    ] Leaving safepoint region
[2019-10-14T08:07:38.500+0000][1][safepoint    ] Total time for which application threads were stopped: 0.0013023 seconds, Stopping threads took: 0.0004529 seconds
[2019-10-14T08:07:39.501+0000][1][safepoint    ] Application time: 1.0002726 seconds
[2019-10-14T08:07:39.502+0000][1][safepoint    ] Entering safepoint region: Cleanup
[2019-10-14T08:07:39.505+0000][1][safepoint    ] Leaving safepoint region
[2019-10-14T08:07:39.505+0000][1][safepoint    ] Total time for which application threads were stopped: 0.0036995 seconds, Stopping threads took: 0.0027336 seconds
[2019-10-14T08:07:40.507+0000][1][safepoint    ] Application time: 1.0008308 seconds
[2019-10-14T08:07:40.508+0000][1][safepoint    ] Entering safepoint region: Cleanup
[2019-10-14T08:07:40.508+0000][1][safepoint    ] Leaving safepoint region
[2019-10-14T08:07:40.509+0000][1][safepoint    ] Total time for which application threads were stopped: 0.0013450 seconds, Stopping threads took: 0.0007308 seconds
[2019-10-14T08:07:41.510+0000][1][safepoint    ] Application time: 1.0002317 seconds
[2019-10-14T08:07:41.510+0000][1][safepoint    ] Entering safepoint region: Cleanup
[2019-10-14T08:07:41.511+0000][1][safepoint    ] Leaving safepoint region
[2019-10-14T08:07:41.511+0000][1][safepoint    ] Total time for which application threads were stopped: 0.0010711 seconds, Stopping threads took: 0.0005675 seconds
[2019-10-14T08:07:42.512+0000][1][safepoint    ] Application time: 1.0002756 seconds
[2019-10-14T08:07:42.513+0000][1][safepoint    ] Entering safepoint region: Cleanup
[2019-10-14T08:07:42.514+0000][1][safepoint    ] Leaving safepoint region
[2019-10-14T08:07:42.515+0000][1][safepoint    ] Total time for which application threads were stopped: 0.0017035 seconds, Stopping threads took: 0.0008284 seconds
[2019-10-14T08:07:43.517+0000][1][safepoint    ] Application time: 1.0016375 seconds
[2019-10-14T08:07:43.518+0000][1][safepoint    ] Entering safepoint region: Cleanup
[2019-10-14T08:07:43.519+0000][1][safepoint    ] Leaving safepoint region
[2019-10-14T08:07:43.520+0000][1][safepoint    ] Total time for which application threads were stopped: 0.0019428 seconds, Stopping threads took: 0.0010584 seconds
[2019-10-14T08:07:44.521+0000][1][safepoint    ] Application time: 1.0004527 seconds
[2019-10-14T08:07:44.521+0000][1][safepoint    ] Entering safepoint region: Cleanup
[2019-10-14T08:07:44.522+0000][1][safepoint    ] Leaving safepoint region
[2019-10-14T08:07:44.522+0000][1][safepoint    ] Total time for which application threads were stopped: 0.0007462 seconds, Stopping threads took: 0.0003163 seconds
[2019-10-14T08:07:45.525+0000][1][safepoint    ] Application time: 1.0021731 seconds
[2019-10-14T08:07:45.525+0000][1][safepoint    ] Entering safepoint region: Cleanup
[2019-10-14T08:07:45.526+0000][1][safepoint    ] Leaving safepoint region
[2019-10-14T08:07:45.526+0000][1][safepoint    ] Total time for which application threads were stopped: 0.0011368 seconds, Stopping threads took: 0.0005359 seconds
[2019-10-14T08:07:45.809+0000][1][safepoint    ] Application time: 0.2821479 seconds
[2019-10-14T08:07:45.809+0000][1][safepoint    ] Entering safepoint region: RevokeBias
[2019-10-14T08:07:45.810+0000][1][safepoint    ] Leaving safepoint region
[2019-10-14T08:07:45.811+0000][1][safepoint    ] Total time for which application threads were stopped: 0.0011138 seconds, Stopping threads took: 0.0004840 seconds
[2019-10-14T08:07:45.811+0000][1][safepoint    ] Application time: 0.0003297 seconds
[2019-10-14T08:07:45.812+0000][1][safepoint    ] Entering safepoint region: RevokeBias
[2019-10-14T08:07:45.812+0000][1][safepoint    ] Leaving safepoint region
[2019-10-14T08:07:45.813+0000][1][safepoint    ] Total time for which application threads were stopped: 0.0008464 seconds, Stopping threads took: 0.0003830 seconds
[2019-10-14T08:07:45.814+0000][1][safepoint    ] Application time: 0.0007342 seconds
[2019-10-14T08:07:45.814+0000][1][safepoint    ] Entering safepoint region: RevokeBias
[2019-10-14T08:07:45.814+0000][1][safepoint    ] Leaving safepoint region
[2019-10-14T08:07:45.815+0000][1][safepoint    ] Total time for which application threads were stopped: 0.0006830 seconds, Stopping threads took: 0.0003374 seconds
[2019-10-14T08:07:45.815+0000][1][safepoint    ] Application time: 0.0001901 seconds
[2019-10-14T08:07:45.816+0000][1][safepoint    ] Entering safepoint region: RevokeBias
[2019-10-14T08:07:45.816+0000][1][safepoint    ] Leaving safepoint region
[2019-10-14T08:07:45.816+0000][1][safepoint    ] Total time for which application threads were stopped: 0.0006820 seconds, Stopping threads took: 0.0002893 seconds
[2019-10-14T08:07:45.817+0000][1][safepoint    ] Application time: 0.0001868 seconds
[2019-10-14T08:07:45.817+0000][1][safepoint    ] Entering safepoint region: RevokeBias
[2019-10-14T08:07:45.817+0000][1][safepoint    ] Leaving safepoint region
[2019-10-14T08:07:45.818+0000][1][safepoint    ] Total time for which application threads were stopped: 0.0006799 seconds, Stopping threads took: 0.0002743 seconds
[2019-10-14T08:07:45.818+0000][1][safepoint    ] Application time: 0.0002054 seconds
[2019-10-14T08:07:45.819+0000][1][safepoint    ] Entering safepoint region: RevokeBias
[2019-10-14T08:07:45.819+0000][1][safepoint    ] Leaving safepoint region
[2019-10-14T08:07:45.819+0000][1][safepoint    ] Total time for which application threads were stopped: 0.0008436 seconds, Stopping threads took: 0.0003686 seconds
[2019-10-14T08:07:45.820+0000][1][safepoint    ] Application time: 0.0002751 seconds
[2019-10-14T08:07:45.820+0000][1][safepoint    ] Entering safepoint region: RevokeBias
[2019-10-14T08:07:45.821+0000][1][safepoint    ] Leaving safepoint region
[2019-10-14T08:07:45.821+0000][1][safepoint    ] Total time for which application threads were stopped: 0.0007034 seconds, Stopping threads took: 0.0003518 seconds
[2019-10-14T08:07:45.832+0000][1][safepoint    ] Application time: 0.0111255 seconds
[2019-10-14T08:07:45.833+0000][1][safepoint    ] Entering safepoint region: RevokeBias
[2019-10-14T08:07:45.833+0000][1][safepoint    ] Leaving safepoint region
[2019-10-14T08:07:45.833+0000][1][safepoint    ] Total time for which application threads were stopped: 0.0005387 seconds, Stopping threads took: 0.0002406 seconds
[2019-10-14T08:07:46.802+0000][1][safepoint    ] Application time: 0.9688388 seconds
[2019-10-14T08:07:46.803+0000][1][safepoint    ] Entering safepoint region: RevokeBias
[2019-10-14T08:07:46.804+0000][1][safepoint    ] Leaving safepoint region
[2019-10-14T08:07:46.804+0000][1][safepoint    ] Total time for which application threads were stopped: 0.0012718 seconds, Stopping threads took: 0.0005178 seconds
[2019-10-14T08:07:47.806+0000][1][safepoint    ] Application time: 1.0009790 seconds
[2019-10-14T08:07:47.807+0000][1][safepoint    ] Entering safepoint region: Cleanup
[2019-10-14T08:07:47.808+0000][1][safepoint    ] Leaving safepoint region
[2019-10-14T08:07:47.808+0000][1][safepoint    ] Total time for which application threads were stopped: 0.0013057 seconds, Stopping threads took: 0.0005715 seconds
[2019-10-14T08:07:48.809+0000][1][safepoint    ] Application time: 1.0006318 seconds
[2019-10-14T08:07:48.810+0000][1][safepoint    ] Entering safepoint region: Cleanup
[2019-10-14T08:07:48.810+0000][1][safepoint    ] Leaving safepoint region
[2019-10-14T08:07:48.811+0000][1][safepoint    ] Total time for which application threads were stopped: 0.0008766 seconds, Stopping threads took: 0.0004845 seconds
[2019-10-14T08:07:49.811+0000][1][safepoint    ] Application time: 1.0002020 seconds
[2019-10-14T08:07:49.812+0000][1][safepoint    ] Entering safepoint region: Cleanup
[2019-10-14T08:07:49.812+0000][1][safepoint    ] Leaving safepoint region
[2019-10-14T08:07:49.812+0000][1][safepoint    ] Total time for which application threads were stopped: 0.0007128 seconds, Stopping threads took: 0.0002858 seconds
[2019-10-14T08:07:50.813+0000][1][safepoint    ] Application time: 1.0002121 seconds
[2019-10-14T08:07:50.813+0000][1][safepoint    ] Entering safepoint region: Cleanup
[2019-10-14T08:07:50.813+0000][1][safepoint    ] Leaving safepoint region
[2019-10-14T08:07:50.814+0000][1][safepoint    ] Total time for which application threads were stopped: 0.0005659 seconds, Stopping threads took: 0.0002492 seconds
[2019-10-14T08:07:50.851+0000][1][safepoint    ] Application time: 0.0373953 seconds
[2019-10-14T08:07:50.852+0000][1][safepoint    ] Entering safepoint region: RevokeBias
[2019-10-14T08:07:50.852+0000][1][safepoint    ] Leaving safepoint region
[2019-10-14T08:07:50.852+0000][1][safepoint    ] Total time for which application threads were stopped: 0.0006561 seconds, Stopping threads took: 0.0002830 seconds
[2019-10-14T08:07:50.888+0000][1][safepoint    ] Application time: 0.0354892 seconds
[2019-10-14T08:07:50.889+0000][1][safepoint    ] Entering safepoint region: RevokeBias
[2019-10-14T08:07:50.889+0000][1][safepoint    ] Leaving safepoint region
[2019-10-14T08:07:50.889+0000][1][safepoint    ] Total time for which application threads were stopped: 0.0006084 seconds, Stopping threads took: 0.0002598 seconds
[2019-10-14T08:07:50.908+0000][1][safepoint    ] Application time: 0.0185077 seconds
[2019-10-14T08:07:50.908+0000][1][safepoint    ] Entering safepoint region: RevokeBias
[2019-10-14T08:07:50.909+0000][1][safepoint    ] Leaving safepoint region
[2019-10-14T08:07:50.909+0000][1][safepoint    ] Total time for which application threads were stopped: 0.0005614 seconds, Stopping threads took: 0.0002365 seconds
[2019-10-14T08:07:50.912+0000][1][safepoint    ] Application time: 0.0031138 seconds
[2019-10-14T08:07:50.913+0000][1][safepoint    ] Entering safepoint region: RevokeBias
[2019-10-14T08:07:50.913+0000][1][safepoint    ] Leaving safepoint region
[2019-10-14T08:07:50.913+0000][1][safepoint    ] Total time for which application threads were stopped: 0.0005341 seconds, Stopping threads took: 0.0002053 seconds
[2019-10-14T08:07:50.914+0000][1][safepoint    ] Application time: 0.0002656 seconds
[2019-10-14T08:07:50.914+0000][1][safepoint    ] Entering safepoint region: RevokeBias
[2019-10-14T08:07:50.915+0000][1][safepoint    ] Leaving safepoint region
[2019-10-14T08:07:50.915+0000][1][safepoint    ] Total time for which application threads were stopped: 0.0005619 seconds, Stopping threads took: 0.0002121 seconds
[2019-10-14T08:07:50.928+0000][1][safepoint    ] Application time: 0.0134392 seconds
[2019-10-14T08:07:50.929+0000][1][safepoint    ] Entering safepoint region: RevokeBias
[2019-10-14T08:07:50.929+0000][1][safepoint    ] Leaving safepoint region
[2019-10-14T08:07:50.929+0000][1][safepoint    ] Total time for which application threads were stopped: 0.0004130 seconds, Stopping threads took: 0.0001862 seconds
[2019-10-14T08:07:50.929+0000][1][safepoint    ] Application time: 0.0001798 seconds
[2019-10-14T08:07:50.930+0000][1][safepoint    ] Entering safepoint region: RevokeBias
[2019-10-14T08:07:50.930+0000][1][safepoint    ] Leaving safepoint region
[2019-10-14T08:07:50.930+0000][1][safepoint    ] Total time for which application threads were stopped: 0.0004106 seconds, Stopping threads took: 0.0001803 seconds
[2019-10-14T08:07:50.953+0000][1][safepoint    ] Application time: 0.0227129 seconds
[2019-10-14T08:07:50.953+0000][1][safepoint    ] Entering safepoint region: RevokeBias
[2019-10-14T08:07:50.953+0000][1][safepoint    ] Leaving safepoint region
[2019-10-14T08:07:50.953+0000][1][safepoint    ] Total time for which application threads were stopped: 0.0004413 seconds, Stopping threads took: 0.0001960 seconds
[2019-10-14T08:07:50.954+0000][1][safepoint    ] Application time: 0.0002162 seconds
[2019-10-14T08:07:50.955+0000][1][safepoint    ] Entering safepoint region: RevokeBias
[2019-10-14T08:07:50.955+0000][1][safepoint    ] Leaving safepoint region
[2019-10-14T08:07:50.955+0000][1][safepoint    ] Total time for which application threads were stopped: 0.0005143 seconds, Stopping threads took: 0.0002243 seconds
[2019-10-14T08:07:50.955+0000][1][safepoint    ] Application time: 0.0001905 seconds
[2019-10-14T08:07:50.956+0000][1][safepoint    ] Entering safepoint region: RevokeBias
[2019-10-14T08:07:50.956+0000][1][safepoint    ] Leaving safepoint region
[2019-10-14T08:07:50.956+0000][1][safepoint    ] Total time for which application threads were stopped: 0.0004579 seconds, Stopping threads took: 0.0001894 seconds
[2019-10-14T08:07:50.974+0000][1][safepoint    ] Application time: 0.0179327 seconds
[2019-10-14T08:07:50.975+0000][1][safepoint    ] Entering safepoint region: RevokeBias
[2019-10-14T08:07:50.975+0000][1][safepoint    ] Leaving safepoint region
[2019-10-14T08:07:50.975+0000][1][safepoint    ] Total time for which application threads were stopped: 0.0006275 seconds, Stopping threads took: 0.0001961 seconds
[2019-10-14T08:07:50.979+0000][1][safepoint    ] Application time: 0.0035443 seconds
[2019-10-14T08:07:50.979+0000][1][safepoint    ] Entering safepoint region: RevokeBias
[2019-10-14T08:07:50.979+0000][1][safepoint    ] Leaving safepoint region
[2019-10-14T08:07:50.980+0000][1][safepoint    ] Total time for which application threads were stopped: 0.0004840 seconds, Stopping threads took: 0.0002157 seconds
[2019-10-14T08:07:50.991+0000][1][safepoint    ] Application time: 0.0109193 seconds
[2019-10-14T08:07:50.991+0000][1][safepoint    ] Entering safepoint region: RevokeBias
[2019-10-14T08:07:50.991+0000][1][safepoint    ] Leaving safepoint region
[2019-10-14T08:07:50.991+0000][1][safepoint    ] Total time for which application threads were stopped: 0.0004284 seconds, Stopping threads took: 0.0001965 seconds
[2019-10-14T08:07:50.992+0000][1][safepoint    ] Application time: 0.0001661 seconds
[2019-10-14T08:07:50.992+0000][1][safepoint    ] Entering safepoint region: RevokeBias
[2019-10-14T08:07:50.992+0000][1][safepoint    ] Leaving safepoint region
[2019-10-14T08:07:50.992+0000][1][safepoint    ] Total time for which application threads were stopped: 0.0004163 seconds, Stopping threads took: 0.0001779 seconds
[2019-10-14T08:07:51.017+0000][1][safepoint    ] Application time: 0.0241154 seconds
[2019-10-14T08:07:51.017+0000][1][safepoint    ] Entering safepoint region: RevokeBias
[2019-10-14T08:07:51.017+0000][1][safepoint    ] Leaving safepoint region
[2019-10-14T08:07:51.017+0000][1][safepoint    ] Total time for which application threads were stopped: 0.0004541 seconds, Stopping threads took: 0.0001953 seconds
[2019-10-14T08:07:51.037+0000][1][safepoint    ] Application time: 0.0196252 seconds
[2019-10-14T08:07:51.038+0000][1][safepoint    ] Entering safepoint region: RevokeBias
[2019-10-14T08:07:51.038+0000][1][safepoint    ] Leaving safepoint region
[2019-10-14T08:07:51.038+0000][1][safepoint    ] Total time for which application threads were stopped: 0.0004168 seconds, Stopping threads took: 0.0001826 seconds
[2019-10-14T08:07:51.043+0000][1][safepoint    ] Application time: 0.0044828 seconds
[2019-10-14T08:07:51.043+0000][1][safepoint    ] Entering safepoint region: RevokeBias
[2019-10-14T08:07:51.043+0000][1][safepoint    ] Leaving safepoint region
[2019-10-14T08:07:51.044+0000][1][safepoint    ] Total time for which application threads were stopped: 0.0007346 seconds, Stopping threads took: 0.0003067 seconds
[2019-10-14T08:07:51.044+0000][1][safepoint    ] Application time: 0.0002376 seconds
[2019-10-14T08:07:51.044+0000][1][safepoint    ] Entering safepoint region: RevokeBias
[2019-10-14T08:07:51.044+0000][1][safepoint    ] Leaving safepoint region
[2019-10-14T08:07:51.045+0000][1][safepoint    ] Total time for which application threads were stopped: 0.0004554 seconds, Stopping threads took: 0.0002084 seconds
[2019-10-14T08:07:51.055+0000][1][safepoint    ] Application time: 0.0104322 seconds
[2019-10-14T08:07:51.055+0000][1][safepoint    ] Entering safepoint region: RevokeBias
[2019-10-14T08:07:51.056+0000][1][safepoint    ] Leaving safepoint region
[2019-10-14T08:07:51.056+0000][1][safepoint    ] Total time for which application threads were stopped: 0.0004288 seconds, Stopping threads took: 0.0001860 seconds
[2019-10-14T08:07:51.056+0000][1][safepoint    ] Application time: 0.0001634 seconds
[2019-10-14T08:07:51.056+0000][1][safepoint    ] Entering safepoint region: RevokeBias
[2019-10-14T08:07:51.057+0000][1][safepoint    ] Leaving safepoint region
[2019-10-14T08:07:51.057+0000][1][safepoint    ] Total time for which application threads were stopped: 0.0007729 seconds, Stopping threads took: 0.0004832 seconds
[2019-10-14T08:07:51.085+0000][1][safepoint    ] Application time: 0.0275415 seconds
[2019-10-14T08:07:51.085+0000][1][safepoint    ] Entering safepoint region: RevokeBias
[2019-10-14T08:07:51.086+0000][1][safepoint    ] Leaving safepoint region
[2019-10-14T08:07:51.086+0000][1][safepoint    ] Total time for which application threads were stopped: 0.0004868 seconds, Stopping threads took: 0.0001868 seconds
[2019-10-14T08:07:51.148+0000][1][safepoint    ] Application time: 0.0617195 seconds
[2019-10-14T08:07:51.148+0000][1][safepoint    ] Entering safepoint region: RevokeBias
[2019-10-14T08:07:51.148+0000][1][safepoint    ] Leaving safepoint region
[2019-10-14T08:07:51.149+0000][1][safepoint    ] Total time for which application threads were stopped: 0.0004656 seconds, Stopping threads took: 0.0001904 seconds
[2019-10-14T08:07:51.156+0000][1][safepoint    ] Application time: 0.0069970 seconds
[2019-10-14T08:07:51.156+0000][1][safepoint    ] Entering safepoint region: RevokeBias
[2019-10-14T08:07:51.157+0000][1][safepoint    ] Leaving safepoint region
[2019-10-14T08:07:51.157+0000][1][safepoint    ] Total time for which application threads were stopped: 0.0011122 seconds, Stopping threads took: 0.0003901 seconds
[2019-10-14T08:07:51.159+0000][1][safepoint    ] Application time: 0.0002720 seconds
[2019-10-14T08:07:51.159+0000][1][safepoint    ] Entering safepoint region: RevokeBias
[2019-10-14T08:07:51.159+0000][1][safepoint    ] Leaving safepoint region
[2019-10-14T08:07:51.160+0000][1][safepoint    ] Total time for which application threads were stopped: 0.0007532 seconds, Stopping threads took: 0.0003239 seconds
[2019-10-14T08:07:51.179+0000][1][safepoint    ] Application time: 0.0183469 seconds
[2019-10-14T08:07:51.179+0000][1][safepoint    ] Entering safepoint region: RevokeBias
[2019-10-14T08:07:51.179+0000][1][safepoint    ] Leaving safepoint region
[2019-10-14T08:07:51.180+0000][1][safepoint    ] Total time for which application threads were stopped: 0.0008712 seconds, Stopping threads took: 0.0003845 seconds
[2019-10-14T08:07:51.180+0000][1][safepoint    ] Application time: 0.0001154 seconds
[2019-10-14T08:07:51.181+0000][1][safepoint    ] Entering safepoint region: RevokeBias
[2019-10-14T08:07:51.181+0000][1][safepoint    ] Leaving safepoint region
[2019-10-14T08:07:51.181+0000][1][safepoint    ] Total time for which application threads were stopped: 0.0006658 seconds, Stopping threads took: 0.0003150 seconds
[2019-10-14T08:07:52.182+0000][1][safepoint    ] Application time: 1.0004953 seconds
[2019-10-14T08:07:52.183+0000][1][safepoint    ] Entering safepoint region: Cleanup
[2019-10-14T08:07:52.184+0000][1][safepoint    ] Leaving safepoint region
[2019-10-14T08:07:52.184+0000][1][safepoint    ] Total time for which application threads were stopped: 0.0016089 seconds, Stopping threads took: 0.0007142 seconds
[2019-10-14T08:07:53.186+0000][1][safepoint    ] Application time: 1.0008012 seconds
[2019-10-14T08:07:53.186+0000][1][safepoint    ] Entering safepoint region: Cleanup
[2019-10-14T08:07:53.187+0000][1][safepoint    ] Leaving safepoint region
[2019-10-14T08:07:53.188+0000][1][safepoint    ] Total time for which application threads were stopped: 0.0011678 seconds, Stopping threads took: 0.0006470 seconds
[2019-10-14T08:07:54.190+0000][1][safepoint    ] Application time: 1.0015474 seconds
[2019-10-14T08:07:54.191+0000][1][safepoint    ] Entering safepoint region: Cleanup
[2019-10-14T08:07:54.193+0000][1][safepoint    ] Leaving safepoint region
[2019-10-14T08:07:54.197+0000][1][safepoint    ] Total time for which application threads were stopped: 0.0062797 seconds, Stopping threads took: 0.0010424 seconds
[2019-10-14T08:07:55.201+0000][1][safepoint    ] Application time: 1.0015591 seconds
[2019-10-14T08:07:55.201+0000][1][safepoint    ] Entering safepoint region: Cleanup
[2019-10-14T08:07:55.202+0000][1][safepoint    ] Leaving safepoint region
[2019-10-14T08:07:55.203+0000][1][safepoint    ] Total time for which application threads were stopped: 0.0014688 seconds, Stopping threads took: 0.0006965 seconds
[2019-10-14T08:07:55.839+0000][1][safepoint    ] Application time: 0.6358794 seconds
[2019-10-14T08:07:55.840+0000][1][safepoint    ] Entering safepoint region: RevokeBias
[2019-10-14T08:07:55.840+0000][1][safepoint    ] Leaving safepoint region
[2019-10-14T08:07:55.841+0000][1][safepoint    ] Total time for which application threads were stopped: 0.0010584 seconds, Stopping threads took: 0.0003633 seconds
[2019-10-14T08:07:55.841+0000][1][safepoint    ] Application time: 0.0001652 seconds
[2019-10-14T08:07:55.842+0000][1][safepoint    ] Entering safepoint region: RevokeBias
[2019-10-14T08:07:55.842+0000][1][safepoint    ] Leaving safepoint region
[2019-10-14T08:07:55.843+0000][1][safepoint    ] Total time for which application threads were stopped: 0.0010094 seconds, Stopping threads took: 0.0004461 seconds
[2019-10-14T08:07:55.843+0000][1][safepoint    ] Application time: 0.0000747 seconds
[2019-10-14T08:07:55.844+0000][1][safepoint    ] Entering safepoint region: RevokeBias
[2019-10-14T08:07:55.844+0000][1][safepoint    ] Leaving safepoint region
[2019-10-14T08:07:55.845+0000][1][safepoint    ] Total time for which application threads were stopped: 0.0008891 seconds, Stopping threads took: 0.0003314 seconds
[2019-10-14T08:07:55.845+0000][1][safepoint    ] Application time: 0.0001764 seconds
[2019-10-14T08:07:55.845+0000][1][safepoint    ] Entering safepoint region: RevokeBias
[2019-10-14T08:07:55.846+0000][1][safepoint    ] Leaving safepoint region
[2019-10-14T08:07:55.846+0000][1][safepoint    ] Total time for which application threads were stopped: 0.0008832 seconds, Stopping threads took: 0.0002875 seconds
[2019-10-14T08:07:55.868+0000][1][safepoint    ] Application time: 0.0209763 seconds
[2019-10-14T08:07:55.868+0000][1][safepoint    ] Entering safepoint region: RevokeBias
[2019-10-14T08:07:55.868+0000][1][safepoint    ] Leaving safepoint region
[2019-10-14T08:07:55.869+0000][1][safepoint    ] Total time for which application threads were stopped: 0.0007936 seconds, Stopping threads took: 0.0003083 seconds
[2019-10-14T08:07:55.872+0000][1][safepoint    ] Application time: 0.0024595 seconds
[2019-10-14T08:07:55.872+0000][1][safepoint    ] Entering safepoint region: RevokeBias
[2019-10-14T08:07:55.873+0000][1][safepoint    ] Leaving safepoint region
[2019-10-14T08:07:55.873+0000][1][safepoint    ] Total time for which application threads were stopped: 0.0006629 seconds, Stopping threads took: 0.0003049 seconds
[2019-10-14T08:07:55.890+0000][1][safepoint    ] Application time: 0.0165843 seconds
[2019-10-14T08:07:55.890+0000][1][safepoint    ] Entering safepoint region: RevokeBias
[2019-10-14T08:07:55.890+0000][1][safepoint    ] Leaving safepoint region
[2019-10-14T08:07:55.891+0000][1][safepoint    ] Total time for which application threads were stopped: 0.0006362 seconds, Stopping threads took: 0.0002389 seconds
[2019-10-14T08:07:55.891+0000][1][safepoint    ] Application time: 0.0000993 seconds
[2019-10-14T08:07:55.891+0000][1][safepoint    ] Entering safepoint region: RevokeBias
[2019-10-14T08:07:55.892+0000][1][safepoint    ] Leaving safepoint region
[2019-10-14T08:07:55.892+0000][1][safepoint    ] Total time for which application threads were stopped: 0.0005376 seconds, Stopping threads took: 0.0002598 seconds
[2019-10-14T08:07:55.909+0000][1][safepoint    ] Application time: 0.0172887 seconds
[2019-10-14T08:07:55.910+0000][1][safepoint    ] Entering safepoint region: RevokeBias
[2019-10-14T08:07:55.910+0000][1][safepoint    ] Leaving safepoint region
[2019-10-14T08:07:55.910+0000][1][safepoint    ] Total time for which application threads were stopped: 0.0006246 seconds, Stopping threads took: 0.0003138 seconds
[2019-10-14T08:07:55.911+0000][1][safepoint    ] Application time: 0.0000641 seconds
[2019-10-14T08:07:55.911+0000][1][safepoint    ] Entering safepoint region: RevokeBias
[2019-10-14T08:07:55.911+0000][1][safepoint    ] Leaving safepoint region
[2019-10-14T08:07:55.912+0000][1][safepoint    ] Total time for which application threads were stopped: 0.0005701 seconds, Stopping threads took: 0.0002455 seconds
[2019-10-14T08:07:55.912+0000][1][safepoint    ] Application time: 0.0000954 seconds
[2019-10-14T08:07:55.912+0000][1][safepoint    ] Entering safepoint region: RevokeBias
[2019-10-14T08:07:55.912+0000][1][safepoint    ] Leaving safepoint region
[2019-10-14T08:07:55.913+0000][1][safepoint    ] Total time for which application threads were stopped: 0.0005404 seconds, Stopping threads took: 0.0002295 seconds
[2019-10-14T08:07:55.940+0000][1][safepoint    ] Application time: 0.0268023 seconds
[2019-10-14T08:07:55.940+0000][1][safepoint    ] Entering safepoint region: RevokeBias
[2019-10-14T08:07:55.940+0000][1][safepoint    ] Leaving safepoint region
[2019-10-14T08:07:55.941+0000][1][safepoint    ] Total time for which application threads were stopped: 0.0007985 seconds, Stopping threads took: 0.0002759 seconds
[2019-10-14T08:07:55.944+0000][1][safepoint    ] Application time: 0.0034737 seconds
[2019-10-14T08:07:55.945+0000][1][safepoint    ] Entering safepoint region: RevokeBias
[2019-10-14T08:07:55.945+0000][1][safepoint    ] Leaving safepoint region
[2019-10-14T08:07:55.945+0000][1][safepoint    ] Total time for which application threads were stopped: 0.0005974 seconds, Stopping threads took: 0.0002899 seconds
[2019-10-14T08:07:55.960+0000][1][safepoint    ] Application time: 0.0142465 seconds
[2019-10-14T08:07:55.960+0000][1][safepoint    ] Entering safepoint region: RevokeBias
[2019-10-14T08:07:55.961+0000][1][safepoint    ] Leaving safepoint region
[2019-10-14T08:07:55.961+0000][1][safepoint    ] Total time for which application threads were stopped: 0.0006579 seconds, Stopping threads took: 0.0002991 seconds
[2019-10-14T08:07:55.961+0000][1][safepoint    ] Application time: 0.0001043 seconds
[2019-10-14T08:07:55.961+0000][1][safepoint    ] Entering safepoint region: RevokeBias
[2019-10-14T08:07:55.962+0000][1][safepoint    ] Leaving safepoint region
[2019-10-14T08:07:55.962+0000][1][safepoint    ] Total time for which application threads were stopped: 0.0006095 seconds, Stopping threads took: 0.0002357 seconds
[2019-10-14T08:07:55.986+0000][1][safepoint    ] Application time: 0.0234109 seconds
[2019-10-14T08:07:55.986+0000][1][safepoint    ] Entering safepoint region: RevokeBias
[2019-10-14T08:07:55.986+0000][1][safepoint    ] Leaving safepoint region
[2019-10-14T08:07:55.987+0000][1][safepoint    ] Total time for which application threads were stopped: 0.0005667 seconds, Stopping threads took: 0.0002472 seconds
[2019-10-14T08:07:55.987+0000][1][safepoint    ] Application time: 0.0000757 seconds
[2019-10-14T08:07:55.987+0000][1][safepoint    ] Entering safepoint region: RevokeBias
[2019-10-14T08:07:55.987+0000][1][safepoint    ] Leaving safepoint region
[2019-10-14T08:07:55.988+0000][1][safepoint    ] Total time for which application threads were stopped: 0.0005110 seconds, Stopping threads took: 0.0002149 seconds
[2019-10-14T08:07:55.988+0000][1][safepoint    ] Application time: 0.0000777 seconds
[2019-10-14T08:07:55.988+0000][1][safepoint    ] Entering safepoint region: RevokeBias
[2019-10-14T08:07:55.989+0000][1][safepoint    ] Leaving safepoint region
[2019-10-14T08:07:55.989+0000][1][safepoint    ] Total time for which application threads were stopped: 0.0005758 seconds, Stopping threads took: 0.0002486 seconds
[2019-10-14T08:07:56.008+0000][1][safepoint    ] Application time: 0.0187949 seconds
[2019-10-14T08:07:56.008+0000][1][safepoint    ] Entering safepoint region: RevokeBias
[2019-10-14T08:07:56.008+0000][1][safepoint    ] Leaving safepoint region
[2019-10-14T08:07:56.009+0000][1][safepoint    ] Total time for which application threads were stopped: 0.0004847 seconds, Stopping threads took: 0.0001975 seconds
[2019-10-14T08:07:56.015+0000][1][safepoint    ] Application time: 0.0058990 seconds
[2019-10-14T08:07:56.015+0000][1][safepoint    ] Entering safepoint region: RevokeBias
[2019-10-14T08:07:56.015+0000][1][safepoint    ] Leaving safepoint region
[2019-10-14T08:07:56.016+0000][1][safepoint    ] Total time for which application threads were stopped: 0.0006294 seconds, Stopping threads took: 0.0003051 seconds
[2019-10-14T08:07:56.028+0000][1][safepoint    ] Application time: 0.0125377 seconds
[2019-10-14T08:07:56.029+0000][1][safepoint    ] Entering safepoint region: BulkRevokeBias
[2019-10-14T08:07:56.030+0000][1][safepoint    ] Leaving safepoint region
[2019-10-14T08:07:56.030+0000][1][safepoint    ] Total time for which application threads were stopped: 0.0009828 seconds, Stopping threads took: 0.0002809 seconds
[2019-10-14T08:07:56.031+0000][1][safepoint    ] Application time: 0.0002324 seconds
[2019-10-14T08:07:56.031+0000][1][safepoint    ] Entering safepoint region: RevokeBias
[2019-10-14T08:07:56.031+0000][1][safepoint    ] Leaving safepoint region
[2019-10-14T08:07:56.032+0000][1][safepoint    ] Total time for which application threads were stopped: 0.0005372 seconds, Stopping threads took: 0.0002430 seconds
[2019-10-14T08:07:56.052+0000][1][safepoint    ] Application time: 0.0201636 seconds
[2019-10-14T08:07:56.052+0000][1][safepoint    ] Entering safepoint region: RevokeBias
[2019-10-14T08:07:56.053+0000][1][safepoint    ] Leaving safepoint region
[2019-10-14T08:07:56.053+0000][1][safepoint    ] Total time for which application threads were stopped: 0.0005559 seconds, Stopping threads took: 0.0002473 seconds
[2019-10-14T08:07:56.053+0000][1][safepoint    ] Application time: 0.0000540 seconds
[2019-10-14T08:07:56.053+0000][1][safepoint    ] Entering safepoint region: RevokeBias
[2019-10-14T08:07:56.054+0000][1][safepoint    ] Leaving safepoint region
[2019-10-14T08:07:56.054+0000][1][safepoint    ] Total time for which application threads were stopped: 0.0006812 seconds, Stopping threads took: 0.0002312 seconds
[2019-10-14T08:07:56.054+0000][1][safepoint    ] Application time: 0.0000859 seconds
[2019-10-14T08:07:56.055+0000][1][safepoint    ] Entering safepoint region: RevokeBias
[2019-10-14T08:07:56.055+0000][1][safepoint    ] Leaving safepoint region
[2019-10-14T08:07:56.055+0000][1][safepoint    ] Total time for which application threads were stopped: 0.0005386 seconds, Stopping threads took: 0.0002342 seconds
[2019-10-14T08:07:56.073+0000][1][safepoint    ] Application time: 0.0171856 seconds
[2019-10-14T08:07:56.073+0000][1][safepoint    ] Entering safepoint region: RevokeBias
[2019-10-14T08:07:56.073+0000][1][safepoint    ] Leaving safepoint region
[2019-10-14T08:07:56.074+0000][1][safepoint    ] Total time for which application threads were stopped: 0.0007502 seconds, Stopping threads took: 0.0003502 seconds
[2019-10-14T08:07:56.082+0000][1][safepoint    ] Application time: 0.0084941 seconds
[2019-10-14T08:07:56.083+0000][1][safepoint    ] Entering safepoint region: RevokeBias
[2019-10-14T08:07:56.083+0000][1][safepoint    ] Leaving safepoint region
[2019-10-14T08:07:56.084+0000][1][safepoint    ] Total time for which application threads were stopped: 0.0006289 seconds, Stopping threads took: 0.0002843 seconds
[2019-10-14T08:07:56.119+0000][1][safepoint    ] Application time: 0.0354477 seconds
[2019-10-14T08:07:56.120+0000][1][safepoint    ] Entering safepoint region: RevokeBias
[2019-10-14T08:07:56.120+0000][1][safepoint    ] Leaving safepoint region
[2019-10-14T08:07:56.120+0000][1][safepoint    ] Total time for which application threads were stopped: 0.0005548 seconds, Stopping threads took: 0.0002509 seconds
[2019-10-14T08:07:56.120+0000][1][safepoint    ] Application time: 0.0000427 seconds
[2019-10-14T08:07:56.121+0000][1][safepoint    ] Entering safepoint region: RevokeBias
[2019-10-14T08:07:56.121+0000][1][safepoint    ] Leaving safepoint region
[2019-10-14T08:07:56.121+0000][1][safepoint    ] Total time for which application threads were stopped: 0.0004873 seconds, Stopping threads took: 0.0002146 seconds
[2019-10-14T08:07:56.121+0000][1][safepoint    ] Application time: 0.0000568 seconds
[2019-10-14T08:07:56.122+0000][1][safepoint    ] Entering safepoint region: RevokeBias
[2019-10-14T08:07:56.122+0000][1][safepoint    ] Leaving safepoint region
[2019-10-14T08:07:56.122+0000][1][safepoint    ] Total time for which application threads were stopped: 0.0006259 seconds, Stopping threads took: 0.0003426 seconds
[2019-10-14T08:07:56.138+0000][1][safepoint    ] Application time: 0.0154640 seconds
[2019-10-14T08:07:56.138+0000][1][safepoint    ] Entering safepoint region: RevokeBias
[2019-10-14T08:07:56.139+0000][1][safepoint    ] Leaving safepoint region
[2019-10-14T08:07:56.139+0000][1][safepoint    ] Total time for which application threads were stopped: 0.0005949 seconds, Stopping threads took: 0.0002412 seconds
[2019-10-14T08:07:56.141+0000][1][safepoint    ] Application time: 0.0022595 seconds
[2019-10-14T08:07:56.142+0000][1][safepoint    ] Entering safepoint region: RevokeBias
[2019-10-14T08:07:56.142+0000][1][safepoint    ] Leaving safepoint region
[2019-10-14T08:07:56.142+0000][1][safepoint    ] Total time for which application threads were stopped: 0.0005392 seconds, Stopping threads took: 0.0002472 seconds
[2019-10-14T08:07:57.144+0000][1][safepoint    ] Application time: 1.0015270 seconds
[2019-10-14T08:07:57.145+0000][1][safepoint    ] Entering safepoint region: Cleanup
[2019-10-14T08:07:57.146+0000][1][safepoint    ] Leaving safepoint region
[2019-10-14T08:07:57.146+0000][1][safepoint    ] Total time for which application threads were stopped: 0.0011479 seconds, Stopping threads took: 0.0005608 seconds
[2019-10-14T08:07:58.147+0000][1][safepoint    ] Application time: 1.0006490 seconds
[2019-10-14T08:07:58.148+0000][1][safepoint    ] Entering safepoint region: Cleanup
[2019-10-14T08:07:58.148+0000][1][safepoint    ] Leaving safepoint region
[2019-10-14T08:07:58.149+0000][1][safepoint    ] Total time for which application threads were stopped: 0.0010774 seconds, Stopping threads took: 0.0003987 seconds
[2019-10-14T08:07:59.149+0000][1][safepoint    ] Application time: 1.0003657 seconds
[2019-10-14T08:07:59.151+0000][1][safepoint    ] Entering safepoint region: Cleanup
[2019-10-14T08:07:59.151+0000][1][safepoint    ] Leaving safepoint region
[2019-10-14T08:07:59.152+0000][1][safepoint    ] Total time for which application threads were stopped: 0.0012663 seconds, Stopping threads took: 0.0005966 seconds
[2019-10-14T08:08:00.153+0000][1][safepoint    ] Application time: 1.0002375 seconds
[2019-10-14T08:08:00.154+0000][1][safepoint    ] Entering safepoint region: Cleanup
[2019-10-14T08:08:00.154+0000][1][safepoint    ] Leaving safepoint region
[2019-10-14T08:08:00.155+0000][1][safepoint    ] Total time for which application threads were stopped: 0.0016253 seconds, Stopping threads took: 0.0005594 seconds
[2019-10-14T08:08:01.156+0000][1][safepoint    ] Application time: 1.0001011 seconds
[2019-10-14T08:08:01.156+0000][1][safepoint    ] Entering safepoint region: Cleanup
[2019-10-14T08:08:01.157+0000][1][safepoint    ] Leaving safepoint region
[2019-10-14T08:08:01.157+0000][1][safepoint    ] Total time for which application threads were stopped: 0.0006788 seconds, Stopping threads took: 0.0003445 seconds
[2019-10-14T08:08:01.850+0000][1][safepoint    ] Application time: 0.6935687 seconds
[2019-10-14T08:08:01.851+0000][1][safepoint    ] Entering safepoint region: GenCollectForAllocation
[2019-10-14T08:08:01.852+0000][1][gc,start     ] GC(56) Pause Young (Allocation Failure)
[2019-10-14T08:08:01.852+0000][1][gc,task      ] GC(56) Using 2 workers of 2 for evacuation
[2019-10-14T08:08:01.859+0000][1][gc,age       ] GC(56) Desired survivor size 4456448 bytes, new threshold 6 (max threshold 6)
[2019-10-14T08:08:01.860+0000][1][gc,age       ] GC(56) Age table with threshold 6 (max threshold 6)
[2019-10-14T08:08:01.860+0000][1][gc,age       ] GC(56) - age   1:     332992 bytes,     332992 total
[2019-10-14T08:08:01.861+0000][1][gc,age       ] GC(56) - age   2:      47424 bytes,     380416 total
[2019-10-14T08:08:01.861+0000][1][gc,age       ] GC(56) - age   3:      57528 bytes,     437944 total
[2019-10-14T08:08:01.861+0000][1][gc,age       ] GC(56) - age   4:     632536 bytes,    1070480 total
[2019-10-14T08:08:01.862+0000][1][gc,age       ] GC(56) - age   5:     739608 bytes,    1810088 total
[2019-10-14T08:08:01.862+0000][1][gc,age       ] GC(56) - age   6:     574024 bytes,    2384112 total
[2019-10-14T08:08:01.862+0000][1][gc,heap      ] GC(56) ParNew: 73429K->3790K(78656K)
[2019-10-14T08:08:01.863+0000][1][gc,heap      ] GC(56) CMS: 78829K->79375K(174784K)
[2019-10-14T08:08:01.863+0000][1][gc,metaspace ] GC(56) Metaspace: 83829K->83829K(1126400K)
[2019-10-14T08:08:01.863+0000][1][gc           ] GC(56) Pause Young (Allocation Failure) 148M->81M(247M) 11.651ms
[2019-10-14T08:08:01.864+0000][1][gc,cpu       ] GC(56) User=0.01s Sys=0.00s Real=0.02s
[2019-10-14T08:08:01.864+0000][1][safepoint    ] Leaving safepoint region
[2019-10-14T08:08:01.864+0000][1][safepoint    ] Total time for which application threads were stopped: 0.0131774 seconds, Stopping threads took: 0.0004597 seconds
[2019-10-14T08:08:02.845+0000][1][safepoint    ] Application time: 1.0017071 seconds
[2019-10-14T08:08:02.846+0000][1][safepoint    ] Entering safepoint region: Cleanup
[2019-10-14T08:08:02.847+0000][1][safepoint    ] Leaving safepoint region
[2019-10-14T08:08:02.850+0000][1][safepoint    ] Total time for which application threads were stopped: 0.0044632 seconds, Stopping threads took: 0.0014063 seconds
[2019-10-14T08:08:03.853+0000][1][safepoint    ] Application time: 1.0013821 seconds
[2019-10-14T08:08:03.855+0000][1][safepoint    ] Entering safepoint region: Cleanup
[2019-10-14T08:08:03.856+0000][1][safepoint    ] Leaving safepoint region
[2019-10-14T08:08:03.856+0000][1][safepoint    ] Total time for which application threads were stopped: 0.0011009 seconds, Stopping threads took: 0.0005600 seconds
[2019-10-14T08:08:04.858+0000][1][safepoint    ] Application time: 1.0014872 seconds
[2019-10-14T08:08:04.859+0000][1][safepoint    ] Entering safepoint region: Cleanup
[2019-10-14T08:08:04.860+0000][1][safepoint    ] Leaving safepoint region
[2019-10-14T08:08:04.860+0000][1][safepoint    ] Total time for which application threads were stopped: 0.0012975 seconds, Stopping threads took: 0.0006387 seconds
[2019-10-14T08:08:05.861+0000][1][safepoint    ] Application time: 1.0003226 seconds
[2019-10-14T08:08:05.862+0000][1][safepoint    ] Entering safepoint region: Cleanup
[2019-10-14T08:08:05.863+0000][1][safepoint    ] Leaving safepoint region
[2019-10-14T08:08:05.863+0000][1][safepoint    ] Total time for which application threads were stopped: 0.0012316 seconds, Stopping threads took: 0.0007915 seconds
[2019-10-14T08:08:06.863+0000][1][safepoint    ] Application time: 1.0001300 seconds
[2019-10-14T08:08:06.864+0000][1][safepoint    ] Entering safepoint region: Cleanup
[2019-10-14T08:08:06.865+0000][1][safepoint    ] Leaving safepoint region
[2019-10-14T08:08:06.865+0000][1][safepoint    ] Total time for which application threads were stopped: 0.0007772 seconds, Stopping threads took: 0.0003844 seconds
[2019-10-14T08:08:07.866+0000][1][safepoint    ] Application time: 1.0005423 seconds
[2019-10-14T08:08:07.867+0000][1][safepoint    ] Entering safepoint region: Cleanup
[2019-10-14T08:08:07.867+0000][1][safepoint    ] Leaving safepoint region
[2019-10-14T08:08:07.868+0000][1][safepoint    ] Total time for which application threads were stopped: 0.0012993 seconds, Stopping threads took: 0.0006832 seconds
[2019-10-14T08:08:08.869+0000][1][safepoint    ] Application time: 1.0005857 seconds
[2019-10-14T08:08:08.870+0000][1][safepoint    ] Entering safepoint region: Cleanup
[2019-10-14T08:08:08.871+0000][1][safepoint    ] Leaving safepoint region
[2019-10-14T08:08:08.871+0000][1][safepoint    ] Total time for which application threads were stopped: 0.0012204 seconds, Stopping threads took: 0.0008144 seconds
[2019-10-14T08:08:09.872+0000][1][safepoint    ] Application time: 1.0003616 seconds
[2019-10-14T08:08:09.873+0000][1][safepoint    ] Entering safepoint region: Cleanup
[2019-10-14T08:08:09.873+0000][1][safepoint    ] Leaving safepoint region
[2019-10-14T08:08:09.874+0000][1][safepoint    ] Total time for which application threads were stopped: 0.0011375 seconds, Stopping threads took: 0.0006495 seconds
[2019-10-14T08:08:10.875+0000][1][safepoint    ] Application time: 1.0007433 seconds
[2019-10-14T08:08:10.875+0000][1][safepoint    ] Entering safepoint region: Cleanup
[2019-10-14T08:08:10.876+0000][1][safepoint    ] Leaving safepoint region
[2019-10-14T08:08:10.877+0000][1][safepoint    ] Total time for which application threads were stopped: 0.0016386 seconds, Stopping threads took: 0.0012242 seconds
[2019-10-14T08:08:11.494+0000][1][safepoint    ] Application time: 0.6172692 seconds
[2019-10-14T08:08:11.495+0000][1][safepoint    ] Entering safepoint region: RevokeBias
[2019-10-14T08:08:11.496+0000][1][safepoint    ] Leaving safepoint region
[2019-10-14T08:08:11.496+0000][1][safepoint    ] Total time for which application threads were stopped: 0.0013038 seconds, Stopping threads took: 0.0007815 seconds
[2019-10-14T08:08:12.497+0000][1][safepoint    ] Application time: 1.0002516 seconds
[2019-10-14T08:08:12.498+0000][1][safepoint    ] Entering safepoint region: Cleanup
[2019-10-14T08:08:12.499+0000][1][safepoint    ] Leaving safepoint region
[2019-10-14T08:08:12.500+0000][1][safepoint    ] Total time for which application threads were stopped: 0.0015301 seconds, Stopping threads took: 0.0006503 seconds
[2019-10-14T08:08:13.501+0000][1][safepoint    ] Application time: 1.0003561 seconds
[2019-10-14T08:08:13.501+0000][1][safepoint    ] Entering safepoint region: Cleanup
[2019-10-14T08:08:13.502+0000][1][safepoint    ] Leaving safepoint region
[2019-10-14T08:08:13.502+0000][1][safepoint    ] Total time for which application threads were stopped: 0.0008906 seconds, Stopping threads took: 0.0003947 seconds
[2019-10-14T08:08:14.506+0000][1][safepoint    ] Application time: 1.0031320 seconds
[2019-10-14T08:08:14.506+0000][1][safepoint    ] Entering safepoint region: Cleanup
[2019-10-14T08:08:14.507+0000][1][safepoint    ] Leaving safepoint region
[2019-10-14T08:08:14.508+0000][1][safepoint    ] Total time for which application threads were stopped: 0.0015063 seconds, Stopping threads took: 0.0008432 seconds
[2019-10-14T08:08:15.509+0000][1][safepoint    ] Application time: 1.0012289 seconds
[2019-10-14T08:08:15.510+0000][1][safepoint    ] Entering safepoint region: Cleanup
[2019-10-14T08:08:15.512+0000][1][safepoint    ] Leaving safepoint region
[2019-10-14T08:08:15.513+0000][1][safepoint    ] Total time for which application threads were stopped: 0.0023524 seconds, Stopping threads took: 0.0018505 seconds
[2019-10-14T08:08:16.516+0000][1][safepoint    ] Application time: 1.0028517 seconds
[2019-10-14T08:08:16.517+0000][1][safepoint    ] Entering safepoint region: Cleanup
[2019-10-14T08:08:16.518+0000][1][safepoint    ] Leaving safepoint region
[2019-10-14T08:08:16.519+0000][1][safepoint    ] Total time for which application threads were stopped: 0.0020879 seconds, Stopping threads took: 0.0013306 seconds
[2019-10-14T08:08:17.520+0000][1][safepoint    ] Application time: 1.0003873 seconds
[2019-10-14T08:08:17.521+0000][1][safepoint    ] Entering safepoint region: Cleanup
[2019-10-14T08:08:17.521+0000][1][safepoint    ] Leaving safepoint region
[2019-10-14T08:08:17.522+0000][1][safepoint    ] Total time for which application threads were stopped: 0.0019068 seconds, Stopping threads took: 0.0008423 seconds
[2019-10-14T08:08:18.524+0000][1][safepoint    ] Application time: 1.0001673 seconds
[2019-10-14T08:08:18.524+0000][1][safepoint    ] Entering safepoint region: Cleanup
[2019-10-14T08:08:18.525+0000][1][safepoint    ] Leaving safepoint region
[2019-10-14T08:08:18.525+0000][1][safepoint    ] Total time for which application threads were stopped: 0.0006543 seconds, Stopping threads took: 0.0003095 seconds
[2019-10-14T08:08:19.525+0000][1][safepoint    ] Application time: 1.0003718 seconds
[2019-10-14T08:08:19.526+0000][1][safepoint    ] Entering safepoint region: Cleanup
[2019-10-14T08:08:19.526+0000][1][safepoint    ] Leaving safepoint region
[2019-10-14T08:08:19.527+0000][1][safepoint    ] Total time for which application threads were stopped: 0.0013953 seconds, Stopping threads took: 0.0003200 seconds
[2019-10-14T08:08:20.528+0000][1][safepoint    ] Application time: 1.0001964 seconds
[2019-10-14T08:08:20.528+0000][1][safepoint    ] Entering safepoint region: Cleanup
[2019-10-14T08:08:20.529+0000][1][safepoint    ] Leaving safepoint region
[2019-10-14T08:08:20.530+0000][1][safepoint    ] Total time for which application threads were stopped: 0.0011053 seconds, Stopping threads took: 0.0005911 seconds
[2019-10-14T08:08:21.531+0000][1][safepoint    ] Application time: 1.0006077 seconds
[2019-10-14T08:08:21.532+0000][1][safepoint    ] Entering safepoint region: Cleanup
[2019-10-14T08:08:21.533+0000][1][safepoint    ] Leaving safepoint region
[2019-10-14T08:08:21.534+0000][1][safepoint    ] Total time for which application threads were stopped: 0.0020562 seconds, Stopping threads took: 0.0012004 seconds
[2019-10-14T08:08:22.535+0000][1][safepoint    ] Application time: 1.0004935 seconds
[2019-10-14T08:08:22.535+0000][1][safepoint    ] Entering safepoint region: Cleanup
[2019-10-14T08:08:22.536+0000][1][safepoint    ] Leaving safepoint region
[2019-10-14T08:08:22.536+0000][1][safepoint    ] Total time for which application threads were stopped: 0.0011075 seconds, Stopping threads took: 0.0005477 seconds
[2019-10-14T08:08:23.537+0000][1][safepoint    ] Application time: 1.0002021 seconds
[2019-10-14T08:08:23.538+0000][1][safepoint    ] Entering safepoint region: Cleanup
[2019-10-14T08:08:23.538+0000][1][safepoint    ] Leaving safepoint region
[2019-10-14T08:08:23.538+0000][1][safepoint    ] Total time for which application threads were stopped: 0.0007060 seconds, Stopping threads took: 0.0002888 seconds
[2019-10-14T08:08:24.539+0000][1][safepoint    ] Application time: 1.0003468 seconds
[2019-10-14T08:08:24.540+0000][1][safepoint    ] Entering safepoint region: Cleanup
[2019-10-14T08:08:24.540+0000][1][safepoint    ] Leaving safepoint region
[2019-10-14T08:08:24.541+0000][1][safepoint    ] Total time for which application threads were stopped: 0.0010338 seconds, Stopping threads took: 0.0005266 seconds
[2019-10-14T08:08:25.543+0000][1][safepoint    ] Application time: 1.0019021 seconds
[2019-10-14T08:08:25.544+0000][1][safepoint    ] Entering safepoint region: Cleanup
[2019-10-14T08:08:25.545+0000][1][safepoint    ] Leaving safepoint region
[2019-10-14T08:08:25.545+0000][1][safepoint    ] Total time for which application threads were stopped: 0.0013549 seconds, Stopping threads took: 0.0007287 seconds
[2019-10-14T08:08:26.546+0000][1][safepoint    ] Application time: 1.0007246 seconds
[2019-10-14T08:08:26.547+0000][1][safepoint    ] Entering safepoint region: Cleanup
[2019-10-14T08:08:26.548+0000][1][safepoint    ] Leaving safepoint region
[2019-10-14T08:08:26.548+0000][1][safepoint    ] Total time for which application threads were stopped: 0.0013417 seconds, Stopping threads took: 0.0006711 seconds
[2019-10-14T08:08:27.550+0000][1][safepoint    ] Application time: 1.0007920 seconds
[2019-10-14T08:08:27.551+0000][1][safepoint    ] Entering safepoint region: Cleanup
[2019-10-14T08:08:27.551+0000][1][safepoint    ] Leaving safepoint region
[2019-10-14T08:08:27.552+0000][1][safepoint    ] Total time for which application threads were stopped: 0.0011640 seconds, Stopping threads took: 0.0006503 seconds
[2019-10-14T08:08:28.552+0000][1][safepoint    ] Application time: 1.0001317 seconds
[2019-10-14T08:08:28.553+0000][1][safepoint    ] Entering safepoint region: Cleanup
[2019-10-14T08:08:28.554+0000][1][safepoint    ] Leaving safepoint region
[2019-10-14T08:08:28.554+0000][1][safepoint    ] Total time for which application threads were stopped: 0.0013332 seconds, Stopping threads took: 0.0007599 seconds
[2019-10-14T08:08:29.555+0000][1][safepoint    ] Application time: 1.0004561 seconds
[2019-10-14T08:08:29.556+0000][1][safepoint    ] Entering safepoint region: Cleanup
[2019-10-14T08:08:29.557+0000][1][safepoint    ] Leaving safepoint region
[2019-10-14T08:08:29.558+0000][1][safepoint    ] Total time for which application threads were stopped: 0.0017368 seconds, Stopping threads took: 0.0007179 seconds
[2019-10-14T08:08:30.559+0000][1][safepoint    ] Application time: 1.0005557 seconds
[2019-10-14T08:08:30.560+0000][1][safepoint    ] Entering safepoint region: Cleanup
[2019-10-14T08:08:30.561+0000][1][safepoint    ] Leaving safepoint region
[2019-10-14T08:08:30.561+0000][1][safepoint    ] Total time for which application threads were stopped: 0.0012034 seconds, Stopping threads took: 0.0004464 seconds
[2019-10-14T08:08:31.562+0000][1][safepoint    ] Application time: 1.0002210 seconds
[2019-10-14T08:08:31.563+0000][1][safepoint    ] Entering safepoint region: Cleanup
[2019-10-14T08:08:31.563+0000][1][safepoint    ] Leaving safepoint region
[2019-10-14T08:08:31.564+0000][1][safepoint    ] Total time for which application threads were stopped: 0.0010681 seconds, Stopping threads took: 0.0004963 seconds
[2019-10-14T08:08:32.564+0000][1][safepoint    ] Application time: 1.0001344 seconds
[2019-10-14T08:08:32.565+0000][1][safepoint    ] Entering safepoint region: Cleanup
[2019-10-14T08:08:32.566+0000][1][safepoint    ] Leaving safepoint region
[2019-10-14T08:08:32.566+0000][1][safepoint    ] Total time for which application threads were stopped: 0.0012151 seconds, Stopping threads took: 0.0005688 seconds
[2019-10-14T08:08:33.546+0000][1][safepoint    ] Application time: 1.0007505 seconds
[2019-10-14T08:08:33.547+0000][1][safepoint    ] Entering safepoint region: Cleanup
[2019-10-14T08:08:33.549+0000][1][safepoint    ] Leaving safepoint region
[2019-10-14T08:08:33.550+0000][1][safepoint    ] Total time for which application threads were stopped: 0.0023171 seconds, Stopping threads took: 0.0015251 seconds
[2019-10-14T08:08:34.552+0000][1][safepoint    ] Application time: 1.0013516 seconds
[2019-10-14T08:08:34.553+0000][1][safepoint    ] Entering safepoint region: Cleanup
[2019-10-14T08:08:34.553+0000][1][safepoint    ] Leaving safepoint region
[2019-10-14T08:08:34.554+0000][1][safepoint    ] Total time for which application threads were stopped: 0.0014027 seconds, Stopping threads took: 0.0006782 seconds
[2019-10-14T08:08:35.556+0000][1][safepoint    ] Application time: 1.0015823 seconds
[2019-10-14T08:08:35.557+0000][1][safepoint    ] Entering safepoint region: Cleanup
[2019-10-14T08:08:35.558+0000][1][safepoint    ] Leaving safepoint region
[2019-10-14T08:08:35.558+0000][1][safepoint    ] Total time for which application threads were stopped: 0.0014518 seconds, Stopping threads took: 0.0006880 seconds
[2019-10-14T08:08:36.559+0000][1][safepoint    ] Application time: 1.0003759 seconds
[2019-10-14T08:08:36.560+0000][1][safepoint    ] Entering safepoint region: Cleanup
[2019-10-14T08:08:36.561+0000][1][safepoint    ] Leaving safepoint region
[2019-10-14T08:08:36.561+0000][1][safepoint    ] Total time for which application threads were stopped: 0.0011087 seconds, Stopping threads took: 0.0006165 seconds
[2019-10-14T08:08:37.566+0000][1][safepoint    ] Application time: 1.0038984 seconds
[2019-10-14T08:08:37.567+0000][1][safepoint    ] Entering safepoint region: Cleanup
[2019-10-14T08:08:37.567+0000][1][safepoint    ] Leaving safepoint region
[2019-10-14T08:08:37.568+0000][1][safepoint    ] Total time for which application threads were stopped: 0.0010663 seconds, Stopping threads took: 0.0005539 seconds
[2019-10-14T08:08:38.569+0000][1][safepoint    ] Application time: 1.0007616 seconds
[2019-10-14T08:08:38.570+0000][1][safepoint    ] Entering safepoint region: Cleanup
[2019-10-14T08:08:38.570+0000][1][safepoint    ] Leaving safepoint region
[2019-10-14T08:08:38.571+0000][1][safepoint    ] Total time for which application threads were stopped: 0.0014367 seconds, Stopping threads took: 0.0006555 seconds
[2019-10-14T08:08:39.577+0000][1][safepoint    ] Application time: 1.0048893 seconds
[2019-10-14T08:08:39.578+0000][1][safepoint    ] Entering safepoint region: Cleanup
[2019-10-14T08:08:39.579+0000][1][safepoint    ] Leaving safepoint region
[2019-10-14T08:08:39.584+0000][1][safepoint    ] Total time for which application threads were stopped: 0.0064640 seconds, Stopping threads took: 0.0010319 seconds
[2019-10-14T08:08:41.226+0000][1][safepoint    ] Application time: 1.6406704 seconds
[2019-10-14T08:08:41.227+0000][1][safepoint    ] Entering safepoint region: Cleanup
[2019-10-14T08:08:41.228+0000][1][safepoint    ] Leaving safepoint region
[2019-10-14T08:08:41.228+0000][1][safepoint    ] Total time for which application threads were stopped: 0.0013971 seconds, Stopping threads took: 0.0004513 seconds
[2019-10-14T08:08:42.229+0000][1][safepoint    ] Application time: 1.0004188 seconds
[2019-10-14T08:08:42.231+0000][1][safepoint    ] Entering safepoint region: Cleanup
[2019-10-14T08:08:42.231+0000][1][safepoint    ] Leaving safepoint region
[2019-10-14T08:08:42.232+0000][1][safepoint    ] Total time for which application threads were stopped: 0.0013445 seconds, Stopping threads took: 0.0006031 seconds
[2019-10-14T08:08:43.233+0000][1][safepoint    ] Application time: 1.0004218 seconds
[2019-10-14T08:08:43.234+0000][1][safepoint    ] Entering safepoint region: Cleanup
[2019-10-14T08:08:43.235+0000][1][safepoint    ] Leaving safepoint region
[2019-10-14T08:08:43.236+0000][1][safepoint    ] Total time for which application threads were stopped: 0.0014935 seconds, Stopping threads took: 0.0007631 seconds
[2019-10-14T08:08:44.236+0000][1][safepoint    ] Application time: 1.0001771 seconds
[2019-10-14T08:08:44.237+0000][1][safepoint    ] Entering safepoint region: Cleanup
[2019-10-14T08:08:44.238+0000][1][safepoint    ] Leaving safepoint region
[2019-10-14T08:08:44.239+0000][1][safepoint    ] Total time for which application threads were stopped: 0.0013972 seconds, Stopping threads took: 0.0007243 seconds
[2019-10-14T08:08:45.240+0000][1][safepoint    ] Application time: 1.0009739 seconds
[2019-10-14T08:08:45.241+0000][1][safepoint    ] Entering safepoint region: Cleanup
[2019-10-14T08:08:45.242+0000][1][safepoint    ] Leaving safepoint region
[2019-10-14T08:08:45.243+0000][1][safepoint    ] Total time for which application threads were stopped: 0.0015887 seconds, Stopping threads took: 0.0010634 seconds
[2019-10-14T08:08:46.244+0000][1][safepoint    ] Application time: 1.0011433 seconds
[2019-10-14T08:08:46.245+0000][1][safepoint    ] Entering safepoint region: Cleanup
[2019-10-14T08:08:46.245+0000][1][safepoint    ] Leaving safepoint region
[2019-10-14T08:08:46.245+0000][1][safepoint    ] Total time for which application threads were stopped: 0.0005851 seconds, Stopping threads took: 0.0002748 seconds
[2019-10-14T08:08:47.247+0000][1][safepoint    ] Application time: 1.0013705 seconds
[2019-10-14T08:08:47.247+0000][1][safepoint    ] Entering safepoint region: Cleanup
[2019-10-14T08:08:47.248+0000][1][safepoint    ] Leaving safepoint region
[2019-10-14T08:08:47.249+0000][1][safepoint    ] Total time for which application threads were stopped: 0.0018272 seconds, Stopping threads took: 0.0007195 seconds
[2019-10-14T08:08:48.253+0000][1][safepoint    ] Application time: 1.0026991 seconds
[2019-10-14T08:08:48.258+0000][1][safepoint    ] Entering safepoint region: Cleanup
[2019-10-14T08:08:48.259+0000][1][safepoint    ] Leaving safepoint region
[2019-10-14T08:08:48.260+0000][1][safepoint    ] Total time for which application threads were stopped: 0.0023059 seconds, Stopping threads took: 0.0011171 seconds
[2019-10-14T08:08:49.261+0000][1][safepoint    ] Application time: 1.0004214 seconds
[2019-10-14T08:08:49.262+0000][1][safepoint    ] Entering safepoint region: Cleanup
[2019-10-14T08:08:49.263+0000][1][safepoint    ] Leaving safepoint region
[2019-10-14T08:08:49.264+0000][1][safepoint    ] Total time for which application threads were stopped: 0.0016687 seconds, Stopping threads took: 0.0010524 seconds
[2019-10-14T08:08:50.265+0000][1][safepoint    ] Application time: 1.0002887 seconds
[2019-10-14T08:08:50.265+0000][1][safepoint    ] Entering safepoint region: Cleanup
[2019-10-14T08:08:50.266+0000][1][safepoint    ] Leaving safepoint region
[2019-10-14T08:08:50.266+0000][1][safepoint    ] Total time for which application threads were stopped: 0.0009657 seconds, Stopping threads took: 0.0004608 seconds
[2019-10-14T08:08:51.268+0000][1][safepoint    ] Application time: 1.0009159 seconds
[2019-10-14T08:08:51.269+0000][1][safepoint    ] Entering safepoint region: Cleanup
[2019-10-14T08:08:51.270+0000][1][safepoint    ] Leaving safepoint region
[2019-10-14T08:08:51.270+0000][1][safepoint    ] Total time for which application threads were stopped: 0.0013745 seconds, Stopping threads took: 0.0008819 seconds
[2019-10-14T08:08:52.271+0000][1][safepoint    ] Application time: 1.0004887 seconds
[2019-10-14T08:08:52.272+0000][1][safepoint    ] Entering safepoint region: Cleanup
[2019-10-14T08:08:52.272+0000][1][safepoint    ] Leaving safepoint region
[2019-10-14T08:08:52.273+0000][1][safepoint    ] Total time for which application threads were stopped: 0.0011883 seconds, Stopping threads took: 0.0007503 seconds
[2019-10-14T08:08:53.274+0000][1][safepoint    ] Application time: 1.0005401 seconds
[2019-10-14T08:08:53.275+0000][1][safepoint    ] Entering safepoint region: Cleanup
[2019-10-14T08:08:53.276+0000][1][safepoint    ] Leaving safepoint region
[2019-10-14T08:08:53.278+0000][1][safepoint    ] Total time for which application threads were stopped: 0.0031100 seconds, Stopping threads took: 0.0010339 seconds
[2019-10-14T08:08:54.280+0000][1][safepoint    ] Application time: 1.0021256 seconds
[2019-10-14T08:08:54.281+0000][1][safepoint    ] Entering safepoint region: Cleanup
[2019-10-14T08:08:54.282+0000][1][safepoint    ] Leaving safepoint region
[2019-10-14T08:08:54.282+0000][1][safepoint    ] Total time for which application threads were stopped: 0.0010710 seconds, Stopping threads took: 0.0006061 seconds
[2019-10-14T08:08:55.287+0000][1][safepoint    ] Application time: 1.0045988 seconds
[2019-10-14T08:08:55.289+0000][1][safepoint    ] Entering safepoint region: Cleanup
[2019-10-14T08:08:55.289+0000][1][safepoint    ] Leaving safepoint region
[2019-10-14T08:08:55.290+0000][1][safepoint    ] Total time for which application threads were stopped: 0.0012361 seconds, Stopping threads took: 0.0006462 seconds
[2019-10-14T08:08:56.291+0000][1][safepoint    ] Application time: 1.0005273 seconds
[2019-10-14T08:08:56.292+0000][1][safepoint    ] Entering safepoint region: Cleanup
[2019-10-14T08:08:56.293+0000][1][safepoint    ] Leaving safepoint region
[2019-10-14T08:08:56.293+0000][1][safepoint    ] Total time for which application threads were stopped: 0.0013149 seconds, Stopping threads took: 0.0006158 seconds
[2019-10-14T08:08:57.296+0000][1][safepoint    ] Application time: 1.0020272 seconds
[2019-10-14T08:08:57.297+0000][1][safepoint    ] Entering safepoint region: Cleanup
[2019-10-14T08:08:57.298+0000][1][safepoint    ] Leaving safepoint region
[2019-10-14T08:08:57.298+0000][1][safepoint    ] Total time for which application threads were stopped: 0.0008516 seconds, Stopping threads took: 0.0003983 seconds
[2019-10-14T08:08:58.299+0000][1][safepoint    ] Application time: 1.0001841 seconds
[2019-10-14T08:08:58.300+0000][1][safepoint    ] Entering safepoint region: Cleanup
[2019-10-14T08:08:58.301+0000][1][safepoint    ] Leaving safepoint region
[2019-10-14T08:08:58.302+0000][1][safepoint    ] Total time for which application threads were stopped: 0.0018967 seconds, Stopping threads took: 0.0008996 seconds
[2019-10-14T08:08:59.303+0000][1][safepoint    ] Application time: 1.0002042 seconds
[2019-10-14T08:08:59.304+0000][1][safepoint    ] Entering safepoint region: Cleanup
[2019-10-14T08:08:59.305+0000][1][safepoint    ] Leaving safepoint region
[2019-10-14T08:08:59.305+0000][1][safepoint    ] Total time for which application threads were stopped: 0.0010018 seconds, Stopping threads took: 0.0004729 seconds
[2019-10-14T08:09:00.307+0000][1][safepoint    ] Application time: 1.0015554 seconds
[2019-10-14T08:09:00.308+0000][1][safepoint    ] Entering safepoint region: Cleanup
[2019-10-14T08:09:00.309+0000][1][safepoint    ] Leaving safepoint region
[2019-10-14T08:09:00.310+0000][1][safepoint    ] Total time for which application threads were stopped: 0.0011854 seconds, Stopping threads took: 0.0005475 seconds
[2019-10-14T08:09:01.310+0000][1][safepoint    ] Application time: 1.0003147 seconds
[2019-10-14T08:09:01.311+0000][1][safepoint    ] Entering safepoint region: Cleanup
[2019-10-14T08:09:01.312+0000][1][safepoint    ] Leaving safepoint region
[2019-10-14T08:09:01.313+0000][1][safepoint    ] Total time for which application threads were stopped: 0.0015156 seconds, Stopping threads took: 0.0007496 seconds
[2019-10-14T08:09:02.315+0000][1][safepoint    ] Application time: 1.0007121 seconds
[2019-10-14T08:09:02.316+0000][1][safepoint    ] Entering safepoint region: Cleanup
[2019-10-14T08:09:02.317+0000][1][safepoint    ] Leaving safepoint region
[2019-10-14T08:09:02.317+0000][1][safepoint    ] Total time for which application threads were stopped: 0.0010910 seconds, Stopping threads took: 0.0005641 seconds
[2019-10-14T08:09:03.297+0000][1][safepoint    ] Application time: 1.0012100 seconds
[2019-10-14T08:09:03.299+0000][1][safepoint    ] Entering safepoint region: Cleanup
[2019-10-14T08:09:03.300+0000][1][safepoint    ] Leaving safepoint region
[2019-10-14T08:09:03.300+0000][1][safepoint    ] Total time for which application threads were stopped: 0.0008759 seconds, Stopping threads took: 0.0004528 seconds
[2019-10-14T08:09:04.301+0000][1][safepoint    ] Application time: 1.0002035 seconds
[2019-10-14T08:09:04.302+0000][1][safepoint    ] Entering safepoint region: Cleanup
[2019-10-14T08:09:04.303+0000][1][safepoint    ] Leaving safepoint region
[2019-10-14T08:09:04.303+0000][1][safepoint    ] Total time for which application threads were stopped: 0.0010759 seconds, Stopping threads took: 0.0005630 seconds
[2019-10-14T08:09:05.307+0000][1][safepoint    ] Application time: 1.0034774 seconds
[2019-10-14T08:09:05.309+0000][1][safepoint    ] Entering safepoint region: Cleanup
[2019-10-14T08:09:05.309+0000][1][safepoint    ] Leaving safepoint region
[2019-10-14T08:09:05.310+0000][1][safepoint    ] Total time for which application threads were stopped: 0.0013130 seconds, Stopping threads took: 0.0006220 seconds
[2019-10-14T08:09:06.311+0000][1][safepoint    ] Application time: 1.0005139 seconds
[2019-10-14T08:09:06.312+0000][1][safepoint    ] Entering safepoint region: Cleanup
[2019-10-14T08:09:06.313+0000][1][safepoint    ] Leaving safepoint region
[2019-10-14T08:09:06.313+0000][1][safepoint    ] Total time for which application threads were stopped: 0.0012574 seconds, Stopping threads took: 0.0006373 seconds
[2019-10-14T08:09:07.317+0000][1][safepoint    ] Application time: 1.0028445 seconds
[2019-10-14T08:09:07.317+0000][1][safepoint    ] Entering safepoint region: Cleanup
[2019-10-14T08:09:07.318+0000][1][safepoint    ] Leaving safepoint region
[2019-10-14T08:09:07.319+0000][1][safepoint    ] Total time for which application threads were stopped: 0.0016423 seconds, Stopping threads took: 0.0009718 seconds
[2019-10-14T08:09:08.323+0000][1][safepoint    ] Application time: 1.0032229 seconds
[2019-10-14T08:09:08.323+0000][1][safepoint    ] Entering safepoint region: Cleanup
[2019-10-14T08:09:08.324+0000][1][safepoint    ] Leaving safepoint region
[2019-10-14T08:09:08.325+0000][1][safepoint    ] Total time for which application threads were stopped: 0.0014412 seconds, Stopping threads took: 0.0007892 seconds
[2019-10-14T08:09:09.326+0000][1][safepoint    ] Application time: 1.0004694 seconds
[2019-10-14T08:09:09.326+0000][1][safepoint    ] Entering safepoint region: Cleanup
[2019-10-14T08:09:09.327+0000][1][safepoint    ] Leaving safepoint region
[2019-10-14T08:09:09.329+0000][1][safepoint    ] Total time for which application threads were stopped: 0.0026621 seconds, Stopping threads took: 0.0006019 seconds
[2019-10-14T08:09:10.330+0000][1][safepoint    ] Application time: 1.0010446 seconds
[2019-10-14T08:09:10.331+0000][1][safepoint    ] Entering safepoint region: Cleanup
[2019-10-14T08:09:10.332+0000][1][safepoint    ] Leaving safepoint region
[2019-10-14T08:09:10.332+0000][1][safepoint    ] Total time for which application threads were stopped: 0.0010606 seconds, Stopping threads took: 0.0004328 seconds
[2019-10-14T08:09:11.333+0000][1][safepoint    ] Application time: 1.0002580 seconds
[2019-10-14T08:09:11.334+0000][1][safepoint    ] Entering safepoint region: Cleanup
[2019-10-14T08:09:11.334+0000][1][safepoint    ] Leaving safepoint region
[2019-10-14T08:09:11.335+0000][1][safepoint    ] Total time for which application threads were stopped: 0.0007957 seconds, Stopping threads took: 0.0004461 seconds
[2019-10-14T08:09:11.480+0000][1][safepoint    ] Application time: 0.1454301 seconds
[2019-10-14T08:09:11.481+0000][1][safepoint    ] Entering safepoint region: RevokeBias
[2019-10-14T08:09:11.481+0000][1][safepoint    ] Leaving safepoint region
[2019-10-14T08:09:11.482+0000][1][safepoint    ] Total time for which application threads were stopped: 0.0009856 seconds, Stopping threads took: 0.0005704 seconds
[2019-10-14T08:09:12.485+0000][1][safepoint    ] Application time: 1.0027101 seconds
[2019-10-14T08:09:12.485+0000][1][safepoint    ] Entering safepoint region: Cleanup
[2019-10-14T08:09:12.486+0000][1][safepoint    ] Leaving safepoint region
[2019-10-14T08:09:12.487+0000][1][safepoint    ] Total time for which application threads were stopped: 0.0011203 seconds, Stopping threads took: 0.0003967 seconds
[2019-10-14T08:09:13.488+0000][1][safepoint    ] Application time: 1.0009110 seconds
[2019-10-14T08:09:13.489+0000][1][safepoint    ] Entering safepoint region: Cleanup
[2019-10-14T08:09:13.490+0000][1][safepoint    ] Leaving safepoint region
[2019-10-14T08:09:13.492+0000][1][safepoint    ] Total time for which application threads were stopped: 0.0031432 seconds, Stopping threads took: 0.0005205 seconds
[2019-10-14T08:09:14.493+0000][1][safepoint    ] Application time: 1.0004265 seconds
[2019-10-14T08:09:14.494+0000][1][safepoint    ] Entering safepoint region: Cleanup
[2019-10-14T08:09:14.495+0000][1][safepoint    ] Leaving safepoint region
[2019-10-14T08:09:14.495+0000][1][safepoint    ] Total time for which application threads were stopped: 0.0011305 seconds, Stopping threads took: 0.0005985 seconds
[2019-10-14T08:09:15.497+0000][1][safepoint    ] Application time: 1.0008511 seconds
[2019-10-14T08:09:15.498+0000][1][safepoint    ] Entering safepoint region: Cleanup
[2019-10-14T08:09:15.499+0000][1][safepoint    ] Leaving safepoint region
[2019-10-14T08:09:15.499+0000][1][safepoint    ] Total time for which application threads were stopped: 0.0009227 seconds, Stopping threads took: 0.0005056 seconds
[2019-10-14T08:09:16.749+0000][1][safepoint    ] Application time: 1.2498120 seconds
[2019-10-14T08:09:16.752+0000][1][safepoint    ] Entering safepoint region: Cleanup
[2019-10-14T08:09:16.754+0000][1][safepoint    ] Leaving safepoint region
[2019-10-14T08:09:16.756+0000][1][safepoint    ] Total time for which application threads were stopped: 0.0043033 seconds, Stopping threads took: 0.0021471 seconds
[2019-10-14T08:09:17.757+0000][1][safepoint    ] Application time: 1.0001704 seconds
[2019-10-14T08:09:17.757+0000][1][safepoint    ] Entering safepoint region: Cleanup
[2019-10-14T08:09:17.759+0000][1][safepoint    ] Leaving safepoint region
[2019-10-14T08:09:17.759+0000][1][safepoint    ] Total time for which application threads were stopped: 0.0019188 seconds, Stopping threads took: 0.0012219 seconds
[2019-10-14T08:09:17.906+0000][1][safepoint    ] Application time: 0.1468332 seconds
[2019-10-14T08:09:17.923+0000][1][safepoint    ] Entering safepoint region: GenCollectForAllocation
[2019-10-14T08:09:17.924+0000][1][gc,start     ] GC(57) Pause Young (Allocation Failure)
[2019-10-14T08:09:17.925+0000][1][gc,task      ] GC(57) Using 2 workers of 2 for evacuation
[2019-10-14T08:09:17.944+0000][1][gc,age       ] GC(57) Desired survivor size 4456448 bytes, new threshold 6 (max threshold 6)
[2019-10-14T08:09:17.944+0000][1][gc,age       ] GC(57) Age table with threshold 6 (max threshold 6)
[2019-10-14T08:09:17.944+0000][1][gc,age       ] GC(57) - age   1:      60280 bytes,      60280 total
[2019-10-14T08:09:17.945+0000][1][gc,age       ] GC(57) - age   2:     296800 bytes,     357080 total
[2019-10-14T08:09:17.946+0000][1][gc,age       ] GC(57) - age   3:      19072 bytes,     376152 total
[2019-10-14T08:09:17.947+0000][1][gc,age       ] GC(57) - age   4:      57248 bytes,     433400 total
[2019-10-14T08:09:17.947+0000][1][gc,age       ] GC(57) - age   5:     589936 bytes,    1023336 total
[2019-10-14T08:09:17.948+0000][1][gc,age       ] GC(57) - age   6:     723272 bytes,    1746608 total
[2019-10-14T08:09:17.948+0000][1][gc,heap      ] GC(57) ParNew: 73722K->3566K(78656K)
[2019-10-14T08:09:17.949+0000][1][gc,heap      ] GC(57) CMS: 79375K->79962K(174784K)
[2019-10-14T08:09:17.949+0000][1][gc,metaspace ] GC(57) Metaspace: 83875K->83875K(1126400K)
[2019-10-14T08:09:17.950+0000][1][gc           ] GC(57) Pause Young (Allocation Failure) 149M->81M(247M) 26.257ms
[2019-10-14T08:09:17.951+0000][1][gc,cpu       ] GC(57) User=0.02s Sys=0.00s Real=0.03s
[2019-10-14T08:09:17.951+0000][1][safepoint    ] Leaving safepoint region
[2019-10-14T08:09:17.951+0000][1][safepoint    ] Total time for which application threads were stopped: 0.0281518 seconds, Stopping threads took: 0.0005394 seconds
[2019-10-14T08:09:18.954+0000][1][safepoint    ] Application time: 1.0022015 seconds
[2019-10-14T08:09:18.955+0000][1][safepoint    ] Entering safepoint region: Cleanup
[2019-10-14T08:09:18.956+0000][1][safepoint    ] Leaving safepoint region
[2019-10-14T08:09:18.956+0000][1][safepoint    ] Total time for which application threads were stopped: 0.0014035 seconds, Stopping threads took: 0.0006957 seconds
[2019-10-14T08:09:19.957+0000][1][safepoint    ] Application time: 1.0003941 seconds
[2019-10-14T08:09:19.958+0000][1][safepoint    ] Entering safepoint region: Cleanup
[2019-10-14T08:09:19.959+0000][1][safepoint    ] Leaving safepoint region
[2019-10-14T08:09:19.959+0000][1][safepoint    ] Total time for which application threads were stopped: 0.0010321 seconds, Stopping threads took: 0.0005112 seconds
[2019-10-14T08:09:20.960+0000][1][safepoint    ] Application time: 1.0005627 seconds
[2019-10-14T08:09:20.961+0000][1][safepoint    ] Entering safepoint region: Cleanup
[2019-10-14T08:09:20.964+0000][1][safepoint    ] Leaving safepoint region
[2019-10-14T08:09:20.965+0000][1][safepoint    ] Total time for which application threads were stopped: 0.0039318 seconds, Stopping threads took: 0.0032887 seconds
[2019-10-14T08:09:21.967+0000][1][safepoint    ] Application time: 1.0013217 seconds
[2019-10-14T08:09:21.968+0000][1][safepoint    ] Entering safepoint region: Cleanup
[2019-10-14T08:09:21.968+0000][1][safepoint    ] Leaving safepoint region
[2019-10-14T08:09:21.969+0000][1][safepoint    ] Total time for which application threads were stopped: 0.0011146 seconds, Stopping threads took: 0.0005755 seconds
[2019-10-14T08:09:22.974+0000][1][safepoint    ] Application time: 1.0046343 seconds
[2019-10-14T08:09:22.974+0000][1][safepoint    ] Entering safepoint region: Cleanup
[2019-10-14T08:09:22.975+0000][1][safepoint    ] Leaving safepoint region
[2019-10-14T08:09:22.976+0000][1][safepoint    ] Total time for which application threads were stopped: 0.0014213 seconds, Stopping threads took: 0.0008328 seconds
[2019-10-14T08:09:23.976+0000][1][safepoint    ] Application time: 1.0001658 seconds
[2019-10-14T08:09:23.977+0000][1][safepoint    ] Entering safepoint region: Cleanup
[2019-10-14T08:09:23.977+0000][1][safepoint    ] Leaving safepoint region
[2019-10-14T08:09:23.977+0000][1][safepoint    ] Total time for which application threads were stopped: 0.0007008 seconds, Stopping threads took: 0.0003328 seconds
[2019-10-14T08:09:24.978+0000][1][safepoint    ] Application time: 1.0006295 seconds
[2019-10-14T08:09:24.979+0000][1][safepoint    ] Entering safepoint region: Cleanup
[2019-10-14T08:09:24.980+0000][1][safepoint    ] Leaving safepoint region
[2019-10-14T08:09:24.981+0000][1][safepoint    ] Total time for which application threads were stopped: 0.0013345 seconds, Stopping threads took: 0.0006087 seconds
[2019-10-14T08:09:25.984+0000][1][safepoint    ] Application time: 1.0027810 seconds
[2019-10-14T08:09:25.984+0000][1][safepoint    ] Entering safepoint region: Cleanup
[2019-10-14T08:09:25.985+0000][1][safepoint    ] Leaving safepoint region
[2019-10-14T08:09:25.985+0000][1][safepoint    ] Total time for which application threads were stopped: 0.0010003 seconds, Stopping threads took: 0.0004649 seconds
[2019-10-14T08:09:26.986+0000][1][safepoint    ] Application time: 1.0003557 seconds
[2019-10-14T08:09:26.987+0000][1][safepoint    ] Entering safepoint region: Cleanup
[2019-10-14T08:09:26.990+0000][1][safepoint    ] Leaving safepoint region
[2019-10-14T08:09:26.991+0000][1][safepoint    ] Total time for which application threads were stopped: 0.0038660 seconds, Stopping threads took: 0.0028704 seconds
[2019-10-14T08:09:27.994+0000][1][safepoint    ] Application time: 1.0027760 seconds
[2019-10-14T08:09:27.995+0000][1][safepoint    ] Entering safepoint region: Cleanup
[2019-10-14T08:09:27.996+0000][1][safepoint    ] Leaving safepoint region
[2019-10-14T08:09:27.996+0000][1][safepoint    ] Total time for which application threads were stopped: 0.0012139 seconds, Stopping threads took: 0.0006223 seconds
[2019-10-14T08:09:28.998+0000][1][safepoint    ] Application time: 1.0012279 seconds
[2019-10-14T08:09:29.001+0000][1][safepoint    ] Entering safepoint region: Cleanup
[2019-10-14T08:09:29.002+0000][1][safepoint    ] Leaving safepoint region
[2019-10-14T08:09:29.002+0000][1][safepoint    ] Total time for which application threads were stopped: 0.0008650 seconds, Stopping threads took: 0.0003853 seconds
[2019-10-14T08:09:30.003+0000][1][safepoint    ] Application time: 1.0004606 seconds
[2019-10-14T08:09:30.004+0000][1][safepoint    ] Entering safepoint region: Cleanup
[2019-10-14T08:09:30.004+0000][1][safepoint    ] Leaving safepoint region
[2019-10-14T08:09:30.005+0000][1][safepoint    ] Total time for which application threads were stopped: 0.0012663 seconds, Stopping threads took: 0.0005690 seconds
[2019-10-14T08:09:31.010+0000][1][safepoint    ] Application time: 1.0047396 seconds
[2019-10-14T08:09:31.017+0000][1][safepoint    ] Entering safepoint region: Cleanup
[2019-10-14T08:09:31.027+0000][1][safepoint    ] Leaving safepoint region
[2019-10-14T08:09:31.037+0000][1][safepoint    ] Total time for which application threads were stopped: 0.0199784 seconds, Stopping threads took: 0.0098488 seconds
[2019-10-14T08:09:32.038+0000][1][safepoint    ] Application time: 1.0001993 seconds
[2019-10-14T08:09:32.039+0000][1][safepoint    ] Entering safepoint region: Cleanup
[2019-10-14T08:09:32.039+0000][1][safepoint    ] Leaving safepoint region
[2019-10-14T08:09:32.040+0000][1][safepoint    ] Total time for which application threads were stopped: 0.0007866 seconds, Stopping threads took: 0.0003163 seconds
[2019-10-14T08:09:33.031+0000][1][safepoint    ] Application time: 1.0121335 seconds
[2019-10-14T08:09:33.039+0000][1][safepoint    ] Entering safepoint region: Cleanup
[2019-10-14T08:09:33.047+0000][1][safepoint    ] Leaving safepoint region
[2019-10-14T08:09:33.053+0000][1][safepoint    ] Total time for which application threads were stopped: 0.0136735 seconds, Stopping threads took: 0.0078843 seconds
[2019-10-14T08:09:34.057+0000][1][safepoint    ] Application time: 1.0001868 seconds
[2019-10-14T08:09:34.057+0000][1][safepoint    ] Entering safepoint region: Cleanup
[2019-10-14T08:09:34.058+0000][1][safepoint    ] Leaving safepoint region
[2019-10-14T08:09:34.058+0000][1][safepoint    ] Total time for which application threads were stopped: 0.0008578 seconds, Stopping threads took: 0.0003303 seconds
[2019-10-14T08:09:35.059+0000][1][safepoint    ] Application time: 1.0002842 seconds
[2019-10-14T08:09:35.059+0000][1][safepoint    ] Entering safepoint region: Cleanup
[2019-10-14T08:09:35.060+0000][1][safepoint    ] Leaving safepoint region
[2019-10-14T08:09:35.061+0000][1][safepoint    ] Total time for which application threads were stopped: 0.0012250 seconds, Stopping threads took: 0.0005240 seconds
[2019-10-14T08:09:36.063+0000][1][safepoint    ] Application time: 1.0012746 seconds
[2019-10-14T08:09:36.064+0000][1][safepoint    ] Entering safepoint region: Cleanup
[2019-10-14T08:09:36.064+0000][1][safepoint    ] Leaving safepoint region
[2019-10-14T08:09:36.064+0000][1][safepoint    ] Total time for which application threads were stopped: 0.0008303 seconds, Stopping threads took: 0.0003847 seconds
[2019-10-14T08:09:37.065+0000][1][safepoint    ] Application time: 1.0006577 seconds
[2019-10-14T08:09:37.066+0000][1][safepoint    ] Entering safepoint region: Cleanup
[2019-10-14T08:09:37.067+0000][1][safepoint    ] Leaving safepoint region
[2019-10-14T08:09:37.067+0000][1][safepoint    ] Total time for which application threads were stopped: 0.0010700 seconds, Stopping threads took: 0.0005984 seconds
[2019-10-14T08:09:38.068+0000][1][safepoint    ] Application time: 1.0001430 seconds
[2019-10-14T08:09:38.068+0000][1][safepoint    ] Entering safepoint region: Cleanup
[2019-10-14T08:09:38.069+0000][1][safepoint    ] Leaving safepoint region
[2019-10-14T08:09:38.070+0000][1][safepoint    ] Total time for which application threads were stopped: 0.0016049 seconds, Stopping threads took: 0.0010249 seconds
[2019-10-14T08:09:39.071+0000][1][safepoint    ] Application time: 1.0005557 seconds
[2019-10-14T08:09:39.072+0000][1][safepoint    ] Entering safepoint region: Cleanup
[2019-10-14T08:09:39.073+0000][1][safepoint    ] Leaving safepoint region
[2019-10-14T08:09:39.074+0000][1][safepoint    ] Total time for which application threads were stopped: 0.0013753 seconds, Stopping threads took: 0.0005998 seconds
[2019-10-14T08:09:40.076+0000][1][safepoint    ] Application time: 1.0012495 seconds
[2019-10-14T08:09:40.077+0000][1][safepoint    ] Entering safepoint region: Cleanup
[2019-10-14T08:09:40.078+0000][1][safepoint    ] Leaving safepoint region
[2019-10-14T08:09:40.079+0000][1][safepoint    ] Total time for which application threads were stopped: 0.0012800 seconds, Stopping threads took: 0.0006747 seconds
[2019-10-14T08:09:41.080+0000][1][safepoint    ] Application time: 1.0006091 seconds
[2019-10-14T08:09:41.081+0000][1][safepoint    ] Entering safepoint region: Cleanup
[2019-10-14T08:09:41.083+0000][1][safepoint    ] Leaving safepoint region
[2019-10-14T08:09:41.084+0000][1][safepoint    ] Total time for which application threads were stopped: 0.0037383 seconds, Stopping threads took: 0.0020429 seconds
[2019-10-14T08:09:42.086+0000][1][safepoint    ] Application time: 1.0003545 seconds
[2019-10-14T08:09:42.087+0000][1][safepoint    ] Entering safepoint region: Cleanup
[2019-10-14T08:09:42.088+0000][1][safepoint    ] Leaving safepoint region
[2019-10-14T08:09:42.089+0000][1][safepoint    ] Total time for which application threads were stopped: 0.0022033 seconds, Stopping threads took: 0.0007869 seconds
[2019-10-14T08:09:43.091+0000][1][safepoint    ] Application time: 1.0005469 seconds
[2019-10-14T08:09:43.091+0000][1][safepoint    ] Entering safepoint region: Cleanup
[2019-10-14T08:09:43.092+0000][1][safepoint    ] Leaving safepoint region
[2019-10-14T08:09:43.094+0000][1][safepoint    ] Total time for which application threads were stopped: 0.0023440 seconds, Stopping threads took: 0.0004249 seconds
[2019-10-14T08:09:44.094+0000][1][safepoint    ] Application time: 1.0005029 seconds
[2019-10-14T08:09:44.095+0000][1][safepoint    ] Entering safepoint region: Cleanup
[2019-10-14T08:09:44.095+0000][1][safepoint    ] Leaving safepoint region
[2019-10-14T08:09:44.096+0000][1][safepoint    ] Total time for which application threads were stopped: 0.0008392 seconds, Stopping threads took: 0.0003824 seconds
[2019-10-14T08:09:45.098+0000][1][safepoint    ] Application time: 1.0016028 seconds
[2019-10-14T08:09:45.098+0000][1][safepoint    ] Entering safepoint region: Cleanup
[2019-10-14T08:09:45.099+0000][1][safepoint    ] Leaving safepoint region
[2019-10-14T08:09:45.100+0000][1][safepoint    ] Total time for which application threads were stopped: 0.0011639 seconds, Stopping threads took: 0.0005757 seconds
[2019-10-14T08:09:46.101+0000][1][safepoint    ] Application time: 1.0011114 seconds
[2019-10-14T08:09:46.107+0000][1][safepoint    ] Entering safepoint region: Cleanup
[2019-10-14T08:09:46.107+0000][1][safepoint    ] Leaving safepoint region
[2019-10-14T08:09:46.108+0000][1][safepoint    ] Total time for which application threads were stopped: 0.0012323 seconds, Stopping threads took: 0.0005528 seconds
[2019-10-14T08:09:47.109+0000][1][safepoint    ] Application time: 1.0002039 seconds
[2019-10-14T08:09:47.109+0000][1][safepoint    ] Entering safepoint region: Cleanup
[2019-10-14T08:09:47.110+0000][1][safepoint    ] Leaving safepoint region
[2019-10-14T08:09:47.110+0000][1][safepoint    ] Total time for which application threads were stopped: 0.0009093 seconds, Stopping threads took: 0.0004417 seconds
[2019-10-14T08:09:48.111+0000][1][safepoint    ] Application time: 1.0005095 seconds
[2019-10-14T08:09:48.112+0000][1][safepoint    ] Entering safepoint region: Cleanup
[2019-10-14T08:09:48.113+0000][1][safepoint    ] Leaving safepoint region
[2019-10-14T08:09:48.113+0000][1][safepoint    ] Total time for which application threads were stopped: 0.0011543 seconds, Stopping threads took: 0.0005775 seconds
[2019-10-14T08:09:49.114+0000][1][safepoint    ] Application time: 1.0002708 seconds
[2019-10-14T08:09:49.114+0000][1][safepoint    ] Entering safepoint region: Cleanup
[2019-10-14T08:09:49.117+0000][1][safepoint    ] Leaving safepoint region
[2019-10-14T08:09:49.119+0000][1][safepoint    ] Total time for which application threads were stopped: 0.0043086 seconds, Stopping threads took: 0.0029094 seconds
[2019-10-14T08:09:50.120+0000][1][safepoint    ] Application time: 1.0008418 seconds
[2019-10-14T08:09:50.121+0000][1][safepoint    ] Entering safepoint region: Cleanup
[2019-10-14T08:09:50.123+0000][1][safepoint    ] Leaving safepoint region
[2019-10-14T08:09:50.126+0000][1][safepoint    ] Total time for which application threads were stopped: 0.0048964 seconds, Stopping threads took: 0.0011079 seconds
[2019-10-14T08:09:51.127+0000][1][safepoint    ] Application time: 1.0003415 seconds
[2019-10-14T08:09:51.128+0000][1][safepoint    ] Entering safepoint region: Cleanup
[2019-10-14T08:09:51.129+0000][1][safepoint    ] Leaving safepoint region
[2019-10-14T08:09:51.130+0000][1][safepoint    ] Total time for which application threads were stopped: 0.0020329 seconds, Stopping threads took: 0.0014387 seconds
[2019-10-14T08:09:52.130+0000][1][safepoint    ] Application time: 1.0001778 seconds
[2019-10-14T08:09:52.131+0000][1][safepoint    ] Entering safepoint region: Cleanup
[2019-10-14T08:09:52.132+0000][1][safepoint    ] Leaving safepoint region
[2019-10-14T08:09:52.132+0000][1][safepoint    ] Total time for which application threads were stopped: 0.0010340 seconds, Stopping threads took: 0.0005444 seconds
[2019-10-14T08:09:53.133+0000][1][safepoint    ] Application time: 1.0002821 seconds
[2019-10-14T08:09:53.134+0000][1][safepoint    ] Entering safepoint region: Cleanup
[2019-10-14T08:09:53.134+0000][1][safepoint    ] Leaving safepoint region
[2019-10-14T08:09:53.135+0000][1][safepoint    ] Total time for which application threads were stopped: 0.0013842 seconds, Stopping threads took: 0.0006954 seconds
[2019-10-14T08:09:54.136+0000][1][safepoint    ] Application time: 1.0003218 seconds
[2019-10-14T08:09:54.136+0000][1][safepoint    ] Entering safepoint region: Cleanup
[2019-10-14T08:09:54.137+0000][1][safepoint    ] Leaving safepoint region
[2019-10-14T08:09:54.137+0000][1][safepoint    ] Total time for which application threads were stopped: 0.0008570 seconds, Stopping threads took: 0.0004231 seconds
[2019-10-14T08:09:55.138+0000][1][safepoint    ] Application time: 1.0001476 seconds
[2019-10-14T08:09:55.138+0000][1][safepoint    ] Entering safepoint region: Cleanup
[2019-10-14T08:09:55.139+0000][1][safepoint    ] Leaving safepoint region
[2019-10-14T08:09:55.139+0000][1][safepoint    ] Total time for which application threads were stopped: 0.0012255 seconds, Stopping threads took: 0.0007081 seconds
[2019-10-14T08:09:56.141+0000][1][safepoint    ] Application time: 1.0006233 seconds
[2019-10-14T08:09:56.141+0000][1][safepoint    ] Entering safepoint region: Cleanup
[2019-10-14T08:09:56.142+0000][1][safepoint    ] Leaving safepoint region
[2019-10-14T08:09:56.143+0000][1][safepoint    ] Total time for which application threads were stopped: 0.0011982 seconds, Stopping threads took: 0.0006416 seconds
[2019-10-14T08:09:57.144+0000][1][safepoint    ] Application time: 1.0007667 seconds
[2019-10-14T08:09:57.144+0000][1][safepoint    ] Entering safepoint region: Cleanup
[2019-10-14T08:09:57.145+0000][1][safepoint    ] Leaving safepoint region
[2019-10-14T08:09:57.145+0000][1][safepoint    ] Total time for which application threads were stopped: 0.0008046 seconds, Stopping threads took: 0.0003852 seconds
[2019-10-14T08:09:58.146+0000][1][safepoint    ] Application time: 1.0004796 seconds
[2019-10-14T08:09:58.147+0000][1][safepoint    ] Entering safepoint region: Cleanup
[2019-10-14T08:09:58.147+0000][1][safepoint    ] Leaving safepoint region
[2019-10-14T08:09:58.147+0000][1][safepoint    ] Total time for which application threads were stopped: 0.0009338 seconds, Stopping threads took: 0.0004784 seconds
[2019-10-14T08:09:59.152+0000][1][safepoint    ] Application time: 1.0037184 seconds
[2019-10-14T08:09:59.156+0000][1][safepoint    ] Entering safepoint region: Cleanup
[2019-10-14T08:09:59.157+0000][1][safepoint    ] Leaving safepoint region
[2019-10-14T08:09:59.158+0000][1][safepoint    ] Total time for which application threads were stopped: 0.0023860 seconds, Stopping threads took: 0.0008877 seconds
[2019-10-14T08:10:00.165+0000][1][safepoint    ] Application time: 1.0009600 seconds
[2019-10-14T08:10:00.166+0000][1][safepoint    ] Entering safepoint region: Cleanup
[2019-10-14T08:10:00.166+0000][1][safepoint    ] Leaving safepoint region
[2019-10-14T08:10:00.167+0000][1][safepoint    ] Total time for which application threads were stopped: 0.0011008 seconds, Stopping threads took: 0.0005499 seconds
[2019-10-14T08:10:01.168+0000][1][safepoint    ] Application time: 1.0008031 seconds
[2019-10-14T08:10:01.169+0000][1][safepoint    ] Entering safepoint region: Cleanup
[2019-10-14T08:10:01.170+0000][1][safepoint    ] Leaving safepoint region
[2019-10-14T08:10:01.170+0000][1][safepoint    ] Total time for which application threads were stopped: 0.0011162 seconds, Stopping threads took: 0.0004859 seconds
[2019-10-14T08:10:02.172+0000][1][safepoint    ] Application time: 1.0011895 seconds
[2019-10-14T08:10:02.173+0000][1][safepoint    ] Entering safepoint region: Cleanup
[2019-10-14T08:10:02.173+0000][1][safepoint    ] Leaving safepoint region
[2019-10-14T08:10:02.174+0000][1][safepoint    ] Total time for which application threads were stopped: 0.0012423 seconds, Stopping threads took: 0.0006576 seconds
[2019-10-14T08:10:03.153+0000][1][safepoint    ] Application time: 1.0002245 seconds
[2019-10-14T08:10:03.154+0000][1][safepoint    ] Entering safepoint region: Cleanup
[2019-10-14T08:10:03.155+0000][1][safepoint    ] Leaving safepoint region
[2019-10-14T08:10:03.156+0000][1][safepoint    ] Total time for which application threads were stopped: 0.0012945 seconds, Stopping threads took: 0.0006606 seconds
[2019-10-14T08:10:04.160+0000][1][safepoint    ] Application time: 1.0044410 seconds
[2019-10-14T08:10:04.162+0000][1][safepoint    ] Entering safepoint region: Cleanup
[2019-10-14T08:10:04.162+0000][1][safepoint    ] Leaving safepoint region
[2019-10-14T08:10:04.163+0000][1][safepoint    ] Total time for which application threads were stopped: 0.0012138 seconds, Stopping threads took: 0.0005727 seconds
[2019-10-14T08:10:05.165+0000][1][safepoint    ] Application time: 1.0019636 seconds
[2019-10-14T08:10:05.166+0000][1][safepoint    ] Entering safepoint region: Cleanup
[2019-10-14T08:10:05.167+0000][1][safepoint    ] Leaving safepoint region
[2019-10-14T08:10:05.167+0000][1][safepoint    ] Total time for which application threads were stopped: 0.0014873 seconds, Stopping threads took: 0.0006697 seconds
[2019-10-14T08:10:06.170+0000][1][safepoint    ] Application time: 1.0020325 seconds
[2019-10-14T08:10:06.171+0000][1][safepoint    ] Entering safepoint region: Cleanup
[2019-10-14T08:10:06.172+0000][1][safepoint    ] Leaving safepoint region
[2019-10-14T08:10:06.172+0000][1][safepoint    ] Total time for which application threads were stopped: 0.0014952 seconds, Stopping threads took: 0.0007028 seconds
[2019-10-14T08:10:07.175+0000][1][safepoint    ] Application time: 1.0021928 seconds
[2019-10-14T08:10:07.176+0000][1][safepoint    ] Entering safepoint region: Cleanup
[2019-10-14T08:10:07.176+0000][1][safepoint    ] Leaving safepoint region
[2019-10-14T08:10:07.177+0000][1][safepoint    ] Total time for which application threads were stopped: 0.0010442 seconds, Stopping threads took: 0.0005585 seconds
[2019-10-14T08:10:08.178+0000][1][safepoint    ] Application time: 1.0006945 seconds
[2019-10-14T08:10:08.179+0000][1][safepoint    ] Entering safepoint region: Cleanup
[2019-10-14T08:10:08.180+0000][1][safepoint    ] Leaving safepoint region
[2019-10-14T08:10:08.180+0000][1][safepoint    ] Total time for which application threads were stopped: 0.0012394 seconds, Stopping threads took: 0.0005590 seconds
[2019-10-14T08:10:09.181+0000][1][safepoint    ] Application time: 1.0006583 seconds
[2019-10-14T08:10:09.182+0000][1][safepoint    ] Entering safepoint region: Cleanup
[2019-10-14T08:10:09.183+0000][1][safepoint    ] Leaving safepoint region
[2019-10-14T08:10:09.184+0000][1][safepoint    ] Total time for which application threads were stopped: 0.0015269 seconds, Stopping threads took: 0.0006905 seconds
[2019-10-14T08:10:10.186+0000][1][safepoint    ] Application time: 1.0014707 seconds
[2019-10-14T08:10:10.186+0000][1][safepoint    ] Entering safepoint region: Cleanup
[2019-10-14T08:10:10.187+0000][1][safepoint    ] Leaving safepoint region
[2019-10-14T08:10:10.188+0000][1][safepoint    ] Total time for which application threads were stopped: 0.0013083 seconds, Stopping threads took: 0.0004621 seconds
[2019-10-14T08:10:11.188+0000][1][safepoint    ] Application time: 1.0002562 seconds
[2019-10-14T08:10:11.189+0000][1][safepoint    ] Entering safepoint region: Cleanup
[2019-10-14T08:10:11.190+0000][1][safepoint    ] Leaving safepoint region
[2019-10-14T08:10:11.191+0000][1][safepoint    ] Total time for which application threads were stopped: 0.0014918 seconds, Stopping threads took: 0.0007704 seconds
[2019-10-14T08:10:11.476+0000][1][safepoint    ] Application time: 0.2850043 seconds
[2019-10-14T08:10:11.484+0000][1][safepoint    ] Entering safepoint region: RevokeBias
[2019-10-14T08:10:11.485+0000][1][safepoint    ] Leaving safepoint region
[2019-10-14T08:10:11.486+0000][1][safepoint    ] Total time for which application threads were stopped: 0.0021003 seconds, Stopping threads took: 0.0014437 seconds
[2019-10-14T08:10:12.486+0000][1][safepoint    ] Application time: 1.0002002 seconds
[2019-10-14T08:10:12.487+0000][1][safepoint    ] Entering safepoint region: Cleanup
[2019-10-14T08:10:12.488+0000][1][safepoint    ] Leaving safepoint region
[2019-10-14T08:10:12.489+0000][1][safepoint    ] Total time for which application threads were stopped: 0.0017583 seconds, Stopping threads took: 0.0010674 seconds
[2019-10-14T08:10:13.491+0000][1][safepoint    ] Application time: 1.0017347 seconds
[2019-10-14T08:10:13.493+0000][1][safepoint    ] Entering safepoint region: Cleanup
[2019-10-14T08:10:13.493+0000][1][safepoint    ] Leaving safepoint region
[2019-10-14T08:10:13.494+0000][1][safepoint    ] Total time for which application threads were stopped: 0.0009455 seconds, Stopping threads took: 0.0003837 seconds
[2019-10-14T08:10:14.496+0000][1][safepoint    ] Application time: 1.0019272 seconds
[2019-10-14T08:10:14.497+0000][1][safepoint    ] Entering safepoint region: Cleanup
[2019-10-14T08:10:14.498+0000][1][safepoint    ] Leaving safepoint region
[2019-10-14T08:10:14.498+0000][1][safepoint    ] Total time for which application threads were stopped: 0.0011961 seconds, Stopping threads took: 0.0006441 seconds
[2019-10-14T08:10:15.499+0000][1][safepoint    ] Application time: 1.0011301 seconds
[2019-10-14T08:10:15.500+0000][1][safepoint    ] Entering safepoint region: Cleanup
[2019-10-14T08:10:15.501+0000][1][safepoint    ] Leaving safepoint region
[2019-10-14T08:10:15.501+0000][1][safepoint    ] Total time for which application threads were stopped: 0.0012167 seconds, Stopping threads took: 0.0005829 seconds
[2019-10-14T08:10:16.510+0000][1][safepoint    ] Application time: 1.0083910 seconds
[2019-10-14T08:10:16.514+0000][1][safepoint    ] Entering safepoint region: Cleanup
[2019-10-14T08:10:16.516+0000][1][safepoint    ] Leaving safepoint region
[2019-10-14T08:10:16.519+0000][1][safepoint    ] Total time for which application threads were stopped: 0.0055413 seconds, Stopping threads took: 0.0025040 seconds
[2019-10-14T08:10:17.527+0000][1][safepoint    ] Application time: 1.0040806 seconds
[2019-10-14T08:10:17.528+0000][1][safepoint    ] Entering safepoint region: Cleanup
[2019-10-14T08:10:17.529+0000][1][safepoint    ] Leaving safepoint region
[2019-10-14T08:10:17.529+0000][1][safepoint    ] Total time for which application threads were stopped: 0.0012778 seconds, Stopping threads took: 0.0006168 seconds
[2019-10-14T08:10:18.534+0000][1][safepoint    ] Application time: 1.0038659 seconds
[2019-10-14T08:10:18.535+0000][1][safepoint    ] Entering safepoint region: Cleanup
[2019-10-14T08:10:18.536+0000][1][safepoint    ] Leaving safepoint region
[2019-10-14T08:10:18.536+0000][1][safepoint    ] Total time for which application threads were stopped: 0.0010542 seconds, Stopping threads took: 0.0005888 seconds
[2019-10-14T08:10:19.541+0000][1][safepoint    ] Application time: 1.0041091 seconds
[2019-10-14T08:10:19.542+0000][1][safepoint    ] Entering safepoint region: Cleanup
[2019-10-14T08:10:19.542+0000][1][safepoint    ] Leaving safepoint region
[2019-10-14T08:10:19.543+0000][1][safepoint    ] Total time for which application threads were stopped: 0.0012518 seconds, Stopping threads took: 0.0005902 seconds
[2019-10-14T08:10:20.545+0000][1][safepoint    ] Application time: 1.0018667 seconds
[2019-10-14T08:10:20.546+0000][1][safepoint    ] Entering safepoint region: Cleanup
[2019-10-14T08:10:20.547+0000][1][safepoint    ] Leaving safepoint region
[2019-10-14T08:10:20.547+0000][1][safepoint    ] Total time for which application threads were stopped: 0.0011485 seconds, Stopping threads took: 0.0004838 seconds
[2019-10-14T08:10:21.550+0000][1][safepoint    ] Application time: 1.0022139 seconds
[2019-10-14T08:10:21.551+0000][1][safepoint    ] Entering safepoint region: Cleanup
[2019-10-14T08:10:21.551+0000][1][safepoint    ] Leaving safepoint region
[2019-10-14T08:10:21.552+0000][1][safepoint    ] Total time for which application threads were stopped: 0.0012650 seconds, Stopping threads took: 0.0005956 seconds
[2019-10-14T08:10:22.554+0000][1][safepoint    ] Application time: 1.0012514 seconds
[2019-10-14T08:10:22.554+0000][1][safepoint    ] Entering safepoint region: Cleanup
[2019-10-14T08:10:22.555+0000][1][safepoint    ] Leaving safepoint region
[2019-10-14T08:10:22.555+0000][1][safepoint    ] Total time for which application threads were stopped: 0.0012474 seconds, Stopping threads took: 0.0004317 seconds
[2019-10-14T08:10:23.559+0000][1][safepoint    ] Application time: 1.0034676 seconds
[2019-10-14T08:10:23.561+0000][1][safepoint    ] Entering safepoint region: Cleanup
[2019-10-14T08:10:23.563+0000][1][safepoint    ] Leaving safepoint region
[2019-10-14T08:10:23.563+0000][1][safepoint    ] Total time for which application threads were stopped: 0.0017812 seconds, Stopping threads took: 0.0011829 seconds
[2019-10-14T08:10:24.568+0000][1][safepoint    ] Application time: 1.0046889 seconds
[2019-10-14T08:10:24.569+0000][1][safepoint    ] Entering safepoint region: Cleanup
[2019-10-14T08:10:24.570+0000][1][safepoint    ] Leaving safepoint region
[2019-10-14T08:10:24.570+0000][1][safepoint    ] Total time for which application threads were stopped: 0.0013446 seconds, Stopping threads took: 0.0007692 seconds
[2019-10-14T08:10:25.572+0000][1][safepoint    ] Application time: 1.0007779 seconds
[2019-10-14T08:10:25.572+0000][1][safepoint    ] Entering safepoint region: Cleanup
[2019-10-14T08:10:25.573+0000][1][safepoint    ] Leaving safepoint region
[2019-10-14T08:10:25.574+0000][1][safepoint    ] Total time for which application threads were stopped: 0.0015463 seconds, Stopping threads took: 0.0007897 seconds
[2019-10-14T08:10:26.577+0000][1][safepoint    ] Application time: 1.0026469 seconds
[2019-10-14T08:10:26.578+0000][1][safepoint    ] Entering safepoint region: Cleanup
[2019-10-14T08:10:26.579+0000][1][safepoint    ] Leaving safepoint region
[2019-10-14T08:10:26.579+0000][1][safepoint    ] Total time for which application threads were stopped: 0.0012535 seconds, Stopping threads took: 0.0006237 seconds
[2019-10-14T08:10:27.580+0000][1][safepoint    ] Application time: 1.0006836 seconds
[2019-10-14T08:10:27.581+0000][1][safepoint    ] Entering safepoint region: Cleanup
[2019-10-14T08:10:27.582+0000][1][safepoint    ] Leaving safepoint region
[2019-10-14T08:10:27.582+0000][1][safepoint    ] Total time for which application threads were stopped: 0.0011118 seconds, Stopping threads took: 0.0005387 seconds
[2019-10-14T08:10:28.585+0000][1][safepoint    ] Application time: 1.0022970 seconds
[2019-10-14T08:10:28.587+0000][1][safepoint    ] Entering safepoint region: Cleanup
[2019-10-14T08:10:28.588+0000][1][safepoint    ] Leaving safepoint region
[2019-10-14T08:10:28.588+0000][1][safepoint    ] Total time for which application threads were stopped: 0.0013374 seconds, Stopping threads took: 0.0008504 seconds
[2019-10-14T08:10:29.589+0000][1][safepoint    ] Application time: 1.0005208 seconds
[2019-10-14T08:10:29.589+0000][1][safepoint    ] Entering safepoint region: Cleanup
[2019-10-14T08:10:29.590+0000][1][safepoint    ] Leaving safepoint region
[2019-10-14T08:10:29.590+0000][1][safepoint    ] Total time for which application threads were stopped: 0.0008225 seconds, Stopping threads took: 0.0003423 seconds
[2019-10-14T08:10:30.591+0000][1][safepoint    ] Application time: 1.0003851 seconds
[2019-10-14T08:10:30.595+0000][1][safepoint    ] Entering safepoint region: Cleanup
[2019-10-14T08:10:30.596+0000][1][safepoint    ] Leaving safepoint region
[2019-10-14T08:10:30.596+0000][1][safepoint    ] Total time for which application threads were stopped: 0.0014383 seconds, Stopping threads took: 0.0007066 seconds
[2019-10-14T08:10:32.221+0000][1][safepoint    ] Application time: 1.6246121 seconds
[2019-10-14T08:10:32.222+0000][1][safepoint    ] Entering safepoint region: Cleanup
[2019-10-14T08:10:32.223+0000][1][safepoint    ] Leaving safepoint region
[2019-10-14T08:10:32.223+0000][1][safepoint    ] Total time for which application threads were stopped: 0.0009215 seconds, Stopping threads took: 0.0003844 seconds
[2019-10-14T08:10:33.203+0000][1][safepoint    ] Application time: 1.0003109 seconds
[2019-10-14T08:10:33.204+0000][1][safepoint    ] Entering safepoint region: Cleanup
[2019-10-14T08:10:33.204+0000][1][safepoint    ] Leaving safepoint region
[2019-10-14T08:10:33.205+0000][1][safepoint    ] Total time for which application threads were stopped: 0.0012778 seconds, Stopping threads took: 0.0006199 seconds
[2019-10-14T08:10:34.206+0000][1][safepoint    ] Application time: 1.0001853 seconds
[2019-10-14T08:10:34.206+0000][1][safepoint    ] Entering safepoint region: Cleanup
[2019-10-14T08:10:34.207+0000][1][safepoint    ] Leaving safepoint region
[2019-10-14T08:10:34.207+0000][1][safepoint    ] Total time for which application threads were stopped: 0.0009777 seconds, Stopping threads took: 0.0004828 seconds
[2019-10-14T08:10:35.208+0000][1][safepoint    ] Application time: 1.0005429 seconds
[2019-10-14T08:10:35.209+0000][1][safepoint    ] Entering safepoint region: Cleanup
[2019-10-14T08:10:35.210+0000][1][safepoint    ] Leaving safepoint region
[2019-10-14T08:10:35.210+0000][1][safepoint    ] Total time for which application threads were stopped: 0.0012997 seconds, Stopping threads took: 0.0006727 seconds
[2019-10-14T08:10:36.212+0000][1][safepoint    ] Application time: 1.0012641 seconds
[2019-10-14T08:10:36.213+0000][1][safepoint    ] Entering safepoint region: Cleanup
[2019-10-14T08:10:36.213+0000][1][safepoint    ] Leaving safepoint region
[2019-10-14T08:10:36.214+0000][1][safepoint    ] Total time for which application threads were stopped: 0.0011022 seconds, Stopping threads took: 0.0005628 seconds
[2019-10-14T08:10:37.215+0000][1][safepoint    ] Application time: 1.0013335 seconds
[2019-10-14T08:10:37.216+0000][1][safepoint    ] Entering safepoint region: Cleanup
[2019-10-14T08:10:37.217+0000][1][safepoint    ] Leaving safepoint region
[2019-10-14T08:10:37.217+0000][1][safepoint    ] Total time for which application threads were stopped: 0.0011769 seconds, Stopping threads took: 0.0006295 seconds
[2019-10-14T08:10:38.219+0000][1][safepoint    ] Application time: 1.0013151 seconds
[2019-10-14T08:10:38.221+0000][1][safepoint    ] Entering safepoint region: Cleanup
[2019-10-14T08:10:38.221+0000][1][safepoint    ] Leaving safepoint region
[2019-10-14T08:10:38.222+0000][1][safepoint    ] Total time for which application threads were stopped: 0.0012564 seconds, Stopping threads took: 0.0006198 seconds
[2019-10-14T08:10:39.224+0000][1][safepoint    ] Application time: 1.0012662 seconds
[2019-10-14T08:10:39.225+0000][1][safepoint    ] Entering safepoint region: Cleanup
[2019-10-14T08:10:39.225+0000][1][safepoint    ] Leaving safepoint region
[2019-10-14T08:10:39.226+0000][1][safepoint    ] Total time for which application threads were stopped: 0.0009714 seconds, Stopping threads took: 0.0004584 seconds
[2019-10-14T08:10:40.227+0000][1][safepoint    ] Application time: 1.0006976 seconds
[2019-10-14T08:10:40.228+0000][1][safepoint    ] Entering safepoint region: Cleanup
[2019-10-14T08:10:40.228+0000][1][safepoint    ] Leaving safepoint region
[2019-10-14T08:10:40.229+0000][1][safepoint    ] Total time for which application threads were stopped: 0.0009972 seconds, Stopping threads took: 0.0005413 seconds
[2019-10-14T08:10:41.230+0000][1][safepoint    ] Application time: 1.0001972 seconds
[2019-10-14T08:10:41.230+0000][1][safepoint    ] Entering safepoint region: Cleanup
[2019-10-14T08:10:41.231+0000][1][safepoint    ] Leaving safepoint region
[2019-10-14T08:10:41.231+0000][1][safepoint    ] Total time for which application threads were stopped: 0.0007668 seconds, Stopping threads took: 0.0003834 seconds
[2019-10-14T08:10:42.232+0000][1][safepoint    ] Application time: 1.0004842 seconds
[2019-10-14T08:10:42.233+0000][1][safepoint    ] Entering safepoint region: Cleanup
[2019-10-14T08:10:42.233+0000][1][safepoint    ] Leaving safepoint region
[2019-10-14T08:10:42.234+0000][1][safepoint    ] Total time for which application threads were stopped: 0.0012186 seconds, Stopping threads took: 0.0005320 seconds
[2019-10-14T08:10:43.235+0000][1][safepoint    ] Application time: 1.0005380 seconds
[2019-10-14T08:10:43.236+0000][1][safepoint    ] Entering safepoint region: Cleanup
[2019-10-14T08:10:43.236+0000][1][safepoint    ] Leaving safepoint region
[2019-10-14T08:10:43.237+0000][1][safepoint    ] Total time for which application threads were stopped: 0.0009981 seconds, Stopping threads took: 0.0005262 seconds
[2019-10-14T08:10:44.239+0000][1][safepoint    ] Application time: 1.0018708 seconds
[2019-10-14T08:10:44.240+0000][1][safepoint    ] Entering safepoint region: Cleanup
[2019-10-14T08:10:44.241+0000][1][safepoint    ] Leaving safepoint region
[2019-10-14T08:10:44.242+0000][1][safepoint    ] Total time for which application threads were stopped: 0.0013168 seconds, Stopping threads took: 0.0006529 seconds
[2019-10-14T08:10:45.242+0000][1][safepoint    ] Application time: 1.0002350 seconds
[2019-10-14T08:10:45.243+0000][1][safepoint    ] Entering safepoint region: Cleanup
[2019-10-14T08:10:45.244+0000][1][safepoint    ] Leaving safepoint region
[2019-10-14T08:10:45.244+0000][1][safepoint    ] Total time for which application threads were stopped: 0.0012102 seconds, Stopping threads took: 0.0005123 seconds
[2019-10-14T08:10:46.246+0000][1][safepoint    ] Application time: 1.0017066 seconds
[2019-10-14T08:10:46.247+0000][1][safepoint    ] Entering safepoint region: Cleanup
[2019-10-14T08:10:46.247+0000][1][safepoint    ] Leaving safepoint region
[2019-10-14T08:10:46.248+0000][1][safepoint    ] Total time for which application threads were stopped: 0.0010612 seconds, Stopping threads took: 0.0004977 seconds
[2019-10-14T08:10:47.249+0000][1][safepoint    ] Application time: 1.0002406 seconds
[2019-10-14T08:10:47.249+0000][1][safepoint    ] Entering safepoint region: Cleanup
[2019-10-14T08:10:47.250+0000][1][safepoint    ] Leaving safepoint region
[2019-10-14T08:10:47.250+0000][1][safepoint    ] Total time for which application threads were stopped: 0.0009622 seconds, Stopping threads took: 0.0004296 seconds
[2019-10-14T08:10:48.251+0000][1][safepoint    ] Application time: 1.0004564 seconds
[2019-10-14T08:10:48.252+0000][1][safepoint    ] Entering safepoint region: Cleanup
[2019-10-14T08:10:48.253+0000][1][safepoint    ] Leaving safepoint region
[2019-10-14T08:10:48.253+0000][1][safepoint    ] Total time for which application threads were stopped: 0.0011247 seconds, Stopping threads took: 0.0005139 seconds
[2019-10-14T08:10:49.255+0000][1][safepoint    ] Application time: 1.0013118 seconds
[2019-10-14T08:10:49.256+0000][1][safepoint    ] Entering safepoint region: Cleanup
[2019-10-14T08:10:49.257+0000][1][safepoint    ] Leaving safepoint region
[2019-10-14T08:10:49.257+0000][1][safepoint    ] Total time for which application threads were stopped: 0.0009861 seconds, Stopping threads took: 0.0004553 seconds
[2019-10-14T08:10:50.258+0000][1][safepoint    ] Application time: 1.0004443 seconds
[2019-10-14T08:10:50.258+0000][1][safepoint    ] Entering safepoint region: Cleanup
[2019-10-14T08:10:50.259+0000][1][safepoint    ] Leaving safepoint region
[2019-10-14T08:10:50.259+0000][1][safepoint    ] Total time for which application threads were stopped: 0.0010208 seconds, Stopping threads took: 0.0006057 seconds
[2019-10-14T08:10:51.260+0000][1][safepoint    ] Application time: 1.0005975 seconds
[2019-10-14T08:10:51.261+0000][1][safepoint    ] Entering safepoint region: Cleanup
[2019-10-14T08:10:51.262+0000][1][safepoint    ] Leaving safepoint region
[2019-10-14T08:10:51.262+0000][1][safepoint    ] Total time for which application threads were stopped: 0.0010346 seconds, Stopping threads took: 0.0006246 seconds
[2019-10-14T08:10:52.263+0000][1][safepoint    ] Application time: 1.0008661 seconds
[2019-10-14T08:10:52.265+0000][1][safepoint    ] Entering safepoint region: Cleanup
[2019-10-14T08:10:52.265+0000][1][safepoint    ] Leaving safepoint region
[2019-10-14T08:10:52.266+0000][1][safepoint    ] Total time for which application threads were stopped: 0.0009490 seconds, Stopping threads took: 0.0004316 seconds
[2019-10-14T08:10:53.266+0000][1][safepoint    ] Application time: 1.0002380 seconds
[2019-10-14T08:10:53.267+0000][1][safepoint    ] Entering safepoint region: Cleanup
[2019-10-14T08:10:53.268+0000][1][safepoint    ] Leaving safepoint region
[2019-10-14T08:10:53.268+0000][1][safepoint    ] Total time for which application threads were stopped: 0.0011292 seconds, Stopping threads took: 0.0004719 seconds
[2019-10-14T08:10:54.270+0000][1][safepoint    ] Application time: 1.0011520 seconds
[2019-10-14T08:10:54.271+0000][1][safepoint    ] Entering safepoint region: Cleanup
[2019-10-14T08:10:54.271+0000][1][safepoint    ] Leaving safepoint region
[2019-10-14T08:10:54.272+0000][1][safepoint    ] Total time for which application threads were stopped: 0.0010870 seconds, Stopping threads took: 0.0005196 seconds
[2019-10-14T08:10:55.277+0000][1][safepoint    ] Application time: 1.0046264 seconds
[2019-10-14T08:10:55.277+0000][1][safepoint    ] Entering safepoint region: Cleanup
[2019-10-14T08:10:55.278+0000][1][safepoint    ] Leaving safepoint region
[2019-10-14T08:10:55.278+0000][1][safepoint    ] Total time for which application threads were stopped: 0.0008787 seconds, Stopping threads took: 0.0004198 seconds
[2019-10-14T08:10:55.810+0000][1][safepoint    ] Application time: 0.5312074 seconds
[2019-10-14T08:10:55.810+0000][1][safepoint    ] Entering safepoint region: GenCollectForAllocation
[2019-10-14T08:10:55.811+0000][1][gc,start     ] GC(58) Pause Young (Allocation Failure)
[2019-10-14T08:10:55.812+0000][1][gc,task      ] GC(58) Using 2 workers of 2 for evacuation
[2019-10-14T08:10:55.817+0000][1][gc,age       ] GC(58) Desired survivor size 4456448 bytes, new threshold 6 (max threshold 6)
[2019-10-14T08:10:55.818+0000][1][gc,age       ] GC(58) Age table with threshold 6 (max threshold 6)
[2019-10-14T08:10:55.819+0000][1][gc,age       ] GC(58) - age   1:      39384 bytes,      39384 total
[2019-10-14T08:10:55.819+0000][1][gc,age       ] GC(58) - age   2:      23072 bytes,      62456 total
[2019-10-14T08:10:55.819+0000][1][gc,age       ] GC(58) - age   3:     296800 bytes,     359256 total
[2019-10-14T08:10:55.820+0000][1][gc,age       ] GC(58) - age   4:      19072 bytes,     378328 total
[2019-10-14T08:10:55.820+0000][1][gc,age       ] GC(58) - age   5:      57128 bytes,     435456 total
[2019-10-14T08:10:55.820+0000][1][gc,age       ] GC(58) - age   6:     589936 bytes,    1025392 total
[2019-10-14T08:10:55.821+0000][1][gc,heap      ] GC(58) ParNew: 73518K->1851K(78656K)
[2019-10-14T08:10:55.821+0000][1][gc,heap      ] GC(58) CMS: 79962K->80676K(174784K)
[2019-10-14T08:10:55.821+0000][1][gc,metaspace ] GC(58) Metaspace: 83905K->83905K(1126400K)
[2019-10-14T08:10:55.822+0000][1][gc           ] GC(58) Pause Young (Allocation Failure) 149M->80M(247M) 10.552ms
[2019-10-14T08:10:55.822+0000][1][gc,cpu       ] GC(58) User=0.01s Sys=0.00s Real=0.01s
[2019-10-14T08:10:55.822+0000][1][safepoint    ] Leaving safepoint region
[2019-10-14T08:10:55.823+0000][1][safepoint    ] Total time for which application threads were stopped: 0.0122330 seconds, Stopping threads took: 0.0005132 seconds
[2019-10-14T08:10:56.824+0000][1][safepoint    ] Application time: 1.0006696 seconds
[2019-10-14T08:10:56.824+0000][1][safepoint    ] Entering safepoint region: Cleanup
[2019-10-14T08:10:56.825+0000][1][safepoint    ] Leaving safepoint region
[2019-10-14T08:10:56.825+0000][1][safepoint    ] Total time for which application threads were stopped: 0.0011167 seconds, Stopping threads took: 0.0005527 seconds
[2019-10-14T08:10:58.039+0000][1][safepoint    ] Application time: 1.2126576 seconds
[2019-10-14T08:10:58.039+0000][1][safepoint    ] Entering safepoint region: Cleanup
[2019-10-14T08:10:58.040+0000][1][safepoint    ] Leaving safepoint region
[2019-10-14T08:10:58.040+0000][1][safepoint    ] Total time for which application threads were stopped: 0.0009737 seconds, Stopping threads took: 0.0004450 seconds
[2019-10-14T08:10:59.041+0000][1][safepoint    ] Application time: 1.0003498 seconds
[2019-10-14T08:10:59.041+0000][1][safepoint    ] Entering safepoint region: Cleanup
[2019-10-14T08:10:59.042+0000][1][safepoint    ] Leaving safepoint region
[2019-10-14T08:10:59.042+0000][1][safepoint    ] Total time for which application threads were stopped: 0.0008155 seconds, Stopping threads took: 0.0003737 seconds
[2019-10-14T08:11:00.044+0000][1][safepoint    ] Application time: 1.0014231 seconds
[2019-10-14T08:11:00.045+0000][1][safepoint    ] Entering safepoint region: Cleanup
[2019-10-14T08:11:00.046+0000][1][safepoint    ] Leaving safepoint region
[2019-10-14T08:11:00.047+0000][1][safepoint    ] Total time for which application threads were stopped: 0.0013472 seconds, Stopping threads took: 0.0009609 seconds
[2019-10-14T08:11:01.047+0000][1][safepoint    ] Application time: 1.0005267 seconds
[2019-10-14T08:11:01.048+0000][1][safepoint    ] Entering safepoint region: Cleanup
[2019-10-14T08:11:01.048+0000][1][safepoint    ] Leaving safepoint region
[2019-10-14T08:11:01.049+0000][1][safepoint    ] Total time for which application threads were stopped: 0.0007496 seconds, Stopping threads took: 0.0003974 seconds
[2019-10-14T08:11:02.049+0000][1][safepoint    ] Application time: 1.0002277 seconds
[2019-10-14T08:11:02.050+0000][1][safepoint    ] Entering safepoint region: Cleanup
[2019-10-14T08:11:02.051+0000][1][safepoint    ] Leaving safepoint region
[2019-10-14T08:11:02.051+0000][1][safepoint    ] Total time for which application threads were stopped: 0.0012196 seconds, Stopping threads took: 0.0006072 seconds
[2019-10-14T08:11:03.844+0000][1][safepoint    ] Application time: 1.8137549 seconds
[2019-10-14T08:11:03.845+0000][1][safepoint    ] Entering safepoint region: Cleanup
[2019-10-14T08:11:03.845+0000][1][safepoint    ] Leaving safepoint region
[2019-10-14T08:11:03.846+0000][1][safepoint    ] Total time for which application threads were stopped: 0.0012120 seconds, Stopping threads took: 0.0006024 seconds
[2019-10-14T08:11:04.847+0000][1][safepoint    ] Application time: 1.0006418 seconds
[2019-10-14T08:11:04.848+0000][1][safepoint    ] Entering safepoint region: Cleanup
[2019-10-14T08:11:04.849+0000][1][safepoint    ] Leaving safepoint region
[2019-10-14T08:11:04.850+0000][1][safepoint    ] Total time for which application threads were stopped: 0.0017827 seconds, Stopping threads took: 0.0008652 seconds
[2019-10-14T08:11:05.852+0000][1][safepoint    ] Application time: 1.0015137 seconds
[2019-10-14T08:11:05.853+0000][1][safepoint    ] Entering safepoint region: Cleanup
[2019-10-14T08:11:05.854+0000][1][safepoint    ] Leaving safepoint region
[2019-10-14T08:11:05.854+0000][1][safepoint    ] Total time for which application threads were stopped: 0.0012438 seconds, Stopping threads took: 0.0006395 seconds
[2019-10-14T08:11:06.855+0000][1][safepoint    ] Application time: 1.0004656 seconds
[2019-10-14T08:11:06.856+0000][1][safepoint    ] Entering safepoint region: Cleanup
[2019-10-14T08:11:06.856+0000][1][safepoint    ] Leaving safepoint region
[2019-10-14T08:11:06.857+0000][1][safepoint    ] Total time for which application threads were stopped: 0.0010082 seconds, Stopping threads took: 0.0004715 seconds
[2019-10-14T08:11:07.858+0000][1][safepoint    ] Application time: 1.0007064 seconds
[2019-10-14T08:11:07.859+0000][1][safepoint    ] Entering safepoint region: Cleanup
[2019-10-14T08:11:07.859+0000][1][safepoint    ] Leaving safepoint region
[2019-10-14T08:11:07.860+0000][1][safepoint    ] Total time for which application threads were stopped: 0.0009619 seconds, Stopping threads took: 0.0004666 seconds
[2019-10-14T08:11:08.862+0000][1][safepoint    ] Application time: 1.0014348 seconds
[2019-10-14T08:11:08.862+0000][1][safepoint    ] Entering safepoint region: Cleanup
[2019-10-14T08:11:08.863+0000][1][safepoint    ] Leaving safepoint region
[2019-10-14T08:11:08.864+0000][1][safepoint    ] Total time for which application threads were stopped: 0.0012544 seconds, Stopping threads took: 0.0006492 seconds
[2019-10-14T08:11:09.865+0000][1][safepoint    ] Application time: 1.0005993 seconds
[2019-10-14T08:11:09.866+0000][1][safepoint    ] Entering safepoint region: Cleanup
[2019-10-14T08:11:09.869+0000][1][safepoint    ] Leaving safepoint region
[2019-10-14T08:11:09.870+0000][1][safepoint    ] Total time for which application threads were stopped: 0.0042028 seconds, Stopping threads took: 0.0034522 seconds
[2019-10-14T08:11:10.871+0000][1][safepoint    ] Application time: 1.0010177 seconds
[2019-10-14T08:11:10.873+0000][1][safepoint    ] Entering safepoint region: Cleanup
[2019-10-14T08:11:10.874+0000][1][safepoint    ] Leaving safepoint region
[2019-10-14T08:11:10.875+0000][1][safepoint    ] Total time for which application threads were stopped: 0.0011031 seconds, Stopping threads took: 0.0005941 seconds
[2019-10-14T08:11:11.477+0000][1][safepoint    ] Application time: 0.6017181 seconds
[2019-10-14T08:11:11.477+0000][1][safepoint    ] Entering safepoint region: RevokeBias
[2019-10-14T08:11:11.478+0000][1][safepoint    ] Leaving safepoint region
[2019-10-14T08:11:11.478+0000][1][safepoint    ] Total time for which application threads were stopped: 0.0007758 seconds, Stopping threads took: 0.0003655 seconds
[2019-10-14T08:11:12.479+0000][1][safepoint    ] Application time: 1.0003784 seconds
[2019-10-14T08:11:12.481+0000][1][safepoint    ] Entering safepoint region: Cleanup
[2019-10-14T08:11:12.482+0000][1][safepoint    ] Leaving safepoint region
[2019-10-14T08:11:12.482+0000][1][safepoint    ] Total time for which application threads were stopped: 0.0015478 seconds, Stopping threads took: 0.0008572 seconds
[2019-10-14T08:11:13.486+0000][1][safepoint    ] Application time: 1.0030127 seconds
[2019-10-14T08:11:13.487+0000][1][safepoint    ] Entering safepoint region: Cleanup
[2019-10-14T08:11:13.488+0000][1][safepoint    ] Leaving safepoint region
[2019-10-14T08:11:13.488+0000][1][safepoint    ] Total time for which application threads were stopped: 0.0013001 seconds, Stopping threads took: 0.0005991 seconds
[2019-10-14T08:11:14.490+0000][1][safepoint    ] Application time: 1.0016558 seconds
[2019-10-14T08:11:14.491+0000][1][safepoint    ] Entering safepoint region: Cleanup
[2019-10-14T08:11:14.492+0000][1][safepoint    ] Leaving safepoint region
[2019-10-14T08:11:14.492+0000][1][safepoint    ] Total time for which application threads were stopped: 0.0011979 seconds, Stopping threads took: 0.0005548 seconds
[2019-10-14T08:11:15.497+0000][1][safepoint    ] Application time: 1.0037920 seconds
[2019-10-14T08:11:15.499+0000][1][safepoint    ] Entering safepoint region: Cleanup
[2019-10-14T08:11:15.500+0000][1][safepoint    ] Leaving safepoint region
[2019-10-14T08:11:15.501+0000][1][safepoint    ] Total time for which application threads were stopped: 0.0015071 seconds, Stopping threads took: 0.0009685 seconds
[2019-10-14T08:11:16.502+0000][1][safepoint    ] Application time: 1.0007491 seconds
[2019-10-14T08:11:16.503+0000][1][safepoint    ] Entering safepoint region: Cleanup
[2019-10-14T08:11:16.503+0000][1][safepoint    ] Leaving safepoint region
[2019-10-14T08:11:16.503+0000][1][safepoint    ] Total time for which application threads were stopped: 0.0008227 seconds, Stopping threads took: 0.0004154 seconds
[2019-10-14T08:11:17.504+0000][1][safepoint    ] Application time: 1.0002726 seconds
[2019-10-14T08:11:17.505+0000][1][safepoint    ] Entering safepoint region: Cleanup
[2019-10-14T08:11:17.505+0000][1][safepoint    ] Leaving safepoint region
[2019-10-14T08:11:17.506+0000][1][safepoint    ] Total time for which application threads were stopped: 0.0011447 seconds, Stopping threads took: 0.0006046 seconds
[2019-10-14T08:11:18.511+0000][1][safepoint    ] Application time: 1.0044938 seconds
[2019-10-14T08:11:18.512+0000][1][safepoint    ] Entering safepoint region: Cleanup
[2019-10-14T08:11:18.512+0000][1][safepoint    ] Leaving safepoint region
[2019-10-14T08:11:18.513+0000][1][safepoint    ] Total time for which application threads were stopped: 0.0010162 seconds, Stopping threads took: 0.0005528 seconds
[2019-10-14T08:11:19.514+0000][1][safepoint    ] Application time: 1.0003017 seconds
[2019-10-14T08:11:19.514+0000][1][safepoint    ] Entering safepoint region: Cleanup
[2019-10-14T08:11:19.515+0000][1][safepoint    ] Leaving safepoint region
[2019-10-14T08:11:19.515+0000][1][safepoint    ] Total time for which application threads were stopped: 0.0008482 seconds, Stopping threads took: 0.0004091 seconds
[2019-10-14T08:11:20.517+0000][1][safepoint    ] Application time: 1.0017123 seconds
[2019-10-14T08:11:20.518+0000][1][safepoint    ] Entering safepoint region: Cleanup
[2019-10-14T08:11:20.519+0000][1][safepoint    ] Leaving safepoint region
[2019-10-14T08:11:20.520+0000][1][safepoint    ] Total time for which application threads were stopped: 0.0014405 seconds, Stopping threads took: 0.0008225 seconds
[2019-10-14T08:11:21.521+0000][1][safepoint    ] Application time: 1.0005354 seconds
[2019-10-14T08:11:21.522+0000][1][safepoint    ] Entering safepoint region: Cleanup
[2019-10-14T08:11:21.522+0000][1][safepoint    ] Leaving safepoint region
[2019-10-14T08:11:21.523+0000][1][safepoint    ] Total time for which application threads were stopped: 0.0010281 seconds, Stopping threads took: 0.0004668 seconds
[2019-10-14T08:11:22.525+0000][1][safepoint    ] Application time: 1.0018366 seconds
[2019-10-14T08:11:22.526+0000][1][safepoint    ] Entering safepoint region: Cleanup
[2019-10-14T08:11:22.526+0000][1][safepoint    ] Leaving safepoint region
[2019-10-14T08:11:22.527+0000][1][safepoint    ] Total time for which application threads were stopped: 0.0011221 seconds, Stopping threads took: 0.0005757 seconds
[2019-10-14T08:11:23.531+0000][1][safepoint    ] Application time: 1.0039480 seconds
[2019-10-14T08:11:23.532+0000][1][safepoint    ] Entering safepoint region: Cleanup
[2019-10-14T08:11:23.533+0000][1][safepoint    ] Leaving safepoint region
[2019-10-14T08:11:23.534+0000][1][safepoint    ] Total time for which application threads were stopped: 0.0019595 seconds, Stopping threads took: 0.0009266 seconds
[2019-10-14T08:11:24.536+0000][1][safepoint    ] Application time: 1.0006508 seconds
[2019-10-14T08:11:24.537+0000][1][safepoint    ] Entering safepoint region: Cleanup
[2019-10-14T08:11:24.538+0000][1][safepoint    ] Leaving safepoint region
[2019-10-14T08:11:24.539+0000][1][safepoint    ] Total time for which application threads were stopped: 0.0016154 seconds, Stopping threads took: 0.0009565 seconds
[2019-10-14T08:11:25.540+0000][1][safepoint    ] Application time: 1.0005649 seconds
[2019-10-14T08:11:25.541+0000][1][safepoint    ] Entering safepoint region: Cleanup
[2019-10-14T08:11:25.542+0000][1][safepoint    ] Leaving safepoint region
[2019-10-14T08:11:25.542+0000][1][safepoint    ] Total time for which application threads were stopped: 0.0015598 seconds, Stopping threads took: 0.0007838 seconds
[2019-10-14T08:11:26.547+0000][1][safepoint    ] Application time: 1.0041596 seconds
[2019-10-14T08:11:26.548+0000][1][safepoint    ] Entering safepoint region: Cleanup
[2019-10-14T08:11:26.549+0000][1][safepoint    ] Leaving safepoint region
[2019-10-14T08:11:26.549+0000][1][safepoint    ] Total time for which application threads were stopped: 0.0014250 seconds, Stopping threads took: 0.0006078 seconds
[2019-10-14T08:11:27.550+0000][1][safepoint    ] Application time: 1.0004053 seconds
[2019-10-14T08:11:27.551+0000][1][safepoint    ] Entering safepoint region: Cleanup
[2019-10-14T08:11:27.552+0000][1][safepoint    ] Leaving safepoint region
[2019-10-14T08:11:27.553+0000][1][safepoint    ] Total time for which application threads were stopped: 0.0013228 seconds, Stopping threads took: 0.0006707 seconds
[2019-10-14T08:11:28.554+0000][1][safepoint    ] Application time: 1.0008672 seconds
[2019-10-14T08:11:28.555+0000][1][safepoint    ] Entering safepoint region: Cleanup
[2019-10-14T08:11:28.556+0000][1][safepoint    ] Leaving safepoint region
[2019-10-14T08:11:28.556+0000][1][safepoint    ] Total time for which application threads were stopped: 0.0017147 seconds, Stopping threads took: 0.0009095 seconds
[2019-10-14T08:11:29.558+0000][1][safepoint    ] Application time: 1.0006442 seconds
[2019-10-14T08:11:29.558+0000][1][safepoint    ] Entering safepoint region: Cleanup
[2019-10-14T08:11:29.559+0000][1][safepoint    ] Leaving safepoint region
[2019-10-14T08:11:29.560+0000][1][safepoint    ] Total time for which application threads were stopped: 0.0014357 seconds, Stopping threads took: 0.0007257 seconds
[2019-10-14T08:11:30.561+0000][1][safepoint    ] Application time: 1.0005344 seconds
[2019-10-14T08:11:30.562+0000][1][safepoint    ] Entering safepoint region: Cleanup
[2019-10-14T08:11:30.563+0000][1][safepoint    ] Leaving safepoint region
[2019-10-14T08:11:30.564+0000][1][safepoint    ] Total time for which application threads were stopped: 0.0017256 seconds, Stopping threads took: 0.0009483 seconds
[2019-10-14T08:11:32.238+0000][1][safepoint    ] Application time: 1.6739270 seconds
[2019-10-14T08:11:32.239+0000][1][safepoint    ] Entering safepoint region: Cleanup
[2019-10-14T08:11:32.240+0000][1][safepoint    ] Leaving safepoint region
[2019-10-14T08:11:32.240+0000][1][safepoint    ] Total time for which application threads were stopped: 0.0011610 seconds, Stopping threads took: 0.0006097 seconds
[2019-10-14T08:11:33.220+0000][1][safepoint    ] Application time: 1.0012607 seconds
[2019-10-14T08:11:33.221+0000][1][safepoint    ] Entering safepoint region: Cleanup
[2019-10-14T08:11:33.222+0000][1][safepoint    ] Leaving safepoint region
[2019-10-14T08:11:33.223+0000][1][safepoint    ] Total time for which application threads were stopped: 0.0013240 seconds, Stopping threads took: 0.0006519 seconds
[2019-10-14T08:11:34.231+0000][1][safepoint    ] Application time: 1.0011641 seconds
[2019-10-14T08:11:34.231+0000][1][safepoint    ] Entering safepoint region: Cleanup
[2019-10-14T08:11:34.232+0000][1][safepoint    ] Leaving safepoint region
[2019-10-14T08:11:34.232+0000][1][safepoint    ] Total time for which application threads were stopped: 0.0009528 seconds, Stopping threads took: 0.0004562 seconds
[2019-10-14T08:11:35.233+0000][1][safepoint    ] Application time: 1.0004562 seconds
[2019-10-14T08:11:35.235+0000][1][safepoint    ] Entering safepoint region: Cleanup
[2019-10-14T08:11:35.235+0000][1][safepoint    ] Leaving safepoint region
[2019-10-14T08:11:35.236+0000][1][safepoint    ] Total time for which application threads were stopped: 0.0013373 seconds, Stopping threads took: 0.0007065 seconds
[2019-10-14T08:11:36.237+0000][1][safepoint    ] Application time: 1.0010674 seconds
[2019-10-14T08:11:36.239+0000][1][safepoint    ] Entering safepoint region: Cleanup
[2019-10-14T08:11:36.239+0000][1][safepoint    ] Leaving safepoint region
[2019-10-14T08:11:36.240+0000][1][safepoint    ] Total time for which application threads were stopped: 0.0013924 seconds, Stopping threads took: 0.0006164 seconds
[2019-10-14T08:11:37.244+0000][1][safepoint    ] Application time: 1.0030422 seconds
[2019-10-14T08:11:37.245+0000][1][safepoint    ] Entering safepoint region: Cleanup
[2019-10-14T08:11:37.245+0000][1][safepoint    ] Leaving safepoint region
[2019-10-14T08:11:37.246+0000][1][safepoint    ] Total time for which application threads were stopped: 0.0010487 seconds, Stopping threads took: 0.0004951 seconds
[2019-10-14T08:11:38.246+0000][1][safepoint    ] Application time: 1.0002489 seconds
[2019-10-14T08:11:38.247+0000][1][safepoint    ] Entering safepoint region: Cleanup
[2019-10-14T08:11:38.248+0000][1][safepoint    ] Leaving safepoint region
[2019-10-14T08:11:38.249+0000][1][safepoint    ] Total time for which application threads were stopped: 0.0012800 seconds, Stopping threads took: 0.0006048 seconds
[2019-10-14T08:11:39.250+0000][1][safepoint    ] Application time: 1.0009135 seconds
[2019-10-14T08:11:39.252+0000][1][safepoint    ] Entering safepoint region: Cleanup
[2019-10-14T08:11:39.252+0000][1][safepoint    ] Leaving safepoint region
[2019-10-14T08:11:39.253+0000][1][safepoint    ] Total time for which application threads were stopped: 0.0012260 seconds, Stopping threads took: 0.0006155 seconds
[2019-10-14T08:11:40.255+0000][1][safepoint    ] Application time: 1.0015848 seconds
[2019-10-14T08:11:40.256+0000][1][safepoint    ] Entering safepoint region: Cleanup
[2019-10-14T08:11:40.256+0000][1][safepoint    ] Leaving safepoint region
[2019-10-14T08:11:40.257+0000][1][safepoint    ] Total time for which application threads were stopped: 0.0012542 seconds, Stopping threads took: 0.0006214 seconds
[2019-10-14T08:11:41.258+0000][1][safepoint    ] Application time: 1.0003162 seconds
[2019-10-14T08:11:41.259+0000][1][safepoint    ] Entering safepoint region: Cleanup
[2019-10-14T08:11:41.259+0000][1][safepoint    ] Leaving safepoint region
[2019-10-14T08:11:41.260+0000][1][safepoint    ] Total time for which application threads were stopped: 0.0012134 seconds, Stopping threads took: 0.0006220 seconds
[2019-10-14T08:11:42.267+0000][1][safepoint    ] Application time: 1.0063074 seconds
[2019-10-14T08:11:42.268+0000][1][safepoint    ] Entering safepoint region: Cleanup
[2019-10-14T08:11:42.269+0000][1][safepoint    ] Leaving safepoint region
[2019-10-14T08:11:42.271+0000][1][safepoint    ] Total time for which application threads were stopped: 0.0029786 seconds, Stopping threads took: 0.0009388 seconds
[2019-10-14T08:11:43.273+0000][1][safepoint    ] Application time: 1.0008430 seconds
[2019-10-14T08:11:43.274+0000][1][safepoint    ] Entering safepoint region: Cleanup
[2019-10-14T08:11:43.274+0000][1][safepoint    ] Leaving safepoint region
[2019-10-14T08:11:43.275+0000][1][safepoint    ] Total time for which application threads were stopped: 0.0010255 seconds, Stopping threads took: 0.0005188 seconds
[2019-10-14T08:11:44.276+0000][1][safepoint    ] Application time: 1.0006118 seconds
[2019-10-14T08:11:44.277+0000][1][safepoint    ] Entering safepoint region: Cleanup
[2019-10-14T08:11:44.278+0000][1][safepoint    ] Leaving safepoint region
[2019-10-14T08:11:44.278+0000][1][safepoint    ] Total time for which application threads were stopped: 0.0014759 seconds, Stopping threads took: 0.0007128 seconds
[2019-10-14T08:11:45.279+0000][1][safepoint    ] Application time: 1.0002023 seconds
[2019-10-14T08:11:45.280+0000][1][safepoint    ] Entering safepoint region: Cleanup
[2019-10-14T08:11:45.280+0000][1][safepoint    ] Leaving safepoint region
[2019-10-14T08:11:45.281+0000][1][safepoint    ] Total time for which application threads were stopped: 0.0012406 seconds, Stopping threads took: 0.0005098 seconds
[2019-10-14T08:11:46.284+0000][1][safepoint    ] Application time: 1.0026112 seconds
[2019-10-14T08:11:46.285+0000][1][safepoint    ] Entering safepoint region: Cleanup
[2019-10-14T08:11:46.286+0000][1][safepoint    ] Leaving safepoint region
[2019-10-14T08:11:46.286+0000][1][safepoint    ] Total time for which application threads were stopped: 0.0011660 seconds, Stopping threads took: 0.0005818 seconds
[2019-10-14T08:11:47.288+0000][1][safepoint    ] Application time: 1.0010630 seconds
[2019-10-14T08:11:47.289+0000][1][safepoint    ] Entering safepoint region: Cleanup
[2019-10-14T08:11:47.289+0000][1][safepoint    ] Leaving safepoint region
[2019-10-14T08:11:47.290+0000][1][safepoint    ] Total time for which application threads were stopped: 0.0012621 seconds, Stopping threads took: 0.0006452 seconds
[2019-10-14T08:11:48.291+0000][1][safepoint    ] Application time: 1.0001519 seconds
[2019-10-14T08:11:48.292+0000][1][safepoint    ] Entering safepoint region: Cleanup
[2019-10-14T08:11:48.293+0000][1][safepoint    ] Leaving safepoint region
[2019-10-14T08:11:48.293+0000][1][safepoint    ] Total time for which application threads were stopped: 0.0012413 seconds, Stopping threads took: 0.0005996 seconds
[2019-10-14T08:11:49.294+0000][1][safepoint    ] Application time: 1.0007080 seconds
[2019-10-14T08:11:49.295+0000][1][safepoint    ] Entering safepoint region: Cleanup
[2019-10-14T08:11:49.296+0000][1][safepoint    ] Leaving safepoint region
[2019-10-14T08:11:49.296+0000][1][safepoint    ] Total time for which application threads were stopped: 0.0012314 seconds, Stopping threads took: 0.0008532 seconds
[2019-10-14T08:11:50.297+0000][1][safepoint    ] Application time: 1.0006584 seconds
[2019-10-14T08:11:50.298+0000][1][safepoint    ] Entering safepoint region: Cleanup
[2019-10-14T08:11:50.299+0000][1][safepoint    ] Leaving safepoint region
[2019-10-14T08:11:50.300+0000][1][safepoint    ] Total time for which application threads were stopped: 0.0018898 seconds, Stopping threads took: 0.0005703 seconds
[2019-10-14T08:11:51.301+0000][1][safepoint    ] Application time: 1.0006652 seconds
[2019-10-14T08:11:51.302+0000][1][safepoint    ] Entering safepoint region: Cleanup
[2019-10-14T08:11:51.303+0000][1][safepoint    ] Leaving safepoint region
[2019-10-14T08:11:51.303+0000][1][safepoint    ] Total time for which application threads were stopped: 0.0012601 seconds, Stopping threads took: 0.0004957 seconds
[2019-10-14T08:11:52.304+0000][1][safepoint    ] Application time: 1.0005522 seconds
[2019-10-14T08:11:52.305+0000][1][safepoint    ] Entering safepoint region: Cleanup
[2019-10-14T08:11:52.305+0000][1][safepoint    ] Leaving safepoint region
[2019-10-14T08:11:52.305+0000][1][safepoint    ] Total time for which application threads were stopped: 0.0009731 seconds, Stopping threads took: 0.0005420 seconds
[2019-10-14T08:11:53.307+0000][1][safepoint    ] Application time: 1.0012426 seconds
[2019-10-14T08:11:53.308+0000][1][safepoint    ] Entering safepoint region: Cleanup
[2019-10-14T08:11:53.308+0000][1][safepoint    ] Leaving safepoint region
[2019-10-14T08:11:53.309+0000][1][safepoint    ] Total time for which application threads were stopped: 0.0011819 seconds, Stopping threads took: 0.0005937 seconds
[2019-10-14T08:11:54.311+0000][1][safepoint    ] Application time: 1.0020583 seconds
[2019-10-14T08:11:54.312+0000][1][safepoint    ] Entering safepoint region: Cleanup
[2019-10-14T08:11:54.313+0000][1][safepoint    ] Leaving safepoint region
[2019-10-14T08:11:54.314+0000][1][safepoint    ] Total time for which application threads were stopped: 0.0013500 seconds, Stopping threads took: 0.0006519 seconds
[2019-10-14T08:11:55.315+0000][1][safepoint    ] Application time: 1.0006783 seconds
[2019-10-14T08:11:55.316+0000][1][safepoint    ] Entering safepoint region: Cleanup
[2019-10-14T08:11:55.317+0000][1][safepoint    ] Leaving safepoint region
[2019-10-14T08:11:55.318+0000][1][safepoint    ] Total time for which application threads were stopped: 0.0017249 seconds, Stopping threads took: 0.0006155 seconds
[2019-10-14T08:11:56.320+0000][1][safepoint    ] Application time: 1.0003182 seconds
[2019-10-14T08:11:56.321+0000][1][safepoint    ] Entering safepoint region: Cleanup
[2019-10-14T08:11:56.321+0000][1][safepoint    ] Leaving safepoint region
[2019-10-14T08:11:56.322+0000][1][safepoint    ] Total time for which application threads were stopped: 0.0011372 seconds, Stopping threads took: 0.0005965 seconds
[2019-10-14T08:11:57.323+0000][1][safepoint    ] Application time: 1.0006030 seconds
[2019-10-14T08:11:57.323+0000][1][safepoint    ] Entering safepoint region: Cleanup
[2019-10-14T08:11:57.324+0000][1][safepoint    ] Leaving safepoint region
[2019-10-14T08:11:57.325+0000][1][safepoint    ] Total time for which application threads were stopped: 0.0013174 seconds, Stopping threads took: 0.0006458 seconds
[2019-10-14T08:11:58.326+0000][1][safepoint    ] Application time: 1.0002987 seconds
[2019-10-14T08:11:58.326+0000][1][safepoint    ] Entering safepoint region: Cleanup
[2019-10-14T08:11:58.327+0000][1][safepoint    ] Leaving safepoint region
[2019-10-14T08:11:58.327+0000][1][safepoint    ] Total time for which application threads were stopped: 0.0009721 seconds, Stopping threads took: 0.0003954 seconds
[2019-10-14T08:11:59.328+0000][1][safepoint    ] Application time: 1.0002386 seconds
[2019-10-14T08:11:59.329+0000][1][safepoint    ] Entering safepoint region: Cleanup
[2019-10-14T08:11:59.329+0000][1][safepoint    ] Leaving safepoint region
[2019-10-14T08:11:59.329+0000][1][safepoint    ] Total time for which application threads were stopped: 0.0007680 seconds, Stopping threads took: 0.0003505 seconds
[2019-10-14T08:12:00.330+0000][1][safepoint    ] Application time: 1.0002920 seconds
[2019-10-14T08:12:00.331+0000][1][safepoint    ] Entering safepoint region: Cleanup
[2019-10-14T08:12:00.331+0000][1][safepoint    ] Leaving safepoint region
[2019-10-14T08:12:00.331+0000][1][safepoint    ] Total time for which application threads were stopped: 0.0007889 seconds, Stopping threads took: 0.0003741 seconds
[2019-10-14T08:12:01.333+0000][1][safepoint    ] Application time: 1.0001204 seconds
[2019-10-14T08:12:01.333+0000][1][safepoint    ] Entering safepoint region: Cleanup
[2019-10-14T08:12:01.334+0000][1][safepoint    ] Leaving safepoint region
[2019-10-14T08:12:01.334+0000][1][safepoint    ] Total time for which application threads were stopped: 0.0007217 seconds, Stopping threads took: 0.0003252 seconds
[2019-10-14T08:12:02.339+0000][1][safepoint    ] Application time: 1.0045353 seconds
[2019-10-14T08:12:02.342+0000][1][safepoint    ] Entering safepoint region: Cleanup
[2019-10-14T08:12:02.343+0000][1][safepoint    ] Leaving safepoint region
[2019-10-14T08:12:02.343+0000][1][safepoint    ] Total time for which application threads were stopped: 0.0012791 seconds, Stopping threads took: 0.0007158 seconds
[2019-10-14T08:12:03.406+0000][1][safepoint    ] Application time: 1.0831692 seconds
[2019-10-14T08:12:03.534+0000][1][safepoint    ] Entering safepoint region: Cleanup
[2019-10-14T08:12:03.536+0000][1][safepoint    ] Leaving safepoint region
[2019-10-14T08:12:03.537+0000][1][safepoint    ] Total time for which application threads were stopped: 0.0760546 seconds, Stopping threads took: 0.0743188 seconds
[2019-10-14T08:12:04.544+0000][1][safepoint    ] Application time: 1.0060799 seconds
[2019-10-14T08:12:04.546+0000][1][safepoint    ] Entering safepoint region: Cleanup
[2019-10-14T08:12:04.547+0000][1][safepoint    ] Leaving safepoint region
[2019-10-14T08:12:04.548+0000][1][safepoint    ] Total time for which application threads were stopped: 0.0014213 seconds, Stopping threads took: 0.0007273 seconds
[2019-10-14T08:12:05.577+0000][1][safepoint    ] Application time: 1.0289228 seconds
[2019-10-14T08:12:05.579+0000][1][safepoint    ] Entering safepoint region: Cleanup
[2019-10-14T08:12:05.601+0000][1][safepoint    ] Leaving safepoint region
[2019-10-14T08:12:05.602+0000][1][safepoint    ] Total time for which application threads were stopped: 0.0235312 seconds, Stopping threads took: 0.0225437 seconds
[2019-10-14T08:12:06.608+0000][1][safepoint    ] Application time: 1.0032246 seconds
[2019-10-14T08:12:06.609+0000][1][safepoint    ] Entering safepoint region: Cleanup
[2019-10-14T08:12:06.610+0000][1][safepoint    ] Leaving safepoint region
[2019-10-14T08:12:06.611+0000][1][safepoint    ] Total time for which application threads were stopped: 0.0020029 seconds, Stopping threads took: 0.0004453 seconds
[2019-10-14T08:12:07.612+0000][1][safepoint    ] Application time: 1.0001281 seconds
[2019-10-14T08:12:07.612+0000][1][safepoint    ] Entering safepoint region: Cleanup
[2019-10-14T08:12:07.613+0000][1][safepoint    ] Leaving safepoint region
[2019-10-14T08:12:07.614+0000][1][safepoint    ] Total time for which application threads were stopped: 0.0015065 seconds, Stopping threads took: 0.0006871 seconds
[2019-10-14T08:12:08.615+0000][1][safepoint    ] Application time: 1.0004674 seconds
[2019-10-14T08:12:08.616+0000][1][safepoint    ] Entering safepoint region: Cleanup
[2019-10-14T08:12:08.616+0000][1][safepoint    ] Leaving safepoint region
[2019-10-14T08:12:08.616+0000][1][safepoint    ] Total time for which application threads were stopped: 0.0009577 seconds, Stopping threads took: 0.0004717 seconds
[2019-10-14T08:12:09.617+0000][1][safepoint    ] Application time: 1.0001505 seconds
[2019-10-14T08:12:09.617+0000][1][safepoint    ] Entering safepoint region: Cleanup
[2019-10-14T08:12:09.619+0000][1][safepoint    ] Leaving safepoint region
[2019-10-14T08:12:09.619+0000][1][safepoint    ] Total time for which application threads were stopped: 0.0018505 seconds, Stopping threads took: 0.0014628 seconds
[2019-10-14T08:12:10.620+0000][1][safepoint    ] Application time: 1.0007537 seconds
[2019-10-14T08:12:10.621+0000][1][safepoint    ] Entering safepoint region: Cleanup
[2019-10-14T08:12:10.621+0000][1][safepoint    ] Leaving safepoint region
[2019-10-14T08:12:10.622+0000][1][safepoint    ] Total time for which application threads were stopped: 0.0007183 seconds, Stopping threads took: 0.0002538 seconds
[2019-10-14T08:12:11.473+0000][1][safepoint    ] Application time: 0.8510072 seconds
[2019-10-14T08:12:11.474+0000][1][safepoint    ] Entering safepoint region: RevokeBias
[2019-10-14T08:12:11.474+0000][1][safepoint    ] Leaving safepoint region
[2019-10-14T08:12:11.475+0000][1][safepoint    ] Total time for which application threads were stopped: 0.0011520 seconds, Stopping threads took: 0.0006878 seconds
[2019-10-14T08:12:12.479+0000][1][safepoint    ] Application time: 1.0040050 seconds
[2019-10-14T08:12:12.513+0000][1][safepoint    ] Entering safepoint region: Cleanup
[2019-10-14T08:12:12.519+0000][1][safepoint    ] Leaving safepoint region
[2019-10-14T08:12:12.520+0000][1][safepoint    ] Total time for which application threads were stopped: 0.0068466 seconds, Stopping threads took: 0.0054650 seconds
[2019-10-14T08:12:12.596+0000][1][safepoint    ] Application time: 0.0673011 seconds
[2019-10-14T08:12:12.596+0000][1][safepoint    ] Entering safepoint region: RevokeBias
[2019-10-14T08:12:12.597+0000][1][safepoint    ] Leaving safepoint region
[2019-10-14T08:12:12.598+0000][1][safepoint    ] Total time for which application threads were stopped: 0.0015622 seconds, Stopping threads took: 0.0006746 seconds
[2019-10-14T08:12:12.601+0000][1][safepoint    ] Application time: 0.0022882 seconds
[2019-10-14T08:12:12.601+0000][1][safepoint    ] Entering safepoint region: RevokeBias
[2019-10-14T08:12:12.602+0000][1][safepoint    ] Leaving safepoint region
[2019-10-14T08:12:12.603+0000][1][safepoint    ] Total time for which application threads were stopped: 0.0021555 seconds, Stopping threads took: 0.0004792 seconds
[2019-10-14T08:12:13.604+0000][1][safepoint    ] Application time: 1.0001804 seconds
[2019-10-14T08:12:13.605+0000][1][safepoint    ] Entering safepoint region: Cleanup
[2019-10-14T08:12:13.605+0000][1][safepoint    ] Leaving safepoint region
[2019-10-14T08:12:13.606+0000][1][safepoint    ] Total time for which application threads were stopped: 0.0007999 seconds, Stopping threads took: 0.0003585 seconds
[2019-10-14T08:12:14.607+0000][1][safepoint    ] Application time: 1.0011193 seconds
[2019-10-14T08:12:14.608+0000][1][safepoint    ] Entering safepoint region: Cleanup
[2019-10-14T08:12:14.609+0000][1][safepoint    ] Leaving safepoint region
[2019-10-14T08:12:14.610+0000][1][safepoint    ] Total time for which application threads were stopped: 0.0014319 seconds, Stopping threads took: 0.0007133 seconds
[2019-10-14T08:12:15.612+0000][1][safepoint    ] Application time: 1.0019704 seconds
[2019-10-14T08:12:15.613+0000][1][safepoint    ] Entering safepoint region: Cleanup
[2019-10-14T08:12:15.614+0000][1][safepoint    ] Leaving safepoint region
[2019-10-14T08:12:15.614+0000][1][safepoint    ] Total time for which application threads were stopped: 0.0012915 seconds, Stopping threads took: 0.0006570 seconds
[2019-10-14T08:12:16.615+0000][1][safepoint    ] Application time: 1.0001938 seconds
[2019-10-14T08:12:16.615+0000][1][safepoint    ] Entering safepoint region: Cleanup
[2019-10-14T08:12:16.616+0000][1][safepoint    ] Leaving safepoint region
[2019-10-14T08:12:16.616+0000][1][safepoint    ] Total time for which application threads were stopped: 0.0008761 seconds, Stopping threads took: 0.0004385 seconds
[2019-10-14T08:12:17.617+0000][1][safepoint    ] Application time: 1.0002385 seconds
[2019-10-14T08:12:17.618+0000][1][safepoint    ] Entering safepoint region: Cleanup
[2019-10-14T08:12:17.619+0000][1][safepoint    ] Leaving safepoint region
[2019-10-14T08:12:17.619+0000][1][safepoint    ] Total time for which application threads were stopped: 0.0014492 seconds, Stopping threads took: 0.0005845 seconds
[2019-10-14T08:12:18.623+0000][1][safepoint    ] Application time: 1.0029938 seconds
[2019-10-14T08:12:18.624+0000][1][safepoint    ] Entering safepoint region: Cleanup
[2019-10-14T08:12:18.625+0000][1][safepoint    ] Leaving safepoint region
[2019-10-14T08:12:18.625+0000][1][safepoint    ] Total time for which application threads were stopped: 0.0013891 seconds, Stopping threads took: 0.0007125 seconds
[2019-10-14T08:12:19.629+0000][1][safepoint    ] Application time: 1.0032705 seconds
[2019-10-14T08:12:19.630+0000][1][safepoint    ] Entering safepoint region: Cleanup
[2019-10-14T08:12:19.631+0000][1][safepoint    ] Leaving safepoint region
[2019-10-14T08:12:19.631+0000][1][safepoint    ] Total time for which application threads were stopped: 0.0012330 seconds, Stopping threads took: 0.0006115 seconds
[2019-10-14T08:12:20.634+0000][1][safepoint    ] Application time: 1.0023041 seconds
[2019-10-14T08:12:20.635+0000][1][safepoint    ] Entering safepoint region: Cleanup
[2019-10-14T08:12:20.638+0000][1][safepoint    ] Leaving safepoint region
[2019-10-14T08:12:20.639+0000][1][safepoint    ] Total time for which application threads were stopped: 0.0041580 seconds, Stopping threads took: 0.0020325 seconds
[2019-10-14T08:12:21.640+0000][1][safepoint    ] Application time: 1.0001007 seconds
[2019-10-14T08:12:21.641+0000][1][safepoint    ] Entering safepoint region: Cleanup
[2019-10-14T08:12:21.641+0000][1][safepoint    ] Leaving safepoint region
[2019-10-14T08:12:21.642+0000][1][safepoint    ] Total time for which application threads were stopped: 0.0013029 seconds, Stopping threads took: 0.0006767 seconds
[2019-10-14T08:12:22.643+0000][1][safepoint    ] Application time: 1.0009895 seconds
[2019-10-14T08:12:22.644+0000][1][safepoint    ] Entering safepoint region: Cleanup
[2019-10-14T08:12:22.645+0000][1][safepoint    ] Leaving safepoint region
[2019-10-14T08:12:22.646+0000][1][safepoint    ] Total time for which application threads were stopped: 0.0015245 seconds, Stopping threads took: 0.0006437 seconds
[2019-10-14T08:12:23.647+0000][1][safepoint    ] Application time: 1.0006546 seconds
[2019-10-14T08:12:23.648+0000][1][safepoint    ] Entering safepoint region: Cleanup
[2019-10-14T08:12:23.649+0000][1][safepoint    ] Leaving safepoint region
[2019-10-14T08:12:23.649+0000][1][safepoint    ] Total time for which application threads were stopped: 0.0015623 seconds, Stopping threads took: 0.0008215 seconds
[2019-10-14T08:12:24.650+0000][1][safepoint    ] Application time: 1.0001477 seconds
[2019-10-14T08:12:24.651+0000][1][safepoint    ] Entering safepoint region: Cleanup
[2019-10-14T08:12:24.651+0000][1][safepoint    ] Leaving safepoint region
[2019-10-14T08:12:24.652+0000][1][safepoint    ] Total time for which application threads were stopped: 0.0011220 seconds, Stopping threads took: 0.0006180 seconds
[2019-10-14T08:12:25.652+0000][1][safepoint    ] Application time: 1.0002636 seconds
[2019-10-14T08:12:25.654+0000][1][safepoint    ] Entering safepoint region: Cleanup
[2019-10-14T08:12:25.655+0000][1][safepoint    ] Leaving safepoint region
[2019-10-14T08:12:25.655+0000][1][safepoint    ] Total time for which application threads were stopped: 0.0016940 seconds, Stopping threads took: 0.0009941 seconds
[2019-10-14T08:12:25.841+0000][1][safepoint    ] Application time: 0.1851207 seconds
[2019-10-14T08:12:25.842+0000][1][safepoint    ] Entering safepoint region: GenCollectForAllocation
[2019-10-14T08:12:25.843+0000][1][gc,start     ] GC(59) Pause Young (Allocation Failure)
[2019-10-14T08:12:25.845+0000][1][gc,task      ] GC(59) Using 2 workers of 2 for evacuation
[2019-10-14T08:12:25.861+0000][1][gc,age       ] GC(59) Desired survivor size 4456448 bytes, new threshold 6 (max threshold 6)
[2019-10-14T08:12:25.861+0000][1][gc,age       ] GC(59) Age table with threshold 6 (max threshold 6)
[2019-10-14T08:12:25.862+0000][1][gc,age       ] GC(59) - age   1:      55832 bytes,      55832 total
[2019-10-14T08:12:25.862+0000][1][gc,age       ] GC(59) - age   2:        608 bytes,      56440 total
[2019-10-14T08:12:25.862+0000][1][gc,age       ] GC(59) - age   3:      22376 bytes,      78816 total
[2019-10-14T08:12:25.863+0000][1][gc,age       ] GC(59) - age   4:     296136 bytes,     374952 total
[2019-10-14T08:12:25.863+0000][1][gc,age       ] GC(59) - age   5:      19072 bytes,     394024 total
[2019-10-14T08:12:25.864+0000][1][gc,age       ] GC(59) - age   6:      57128 bytes,     451152 total
[2019-10-14T08:12:25.866+0000][1][gc,heap      ] GC(59) ParNew: 71803K->684K(78656K)
[2019-10-14T08:12:25.868+0000][1][gc,heap      ] GC(59) CMS: 80676K->81252K(174784K)
[2019-10-14T08:12:25.869+0000][1][gc,metaspace ] GC(59) Metaspace: 84011K->84011K(1126400K)
[2019-10-14T08:12:25.871+0000][1][gc           ] GC(59) Pause Young (Allocation Failure) 148M->80M(247M) 27.393ms
[2019-10-14T08:12:25.872+0000][1][gc,cpu       ] GC(59) User=0.02s Sys=0.00s Real=0.03s
[2019-10-14T08:12:25.872+0000][1][safepoint    ] Leaving safepoint region
[2019-10-14T08:12:25.872+0000][1][safepoint    ] Total time for which application threads were stopped: 0.0308463 seconds, Stopping threads took: 0.0017076 seconds
[2019-10-14T08:12:26.874+0000][1][safepoint    ] Application time: 1.0008866 seconds
[2019-10-14T08:12:26.874+0000][1][safepoint    ] Entering safepoint region: Cleanup
[2019-10-14T08:12:26.875+0000][1][safepoint    ] Leaving safepoint region
[2019-10-14T08:12:26.875+0000][1][safepoint    ] Total time for which application threads were stopped: 0.0011022 seconds, Stopping threads took: 0.0005377 seconds
[2019-10-14T08:12:27.876+0000][1][safepoint    ] Application time: 1.0004069 seconds
[2019-10-14T08:12:27.877+0000][1][safepoint    ] Entering safepoint region: Cleanup
[2019-10-14T08:12:27.878+0000][1][safepoint    ] Leaving safepoint region
[2019-10-14T08:12:27.878+0000][1][safepoint    ] Total time for which application threads were stopped: 0.0008552 seconds, Stopping threads took: 0.0004349 seconds
[2019-10-14T08:12:28.881+0000][1][safepoint    ] Application time: 1.0023607 seconds
[2019-10-14T08:12:28.882+0000][1][safepoint    ] Entering safepoint region: Cleanup
[2019-10-14T08:12:28.883+0000][1][safepoint    ] Leaving safepoint region
[2019-10-14T08:12:28.884+0000][1][safepoint    ] Total time for which application threads were stopped: 0.0015438 seconds, Stopping threads took: 0.0008469 seconds
[2019-10-14T08:12:29.885+0000][1][safepoint    ] Application time: 1.0006434 seconds
[2019-10-14T08:12:29.886+0000][1][safepoint    ] Entering safepoint region: Cleanup
[2019-10-14T08:12:29.886+0000][1][safepoint    ] Leaving safepoint region
[2019-10-14T08:12:29.887+0000][1][safepoint    ] Total time for which application threads were stopped: 0.0016168 seconds, Stopping threads took: 0.0006075 seconds
[2019-10-14T08:12:30.890+0000][1][safepoint    ] Application time: 1.0018087 seconds
[2019-10-14T08:12:30.891+0000][1][safepoint    ] Entering safepoint region: Cleanup
[2019-10-14T08:12:30.892+0000][1][safepoint    ] Leaving safepoint region
[2019-10-14T08:12:30.892+0000][1][safepoint    ] Total time for which application threads were stopped: 0.0013094 seconds, Stopping threads took: 0.0006398 seconds
[2019-10-14T08:12:31.893+0000][1][safepoint    ] Application time: 1.0003230 seconds
[2019-10-14T08:12:31.894+0000][1][safepoint    ] Entering safepoint region: Cleanup
[2019-10-14T08:12:31.896+0000][1][safepoint    ] Leaving safepoint region
[2019-10-14T08:12:31.897+0000][1][safepoint    ] Total time for which application threads were stopped: 0.0022025 seconds, Stopping threads took: 0.0010941 seconds
[2019-10-14T08:12:32.877+0000][1][safepoint    ] Application time: 1.0016330 seconds
[2019-10-14T08:12:32.877+0000][1][safepoint    ] Entering safepoint region: Cleanup
[2019-10-14T08:12:32.878+0000][1][safepoint    ] Leaving safepoint region
[2019-10-14T08:12:32.879+0000][1][safepoint    ] Total time for which application threads were stopped: 0.0013396 seconds, Stopping threads took: 0.0007155 seconds
[2019-10-14T08:12:33.880+0000][1][safepoint    ] Application time: 1.0005058 seconds
[2019-10-14T08:12:33.881+0000][1][safepoint    ] Entering safepoint region: Cleanup
[2019-10-14T08:12:33.882+0000][1][safepoint    ] Leaving safepoint region
[2019-10-14T08:12:33.882+0000][1][safepoint    ] Total time for which application threads were stopped: 0.0014933 seconds, Stopping threads took: 0.0006777 seconds
[2019-10-14T08:12:34.884+0000][1][safepoint    ] Application time: 1.0004911 seconds
[2019-10-14T08:12:34.885+0000][1][safepoint    ] Entering safepoint region: Cleanup
[2019-10-14T08:12:34.886+0000][1][safepoint    ] Leaving safepoint region
[2019-10-14T08:12:34.886+0000][1][safepoint    ] Total time for which application threads were stopped: 0.0014339 seconds, Stopping threads took: 0.0006934 seconds
[2019-10-14T08:12:35.888+0000][1][safepoint    ] Application time: 1.0012362 seconds
[2019-10-14T08:12:35.889+0000][1][safepoint    ] Entering safepoint region: Cleanup
[2019-10-14T08:12:35.890+0000][1][safepoint    ] Leaving safepoint region
[2019-10-14T08:12:35.890+0000][1][safepoint    ] Total time for which application threads were stopped: 0.0013587 seconds, Stopping threads took: 0.0007097 seconds
[2019-10-14T08:12:37.631+0000][1][safepoint    ] Application time: 1.7403245 seconds
[2019-10-14T08:12:37.632+0000][1][safepoint    ] Entering safepoint region: Cleanup
[2019-10-14T08:12:37.633+0000][1][safepoint    ] Leaving safepoint region
[2019-10-14T08:12:37.634+0000][1][safepoint    ] Total time for which application threads were stopped: 0.0014721 seconds, Stopping threads took: 0.0006785 seconds
[2019-10-14T08:12:38.636+0000][1][safepoint    ] Application time: 1.0010101 seconds
[2019-10-14T08:12:38.637+0000][1][safepoint    ] Entering safepoint region: Cleanup
[2019-10-14T08:12:38.638+0000][1][safepoint    ] Leaving safepoint region
[2019-10-14T08:12:38.639+0000][1][safepoint    ] Total time for which application threads were stopped: 0.0018013 seconds, Stopping threads took: 0.0010349 seconds
[2019-10-14T08:12:39.641+0000][1][safepoint    ] Application time: 1.0009121 seconds
[2019-10-14T08:12:39.642+0000][1][safepoint    ] Entering safepoint region: Cleanup
[2019-10-14T08:12:39.643+0000][1][safepoint    ] Leaving safepoint region
[2019-10-14T08:12:39.644+0000][1][safepoint    ] Total time for which application threads were stopped: 0.0022659 seconds, Stopping threads took: 0.0012123 seconds
[2019-10-14T08:12:40.646+0000][1][safepoint    ] Application time: 1.0014723 seconds
[2019-10-14T08:12:40.647+0000][1][safepoint    ] Entering safepoint region: Cleanup
[2019-10-14T08:12:40.648+0000][1][safepoint    ] Leaving safepoint region
[2019-10-14T08:12:40.648+0000][1][safepoint    ] Total time for which application threads were stopped: 0.0011716 seconds, Stopping threads took: 0.0005494 seconds
[2019-10-14T08:12:41.651+0000][1][safepoint    ] Application time: 1.0018016 seconds
[2019-10-14T08:12:41.652+0000][1][safepoint    ] Entering safepoint region: Cleanup
[2019-10-14T08:12:41.653+0000][1][safepoint    ] Leaving safepoint region
[2019-10-14T08:12:41.654+0000][1][safepoint    ] Total time for which application threads were stopped: 0.0013240 seconds, Stopping threads took: 0.0006346 seconds
[2019-10-14T08:12:42.656+0000][1][safepoint    ] Application time: 1.0009371 seconds
[2019-10-14T08:12:42.657+0000][1][safepoint    ] Entering safepoint region: Cleanup
[2019-10-14T08:12:42.657+0000][1][safepoint    ] Leaving safepoint region
[2019-10-14T08:12:42.658+0000][1][safepoint    ] Total time for which application threads were stopped: 0.0010879 seconds, Stopping threads took: 0.0005640 seconds
[2019-10-14T08:12:43.658+0000][1][safepoint    ] Application time: 1.0001336 seconds
[2019-10-14T08:12:43.659+0000][1][safepoint    ] Entering safepoint region: Cleanup
[2019-10-14T08:12:43.659+0000][1][safepoint    ] Leaving safepoint region
[2019-10-14T08:12:43.660+0000][1][safepoint    ] Total time for which application threads were stopped: 0.0011671 seconds, Stopping threads took: 0.0006312 seconds
[2019-10-14T08:12:44.071+0000][1][safepoint    ] Application time: 0.4106512 seconds
[2019-10-14T08:12:44.071+0000][1][safepoint    ] Entering safepoint region: RevokeBias
[2019-10-14T08:12:44.072+0000][1][safepoint    ] Leaving safepoint region
[2019-10-14T08:12:44.073+0000][1][safepoint    ] Total time for which application threads were stopped: 0.0015163 seconds, Stopping threads took: 0.0003584 seconds
[2019-10-14T08:12:45.073+0000][1][safepoint    ] Application time: 1.0002310 seconds
[2019-10-14T08:12:45.074+0000][1][safepoint    ] Entering safepoint region: Cleanup
[2019-10-14T08:12:45.074+0000][1][safepoint    ] Leaving safepoint region
[2019-10-14T08:12:45.075+0000][1][safepoint    ] Total time for which application threads were stopped: 0.0008862 seconds, Stopping threads took: 0.0003143 seconds
[2019-10-14T08:12:45.093+0000][1][safepoint    ] Application time: 0.0176571 seconds
[2019-10-14T08:12:45.093+0000][1][safepoint    ] Entering safepoint region: RevokeBias
[2019-10-14T08:12:45.094+0000][1][safepoint    ] Leaving safepoint region
[2019-10-14T08:12:45.094+0000][1][safepoint    ] Total time for which application threads were stopped: 0.0013467 seconds, Stopping threads took: 0.0005169 seconds
[2019-10-14T08:12:46.095+0000][1][safepoint    ] Application time: 1.0005863 seconds
[2019-10-14T08:12:46.098+0000][1][safepoint    ] Entering safepoint region: Cleanup
[2019-10-14T08:12:46.099+0000][1][safepoint    ] Leaving safepoint region
[2019-10-14T08:12:46.101+0000][1][safepoint    ] Total time for which application threads were stopped: 0.0031693 seconds, Stopping threads took: 0.0008100 seconds
[2019-10-14T08:12:47.102+0000][1][safepoint    ] Application time: 1.0002083 seconds
[2019-10-14T08:12:47.102+0000][1][safepoint    ] Entering safepoint region: Cleanup
[2019-10-14T08:12:47.103+0000][1][safepoint    ] Leaving safepoint region
[2019-10-14T08:12:47.103+0000][1][safepoint    ] Total time for which application threads were stopped: 0.0008838 seconds, Stopping threads took: 0.0003658 seconds
[2019-10-14T08:12:48.104+0000][1][safepoint    ] Application time: 1.0001746 seconds
[2019-10-14T08:12:48.104+0000][1][safepoint    ] Entering safepoint region: Cleanup
[2019-10-14T08:12:48.105+0000][1][safepoint    ] Leaving safepoint region
[2019-10-14T08:12:48.105+0000][1][safepoint    ] Total time for which application threads were stopped: 0.0009114 seconds, Stopping threads took: 0.0003979 seconds
[2019-10-14T08:12:49.106+0000][1][safepoint    ] Application time: 1.0009556 seconds
[2019-10-14T08:12:49.107+0000][1][safepoint    ] Entering safepoint region: Cleanup
[2019-10-14T08:12:49.107+0000][1][safepoint    ] Leaving safepoint region
[2019-10-14T08:12:49.108+0000][1][safepoint    ] Total time for which application threads were stopped: 0.0008249 seconds, Stopping threads took: 0.0003656 seconds
[2019-10-14T08:12:50.108+0000][1][safepoint    ] Application time: 1.0001371 seconds
[2019-10-14T08:12:50.109+0000][1][safepoint    ] Entering safepoint region: Cleanup
[2019-10-14T08:12:50.109+0000][1][safepoint    ] Leaving safepoint region
[2019-10-14T08:12:50.110+0000][1][safepoint    ] Total time for which application threads were stopped: 0.0008988 seconds, Stopping threads took: 0.0004721 seconds
[2019-10-14T08:12:51.112+0000][1][safepoint    ] Application time: 1.0023511 seconds
[2019-10-14T08:12:51.114+0000][1][safepoint    ] Entering safepoint region: Cleanup
[2019-10-14T08:12:51.115+0000][1][safepoint    ] Leaving safepoint region
[2019-10-14T08:12:51.115+0000][1][safepoint    ] Total time for which application threads were stopped: 0.0014972 seconds, Stopping threads took: 0.0009537 seconds
[2019-10-14T08:12:52.116+0000][1][safepoint    ] Application time: 1.0006769 seconds
[2019-10-14T08:12:52.118+0000][1][safepoint    ] Entering safepoint region: Cleanup
[2019-10-14T08:12:52.124+0000][1][safepoint    ] Leaving safepoint region
[2019-10-14T08:12:52.124+0000][1][safepoint    ] Total time for which application threads were stopped: 0.0058367 seconds, Stopping threads took: 0.0051730 seconds
[2019-10-14T08:12:53.125+0000][1][safepoint    ] Application time: 1.0004695 seconds
[2019-10-14T08:12:53.127+0000][1][safepoint    ] Entering safepoint region: Cleanup
[2019-10-14T08:12:53.128+0000][1][safepoint    ] Leaving safepoint region
[2019-10-14T08:12:53.128+0000][1][safepoint    ] Total time for which application threads were stopped: 0.0010342 seconds, Stopping threads took: 0.0005428 seconds
[2019-10-14T08:12:54.129+0000][1][safepoint    ] Application time: 1.0005178 seconds
[2019-10-14T08:12:54.130+0000][1][safepoint    ] Entering safepoint region: Cleanup
[2019-10-14T08:12:54.131+0000][1][safepoint    ] Leaving safepoint region
[2019-10-14T08:12:54.131+0000][1][safepoint    ] Total time for which application threads were stopped: 0.0013016 seconds, Stopping threads took: 0.0006847 seconds
[2019-10-14T08:12:55.133+0000][1][safepoint    ] Application time: 1.0008292 seconds
[2019-10-14T08:12:55.134+0000][1][safepoint    ] Entering safepoint region: Cleanup
[2019-10-14T08:12:55.134+0000][1][safepoint    ] Leaving safepoint region
[2019-10-14T08:12:55.135+0000][1][safepoint    ] Total time for which application threads were stopped: 0.0014093 seconds, Stopping threads took: 0.0007159 seconds
[2019-10-14T08:12:56.138+0000][1][safepoint    ] Application time: 1.0020715 seconds
[2019-10-14T08:12:56.138+0000][1][safepoint    ] Entering safepoint region: Cleanup
[2019-10-14T08:12:56.139+0000][1][safepoint    ] Leaving safepoint region
[2019-10-14T08:12:56.139+0000][1][safepoint    ] Total time for which application threads were stopped: 0.0011166 seconds, Stopping threads took: 0.0005043 seconds
[2019-10-14T08:12:57.140+0000][1][safepoint    ] Application time: 1.0002588 seconds
[2019-10-14T08:12:57.141+0000][1][safepoint    ] Entering safepoint region: Cleanup
[2019-10-14T08:12:57.142+0000][1][safepoint    ] Leaving safepoint region
[2019-10-14T08:12:57.143+0000][1][safepoint    ] Total time for which application threads were stopped: 0.0014824 seconds, Stopping threads took: 0.0008803 seconds
[2019-10-14T08:12:58.147+0000][1][safepoint    ] Application time: 1.0040264 seconds
[2019-10-14T08:12:58.148+0000][1][safepoint    ] Entering safepoint region: Cleanup
[2019-10-14T08:12:58.149+0000][1][safepoint    ] Leaving safepoint region
[2019-10-14T08:12:58.149+0000][1][safepoint    ] Total time for which application threads were stopped: 0.0012186 seconds, Stopping threads took: 0.0006114 seconds
[2019-10-14T08:12:59.150+0000][1][safepoint    ] Application time: 1.0008309 seconds
[2019-10-14T08:12:59.151+0000][1][safepoint    ] Entering safepoint region: Cleanup
[2019-10-14T08:12:59.152+0000][1][safepoint    ] Leaving safepoint region
[2019-10-14T08:12:59.153+0000][1][safepoint    ] Total time for which application threads were stopped: 0.0017231 seconds, Stopping threads took: 0.0007606 seconds
[2019-10-14T08:13:00.155+0000][1][safepoint    ] Application time: 1.0011803 seconds
[2019-10-14T08:13:00.156+0000][1][safepoint    ] Entering safepoint region: Cleanup
[2019-10-14T08:13:00.157+0000][1][safepoint    ] Leaving safepoint region
[2019-10-14T08:13:00.157+0000][1][safepoint    ] Total time for which application threads were stopped: 0.0016132 seconds, Stopping threads took: 0.0008338 seconds
[2019-10-14T08:13:01.158+0000][1][safepoint    ] Application time: 1.0002716 seconds
[2019-10-14T08:13:01.159+0000][1][safepoint    ] Entering safepoint region: Cleanup
[2019-10-14T08:13:01.160+0000][1][safepoint    ] Leaving safepoint region
[2019-10-14T08:13:01.160+0000][1][safepoint    ] Total time for which application threads were stopped: 0.0011010 seconds, Stopping threads took: 0.0005418 seconds
[2019-10-14T08:13:02.162+0000][1][safepoint    ] Application time: 1.0010905 seconds
[2019-10-14T08:13:02.163+0000][1][safepoint    ] Entering safepoint region: Cleanup
[2019-10-14T08:13:02.163+0000][1][safepoint    ] Leaving safepoint region
[2019-10-14T08:13:02.164+0000][1][safepoint    ] Total time for which application threads were stopped: 0.0011955 seconds, Stopping threads took: 0.0005522 seconds
[2019-10-14T08:13:03.143+0000][1][safepoint    ] Application time: 1.0002364 seconds
[2019-10-14T08:13:03.144+0000][1][safepoint    ] Entering safepoint region: Cleanup
[2019-10-14T08:13:03.145+0000][1][safepoint    ] Leaving safepoint region
[2019-10-14T08:13:03.145+0000][1][safepoint    ] Total time for which application threads were stopped: 0.0013160 seconds, Stopping threads took: 0.0006336 seconds
[2019-10-14T08:13:04.147+0000][1][safepoint    ] Application time: 1.0012920 seconds
[2019-10-14T08:13:04.147+0000][1][safepoint    ] Entering safepoint region: Cleanup
[2019-10-14T08:13:04.148+0000][1][safepoint    ] Leaving safepoint region
[2019-10-14T08:13:04.148+0000][1][safepoint    ] Total time for which application threads were stopped: 0.0006519 seconds, Stopping threads took: 0.0003013 seconds
[2019-10-14T08:13:05.149+0000][1][safepoint    ] Application time: 1.0002285 seconds
[2019-10-14T08:13:05.149+0000][1][safepoint    ] Entering safepoint region: Cleanup
[2019-10-14T08:13:05.150+0000][1][safepoint    ] Leaving safepoint region
[2019-10-14T08:13:05.151+0000][1][safepoint    ] Total time for which application threads were stopped: 0.0014132 seconds, Stopping threads took: 0.0005562 seconds
[2019-10-14T08:13:06.152+0000][1][safepoint    ] Application time: 1.0004199 seconds
[2019-10-14T08:13:06.153+0000][1][safepoint    ] Entering safepoint region: Cleanup
[2019-10-14T08:13:06.153+0000][1][safepoint    ] Leaving safepoint region
[2019-10-14T08:13:06.154+0000][1][safepoint    ] Total time for which application threads were stopped: 0.0010364 seconds, Stopping threads took: 0.0004731 seconds
[2019-10-14T08:13:07.154+0000][1][safepoint    ] Application time: 1.0001800 seconds
[2019-10-14T08:13:07.155+0000][1][safepoint    ] Entering safepoint region: Cleanup
[2019-10-14T08:13:07.156+0000][1][safepoint    ] Leaving safepoint region
[2019-10-14T08:13:07.156+0000][1][safepoint    ] Total time for which application threads were stopped: 0.0010706 seconds, Stopping threads took: 0.0004069 seconds
[2019-10-14T08:13:08.157+0000][1][safepoint    ] Application time: 1.0002565 seconds
[2019-10-14T08:13:08.157+0000][1][safepoint    ] Entering safepoint region: Cleanup
[2019-10-14T08:13:08.158+0000][1][safepoint    ] Leaving safepoint region
[2019-10-14T08:13:08.158+0000][1][safepoint    ] Total time for which application threads were stopped: 0.0008363 seconds, Stopping threads took: 0.0003641 seconds
[2019-10-14T08:13:09.160+0000][1][safepoint    ] Application time: 1.0018912 seconds
[2019-10-14T08:13:09.170+0000][1][safepoint    ] Entering safepoint region: Cleanup
[2019-10-14T08:13:09.173+0000][1][safepoint    ] Leaving safepoint region
[2019-10-14T08:13:09.177+0000][1][safepoint    ] Total time for which application threads were stopped: 0.0075192 seconds, Stopping threads took: 0.0032687 seconds
[2019-10-14T08:13:10.180+0000][1][safepoint    ] Application time: 1.0002941 seconds
[2019-10-14T08:13:10.181+0000][1][safepoint    ] Entering safepoint region: Cleanup
[2019-10-14T08:13:10.181+0000][1][safepoint    ] Leaving safepoint region
[2019-10-14T08:13:10.182+0000][1][safepoint    ] Total time for which application threads were stopped: 0.0010126 seconds, Stopping threads took: 0.0005006 seconds
[2019-10-14T08:13:12.112+0000][1][safepoint    ] Application time: 1.9295152 seconds
[2019-10-14T08:13:12.112+0000][1][safepoint    ] Entering safepoint region: Cleanup
[2019-10-14T08:13:12.113+0000][1][safepoint    ] Leaving safepoint region
[2019-10-14T08:13:12.114+0000][1][safepoint    ] Total time for which application threads were stopped: 0.0011332 seconds, Stopping threads took: 0.0005719 seconds
[2019-10-14T08:13:13.114+0000][1][safepoint    ] Application time: 1.0003353 seconds
[2019-10-14T08:13:13.115+0000][1][safepoint    ] Entering safepoint region: Cleanup
[2019-10-14T08:13:13.116+0000][1][safepoint    ] Leaving safepoint region
[2019-10-14T08:13:13.116+0000][1][safepoint    ] Total time for which application threads were stopped: 0.0011864 seconds, Stopping threads took: 0.0005016 seconds
[2019-10-14T08:13:14.117+0000][1][safepoint    ] Application time: 1.0004961 seconds
[2019-10-14T08:13:14.118+0000][1][safepoint    ] Entering safepoint region: Cleanup
[2019-10-14T08:13:14.119+0000][1][safepoint    ] Leaving safepoint region
[2019-10-14T08:13:14.119+0000][1][safepoint    ] Total time for which application threads were stopped: 0.0013182 seconds, Stopping threads took: 0.0007059 seconds
[2019-10-14T08:13:15.120+0000][1][safepoint    ] Application time: 1.0002933 seconds
[2019-10-14T08:13:15.121+0000][1][safepoint    ] Entering safepoint region: Cleanup
[2019-10-14T08:13:15.121+0000][1][safepoint    ] Leaving safepoint region
[2019-10-14T08:13:15.122+0000][1][safepoint    ] Total time for which application threads were stopped: 0.0007238 seconds, Stopping threads took: 0.0002951 seconds
[2019-10-14T08:13:16.123+0000][1][safepoint    ] Application time: 1.0011826 seconds
[2019-10-14T08:13:16.133+0000][1][safepoint    ] Entering safepoint region: Cleanup
[2019-10-14T08:13:16.135+0000][1][safepoint    ] Leaving safepoint region
[2019-10-14T08:13:16.145+0000][1][safepoint    ] Total time for which application threads were stopped: 0.0120763 seconds, Stopping threads took: 0.0022744 seconds
[2019-10-14T08:13:17.148+0000][1][safepoint    ] Application time: 1.0011163 seconds
[2019-10-14T08:13:17.149+0000][1][safepoint    ] Entering safepoint region: Cleanup
[2019-10-14T08:13:17.150+0000][1][safepoint    ] Leaving safepoint region
[2019-10-14T08:13:17.151+0000][1][safepoint    ] Total time for which application threads were stopped: 0.0018627 seconds, Stopping threads took: 0.0007879 seconds
[2019-10-14T08:13:18.152+0000][1][safepoint    ] Application time: 1.0003821 seconds
[2019-10-14T08:13:18.152+0000][1][safepoint    ] Entering safepoint region: Cleanup
[2019-10-14T08:13:18.153+0000][1][safepoint    ] Leaving safepoint region
[2019-10-14T08:13:18.153+0000][1][safepoint    ] Total time for which application threads were stopped: 0.0007033 seconds, Stopping threads took: 0.0003545 seconds
[2019-10-14T08:13:19.157+0000][1][safepoint    ] Application time: 1.0013688 seconds
[2019-10-14T08:13:19.157+0000][1][safepoint    ] Entering safepoint region: Cleanup
[2019-10-14T08:13:19.159+0000][1][safepoint    ] Leaving safepoint region
[2019-10-14T08:13:19.160+0000][1][safepoint    ] Total time for which application threads were stopped: 0.0023367 seconds, Stopping threads took: 0.0011545 seconds
[2019-10-14T08:13:20.161+0000][1][safepoint    ] Application time: 1.0006877 seconds
[2019-10-14T08:13:20.162+0000][1][safepoint    ] Entering safepoint region: Cleanup
[2019-10-14T08:13:20.163+0000][1][safepoint    ] Leaving safepoint region
[2019-10-14T08:13:20.164+0000][1][safepoint    ] Total time for which application threads were stopped: 0.0015914 seconds, Stopping threads took: 0.0007108 seconds
[2019-10-14T08:13:21.165+0000][1][safepoint    ] Application time: 1.0004739 seconds
[2019-10-14T08:13:21.167+0000][1][safepoint    ] Entering safepoint region: Cleanup
[2019-10-14T08:13:21.169+0000][1][safepoint    ] Leaving safepoint region
[2019-10-14T08:13:21.169+0000][1][safepoint    ] Total time for which application threads were stopped: 0.0025078 seconds, Stopping threads took: 0.0017244 seconds
[2019-10-14T08:13:22.170+0000][1][safepoint    ] Application time: 1.0003802 seconds
[2019-10-14T08:13:22.171+0000][1][safepoint    ] Entering safepoint region: Cleanup
[2019-10-14T08:13:22.171+0000][1][safepoint    ] Leaving safepoint region
[2019-10-14T08:13:22.172+0000][1][safepoint    ] Total time for which application threads were stopped: 0.0015544 seconds, Stopping threads took: 0.0006771 seconds
[2019-10-14T08:13:23.174+0000][1][safepoint    ] Application time: 1.0010852 seconds
[2019-10-14T08:13:23.175+0000][1][safepoint    ] Entering safepoint region: Cleanup
[2019-10-14T08:13:23.176+0000][1][safepoint    ] Leaving safepoint region
[2019-10-14T08:13:23.177+0000][1][safepoint    ] Total time for which application threads were stopped: 0.0021059 seconds, Stopping threads took: 0.0010028 seconds
[2019-10-14T08:13:24.178+0000][1][safepoint    ] Application time: 1.0002996 seconds
[2019-10-14T08:13:24.179+0000][1][safepoint    ] Entering safepoint region: Cleanup
[2019-10-14T08:13:24.180+0000][1][safepoint    ] Leaving safepoint region
[2019-10-14T08:13:24.181+0000][1][safepoint    ] Total time for which application threads were stopped: 0.0026419 seconds, Stopping threads took: 0.0009353 seconds
[2019-10-14T08:13:25.182+0000][1][safepoint    ] Application time: 1.0003199 seconds
[2019-10-14T08:13:25.182+0000][1][safepoint    ] Entering safepoint region: Cleanup
[2019-10-14T08:13:25.183+0000][1][safepoint    ] Leaving safepoint region
[2019-10-14T08:13:25.183+0000][1][safepoint    ] Total time for which application threads were stopped: 0.0011053 seconds, Stopping threads took: 0.0004593 seconds
[2019-10-14T08:13:26.186+0000][1][safepoint    ] Application time: 1.0016388 seconds
[2019-10-14T08:13:26.186+0000][1][safepoint    ] Entering safepoint region: Cleanup
[2019-10-14T08:13:26.187+0000][1][safepoint    ] Leaving safepoint region
[2019-10-14T08:13:26.189+0000][1][safepoint    ] Total time for which application threads were stopped: 0.0021809 seconds, Stopping threads took: 0.0004652 seconds
[2019-10-14T08:13:27.189+0000][1][safepoint    ] Application time: 1.0002048 seconds
[2019-10-14T08:13:27.190+0000][1][safepoint    ] Entering safepoint region: Cleanup
[2019-10-14T08:13:27.191+0000][1][safepoint    ] Leaving safepoint region
[2019-10-14T08:13:27.191+0000][1][safepoint    ] Total time for which application threads were stopped: 0.0008258 seconds, Stopping threads took: 0.0004039 seconds
[2019-10-14T08:13:28.192+0000][1][safepoint    ] Application time: 1.0008566 seconds
[2019-10-14T08:13:28.194+0000][1][safepoint    ] Entering safepoint region: Cleanup
[2019-10-14T08:13:28.195+0000][1][safepoint    ] Leaving safepoint region
[2019-10-14T08:13:28.195+0000][1][safepoint    ] Total time for which application threads were stopped: 0.0016314 seconds, Stopping threads took: 0.0008343 seconds
[2019-10-14T08:13:29.196+0000][1][safepoint    ] Application time: 1.0002585 seconds
[2019-10-14T08:13:29.196+0000][1][safepoint    ] Entering safepoint region: Cleanup
[2019-10-14T08:13:29.197+0000][1][safepoint    ] Leaving safepoint region
[2019-10-14T08:13:29.197+0000][1][safepoint    ] Total time for which application threads were stopped: 0.0008831 seconds, Stopping threads took: 0.0004174 seconds
[2019-10-14T08:13:30.200+0000][1][safepoint    ] Application time: 1.0024800 seconds
[2019-10-14T08:13:30.201+0000][1][safepoint    ] Entering safepoint region: Cleanup
[2019-10-14T08:13:30.202+0000][1][safepoint    ] Leaving safepoint region
[2019-10-14T08:13:30.203+0000][1][safepoint    ] Total time for which application threads were stopped: 0.0015633 seconds, Stopping threads took: 0.0006213 seconds
[2019-10-14T08:13:31.205+0000][1][safepoint    ] Application time: 1.0013314 seconds
[2019-10-14T08:13:31.206+0000][1][safepoint    ] Entering safepoint region: Cleanup
[2019-10-14T08:13:31.207+0000][1][safepoint    ] Leaving safepoint region
[2019-10-14T08:13:31.208+0000][1][safepoint    ] Total time for which application threads were stopped: 0.0012813 seconds, Stopping threads took: 0.0007243 seconds
[2019-10-14T08:13:32.210+0000][1][safepoint    ] Application time: 1.0017062 seconds
[2019-10-14T08:13:32.211+0000][1][safepoint    ] Entering safepoint region: Cleanup
[2019-10-14T08:13:32.211+0000][1][safepoint    ] Leaving safepoint region
[2019-10-14T08:13:32.211+0000][1][safepoint    ] Total time for which application threads were stopped: 0.0009992 seconds, Stopping threads took: 0.0005281 seconds
[2019-10-14T08:13:33.192+0000][1][safepoint    ] Application time: 1.0019321 seconds
[2019-10-14T08:13:33.193+0000][1][safepoint    ] Entering safepoint region: Cleanup
[2019-10-14T08:13:33.194+0000][1][safepoint    ] Leaving safepoint region
[2019-10-14T08:13:33.194+0000][1][safepoint    ] Total time for which application threads were stopped: 0.0009519 seconds, Stopping threads took: 0.0005721 seconds
[2019-10-14T08:13:34.197+0000][1][safepoint    ] Application time: 1.0027956 seconds
[2019-10-14T08:13:34.198+0000][1][safepoint    ] Entering safepoint region: Cleanup
[2019-10-14T08:13:34.198+0000][1][safepoint    ] Leaving safepoint region
[2019-10-14T08:13:34.199+0000][1][safepoint    ] Total time for which application threads were stopped: 0.0007755 seconds, Stopping threads took: 0.0003578 seconds
[2019-10-14T08:13:35.199+0000][1][safepoint    ] Application time: 1.0002202 seconds
[2019-10-14T08:13:35.200+0000][1][safepoint    ] Entering safepoint region: Cleanup
[2019-10-14T08:13:35.200+0000][1][safepoint    ] Leaving safepoint region
[2019-10-14T08:13:35.201+0000][1][safepoint    ] Total time for which application threads were stopped: 0.0007267 seconds, Stopping threads took: 0.0002974 seconds
[2019-10-14T08:13:36.202+0000][1][safepoint    ] Application time: 1.0010266 seconds
[2019-10-14T08:13:36.203+0000][1][safepoint    ] Entering safepoint region: Cleanup
[2019-10-14T08:13:36.204+0000][1][safepoint    ] Leaving safepoint region
[2019-10-14T08:13:36.204+0000][1][safepoint    ] Total time for which application threads were stopped: 0.0008557 seconds, Stopping threads took: 0.0004333 seconds
[2019-10-14T08:13:37.205+0000][1][safepoint    ] Application time: 1.0006616 seconds
[2019-10-14T08:13:37.206+0000][1][safepoint    ] Entering safepoint region: Cleanup
[2019-10-14T08:13:37.206+0000][1][safepoint    ] Leaving safepoint region
[2019-10-14T08:13:37.207+0000][1][safepoint    ] Total time for which application threads were stopped: 0.0013625 seconds, Stopping threads took: 0.0004802 seconds
[2019-10-14T08:13:38.211+0000][1][safepoint    ] Application time: 1.0035474 seconds
[2019-10-14T08:13:38.212+0000][1][safepoint    ] Entering safepoint region: Cleanup
[2019-10-14T08:13:38.212+0000][1][safepoint    ] Leaving safepoint region
[2019-10-14T08:13:38.213+0000][1][safepoint    ] Total time for which application threads were stopped: 0.0009015 seconds, Stopping threads took: 0.0005265 seconds
[2019-10-14T08:13:39.214+0000][1][safepoint    ] Application time: 1.0006939 seconds
[2019-10-14T08:13:39.214+0000][1][safepoint    ] Entering safepoint region: Cleanup
[2019-10-14T08:13:39.215+0000][1][safepoint    ] Leaving safepoint region
[2019-10-14T08:13:39.215+0000][1][safepoint    ] Total time for which application threads were stopped: 0.0009478 seconds, Stopping threads took: 0.0004745 seconds
[2019-10-14T08:13:40.217+0000][1][safepoint    ] Application time: 1.0009424 seconds
[2019-10-14T08:13:40.217+0000][1][safepoint    ] Entering safepoint region: Cleanup
[2019-10-14T08:13:40.218+0000][1][safepoint    ] Leaving safepoint region
[2019-10-14T08:13:40.219+0000][1][safepoint    ] Total time for which application threads were stopped: 0.0013318 seconds, Stopping threads took: 0.0008607 seconds
[2019-10-14T08:13:41.220+0000][1][safepoint    ] Application time: 1.0006505 seconds
[2019-10-14T08:13:41.220+0000][1][safepoint    ] Entering safepoint region: Cleanup
[2019-10-14T08:13:41.221+0000][1][safepoint    ] Leaving safepoint region
[2019-10-14T08:13:41.221+0000][1][safepoint    ] Total time for which application threads were stopped: 0.0011302 seconds, Stopping threads took: 0.0005637 seconds
[2019-10-14T08:13:41.443+0000][1][safepoint    ] Application time: 0.2211452 seconds
[2019-10-14T08:13:41.444+0000][1][safepoint    ] Entering safepoint region: RevokeBias
[2019-10-14T08:13:41.444+0000][1][safepoint    ] Leaving safepoint region
[2019-10-14T08:13:41.445+0000][1][safepoint    ] Total time for which application threads were stopped: 0.0010120 seconds, Stopping threads took: 0.0005244 seconds
[2019-10-14T08:13:42.445+0000][1][safepoint    ] Application time: 1.0001886 seconds
[2019-10-14T08:13:42.449+0000][1][safepoint    ] Entering safepoint region: Cleanup
[2019-10-14T08:13:42.450+0000][1][safepoint    ] Leaving safepoint region
[2019-10-14T08:13:42.450+0000][1][safepoint    ] Total time for which application threads were stopped: 0.0039669 seconds, Stopping threads took: 0.0034159 seconds
[2019-10-14T08:13:43.451+0000][1][safepoint    ] Application time: 1.0004330 seconds
[2019-10-14T08:13:43.452+0000][1][safepoint    ] Entering safepoint region: Cleanup
[2019-10-14T08:13:43.452+0000][1][safepoint    ] Leaving safepoint region
[2019-10-14T08:13:43.453+0000][1][safepoint    ] Total time for which application threads were stopped: 0.0012252 seconds, Stopping threads took: 0.0006184 seconds
[2019-10-14T08:13:44.454+0000][1][safepoint    ] Application time: 1.0005671 seconds
[2019-10-14T08:13:44.455+0000][1][safepoint    ] Entering safepoint region: Cleanup
[2019-10-14T08:13:44.456+0000][1][safepoint    ] Leaving safepoint region
[2019-10-14T08:13:44.456+0000][1][safepoint    ] Total time for which application threads were stopped: 0.0013552 seconds, Stopping threads took: 0.0006091 seconds
[2019-10-14T08:13:45.458+0000][1][safepoint    ] Application time: 1.0008157 seconds
[2019-10-14T08:13:45.459+0000][1][safepoint    ] Entering safepoint region: Cleanup
[2019-10-14T08:13:45.460+0000][1][safepoint    ] Leaving safepoint region
[2019-10-14T08:13:45.460+0000][1][safepoint    ] Total time for which application threads were stopped: 0.0013957 seconds, Stopping threads took: 0.0006057 seconds
[2019-10-14T08:13:46.461+0000][1][safepoint    ] Application time: 1.0005832 seconds
[2019-10-14T08:13:46.463+0000][1][safepoint    ] Entering safepoint region: Cleanup
[2019-10-14T08:13:46.464+0000][1][safepoint    ] Leaving safepoint region
[2019-10-14T08:13:46.465+0000][1][safepoint    ] Total time for which application threads were stopped: 0.0016213 seconds, Stopping threads took: 0.0008779 seconds
[2019-10-14T08:13:47.466+0000][1][safepoint    ] Application time: 1.0002691 seconds
[2019-10-14T08:13:47.466+0000][1][safepoint    ] Entering safepoint region: Cleanup
[2019-10-14T08:13:47.467+0000][1][safepoint    ] Leaving safepoint region
[2019-10-14T08:13:47.467+0000][1][safepoint    ] Total time for which application threads were stopped: 0.0011710 seconds, Stopping threads took: 0.0006222 seconds
[2019-10-14T08:13:48.468+0000][1][safepoint    ] Application time: 1.0006252 seconds
[2019-10-14T08:13:48.469+0000][1][safepoint    ] Entering safepoint region: Cleanup
[2019-10-14T08:13:48.470+0000][1][safepoint    ] Leaving safepoint region
[2019-10-14T08:13:48.470+0000][1][safepoint    ] Total time for which application threads were stopped: 0.0009645 seconds, Stopping threads took: 0.0004991 seconds
[2019-10-14T08:13:49.471+0000][1][safepoint    ] Application time: 1.0003483 seconds
[2019-10-14T08:13:49.472+0000][1][safepoint    ] Entering safepoint region: Cleanup
[2019-10-14T08:13:49.476+0000][1][safepoint    ] Leaving safepoint region
[2019-10-14T08:13:49.476+0000][1][safepoint    ] Total time for which application threads were stopped: 0.0047153 seconds, Stopping threads took: 0.0039874 seconds
[2019-10-14T08:13:50.477+0000][1][safepoint    ] Application time: 1.0002616 seconds
[2019-10-14T08:13:50.478+0000][1][safepoint    ] Entering safepoint region: Cleanup
[2019-10-14T08:13:50.479+0000][1][safepoint    ] Leaving safepoint region
[2019-10-14T08:13:50.479+0000][1][safepoint    ] Total time for which application threads were stopped: 0.0014531 seconds, Stopping threads took: 0.0006360 seconds
[2019-10-14T08:13:51.483+0000][1][safepoint    ] Application time: 1.0027516 seconds
[2019-10-14T08:13:51.484+0000][1][safepoint    ] Entering safepoint region: Cleanup
[2019-10-14T08:13:51.485+0000][1][safepoint    ] Leaving safepoint region
[2019-10-14T08:13:51.486+0000][1][safepoint    ] Total time for which application threads were stopped: 0.0014200 seconds, Stopping threads took: 0.0006822 seconds
[2019-10-14T08:13:52.487+0000][1][safepoint    ] Application time: 1.0005228 seconds
[2019-10-14T08:13:52.487+0000][1][safepoint    ] Entering safepoint region: Cleanup
[2019-10-14T08:13:52.488+0000][1][safepoint    ] Leaving safepoint region
[2019-10-14T08:13:52.489+0000][1][safepoint    ] Total time for which application threads were stopped: 0.0012373 seconds, Stopping threads took: 0.0005919 seconds
[2019-10-14T08:13:53.490+0000][1][safepoint    ] Application time: 1.0007088 seconds
[2019-10-14T08:13:53.491+0000][1][safepoint    ] Entering safepoint region: Cleanup
[2019-10-14T08:13:53.492+0000][1][safepoint    ] Leaving safepoint region
[2019-10-14T08:13:53.493+0000][1][safepoint    ] Total time for which application threads were stopped: 0.0021340 seconds, Stopping threads took: 0.0010889 seconds
[2019-10-14T08:13:54.496+0000][1][safepoint    ] Application time: 1.0020884 seconds
[2019-10-14T08:13:54.497+0000][1][safepoint    ] Entering safepoint region: Cleanup
[2019-10-14T08:13:54.497+0000][1][safepoint    ] Leaving safepoint region
[2019-10-14T08:13:54.498+0000][1][safepoint    ] Total time for which application threads were stopped: 0.0010437 seconds, Stopping threads took: 0.0004958 seconds
[2019-10-14T08:13:55.499+0000][1][safepoint    ] Application time: 1.0002986 seconds
[2019-10-14T08:13:55.500+0000][1][safepoint    ] Entering safepoint region: Cleanup
[2019-10-14T08:13:55.501+0000][1][safepoint    ] Leaving safepoint region
[2019-10-14T08:13:55.501+0000][1][safepoint    ] Total time for which application threads were stopped: 0.0014509 seconds, Stopping threads took: 0.0006319 seconds
[2019-10-14T08:13:56.503+0000][1][safepoint    ] Application time: 1.0008230 seconds
[2019-10-14T08:13:56.505+0000][1][safepoint    ] Entering safepoint region: Cleanup
[2019-10-14T08:13:56.506+0000][1][safepoint    ] Leaving safepoint region
[2019-10-14T08:13:56.506+0000][1][safepoint    ] Total time for which application threads were stopped: 0.0016751 seconds, Stopping threads took: 0.0010300 seconds
[2019-10-14T08:13:57.507+0000][1][safepoint    ] Application time: 1.0002039 seconds
[2019-10-14T08:13:57.508+0000][1][safepoint    ] Entering safepoint region: Cleanup
[2019-10-14T08:13:57.508+0000][1][safepoint    ] Leaving safepoint region
[2019-10-14T08:13:57.508+0000][1][safepoint    ] Total time for which application threads were stopped: 0.0008519 seconds, Stopping threads took: 0.0004651 seconds
[2019-10-14T08:13:58.511+0000][1][safepoint    ] Application time: 1.0025119 seconds
[2019-10-14T08:13:58.512+0000][1][safepoint    ] Entering safepoint region: Cleanup
[2019-10-14T08:13:58.513+0000][1][safepoint    ] Leaving safepoint region
[2019-10-14T08:13:58.514+0000][1][safepoint    ] Total time for which application threads were stopped: 0.0012819 seconds, Stopping threads took: 0.0006216 seconds
[2019-10-14T08:13:59.517+0000][1][safepoint    ] Application time: 1.0029512 seconds
[2019-10-14T08:13:59.519+0000][1][safepoint    ] Entering safepoint region: Cleanup
[2019-10-14T08:13:59.520+0000][1][safepoint    ] Leaving safepoint region
[2019-10-14T08:13:59.520+0000][1][safepoint    ] Total time for which application threads were stopped: 0.0015425 seconds, Stopping threads took: 0.0009436 seconds
[2019-10-14T08:14:00.521+0000][1][safepoint    ] Application time: 1.0001813 seconds
[2019-10-14T08:14:00.522+0000][1][safepoint    ] Entering safepoint region: Cleanup
[2019-10-14T08:14:00.522+0000][1][safepoint    ] Leaving safepoint region
[2019-10-14T08:14:00.523+0000][1][safepoint    ] Total time for which application threads were stopped: 0.0010784 seconds, Stopping threads took: 0.0004996 seconds
[2019-10-14T08:14:00.893+0000][1][safepoint    ] Application time: 0.3699491 seconds
[2019-10-14T08:14:00.894+0000][1][safepoint    ] Entering safepoint region: GenCollectForAllocation
[2019-10-14T08:14:00.895+0000][1][gc,start     ] GC(60) Pause Young (Allocation Failure)
[2019-10-14T08:14:00.895+0000][1][gc,task      ] GC(60) Using 2 workers of 2 for evacuation
[2019-10-14T08:14:00.899+0000][1][gc,age       ] GC(60) Desired survivor size 4456448 bytes, new threshold 6 (max threshold 6)
[2019-10-14T08:14:00.899+0000][1][gc,age       ] GC(60) Age table with threshold 6 (max threshold 6)
[2019-10-14T08:14:00.900+0000][1][gc,age       ] GC(60) - age   1:      56656 bytes,      56656 total
[2019-10-14T08:14:00.900+0000][1][gc,age       ] GC(60) - age   2:      17624 bytes,      74280 total
[2019-10-14T08:14:00.901+0000][1][gc,age       ] GC(60) - age   3:        296 bytes,      74576 total
[2019-10-14T08:14:00.901+0000][1][gc,age       ] GC(60) - age   4:      22256 bytes,      96832 total
[2019-10-14T08:14:00.901+0000][1][gc,age       ] GC(60) - age   5:     296136 bytes,     392968 total
[2019-10-14T08:14:00.902+0000][1][gc,age       ] GC(60) - age   6:      18936 bytes,     411904 total
[2019-10-14T08:14:00.902+0000][1][gc,heap      ] GC(60) ParNew: 70636K->501K(78656K)
[2019-10-14T08:14:00.903+0000][1][gc,heap      ] GC(60) CMS: 81252K->81308K(174784K)
[2019-10-14T08:14:00.903+0000][1][gc,metaspace ] GC(60) Metaspace: 84054K->84054K(1126400K)
[2019-10-14T08:14:00.903+0000][1][gc           ] GC(60) Pause Young (Allocation Failure) 148M->79M(247M) 8.444ms
[2019-10-14T08:14:00.904+0000][1][gc,cpu       ] GC(60) User=0.01s Sys=0.00s Real=0.00s
[2019-10-14T08:14:00.904+0000][1][safepoint    ] Leaving safepoint region
[2019-10-14T08:14:00.904+0000][1][safepoint    ] Total time for which application threads were stopped: 0.0103942 seconds, Stopping threads took: 0.0007020 seconds
[2019-10-14T08:14:01.905+0000][1][safepoint    ] Application time: 1.0001129 seconds
[2019-10-14T08:14:01.906+0000][1][safepoint    ] Entering safepoint region: Cleanup
[2019-10-14T08:14:01.906+0000][1][safepoint    ] Leaving safepoint region
[2019-10-14T08:14:01.907+0000][1][safepoint    ] Total time for which application threads were stopped: 0.0010512 seconds, Stopping threads took: 0.0003859 seconds
[2019-10-14T08:14:02.886+0000][1][safepoint    ] Application time: 1.0003805 seconds
[2019-10-14T08:14:02.887+0000][1][safepoint    ] Entering safepoint region: Cleanup
[2019-10-14T08:14:02.888+0000][1][safepoint    ] Leaving safepoint region
[2019-10-14T08:14:02.888+0000][1][safepoint    ] Total time for which application threads were stopped: 0.0011881 seconds, Stopping threads took: 0.0005387 seconds
[2019-10-14T08:14:03.888+0000][1][safepoint    ] Application time: 1.0001291 seconds
[2019-10-14T08:14:03.889+0000][1][safepoint    ] Entering safepoint region: Cleanup
[2019-10-14T08:14:03.890+0000][1][safepoint    ] Leaving safepoint region
[2019-10-14T08:14:03.891+0000][1][safepoint    ] Total time for which application threads were stopped: 0.0016648 seconds, Stopping threads took: 0.0006656 seconds
[2019-10-14T08:14:04.892+0000][1][safepoint    ] Application time: 1.0005821 seconds
[2019-10-14T08:14:04.894+0000][1][safepoint    ] Entering safepoint region: Cleanup
[2019-10-14T08:14:04.894+0000][1][safepoint    ] Leaving safepoint region
[2019-10-14T08:14:04.895+0000][1][safepoint    ] Total time for which application threads were stopped: 0.0013592 seconds, Stopping threads took: 0.0006514 seconds
[2019-10-14T08:14:05.896+0000][1][safepoint    ] Application time: 1.0005202 seconds
[2019-10-14T08:14:05.897+0000][1][safepoint    ] Entering safepoint region: Cleanup
[2019-10-14T08:14:05.898+0000][1][safepoint    ] Leaving safepoint region
[2019-10-14T08:14:05.898+0000][1][safepoint    ] Total time for which application threads were stopped: 0.0014955 seconds, Stopping threads took: 0.0007542 seconds
[2019-10-14T08:14:06.899+0000][1][safepoint    ] Application time: 1.0001660 seconds
[2019-10-14T08:14:06.900+0000][1][safepoint    ] Entering safepoint region: Cleanup
[2019-10-14T08:14:06.901+0000][1][safepoint    ] Leaving safepoint region
[2019-10-14T08:14:06.902+0000][1][safepoint    ] Total time for which application threads were stopped: 0.0013123 seconds, Stopping threads took: 0.0006215 seconds
[2019-10-14T08:14:07.904+0000][1][safepoint    ] Application time: 1.0020425 seconds
[2019-10-14T08:14:07.905+0000][1][safepoint    ] Entering safepoint region: Cleanup
[2019-10-14T08:14:07.905+0000][1][safepoint    ] Leaving safepoint region
[2019-10-14T08:14:07.906+0000][1][safepoint    ] Total time for which application threads were stopped: 0.0008819 seconds, Stopping threads took: 0.0004247 seconds
[2019-10-14T08:14:08.906+0000][1][safepoint    ] Application time: 1.0002881 seconds
[2019-10-14T08:14:08.907+0000][1][safepoint    ] Entering safepoint region: Cleanup
[2019-10-14T08:14:08.908+0000][1][safepoint    ] Leaving safepoint region
[2019-10-14T08:14:08.909+0000][1][safepoint    ] Total time for which application threads were stopped: 0.0019472 seconds, Stopping threads took: 0.0006560 seconds
[2019-10-14T08:14:09.910+0000][1][safepoint    ] Application time: 1.0004507 seconds
[2019-10-14T08:14:09.914+0000][1][safepoint    ] Entering safepoint region: Cleanup
[2019-10-14T08:14:09.917+0000][1][safepoint    ] Leaving safepoint region
[2019-10-14T08:14:09.921+0000][1][safepoint    ] Total time for which application threads were stopped: 0.0064732 seconds, Stopping threads took: 0.0044653 seconds
[2019-10-14T08:14:10.922+0000][1][safepoint    ] Application time: 1.0001968 seconds
[2019-10-14T08:14:10.923+0000][1][safepoint    ] Entering safepoint region: Cleanup
[2019-10-14T08:14:10.924+0000][1][safepoint    ] Leaving safepoint region
[2019-10-14T08:14:10.924+0000][1][safepoint    ] Total time for which application threads were stopped: 0.0008383 seconds, Stopping threads took: 0.0004689 seconds
[2019-10-14T08:14:11.925+0000][1][safepoint    ] Application time: 1.0009154 seconds
[2019-10-14T08:14:11.926+0000][1][safepoint    ] Entering safepoint region: Cleanup
[2019-10-14T08:14:11.927+0000][1][safepoint    ] Leaving safepoint region
[2019-10-14T08:14:11.928+0000][1][safepoint    ] Total time for which application threads were stopped: 0.0016445 seconds, Stopping threads took: 0.0006942 seconds
[2019-10-14T08:14:12.929+0000][1][safepoint    ] Application time: 1.0001594 seconds
[2019-10-14T08:14:12.931+0000][1][safepoint    ] Entering safepoint region: Cleanup
[2019-10-14T08:14:12.931+0000][1][safepoint    ] Leaving safepoint region
[2019-10-14T08:14:12.932+0000][1][safepoint    ] Total time for which application threads were stopped: 0.0011800 seconds, Stopping threads took: 0.0005769 seconds
[2019-10-14T08:14:13.932+0000][1][safepoint    ] Application time: 1.0003575 seconds
[2019-10-14T08:14:13.933+0000][1][safepoint    ] Entering safepoint region: Cleanup
[2019-10-14T08:14:13.934+0000][1][safepoint    ] Leaving safepoint region
[2019-10-14T08:14:13.934+0000][1][safepoint    ] Total time for which application threads were stopped: 0.0011611 seconds, Stopping threads took: 0.0005637 seconds
[2019-10-14T08:14:14.935+0000][1][safepoint    ] Application time: 1.0003516 seconds
[2019-10-14T08:14:14.937+0000][1][safepoint    ] Entering safepoint region: Cleanup
[2019-10-14T08:14:14.937+0000][1][safepoint    ] Leaving safepoint region
[2019-10-14T08:14:14.938+0000][1][safepoint    ] Total time for which application threads were stopped: 0.0011689 seconds, Stopping threads took: 0.0005725 seconds
[2019-10-14T08:14:15.939+0000][1][safepoint    ] Application time: 1.0005929 seconds
[2019-10-14T08:14:15.940+0000][1][safepoint    ] Entering safepoint region: Cleanup
[2019-10-14T08:14:15.941+0000][1][safepoint    ] Leaving safepoint region
[2019-10-14T08:14:15.941+0000][1][safepoint    ] Total time for which application threads were stopped: 0.0012177 seconds, Stopping threads took: 0.0007030 seconds
[2019-10-14T08:14:16.942+0000][1][safepoint    ] Application time: 1.0006807 seconds
[2019-10-14T08:14:16.944+0000][1][safepoint    ] Entering safepoint region: Cleanup
[2019-10-14T08:14:16.944+0000][1][safepoint    ] Leaving safepoint region
[2019-10-14T08:14:16.945+0000][1][safepoint    ] Total time for which application threads were stopped: 0.0013827 seconds, Stopping threads took: 0.0006563 seconds
[2019-10-14T08:14:17.948+0000][1][safepoint    ] Application time: 1.0032406 seconds
[2019-10-14T08:14:17.950+0000][1][safepoint    ] Entering safepoint region: Cleanup
[2019-10-14T08:14:17.951+0000][1][safepoint    ] Leaving safepoint region
[2019-10-14T08:14:17.951+0000][1][safepoint    ] Total time for which application threads were stopped: 0.0009817 seconds, Stopping threads took: 0.0006405 seconds
[2019-10-14T08:14:18.954+0000][1][safepoint    ] Application time: 1.0021192 seconds
[2019-10-14T08:14:18.955+0000][1][safepoint    ] Entering safepoint region: Cleanup
[2019-10-14T08:14:18.955+0000][1][safepoint    ] Leaving safepoint region
[2019-10-14T08:14:18.956+0000][1][safepoint    ] Total time for which application threads were stopped: 0.0009107 seconds, Stopping threads took: 0.0004504 seconds
[2019-10-14T08:14:19.957+0000][1][safepoint    ] Application time: 1.0001781 seconds
[2019-10-14T08:14:19.958+0000][1][safepoint    ] Entering safepoint region: Cleanup
[2019-10-14T08:14:19.958+0000][1][safepoint    ] Leaving safepoint region
[2019-10-14T08:14:19.959+0000][1][safepoint    ] Total time for which application threads were stopped: 0.0008078 seconds, Stopping threads took: 0.0003415 seconds
[2019-10-14T08:14:20.959+0000][1][safepoint    ] Application time: 1.0002388 seconds
[2019-10-14T08:14:20.960+0000][1][safepoint    ] Entering safepoint region: Cleanup
[2019-10-14T08:14:20.960+0000][1][safepoint    ] Leaving safepoint region
[2019-10-14T08:14:20.961+0000][1][safepoint    ] Total time for which application threads were stopped: 0.0008330 seconds, Stopping threads took: 0.0004261 seconds
[2019-10-14T08:14:21.962+0000][1][safepoint    ] Application time: 1.0006892 seconds
[2019-10-14T08:14:21.962+0000][1][safepoint    ] Entering safepoint region: Cleanup
[2019-10-14T08:14:21.963+0000][1][safepoint    ] Leaving safepoint region
[2019-10-14T08:14:21.963+0000][1][safepoint    ] Total time for which application threads were stopped: 0.0007072 seconds, Stopping threads took: 0.0002988 seconds
[2019-10-14T08:14:22.965+0000][1][safepoint    ] Application time: 1.0010631 seconds
[2019-10-14T08:14:22.966+0000][1][safepoint    ] Entering safepoint region: Cleanup
[2019-10-14T08:14:22.967+0000][1][safepoint    ] Leaving safepoint region
[2019-10-14T08:14:22.968+0000][1][safepoint    ] Total time for which application threads were stopped: 0.0019920 seconds, Stopping threads took: 0.0008695 seconds
[2019-10-14T08:14:23.969+0000][1][safepoint    ] Application time: 1.0005737 seconds
[2019-10-14T08:14:23.969+0000][1][safepoint    ] Entering safepoint region: Cleanup
[2019-10-14T08:14:23.970+0000][1][safepoint    ] Leaving safepoint region
[2019-10-14T08:14:23.972+0000][1][safepoint    ] Total time for which application threads were stopped: 0.0021674 seconds, Stopping threads took: 0.0005443 seconds
[2019-10-14T08:14:24.979+0000][1][safepoint    ] Application time: 1.0066611 seconds
[2019-10-14T08:14:24.983+0000][1][safepoint    ] Entering safepoint region: Cleanup
[2019-10-14T08:14:24.983+0000][1][safepoint    ] Leaving safepoint region
[2019-10-14T08:14:24.984+0000][1][safepoint    ] Total time for which application threads were stopped: 0.0013486 seconds, Stopping threads took: 0.0005499 seconds
[2019-10-14T08:14:25.986+0000][1][safepoint    ] Application time: 1.0007544 seconds
[2019-10-14T08:14:25.986+0000][1][safepoint    ] Entering safepoint region: Cleanup
[2019-10-14T08:14:25.987+0000][1][safepoint    ] Leaving safepoint region
[2019-10-14T08:14:25.987+0000][1][safepoint    ] Total time for which application threads were stopped: 0.0008249 seconds, Stopping threads took: 0.0003943 seconds
[2019-10-14T08:14:26.989+0000][1][safepoint    ] Application time: 1.0016675 seconds
[2019-10-14T08:14:26.990+0000][1][safepoint    ] Entering safepoint region: Cleanup
[2019-10-14T08:14:26.991+0000][1][safepoint    ] Leaving safepoint region
[2019-10-14T08:14:26.991+0000][1][safepoint    ] Total time for which application threads were stopped: 0.0006811 seconds, Stopping threads took: 0.0003176 seconds
[2019-10-14T08:14:27.991+0000][1][safepoint    ] Application time: 1.0002222 seconds
[2019-10-14T08:14:27.993+0000][1][safepoint    ] Entering safepoint region: Cleanup
[2019-10-14T08:14:27.993+0000][1][safepoint    ] Leaving safepoint region
[2019-10-14T08:14:27.993+0000][1][safepoint    ] Total time for which application threads were stopped: 0.0007946 seconds, Stopping threads took: 0.0003893 seconds
[2019-10-14T08:14:28.994+0000][1][safepoint    ] Application time: 1.0004675 seconds
[2019-10-14T08:14:28.995+0000][1][safepoint    ] Entering safepoint region: Cleanup
[2019-10-14T08:14:28.996+0000][1][safepoint    ] Leaving safepoint region
[2019-10-14T08:14:28.997+0000][1][safepoint    ] Total time for which application threads were stopped: 0.0016552 seconds, Stopping threads took: 0.0009159 seconds
[2019-10-14T08:14:29.998+0000][1][safepoint    ] Application time: 1.0005379 seconds
[2019-10-14T08:14:29.998+0000][1][safepoint    ] Entering safepoint region: Cleanup
[2019-10-14T08:14:29.999+0000][1][safepoint    ] Leaving safepoint region
[2019-10-14T08:14:29.999+0000][1][safepoint    ] Total time for which application threads were stopped: 0.0009931 seconds, Stopping threads took: 0.0003794 seconds
[2019-10-14T08:14:31.000+0000][1][safepoint    ] Application time: 1.0004373 seconds
[2019-10-14T08:14:31.001+0000][1][safepoint    ] Entering safepoint region: Cleanup
[2019-10-14T08:14:31.002+0000][1][safepoint    ] Leaving safepoint region
[2019-10-14T08:14:31.002+0000][1][safepoint    ] Total time for which application threads were stopped: 0.0009425 seconds, Stopping threads took: 0.0004414 seconds
[2019-10-14T08:14:32.003+0000][1][safepoint    ] Application time: 1.0002729 seconds
[2019-10-14T08:14:32.005+0000][1][safepoint    ] Entering safepoint region: Cleanup
[2019-10-14T08:14:32.006+0000][1][safepoint    ] Leaving safepoint region
[2019-10-14T08:14:32.007+0000][1][safepoint    ] Total time for which application threads were stopped: 0.0017237 seconds, Stopping threads took: 0.0007669 seconds
[2019-10-14T08:14:32.986+0000][1][safepoint    ] Application time: 1.0001740 seconds
[2019-10-14T08:14:32.988+0000][1][safepoint    ] Entering safepoint region: Cleanup
[2019-10-14T08:14:32.989+0000][1][safepoint    ] Leaving safepoint region
[2019-10-14T08:14:32.990+0000][1][safepoint    ] Total time for which application threads were stopped: 0.0015149 seconds, Stopping threads took: 0.0008548 seconds
[2019-10-14T08:14:33.990+0000][1][safepoint    ] Application time: 1.0001735 seconds
[2019-10-14T08:14:33.991+0000][1][safepoint    ] Entering safepoint region: Cleanup
[2019-10-14T08:14:33.991+0000][1][safepoint    ] Leaving safepoint region
[2019-10-14T08:14:33.993+0000][1][safepoint    ] Total time for which application threads were stopped: 0.0019822 seconds, Stopping threads took: 0.0005013 seconds
[2019-10-14T08:14:35.012+0000][1][safepoint    ] Application time: 1.0190839 seconds
[2019-10-14T08:14:35.013+0000][1][safepoint    ] Entering safepoint region: Cleanup
[2019-10-14T08:14:35.014+0000][1][safepoint    ] Leaving safepoint region
[2019-10-14T08:14:35.014+0000][1][safepoint    ] Total time for which application threads were stopped: 0.0013316 seconds, Stopping threads took: 0.0004179 seconds
[2019-10-14T08:14:36.016+0000][1][safepoint    ] Application time: 1.0005267 seconds
[2019-10-14T08:14:36.017+0000][1][safepoint    ] Entering safepoint region: Cleanup
[2019-10-14T08:14:36.018+0000][1][safepoint    ] Leaving safepoint region
[2019-10-14T08:14:36.018+0000][1][safepoint    ] Total time for which application threads were stopped: 0.0013324 seconds, Stopping threads took: 0.0007538 seconds
[2019-10-14T08:14:37.021+0000][1][safepoint    ] Application time: 1.0025510 seconds
[2019-10-14T08:14:37.022+0000][1][safepoint    ] Entering safepoint region: Cleanup
[2019-10-14T08:14:37.023+0000][1][safepoint    ] Leaving safepoint region
[2019-10-14T08:14:37.023+0000][1][safepoint    ] Total time for which application threads were stopped: 0.0016538 seconds, Stopping threads took: 0.0008629 seconds
[2019-10-14T08:14:38.025+0000][1][safepoint    ] Application time: 1.0007635 seconds
[2019-10-14T08:14:38.039+0000][1][safepoint    ] Entering safepoint region: Cleanup
[2019-10-14T08:14:38.042+0000][1][safepoint    ] Leaving safepoint region
[2019-10-14T08:14:38.043+0000][1][safepoint    ] Total time for which application threads were stopped: 0.0040986 seconds, Stopping threads took: 0.0033969 seconds
[2019-10-14T08:14:39.043+0000][1][safepoint    ] Application time: 1.0004581 seconds
[2019-10-14T08:14:39.044+0000][1][safepoint    ] Entering safepoint region: Cleanup
[2019-10-14T08:14:39.045+0000][1][safepoint    ] Leaving safepoint region
[2019-10-14T08:14:39.045+0000][1][safepoint    ] Total time for which application threads were stopped: 0.0011399 seconds, Stopping threads took: 0.0005151 seconds
[2019-10-14T08:14:40.047+0000][1][safepoint    ] Application time: 1.0007886 seconds
[2019-10-14T08:14:40.048+0000][1][safepoint    ] Entering safepoint region: Cleanup
[2019-10-14T08:14:40.048+0000][1][safepoint    ] Leaving safepoint region
[2019-10-14T08:14:40.049+0000][1][safepoint    ] Total time for which application threads were stopped: 0.0010837 seconds, Stopping threads took: 0.0005344 seconds
[2019-10-14T08:14:41.053+0000][1][safepoint    ] Application time: 1.0036835 seconds
[2019-10-14T08:14:41.054+0000][1][safepoint    ] Entering safepoint region: Cleanup
[2019-10-14T08:14:41.054+0000][1][safepoint    ] Leaving safepoint region
[2019-10-14T08:14:41.054+0000][1][safepoint    ] Total time for which application threads were stopped: 0.0008772 seconds, Stopping threads took: 0.0004404 seconds
[2019-10-14T08:14:42.055+0000][1][safepoint    ] Application time: 1.0003357 seconds
[2019-10-14T08:14:42.056+0000][1][safepoint    ] Entering safepoint region: Cleanup
[2019-10-14T08:14:42.057+0000][1][safepoint    ] Leaving safepoint region
[2019-10-14T08:14:42.057+0000][1][safepoint    ] Total time for which application threads were stopped: 0.0013616 seconds, Stopping threads took: 0.0007118 seconds
[2019-10-14T08:14:43.060+0000][1][safepoint    ] Application time: 1.0013709 seconds
[2019-10-14T08:14:43.061+0000][1][safepoint    ] Entering safepoint region: Cleanup
[2019-10-14T08:14:43.062+0000][1][safepoint    ] Leaving safepoint region
[2019-10-14T08:14:43.063+0000][1][safepoint    ] Total time for which application threads were stopped: 0.0015411 seconds, Stopping threads took: 0.0008642 seconds
[2019-10-14T08:14:44.063+0000][1][safepoint    ] Application time: 1.0001873 seconds
[2019-10-14T08:14:44.064+0000][1][safepoint    ] Entering safepoint region: Cleanup
[2019-10-14T08:14:44.064+0000][1][safepoint    ] Leaving safepoint region
[2019-10-14T08:14:44.065+0000][1][safepoint    ] Total time for which application threads were stopped: 0.0010766 seconds, Stopping threads took: 0.0005217 seconds
[2019-10-14T08:14:45.066+0000][1][safepoint    ] Application time: 1.0005602 seconds
[2019-10-14T08:14:45.066+0000][1][safepoint    ] Entering safepoint region: Cleanup
[2019-10-14T08:14:45.067+0000][1][safepoint    ] Leaving safepoint region
[2019-10-14T08:14:45.067+0000][1][safepoint    ] Total time for which application threads were stopped: 0.0010008 seconds, Stopping threads took: 0.0005492 seconds
[2019-10-14T08:14:46.068+0000][1][safepoint    ] Application time: 1.0002967 seconds
[2019-10-14T08:14:46.068+0000][1][safepoint    ] Entering safepoint region: Cleanup
[2019-10-14T08:14:46.069+0000][1][safepoint    ] Leaving safepoint region
[2019-10-14T08:14:46.069+0000][1][safepoint    ] Total time for which application threads were stopped: 0.0006776 seconds, Stopping threads took: 0.0003390 seconds
[2019-10-14T08:14:47.069+0000][1][safepoint    ] Application time: 1.0002448 seconds
[2019-10-14T08:14:47.070+0000][1][safepoint    ] Entering safepoint region: Cleanup
[2019-10-14T08:14:47.070+0000][1][safepoint    ] Leaving safepoint region
[2019-10-14T08:14:47.071+0000][1][safepoint    ] Total time for which application threads were stopped: 0.0007457 seconds, Stopping threads took: 0.0003300 seconds
[2019-10-14T08:14:48.072+0000][1][safepoint    ] Application time: 1.0003068 seconds
[2019-10-14T08:14:48.074+0000][1][safepoint    ] Entering safepoint region: Cleanup
[2019-10-14T08:14:48.079+0000][1][safepoint    ] Leaving safepoint region
[2019-10-14T08:14:48.082+0000][1][safepoint    ] Total time for which application threads were stopped: 0.0072502 seconds, Stopping threads took: 0.0044192 seconds
[2019-10-14T08:14:49.083+0000][1][safepoint    ] Application time: 1.0004805 seconds
[2019-10-14T08:14:49.084+0000][1][safepoint    ] Entering safepoint region: Cleanup
[2019-10-14T08:14:49.084+0000][1][safepoint    ] Leaving safepoint region
[2019-10-14T08:14:49.085+0000][1][safepoint    ] Total time for which application threads were stopped: 0.0011076 seconds, Stopping threads took: 0.0005285 seconds
[2019-10-14T08:14:50.086+0000][1][safepoint    ] Application time: 1.0004721 seconds
[2019-10-14T08:14:50.087+0000][1][safepoint    ] Entering safepoint region: Cleanup
[2019-10-14T08:14:50.088+0000][1][safepoint    ] Leaving safepoint region
[2019-10-14T08:14:50.089+0000][1][safepoint    ] Total time for which application threads were stopped: 0.0011344 seconds, Stopping threads took: 0.0006629 seconds
[2019-10-14T08:14:51.089+0000][1][safepoint    ] Application time: 1.0002764 seconds
[2019-10-14T08:14:51.090+0000][1][safepoint    ] Entering safepoint region: Cleanup
[2019-10-14T08:14:51.090+0000][1][safepoint    ] Leaving safepoint region
[2019-10-14T08:14:51.090+0000][1][safepoint    ] Total time for which application threads were stopped: 0.0005519 seconds, Stopping threads took: 0.0002857 seconds
[2019-10-14T08:14:52.091+0000][1][safepoint    ] Application time: 1.0002159 seconds
[2019-10-14T08:14:52.091+0000][1][safepoint    ] Entering safepoint region: Cleanup
[2019-10-14T08:14:52.092+0000][1][safepoint    ] Leaving safepoint region
[2019-10-14T08:14:52.093+0000][1][safepoint    ] Total time for which application threads were stopped: 0.0022926 seconds, Stopping threads took: 0.0006251 seconds
[2019-10-14T08:14:53.094+0000][1][safepoint    ] Application time: 1.0001866 seconds
[2019-10-14T08:14:53.095+0000][1][safepoint    ] Entering safepoint region: Cleanup
[2019-10-14T08:14:53.096+0000][1][safepoint    ] Leaving safepoint region
[2019-10-14T08:14:53.103+0000][1][safepoint    ] Total time for which application threads were stopped: 0.0089179 seconds, Stopping threads took: 0.0008611 seconds
[2019-10-14T08:14:54.104+0000][1][safepoint    ] Application time: 1.0005158 seconds
[2019-10-14T08:14:54.105+0000][1][safepoint    ] Entering safepoint region: Cleanup
[2019-10-14T08:14:54.105+0000][1][safepoint    ] Leaving safepoint region
[2019-10-14T08:14:54.106+0000][1][safepoint    ] Total time for which application threads were stopped: 0.0007971 seconds, Stopping threads took: 0.0003885 seconds
[2019-10-14T08:14:55.108+0000][1][safepoint    ] Application time: 1.0021984 seconds
[2019-10-14T08:14:55.120+0000][1][safepoint    ] Entering safepoint region: Cleanup
[2019-10-14T08:14:55.124+0000][1][safepoint    ] Leaving safepoint region
[2019-10-14T08:14:55.126+0000][1][safepoint    ] Total time for which application threads were stopped: 0.0059686 seconds, Stopping threads took: 0.0040691 seconds
[2019-10-14T08:14:56.127+0000][1][safepoint    ] Application time: 1.0010428 seconds
[2019-10-14T08:14:56.130+0000][1][safepoint    ] Entering safepoint region: Cleanup
[2019-10-14T08:14:56.132+0000][1][safepoint    ] Leaving safepoint region
[2019-10-14T08:14:56.133+0000][1][safepoint    ] Total time for which application threads were stopped: 0.0029922 seconds, Stopping threads took: 0.0017745 seconds
[2019-10-14T08:14:57.134+0000][1][safepoint    ] Application time: 1.0002781 seconds
[2019-10-14T08:14:57.135+0000][1][safepoint    ] Entering safepoint region: Cleanup
[2019-10-14T08:14:57.135+0000][1][safepoint    ] Leaving safepoint region
[2019-10-14T08:14:57.136+0000][1][safepoint    ] Total time for which application threads were stopped: 0.0010985 seconds, Stopping threads took: 0.0005586 seconds
[2019-10-14T08:14:58.137+0000][1][safepoint    ] Application time: 1.0004558 seconds
[2019-10-14T08:14:58.137+0000][1][safepoint    ] Entering safepoint region: Cleanup
[2019-10-14T08:14:58.138+0000][1][safepoint    ] Leaving safepoint region
[2019-10-14T08:14:58.138+0000][1][safepoint    ] Total time for which application threads were stopped: 0.0008951 seconds, Stopping threads took: 0.0005323 seconds
[2019-10-14T08:14:59.139+0000][1][safepoint    ] Application time: 1.0005487 seconds
[2019-10-14T08:14:59.140+0000][1][safepoint    ] Entering safepoint region: Cleanup
[2019-10-14T08:14:59.140+0000][1][safepoint    ] Leaving safepoint region
[2019-10-14T08:14:59.140+0000][1][safepoint    ] Total time for which application threads were stopped: 0.0008310 seconds, Stopping threads took: 0.0003235 seconds
[2019-10-14T08:15:00.143+0000][1][safepoint    ] Application time: 1.0021372 seconds
[2019-10-14T08:15:00.147+0000][1][safepoint    ] Entering safepoint region: Cleanup
[2019-10-14T08:15:00.148+0000][1][safepoint    ] Leaving safepoint region
[2019-10-14T08:15:00.148+0000][1][safepoint    ] Total time for which application threads were stopped: 0.0007181 seconds, Stopping threads took: 0.0003391 seconds
[2019-10-14T08:15:01.150+0000][1][safepoint    ] Application time: 1.0017880 seconds
[2019-10-14T08:15:01.151+0000][1][safepoint    ] Entering safepoint region: Cleanup
[2019-10-14T08:15:01.152+0000][1][safepoint    ] Leaving safepoint region
[2019-10-14T08:15:01.153+0000][1][safepoint    ] Total time for which application threads were stopped: 0.0023477 seconds, Stopping threads took: 0.0011164 seconds
[2019-10-14T08:15:02.154+0000][1][safepoint    ] Application time: 1.0003017 seconds
[2019-10-14T08:15:02.154+0000][1][safepoint    ] Entering safepoint region: Cleanup
[2019-10-14T08:15:02.155+0000][1][safepoint    ] Leaving safepoint region
[2019-10-14T08:15:02.155+0000][1][safepoint    ] Total time for which application threads were stopped: 0.0008109 seconds, Stopping threads took: 0.0003773 seconds
[2019-10-14T08:15:03.134+0000][1][safepoint    ] Application time: 1.0001592 seconds
[2019-10-14T08:15:03.135+0000][1][safepoint    ] Entering safepoint region: Cleanup
[2019-10-14T08:15:03.135+0000][1][safepoint    ] Leaving safepoint region
[2019-10-14T08:15:03.137+0000][1][safepoint    ] Total time for which application threads were stopped: 0.0021875 seconds, Stopping threads took: 0.0003117 seconds
[2019-10-14T08:15:04.138+0000][1][safepoint    ] Application time: 1.0004793 seconds
[2019-10-14T08:15:04.139+0000][1][safepoint    ] Entering safepoint region: Cleanup
[2019-10-14T08:15:04.139+0000][1][safepoint    ] Leaving safepoint region
[2019-10-14T08:15:04.140+0000][1][safepoint    ] Total time for which application threads were stopped: 0.0010368 seconds, Stopping threads took: 0.0004983 seconds
[2019-10-14T08:15:05.141+0000][1][safepoint    ] Application time: 1.0002715 seconds
[2019-10-14T08:15:05.141+0000][1][safepoint    ] Entering safepoint region: Cleanup
[2019-10-14T08:15:05.142+0000][1][safepoint    ] Leaving safepoint region
[2019-10-14T08:15:05.142+0000][1][safepoint    ] Total time for which application threads were stopped: 0.0010126 seconds, Stopping threads took: 0.0004834 seconds
[2019-10-14T08:15:06.143+0000][1][safepoint    ] Application time: 1.0002668 seconds
[2019-10-14T08:15:06.143+0000][1][safepoint    ] Entering safepoint region: Cleanup
[2019-10-14T08:15:06.144+0000][1][safepoint    ] Leaving safepoint region
[2019-10-14T08:15:06.144+0000][1][safepoint    ] Total time for which application threads were stopped: 0.0010004 seconds, Stopping threads took: 0.0005204 seconds
[2019-10-14T08:15:07.145+0000][1][safepoint    ] Application time: 1.0003797 seconds
[2019-10-14T08:15:07.146+0000][1][safepoint    ] Entering safepoint region: Cleanup
[2019-10-14T08:15:07.146+0000][1][safepoint    ] Leaving safepoint region
[2019-10-14T08:15:07.147+0000][1][safepoint    ] Total time for which application threads were stopped: 0.0010395 seconds, Stopping threads took: 0.0005660 seconds
[2019-10-14T08:15:08.147+0000][1][safepoint    ] Application time: 1.0002120 seconds
[2019-10-14T08:15:08.148+0000][1][safepoint    ] Entering safepoint region: Cleanup
[2019-10-14T08:15:08.148+0000][1][safepoint    ] Leaving safepoint region
[2019-10-14T08:15:08.149+0000][1][safepoint    ] Total time for which application threads were stopped: 0.0010301 seconds, Stopping threads took: 0.0004389 seconds
[2019-10-14T08:15:09.150+0000][1][safepoint    ] Application time: 1.0008923 seconds
[2019-10-14T08:15:09.151+0000][1][safepoint    ] Entering safepoint region: Cleanup
[2019-10-14T08:15:09.152+0000][1][safepoint    ] Leaving safepoint region
[2019-10-14T08:15:09.153+0000][1][safepoint    ] Total time for which application threads were stopped: 0.0016465 seconds, Stopping threads took: 0.0007407 seconds
[2019-10-14T08:15:10.154+0000][1][safepoint    ] Application time: 1.0008344 seconds
[2019-10-14T08:15:10.155+0000][1][safepoint    ] Entering safepoint region: Cleanup
[2019-10-14T08:15:10.156+0000][1][safepoint    ] Leaving safepoint region
[2019-10-14T08:15:10.156+0000][1][safepoint    ] Total time for which application threads were stopped: 0.0016301 seconds, Stopping threads took: 0.0011083 seconds
[2019-10-14T08:15:11.157+0000][1][safepoint    ] Application time: 1.0001387 seconds
[2019-10-14T08:15:11.158+0000][1][safepoint    ] Entering safepoint region: Cleanup
[2019-10-14T08:15:11.159+0000][1][safepoint    ] Leaving safepoint region
[2019-10-14T08:15:11.159+0000][1][safepoint    ] Total time for which application threads were stopped: 0.0013356 seconds, Stopping threads took: 0.0008247 seconds
[2019-10-14T08:15:12.161+0000][1][safepoint    ] Application time: 1.0008961 seconds
[2019-10-14T08:15:12.162+0000][1][safepoint    ] Entering safepoint region: Cleanup
[2019-10-14T08:15:12.162+0000][1][safepoint    ] Leaving safepoint region
[2019-10-14T08:15:12.163+0000][1][safepoint    ] Total time for which application threads were stopped: 0.0013519 seconds, Stopping threads took: 0.0006952 seconds
[2019-10-14T08:15:13.167+0000][1][safepoint    ] Application time: 1.0028594 seconds
[2019-10-14T08:15:13.168+0000][1][safepoint    ] Entering safepoint region: Cleanup
[2019-10-14T08:15:13.171+0000][1][safepoint    ] Leaving safepoint region
[2019-10-14T08:15:13.171+0000][1][safepoint    ] Total time for which application threads were stopped: 0.0034769 seconds, Stopping threads took: 0.0029729 seconds
[2019-10-14T08:15:14.173+0000][1][safepoint    ] Application time: 1.0014284 seconds
[2019-10-14T08:15:14.174+0000][1][safepoint    ] Entering safepoint region: Cleanup
[2019-10-14T08:15:14.175+0000][1][safepoint    ] Leaving safepoint region
[2019-10-14T08:15:14.175+0000][1][safepoint    ] Total time for which application threads were stopped: 0.0011169 seconds, Stopping threads took: 0.0005449 seconds
[2019-10-14T08:15:15.177+0000][1][safepoint    ] Application time: 1.0005544 seconds
[2019-10-14T08:15:15.182+0000][1][safepoint    ] Entering safepoint region: Cleanup
[2019-10-14T08:15:15.186+0000][1][safepoint    ] Leaving safepoint region
[2019-10-14T08:15:15.188+0000][1][safepoint    ] Total time for which application threads were stopped: 0.0056229 seconds, Stopping threads took: 0.0030199 seconds
[2019-10-14T08:15:16.191+0000][1][safepoint    ] Application time: 1.0011173 seconds
[2019-10-14T08:15:16.192+0000][1][safepoint    ] Entering safepoint region: Cleanup
[2019-10-14T08:15:16.192+0000][1][safepoint    ] Leaving safepoint region
[2019-10-14T08:15:16.193+0000][1][safepoint    ] Total time for which application threads were stopped: 0.0016131 seconds, Stopping threads took: 0.0004726 seconds
[2019-10-14T08:15:17.194+0000][1][safepoint    ] Application time: 1.0006026 seconds
[2019-10-14T08:15:17.195+0000][1][safepoint    ] Entering safepoint region: Cleanup
[2019-10-14T08:15:17.196+0000][1][safepoint    ] Leaving safepoint region
[2019-10-14T08:15:17.196+0000][1][safepoint    ] Total time for which application threads were stopped: 0.0011430 seconds, Stopping threads took: 0.0004845 seconds
[2019-10-14T08:15:18.197+0000][1][safepoint    ] Application time: 1.0002970 seconds
[2019-10-14T08:15:18.198+0000][1][safepoint    ] Entering safepoint region: Cleanup
[2019-10-14T08:15:18.198+0000][1][safepoint    ] Leaving safepoint region
[2019-10-14T08:15:18.199+0000][1][safepoint    ] Total time for which application threads were stopped: 0.0011595 seconds, Stopping threads took: 0.0005657 seconds
[2019-10-14T08:15:19.201+0000][1][safepoint    ] Application time: 1.0017456 seconds
[2019-10-14T08:15:19.202+0000][1][safepoint    ] Entering safepoint region: Cleanup
[2019-10-14T08:15:19.202+0000][1][safepoint    ] Leaving safepoint region
[2019-10-14T08:15:19.203+0000][1][safepoint    ] Total time for which application threads were stopped: 0.0009303 seconds, Stopping threads took: 0.0004434 seconds
[2019-10-14T08:15:20.204+0000][1][safepoint    ] Application time: 1.0004364 seconds
[2019-10-14T08:15:20.204+0000][1][safepoint    ] Entering safepoint region: Cleanup
[2019-10-14T08:15:20.206+0000][1][safepoint    ] Leaving safepoint region
[2019-10-14T08:15:20.209+0000][1][safepoint    ] Total time for which application threads were stopped: 0.0044239 seconds, Stopping threads took: 0.0010340 seconds
[2019-10-14T08:15:21.211+0000][1][safepoint    ] Application time: 1.0013777 seconds
[2019-10-14T08:15:21.212+0000][1][safepoint    ] Entering safepoint region: Cleanup
[2019-10-14T08:15:21.212+0000][1][safepoint    ] Leaving safepoint region
[2019-10-14T08:15:21.213+0000][1][safepoint    ] Total time for which application threads were stopped: 0.0010288 seconds, Stopping threads took: 0.0005436 seconds
[2019-10-14T08:15:22.214+0000][1][safepoint    ] Application time: 1.0008789 seconds
[2019-10-14T08:15:22.215+0000][1][safepoint    ] Entering safepoint region: Cleanup
[2019-10-14T08:15:22.216+0000][1][safepoint    ] Leaving safepoint region
[2019-10-14T08:15:22.216+0000][1][safepoint    ] Total time for which application threads were stopped: 0.0012622 seconds, Stopping threads took: 0.0005033 seconds
[2019-10-14T08:15:23.218+0000][1][safepoint    ] Application time: 1.0003341 seconds
[2019-10-14T08:15:23.219+0000][1][safepoint    ] Entering safepoint region: Cleanup
[2019-10-14T08:15:23.219+0000][1][safepoint    ] Leaving safepoint region
[2019-10-14T08:15:23.220+0000][1][safepoint    ] Total time for which application threads were stopped: 0.0010111 seconds, Stopping threads took: 0.0004664 seconds
[2019-10-14T08:15:24.221+0000][1][safepoint    ] Application time: 1.0010525 seconds
[2019-10-14T08:15:24.222+0000][1][safepoint    ] Entering safepoint region: Cleanup
[2019-10-14T08:15:24.222+0000][1][safepoint    ] Leaving safepoint region
[2019-10-14T08:15:24.223+0000][1][safepoint    ] Total time for which application threads were stopped: 0.0009642 seconds, Stopping threads took: 0.0005066 seconds
[2019-10-14T08:15:25.224+0000][1][safepoint    ] Application time: 1.0004381 seconds
[2019-10-14T08:15:25.224+0000][1][safepoint    ] Entering safepoint region: Cleanup
[2019-10-14T08:15:25.225+0000][1][safepoint    ] Leaving safepoint region
[2019-10-14T08:15:25.225+0000][1][safepoint    ] Total time for which application threads were stopped: 0.0010032 seconds, Stopping threads took: 0.0005005 seconds
[2019-10-14T08:15:26.227+0000][1][safepoint    ] Application time: 1.0009302 seconds
[2019-10-14T08:15:26.227+0000][1][safepoint    ] Entering safepoint region: Cleanup
[2019-10-14T08:15:26.228+0000][1][safepoint    ] Leaving safepoint region
[2019-10-14T08:15:26.228+0000][1][safepoint    ] Total time for which application threads were stopped: 0.0010548 seconds, Stopping threads took: 0.0004526 seconds
[2019-10-14T08:15:27.229+0000][1][safepoint    ] Application time: 1.0004964 seconds
[2019-10-14T08:15:27.230+0000][1][safepoint    ] Entering safepoint region: Cleanup
[2019-10-14T08:15:27.231+0000][1][safepoint    ] Leaving safepoint region
[2019-10-14T08:15:27.231+0000][1][safepoint    ] Total time for which application threads were stopped: 0.0010531 seconds, Stopping threads took: 0.0005385 seconds
[2019-10-14T08:15:28.232+0000][1][safepoint    ] Application time: 1.0005980 seconds
[2019-10-14T08:15:28.233+0000][1][safepoint    ] Entering safepoint region: Cleanup
[2019-10-14T08:15:28.233+0000][1][safepoint    ] Leaving safepoint region
[2019-10-14T08:15:28.234+0000][1][safepoint    ] Total time for which application threads were stopped: 0.0009978 seconds, Stopping threads took: 0.0005539 seconds
[2019-10-14T08:15:29.235+0000][1][safepoint    ] Application time: 1.0003205 seconds
[2019-10-14T08:15:29.235+0000][1][safepoint    ] Entering safepoint region: Cleanup
[2019-10-14T08:15:29.236+0000][1][safepoint    ] Leaving safepoint region
[2019-10-14T08:15:29.237+0000][1][safepoint    ] Total time for which application threads were stopped: 0.0015112 seconds, Stopping threads took: 0.0005523 seconds
[2019-10-14T08:15:30.238+0000][1][safepoint    ] Application time: 1.0008498 seconds
[2019-10-14T08:15:30.238+0000][1][safepoint    ] Entering safepoint region: Cleanup
[2019-10-14T08:15:30.239+0000][1][safepoint    ] Leaving safepoint region
[2019-10-14T08:15:30.239+0000][1][safepoint    ] Total time for which application threads were stopped: 0.0008530 seconds, Stopping threads took: 0.0003665 seconds
[2019-10-14T08:15:31.240+0000][1][safepoint    ] Application time: 1.0006354 seconds
[2019-10-14T08:15:31.241+0000][1][safepoint    ] Entering safepoint region: Cleanup
[2019-10-14T08:15:31.242+0000][1][safepoint    ] Leaving safepoint region
[2019-10-14T08:15:31.242+0000][1][safepoint    ] Total time for which application threads were stopped: 0.0011766 seconds, Stopping threads took: 0.0006464 seconds
[2019-10-14T08:15:32.243+0000][1][safepoint    ] Application time: 1.0005677 seconds
[2019-10-14T08:15:32.244+0000][1][safepoint    ] Entering safepoint region: Cleanup
[2019-10-14T08:15:32.244+0000][1][safepoint    ] Leaving safepoint region
[2019-10-14T08:15:32.244+0000][1][safepoint    ] Total time for which application threads were stopped: 0.0004807 seconds, Stopping threads took: 0.0002200 seconds
[2019-10-14T08:15:33.223+0000][1][safepoint    ] Application time: 1.0002652 seconds
[2019-10-14T08:15:33.224+0000][1][safepoint    ] Entering safepoint region: Cleanup
[2019-10-14T08:15:33.225+0000][1][safepoint    ] Leaving safepoint region
[2019-10-14T08:15:33.225+0000][1][safepoint    ] Total time for which application threads were stopped: 0.0013265 seconds, Stopping threads took: 0.0006935 seconds
[2019-10-14T08:15:34.227+0000][1][safepoint    ] Application time: 1.0009818 seconds
[2019-10-14T08:15:34.227+0000][1][safepoint    ] Entering safepoint region: Cleanup
[2019-10-14T08:15:34.228+0000][1][safepoint    ] Leaving safepoint region
[2019-10-14T08:15:34.229+0000][1][safepoint    ] Total time for which application threads were stopped: 0.0019641 seconds, Stopping threads took: 0.0005931 seconds
[2019-10-14T08:15:35.231+0000][1][safepoint    ] Application time: 1.0003017 seconds
[2019-10-14T08:15:35.231+0000][1][safepoint    ] Entering safepoint region: Cleanup
[2019-10-14T08:15:35.232+0000][1][safepoint    ] Leaving safepoint region
[2019-10-14T08:15:35.233+0000][1][safepoint    ] Total time for which application threads were stopped: 0.0011369 seconds, Stopping threads took: 0.0006392 seconds
[2019-10-14T08:15:36.234+0000][1][safepoint    ] Application time: 1.0009221 seconds
[2019-10-14T08:15:36.234+0000][1][safepoint    ] Entering safepoint region: Cleanup
[2019-10-14T08:15:36.235+0000][1][safepoint    ] Leaving safepoint region
[2019-10-14T08:15:36.235+0000][1][safepoint    ] Total time for which application threads were stopped: 0.0008684 seconds, Stopping threads took: 0.0004592 seconds
[2019-10-14T08:15:37.022+0000][1][safepoint    ] Application time: 0.7860161 seconds
[2019-10-14T08:15:37.023+0000][1][safepoint    ] Entering safepoint region: GenCollectForAllocation
[2019-10-14T08:15:37.023+0000][1][gc,start     ] GC(61) Pause Young (Allocation Failure)
[2019-10-14T08:15:37.024+0000][1][gc,task      ] GC(61) Using 2 workers of 2 for evacuation
[2019-10-14T08:15:37.027+0000][1][gc,age       ] GC(61) Desired survivor size 4456448 bytes, new threshold 6 (max threshold 6)
[2019-10-14T08:15:37.028+0000][1][gc,age       ] GC(61) Age table with threshold 6 (max threshold 6)
[2019-10-14T08:15:37.028+0000][1][gc,age       ] GC(61) - age   1:      16320 bytes,      16320 total
[2019-10-14T08:15:37.029+0000][1][gc,age       ] GC(61) - age   2:      29752 bytes,      46072 total
[2019-10-14T08:15:37.029+0000][1][gc,age       ] GC(61) - age   3:      17504 bytes,      63576 total
[2019-10-14T08:15:37.030+0000][1][gc,age       ] GC(61) - age   4:        296 bytes,      63872 total
[2019-10-14T08:15:37.030+0000][1][gc,age       ] GC(61) - age   5:      22256 bytes,      86128 total
[2019-10-14T08:15:37.030+0000][1][gc,age       ] GC(61) - age   6:     296136 bytes,     382264 total
[2019-10-14T08:15:37.031+0000][1][gc,heap      ] GC(61) ParNew: 70453K->427K(78656K)
[2019-10-14T08:15:37.031+0000][1][gc,heap      ] GC(61) CMS: 81308K->81327K(174784K)
[2019-10-14T08:15:37.031+0000][1][gc,metaspace ] GC(61) Metaspace: 84084K->84084K(1126400K)
[2019-10-14T08:15:37.032+0000][1][gc           ] GC(61) Pause Young (Allocation Failure) 148M->79M(247M) 8.652ms
[2019-10-14T08:15:37.032+0000][1][gc,cpu       ] GC(61) User=0.01s Sys=0.00s Real=0.01s
[2019-10-14T08:15:37.033+0000][1][safepoint    ] Leaving safepoint region
[2019-10-14T08:15:37.033+0000][1][safepoint    ] Total time for which application threads were stopped: 0.0104735 seconds, Stopping threads took: 0.0005259 seconds
[2019-10-14T08:15:38.034+0000][1][safepoint    ] Application time: 1.0003967 seconds
[2019-10-14T08:15:38.034+0000][1][safepoint    ] Entering safepoint region: Cleanup
[2019-10-14T08:15:38.035+0000][1][safepoint    ] Leaving safepoint region
[2019-10-14T08:15:38.035+0000][1][safepoint    ] Total time for which application threads were stopped: 0.0007539 seconds, Stopping threads took: 0.0003076 seconds
[2019-10-14T08:15:39.035+0000][1][safepoint    ] Application time: 1.0002019 seconds
[2019-10-14T08:15:39.036+0000][1][safepoint    ] Entering safepoint region: Cleanup
[2019-10-14T08:15:39.036+0000][1][safepoint    ] Leaving safepoint region
[2019-10-14T08:15:39.037+0000][1][safepoint    ] Total time for which application threads were stopped: 0.0007627 seconds, Stopping threads took: 0.0003491 seconds
[2019-10-14T08:15:40.038+0000][1][safepoint    ] Application time: 1.0008154 seconds
[2019-10-14T08:15:40.039+0000][1][safepoint    ] Entering safepoint region: Cleanup
[2019-10-14T08:15:40.039+0000][1][safepoint    ] Leaving safepoint region
[2019-10-14T08:15:40.040+0000][1][safepoint    ] Total time for which application threads were stopped: 0.0014473 seconds, Stopping threads took: 0.0008609 seconds
[2019-10-14T08:15:41.041+0000][1][safepoint    ] Application time: 1.0001787 seconds
[2019-10-14T08:15:41.041+0000][1][safepoint    ] Entering safepoint region: Cleanup
[2019-10-14T08:15:41.042+0000][1][safepoint    ] Leaving safepoint region
[2019-10-14T08:15:41.042+0000][1][safepoint    ] Total time for which application threads were stopped: 0.0014340 seconds, Stopping threads took: 0.0004463 seconds
[2019-10-14T08:15:42.043+0000][1][safepoint    ] Application time: 1.0002609 seconds
[2019-10-14T08:15:42.045+0000][1][safepoint    ] Entering safepoint region: Cleanup
[2019-10-14T08:15:42.045+0000][1][safepoint    ] Leaving safepoint region
[2019-10-14T08:15:42.046+0000][1][safepoint    ] Total time for which application threads were stopped: 0.0011192 seconds, Stopping threads took: 0.0005529 seconds
[2019-10-14T08:15:43.046+0000][1][safepoint    ] Application time: 1.0002169 seconds
[2019-10-14T08:15:43.047+0000][1][safepoint    ] Entering safepoint region: Cleanup
[2019-10-14T08:15:43.047+0000][1][safepoint    ] Leaving safepoint region
[2019-10-14T08:15:43.048+0000][1][safepoint    ] Total time for which application threads were stopped: 0.0009788 seconds, Stopping threads took: 0.0004894 seconds
[2019-10-14T08:15:44.049+0000][1][safepoint    ] Application time: 1.0001087 seconds
[2019-10-14T08:15:44.049+0000][1][safepoint    ] Entering safepoint region: Cleanup
[2019-10-14T08:15:44.049+0000][1][safepoint    ] Leaving safepoint region
[2019-10-14T08:15:44.050+0000][1][safepoint    ] Total time for which application threads were stopped: 0.0005982 seconds, Stopping threads took: 0.0003069 seconds
[2019-10-14T08:15:45.050+0000][1][safepoint    ] Application time: 1.0001681 seconds
[2019-10-14T08:15:45.050+0000][1][safepoint    ] Entering safepoint region: Cleanup
[2019-10-14T08:15:45.051+0000][1][safepoint    ] Leaving safepoint region
[2019-10-14T08:15:45.051+0000][1][safepoint    ] Total time for which application threads were stopped: 0.0007942 seconds, Stopping threads took: 0.0003380 seconds
[2019-10-14T08:15:46.052+0000][1][safepoint    ] Application time: 1.0003430 seconds
[2019-10-14T08:15:46.052+0000][1][safepoint    ] Entering safepoint region: Cleanup
[2019-10-14T08:15:46.053+0000][1][safepoint    ] Leaving safepoint region
[2019-10-14T08:15:46.053+0000][1][safepoint    ] Total time for which application threads were stopped: 0.0006838 seconds, Stopping threads took: 0.0002344 seconds
[2019-10-14T08:15:47.054+0000][1][safepoint    ] Application time: 1.0004806 seconds
[2019-10-14T08:15:47.054+0000][1][safepoint    ] Entering safepoint region: Cleanup
[2019-10-14T08:15:47.055+0000][1][safepoint    ] Leaving safepoint region
[2019-10-14T08:15:47.055+0000][1][safepoint    ] Total time for which application threads were stopped: 0.0008802 seconds, Stopping threads took: 0.0003221 seconds
[2019-10-14T08:15:48.056+0000][1][safepoint    ] Application time: 1.0003461 seconds
[2019-10-14T08:15:48.057+0000][1][safepoint    ] Entering safepoint region: Cleanup
[2019-10-14T08:15:48.057+0000][1][safepoint    ] Leaving safepoint region
[2019-10-14T08:15:48.058+0000][1][safepoint    ] Total time for which application threads were stopped: 0.0016795 seconds, Stopping threads took: 0.0007835 seconds
[2019-10-14T08:15:49.059+0000][1][safepoint    ] Application time: 1.0002639 seconds
[2019-10-14T08:15:49.060+0000][1][safepoint    ] Entering safepoint region: Cleanup
[2019-10-14T08:15:49.061+0000][1][safepoint    ] Leaving safepoint region
[2019-10-14T08:15:49.061+0000][1][safepoint    ] Total time for which application threads were stopped: 0.0009393 seconds, Stopping threads took: 0.0003583 seconds
[2019-10-14T08:15:50.061+0000][1][safepoint    ] Application time: 1.0001218 seconds
[2019-10-14T08:15:50.064+0000][1][safepoint    ] Entering safepoint region: Cleanup
[2019-10-14T08:15:50.067+0000][1][safepoint    ] Leaving safepoint region
[2019-10-14T08:15:50.068+0000][1][safepoint    ] Total time for which application threads were stopped: 0.0040586 seconds, Stopping threads took: 0.0029633 seconds
[2019-10-14T08:15:51.069+0000][1][safepoint    ] Application time: 1.0006182 seconds
[2019-10-14T08:15:51.070+0000][1][safepoint    ] Entering safepoint region: Cleanup
[2019-10-14T08:15:51.071+0000][1][safepoint    ] Leaving safepoint region
[2019-10-14T08:15:51.073+0000][1][safepoint    ] Total time for which application threads were stopped: 0.0035809 seconds, Stopping threads took: 0.0006793 seconds
[2019-10-14T08:15:52.075+0000][1][safepoint    ] Application time: 1.0005996 seconds
[2019-10-14T08:15:52.076+0000][1][safepoint    ] Entering safepoint region: Cleanup
[2019-10-14T08:15:52.077+0000][1][safepoint    ] Leaving safepoint region
[2019-10-14T08:15:52.077+0000][1][safepoint    ] Total time for which application threads were stopped: 0.0013069 seconds, Stopping threads took: 0.0007096 seconds
[2019-10-14T08:15:53.079+0000][1][safepoint    ] Application time: 1.0008096 seconds
[2019-10-14T08:15:53.082+0000][1][safepoint    ] Entering safepoint region: Cleanup
[2019-10-14T08:15:53.087+0000][1][safepoint    ] Leaving safepoint region
[2019-10-14T08:15:53.091+0000][1][safepoint    ] Total time for which application threads were stopped: 0.0086432 seconds, Stopping threads took: 0.0044081 seconds
[2019-10-14T08:15:54.092+0000][1][safepoint    ] Application time: 1.0003349 seconds
[2019-10-14T08:15:54.093+0000][1][safepoint    ] Entering safepoint region: Cleanup
[2019-10-14T08:15:54.093+0000][1][safepoint    ] Leaving safepoint region
[2019-10-14T08:15:54.094+0000][1][safepoint    ] Total time for which application threads were stopped: 0.0016113 seconds, Stopping threads took: 0.0008441 seconds
[2019-10-14T08:15:55.095+0000][1][safepoint    ] Application time: 1.0006912 seconds
[2019-10-14T08:15:55.097+0000][1][safepoint    ] Entering safepoint region: Cleanup
[2019-10-14T08:15:55.098+0000][1][safepoint    ] Leaving safepoint region
[2019-10-14T08:15:55.098+0000][1][safepoint    ] Total time for which application threads were stopped: 0.0016948 seconds, Stopping threads took: 0.0008435 seconds
[2019-10-14T08:15:56.100+0000][1][safepoint    ] Application time: 1.0003195 seconds
[2019-10-14T08:15:56.101+0000][1][safepoint    ] Entering safepoint region: Cleanup
[2019-10-14T08:15:56.102+0000][1][safepoint    ] Leaving safepoint region
[2019-10-14T08:15:56.102+0000][1][safepoint    ] Total time for which application threads were stopped: 0.0011458 seconds, Stopping threads took: 0.0005770 seconds
[2019-10-14T08:15:57.104+0000][1][safepoint    ] Application time: 1.0014391 seconds
[2019-10-14T08:15:57.105+0000][1][safepoint    ] Entering safepoint region: Cleanup
[2019-10-14T08:15:57.106+0000][1][safepoint    ] Leaving safepoint region
[2019-10-14T08:15:57.107+0000][1][safepoint    ] Total time for which application threads were stopped: 0.0017623 seconds, Stopping threads took: 0.0009324 seconds
[2019-10-14T08:15:58.112+0000][1][safepoint    ] Application time: 1.0047890 seconds
[2019-10-14T08:15:58.114+0000][1][safepoint    ] Entering safepoint region: Cleanup
[2019-10-14T08:15:58.115+0000][1][safepoint    ] Leaving safepoint region
[2019-10-14T08:15:58.115+0000][1][safepoint    ] Total time for which application threads were stopped: 0.0016676 seconds, Stopping threads took: 0.0008845 seconds
[2019-10-14T08:15:59.117+0000][1][safepoint    ] Application time: 1.0004749 seconds
[2019-10-14T08:15:59.118+0000][1][safepoint    ] Entering safepoint region: Cleanup
[2019-10-14T08:15:59.118+0000][1][safepoint    ] Leaving safepoint region
[2019-10-14T08:15:59.119+0000][1][safepoint    ] Total time for which application threads were stopped: 0.0012343 seconds, Stopping threads took: 0.0006501 seconds
[2019-10-14T08:16:00.120+0000][1][safepoint    ] Application time: 1.0004071 seconds
[2019-10-14T08:16:00.120+0000][1][safepoint    ] Entering safepoint region: Cleanup
[2019-10-14T08:16:00.121+0000][1][safepoint    ] Leaving safepoint region
[2019-10-14T08:16:00.121+0000][1][safepoint    ] Total time for which application threads were stopped: 0.0009900 seconds, Stopping threads took: 0.0004535 seconds
[2019-10-14T08:16:01.122+0000][1][safepoint    ] Application time: 1.0007684 seconds
[2019-10-14T08:16:01.124+0000][1][safepoint    ] Entering safepoint region: Cleanup
[2019-10-14T08:16:01.125+0000][1][safepoint    ] Leaving safepoint region
[2019-10-14T08:16:01.127+0000][1][safepoint    ] Total time for which application threads were stopped: 0.0025640 seconds, Stopping threads took: 0.0013026 seconds
[2019-10-14T08:16:02.130+0000][1][safepoint    ] Application time: 1.0021307 seconds
[2019-10-14T08:16:02.131+0000][1][safepoint    ] Entering safepoint region: Cleanup
[2019-10-14T08:16:02.131+0000][1][safepoint    ] Leaving safepoint region
[2019-10-14T08:16:02.132+0000][1][safepoint    ] Total time for which application threads were stopped: 0.0014550 seconds, Stopping threads took: 0.0007114 seconds
[2019-10-14T08:16:03.112+0000][1][safepoint    ] Application time: 1.0002292 seconds
[2019-10-14T08:16:03.113+0000][1][safepoint    ] Entering safepoint region: Cleanup
[2019-10-14T08:16:03.118+0000][1][safepoint    ] Leaving safepoint region
[2019-10-14T08:16:03.121+0000][1][safepoint    ] Total time for which application threads were stopped: 0.0073858 seconds, Stopping threads took: 0.0042721 seconds
[2019-10-14T08:16:04.122+0000][1][safepoint    ] Application time: 1.0012657 seconds
[2019-10-14T08:16:04.123+0000][1][safepoint    ] Entering safepoint region: Cleanup
[2019-10-14T08:16:04.124+0000][1][safepoint    ] Leaving safepoint region
[2019-10-14T08:16:04.124+0000][1][safepoint    ] Total time for which application threads were stopped: 0.0012399 seconds, Stopping threads took: 0.0006598 seconds
[2019-10-14T08:16:05.126+0000][1][safepoint    ] Application time: 1.0008336 seconds
[2019-10-14T08:16:05.126+0000][1][safepoint    ] Entering safepoint region: Cleanup
[2019-10-14T08:16:05.127+0000][1][safepoint    ] Leaving safepoint region
[2019-10-14T08:16:05.127+0000][1][safepoint    ] Total time for which application threads were stopped: 0.0008018 seconds, Stopping threads took: 0.0003870 seconds
[2019-10-14T08:16:06.128+0000][1][safepoint    ] Application time: 1.0005214 seconds
[2019-10-14T08:16:06.129+0000][1][safepoint    ] Entering safepoint region: Cleanup
[2019-10-14T08:16:06.130+0000][1][safepoint    ] Leaving safepoint region
[2019-10-14T08:16:06.131+0000][1][safepoint    ] Total time for which application threads were stopped: 0.0016033 seconds, Stopping threads took: 0.0007926 seconds
[2019-10-14T08:16:07.132+0000][1][safepoint    ] Application time: 1.0004905 seconds
[2019-10-14T08:16:07.133+0000][1][safepoint    ] Entering safepoint region: Cleanup
[2019-10-14T08:16:07.134+0000][1][safepoint    ] Leaving safepoint region
[2019-10-14T08:16:07.135+0000][1][safepoint    ] Total time for which application threads were stopped: 0.0014462 seconds, Stopping threads took: 0.0006357 seconds
[2019-10-14T08:16:08.136+0000][1][safepoint    ] Application time: 1.0004305 seconds
[2019-10-14T08:16:08.136+0000][1][safepoint    ] Entering safepoint region: Cleanup
[2019-10-14T08:16:08.137+0000][1][safepoint    ] Leaving safepoint region
[2019-10-14T08:16:08.137+0000][1][safepoint    ] Total time for which application threads were stopped: 0.0010764 seconds, Stopping threads took: 0.0006504 seconds
[2019-10-14T08:16:09.138+0000][1][safepoint    ] Application time: 1.0004672 seconds
[2019-10-14T08:16:09.140+0000][1][safepoint    ] Entering safepoint region: Cleanup
[2019-10-14T08:16:09.140+0000][1][safepoint    ] Leaving safepoint region
[2019-10-14T08:16:09.141+0000][1][safepoint    ] Total time for which application threads were stopped: 0.0012286 seconds, Stopping threads took: 0.0005566 seconds
[2019-10-14T08:16:10.143+0000][1][safepoint    ] Application time: 1.0014074 seconds
[2019-10-14T08:16:10.144+0000][1][safepoint    ] Entering safepoint region: Cleanup
[2019-10-14T08:16:10.144+0000][1][safepoint    ] Leaving safepoint region
[2019-10-14T08:16:10.145+0000][1][safepoint    ] Total time for which application threads were stopped: 0.0012885 seconds, Stopping threads took: 0.0005963 seconds
[2019-10-14T08:16:11.146+0000][1][safepoint    ] Application time: 1.0010175 seconds
[2019-10-14T08:16:11.147+0000][1][safepoint    ] Entering safepoint region: Cleanup
[2019-10-14T08:16:11.147+0000][1][safepoint    ] Leaving safepoint region
[2019-10-14T08:16:11.148+0000][1][safepoint    ] Total time for which application threads were stopped: 0.0009307 seconds, Stopping threads took: 0.0004563 seconds
[2019-10-14T08:16:12.149+0000][1][safepoint    ] Application time: 1.0006632 seconds
[2019-10-14T08:16:12.150+0000][1][safepoint    ] Entering safepoint region: Cleanup
[2019-10-14T08:16:12.151+0000][1][safepoint    ] Leaving safepoint region
[2019-10-14T08:16:12.152+0000][1][safepoint    ] Total time for which application threads were stopped: 0.0021456 seconds, Stopping threads took: 0.0007951 seconds
[2019-10-14T08:16:13.154+0000][1][safepoint    ] Application time: 1.0013064 seconds
[2019-10-14T08:16:13.155+0000][1][safepoint    ] Entering safepoint region: Cleanup
[2019-10-14T08:16:13.156+0000][1][safepoint    ] Leaving safepoint region
[2019-10-14T08:16:13.156+0000][1][safepoint    ] Total time for which application threads were stopped: 0.0009333 seconds, Stopping threads took: 0.0004917 seconds
[2019-10-14T08:16:14.159+0000][1][safepoint    ] Application time: 1.0023200 seconds
[2019-10-14T08:16:14.160+0000][1][safepoint    ] Entering safepoint region: Cleanup
[2019-10-14T08:16:14.161+0000][1][safepoint    ] Leaving safepoint region
[2019-10-14T08:16:14.163+0000][1][safepoint    ] Total time for which application threads were stopped: 0.0031725 seconds, Stopping threads took: 0.0008101 seconds
[2019-10-14T08:16:15.164+0000][1][safepoint    ] Application time: 1.0005220 seconds
[2019-10-14T08:16:15.165+0000][1][safepoint    ] Entering safepoint region: Cleanup
[2019-10-14T08:16:15.166+0000][1][safepoint    ] Leaving safepoint region
[2019-10-14T08:16:15.166+0000][1][safepoint    ] Total time for which application threads were stopped: 0.0015584 seconds, Stopping threads took: 0.0007920 seconds
[2019-10-14T08:16:16.167+0000][1][safepoint    ] Application time: 1.0000717 seconds
[2019-10-14T08:16:16.167+0000][1][safepoint    ] Entering safepoint region: Cleanup
[2019-10-14T08:16:16.168+0000][1][safepoint    ] Leaving safepoint region
[2019-10-14T08:16:16.169+0000][1][safepoint    ] Total time for which application threads were stopped: 0.0019206 seconds, Stopping threads took: 0.0004646 seconds
[2019-10-14T08:16:17.173+0000][1][safepoint    ] Application time: 1.0023077 seconds
[2019-10-14T08:16:17.175+0000][1][safepoint    ] Entering safepoint region: Cleanup
[2019-10-14T08:16:17.175+0000][1][safepoint    ] Leaving safepoint region
[2019-10-14T08:16:17.176+0000][1][safepoint    ] Total time for which application threads were stopped: 0.0008930 seconds, Stopping threads took: 0.0003739 seconds
[2019-10-14T08:16:18.179+0000][1][safepoint    ] Application time: 1.0029834 seconds
[2019-10-14T08:16:18.180+0000][1][safepoint    ] Entering safepoint region: Cleanup
[2019-10-14T08:16:18.181+0000][1][safepoint    ] Leaving safepoint region
[2019-10-14T08:16:18.181+0000][1][safepoint    ] Total time for which application threads were stopped: 0.0011825 seconds, Stopping threads took: 0.0006427 seconds
[2019-10-14T08:16:19.182+0000][1][safepoint    ] Application time: 1.0004326 seconds
[2019-10-14T08:16:19.183+0000][1][safepoint    ] Entering safepoint region: Cleanup
[2019-10-14T08:16:19.184+0000][1][safepoint    ] Leaving safepoint region
[2019-10-14T08:16:19.184+0000][1][safepoint    ] Total time for which application threads were stopped: 0.0013115 seconds, Stopping threads took: 0.0006615 seconds
[2019-10-14T08:16:20.187+0000][1][safepoint    ] Application time: 1.0017444 seconds
[2019-10-14T08:16:20.187+0000][1][safepoint    ] Entering safepoint region: Cleanup
[2019-10-14T08:16:20.188+0000][1][safepoint    ] Leaving safepoint region
[2019-10-14T08:16:20.189+0000][1][safepoint    ] Total time for which application threads were stopped: 0.0011498 seconds, Stopping threads took: 0.0005675 seconds
[2019-10-14T08:16:21.192+0000][1][safepoint    ] Application time: 1.0024970 seconds
[2019-10-14T08:16:21.192+0000][1][safepoint    ] Entering safepoint region: Cleanup
[2019-10-14T08:16:21.193+0000][1][safepoint    ] Leaving safepoint region
[2019-10-14T08:16:21.194+0000][1][safepoint    ] Total time for which application threads were stopped: 0.0013652 seconds, Stopping threads took: 0.0006678 seconds
[2019-10-14T08:16:22.197+0000][1][safepoint    ] Application time: 1.0030867 seconds
[2019-10-14T08:16:22.198+0000][1][safepoint    ] Entering safepoint region: Cleanup
[2019-10-14T08:16:22.199+0000][1][safepoint    ] Leaving safepoint region
[2019-10-14T08:16:22.200+0000][1][safepoint    ] Total time for which application threads were stopped: 0.0014080 seconds, Stopping threads took: 0.0006156 seconds
[2019-10-14T08:16:23.201+0000][1][safepoint    ] Application time: 1.0005705 seconds
[2019-10-14T08:16:23.202+0000][1][safepoint    ] Entering safepoint region: Cleanup
[2019-10-14T08:16:23.203+0000][1][safepoint    ] Leaving safepoint region
[2019-10-14T08:16:23.203+0000][1][safepoint    ] Total time for which application threads were stopped: 0.0013590 seconds, Stopping threads took: 0.0007240 seconds
[2019-10-14T08:16:24.205+0000][1][safepoint    ] Application time: 1.0009560 seconds
[2019-10-14T08:16:24.206+0000][1][safepoint    ] Entering safepoint region: Cleanup
[2019-10-14T08:16:24.206+0000][1][safepoint    ] Leaving safepoint region
[2019-10-14T08:16:24.207+0000][1][safepoint    ] Total time for which application threads were stopped: 0.0014656 seconds, Stopping threads took: 0.0007385 seconds
[2019-10-14T08:16:25.211+0000][1][safepoint    ] Application time: 1.0032490 seconds
[2019-10-14T08:16:25.212+0000][1][safepoint    ] Entering safepoint region: Cleanup
[2019-10-14T08:16:25.213+0000][1][safepoint    ] Leaving safepoint region
[2019-10-14T08:16:25.213+0000][1][safepoint    ] Total time for which application threads were stopped: 0.0013381 seconds, Stopping threads took: 0.0006699 seconds
[2019-10-14T08:16:26.215+0000][1][safepoint    ] Application time: 1.0010893 seconds
[2019-10-14T08:16:26.216+0000][1][safepoint    ] Entering safepoint region: Cleanup
[2019-10-14T08:16:26.216+0000][1][safepoint    ] Leaving safepoint region
[2019-10-14T08:16:26.217+0000][1][safepoint    ] Total time for which application threads were stopped: 0.0013161 seconds, Stopping threads took: 0.0006193 seconds
[2019-10-14T08:16:27.218+0000][1][safepoint    ] Application time: 1.0005331 seconds
[2019-10-14T08:16:27.220+0000][1][safepoint    ] Entering safepoint region: Cleanup
[2019-10-14T08:16:27.221+0000][1][safepoint    ] Leaving safepoint region
[2019-10-14T08:16:27.222+0000][1][safepoint    ] Total time for which application threads were stopped: 0.0015011 seconds, Stopping threads took: 0.0009127 seconds
[2019-10-14T08:16:28.225+0000][1][safepoint    ] Application time: 1.0020313 seconds
[2019-10-14T08:16:28.226+0000][1][safepoint    ] Entering safepoint region: Cleanup
[2019-10-14T08:16:28.226+0000][1][safepoint    ] Leaving safepoint region
[2019-10-14T08:16:28.227+0000][1][safepoint    ] Total time for which application threads were stopped: 0.0017440 seconds, Stopping threads took: 0.0008205 seconds
[2019-10-14T08:16:29.229+0000][1][safepoint    ] Application time: 1.0014801 seconds
[2019-10-14T08:16:29.230+0000][1][safepoint    ] Entering safepoint region: Cleanup
[2019-10-14T08:16:29.231+0000][1][safepoint    ] Leaving safepoint region
[2019-10-14T08:16:29.231+0000][1][safepoint    ] Total time for which application threads were stopped: 0.0012476 seconds, Stopping threads took: 0.0005275 seconds
[2019-10-14T08:16:30.233+0000][1][safepoint    ] Application time: 1.0010828 seconds
[2019-10-14T08:16:30.234+0000][1][safepoint    ] Entering safepoint region: Cleanup
[2019-10-14T08:16:30.234+0000][1][safepoint    ] Leaving safepoint region
[2019-10-14T08:16:30.235+0000][1][safepoint    ] Total time for which application threads were stopped: 0.0011610 seconds, Stopping threads took: 0.0005606 seconds
[2019-10-14T08:16:31.239+0000][1][safepoint    ] Application time: 1.0033553 seconds
[2019-10-14T08:16:31.239+0000][1][safepoint    ] Entering safepoint region: Cleanup
[2019-10-14T08:16:31.240+0000][1][safepoint    ] Leaving safepoint region
[2019-10-14T08:16:31.240+0000][1][safepoint    ] Total time for which application threads were stopped: 0.0010381 seconds, Stopping threads took: 0.0004666 seconds
[2019-10-14T08:16:32.241+0000][1][safepoint    ] Application time: 1.0003559 seconds
[2019-10-14T08:16:32.242+0000][1][safepoint    ] Entering safepoint region: Cleanup
[2019-10-14T08:16:32.243+0000][1][safepoint    ] Leaving safepoint region
[2019-10-14T08:16:32.244+0000][1][safepoint    ] Total time for which application threads were stopped: 0.0015093 seconds, Stopping threads took: 0.0007292 seconds
[2019-10-14T08:16:33.226+0000][1][safepoint    ] Application time: 1.0035675 seconds
[2019-10-14T08:16:33.227+0000][1][safepoint    ] Entering safepoint region: Cleanup
[2019-10-14T08:16:33.228+0000][1][safepoint    ] Leaving safepoint region
[2019-10-14T08:16:33.228+0000][1][safepoint    ] Total time for which application threads were stopped: 0.0010329 seconds, Stopping threads took: 0.0004931 seconds
[2019-10-14T08:16:34.229+0000][1][safepoint    ] Application time: 1.0005319 seconds
[2019-10-14T08:16:34.243+0000][1][safepoint    ] Entering safepoint region: Cleanup
[2019-10-14T08:16:34.250+0000][1][safepoint    ] Leaving safepoint region
[2019-10-14T08:16:34.252+0000][1][safepoint    ] Total time for which application threads were stopped: 0.0086861 seconds, Stopping threads took: 0.0065222 seconds
[2019-10-14T08:16:35.254+0000][1][safepoint    ] Application time: 1.0010010 seconds
[2019-10-14T08:16:35.255+0000][1][safepoint    ] Entering safepoint region: Cleanup
[2019-10-14T08:16:35.255+0000][1][safepoint    ] Leaving safepoint region
[2019-10-14T08:16:35.256+0000][1][safepoint    ] Total time for which application threads were stopped: 0.0013101 seconds, Stopping threads took: 0.0005744 seconds
[2019-10-14T08:16:36.257+0000][1][safepoint    ] Application time: 1.0002151 seconds
[2019-10-14T08:16:36.258+0000][1][safepoint    ] Entering safepoint region: Cleanup
[2019-10-14T08:16:36.258+0000][1][safepoint    ] Leaving safepoint region
[2019-10-14T08:16:36.259+0000][1][safepoint    ] Total time for which application threads were stopped: 0.0010766 seconds, Stopping threads took: 0.0005968 seconds
[2019-10-14T08:16:37.260+0000][1][safepoint    ] Application time: 1.0006329 seconds
[2019-10-14T08:16:37.261+0000][1][safepoint    ] Entering safepoint region: Cleanup
[2019-10-14T08:16:37.262+0000][1][safepoint    ] Leaving safepoint region
[2019-10-14T08:16:37.262+0000][1][safepoint    ] Total time for which application threads were stopped: 0.0012424 seconds, Stopping threads took: 0.0006361 seconds
[2019-10-14T08:16:38.263+0000][1][safepoint    ] Application time: 1.0004969 seconds
[2019-10-14T08:16:38.264+0000][1][safepoint    ] Entering safepoint region: Cleanup
[2019-10-14T08:16:38.265+0000][1][safepoint    ] Leaving safepoint region
[2019-10-14T08:16:38.265+0000][1][safepoint    ] Total time for which application threads were stopped: 0.0013164 seconds, Stopping threads took: 0.0007078 seconds
[2019-10-14T08:16:39.266+0000][1][safepoint    ] Application time: 1.0001346 seconds
[2019-10-14T08:16:39.267+0000][1][safepoint    ] Entering safepoint region: Cleanup
[2019-10-14T08:16:39.268+0000][1][safepoint    ] Leaving safepoint region
[2019-10-14T08:16:39.268+0000][1][safepoint    ] Total time for which application threads were stopped: 0.0014227 seconds, Stopping threads took: 0.0006522 seconds
[2019-10-14T08:16:40.269+0000][1][safepoint    ] Application time: 1.0004720 seconds
[2019-10-14T08:16:40.270+0000][1][safepoint    ] Entering safepoint region: Cleanup
[2019-10-14T08:16:40.271+0000][1][safepoint    ] Leaving safepoint region
[2019-10-14T08:16:40.272+0000][1][safepoint    ] Total time for which application threads were stopped: 0.0014081 seconds, Stopping threads took: 0.0006309 seconds
[2019-10-14T08:16:41.404+0000][1][safepoint    ] Application time: 1.1319589 seconds
[2019-10-14T08:16:41.405+0000][1][safepoint    ] Entering safepoint region: Cleanup
[2019-10-14T08:16:41.406+0000][1][safepoint    ] Leaving safepoint region
[2019-10-14T08:16:41.406+0000][1][safepoint    ] Total time for which application threads were stopped: 0.0012888 seconds, Stopping threads took: 0.0007626 seconds
[2019-10-14T08:16:42.407+0000][1][safepoint    ] Application time: 1.0002577 seconds
[2019-10-14T08:16:42.408+0000][1][safepoint    ] Entering safepoint region: Cleanup
[2019-10-14T08:16:42.409+0000][1][safepoint    ] Leaving safepoint region
[2019-10-14T08:16:42.409+0000][1][safepoint    ] Total time for which application threads were stopped: 0.0010463 seconds, Stopping threads took: 0.0004543 seconds
[2019-10-14T08:16:43.414+0000][1][safepoint    ] Application time: 1.0044318 seconds
[2019-10-14T08:16:43.415+0000][1][safepoint    ] Entering safepoint region: Cleanup
[2019-10-14T08:16:43.415+0000][1][safepoint    ] Leaving safepoint region
[2019-10-14T08:16:43.416+0000][1][safepoint    ] Total time for which application threads were stopped: 0.0012720 seconds, Stopping threads took: 0.0006037 seconds
[2019-10-14T08:16:44.417+0000][1][safepoint    ] Application time: 1.0005209 seconds
[2019-10-14T08:16:44.418+0000][1][safepoint    ] Entering safepoint region: Cleanup
[2019-10-14T08:16:44.418+0000][1][safepoint    ] Leaving safepoint region
[2019-10-14T08:16:44.419+0000][1][safepoint    ] Total time for which application threads were stopped: 0.0014731 seconds, Stopping threads took: 0.0006357 seconds
[2019-10-14T08:16:45.420+0000][1][safepoint    ] Application time: 1.0002839 seconds
[2019-10-14T08:16:45.420+0000][1][safepoint    ] Entering safepoint region: Cleanup
[2019-10-14T08:16:45.421+0000][1][safepoint    ] Leaving safepoint region
[2019-10-14T08:16:45.421+0000][1][safepoint    ] Total time for which application threads were stopped: 0.0008136 seconds, Stopping threads took: 0.0004172 seconds
[2019-10-14T08:16:46.422+0000][1][safepoint    ] Application time: 1.0002109 seconds
[2019-10-14T08:16:46.422+0000][1][safepoint    ] Entering safepoint region: Cleanup
[2019-10-14T08:16:46.423+0000][1][safepoint    ] Leaving safepoint region
[2019-10-14T08:16:46.423+0000][1][safepoint    ] Total time for which application threads were stopped: 0.0009058 seconds, Stopping threads took: 0.0003578 seconds
[2019-10-14T08:16:47.424+0000][1][safepoint    ] Application time: 1.0004620 seconds
[2019-10-14T08:16:47.425+0000][1][safepoint    ] Entering safepoint region: Cleanup
[2019-10-14T08:16:47.425+0000][1][safepoint    ] Leaving safepoint region
[2019-10-14T08:16:47.426+0000][1][safepoint    ] Total time for which application threads were stopped: 0.0011524 seconds, Stopping threads took: 0.0005678 seconds
[2019-10-14T08:16:48.427+0000][1][safepoint    ] Application time: 1.0004238 seconds
[2019-10-14T08:16:48.427+0000][1][safepoint    ] Entering safepoint region: Cleanup
[2019-10-14T08:16:48.428+0000][1][safepoint    ] Leaving safepoint region
[2019-10-14T08:16:48.428+0000][1][safepoint    ] Total time for which application threads were stopped: 0.0010652 seconds, Stopping threads took: 0.0005832 seconds
[2019-10-14T08:16:49.429+0000][1][safepoint    ] Application time: 1.0005181 seconds
[2019-10-14T08:16:49.430+0000][1][safepoint    ] Entering safepoint region: Cleanup
[2019-10-14T08:16:49.431+0000][1][safepoint    ] Leaving safepoint region
[2019-10-14T08:16:49.431+0000][1][safepoint    ] Total time for which application threads were stopped: 0.0013122 seconds, Stopping threads took: 0.0006781 seconds
[2019-10-14T08:16:50.433+0000][1][safepoint    ] Application time: 1.0012345 seconds
[2019-10-14T08:16:50.434+0000][1][safepoint    ] Entering safepoint region: Cleanup
[2019-10-14T08:16:50.434+0000][1][safepoint    ] Leaving safepoint region
[2019-10-14T08:16:50.435+0000][1][safepoint    ] Total time for which application threads were stopped: 0.0011070 seconds, Stopping threads took: 0.0005533 seconds
[2019-10-14T08:16:51.436+0000][1][safepoint    ] Application time: 1.0006056 seconds
[2019-10-14T08:16:51.436+0000][1][safepoint    ] Entering safepoint region: Cleanup
[2019-10-14T08:16:51.437+0000][1][safepoint    ] Leaving safepoint region
[2019-10-14T08:16:51.438+0000][1][safepoint    ] Total time for which application threads were stopped: 0.0013519 seconds, Stopping threads took: 0.0005128 seconds
[2019-10-14T08:16:52.439+0000][1][safepoint    ] Application time: 1.0003434 seconds
[2019-10-14T08:16:52.439+0000][1][safepoint    ] Entering safepoint region: Cleanup
[2019-10-14T08:16:52.440+0000][1][safepoint    ] Leaving safepoint region
[2019-10-14T08:16:52.440+0000][1][safepoint    ] Total time for which application threads were stopped: 0.0011977 seconds, Stopping threads took: 0.0006127 seconds
[2019-10-14T08:16:53.444+0000][1][safepoint    ] Application time: 1.0027055 seconds
[2019-10-14T08:16:53.444+0000][1][safepoint    ] Entering safepoint region: Cleanup
[2019-10-14T08:16:53.445+0000][1][safepoint    ] Leaving safepoint region
[2019-10-14T08:16:53.445+0000][1][safepoint    ] Total time for which application threads were stopped: 0.0009624 seconds, Stopping threads took: 0.0003969 seconds
[2019-10-14T08:16:54.446+0000][1][safepoint    ] Application time: 1.0003227 seconds
[2019-10-14T08:16:54.447+0000][1][safepoint    ] Entering safepoint region: Cleanup
[2019-10-14T08:16:54.447+0000][1][safepoint    ] Leaving safepoint region
[2019-10-14T08:16:54.447+0000][1][safepoint    ] Total time for which application threads were stopped: 0.0008674 seconds, Stopping threads took: 0.0004335 seconds
[2019-10-14T08:16:55.448+0000][1][safepoint    ] Application time: 1.0002348 seconds
[2019-10-14T08:16:55.449+0000][1][safepoint    ] Entering safepoint region: Cleanup
[2019-10-14T08:16:55.449+0000][1][safepoint    ] Leaving safepoint region
[2019-10-14T08:16:55.450+0000][1][safepoint    ] Total time for which application threads were stopped: 0.0009149 seconds, Stopping threads took: 0.0004232 seconds
[2019-10-14T08:16:56.450+0000][1][safepoint    ] Application time: 1.0001752 seconds
[2019-10-14T08:16:56.451+0000][1][safepoint    ] Entering safepoint region: Cleanup
[2019-10-14T08:16:56.452+0000][1][safepoint    ] Leaving safepoint region
[2019-10-14T08:16:56.452+0000][1][safepoint    ] Total time for which application threads were stopped: 0.0014130 seconds, Stopping threads took: 0.0008101 seconds
[2019-10-14T08:16:57.454+0000][1][safepoint    ] Application time: 1.0010064 seconds
[2019-10-14T08:16:57.455+0000][1][safepoint    ] Entering safepoint region: Cleanup
[2019-10-14T08:16:57.455+0000][1][safepoint    ] Leaving safepoint region
[2019-10-14T08:16:57.456+0000][1][safepoint    ] Total time for which application threads were stopped: 0.0012922 seconds, Stopping threads took: 0.0006006 seconds
[2019-10-14T08:16:58.456+0000][1][safepoint    ] Application time: 1.0002483 seconds
[2019-10-14T08:16:58.457+0000][1][safepoint    ] Entering safepoint region: Cleanup
[2019-10-14T08:16:58.458+0000][1][safepoint    ] Leaving safepoint region
[2019-10-14T08:16:58.458+0000][1][safepoint    ] Total time for which application threads were stopped: 0.0010797 seconds, Stopping threads took: 0.0005229 seconds
[2019-10-14T08:16:59.459+0000][1][safepoint    ] Application time: 1.0001610 seconds
[2019-10-14T08:16:59.459+0000][1][safepoint    ] Entering safepoint region: Cleanup
[2019-10-14T08:16:59.460+0000][1][safepoint    ] Leaving safepoint region
[2019-10-14T08:16:59.461+0000][1][safepoint    ] Total time for which application threads were stopped: 0.0012293 seconds, Stopping threads took: 0.0006400 seconds
[2019-10-14T08:17:00.461+0000][1][safepoint    ] Application time: 1.0004061 seconds
[2019-10-14T08:17:00.462+0000][1][safepoint    ] Entering safepoint region: Cleanup
[2019-10-14T08:17:00.463+0000][1][safepoint    ] Leaving safepoint region
[2019-10-14T08:17:00.464+0000][1][safepoint    ] Total time for which application threads were stopped: 0.0016302 seconds, Stopping threads took: 0.0008281 seconds
[2019-10-14T08:17:01.465+0000][1][safepoint    ] Application time: 1.0005766 seconds
[2019-10-14T08:17:01.466+0000][1][safepoint    ] Entering safepoint region: Cleanup
[2019-10-14T08:17:01.466+0000][1][safepoint    ] Leaving safepoint region
[2019-10-14T08:17:01.467+0000][1][safepoint    ] Total time for which application threads were stopped: 0.0010175 seconds, Stopping threads took: 0.0004592 seconds
[2019-10-14T08:17:02.446+0000][1][safepoint    ] Application time: 1.0004431 seconds
[2019-10-14T08:17:02.447+0000][1][safepoint    ] Entering safepoint region: Cleanup
[2019-10-14T08:17:02.447+0000][1][safepoint    ] Leaving safepoint region
[2019-10-14T08:17:02.448+0000][1][safepoint    ] Total time for which application threads were stopped: 0.0012819 seconds, Stopping threads took: 0.0006053 seconds
[2019-10-14T08:17:03.449+0000][1][safepoint    ] Application time: 1.0004622 seconds
[2019-10-14T08:17:03.449+0000][1][safepoint    ] Entering safepoint region: Cleanup
[2019-10-14T08:17:03.450+0000][1][safepoint    ] Leaving safepoint region
[2019-10-14T08:17:03.451+0000][1][safepoint    ] Total time for which application threads were stopped: 0.0012582 seconds, Stopping threads took: 0.0006732 seconds
[2019-10-14T08:17:04.453+0000][1][safepoint    ] Application time: 1.0017091 seconds
[2019-10-14T08:17:04.454+0000][1][safepoint    ] Entering safepoint region: Cleanup
[2019-10-14T08:17:04.454+0000][1][safepoint    ] Leaving safepoint region
[2019-10-14T08:17:04.455+0000][1][safepoint    ] Total time for which application threads were stopped: 0.0018027 seconds, Stopping threads took: 0.0004846 seconds
[2019-10-14T08:17:05.457+0000][1][safepoint    ] Application time: 1.0004342 seconds
[2019-10-14T08:17:05.458+0000][1][safepoint    ] Entering safepoint region: Cleanup
[2019-10-14T08:17:05.459+0000][1][safepoint    ] Leaving safepoint region
[2019-10-14T08:17:05.459+0000][1][safepoint    ] Total time for which application threads were stopped: 0.0012326 seconds, Stopping threads took: 0.0006511 seconds
[2019-10-14T08:17:06.462+0000][1][safepoint    ] Application time: 1.0028582 seconds
[2019-10-14T08:17:06.463+0000][1][safepoint    ] Entering safepoint region: Cleanup
[2019-10-14T08:17:06.464+0000][1][safepoint    ] Leaving safepoint region
[2019-10-14T08:17:06.465+0000][1][safepoint    ] Total time for which application threads were stopped: 0.0011857 seconds, Stopping threads took: 0.0005604 seconds
[2019-10-14T08:17:07.465+0000][1][safepoint    ] Application time: 1.0003069 seconds
[2019-10-14T08:17:07.466+0000][1][safepoint    ] Entering safepoint region: Cleanup
[2019-10-14T08:17:07.467+0000][1][safepoint    ] Leaving safepoint region
[2019-10-14T08:17:07.467+0000][1][safepoint    ] Total time for which application threads were stopped: 0.0012054 seconds, Stopping threads took: 0.0006070 seconds
[2019-10-14T08:17:08.468+0000][1][safepoint    ] Application time: 1.0002256 seconds
[2019-10-14T08:17:08.469+0000][1][safepoint    ] Entering safepoint region: Cleanup
[2019-10-14T08:17:08.469+0000][1][safepoint    ] Leaving safepoint region
[2019-10-14T08:17:08.470+0000][1][safepoint    ] Total time for which application threads were stopped: 0.0009458 seconds, Stopping threads took: 0.0004294 seconds
[2019-10-14T08:17:09.470+0000][1][safepoint    ] Application time: 1.0002390 seconds
[2019-10-14T08:17:09.471+0000][1][safepoint    ] Entering safepoint region: Cleanup
[2019-10-14T08:17:09.472+0000][1][safepoint    ] Leaving safepoint region
[2019-10-14T08:17:09.473+0000][1][safepoint    ] Total time for which application threads were stopped: 0.0019835 seconds, Stopping threads took: 0.0007803 seconds
[2019-10-14T08:17:10.476+0000][1][safepoint    ] Application time: 1.0012134 seconds
[2019-10-14T08:17:10.477+0000][1][safepoint    ] Entering safepoint region: Cleanup
[2019-10-14T08:17:10.478+0000][1][safepoint    ] Leaving safepoint region
[2019-10-14T08:17:10.479+0000][1][safepoint    ] Total time for which application threads were stopped: 0.0011836 seconds, Stopping threads took: 0.0005841 seconds
[2019-10-14T08:17:11.479+0000][1][safepoint    ] Application time: 1.0003088 seconds
[2019-10-14T08:17:11.480+0000][1][safepoint    ] Entering safepoint region: Cleanup
[2019-10-14T08:17:11.481+0000][1][safepoint    ] Leaving safepoint region
[2019-10-14T08:17:11.482+0000][1][safepoint    ] Total time for which application threads were stopped: 0.0017188 seconds, Stopping threads took: 0.0008984 seconds
[2019-10-14T08:17:12.484+0000][1][safepoint    ] Application time: 1.0013795 seconds
[2019-10-14T08:17:12.485+0000][1][safepoint    ] Entering safepoint region: Cleanup
[2019-10-14T08:17:12.485+0000][1][safepoint    ] Leaving safepoint region
[2019-10-14T08:17:12.486+0000][1][safepoint    ] Total time for which application threads were stopped: 0.0013016 seconds, Stopping threads took: 0.0006820 seconds
[2019-10-14T08:17:12.906+0000][1][safepoint    ] Application time: 0.4196108 seconds
[2019-10-14T08:17:12.906+0000][1][safepoint    ] Entering safepoint region: GenCollectForAllocation
[2019-10-14T08:17:12.907+0000][1][gc,start     ] GC(62) Pause Young (Allocation Failure)
[2019-10-14T08:17:12.907+0000][1][gc,task      ] GC(62) Using 2 workers of 2 for evacuation
[2019-10-14T08:17:12.913+0000][1][gc,age       ] GC(62) Desired survivor size 4456448 bytes, new threshold 6 (max threshold 6)
[2019-10-14T08:17:12.913+0000][1][gc,age       ] GC(62) Age table with threshold 6 (max threshold 6)
[2019-10-14T08:17:12.914+0000][1][gc,age       ] GC(62) - age   1:      86096 bytes,      86096 total
[2019-10-14T08:17:12.914+0000][1][gc,age       ] GC(62) - age   2:       1176 bytes,      87272 total
[2019-10-14T08:17:12.915+0000][1][gc,age       ] GC(62) - age   3:      29576 bytes,     116848 total
[2019-10-14T08:17:12.915+0000][1][gc,age       ] GC(62) - age   4:      17504 bytes,     134352 total
[2019-10-14T08:17:12.915+0000][1][gc,age       ] GC(62) - age   5:        296 bytes,     134648 total
[2019-10-14T08:17:12.916+0000][1][gc,age       ] GC(62) - age   6:      22256 bytes,     156904 total
[2019-10-14T08:17:12.916+0000][1][gc,heap      ] GC(62) ParNew: 70379K->386K(78656K)
[2019-10-14T08:17:12.917+0000][1][gc,heap      ] GC(62) CMS: 81327K->81621K(174784K)
[2019-10-14T08:17:12.917+0000][1][gc,metaspace ] GC(62) Metaspace: 84094K->84094K(1126400K)
[2019-10-14T08:17:12.917+0000][1][gc           ] GC(62) Pause Young (Allocation Failure) 148M->80M(247M) 10.490ms
[2019-10-14T08:17:12.918+0000][1][gc,cpu       ] GC(62) User=0.01s Sys=0.00s Real=0.01s
[2019-10-14T08:17:12.918+0000][1][safepoint    ] Leaving safepoint region
[2019-10-14T08:17:12.919+0000][1][safepoint    ] Total time for which application threads were stopped: 0.0121754 seconds, Stopping threads took: 0.0003603 seconds
[2019-10-14T08:17:13.919+0000][1][safepoint    ] Application time: 1.0002824 seconds
[2019-10-14T08:17:13.920+0000][1][safepoint    ] Entering safepoint region: Cleanup
[2019-10-14T08:17:13.921+0000][1][safepoint    ] Leaving safepoint region
[2019-10-14T08:17:13.921+0000][1][safepoint    ] Total time for which application threads were stopped: 0.0013749 seconds, Stopping threads took: 0.0007326 seconds
[2019-10-14T08:17:14.923+0000][1][safepoint    ] Application time: 1.0008900 seconds
[2019-10-14T08:17:14.924+0000][1][safepoint    ] Entering safepoint region: Cleanup
[2019-10-14T08:17:14.925+0000][1][safepoint    ] Leaving safepoint region
[2019-10-14T08:17:14.926+0000][1][safepoint    ] Total time for which application threads were stopped: 0.0017486 seconds, Stopping threads took: 0.0009777 seconds
[2019-10-14T08:17:15.926+0000][1][safepoint    ] Application time: 1.0002118 seconds
[2019-10-14T08:17:15.927+0000][1][safepoint    ] Entering safepoint region: Cleanup
[2019-10-14T08:17:15.928+0000][1][safepoint    ] Leaving safepoint region
[2019-10-14T08:17:15.929+0000][1][safepoint    ] Total time for which application threads were stopped: 0.0012240 seconds, Stopping threads took: 0.0005540 seconds
[2019-10-14T08:17:16.929+0000][1][safepoint    ] Application time: 1.0005075 seconds
[2019-10-14T08:17:16.931+0000][1][safepoint    ] Entering safepoint region: Cleanup
[2019-10-14T08:17:16.931+0000][1][safepoint    ] Leaving safepoint region
[2019-10-14T08:17:16.932+0000][1][safepoint    ] Total time for which application threads were stopped: 0.0015483 seconds, Stopping threads took: 0.0006418 seconds
[2019-10-14T08:17:17.936+0000][1][safepoint    ] Application time: 1.0028602 seconds
[2019-10-14T08:17:17.937+0000][1][safepoint    ] Entering safepoint region: Cleanup
[2019-10-14T08:17:17.937+0000][1][safepoint    ] Leaving safepoint region
[2019-10-14T08:17:17.938+0000][1][safepoint    ] Total time for which application threads were stopped: 0.0011898 seconds, Stopping threads took: 0.0005671 seconds
[2019-10-14T08:17:18.939+0000][1][safepoint    ] Application time: 1.0008202 seconds
[2019-10-14T08:17:18.943+0000][1][safepoint    ] Entering safepoint region: Cleanup
[2019-10-14T08:17:18.944+0000][1][safepoint    ] Leaving safepoint region
[2019-10-14T08:17:18.947+0000][1][safepoint    ] Total time for which application threads were stopped: 0.0044059 seconds, Stopping threads took: 0.0009348 seconds
[2019-10-14T08:17:19.950+0000][1][safepoint    ] Application time: 1.0005690 seconds
[2019-10-14T08:17:19.951+0000][1][safepoint    ] Entering safepoint region: Cleanup
[2019-10-14T08:17:19.952+0000][1][safepoint    ] Leaving safepoint region
[2019-10-14T08:17:19.952+0000][1][safepoint    ] Total time for which application threads were stopped: 0.0013911 seconds, Stopping threads took: 0.0007148 seconds
[2019-10-14T08:17:20.954+0000][1][safepoint    ] Application time: 1.0011970 seconds
[2019-10-14T08:17:20.955+0000][1][safepoint    ] Entering safepoint region: Cleanup
[2019-10-14T08:17:20.955+0000][1][safepoint    ] Leaving safepoint region
[2019-10-14T08:17:20.956+0000][1][safepoint    ] Total time for which application threads were stopped: 0.0016663 seconds, Stopping threads took: 0.0006267 seconds
[2019-10-14T08:17:21.959+0000][1][safepoint    ] Application time: 1.0007506 seconds
[2019-10-14T08:17:21.960+0000][1][safepoint    ] Entering safepoint region: Cleanup
[2019-10-14T08:17:21.960+0000][1][safepoint    ] Leaving safepoint region
[2019-10-14T08:17:21.961+0000][1][safepoint    ] Total time for which application threads were stopped: 0.0013884 seconds, Stopping threads took: 0.0006277 seconds
[2019-10-14T08:17:22.962+0000][1][safepoint    ] Application time: 1.0011668 seconds
[2019-10-14T08:17:22.963+0000][1][safepoint    ] Entering safepoint region: Cleanup
[2019-10-14T08:17:22.964+0000][1][safepoint    ] Leaving safepoint region
[2019-10-14T08:17:22.964+0000][1][safepoint    ] Total time for which application threads were stopped: 0.0011301 seconds, Stopping threads took: 0.0005810 seconds
[2019-10-14T08:17:23.966+0000][1][safepoint    ] Application time: 1.0008895 seconds
[2019-10-14T08:17:23.973+0000][1][safepoint    ] Entering safepoint region: Cleanup
[2019-10-14T08:17:23.974+0000][1][safepoint    ] Leaving safepoint region
[2019-10-14T08:17:23.975+0000][1][safepoint    ] Total time for which application threads were stopped: 0.0018203 seconds, Stopping threads took: 0.0009415 seconds
[2019-10-14T08:17:24.976+0000][1][safepoint    ] Application time: 1.0001847 seconds
[2019-10-14T08:17:24.977+0000][1][safepoint    ] Entering safepoint region: Cleanup
[2019-10-14T08:17:24.977+0000][1][safepoint    ] Leaving safepoint region
[2019-10-14T08:17:24.977+0000][1][safepoint    ] Total time for which application threads were stopped: 0.0008509 seconds, Stopping threads took: 0.0004215 seconds
[2019-10-14T08:17:25.978+0000][1][safepoint    ] Application time: 1.0006334 seconds
[2019-10-14T08:17:25.979+0000][1][safepoint    ] Entering safepoint region: Cleanup
[2019-10-14T08:17:25.980+0000][1][safepoint    ] Leaving safepoint region
[2019-10-14T08:17:25.980+0000][1][safepoint    ] Total time for which application threads were stopped: 0.0011606 seconds, Stopping threads took: 0.0007253 seconds
[2019-10-14T08:17:26.981+0000][1][safepoint    ] Application time: 1.0000907 seconds
[2019-10-14T08:17:26.981+0000][1][safepoint    ] Entering safepoint region: Cleanup
[2019-10-14T08:17:26.981+0000][1][safepoint    ] Leaving safepoint region
[2019-10-14T08:17:26.982+0000][1][safepoint    ] Total time for which application threads were stopped: 0.0008075 seconds, Stopping threads took: 0.0003146 seconds
[2019-10-14T08:17:27.984+0000][1][safepoint    ] Application time: 1.0013345 seconds
[2019-10-14T08:17:27.984+0000][1][safepoint    ] Entering safepoint region: Cleanup
[2019-10-14T08:17:27.985+0000][1][safepoint    ] Leaving safepoint region
[2019-10-14T08:17:27.986+0000][1][safepoint    ] Total time for which application threads were stopped: 0.0012816 seconds, Stopping threads took: 0.0006893 seconds
[2019-10-14T08:17:28.987+0000][1][safepoint    ] Application time: 1.0013580 seconds
[2019-10-14T08:17:28.988+0000][1][safepoint    ] Entering safepoint region: Cleanup
[2019-10-14T08:17:28.989+0000][1][safepoint    ] Leaving safepoint region
[2019-10-14T08:17:28.990+0000][1][safepoint    ] Total time for which application threads were stopped: 0.0013973 seconds, Stopping threads took: 0.0006763 seconds
[2019-10-14T08:17:29.990+0000][1][safepoint    ] Application time: 1.0003979 seconds
[2019-10-14T08:17:29.991+0000][1][safepoint    ] Entering safepoint region: Cleanup
[2019-10-14T08:17:29.991+0000][1][safepoint    ] Leaving safepoint region
[2019-10-14T08:17:29.992+0000][1][safepoint    ] Total time for which application threads were stopped: 0.0007780 seconds, Stopping threads took: 0.0003169 seconds
[2019-10-14T08:17:30.993+0000][1][safepoint    ] Application time: 1.0011791 seconds
[2019-10-14T08:17:30.994+0000][1][safepoint    ] Entering safepoint region: Cleanup
[2019-10-14T08:17:30.994+0000][1][safepoint    ] Leaving safepoint region
[2019-10-14T08:17:30.995+0000][1][safepoint    ] Total time for which application threads were stopped: 0.0009591 seconds, Stopping threads took: 0.0003673 seconds
[2019-10-14T08:17:31.995+0000][1][safepoint    ] Application time: 1.0004710 seconds
[2019-10-14T08:17:31.996+0000][1][safepoint    ] Entering safepoint region: Cleanup
[2019-10-14T08:17:31.997+0000][1][safepoint    ] Leaving safepoint region
[2019-10-14T08:17:31.997+0000][1][safepoint    ] Total time for which application threads were stopped: 0.0010784 seconds, Stopping threads took: 0.0005722 seconds
[2019-10-14T08:17:32.976+0000][1][safepoint    ] Application time: 1.0003580 seconds
[2019-10-14T08:17:32.977+0000][1][safepoint    ] Entering safepoint region: Cleanup
[2019-10-14T08:17:32.977+0000][1][safepoint    ] Leaving safepoint region
[2019-10-14T08:17:32.978+0000][1][safepoint    ] Total time for which application threads were stopped: 0.0010698 seconds, Stopping threads took: 0.0005285 seconds
[2019-10-14T08:17:33.979+0000][1][safepoint    ] Application time: 1.0007649 seconds
[2019-10-14T08:17:33.980+0000][1][safepoint    ] Entering safepoint region: Cleanup
[2019-10-14T08:17:33.981+0000][1][safepoint    ] Leaving safepoint region
[2019-10-14T08:17:33.982+0000][1][safepoint    ] Total time for which application threads were stopped: 0.0014657 seconds, Stopping threads took: 0.0005043 seconds
[2019-10-14T08:17:34.982+0000][1][safepoint    ] Application time: 1.0002909 seconds
[2019-10-14T08:17:34.983+0000][1][safepoint    ] Entering safepoint region: Cleanup
[2019-10-14T08:17:34.984+0000][1][safepoint    ] Leaving safepoint region
[2019-10-14T08:17:34.984+0000][1][safepoint    ] Total time for which application threads were stopped: 0.0011720 seconds, Stopping threads took: 0.0005561 seconds
[2019-10-14T08:17:35.985+0000][1][safepoint    ] Application time: 1.0006230 seconds
[2019-10-14T08:17:35.986+0000][1][safepoint    ] Entering safepoint region: Cleanup
[2019-10-14T08:17:35.987+0000][1][safepoint    ] Leaving safepoint region
[2019-10-14T08:17:35.987+0000][1][safepoint    ] Total time for which application threads were stopped: 0.0012784 seconds, Stopping threads took: 0.0006860 seconds
[2019-10-14T08:17:36.988+0000][1][safepoint    ] Application time: 1.0007769 seconds
[2019-10-14T08:17:36.989+0000][1][safepoint    ] Entering safepoint region: Cleanup
[2019-10-14T08:17:36.989+0000][1][safepoint    ] Leaving safepoint region
[2019-10-14T08:17:36.990+0000][1][safepoint    ] Total time for which application threads were stopped: 0.0010578 seconds, Stopping threads took: 0.0003840 seconds
[2019-10-14T08:17:37.992+0000][1][safepoint    ] Application time: 1.0015528 seconds
[2019-10-14T08:17:37.995+0000][1][safepoint    ] Entering safepoint region: Cleanup
[2019-10-14T08:17:37.995+0000][1][safepoint    ] Leaving safepoint region
[2019-10-14T08:17:37.996+0000][1][safepoint    ] Total time for which application threads were stopped: 0.0014223 seconds, Stopping threads took: 0.0008021 seconds
[2019-10-14T08:17:38.997+0000][1][safepoint    ] Application time: 1.0002807 seconds
[2019-10-14T08:17:38.998+0000][1][safepoint    ] Entering safepoint region: Cleanup
[2019-10-14T08:17:38.999+0000][1][safepoint    ] Leaving safepoint region
[2019-10-14T08:17:39.000+0000][1][safepoint    ] Total time for which application threads were stopped: 0.0016617 seconds, Stopping threads took: 0.0008768 seconds
[2019-10-14T08:17:40.002+0000][1][safepoint    ] Application time: 1.0022893 seconds
[2019-10-14T08:17:40.005+0000][1][safepoint    ] Entering safepoint region: Cleanup
[2019-10-14T08:17:40.006+0000][1][safepoint    ] Leaving safepoint region
[2019-10-14T08:17:40.009+0000][1][safepoint    ] Total time for which application threads were stopped: 0.0039516 seconds, Stopping threads took: 0.0004945 seconds
[2019-10-14T08:17:41.011+0000][1][safepoint    ] Application time: 1.0004979 seconds
[2019-10-14T08:17:41.011+0000][1][safepoint    ] Entering safepoint region: Cleanup
[2019-10-14T08:17:41.012+0000][1][safepoint    ] Leaving safepoint region
[2019-10-14T08:17:41.012+0000][1][safepoint    ] Total time for which application threads were stopped: 0.0010310 seconds, Stopping threads took: 0.0005555 seconds
[2019-10-14T08:17:42.013+0000][1][safepoint    ] Application time: 1.0002961 seconds
[2019-10-14T08:17:42.013+0000][1][safepoint    ] Entering safepoint region: Cleanup
[2019-10-14T08:17:42.014+0000][1][safepoint    ] Leaving safepoint region
[2019-10-14T08:17:42.014+0000][1][safepoint    ] Total time for which application threads were stopped: 0.0012014 seconds, Stopping threads took: 0.0004225 seconds
[2019-10-14T08:17:43.015+0000][1][safepoint    ] Application time: 1.0001692 seconds
[2019-10-14T08:17:43.015+0000][1][safepoint    ] Entering safepoint region: Cleanup
[2019-10-14T08:17:43.016+0000][1][safepoint    ] Leaving safepoint region
[2019-10-14T08:17:43.016+0000][1][safepoint    ] Total time for which application threads were stopped: 0.0010142 seconds, Stopping threads took: 0.0005928 seconds
[2019-10-14T08:17:44.017+0000][1][safepoint    ] Application time: 1.0006204 seconds
[2019-10-14T08:17:44.023+0000][1][safepoint    ] Entering safepoint region: Cleanup
[2019-10-14T08:17:44.024+0000][1][safepoint    ] Leaving safepoint region
[2019-10-14T08:17:44.025+0000][1][safepoint    ] Total time for which application threads were stopped: 0.0020988 seconds, Stopping threads took: 0.0016676 seconds
[2019-10-14T08:17:45.026+0000][1][safepoint    ] Application time: 1.0008673 seconds
[2019-10-14T08:17:45.027+0000][1][safepoint    ] Entering safepoint region: Cleanup
[2019-10-14T08:17:45.027+0000][1][safepoint    ] Leaving safepoint region
[2019-10-14T08:17:45.028+0000][1][safepoint    ] Total time for which application threads were stopped: 0.0013068 seconds, Stopping threads took: 0.0006244 seconds
[2019-10-14T08:17:46.029+0000][1][safepoint    ] Application time: 1.0004763 seconds
[2019-10-14T08:17:46.029+0000][1][safepoint    ] Entering safepoint region: Cleanup
[2019-10-14T08:17:46.030+0000][1][safepoint    ] Leaving safepoint region
[2019-10-14T08:17:46.030+0000][1][safepoint    ] Total time for which application threads were stopped: 0.0010024 seconds, Stopping threads took: 0.0003758 seconds
[2019-10-14T08:17:47.031+0000][1][safepoint    ] Application time: 1.0003031 seconds
[2019-10-14T08:17:47.031+0000][1][safepoint    ] Entering safepoint region: Cleanup
[2019-10-14T08:17:47.032+0000][1][safepoint    ] Leaving safepoint region
[2019-10-14T08:17:47.032+0000][1][safepoint    ] Total time for which application threads were stopped: 0.0006891 seconds, Stopping threads took: 0.0003125 seconds
[2019-10-14T08:17:48.032+0000][1][safepoint    ] Application time: 1.0003694 seconds
[2019-10-14T08:17:48.033+0000][1][safepoint    ] Entering safepoint region: Cleanup
[2019-10-14T08:17:48.034+0000][1][safepoint    ] Leaving safepoint region
[2019-10-14T08:17:48.034+0000][1][safepoint    ] Total time for which application threads were stopped: 0.0009203 seconds, Stopping threads took: 0.0004292 seconds
[2019-10-14T08:17:49.035+0000][1][safepoint    ] Application time: 1.0004643 seconds
[2019-10-14T08:17:49.036+0000][1][safepoint    ] Entering safepoint region: Cleanup
[2019-10-14T08:17:49.036+0000][1][safepoint    ] Leaving safepoint region
[2019-10-14T08:17:49.036+0000][1][safepoint    ] Total time for which application threads were stopped: 0.0009171 seconds, Stopping threads took: 0.0003895 seconds
[2019-10-14T08:17:50.037+0000][1][safepoint    ] Application time: 1.0003720 seconds
[2019-10-14T08:17:50.043+0000][1][safepoint    ] Entering safepoint region: Cleanup
[2019-10-14T08:17:50.044+0000][1][safepoint    ] Leaving safepoint region
[2019-10-14T08:17:50.045+0000][1][safepoint    ] Total time for which application threads were stopped: 0.0020280 seconds, Stopping threads took: 0.0014092 seconds
[2019-10-14T08:17:51.046+0000][1][safepoint    ] Application time: 1.0002116 seconds
[2019-10-14T08:17:51.046+0000][1][safepoint    ] Entering safepoint region: Cleanup
[2019-10-14T08:17:51.047+0000][1][safepoint    ] Leaving safepoint region
[2019-10-14T08:17:51.047+0000][1][safepoint    ] Total time for which application threads were stopped: 0.0011051 seconds, Stopping threads took: 0.0004780 seconds
[2019-10-14T08:17:52.048+0000][1][safepoint    ] Application time: 1.0006931 seconds
[2019-10-14T08:17:52.049+0000][1][safepoint    ] Entering safepoint region: Cleanup
[2019-10-14T08:17:52.049+0000][1][safepoint    ] Leaving safepoint region
[2019-10-14T08:17:52.050+0000][1][safepoint    ] Total time for which application threads were stopped: 0.0008177 seconds, Stopping threads took: 0.0002894 seconds
[2019-10-14T08:17:53.050+0000][1][safepoint    ] Application time: 1.0001549 seconds
[2019-10-14T08:17:53.050+0000][1][safepoint    ] Entering safepoint region: Cleanup
[2019-10-14T08:17:53.051+0000][1][safepoint    ] Leaving safepoint region
[2019-10-14T08:17:53.051+0000][1][safepoint    ] Total time for which application threads were stopped: 0.0007529 seconds, Stopping threads took: 0.0003629 seconds
[2019-10-14T08:17:54.052+0000][1][safepoint    ] Application time: 1.0004497 seconds
[2019-10-14T08:17:54.052+0000][1][safepoint    ] Entering safepoint region: Cleanup
[2019-10-14T08:17:54.053+0000][1][safepoint    ] Leaving safepoint region
[2019-10-14T08:17:54.053+0000][1][safepoint    ] Total time for which application threads were stopped: 0.0008695 seconds, Stopping threads took: 0.0003919 seconds
[2019-10-14T08:17:55.054+0000][1][safepoint    ] Application time: 1.0002400 seconds
[2019-10-14T08:17:55.054+0000][1][safepoint    ] Entering safepoint region: Cleanup
[2019-10-14T08:17:55.055+0000][1][safepoint    ] Leaving safepoint region
[2019-10-14T08:17:55.055+0000][1][safepoint    ] Total time for which application threads were stopped: 0.0008872 seconds, Stopping threads took: 0.0004905 seconds
[2019-10-14T08:17:56.056+0000][1][safepoint    ] Application time: 1.0002213 seconds
[2019-10-14T08:17:56.056+0000][1][safepoint    ] Entering safepoint region: Cleanup
[2019-10-14T08:17:56.056+0000][1][safepoint    ] Leaving safepoint region
[2019-10-14T08:17:56.057+0000][1][safepoint    ] Total time for which application threads were stopped: 0.0009556 seconds, Stopping threads took: 0.0003309 seconds
[2019-10-14T08:17:57.057+0000][1][safepoint    ] Application time: 1.0001101 seconds
[2019-10-14T08:17:57.058+0000][1][safepoint    ] Entering safepoint region: Cleanup
[2019-10-14T08:17:57.058+0000][1][safepoint    ] Leaving safepoint region
[2019-10-14T08:17:57.058+0000][1][safepoint    ] Total time for which application threads were stopped: 0.0005864 seconds, Stopping threads took: 0.0002623 seconds
[2019-10-14T08:17:58.059+0000][1][safepoint    ] Application time: 1.0002164 seconds
[2019-10-14T08:17:58.059+0000][1][safepoint    ] Entering safepoint region: Cleanup
[2019-10-14T08:17:58.060+0000][1][safepoint    ] Leaving safepoint region
[2019-10-14T08:17:58.060+0000][1][safepoint    ] Total time for which application threads were stopped: 0.0006282 seconds, Stopping threads took: 0.0002726 seconds
[2019-10-14T08:17:59.062+0000][1][safepoint    ] Application time: 1.0017340 seconds
[2019-10-14T08:17:59.062+0000][1][safepoint    ] Entering safepoint region: Cleanup
[2019-10-14T08:17:59.063+0000][1][safepoint    ] Leaving safepoint region
[2019-10-14T08:17:59.064+0000][1][safepoint    ] Total time for which application threads were stopped: 0.0018938 seconds, Stopping threads took: 0.0010009 seconds
[2019-10-14T08:18:00.064+0000][1][safepoint    ] Application time: 1.0001256 seconds
[2019-10-14T08:18:00.065+0000][1][safepoint    ] Entering safepoint region: Cleanup
[2019-10-14T08:18:00.065+0000][1][safepoint    ] Leaving safepoint region
[2019-10-14T08:18:00.065+0000][1][safepoint    ] Total time for which application threads were stopped: 0.0007245 seconds, Stopping threads took: 0.0003405 seconds
[2019-10-14T08:18:01.066+0000][1][safepoint    ] Application time: 1.0001431 seconds
[2019-10-14T08:18:01.066+0000][1][safepoint    ] Entering safepoint region: Cleanup
[2019-10-14T08:18:01.067+0000][1][safepoint    ] Leaving safepoint region
[2019-10-14T08:18:01.067+0000][1][safepoint    ] Total time for which application threads were stopped: 0.0008658 seconds, Stopping threads took: 0.0003462 seconds
[2019-10-14T08:18:02.068+0000][1][safepoint    ] Application time: 1.0001835 seconds
[2019-10-14T08:18:02.068+0000][1][safepoint    ] Entering safepoint region: Cleanup
[2019-10-14T08:18:02.069+0000][1][safepoint    ] Leaving safepoint region
[2019-10-14T08:18:02.070+0000][1][safepoint    ] Total time for which application threads were stopped: 0.0012223 seconds, Stopping threads took: 0.0005779 seconds
[2019-10-14T08:18:03.049+0000][1][safepoint    ] Application time: 1.0001577 seconds
[2019-10-14T08:18:03.049+0000][1][safepoint    ] Entering safepoint region: Cleanup
[2019-10-14T08:18:03.050+0000][1][safepoint    ] Leaving safepoint region
[2019-10-14T08:18:03.050+0000][1][safepoint    ] Total time for which application threads were stopped: 0.0008865 seconds, Stopping threads took: 0.0004204 seconds
[2019-10-14T08:18:04.050+0000][1][safepoint    ] Application time: 1.0001306 seconds
[2019-10-14T08:18:04.051+0000][1][safepoint    ] Entering safepoint region: Cleanup
[2019-10-14T08:18:04.051+0000][1][safepoint    ] Leaving safepoint region
[2019-10-14T08:18:04.052+0000][1][safepoint    ] Total time for which application threads were stopped: 0.0009208 seconds, Stopping threads took: 0.0003604 seconds
[2019-10-14T08:18:05.053+0000][1][safepoint    ] Application time: 1.0002487 seconds
[2019-10-14T08:18:05.053+0000][1][safepoint    ] Entering safepoint region: Cleanup
[2019-10-14T08:18:05.053+0000][1][safepoint    ] Leaving safepoint region
[2019-10-14T08:18:05.054+0000][1][safepoint    ] Total time for which application threads were stopped: 0.0007795 seconds, Stopping threads took: 0.0003784 seconds
[2019-10-14T08:18:06.059+0000][1][safepoint    ] Application time: 1.0046710 seconds
[2019-10-14T08:18:06.062+0000][1][safepoint    ] Entering safepoint region: Cleanup
[2019-10-14T08:18:06.062+0000][1][safepoint    ] Leaving safepoint region
[2019-10-14T08:18:06.063+0000][1][safepoint    ] Total time for which application threads were stopped: 0.0011039 seconds, Stopping threads took: 0.0005001 seconds
[2019-10-14T08:18:07.064+0000][1][safepoint    ] Application time: 1.0002203 seconds
[2019-10-14T08:18:07.064+0000][1][safepoint    ] Entering safepoint region: Cleanup
[2019-10-14T08:18:07.065+0000][1][safepoint    ] Leaving safepoint region
[2019-10-14T08:18:07.065+0000][1][safepoint    ] Total time for which application threads were stopped: 0.0009100 seconds, Stopping threads took: 0.0004515 seconds
[2019-10-14T08:18:08.066+0000][1][safepoint    ] Application time: 1.0009449 seconds
[2019-10-14T08:18:08.067+0000][1][safepoint    ] Entering safepoint region: Cleanup
[2019-10-14T08:18:08.068+0000][1][safepoint    ] Leaving safepoint region
[2019-10-14T08:18:08.068+0000][1][safepoint    ] Total time for which application threads were stopped: 0.0010882 seconds, Stopping threads took: 0.0004749 seconds
[2019-10-14T08:18:09.071+0000][1][safepoint    ] Application time: 1.0020339 seconds
[2019-10-14T08:18:09.072+0000][1][safepoint    ] Entering safepoint region: Cleanup
[2019-10-14T08:18:09.073+0000][1][safepoint    ] Leaving safepoint region
[2019-10-14T08:18:09.073+0000][1][safepoint    ] Total time for which application threads were stopped: 0.0014247 seconds, Stopping threads took: 0.0007192 seconds
[2019-10-14T08:18:10.075+0000][1][safepoint    ] Application time: 1.0007412 seconds
[2019-10-14T08:18:10.075+0000][1][safepoint    ] Entering safepoint region: Cleanup
[2019-10-14T08:18:10.076+0000][1][safepoint    ] Leaving safepoint region
[2019-10-14T08:18:10.076+0000][1][safepoint    ] Total time for which application threads were stopped: 0.0006725 seconds, Stopping threads took: 0.0003034 seconds
[2019-10-14T08:18:11.077+0000][1][safepoint    ] Application time: 1.0001193 seconds
[2019-10-14T08:18:11.077+0000][1][safepoint    ] Entering safepoint region: Cleanup
[2019-10-14T08:18:11.078+0000][1][safepoint    ] Leaving safepoint region
[2019-10-14T08:18:11.078+0000][1][safepoint    ] Total time for which application threads were stopped: 0.0010994 seconds, Stopping threads took: 0.0005848 seconds
[2019-10-14T08:18:12.078+0000][1][safepoint    ] Application time: 1.0001268 seconds
[2019-10-14T08:18:12.079+0000][1][safepoint    ] Entering safepoint region: Cleanup
[2019-10-14T08:18:12.079+0000][1][safepoint    ] Leaving safepoint region
[2019-10-14T08:18:12.079+0000][1][safepoint    ] Total time for which application threads were stopped: 0.0006614 seconds, Stopping threads took: 0.0002837 seconds
[2019-10-14T08:18:13.081+0000][1][safepoint    ] Application time: 1.0017574 seconds
[2019-10-14T08:18:13.082+0000][1][safepoint    ] Entering safepoint region: Cleanup
[2019-10-14T08:18:13.083+0000][1][safepoint    ] Leaving safepoint region
[2019-10-14T08:18:13.084+0000][1][safepoint    ] Total time for which application threads were stopped: 0.0012746 seconds, Stopping threads took: 0.0005580 seconds
[2019-10-14T08:18:14.084+0000][1][safepoint    ] Application time: 1.0004433 seconds
[2019-10-14T08:18:14.085+0000][1][safepoint    ] Entering safepoint region: Cleanup
[2019-10-14T08:18:14.086+0000][1][safepoint    ] Leaving safepoint region
[2019-10-14T08:18:14.087+0000][1][safepoint    ] Total time for which application threads were stopped: 0.0016820 seconds, Stopping threads took: 0.0010794 seconds
[2019-10-14T08:18:15.088+0000][1][safepoint    ] Application time: 1.0000744 seconds
[2019-10-14T08:18:15.088+0000][1][safepoint    ] Entering safepoint region: Cleanup
[2019-10-14T08:18:15.089+0000][1][safepoint    ] Leaving safepoint region
[2019-10-14T08:18:15.089+0000][1][safepoint    ] Total time for which application threads were stopped: 0.0011961 seconds, Stopping threads took: 0.0005131 seconds
[2019-10-14T08:18:16.091+0000][1][safepoint    ] Application time: 1.0007108 seconds
[2019-10-14T08:18:16.091+0000][1][safepoint    ] Entering safepoint region: Cleanup
[2019-10-14T08:18:16.092+0000][1][safepoint    ] Leaving safepoint region
[2019-10-14T08:18:16.092+0000][1][safepoint    ] Total time for which application threads were stopped: 0.0009997 seconds, Stopping threads took: 0.0004217 seconds
[2019-10-14T08:18:17.093+0000][1][safepoint    ] Application time: 1.0001602 seconds
[2019-10-14T08:18:17.093+0000][1][safepoint    ] Entering safepoint region: Cleanup
[2019-10-14T08:18:17.094+0000][1][safepoint    ] Leaving safepoint region
[2019-10-14T08:18:17.094+0000][1][safepoint    ] Total time for which application threads were stopped: 0.0005759 seconds, Stopping threads took: 0.0002669 seconds
[2019-10-14T08:18:18.094+0000][1][safepoint    ] Application time: 1.0001766 seconds
[2019-10-14T08:18:18.095+0000][1][safepoint    ] Entering safepoint region: Cleanup
[2019-10-14T08:18:18.096+0000][1][safepoint    ] Leaving safepoint region
[2019-10-14T08:18:18.097+0000][1][safepoint    ] Total time for which application threads were stopped: 0.0021145 seconds, Stopping threads took: 0.0005867 seconds
[2019-10-14T08:18:19.099+0000][1][safepoint    ] Application time: 1.0008287 seconds
[2019-10-14T08:18:19.099+0000][1][safepoint    ] Entering safepoint region: Cleanup
[2019-10-14T08:18:19.099+0000][1][safepoint    ] Leaving safepoint region
[2019-10-14T08:18:19.100+0000][1][safepoint    ] Total time for which application threads were stopped: 0.0010297 seconds, Stopping threads took: 0.0003764 seconds
[2019-10-14T08:18:20.101+0000][1][safepoint    ] Application time: 1.0002040 seconds
[2019-10-14T08:18:20.101+0000][1][safepoint    ] Entering safepoint region: Cleanup
[2019-10-14T08:18:20.102+0000][1][safepoint    ] Leaving safepoint region
[2019-10-14T08:18:20.102+0000][1][safepoint    ] Total time for which application threads were stopped: 0.0010553 seconds, Stopping threads took: 0.0004941 seconds
[2019-10-14T08:18:21.103+0000][1][safepoint    ] Application time: 1.0005547 seconds
[2019-10-14T08:18:21.104+0000][1][safepoint    ] Entering safepoint region: Cleanup
[2019-10-14T08:18:21.104+0000][1][safepoint    ] Leaving safepoint region
[2019-10-14T08:18:21.105+0000][1][safepoint    ] Total time for which application threads were stopped: 0.0009234 seconds, Stopping threads took: 0.0004907 seconds
[2019-10-14T08:18:22.105+0000][1][safepoint    ] Application time: 1.0003057 seconds
[2019-10-14T08:18:22.106+0000][1][safepoint    ] Entering safepoint region: Cleanup
[2019-10-14T08:18:22.107+0000][1][safepoint    ] Leaving safepoint region
[2019-10-14T08:18:22.107+0000][1][safepoint    ] Total time for which application threads were stopped: 0.0012728 seconds, Stopping threads took: 0.0005638 seconds
[2019-10-14T08:18:23.110+0000][1][safepoint    ] Application time: 1.0026170 seconds
[2019-10-14T08:18:23.113+0000][1][safepoint    ] Entering safepoint region: Cleanup
[2019-10-14T08:18:23.114+0000][1][safepoint    ] Leaving safepoint region
[2019-10-14T08:18:23.115+0000][1][safepoint    ] Total time for which application threads were stopped: 0.0018014 seconds, Stopping threads took: 0.0007574 seconds
[2019-10-14T08:18:24.118+0000][1][safepoint    ] Application time: 1.0014294 seconds
[2019-10-14T08:18:24.119+0000][1][safepoint    ] Entering safepoint region: Cleanup
[2019-10-14T08:18:24.120+0000][1][safepoint    ] Leaving safepoint region
[2019-10-14T08:18:24.120+0000][1][safepoint    ] Total time for which application threads were stopped: 0.0014202 seconds, Stopping threads took: 0.0007146 seconds
[2019-10-14T08:18:25.122+0000][1][safepoint    ] Application time: 1.0011222 seconds
[2019-10-14T08:18:25.124+0000][1][safepoint    ] Entering safepoint region: Cleanup
[2019-10-14T08:18:25.125+0000][1][safepoint    ] Leaving safepoint region
[2019-10-14T08:18:25.125+0000][1][safepoint    ] Total time for which application threads were stopped: 0.0017726 seconds, Stopping threads took: 0.0009301 seconds
[2019-10-14T08:18:26.127+0000][1][safepoint    ] Application time: 1.0003130 seconds
[2019-10-14T08:18:26.127+0000][1][safepoint    ] Entering safepoint region: Cleanup
[2019-10-14T08:18:26.127+0000][1][safepoint    ] Leaving safepoint region
[2019-10-14T08:18:26.130+0000][1][safepoint    ] Total time for which application threads were stopped: 0.0027201 seconds, Stopping threads took: 0.0003299 seconds
[2019-10-14T08:18:27.132+0000][1][safepoint    ] Application time: 1.0014959 seconds
[2019-10-14T08:18:27.133+0000][1][safepoint    ] Entering safepoint region: Cleanup
[2019-10-14T08:18:27.134+0000][1][safepoint    ] Leaving safepoint region
[2019-10-14T08:18:27.134+0000][1][safepoint    ] Total time for which application threads were stopped: 0.0013905 seconds, Stopping threads took: 0.0004850 seconds
[2019-10-14T08:18:28.135+0000][1][safepoint    ] Application time: 1.0001711 seconds
[2019-10-14T08:18:28.136+0000][1][safepoint    ] Entering safepoint region: Cleanup
[2019-10-14T08:18:28.136+0000][1][safepoint    ] Leaving safepoint region
[2019-10-14T08:18:28.137+0000][1][safepoint    ] Total time for which application threads were stopped: 0.0013148 seconds, Stopping threads took: 0.0005801 seconds
[2019-10-14T08:18:29.138+0000][1][safepoint    ] Application time: 1.0005581 seconds
[2019-10-14T08:18:29.140+0000][1][safepoint    ] Entering safepoint region: Cleanup
[2019-10-14T08:18:29.147+0000][1][safepoint    ] Leaving safepoint region
[2019-10-14T08:18:29.149+0000][1][safepoint    ] Total time for which application threads were stopped: 0.0087258 seconds, Stopping threads took: 0.0062263 seconds
[2019-10-14T08:18:30.153+0000][1][safepoint    ] Application time: 1.0024137 seconds
[2019-10-14T08:18:30.154+0000][1][safepoint    ] Entering safepoint region: Cleanup
[2019-10-14T08:18:30.155+0000][1][safepoint    ] Leaving safepoint region
[2019-10-14T08:18:30.156+0000][1][safepoint    ] Total time for which application threads were stopped: 0.0017588 seconds, Stopping threads took: 0.0011939 seconds
[2019-10-14T08:18:31.156+0000][1][safepoint    ] Application time: 1.0004397 seconds
[2019-10-14T08:18:31.157+0000][1][safepoint    ] Entering safepoint region: Cleanup
[2019-10-14T08:18:31.157+0000][1][safepoint    ] Leaving safepoint region
[2019-10-14T08:18:31.158+0000][1][safepoint    ] Total time for which application threads were stopped: 0.0009797 seconds, Stopping threads took: 0.0005568 seconds
[2019-10-14T08:18:33.081+0000][1][safepoint    ] Application time: 1.9439663 seconds
[2019-10-14T08:18:33.081+0000][1][safepoint    ] Entering safepoint region: Cleanup
[2019-10-14T08:18:33.082+0000][1][safepoint    ] Leaving safepoint region
[2019-10-14T08:18:33.082+0000][1][safepoint    ] Total time for which application threads were stopped: 0.0008668 seconds, Stopping threads took: 0.0004003 seconds
[2019-10-14T08:18:34.083+0000][1][safepoint    ] Application time: 1.0003917 seconds
[2019-10-14T08:18:34.083+0000][1][safepoint    ] Entering safepoint region: Cleanup
[2019-10-14T08:18:34.084+0000][1][safepoint    ] Leaving safepoint region
[2019-10-14T08:18:34.084+0000][1][safepoint    ] Total time for which application threads were stopped: 0.0006732 seconds, Stopping threads took: 0.0003207 seconds
[2019-10-14T08:18:35.084+0000][1][safepoint    ] Application time: 1.0001751 seconds
[2019-10-14T08:18:35.085+0000][1][safepoint    ] Entering safepoint region: Cleanup
[2019-10-14T08:18:35.086+0000][1][safepoint    ] Leaving safepoint region
[2019-10-14T08:18:35.087+0000][1][safepoint    ] Total time for which application threads were stopped: 0.0019300 seconds, Stopping threads took: 0.0006967 seconds
[2019-10-14T08:18:36.088+0000][1][safepoint    ] Application time: 1.0002509 seconds
[2019-10-14T08:18:36.089+0000][1][safepoint    ] Entering safepoint region: Cleanup
[2019-10-14T08:18:36.090+0000][1][safepoint    ] Leaving safepoint region
[2019-10-14T08:18:36.090+0000][1][safepoint    ] Total time for which application threads were stopped: 0.0008805 seconds, Stopping threads took: 0.0004273 seconds
[2019-10-14T08:18:37.091+0000][1][safepoint    ] Application time: 1.0003423 seconds
[2019-10-14T08:18:37.092+0000][1][safepoint    ] Entering safepoint region: Cleanup
[2019-10-14T08:18:37.092+0000][1][safepoint    ] Leaving safepoint region
[2019-10-14T08:18:37.093+0000][1][safepoint    ] Total time for which application threads were stopped: 0.0009867 seconds, Stopping threads took: 0.0005111 seconds
[2019-10-14T08:18:38.094+0000][1][safepoint    ] Application time: 1.0009804 seconds
[2019-10-14T08:18:38.095+0000][1][safepoint    ] Entering safepoint region: Cleanup
[2019-10-14T08:18:38.096+0000][1][safepoint    ] Leaving safepoint region
[2019-10-14T08:18:38.096+0000][1][safepoint    ] Total time for which application threads were stopped: 0.0008913 seconds, Stopping threads took: 0.0004156 seconds
[2019-10-14T08:18:39.099+0000][1][safepoint    ] Application time: 1.0015256 seconds
[2019-10-14T08:18:39.100+0000][1][safepoint    ] Entering safepoint region: Cleanup
[2019-10-14T08:18:39.101+0000][1][safepoint    ] Leaving safepoint region
[2019-10-14T08:18:39.102+0000][1][safepoint    ] Total time for which application threads were stopped: 0.0022441 seconds, Stopping threads took: 0.0012098 seconds
[2019-10-14T08:18:40.103+0000][1][safepoint    ] Application time: 1.0004720 seconds
[2019-10-14T08:18:40.104+0000][1][safepoint    ] Entering safepoint region: Cleanup
[2019-10-14T08:18:40.105+0000][1][safepoint    ] Leaving safepoint region
[2019-10-14T08:18:40.105+0000][1][safepoint    ] Total time for which application threads were stopped: 0.0010699 seconds, Stopping threads took: 0.0005608 seconds
[2019-10-14T08:18:41.107+0000][1][safepoint    ] Application time: 1.0011312 seconds
[2019-10-14T08:18:41.110+0000][1][safepoint    ] Entering safepoint region: Cleanup
[2019-10-14T08:18:41.111+0000][1][safepoint    ] Leaving safepoint region
[2019-10-14T08:18:41.111+0000][1][safepoint    ] Total time for which application threads were stopped: 0.0019667 seconds, Stopping threads took: 0.0009945 seconds
[2019-10-14T08:18:42.112+0000][1][safepoint    ] Application time: 1.0004592 seconds
[2019-10-14T08:18:42.113+0000][1][safepoint    ] Entering safepoint region: Cleanup
[2019-10-14T08:18:42.114+0000][1][safepoint    ] Leaving safepoint region
[2019-10-14T08:18:42.114+0000][1][safepoint    ] Total time for which application threads were stopped: 0.0009992 seconds, Stopping threads took: 0.0004212 seconds
[2019-10-14T08:18:43.115+0000][1][safepoint    ] Application time: 1.0003123 seconds
[2019-10-14T08:18:43.116+0000][1][safepoint    ] Entering safepoint region: Cleanup
[2019-10-14T08:18:43.117+0000][1][safepoint    ] Leaving safepoint region
[2019-10-14T08:18:43.117+0000][1][safepoint    ] Total time for which application threads were stopped: 0.0016782 seconds, Stopping threads took: 0.0010806 seconds
[2019-10-14T08:18:44.119+0000][1][safepoint    ] Application time: 1.0013477 seconds
[2019-10-14T08:18:44.120+0000][1][safepoint    ] Entering safepoint region: Cleanup
[2019-10-14T08:18:44.121+0000][1][safepoint    ] Leaving safepoint region
[2019-10-14T08:18:44.121+0000][1][safepoint    ] Total time for which application threads were stopped: 0.0013754 seconds, Stopping threads took: 0.0008976 seconds
[2019-10-14T08:18:45.132+0000][1][safepoint    ] Application time: 1.0012400 seconds
[2019-10-14T08:18:45.133+0000][1][safepoint    ] Entering safepoint region: Cleanup
[2019-10-14T08:18:45.133+0000][1][safepoint    ] Leaving safepoint region
[2019-10-14T08:18:45.134+0000][1][safepoint    ] Total time for which application threads were stopped: 0.0011880 seconds, Stopping threads took: 0.0005589 seconds
[2019-10-14T08:18:46.135+0000][1][safepoint    ] Application time: 1.0005666 seconds
[2019-10-14T08:18:46.136+0000][1][safepoint    ] Entering safepoint region: Cleanup
[2019-10-14T08:18:46.137+0000][1][safepoint    ] Leaving safepoint region
[2019-10-14T08:18:46.137+0000][1][safepoint    ] Total time for which application threads were stopped: 0.0010790 seconds, Stopping threads took: 0.0005427 seconds
[2019-10-14T08:18:47.139+0000][1][safepoint    ] Application time: 1.0010884 seconds
[2019-10-14T08:18:47.140+0000][1][safepoint    ] Entering safepoint region: Cleanup
[2019-10-14T08:18:47.140+0000][1][safepoint    ] Leaving safepoint region
[2019-10-14T08:18:47.140+0000][1][safepoint    ] Total time for which application threads were stopped: 0.0004895 seconds, Stopping threads took: 0.0002357 seconds
[2019-10-14T08:18:48.141+0000][1][safepoint    ] Application time: 1.0001366 seconds
[2019-10-14T08:18:48.141+0000][1][safepoint    ] Entering safepoint region: Cleanup
[2019-10-14T08:18:48.141+0000][1][safepoint    ] Leaving safepoint region
[2019-10-14T08:18:48.142+0000][1][safepoint    ] Total time for which application threads were stopped: 0.0007384 seconds, Stopping threads took: 0.0003678 seconds
[2019-10-14T08:18:49.142+0000][1][safepoint    ] Application time: 1.0002540 seconds
[2019-10-14T08:18:49.144+0000][1][safepoint    ] Entering safepoint region: Cleanup
[2019-10-14T08:18:49.145+0000][1][safepoint    ] Leaving safepoint region
[2019-10-14T08:18:49.146+0000][1][safepoint    ] Total time for which application threads were stopped: 0.0018165 seconds, Stopping threads took: 0.0011631 seconds
[2019-10-14T08:18:50.147+0000][1][safepoint    ] Application time: 1.0002783 seconds
[2019-10-14T08:18:50.147+0000][1][safepoint    ] Entering safepoint region: Cleanup
[2019-10-14T08:18:50.148+0000][1][safepoint    ] Leaving safepoint region
[2019-10-14T08:18:50.149+0000][1][safepoint    ] Total time for which application threads were stopped: 0.0019282 seconds, Stopping threads took: 0.0008367 seconds
[2019-10-14T08:18:50.902+0000][1][safepoint    ] Application time: 0.7523748 seconds
[2019-10-14T08:18:50.906+0000][1][safepoint    ] Entering safepoint region: GenCollectForAllocation
[2019-10-14T08:18:50.908+0000][1][gc,start     ] GC(63) Pause Young (Allocation Failure)
[2019-10-14T08:18:50.914+0000][1][gc,task      ] GC(63) Using 2 workers of 2 for evacuation
[2019-10-14T08:18:50.920+0000][1][gc,age       ] GC(63) Desired survivor size 4456448 bytes, new threshold 6 (max threshold 6)
[2019-10-14T08:18:50.921+0000][1][gc,age       ] GC(63) Age table with threshold 6 (max threshold 6)
[2019-10-14T08:18:50.922+0000][1][gc,age       ] GC(63) - age   1:      17016 bytes,      17016 total
[2019-10-14T08:18:50.922+0000][1][gc,age       ] GC(63) - age   2:        328 bytes,      17344 total
[2019-10-14T08:18:50.922+0000][1][gc,age       ] GC(63) - age   3:       1176 bytes,      18520 total
[2019-10-14T08:18:50.923+0000][1][gc,age       ] GC(63) - age   4:      29576 bytes,      48096 total
[2019-10-14T08:18:50.925+0000][1][gc,age       ] GC(63) - age   5:      17504 bytes,      65600 total
[2019-10-14T08:18:50.925+0000][1][gc,age       ] GC(63) - age   6:        296 bytes,      65896 total
[2019-10-14T08:18:50.925+0000][1][gc,heap      ] GC(63) ParNew: 70338K->67K(78656K)
[2019-10-14T08:18:50.925+0000][1][gc,heap      ] GC(63) CMS: 81621K->81643K(174784K)
[2019-10-14T08:18:50.926+0000][1][gc,metaspace ] GC(63) Metaspace: 84148K->84148K(1126400K)
[2019-10-14T08:18:50.926+0000][1][gc           ] GC(63) Pause Young (Allocation Failure) 148M->79M(247M) 17.750ms
[2019-10-14T08:18:50.927+0000][1][gc,cpu       ] GC(63) User=0.00s Sys=0.01s Real=0.02s
[2019-10-14T08:18:50.927+0000][1][safepoint    ] Leaving safepoint region
[2019-10-14T08:18:50.927+0000][1][safepoint    ] Total time for which application threads were stopped: 0.0211384 seconds, Stopping threads took: 0.0020297 seconds
[2019-10-14T08:18:51.932+0000][1][safepoint    ] Application time: 1.0039095 seconds
[2019-10-14T08:18:51.932+0000][1][safepoint    ] Entering safepoint region: Cleanup
[2019-10-14T08:18:51.933+0000][1][safepoint    ] Leaving safepoint region
[2019-10-14T08:18:51.933+0000][1][safepoint    ] Total time for which application threads were stopped: 0.0011989 seconds, Stopping threads took: 0.0006269 seconds
[2019-10-14T08:18:52.934+0000][1][safepoint    ] Application time: 1.0006290 seconds
[2019-10-14T08:18:52.936+0000][1][safepoint    ] Entering safepoint region: Cleanup
[2019-10-14T08:18:52.937+0000][1][safepoint    ] Leaving safepoint region
[2019-10-14T08:18:52.938+0000][1][safepoint    ] Total time for which application threads were stopped: 0.0017896 seconds, Stopping threads took: 0.0009664 seconds
[2019-10-14T08:18:53.942+0000][1][safepoint    ] Application time: 1.0038639 seconds
[2019-10-14T08:18:53.943+0000][1][safepoint    ] Entering safepoint region: Cleanup
[2019-10-14T08:18:53.943+0000][1][safepoint    ] Leaving safepoint region
[2019-10-14T08:18:53.944+0000][1][safepoint    ] Total time for which application threads were stopped: 0.0010109 seconds, Stopping threads took: 0.0005175 seconds
[2019-10-14T08:18:54.944+0000][1][safepoint    ] Application time: 1.0004196 seconds
[2019-10-14T08:18:54.946+0000][1][safepoint    ] Entering safepoint region: Cleanup
[2019-10-14T08:18:54.947+0000][1][safepoint    ] Leaving safepoint region
[2019-10-14T08:18:54.948+0000][1][safepoint    ] Total time for which application threads were stopped: 0.0019718 seconds, Stopping threads took: 0.0009324 seconds
[2019-10-14T08:18:55.950+0000][1][safepoint    ] Application time: 1.0018607 seconds
[2019-10-14T08:18:55.951+0000][1][safepoint    ] Entering safepoint region: Cleanup
[2019-10-14T08:18:55.951+0000][1][safepoint    ] Leaving safepoint region
[2019-10-14T08:18:55.952+0000][1][safepoint    ] Total time for which application threads were stopped: 0.0012537 seconds, Stopping threads took: 0.0005536 seconds
[2019-10-14T08:18:56.953+0000][1][safepoint    ] Application time: 1.0003162 seconds
[2019-10-14T08:18:56.954+0000][1][safepoint    ] Entering safepoint region: Cleanup
[2019-10-14T08:18:56.955+0000][1][safepoint    ] Leaving safepoint region
[2019-10-14T08:18:56.955+0000][1][safepoint    ] Total time for which application threads were stopped: 0.0012849 seconds, Stopping threads took: 0.0007244 seconds
[2019-10-14T08:18:57.956+0000][1][safepoint    ] Application time: 1.0005035 seconds
[2019-10-14T08:18:57.956+0000][1][safepoint    ] Entering safepoint region: Cleanup
[2019-10-14T08:18:57.957+0000][1][safepoint    ] Leaving safepoint region
[2019-10-14T08:18:57.959+0000][1][safepoint    ] Total time for which application threads were stopped: 0.0025107 seconds, Stopping threads took: 0.0003613 seconds
[2019-10-14T08:18:59.005+0000][1][safepoint    ] Application time: 1.0409589 seconds
[2019-10-14T08:18:59.005+0000][1][safepoint    ] Entering safepoint region: Cleanup
[2019-10-14T08:18:59.006+0000][1][safepoint    ] Leaving safepoint region
[2019-10-14T08:18:59.006+0000][1][safepoint    ] Total time for which application threads were stopped: 0.0012510 seconds, Stopping threads took: 0.0005634 seconds
[2019-10-14T08:19:00.008+0000][1][safepoint    ] Application time: 1.0015234 seconds
[2019-10-14T08:19:00.012+0000][1][safepoint    ] Entering safepoint region: Cleanup
[2019-10-14T08:19:00.013+0000][1][safepoint    ] Leaving safepoint region
[2019-10-14T08:19:00.013+0000][1][safepoint    ] Total time for which application threads were stopped: 0.0009005 seconds, Stopping threads took: 0.0003944 seconds
[2019-10-14T08:19:01.015+0000][1][safepoint    ] Application time: 1.0012184 seconds
[2019-10-14T08:19:01.016+0000][1][safepoint    ] Entering safepoint region: Cleanup
[2019-10-14T08:19:01.016+0000][1][safepoint    ] Leaving safepoint region
[2019-10-14T08:19:01.016+0000][1][safepoint    ] Total time for which application threads were stopped: 0.0009891 seconds, Stopping threads took: 0.0005122 seconds
[2019-10-14T08:19:02.018+0000][1][safepoint    ] Application time: 1.0012600 seconds
[2019-10-14T08:19:02.019+0000][1][safepoint    ] Entering safepoint region: Cleanup
[2019-10-14T08:19:02.019+0000][1][safepoint    ] Leaving safepoint region
[2019-10-14T08:19:02.020+0000][1][safepoint    ] Total time for which application threads were stopped: 0.0010466 seconds, Stopping threads took: 0.0005112 seconds
[2019-10-14T08:19:02.999+0000][1][safepoint    ] Application time: 1.0001838 seconds
[2019-10-14T08:19:03.000+0000][1][safepoint    ] Entering safepoint region: Cleanup
[2019-10-14T08:19:03.001+0000][1][safepoint    ] Leaving safepoint region
[2019-10-14T08:19:03.002+0000][1][safepoint    ] Total time for which application threads were stopped: 0.0024502 seconds, Stopping threads took: 0.0006041 seconds
[2019-10-14T08:19:04.015+0000][1][safepoint    ] Application time: 1.0121399 seconds
[2019-10-14T08:19:04.017+0000][1][safepoint    ] Entering safepoint region: Cleanup
[2019-10-14T08:19:04.018+0000][1][safepoint    ] Leaving safepoint region
[2019-10-14T08:19:04.018+0000][1][safepoint    ] Total time for which application threads were stopped: 0.0010101 seconds, Stopping threads took: 0.0005019 seconds
[2019-10-14T08:19:05.019+0000][1][safepoint    ] Application time: 1.0002676 seconds
[2019-10-14T08:19:05.019+0000][1][safepoint    ] Entering safepoint region: Cleanup
[2019-10-14T08:19:05.020+0000][1][safepoint    ] Leaving safepoint region
[2019-10-14T08:19:05.021+0000][1][safepoint    ] Total time for which application threads were stopped: 0.0016261 seconds, Stopping threads took: 0.0005073 seconds
[2019-10-14T08:19:06.025+0000][1][safepoint    ] Application time: 1.0035354 seconds
[2019-10-14T08:19:06.034+0000][1][safepoint    ] Entering safepoint region: Cleanup
[2019-10-14T08:19:06.044+0000][1][safepoint    ] Leaving safepoint region
[2019-10-14T08:19:06.048+0000][1][safepoint    ] Total time for which application threads were stopped: 0.0138060 seconds, Stopping threads took: 0.0097777 seconds
[2019-10-14T08:19:07.059+0000][1][safepoint    ] Application time: 1.0094057 seconds
[2019-10-14T08:19:07.070+0000][1][safepoint    ] Entering safepoint region: Cleanup
[2019-10-14T08:19:07.075+0000][1][safepoint    ] Leaving safepoint region
[2019-10-14T08:19:07.081+0000][1][safepoint    ] Total time for which application threads were stopped: 0.0108237 seconds, Stopping threads took: 0.0054205 seconds
[2019-10-14T08:19:08.082+0000][1][safepoint    ] Application time: 1.0002637 seconds
[2019-10-14T08:19:08.083+0000][1][safepoint    ] Entering safepoint region: Cleanup
[2019-10-14T08:19:08.083+0000][1][safepoint    ] Leaving safepoint region
[2019-10-14T08:19:08.084+0000][1][safepoint    ] Total time for which application threads were stopped: 0.0010876 seconds, Stopping threads took: 0.0004700 seconds
[2019-10-14T08:19:09.119+0000][1][safepoint    ] Application time: 1.0337592 seconds
[2019-10-14T08:19:09.122+0000][1][safepoint    ] Entering safepoint region: Cleanup
[2019-10-14T08:19:09.139+0000][1][safepoint    ] Leaving safepoint region
[2019-10-14T08:19:09.140+0000][1][safepoint    ] Total time for which application threads were stopped: 0.0178357 seconds, Stopping threads took: 0.0171416 seconds
[2019-10-14T08:19:10.164+0000][1][safepoint    ] Application time: 1.0229572 seconds
[2019-10-14T08:19:10.164+0000][1][safepoint    ] Entering safepoint region: Cleanup
[2019-10-14T08:19:10.181+0000][1][safepoint    ] Leaving safepoint region
[2019-10-14T08:19:10.182+0000][1][safepoint    ] Total time for which application threads were stopped: 0.0175072 seconds, Stopping threads took: 0.0163622 seconds
[2019-10-14T08:19:11.183+0000][1][safepoint    ] Application time: 1.0009900 seconds
[2019-10-14T08:19:11.184+0000][1][safepoint    ] Entering safepoint region: Cleanup
[2019-10-14T08:19:11.185+0000][1][safepoint    ] Leaving safepoint region
[2019-10-14T08:19:11.185+0000][1][safepoint    ] Total time for which application threads were stopped: 0.0010986 seconds, Stopping threads took: 0.0004748 seconds
[2019-10-14T08:19:12.186+0000][1][safepoint    ] Application time: 1.0003197 seconds
[2019-10-14T08:19:12.187+0000][1][safepoint    ] Entering safepoint region: Cleanup
[2019-10-14T08:19:12.188+0000][1][safepoint    ] Leaving safepoint region
[2019-10-14T08:19:12.188+0000][1][safepoint    ] Total time for which application threads were stopped: 0.0010648 seconds, Stopping threads took: 0.0005443 seconds
[2019-10-14T08:19:13.191+0000][1][safepoint    ] Application time: 1.0020545 seconds
[2019-10-14T08:19:13.192+0000][1][safepoint    ] Entering safepoint region: Cleanup
[2019-10-14T08:19:13.193+0000][1][safepoint    ] Leaving safepoint region
[2019-10-14T08:19:13.194+0000][1][safepoint    ] Total time for which application threads were stopped: 0.0019965 seconds, Stopping threads took: 0.0010199 seconds
[2019-10-14T08:19:14.196+0000][1][safepoint    ] Application time: 1.0010365 seconds
[2019-10-14T08:19:14.196+0000][1][safepoint    ] Entering safepoint region: Cleanup
[2019-10-14T08:19:14.198+0000][1][safepoint    ] Leaving safepoint region
[2019-10-14T08:19:14.203+0000][1][safepoint    ] Total time for which application threads were stopped: 0.0065994 seconds, Stopping threads took: 0.0014922 seconds
[2019-10-14T08:19:15.889+0000][1][safepoint    ] Application time: 1.6838509 seconds
[2019-10-14T08:19:15.890+0000][1][safepoint    ] Entering safepoint region: Cleanup
[2019-10-14T08:19:15.891+0000][1][safepoint    ] Leaving safepoint region
[2019-10-14T08:19:15.892+0000][1][safepoint    ] Total time for which application threads were stopped: 0.0017880 seconds, Stopping threads took: 0.0007687 seconds
[2019-10-14T08:19:16.894+0000][1][safepoint    ] Application time: 1.0010015 seconds
[2019-10-14T08:19:16.894+0000][1][safepoint    ] Entering safepoint region: Cleanup
[2019-10-14T08:19:16.895+0000][1][safepoint    ] Leaving safepoint region
[2019-10-14T08:19:16.896+0000][1][safepoint    ] Total time for which application threads were stopped: 0.0014474 seconds, Stopping threads took: 0.0006845 seconds
[2019-10-14T08:19:17.897+0000][1][safepoint    ] Application time: 1.0008325 seconds
[2019-10-14T08:19:17.898+0000][1][safepoint    ] Entering safepoint region: Cleanup
[2019-10-14T08:19:17.899+0000][1][safepoint    ] Leaving safepoint region
[2019-10-14T08:19:17.899+0000][1][safepoint    ] Total time for which application threads were stopped: 0.0012936 seconds, Stopping threads took: 0.0006374 seconds
[2019-10-14T08:19:18.903+0000][1][safepoint    ] Application time: 1.0029883 seconds
[2019-10-14T08:19:18.904+0000][1][safepoint    ] Entering safepoint region: Cleanup
[2019-10-14T08:19:18.905+0000][1][safepoint    ] Leaving safepoint region
[2019-10-14T08:19:18.906+0000][1][safepoint    ] Total time for which application threads were stopped: 0.0017593 seconds, Stopping threads took: 0.0009358 seconds
[2019-10-14T08:19:19.907+0000][1][safepoint    ] Application time: 1.0006195 seconds
[2019-10-14T08:19:19.909+0000][1][safepoint    ] Entering safepoint region: Cleanup
[2019-10-14T08:19:19.910+0000][1][safepoint    ] Leaving safepoint region
[2019-10-14T08:19:19.911+0000][1][safepoint    ] Total time for which application threads were stopped: 0.0022688 seconds, Stopping threads took: 0.0011810 seconds
[2019-10-14T08:19:20.912+0000][1][safepoint    ] Application time: 1.0007313 seconds
[2019-10-14T08:19:20.913+0000][1][safepoint    ] Entering safepoint region: Cleanup
[2019-10-14T08:19:20.914+0000][1][safepoint    ] Leaving safepoint region
[2019-10-14T08:19:20.914+0000][1][safepoint    ] Total time for which application threads were stopped: 0.0011533 seconds, Stopping threads took: 0.0005073 seconds
[2019-10-14T08:19:21.916+0000][1][safepoint    ] Application time: 1.0013076 seconds
[2019-10-14T08:19:21.917+0000][1][safepoint    ] Entering safepoint region: Cleanup
[2019-10-14T08:19:21.918+0000][1][safepoint    ] Leaving safepoint region
[2019-10-14T08:19:21.922+0000][1][safepoint    ] Total time for which application threads were stopped: 0.0046603 seconds, Stopping threads took: 0.0010641 seconds
[2019-10-14T08:19:22.926+0000][1][safepoint    ] Application time: 1.0018026 seconds
[2019-10-14T08:19:22.927+0000][1][safepoint    ] Entering safepoint region: Cleanup
[2019-10-14T08:19:22.928+0000][1][safepoint    ] Leaving safepoint region
[2019-10-14T08:19:22.929+0000][1][safepoint    ] Total time for which application threads were stopped: 0.0017429 seconds, Stopping threads took: 0.0009603 seconds
[2019-10-14T08:19:23.931+0000][1][safepoint    ] Application time: 1.0010160 seconds
[2019-10-14T08:19:23.933+0000][1][safepoint    ] Entering safepoint region: Cleanup
[2019-10-14T08:19:23.934+0000][1][safepoint    ] Leaving safepoint region
[2019-10-14T08:19:23.937+0000][1][safepoint    ] Total time for which application threads were stopped: 0.0045673 seconds, Stopping threads took: 0.0009430 seconds
[2019-10-14T08:19:24.945+0000][1][safepoint    ] Application time: 1.0049086 seconds
[2019-10-14T08:19:24.946+0000][1][safepoint    ] Entering safepoint region: Cleanup
[2019-10-14T08:19:24.947+0000][1][safepoint    ] Leaving safepoint region
[2019-10-14T08:19:24.947+0000][1][safepoint    ] Total time for which application threads were stopped: 0.0013640 seconds, Stopping threads took: 0.0007026 seconds
[2019-10-14T08:19:25.948+0000][1][safepoint    ] Application time: 1.0002284 seconds
[2019-10-14T08:19:25.949+0000][1][safepoint    ] Entering safepoint region: Cleanup
[2019-10-14T08:19:25.950+0000][1][safepoint    ] Leaving safepoint region
[2019-10-14T08:19:25.951+0000][1][safepoint    ] Total time for which application threads were stopped: 0.0016073 seconds, Stopping threads took: 0.0008170 seconds
[2019-10-14T08:19:26.953+0000][1][safepoint    ] Application time: 1.0014963 seconds
[2019-10-14T08:19:26.954+0000][1][safepoint    ] Entering safepoint region: Cleanup
[2019-10-14T08:19:26.954+0000][1][safepoint    ] Leaving safepoint region
[2019-10-14T08:19:26.955+0000][1][safepoint    ] Total time for which application threads were stopped: 0.0012388 seconds, Stopping threads took: 0.0005735 seconds
[2019-10-14T08:19:27.958+0000][1][safepoint    ] Application time: 1.0020598 seconds
[2019-10-14T08:19:27.958+0000][1][safepoint    ] Entering safepoint region: Cleanup
[2019-10-14T08:19:27.959+0000][1][safepoint    ] Leaving safepoint region
[2019-10-14T08:19:27.960+0000][1][safepoint    ] Total time for which application threads were stopped: 0.0012486 seconds, Stopping threads took: 0.0004943 seconds
[2019-10-14T08:19:28.960+0000][1][safepoint    ] Application time: 1.0003009 seconds
[2019-10-14T08:19:28.962+0000][1][safepoint    ] Entering safepoint region: Cleanup
[2019-10-14T08:19:28.962+0000][1][safepoint    ] Leaving safepoint region
[2019-10-14T08:19:28.963+0000][1][safepoint    ] Total time for which application threads were stopped: 0.0015853 seconds, Stopping threads took: 0.0006447 seconds
[2019-10-14T08:19:29.965+0000][1][safepoint    ] Application time: 1.0006769 seconds
[2019-10-14T08:19:29.966+0000][1][safepoint    ] Entering safepoint region: Cleanup
[2019-10-14T08:19:29.966+0000][1][safepoint    ] Leaving safepoint region
[2019-10-14T08:19:29.967+0000][1][safepoint    ] Total time for which application threads were stopped: 0.0012545 seconds, Stopping threads took: 0.0006423 seconds
[2019-10-14T08:19:30.968+0000][1][safepoint    ] Application time: 1.0003728 seconds
[2019-10-14T08:19:30.968+0000][1][safepoint    ] Entering safepoint region: Cleanup
[2019-10-14T08:19:30.968+0000][1][safepoint    ] Leaving safepoint region
[2019-10-14T08:19:30.969+0000][1][safepoint    ] Total time for which application threads were stopped: 0.0006400 seconds, Stopping threads took: 0.0003364 seconds
[2019-10-14T08:19:31.969+0000][1][safepoint    ] Application time: 1.0000954 seconds
[2019-10-14T08:19:31.970+0000][1][safepoint    ] Entering safepoint region: Cleanup
[2019-10-14T08:19:31.971+0000][1][safepoint    ] Leaving safepoint region
[2019-10-14T08:19:31.973+0000][1][safepoint    ] Total time for which application threads were stopped: 0.0030064 seconds, Stopping threads took: 0.0015719 seconds
[2019-10-14T08:19:32.955+0000][1][safepoint    ] Application time: 1.0019392 seconds
[2019-10-14T08:19:32.956+0000][1][safepoint    ] Entering safepoint region: Cleanup
[2019-10-14T08:19:32.956+0000][1][safepoint    ] Leaving safepoint region
[2019-10-14T08:19:32.957+0000][1][safepoint    ] Total time for which application threads were stopped: 0.0008563 seconds, Stopping threads took: 0.0003520 seconds
[2019-10-14T08:19:33.957+0000][1][safepoint    ] Application time: 1.0001104 seconds
[2019-10-14T08:19:33.958+0000][1][safepoint    ] Entering safepoint region: Cleanup
[2019-10-14T08:19:33.958+0000][1][safepoint    ] Leaving safepoint region
[2019-10-14T08:19:33.959+0000][1][safepoint    ] Total time for which application threads were stopped: 0.0010527 seconds, Stopping threads took: 0.0004578 seconds
[2019-10-14T08:19:34.960+0000][1][safepoint    ] Application time: 1.0004882 seconds
[2019-10-14T08:19:34.960+0000][1][safepoint    ] Entering safepoint region: Cleanup
[2019-10-14T08:19:34.960+0000][1][safepoint    ] Leaving safepoint region
[2019-10-14T08:19:34.961+0000][1][safepoint    ] Total time for which application threads were stopped: 0.0006969 seconds, Stopping threads took: 0.0002909 seconds
[2019-10-14T08:19:35.961+0000][1][safepoint    ] Application time: 1.0003632 seconds
[2019-10-14T08:19:35.962+0000][1][safepoint    ] Entering safepoint region: Cleanup
[2019-10-14T08:19:35.962+0000][1][safepoint    ] Leaving safepoint region
[2019-10-14T08:19:35.963+0000][1][safepoint    ] Total time for which application threads were stopped: 0.0006369 seconds, Stopping threads took: 0.0003067 seconds
[2019-10-14T08:19:36.963+0000][1][safepoint    ] Application time: 1.0002768 seconds
[2019-10-14T08:19:36.964+0000][1][safepoint    ] Entering safepoint region: Cleanup
[2019-10-14T08:19:36.964+0000][1][safepoint    ] Leaving safepoint region
[2019-10-14T08:19:36.964+0000][1][safepoint    ] Total time for which application threads were stopped: 0.0006681 seconds, Stopping threads took: 0.0003433 seconds
[2019-10-14T08:19:37.965+0000][1][safepoint    ] Application time: 1.0004987 seconds
[2019-10-14T08:19:37.966+0000][1][safepoint    ] Entering safepoint region: Cleanup
[2019-10-14T08:19:37.966+0000][1][safepoint    ] Leaving safepoint region
[2019-10-14T08:19:37.967+0000][1][safepoint    ] Total time for which application threads were stopped: 0.0009793 seconds, Stopping threads took: 0.0004961 seconds
[2019-10-14T08:19:38.967+0000][1][safepoint    ] Application time: 1.0002087 seconds
[2019-10-14T08:19:38.968+0000][1][safepoint    ] Entering safepoint region: Cleanup
[2019-10-14T08:19:38.969+0000][1][safepoint    ] Leaving safepoint region
[2019-10-14T08:19:38.969+0000][1][safepoint    ] Total time for which application threads were stopped: 0.0008694 seconds, Stopping threads took: 0.0005572 seconds
[2019-10-14T08:19:39.973+0000][1][safepoint    ] Application time: 1.0044884 seconds
[2019-10-14T08:19:39.974+0000][1][safepoint    ] Entering safepoint region: Cleanup
[2019-10-14T08:19:39.975+0000][1][safepoint    ] Leaving safepoint region
[2019-10-14T08:19:39.976+0000][1][safepoint    ] Total time for which application threads were stopped: 0.0012727 seconds, Stopping threads took: 0.0006218 seconds
[2019-10-14T08:19:40.979+0000][1][safepoint    ] Application time: 1.0010946 seconds
[2019-10-14T08:19:40.980+0000][1][safepoint    ] Entering safepoint region: Cleanup
[2019-10-14T08:19:40.981+0000][1][safepoint    ] Leaving safepoint region
[2019-10-14T08:19:40.982+0000][1][safepoint    ] Total time for which application threads were stopped: 0.0015638 seconds, Stopping threads took: 0.0005756 seconds
[2019-10-14T08:19:41.986+0000][1][safepoint    ] Application time: 1.0034450 seconds
[2019-10-14T08:19:41.986+0000][1][safepoint    ] Entering safepoint region: Cleanup
[2019-10-14T08:19:41.986+0000][1][safepoint    ] Leaving safepoint region
[2019-10-14T08:19:41.987+0000][1][safepoint    ] Total time for which application threads were stopped: 0.0007925 seconds, Stopping threads took: 0.0003648 seconds
[2019-10-14T08:19:42.988+0000][1][safepoint    ] Application time: 1.0007531 seconds
[2019-10-14T08:19:42.988+0000][1][safepoint    ] Entering safepoint region: Cleanup
[2019-10-14T08:19:42.989+0000][1][safepoint    ] Leaving safepoint region
[2019-10-14T08:19:42.989+0000][1][safepoint    ] Total time for which application threads were stopped: 0.0008341 seconds, Stopping threads took: 0.0004103 seconds
[2019-10-14T08:19:43.990+0000][1][safepoint    ] Application time: 1.0004259 seconds
[2019-10-14T08:19:43.991+0000][1][safepoint    ] Entering safepoint region: Cleanup
[2019-10-14T08:19:43.991+0000][1][safepoint    ] Leaving safepoint region
[2019-10-14T08:19:43.992+0000][1][safepoint    ] Total time for which application threads were stopped: 0.0012515 seconds, Stopping threads took: 0.0006239 seconds
[2019-10-14T08:19:44.993+0000][1][safepoint    ] Application time: 1.0010376 seconds
[2019-10-14T08:19:44.995+0000][1][safepoint    ] Entering safepoint region: Cleanup
[2019-10-14T08:19:44.995+0000][1][safepoint    ] Leaving safepoint region
[2019-10-14T08:19:44.996+0000][1][safepoint    ] Total time for which application threads were stopped: 0.0011387 seconds, Stopping threads took: 0.0005189 seconds
[2019-10-14T08:19:45.997+0000][1][safepoint    ] Application time: 1.0002030 seconds
[2019-10-14T08:19:45.997+0000][1][safepoint    ] Entering safepoint region: Cleanup
[2019-10-14T08:19:45.998+0000][1][safepoint    ] Leaving safepoint region
[2019-10-14T08:19:45.998+0000][1][safepoint    ] Total time for which application threads were stopped: 0.0009879 seconds, Stopping threads took: 0.0005051 seconds
[2019-10-14T08:19:46.999+0000][1][safepoint    ] Application time: 1.0002446 seconds
[2019-10-14T08:19:47.000+0000][1][safepoint    ] Entering safepoint region: Cleanup
[2019-10-14T08:19:47.000+0000][1][safepoint    ] Leaving safepoint region
[2019-10-14T08:19:47.001+0000][1][safepoint    ] Total time for which application threads were stopped: 0.0009709 seconds, Stopping threads took: 0.0005293 seconds
[2019-10-14T08:19:48.001+0000][1][safepoint    ] Application time: 1.0001421 seconds
[2019-10-14T08:19:48.002+0000][1][safepoint    ] Entering safepoint region: Cleanup
[2019-10-14T08:19:48.002+0000][1][safepoint    ] Leaving safepoint region
[2019-10-14T08:19:48.003+0000][1][safepoint    ] Total time for which application threads were stopped: 0.0009621 seconds, Stopping threads took: 0.0004304 seconds
[2019-10-14T08:19:49.005+0000][1][safepoint    ] Application time: 1.0021490 seconds
[2019-10-14T08:19:49.006+0000][1][safepoint    ] Entering safepoint region: Cleanup
[2019-10-14T08:19:49.007+0000][1][safepoint    ] Leaving safepoint region
[2019-10-14T08:19:49.008+0000][1][safepoint    ] Total time for which application threads were stopped: 0.0015719 seconds, Stopping threads took: 0.0009385 seconds
[2019-10-14T08:19:50.012+0000][1][safepoint    ] Application time: 1.0032051 seconds
[2019-10-14T08:19:50.012+0000][1][safepoint    ] Entering safepoint region: Cleanup
[2019-10-14T08:19:50.013+0000][1][safepoint    ] Leaving safepoint region
[2019-10-14T08:19:50.014+0000][1][safepoint    ] Total time for which application threads were stopped: 0.0015169 seconds, Stopping threads took: 0.0006529 seconds
[2019-10-14T08:19:51.015+0000][1][safepoint    ] Application time: 1.0005528 seconds
[2019-10-14T08:19:51.016+0000][1][safepoint    ] Entering safepoint region: Cleanup
[2019-10-14T08:19:51.016+0000][1][safepoint    ] Leaving safepoint region
[2019-10-14T08:19:51.017+0000][1][safepoint    ] Total time for which application threads were stopped: 0.0012982 seconds, Stopping threads took: 0.0004561 seconds
[2019-10-14T08:19:52.019+0000][1][safepoint    ] Application time: 1.0006794 seconds
[2019-10-14T08:19:52.022+0000][1][safepoint    ] Entering safepoint region: Cleanup
[2019-10-14T08:19:52.024+0000][1][safepoint    ] Leaving safepoint region
[2019-10-14T08:19:52.025+0000][1][safepoint    ] Total time for which application threads were stopped: 0.0022022 seconds, Stopping threads took: 0.0011560 seconds
[2019-10-14T08:19:53.027+0000][1][safepoint    ] Application time: 1.0015491 seconds
[2019-10-14T08:19:53.033+0000][1][safepoint    ] Entering safepoint region: Cleanup
[2019-10-14T08:19:53.034+0000][1][safepoint    ] Leaving safepoint region
[2019-10-14T08:19:53.034+0000][1][safepoint    ] Total time for which application threads were stopped: 0.0016683 seconds, Stopping threads took: 0.0009681 seconds
[2019-10-14T08:19:54.039+0000][1][safepoint    ] Application time: 1.0034495 seconds
[2019-10-14T08:19:54.039+0000][1][safepoint    ] Entering safepoint region: Cleanup
[2019-10-14T08:19:54.040+0000][1][safepoint    ] Leaving safepoint region
[2019-10-14T08:19:54.040+0000][1][safepoint    ] Total time for which application threads were stopped: 0.0008855 seconds, Stopping threads took: 0.0003778 seconds
[2019-10-14T08:19:55.041+0000][1][safepoint    ] Application time: 1.0003735 seconds
[2019-10-14T08:19:55.041+0000][1][safepoint    ] Entering safepoint region: Cleanup
[2019-10-14T08:19:55.042+0000][1][safepoint    ] Leaving safepoint region
[2019-10-14T08:19:55.043+0000][1][safepoint    ] Total time for which application threads were stopped: 0.0011346 seconds, Stopping threads took: 0.0006106 seconds
[2019-10-14T08:19:56.043+0000][1][safepoint    ] Application time: 1.0002924 seconds
[2019-10-14T08:19:56.044+0000][1][safepoint    ] Entering safepoint region: Cleanup
[2019-10-14T08:19:56.044+0000][1][safepoint    ] Leaving safepoint region
[2019-10-14T08:19:56.045+0000][1][safepoint    ] Total time for which application threads were stopped: 0.0009466 seconds, Stopping threads took: 0.0004253 seconds
[2019-10-14T08:19:57.045+0000][1][safepoint    ] Application time: 1.0002126 seconds
[2019-10-14T08:19:57.046+0000][1][safepoint    ] Entering safepoint region: Cleanup
[2019-10-14T08:19:57.046+0000][1][safepoint    ] Leaving safepoint region
[2019-10-14T08:19:57.047+0000][1][safepoint    ] Total time for which application threads were stopped: 0.0008747 seconds, Stopping threads took: 0.0003293 seconds
[2019-10-14T08:19:58.047+0000][1][safepoint    ] Application time: 1.0001971 seconds
[2019-10-14T08:19:58.048+0000][1][safepoint    ] Entering safepoint region: Cleanup
[2019-10-14T08:19:58.048+0000][1][safepoint    ] Leaving safepoint region
[2019-10-14T08:19:58.048+0000][1][safepoint    ] Total time for which application threads were stopped: 0.0007450 seconds, Stopping threads took: 0.0002876 seconds
[2019-10-14T08:19:59.049+0000][1][safepoint    ] Application time: 1.0001584 seconds
[2019-10-14T08:19:59.049+0000][1][safepoint    ] Entering safepoint region: Cleanup
[2019-10-14T08:19:59.050+0000][1][safepoint    ] Leaving safepoint region
[2019-10-14T08:19:59.050+0000][1][safepoint    ] Total time for which application threads were stopped: 0.0006316 seconds, Stopping threads took: 0.0002865 seconds
[2019-10-14T08:20:00.059+0000][1][safepoint    ] Application time: 1.0092607 seconds
[2019-10-14T08:20:00.061+0000][1][safepoint    ] Entering safepoint region: Cleanup
[2019-10-14T08:20:00.062+0000][1][safepoint    ] Leaving safepoint region
[2019-10-14T08:20:00.062+0000][1][safepoint    ] Total time for which application threads were stopped: 0.0008860 seconds, Stopping threads took: 0.0004758 seconds
[2019-10-14T08:20:01.062+0000][1][safepoint    ] Application time: 1.0001245 seconds
[2019-10-14T08:20:01.063+0000][1][safepoint    ] Entering safepoint region: Cleanup
[2019-10-14T08:20:01.063+0000][1][safepoint    ] Leaving safepoint region
[2019-10-14T08:20:01.064+0000][1][safepoint    ] Total time for which application threads were stopped: 0.0011227 seconds, Stopping threads took: 0.0003767 seconds
[2019-10-14T08:20:02.065+0000][1][safepoint    ] Application time: 1.0010530 seconds
[2019-10-14T08:20:02.066+0000][1][safepoint    ] Entering safepoint region: Cleanup
[2019-10-14T08:20:02.067+0000][1][safepoint    ] Leaving safepoint region
[2019-10-14T08:20:02.067+0000][1][safepoint    ] Total time for which application threads were stopped: 0.0011005 seconds, Stopping threads took: 0.0005940 seconds
[2019-10-14T08:20:03.048+0000][1][safepoint    ] Application time: 1.0021676 seconds
[2019-10-14T08:20:03.049+0000][1][safepoint    ] Entering safepoint region: Cleanup
[2019-10-14T08:20:03.050+0000][1][safepoint    ] Leaving safepoint region
[2019-10-14T08:20:03.050+0000][1][safepoint    ] Total time for which application threads were stopped: 0.0013120 seconds, Stopping threads took: 0.0007088 seconds
[2019-10-14T08:20:04.052+0000][1][safepoint    ] Application time: 1.0014518 seconds
[2019-10-14T08:20:04.053+0000][1][safepoint    ] Entering safepoint region: Cleanup
[2019-10-14T08:20:04.054+0000][1][safepoint    ] Leaving safepoint region
[2019-10-14T08:20:04.054+0000][1][safepoint    ] Total time for which application threads were stopped: 0.0015007 seconds, Stopping threads took: 0.0007629 seconds
[2019-10-14T08:20:05.056+0000][1][safepoint    ] Application time: 1.0013224 seconds
[2019-10-14T08:20:05.058+0000][1][safepoint    ] Entering safepoint region: Cleanup
[2019-10-14T08:20:05.061+0000][1][safepoint    ] Leaving safepoint region
[2019-10-14T08:20:05.063+0000][1][safepoint    ] Total time for which application threads were stopped: 0.0045759 seconds, Stopping threads took: 0.0025544 seconds
[2019-10-14T08:20:06.065+0000][1][safepoint    ] Application time: 1.0009172 seconds
[2019-10-14T08:20:06.066+0000][1][safepoint    ] Entering safepoint region: Cleanup
[2019-10-14T08:20:06.067+0000][1][safepoint    ] Leaving safepoint region
[2019-10-14T08:20:06.067+0000][1][safepoint    ] Total time for which application threads were stopped: 0.0014688 seconds, Stopping threads took: 0.0006609 seconds
[2019-10-14T08:20:07.068+0000][1][safepoint    ] Application time: 1.0004371 seconds
[2019-10-14T08:20:07.069+0000][1][safepoint    ] Entering safepoint region: Cleanup
[2019-10-14T08:20:07.070+0000][1][safepoint    ] Leaving safepoint region
[2019-10-14T08:20:07.070+0000][1][safepoint    ] Total time for which application threads were stopped: 0.0008369 seconds, Stopping threads took: 0.0004561 seconds
[2019-10-14T08:20:12.364+0000][1][safepoint    ] Application time: 5.2934262 seconds
[2019-10-14T08:20:12.364+0000][1][safepoint    ] Entering safepoint region: Cleanup
[2019-10-14T08:20:12.365+0000][1][safepoint    ] Leaving safepoint region
[2019-10-14T08:20:12.365+0000][1][safepoint    ] Total time for which application threads were stopped: 0.0005896 seconds, Stopping threads took: 0.0002456 seconds
[2019-10-14T08:20:28.074+0000][1][safepoint    ] Application time: 15.7090882 seconds
[2019-10-14T08:20:28.075+0000][1][safepoint    ] Entering safepoint region: GenCollectForAllocation
[2019-10-14T08:20:28.075+0000][1][gc,start     ] GC(64) Pause Young (Allocation Failure)
[2019-10-14T08:20:28.076+0000][1][gc,task      ] GC(64) Using 2 workers of 2 for evacuation
[2019-10-14T08:20:28.077+0000][1][gc,age       ] GC(64) Desired survivor size 4456448 bytes, new threshold 6 (max threshold 6)
[2019-10-14T08:20:28.078+0000][1][gc,age       ] GC(64) Age table with threshold 6 (max threshold 6)
[2019-10-14T08:20:28.078+0000][1][gc,age       ] GC(64) - age   1:      17936 bytes,      17936 total
[2019-10-14T08:20:28.078+0000][1][gc,age       ] GC(64) - age   2:       1640 bytes,      19576 total
[2019-10-14T08:20:28.079+0000][1][gc,age       ] GC(64) - age   3:         56 bytes,      19632 total
[2019-10-14T08:20:28.079+0000][1][gc,age       ] GC(64) - age   4:       1120 bytes,      20752 total
[2019-10-14T08:20:28.080+0000][1][gc,age       ] GC(64) - age   5:      29576 bytes,      50328 total
[2019-10-14T08:20:28.080+0000][1][gc,age       ] GC(64) - age   6:      17384 bytes,      67712 total
[2019-10-14T08:20:28.081+0000][1][gc,heap      ] GC(64) ParNew: 70019K->123K(78656K)
[2019-10-14T08:20:28.082+0000][1][gc,heap      ] GC(64) CMS: 81643K->81643K(174784K)
[2019-10-14T08:20:28.083+0000][1][gc,metaspace ] GC(64) Metaspace: 84173K->84173K(1126400K)
[2019-10-14T08:20:28.084+0000][1][gc           ] GC(64) Pause Young (Allocation Failure) 148M->79M(247M) 8.330ms
[2019-10-14T08:20:28.084+0000][1][gc,cpu       ] GC(64) User=0.00s Sys=0.00s Real=0.01s
[2019-10-14T08:20:28.084+0000][1][safepoint    ] Leaving safepoint region
[2019-10-14T08:20:28.085+0000][1][safepoint    ] Total time for which application threads were stopped: 0.0100397 seconds, Stopping threads took: 0.0003159 seconds
[2019-10-14T08:21:12.057+0000][1][safepoint    ] Application time: 44.0151870 seconds
[2019-10-14T08:21:12.057+0000][1][safepoint    ] Entering safepoint region: Cleanup
[2019-10-14T08:21:12.058+0000][1][safepoint    ] Leaving safepoint region
[2019-10-14T08:21:12.058+0000][1][safepoint    ] Total time for which application threads were stopped: 0.0007534 seconds, Stopping threads took: 0.0003161 seconds
[2019-10-14T08:21:13.058+0000][1][safepoint    ] Application time: 1.0001179 seconds
[2019-10-14T08:21:13.059+0000][1][safepoint    ] Entering safepoint region: Cleanup
[2019-10-14T08:21:13.059+0000][1][safepoint    ] Leaving safepoint region
[2019-10-14T08:21:13.060+0000][1][safepoint    ] Total time for which application threads were stopped: 0.0008364 seconds, Stopping threads took: 0.0004491 seconds
[2019-10-14T08:21:16.063+0000][1][safepoint    ] Application time: 3.0028737 seconds
[2019-10-14T08:21:16.064+0000][1][safepoint    ] Entering safepoint region: Cleanup
[2019-10-14T08:21:16.064+0000][1][safepoint    ] Leaving safepoint region
[2019-10-14T08:21:16.065+0000][1][safepoint    ] Total time for which application threads were stopped: 0.0010717 seconds, Stopping threads took: 0.0005505 seconds
[2019-10-14T08:21:25.077+0000][1][safepoint    ] Application time: 9.0120340 seconds
[2019-10-14T08:21:25.078+0000][1][safepoint    ] Entering safepoint region: Cleanup
[2019-10-14T08:21:25.078+0000][1][safepoint    ] Leaving safepoint region
[2019-10-14T08:21:25.079+0000][1][safepoint    ] Total time for which application threads were stopped: 0.0010184 seconds, Stopping threads took: 0.0004784 seconds
[2019-10-14T08:21:54.076+0000][1][safepoint    ] Application time: 29.0188540 seconds
[2019-10-14T08:21:54.077+0000][1][safepoint    ] Entering safepoint region: Cleanup
[2019-10-14T08:21:54.077+0000][1][safepoint    ] Leaving safepoint region
[2019-10-14T08:21:54.078+0000][1][safepoint    ] Total time for which application threads were stopped: 0.0008603 seconds, Stopping threads took: 0.0004041 seconds
[2019-10-14T08:22:05.918+0000][1][safepoint    ] Application time: 11.8613185 seconds
[2019-10-14T08:22:05.919+0000][1][safepoint    ] Entering safepoint region: GenCollectForAllocation
[2019-10-14T08:22:05.920+0000][1][gc,start     ] GC(65) Pause Young (Allocation Failure)
[2019-10-14T08:22:05.920+0000][1][gc,task      ] GC(65) Using 2 workers of 2 for evacuation
[2019-10-14T08:22:05.924+0000][1][gc,age       ] GC(65) Desired survivor size 4456448 bytes, new threshold 6 (max threshold 6)
[2019-10-14T08:22:05.924+0000][1][gc,age       ] GC(65) Age table with threshold 6 (max threshold 6)
[2019-10-14T08:22:05.925+0000][1][gc,age       ] GC(65) - age   1:      17328 bytes,      17328 total
[2019-10-14T08:22:05.925+0000][1][gc,age       ] GC(65) - age   2:       2432 bytes,      19760 total
[2019-10-14T08:22:05.925+0000][1][gc,age       ] GC(65) - age   3:       1520 bytes,      21280 total
[2019-10-14T08:22:05.926+0000][1][gc,age       ] GC(65) - age   4:         56 bytes,      21336 total
[2019-10-14T08:22:05.926+0000][1][gc,age       ] GC(65) - age   5:       1120 bytes,      22456 total
[2019-10-14T08:22:05.926+0000][1][gc,age       ] GC(65) - age   6:      29576 bytes,      52032 total
[2019-10-14T08:22:05.926+0000][1][gc,heap      ] GC(65) ParNew: 70075K->67K(78656K)
[2019-10-14T08:22:05.927+0000][1][gc,heap      ] GC(65) CMS: 81643K->81661K(174784K)
[2019-10-14T08:22:05.927+0000][1][gc,metaspace ] GC(65) Metaspace: 84187K->84187K(1126400K)
[2019-10-14T08:22:05.927+0000][1][gc           ] GC(65) Pause Young (Allocation Failure) 148M->79M(247M) 7.652ms
[2019-10-14T08:22:05.928+0000][1][gc,cpu       ] GC(65) User=0.00s Sys=0.01s Real=0.00s
[2019-10-14T08:22:05.928+0000][1][safepoint    ] Leaving safepoint region
[2019-10-14T08:22:05.928+0000][1][safepoint    ] Total time for which application threads were stopped: 0.0093426 seconds, Stopping threads took: 0.0003871 seconds
[2019-10-14T08:22:25.952+0000][1][safepoint    ] Application time: 20.0235462 seconds
[2019-10-14T08:22:25.953+0000][1][safepoint    ] Entering safepoint region: Cleanup
[2019-10-14T08:22:25.954+0000][1][safepoint    ] Leaving safepoint region
[2019-10-14T08:22:25.954+0000][1][safepoint    ] Total time for which application threads were stopped: 0.0014304 seconds, Stopping threads took: 0.0007448 seconds
[2019-10-14T08:22:30.957+0000][1][safepoint    ] Application time: 5.0016970 seconds
[2019-10-14T08:22:30.957+0000][1][safepoint    ] Entering safepoint region: Cleanup
[2019-10-14T08:22:30.958+0000][1][safepoint    ] Leaving safepoint region
[2019-10-14T08:22:30.958+0000][1][safepoint    ] Total time for which application threads were stopped: 0.0008549 seconds, Stopping threads took: 0.0003546 seconds
[2019-10-14T08:22:40.945+0000][1][safepoint    ] Application time: 10.0083250 seconds
[2019-10-14T08:22:40.946+0000][1][safepoint    ] Entering safepoint region: Cleanup
[2019-10-14T08:22:40.947+0000][1][safepoint    ] Leaving safepoint region
[2019-10-14T08:22:40.948+0000][1][safepoint    ] Total time for which application threads were stopped: 0.0012659 seconds, Stopping threads took: 0.0006624 seconds
[2019-10-14T08:22:44.949+0000][1][safepoint    ] Application time: 4.0012321 seconds
[2019-10-14T08:22:44.950+0000][1][safepoint    ] Entering safepoint region: Cleanup
[2019-10-14T08:22:44.951+0000][1][safepoint    ] Leaving safepoint region
[2019-10-14T08:22:44.952+0000][1][safepoint    ] Total time for which application threads were stopped: 0.0014588 seconds, Stopping threads took: 0.0007923 seconds
[2019-10-14T08:23:00.971+0000][1][safepoint    ] Application time: 16.0184626 seconds
[2019-10-14T08:23:00.972+0000][1][safepoint    ] Entering safepoint region: Cleanup
[2019-10-14T08:23:00.972+0000][1][safepoint    ] Leaving safepoint region
[2019-10-14T08:23:00.973+0000][1][safepoint    ] Total time for which application threads were stopped: 0.0012316 seconds, Stopping threads took: 0.0006414 seconds
[2019-10-14T08:23:03.952+0000][1][safepoint    ] Application time: 3.0006500 seconds
[2019-10-14T08:23:03.953+0000][1][safepoint    ] Entering safepoint region: Cleanup
[2019-10-14T08:23:03.954+0000][1][safepoint    ] Leaving safepoint region
[2019-10-14T08:23:03.955+0000][1][safepoint    ] Total time for which application threads were stopped: 0.0014904 seconds, Stopping threads took: 0.0007551 seconds
[2019-10-14T08:23:09.958+0000][1][safepoint    ] Application time: 6.0025780 seconds
[2019-10-14T08:23:09.958+0000][1][safepoint    ] Entering safepoint region: Cleanup
[2019-10-14T08:23:09.959+0000][1][safepoint    ] Leaving safepoint region
[2019-10-14T08:23:09.959+0000][1][safepoint    ] Total time for which application threads were stopped: 0.0009100 seconds, Stopping threads took: 0.0004430 seconds
[2019-10-14T08:23:42.443+0000][1][safepoint    ] Application time: 32.5055474 seconds
[2019-10-14T08:23:42.443+0000][1][safepoint    ] Entering safepoint region: GenCollectForAllocation
[2019-10-14T08:23:42.444+0000][1][gc,start     ] GC(66) Pause Young (Allocation Failure)
[2019-10-14T08:23:42.445+0000][1][gc,task      ] GC(66) Using 2 workers of 2 for evacuation
[2019-10-14T08:23:42.447+0000][1][gc,age       ] GC(66) Desired survivor size 4456448 bytes, new threshold 6 (max threshold 6)
[2019-10-14T08:23:42.448+0000][1][gc,age       ] GC(66) Age table with threshold 6 (max threshold 6)
[2019-10-14T08:23:42.448+0000][1][gc,age       ] GC(66) - age   1:      87768 bytes,      87768 total
[2019-10-14T08:23:42.449+0000][1][gc,age       ] GC(66) - age   2:        864 bytes,      88632 total
[2019-10-14T08:23:42.449+0000][1][gc,age       ] GC(66) - age   3:       2432 bytes,      91064 total
[2019-10-14T08:23:42.449+0000][1][gc,age       ] GC(66) - age   4:       1464 bytes,      92528 total
[2019-10-14T08:23:42.450+0000][1][gc,age       ] GC(66) - age   5:         56 bytes,      92584 total
[2019-10-14T08:23:42.450+0000][1][gc,age       ] GC(66) - age   6:       1000 bytes,      93584 total
[2019-10-14T08:23:42.450+0000][1][gc,heap      ] GC(66) ParNew: 70019K->113K(78656K)
[2019-10-14T08:23:42.451+0000][1][gc,heap      ] GC(66) CMS: 81661K->81690K(174784K)
[2019-10-14T08:23:42.451+0000][1][gc,metaspace ] GC(66) Metaspace: 84203K->84203K(1126400K)
[2019-10-14T08:23:42.452+0000][1][gc           ] GC(66) Pause Young (Allocation Failure) 148M->79M(247M) 7.391ms
[2019-10-14T08:23:42.452+0000][1][gc,cpu       ] GC(66) User=0.00s Sys=0.00s Real=0.01s
[2019-10-14T08:23:42.452+0000][1][safepoint    ] Leaving safepoint region
[2019-10-14T08:23:42.453+0000][1][safepoint    ] Total time for which application threads were stopped: 0.0091823 seconds, Stopping threads took: 0.0004876 seconds
[2019-10-14T08:24:04.452+0000][1][safepoint    ] Application time: 22.0193948 seconds
[2019-10-14T08:24:04.453+0000][1][safepoint    ] Entering safepoint region: Cleanup
[2019-10-14T08:24:04.454+0000][1][safepoint    ] Leaving safepoint region
[2019-10-14T08:24:04.455+0000][1][safepoint    ] Total time for which application threads were stopped: 0.0022115 seconds, Stopping threads took: 0.0007410 seconds
[2019-10-14T08:24:06.458+0000][1][safepoint    ] Application time: 2.0018885 seconds
[2019-10-14T08:24:06.458+0000][1][safepoint    ] Entering safepoint region: Cleanup
[2019-10-14T08:24:06.459+0000][1][safepoint    ] Leaving safepoint region
[2019-10-14T08:24:06.460+0000][1][safepoint    ] Total time for which application threads were stopped: 0.0013080 seconds, Stopping threads took: 0.0006254 seconds
[2019-10-14T08:25:13.517+0000][1][safepoint    ] Application time: 67.0990414 seconds
[2019-10-14T08:25:13.518+0000][1][safepoint    ] Entering safepoint region: Cleanup
[2019-10-14T08:25:13.518+0000][1][safepoint    ] Leaving safepoint region
[2019-10-14T08:25:13.519+0000][1][safepoint    ] Total time for which application threads were stopped: 0.0011839 seconds, Stopping threads took: 0.0005693 seconds
[2019-10-14T08:25:18.868+0000][1][safepoint    ] Application time: 5.3486034 seconds
[2019-10-14T08:25:18.869+0000][1][safepoint    ] Entering safepoint region: GenCollectForAllocation
[2019-10-14T08:25:18.869+0000][1][gc,start     ] GC(67) Pause Young (Allocation Failure)
[2019-10-14T08:25:18.870+0000][1][gc,task      ] GC(67) Using 2 workers of 2 for evacuation
[2019-10-14T08:25:18.872+0000][1][gc,age       ] GC(67) Desired survivor size 4456448 bytes, new threshold 6 (max threshold 6)
[2019-10-14T08:25:18.873+0000][1][gc,age       ] GC(67) Age table with threshold 6 (max threshold 6)
[2019-10-14T08:25:18.873+0000][1][gc,age       ] GC(67) - age   1:      27152 bytes,      27152 total
[2019-10-14T08:25:18.874+0000][1][gc,age       ] GC(67) - age   2:       2168 bytes,      29320 total
[2019-10-14T08:25:18.874+0000][1][gc,age       ] GC(67) - age   3:        864 bytes,      30184 total
[2019-10-14T08:25:18.874+0000][1][gc,age       ] GC(67) - age   4:       2432 bytes,      32616 total
[2019-10-14T08:25:18.875+0000][1][gc,age       ] GC(67) - age   5:       1344 bytes,      33960 total
[2019-10-14T08:25:18.875+0000][1][gc,age       ] GC(67) - age   6:         56 bytes,      34016 total
[2019-10-14T08:25:18.875+0000][1][gc,heap      ] GC(67) ParNew: 70065K->45K(78656K)
[2019-10-14T08:25:18.876+0000][1][gc,heap      ] GC(67) CMS: 81690K->81691K(174784K)
[2019-10-14T08:25:18.876+0000][1][gc,metaspace ] GC(67) Metaspace: 84208K->84208K(1126400K)
[2019-10-14T08:25:18.876+0000][1][gc           ] GC(67) Pause Young (Allocation Failure) 148M->79M(247M) 6.768ms
[2019-10-14T08:25:18.877+0000][1][gc,cpu       ] GC(67) User=0.00s Sys=0.00s Real=0.01s
[2019-10-14T08:25:18.877+0000][1][safepoint    ] Leaving safepoint region
[2019-10-14T08:25:18.877+0000][1][safepoint    ] Total time for which application threads were stopped: 0.0086024 seconds, Stopping threads took: 0.0005243 seconds
