[2019-10-14T07:23:10.489+0000][1][gc] Using Concurrent Mark Sweep
[2019-10-14T07:23:10.490+0000][1][gc,heap,coops] Heap address: 0x00000000f0000000, size: 256 MB, Compressed Oops mode: 32-bit
[2019-10-14T07:23:10.624+0000][1][safepoint    ] Entering safepoint region: EnableBiasedLocking
[2019-10-14T07:23:10.634+0000][1][safepoint    ] Leaving safepoint region
[2019-10-14T07:23:10.644+0000][1][safepoint    ] Total time for which application threads were stopped: 0.0204671 seconds, Stopping threads took: 0.0106134 seconds
[2019-10-14T07:23:10.657+0000][1][safepoint    ] Application time: 0.0116723 seconds
[2019-10-14T07:23:10.660+0000][1][safepoint    ] Entering safepoint region: RevokeBias
[2019-10-14T07:23:10.661+0000][1][safepoint    ] Leaving safepoint region
[2019-10-14T07:23:10.661+0000][1][safepoint    ] Total time for which application threads were stopped: 0.0033520 seconds, Stopping threads took: 0.0030754 seconds
[2019-10-14T07:23:10.673+0000][1][safepoint    ] Application time: 0.0118484 seconds
[2019-10-14T07:23:10.673+0000][1][safepoint    ] Entering safepoint region: Deoptimize
[2019-10-14T07:23:10.673+0000][1][safepoint    ] Leaving safepoint region
[2019-10-14T07:23:10.674+0000][1][safepoint    ] Total time for which application threads were stopped: 0.0005266 seconds, Stopping threads took: 0.0002748 seconds
[2019-10-14T07:23:10.848+0000][1][safepoint    ] Application time: 0.1740088 seconds
[2019-10-14T07:23:10.848+0000][1][safepoint    ] Entering safepoint region: Deoptimize
[2019-10-14T07:23:10.849+0000][1][safepoint    ] Leaving safepoint region
[2019-10-14T07:23:10.849+0000][1][safepoint    ] Total time for which application threads were stopped: 0.0006034 seconds, Stopping threads took: 0.0003184 seconds
[2019-10-14T07:23:10.918+0000][1][safepoint    ] Application time: 0.0692112 seconds
[2019-10-14T07:23:10.919+0000][1][safepoint    ] Entering safepoint region: Deoptimize
[2019-10-14T07:23:10.919+0000][1][safepoint    ] Leaving safepoint region
[2019-10-14T07:23:10.919+0000][1][safepoint    ] Total time for which application threads were stopped: 0.0005801 seconds, Stopping threads took: 0.0002761 seconds
[2019-10-14T07:23:11.635+0000][1][safepoint    ] Application time: 0.7151060 seconds
[2019-10-14T07:23:11.635+0000][1][safepoint    ] Entering safepoint region: Deoptimize
[2019-10-14T07:23:11.636+0000][1][safepoint    ] Leaving safepoint region
[2019-10-14T07:23:11.636+0000][1][safepoint    ] Total time for which application threads were stopped: 0.0007029 seconds, Stopping threads took: 0.0003273 seconds
[2019-10-14T07:23:11.731+0000][1][safepoint    ] Application time: 0.0943399 seconds
[2019-10-14T07:23:11.731+0000][1][safepoint    ] Entering safepoint region: Deoptimize
[2019-10-14T07:23:11.731+0000][1][safepoint    ] Leaving safepoint region
[2019-10-14T07:23:11.732+0000][1][safepoint    ] Total time for which application threads were stopped: 0.0007465 seconds, Stopping threads took: 0.0003373 seconds
[2019-10-14T07:23:11.769+0000][1][safepoint    ] Application time: 0.0373832 seconds
[2019-10-14T07:23:11.770+0000][1][safepoint    ] Entering safepoint region: Deoptimize
[2019-10-14T07:23:11.771+0000][1][safepoint    ] Leaving safepoint region
[2019-10-14T07:23:11.772+0000][1][safepoint    ] Total time for which application threads were stopped: 0.0023916 seconds, Stopping threads took: 0.0009833 seconds
[2019-10-14T07:23:12.447+0000][1][safepoint    ] Application time: 0.6742632 seconds
[2019-10-14T07:23:12.448+0000][1][safepoint    ] Entering safepoint region: Deoptimize
[2019-10-14T07:23:12.448+0000][1][safepoint    ] Leaving safepoint region
[2019-10-14T07:23:12.449+0000][1][safepoint    ] Total time for which application threads were stopped: 0.0008802 seconds, Stopping threads took: 0.0003264 seconds
[2019-10-14T07:23:13.023+0000][1][safepoint    ] Application time: 0.5743618 seconds
[2019-10-14T07:23:13.024+0000][1][safepoint    ] Entering safepoint region: Deoptimize
[2019-10-14T07:23:13.024+0000][1][safepoint    ] Leaving safepoint region
[2019-10-14T07:23:13.025+0000][1][safepoint    ] Total time for which application threads were stopped: 0.0008608 seconds, Stopping threads took: 0.0003055 seconds
[2019-10-14T07:23:13.685+0000][1][safepoint    ] Application time: 0.6604134 seconds
[2019-10-14T07:23:13.686+0000][1][safepoint    ] Entering safepoint region: Deoptimize
[2019-10-14T07:23:13.686+0000][1][safepoint    ] Leaving safepoint region
[2019-10-14T07:23:13.686+0000][1][safepoint    ] Total time for which application threads were stopped: 0.0007142 seconds, Stopping threads took: 0.0002183 seconds
[2019-10-14T07:23:13.687+0000][1][safepoint    ] Application time: 0.0002237 seconds
[2019-10-14T07:23:13.687+0000][1][safepoint    ] Entering safepoint region: Deoptimize
[2019-10-14T07:23:13.688+0000][1][safepoint    ] Leaving safepoint region
[2019-10-14T07:23:13.688+0000][1][safepoint    ] Total time for which application threads were stopped: 0.0006685 seconds, Stopping threads took: 0.0002584 seconds
[2019-10-14T07:23:13.743+0000][1][safepoint    ] Application time: 0.0546747 seconds
[2019-10-14T07:23:13.743+0000][1][safepoint    ] Entering safepoint region: Deoptimize
[2019-10-14T07:23:13.744+0000][1][safepoint    ] Leaving safepoint region
[2019-10-14T07:23:13.745+0000][1][safepoint    ] Total time for which application threads were stopped: 0.0015514 seconds, Stopping threads took: 0.0002656 seconds
[2019-10-14T07:23:13.758+0000][1][safepoint    ] Application time: 0.0128255 seconds
[2019-10-14T07:23:13.761+0000][1][safepoint    ] Entering safepoint region: Deoptimize
[2019-10-14T07:23:13.762+0000][1][safepoint    ] Leaving safepoint region
[2019-10-14T07:23:13.762+0000][1][safepoint    ] Total time for which application threads were stopped: 0.0036479 seconds, Stopping threads took: 0.0032503 seconds
[2019-10-14T07:23:13.762+0000][1][safepoint    ] Application time: 0.0002980 seconds
[2019-10-14T07:23:13.771+0000][1][safepoint    ] Entering safepoint region: RevokeBias
[2019-10-14T07:23:13.771+0000][1][safepoint    ] Leaving safepoint region
[2019-10-14T07:23:13.772+0000][1][safepoint    ] Total time for which application threads were stopped: 0.0006810 seconds, Stopping threads took: 0.0003516 seconds
[2019-10-14T07:23:13.774+0000][1][safepoint    ] Application time: 0.0024938 seconds
[2019-10-14T07:23:13.775+0000][1][safepoint    ] Entering safepoint region: RevokeBias
[2019-10-14T07:23:13.775+0000][1][safepoint    ] Leaving safepoint region
[2019-10-14T07:23:13.775+0000][1][safepoint    ] Total time for which application threads were stopped: 0.0006154 seconds, Stopping threads took: 0.0003380 seconds
[2019-10-14T07:23:13.776+0000][1][safepoint    ] Application time: 0.0000658 seconds
[2019-10-14T07:23:13.776+0000][1][safepoint    ] Entering safepoint region: RevokeBias
[2019-10-14T07:23:13.776+0000][1][safepoint    ] Leaving safepoint region
[2019-10-14T07:23:13.777+0000][1][safepoint    ] Total time for which application threads were stopped: 0.0006222 seconds, Stopping threads took: 0.0002455 seconds
[2019-10-14T07:23:13.777+0000][1][safepoint    ] Application time: 0.0002120 seconds
[2019-10-14T07:23:13.777+0000][1][safepoint    ] Entering safepoint region: RevokeBias
[2019-10-14T07:23:13.778+0000][1][safepoint    ] Leaving safepoint region
[2019-10-14T07:23:13.778+0000][1][safepoint    ] Total time for which application threads were stopped: 0.0006015 seconds, Stopping threads took: 0.0002980 seconds
[2019-10-14T07:23:14.133+0000][1][safepoint    ] Application time: 0.3543427 seconds
[2019-10-14T07:23:14.133+0000][1][safepoint    ] Entering safepoint region: GenCollectForAllocation
[2019-10-14T07:23:14.134+0000][1][gc,start     ] GC(0) Pause Young (Allocation Failure)
[2019-10-14T07:23:14.136+0000][1][gc,task      ] GC(0) Using 2 workers of 2 for evacuation
[2019-10-14T07:23:14.154+0000][1][gc,age       ] GC(0) Desired survivor size 4456448 bytes, new threshold 1 (max threshold 6)
[2019-10-14T07:23:14.154+0000][1][gc,age       ] GC(0) Age table with threshold 1 (max threshold 6)
[2019-10-14T07:23:14.154+0000][1][gc,age       ] GC(0) - age   1:    6371872 bytes,    6371872 total
[2019-10-14T07:23:14.155+0000][1][gc,heap      ] GC(0) ParNew: 69952K->6268K(78656K)
[2019-10-14T07:23:14.155+0000][1][gc,heap      ] GC(0) CMS: 0K->0K(174784K)
[2019-10-14T07:23:14.155+0000][1][gc,metaspace ] GC(0) Metaspace: 12309K->12309K(1060864K)
[2019-10-14T07:23:14.156+0000][1][gc           ] GC(0) Pause Young (Allocation Failure) 68M->6M(247M) 22.121ms
[2019-10-14T07:23:14.156+0000][1][gc,cpu       ] GC(0) User=0.02s Sys=0.00s Real=0.02s
[2019-10-14T07:23:14.157+0000][1][safepoint    ] Leaving safepoint region
[2019-10-14T07:23:14.158+0000][1][safepoint    ] Total time for which application threads were stopped: 0.0243414 seconds, Stopping threads took: 0.0005357 seconds
[2019-10-14T07:23:14.178+0000][1][safepoint    ] Application time: 0.0204506 seconds
[2019-10-14T07:23:14.180+0000][1][safepoint    ] Entering safepoint region: RevokeBias
[2019-10-14T07:23:14.180+0000][1][safepoint    ] Leaving safepoint region
[2019-10-14T07:23:14.181+0000][1][safepoint    ] Total time for which application threads were stopped: 0.0007253 seconds, Stopping threads took: 0.0003344 seconds
[2019-10-14T07:23:14.181+0000][1][safepoint    ] Application time: 0.0001051 seconds
[2019-10-14T07:23:14.181+0000][1][safepoint    ] Entering safepoint region: RevokeBias
[2019-10-14T07:23:14.182+0000][1][safepoint    ] Leaving safepoint region
[2019-10-14T07:23:14.182+0000][1][safepoint    ] Total time for which application threads were stopped: 0.0007102 seconds, Stopping threads took: 0.0002120 seconds
[2019-10-14T07:23:14.183+0000][1][safepoint    ] Application time: 0.0011730 seconds
[2019-10-14T07:23:14.184+0000][1][safepoint    ] Entering safepoint region: RevokeBias
[2019-10-14T07:23:14.184+0000][1][safepoint    ] Leaving safepoint region
[2019-10-14T07:23:14.184+0000][1][safepoint    ] Total time for which application threads were stopped: 0.0006544 seconds, Stopping threads took: 0.0004135 seconds
[2019-10-14T07:23:14.185+0000][1][safepoint    ] Application time: 0.0000598 seconds
[2019-10-14T07:23:14.185+0000][1][safepoint    ] Entering safepoint region: RevokeBias
[2019-10-14T07:23:14.185+0000][1][safepoint    ] Leaving safepoint region
[2019-10-14T07:23:14.185+0000][1][safepoint    ] Total time for which application threads were stopped: 0.0004820 seconds, Stopping threads took: 0.0002151 seconds
[2019-10-14T07:23:14.186+0000][1][safepoint    ] Application time: 0.0000553 seconds
[2019-10-14T07:23:14.186+0000][1][safepoint    ] Entering safepoint region: RevokeBias
[2019-10-14T07:23:14.186+0000][1][safepoint    ] Leaving safepoint region
[2019-10-14T07:23:14.186+0000][1][safepoint    ] Total time for which application threads were stopped: 0.0005215 seconds, Stopping threads took: 0.0002618 seconds
[2019-10-14T07:23:14.187+0000][1][safepoint    ] Application time: 0.0000420 seconds
[2019-10-14T07:23:14.187+0000][1][safepoint    ] Entering safepoint region: RevokeBias
[2019-10-14T07:23:14.187+0000][1][safepoint    ] Leaving safepoint region
[2019-10-14T07:23:14.188+0000][1][safepoint    ] Total time for which application threads were stopped: 0.0005819 seconds, Stopping threads took: 0.0002591 seconds
[2019-10-14T07:23:14.188+0000][1][safepoint    ] Application time: 0.0001471 seconds
[2019-10-14T07:23:14.188+0000][1][safepoint    ] Entering safepoint region: RevokeBias
[2019-10-14T07:23:14.189+0000][1][safepoint    ] Leaving safepoint region
[2019-10-14T07:23:14.189+0000][1][safepoint    ] Total time for which application threads were stopped: 0.0005349 seconds, Stopping threads took: 0.0002747 seconds
[2019-10-14T07:23:14.189+0000][1][safepoint    ] Application time: 0.0000665 seconds
[2019-10-14T07:23:14.189+0000][1][safepoint    ] Entering safepoint region: RevokeBias
[2019-10-14T07:23:14.190+0000][1][safepoint    ] Leaving safepoint region
[2019-10-14T07:23:14.190+0000][1][safepoint    ] Total time for which application threads were stopped: 0.0005316 seconds, Stopping threads took: 0.0002740 seconds
[2019-10-14T07:23:14.190+0000][1][safepoint    ] Application time: 0.0000875 seconds
[2019-10-14T07:23:14.190+0000][1][safepoint    ] Entering safepoint region: RevokeBias
[2019-10-14T07:23:14.191+0000][1][safepoint    ] Leaving safepoint region
[2019-10-14T07:23:14.191+0000][1][safepoint    ] Total time for which application threads were stopped: 0.0006481 seconds, Stopping threads took: 0.0002860 seconds
[2019-10-14T07:23:14.191+0000][1][safepoint    ] Application time: 0.0000666 seconds
[2019-10-14T07:23:14.192+0000][1][safepoint    ] Entering safepoint region: RevokeBias
[2019-10-14T07:23:14.192+0000][1][safepoint    ] Leaving safepoint region
[2019-10-14T07:23:14.192+0000][1][safepoint    ] Total time for which application threads were stopped: 0.0006886 seconds, Stopping threads took: 0.0002559 seconds
[2019-10-14T07:23:14.193+0000][1][safepoint    ] Application time: 0.0000915 seconds
[2019-10-14T07:23:14.193+0000][1][safepoint    ] Entering safepoint region: RevokeBias
[2019-10-14T07:23:14.193+0000][1][safepoint    ] Leaving safepoint region
[2019-10-14T07:23:14.193+0000][1][safepoint    ] Total time for which application threads were stopped: 0.0005410 seconds, Stopping threads took: 0.0002205 seconds
[2019-10-14T07:23:14.194+0000][1][safepoint    ] Application time: 0.0000895 seconds
[2019-10-14T07:23:14.194+0000][1][safepoint    ] Entering safepoint region: RevokeBias
[2019-10-14T07:23:14.194+0000][1][safepoint    ] Leaving safepoint region
[2019-10-14T07:23:14.195+0000][1][safepoint    ] Total time for which application threads were stopped: 0.0006192 seconds, Stopping threads took: 0.0002561 seconds
[2019-10-14T07:23:14.195+0000][1][safepoint    ] Application time: 0.0000843 seconds
[2019-10-14T07:23:14.195+0000][1][safepoint    ] Entering safepoint region: RevokeBias
[2019-10-14T07:23:14.196+0000][1][safepoint    ] Leaving safepoint region
[2019-10-14T07:23:14.196+0000][1][safepoint    ] Total time for which application threads were stopped: 0.0005432 seconds, Stopping threads took: 0.0002535 seconds
[2019-10-14T07:23:14.196+0000][1][safepoint    ] Application time: 0.0000638 seconds
[2019-10-14T07:23:14.196+0000][1][safepoint    ] Entering safepoint region: RevokeBias
[2019-10-14T07:23:14.197+0000][1][safepoint    ] Leaving safepoint region
[2019-10-14T07:23:14.197+0000][1][safepoint    ] Total time for which application threads were stopped: 0.0005258 seconds, Stopping threads took: 0.0002677 seconds
[2019-10-14T07:23:14.197+0000][1][safepoint    ] Application time: 0.0001003 seconds
[2019-10-14T07:23:14.197+0000][1][safepoint    ] Entering safepoint region: RevokeBias
[2019-10-14T07:23:14.198+0000][1][safepoint    ] Leaving safepoint region
[2019-10-14T07:23:14.198+0000][1][safepoint    ] Total time for which application threads were stopped: 0.0005929 seconds, Stopping threads took: 0.0003319 seconds
[2019-10-14T07:23:14.198+0000][1][safepoint    ] Application time: 0.0000661 seconds
[2019-10-14T07:23:14.199+0000][1][safepoint    ] Entering safepoint region: RevokeBias
[2019-10-14T07:23:14.199+0000][1][safepoint    ] Leaving safepoint region
[2019-10-14T07:23:14.199+0000][1][safepoint    ] Total time for which application threads were stopped: 0.0005189 seconds, Stopping threads took: 0.0002446 seconds
[2019-10-14T07:23:14.199+0000][1][safepoint    ] Application time: 0.0001075 seconds
[2019-10-14T07:23:14.200+0000][1][safepoint    ] Entering safepoint region: RevokeBias
[2019-10-14T07:23:14.200+0000][1][safepoint    ] Leaving safepoint region
[2019-10-14T07:23:14.200+0000][1][safepoint    ] Total time for which application threads were stopped: 0.0005589 seconds, Stopping threads took: 0.0002808 seconds
[2019-10-14T07:23:14.201+0000][1][safepoint    ] Application time: 0.0000760 seconds
[2019-10-14T07:23:14.201+0000][1][safepoint    ] Entering safepoint region: RevokeBias
[2019-10-14T07:23:14.201+0000][1][safepoint    ] Leaving safepoint region
[2019-10-14T07:23:14.202+0000][1][safepoint    ] Total time for which application threads were stopped: 0.0005417 seconds, Stopping threads took: 0.0002819 seconds
[2019-10-14T07:23:14.202+0000][1][safepoint    ] Application time: 0.0000822 seconds
[2019-10-14T07:23:14.202+0000][1][safepoint    ] Entering safepoint region: RevokeBias
[2019-10-14T07:23:14.202+0000][1][safepoint    ] Leaving safepoint region
[2019-10-14T07:23:14.206+0000][1][safepoint    ] Total time for which application threads were stopped: 0.0039092 seconds, Stopping threads took: 0.0003280 seconds
[2019-10-14T07:23:14.206+0000][1][safepoint    ] Application time: 0.0000379 seconds
[2019-10-14T07:23:14.207+0000][1][safepoint    ] Entering safepoint region: RevokeBias
[2019-10-14T07:23:14.208+0000][1][safepoint    ] Leaving safepoint region
[2019-10-14T07:23:14.208+0000][1][safepoint    ] Total time for which application threads were stopped: 0.0006381 seconds, Stopping threads took: 0.0003620 seconds
[2019-10-14T07:23:14.208+0000][1][safepoint    ] Application time: 0.0000822 seconds
[2019-10-14T07:23:14.208+0000][1][safepoint    ] Entering safepoint region: RevokeBias
[2019-10-14T07:23:14.209+0000][1][safepoint    ] Leaving safepoint region
[2019-10-14T07:23:14.209+0000][1][safepoint    ] Total time for which application threads were stopped: 0.0005093 seconds, Stopping threads took: 0.0001995 seconds
[2019-10-14T07:23:14.209+0000][1][safepoint    ] Application time: 0.0000305 seconds
[2019-10-14T07:23:14.210+0000][1][safepoint    ] Entering safepoint region: RevokeBias
[2019-10-14T07:23:14.210+0000][1][safepoint    ] Leaving safepoint region
[2019-10-14T07:23:14.210+0000][1][safepoint    ] Total time for which application threads were stopped: 0.0007781 seconds, Stopping threads took: 0.0003782 seconds
[2019-10-14T07:23:14.211+0000][1][safepoint    ] Application time: 0.0000487 seconds
[2019-10-14T07:23:14.211+0000][1][safepoint    ] Entering safepoint region: RevokeBias
[2019-10-14T07:23:14.211+0000][1][safepoint    ] Leaving safepoint region
[2019-10-14T07:23:14.212+0000][1][safepoint    ] Total time for which application threads were stopped: 0.0006530 seconds, Stopping threads took: 0.0003568 seconds
[2019-10-14T07:23:14.212+0000][1][safepoint    ] Application time: 0.0000263 seconds
[2019-10-14T07:23:14.212+0000][1][safepoint    ] Entering safepoint region: RevokeBias
[2019-10-14T07:23:14.213+0000][1][safepoint    ] Leaving safepoint region
[2019-10-14T07:23:14.213+0000][1][safepoint    ] Total time for which application threads were stopped: 0.0007306 seconds, Stopping threads took: 0.0003687 seconds
[2019-10-14T07:23:14.214+0000][1][safepoint    ] Application time: 0.0007559 seconds
[2019-10-14T07:23:14.214+0000][1][safepoint    ] Entering safepoint region: RevokeBias
[2019-10-14T07:23:14.215+0000][1][safepoint    ] Leaving safepoint region
[2019-10-14T07:23:14.215+0000][1][safepoint    ] Total time for which application threads were stopped: 0.0008108 seconds, Stopping threads took: 0.0003761 seconds
[2019-10-14T07:23:14.216+0000][1][safepoint    ] Application time: 0.0000380 seconds
[2019-10-14T07:23:14.216+0000][1][safepoint    ] Entering safepoint region: RevokeBias
[2019-10-14T07:23:14.216+0000][1][safepoint    ] Leaving safepoint region
[2019-10-14T07:23:14.217+0000][1][safepoint    ] Total time for which application threads were stopped: 0.0005900 seconds, Stopping threads took: 0.0002855 seconds
[2019-10-14T07:23:14.217+0000][1][safepoint    ] Application time: 0.0006290 seconds
[2019-10-14T07:23:14.218+0000][1][safepoint    ] Entering safepoint region: RevokeBias
[2019-10-14T07:23:14.218+0000][1][safepoint    ] Leaving safepoint region
[2019-10-14T07:23:14.219+0000][1][safepoint    ] Total time for which application threads were stopped: 0.0008871 seconds, Stopping threads took: 0.0005035 seconds
[2019-10-14T07:23:14.254+0000][1][safepoint    ] Application time: 0.0347611 seconds
[2019-10-14T07:23:14.255+0000][1][safepoint    ] Entering safepoint region: RevokeBias
[2019-10-14T07:23:14.255+0000][1][safepoint    ] Leaving safepoint region
[2019-10-14T07:23:14.255+0000][1][safepoint    ] Total time for which application threads were stopped: 0.0008605 seconds, Stopping threads took: 0.0004740 seconds
[2019-10-14T07:23:14.627+0000][1][safepoint    ] Application time: 0.3717167 seconds
[2019-10-14T07:23:14.628+0000][1][safepoint    ] Entering safepoint region: Deoptimize
[2019-10-14T07:23:14.628+0000][1][safepoint    ] Leaving safepoint region
[2019-10-14T07:23:14.629+0000][1][safepoint    ] Total time for which application threads were stopped: 0.0012031 seconds, Stopping threads took: 0.0004056 seconds
[2019-10-14T07:23:14.685+0000][1][safepoint    ] Application time: 0.0557350 seconds
[2019-10-14T07:23:14.685+0000][1][safepoint    ] Entering safepoint region: Deoptimize
[2019-10-14T07:23:14.686+0000][1][safepoint    ] Leaving safepoint region
[2019-10-14T07:23:14.686+0000][1][safepoint    ] Total time for which application threads were stopped: 0.0008851 seconds, Stopping threads took: 0.0003765 seconds
[2019-10-14T07:23:15.337+0000][1][safepoint    ] Application time: 0.6507326 seconds
[2019-10-14T07:23:15.337+0000][1][safepoint    ] Entering safepoint region: RevokeBias
[2019-10-14T07:23:15.338+0000][1][safepoint    ] Leaving safepoint region
[2019-10-14T07:23:15.338+0000][1][safepoint    ] Total time for which application threads were stopped: 0.0006863 seconds, Stopping threads took: 0.0003418 seconds
[2019-10-14T07:23:15.347+0000][1][safepoint    ] Application time: 0.0081997 seconds
[2019-10-14T07:23:15.347+0000][1][safepoint    ] Entering safepoint region: RevokeBias
[2019-10-14T07:23:15.348+0000][1][safepoint    ] Leaving safepoint region
[2019-10-14T07:23:15.348+0000][1][safepoint    ] Total time for which application threads were stopped: 0.0009283 seconds, Stopping threads took: 0.0006139 seconds
[2019-10-14T07:23:15.412+0000][1][safepoint    ] Application time: 0.0635989 seconds
[2019-10-14T07:23:15.413+0000][1][safepoint    ] Entering safepoint region: GenCollectForAllocation
[2019-10-14T07:23:15.413+0000][1][gc,start     ] GC(1) Pause Young (Allocation Failure)
[2019-10-14T07:23:15.413+0000][1][gc,task      ] GC(1) Using 2 workers of 2 for evacuation
[2019-10-14T07:23:15.463+0000][1][gc,age       ] GC(1) Desired survivor size 4456448 bytes, new threshold 6 (max threshold 6)
[2019-10-14T07:23:15.463+0000][1][gc,age       ] GC(1) Age table with threshold 6 (max threshold 6)
[2019-10-14T07:23:15.464+0000][1][gc,age       ] GC(1) - age   1:    2773568 bytes,    2773568 total
[2019-10-14T07:23:15.464+0000][1][gc,heap      ] GC(1) ParNew: 76220K->5991K(78656K)
[2019-10-14T07:23:15.464+0000][1][gc,heap      ] GC(1) CMS: 0K->6701K(174784K)
[2019-10-14T07:23:15.465+0000][1][gc,metaspace ] GC(1) Metaspace: 14711K->14711K(1062912K)
[2019-10-14T07:23:15.465+0000][1][gc           ] GC(1) Pause Young (Allocation Failure) 74M->12M(247M) 52.075ms
[2019-10-14T07:23:15.465+0000][1][gc,cpu       ] GC(1) User=0.04s Sys=0.01s Real=0.05s
[2019-10-14T07:23:15.466+0000][1][safepoint    ] Leaving safepoint region
[2019-10-14T07:23:15.466+0000][1][safepoint    ] Total time for which application threads were stopped: 0.0538139 seconds, Stopping threads took: 0.0007704 seconds
[2019-10-14T07:23:15.491+0000][1][safepoint    ] Application time: 0.0243417 seconds
[2019-10-14T07:23:15.495+0000][1][safepoint    ] Entering safepoint region: BulkRevokeBias
[2019-10-14T07:23:15.496+0000][1][safepoint    ] Leaving safepoint region
[2019-10-14T07:23:15.496+0000][1][safepoint    ] Total time for which application threads were stopped: 0.0052218 seconds, Stopping threads took: 0.0047954 seconds
[2019-10-14T07:23:15.497+0000][1][safepoint    ] Application time: 0.0008919 seconds
[2019-10-14T07:23:15.501+0000][1][safepoint    ] Entering safepoint region: RevokeBias
[2019-10-14T07:23:15.501+0000][1][safepoint    ] Leaving safepoint region
[2019-10-14T07:23:15.501+0000][1][safepoint    ] Total time for which application threads were stopped: 0.0037605 seconds, Stopping threads took: 0.0034835 seconds
[2019-10-14T07:23:15.502+0000][1][safepoint    ] Application time: 0.0000870 seconds
[2019-10-14T07:23:15.502+0000][1][safepoint    ] Entering safepoint region: RevokeBias
[2019-10-14T07:23:15.502+0000][1][safepoint    ] Leaving safepoint region
[2019-10-14T07:23:15.503+0000][1][safepoint    ] Total time for which application threads were stopped: 0.0005136 seconds, Stopping threads took: 0.0002060 seconds
[2019-10-14T07:23:15.503+0000][1][safepoint    ] Application time: 0.0000378 seconds
[2019-10-14T07:23:15.503+0000][1][safepoint    ] Entering safepoint region: RevokeBias
[2019-10-14T07:23:15.503+0000][1][safepoint    ] Leaving safepoint region
[2019-10-14T07:23:15.504+0000][1][safepoint    ] Total time for which application threads were stopped: 0.0005780 seconds, Stopping threads took: 0.0002665 seconds
[2019-10-14T07:23:15.504+0000][1][safepoint    ] Application time: 0.0000567 seconds
[2019-10-14T07:23:15.504+0000][1][safepoint    ] Entering safepoint region: RevokeBias
[2019-10-14T07:23:15.505+0000][1][safepoint    ] Leaving safepoint region
[2019-10-14T07:23:15.505+0000][1][safepoint    ] Total time for which application threads were stopped: 0.0004906 seconds, Stopping threads took: 0.0001952 seconds
[2019-10-14T07:23:15.505+0000][1][safepoint    ] Application time: 0.0000697 seconds
[2019-10-14T07:23:15.505+0000][1][safepoint    ] Entering safepoint region: RevokeBias
[2019-10-14T07:23:15.506+0000][1][safepoint    ] Leaving safepoint region
[2019-10-14T07:23:15.506+0000][1][safepoint    ] Total time for which application threads were stopped: 0.0006544 seconds, Stopping threads took: 0.0003628 seconds
[2019-10-14T07:23:15.506+0000][1][safepoint    ] Application time: 0.0000459 seconds
[2019-10-14T07:23:15.507+0000][1][safepoint    ] Entering safepoint region: RevokeBias
[2019-10-14T07:23:15.507+0000][1][safepoint    ] Leaving safepoint region
[2019-10-14T07:23:15.507+0000][1][safepoint    ] Total time for which application threads were stopped: 0.0005260 seconds, Stopping threads took: 0.0002304 seconds
[2019-10-14T07:23:15.507+0000][1][safepoint    ] Application time: 0.0001041 seconds
[2019-10-14T07:23:15.508+0000][1][safepoint    ] Entering safepoint region: RevokeBias
[2019-10-14T07:23:15.508+0000][1][safepoint    ] Leaving safepoint region
[2019-10-14T07:23:15.508+0000][1][safepoint    ] Total time for which application threads were stopped: 0.0006047 seconds, Stopping threads took: 0.0003457 seconds
[2019-10-14T07:23:15.509+0000][1][safepoint    ] Application time: 0.0000642 seconds
[2019-10-14T07:23:15.509+0000][1][safepoint    ] Entering safepoint region: RevokeBias
[2019-10-14T07:23:15.509+0000][1][safepoint    ] Leaving safepoint region
[2019-10-14T07:23:15.510+0000][1][safepoint    ] Total time for which application threads were stopped: 0.0007365 seconds, Stopping threads took: 0.0003548 seconds
[2019-10-14T07:23:15.510+0000][1][safepoint    ] Application time: 0.0000548 seconds
[2019-10-14T07:23:15.510+0000][1][safepoint    ] Entering safepoint region: RevokeBias
[2019-10-14T07:23:15.511+0000][1][safepoint    ] Leaving safepoint region
[2019-10-14T07:23:15.511+0000][1][safepoint    ] Total time for which application threads were stopped: 0.0006039 seconds, Stopping threads took: 0.0002774 seconds
[2019-10-14T07:23:15.511+0000][1][safepoint    ] Application time: 0.0000806 seconds
[2019-10-14T07:23:15.511+0000][1][safepoint    ] Entering safepoint region: BulkRevokeBias
[2019-10-14T07:23:15.512+0000][1][safepoint    ] Leaving safepoint region
[2019-10-14T07:23:15.512+0000][1][safepoint    ] Total time for which application threads were stopped: 0.0006676 seconds, Stopping threads took: 0.0003025 seconds
[2019-10-14T07:23:15.512+0000][1][safepoint    ] Application time: 0.0000700 seconds
[2019-10-14T07:23:15.513+0000][1][safepoint    ] Entering safepoint region: BulkRevokeBias
[2019-10-14T07:23:15.513+0000][1][safepoint    ] Leaving safepoint region
[2019-10-14T07:23:15.513+0000][1][safepoint    ] Total time for which application threads were stopped: 0.0005479 seconds, Stopping threads took: 0.0002748 seconds
[2019-10-14T07:23:15.519+0000][1][safepoint    ] Application time: 0.0055179 seconds
[2019-10-14T07:23:15.519+0000][1][safepoint    ] Entering safepoint region: RevokeBias
[2019-10-14T07:23:15.520+0000][1][safepoint    ] Leaving safepoint region
[2019-10-14T07:23:15.520+0000][1][safepoint    ] Total time for which application threads were stopped: 0.0006132 seconds, Stopping threads took: 0.0002898 seconds
[2019-10-14T07:23:15.550+0000][1][safepoint    ] Application time: 0.0297700 seconds
[2019-10-14T07:23:15.550+0000][1][safepoint    ] Entering safepoint region: RevokeBias
[2019-10-14T07:23:15.551+0000][1][safepoint    ] Leaving safepoint region
[2019-10-14T07:23:15.551+0000][1][safepoint    ] Total time for which application threads were stopped: 0.0005182 seconds, Stopping threads took: 0.0002234 seconds
[2019-10-14T07:23:15.621+0000][1][safepoint    ] Application time: 0.0698527 seconds
[2019-10-14T07:23:15.621+0000][1][safepoint    ] Entering safepoint region: RevokeBias
[2019-10-14T07:23:15.622+0000][1][safepoint    ] Leaving safepoint region
[2019-10-14T07:23:15.622+0000][1][safepoint    ] Total time for which application threads were stopped: 0.0004994 seconds, Stopping threads took: 0.0002473 seconds
[2019-10-14T07:23:15.640+0000][1][safepoint    ] Application time: 0.0180622 seconds
[2019-10-14T07:23:15.641+0000][1][safepoint    ] Entering safepoint region: RevokeBias
[2019-10-14T07:23:15.641+0000][1][safepoint    ] Leaving safepoint region
[2019-10-14T07:23:15.642+0000][1][safepoint    ] Total time for which application threads were stopped: 0.0007128 seconds, Stopping threads took: 0.0002973 seconds
[2019-10-14T07:23:15.699+0000][1][safepoint    ] Application time: 0.0572281 seconds
[2019-10-14T07:23:15.700+0000][1][safepoint    ] Entering safepoint region: RevokeBias
[2019-10-14T07:23:15.700+0000][1][safepoint    ] Leaving safepoint region
[2019-10-14T07:23:15.700+0000][1][safepoint    ] Total time for which application threads were stopped: 0.0005101 seconds, Stopping threads took: 0.0002460 seconds
[2019-10-14T07:23:15.706+0000][1][safepoint    ] Application time: 0.0053180 seconds
[2019-10-14T07:23:15.706+0000][1][safepoint    ] Entering safepoint region: RevokeBias
[2019-10-14T07:23:15.706+0000][1][safepoint    ] Leaving safepoint region
[2019-10-14T07:23:15.707+0000][1][safepoint    ] Total time for which application threads were stopped: 0.0005711 seconds, Stopping threads took: 0.0002858 seconds
[2019-10-14T07:23:15.710+0000][1][safepoint    ] Application time: 0.0025758 seconds
[2019-10-14T07:23:15.710+0000][1][safepoint    ] Entering safepoint region: RevokeBias
[2019-10-14T07:23:15.710+0000][1][safepoint    ] Leaving safepoint region
[2019-10-14T07:23:15.710+0000][1][safepoint    ] Total time for which application threads were stopped: 0.0004943 seconds, Stopping threads took: 0.0002255 seconds
[2019-10-14T07:23:15.778+0000][1][safepoint    ] Application time: 0.0677461 seconds
[2019-10-14T07:23:15.779+0000][1][safepoint    ] Entering safepoint region: GenCollectForAllocation
[2019-10-14T07:23:15.779+0000][1][gc,start     ] GC(2) Pause Young (Allocation Failure)
[2019-10-14T07:23:15.779+0000][1][gc,task      ] GC(2) Using 2 workers of 2 for evacuation
[2019-10-14T07:23:15.792+0000][1][gc,age       ] GC(2) Desired survivor size 4456448 bytes, new threshold 6 (max threshold 6)
[2019-10-14T07:23:15.792+0000][1][gc,age       ] GC(2) Age table with threshold 6 (max threshold 6)
[2019-10-14T07:23:15.793+0000][1][gc,age       ] GC(2) - age   1:    2983464 bytes,    2983464 total
[2019-10-14T07:23:15.793+0000][1][gc,age       ] GC(2) - age   2:    1140928 bytes,    4124392 total
[2019-10-14T07:23:15.794+0000][1][gc,heap      ] GC(2) ParNew: 75943K->4028K(78656K)
[2019-10-14T07:23:15.794+0000][1][gc,heap      ] GC(2) CMS: 6701K->6701K(174784K)
[2019-10-14T07:23:15.794+0000][1][gc,metaspace ] GC(2) Metaspace: 14850K->14850K(1062912K)
[2019-10-14T07:23:15.794+0000][1][gc           ] GC(2) Pause Young (Allocation Failure) 80M->10M(247M) 15.276ms
[2019-10-14T07:23:15.795+0000][1][gc,cpu       ] GC(2) User=0.02s Sys=0.00s Real=0.02s
[2019-10-14T07:23:15.795+0000][1][safepoint    ] Leaving safepoint region
[2019-10-14T07:23:15.796+0000][1][safepoint    ] Total time for which application threads were stopped: 0.0167577 seconds, Stopping threads took: 0.0003250 seconds
[2019-10-14T07:23:15.807+0000][1][safepoint    ] Application time: 0.0107476 seconds
[2019-10-14T07:23:15.807+0000][1][safepoint    ] Entering safepoint region: RevokeBias
[2019-10-14T07:23:15.807+0000][1][safepoint    ] Leaving safepoint region
[2019-10-14T07:23:15.808+0000][1][safepoint    ] Total time for which application threads were stopped: 0.0007792 seconds, Stopping threads took: 0.0004753 seconds
[2019-10-14T07:23:15.808+0000][1][safepoint    ] Application time: 0.0000685 seconds
[2019-10-14T07:23:15.808+0000][1][safepoint    ] Entering safepoint region: RevokeBias
[2019-10-14T07:23:15.809+0000][1][safepoint    ] Leaving safepoint region
[2019-10-14T07:23:15.809+0000][1][safepoint    ] Total time for which application threads were stopped: 0.0005215 seconds, Stopping threads took: 0.0002478 seconds
[2019-10-14T07:23:15.809+0000][1][safepoint    ] Application time: 0.0001167 seconds
[2019-10-14T07:23:15.809+0000][1][safepoint    ] Entering safepoint region: RevokeBias
[2019-10-14T07:23:15.810+0000][1][safepoint    ] Leaving safepoint region
[2019-10-14T07:23:15.810+0000][1][safepoint    ] Total time for which application threads were stopped: 0.0006263 seconds, Stopping threads took: 0.0002468 seconds
[2019-10-14T07:23:15.810+0000][1][safepoint    ] Application time: 0.0000565 seconds
[2019-10-14T07:23:15.811+0000][1][safepoint    ] Entering safepoint region: RevokeBias
[2019-10-14T07:23:15.811+0000][1][safepoint    ] Leaving safepoint region
[2019-10-14T07:23:15.811+0000][1][safepoint    ] Total time for which application threads were stopped: 0.0007501 seconds, Stopping threads took: 0.0003474 seconds
[2019-10-14T07:23:15.812+0000][1][safepoint    ] Application time: 0.0004278 seconds
[2019-10-14T07:23:15.813+0000][1][safepoint    ] Entering safepoint region: RevokeBias
[2019-10-14T07:23:15.813+0000][1][safepoint    ] Leaving safepoint region
[2019-10-14T07:23:15.813+0000][1][safepoint    ] Total time for which application threads were stopped: 0.0006600 seconds, Stopping threads took: 0.0002782 seconds
[2019-10-14T07:23:15.814+0000][1][safepoint    ] Application time: 0.0000590 seconds
[2019-10-14T07:23:15.814+0000][1][safepoint    ] Entering safepoint region: RevokeBias
[2019-10-14T07:23:15.814+0000][1][safepoint    ] Leaving safepoint region
[2019-10-14T07:23:15.815+0000][1][safepoint    ] Total time for which application threads were stopped: 0.0006168 seconds, Stopping threads took: 0.0002998 seconds
[2019-10-14T07:23:15.820+0000][1][safepoint    ] Application time: 0.0053967 seconds
[2019-10-14T07:23:15.820+0000][1][safepoint    ] Entering safepoint region: RevokeBias
[2019-10-14T07:23:15.821+0000][1][safepoint    ] Leaving safepoint region
[2019-10-14T07:23:15.821+0000][1][safepoint    ] Total time for which application threads were stopped: 0.0006426 seconds, Stopping threads took: 0.0002610 seconds
[2019-10-14T07:23:15.829+0000][1][safepoint    ] Application time: 0.0072763 seconds
[2019-10-14T07:23:15.829+0000][1][safepoint    ] Entering safepoint region: RevokeBias
[2019-10-14T07:23:15.830+0000][1][safepoint    ] Leaving safepoint region
[2019-10-14T07:23:15.830+0000][1][safepoint    ] Total time for which application threads were stopped: 0.0009789 seconds, Stopping threads took: 0.0004845 seconds
[2019-10-14T07:23:15.974+0000][1][safepoint    ] Application time: 0.1440534 seconds
[2019-10-14T07:23:15.975+0000][1][safepoint    ] Entering safepoint region: RevokeBias
[2019-10-14T07:23:15.975+0000][1][safepoint    ] Leaving safepoint region
[2019-10-14T07:23:15.975+0000][1][safepoint    ] Total time for which application threads were stopped: 0.0005126 seconds, Stopping threads took: 0.0002229 seconds
[2019-10-14T07:23:16.055+0000][1][safepoint    ] Application time: 0.0799078 seconds
[2019-10-14T07:23:16.056+0000][1][safepoint    ] Entering safepoint region: Deoptimize
[2019-10-14T07:23:16.057+0000][1][safepoint    ] Leaving safepoint region
[2019-10-14T07:23:16.058+0000][1][safepoint    ] Total time for which application threads were stopped: 0.0015042 seconds, Stopping threads took: 0.0005523 seconds
[2019-10-14T07:23:16.059+0000][1][safepoint    ] Application time: 0.0004747 seconds
[2019-10-14T07:23:16.059+0000][1][safepoint    ] Entering safepoint region: Deoptimize
[2019-10-14T07:23:16.060+0000][1][safepoint    ] Leaving safepoint region
[2019-10-14T07:23:16.060+0000][1][safepoint    ] Total time for which application threads were stopped: 0.0012200 seconds, Stopping threads took: 0.0004826 seconds
[2019-10-14T07:23:16.669+0000][1][safepoint    ] Application time: 0.6087404 seconds
[2019-10-14T07:23:16.670+0000][1][safepoint    ] Entering safepoint region: GenCollectForAllocation
[2019-10-14T07:23:16.670+0000][1][gc,start     ] GC(3) Pause Young (Allocation Failure)
[2019-10-14T07:23:16.671+0000][1][gc,task      ] GC(3) Using 2 workers of 2 for evacuation
[2019-10-14T07:23:16.706+0000][1][gc,age       ] GC(3) Desired survivor size 4456448 bytes, new threshold 3 (max threshold 6)
[2019-10-14T07:23:16.706+0000][1][gc,age       ] GC(3) Age table with threshold 3 (max threshold 6)
[2019-10-14T07:23:16.706+0000][1][gc,age       ] GC(3) - age   1:    4044088 bytes,    4044088 total
[2019-10-14T07:23:16.707+0000][1][gc,age       ] GC(3) - age   2:     295176 bytes,    4339264 total
[2019-10-14T07:23:16.707+0000][1][gc,age       ] GC(3) - age   3:    1138208 bytes,    5477472 total
[2019-10-14T07:23:16.707+0000][1][gc,heap      ] GC(3) ParNew: 73980K->7054K(78656K)
[2019-10-14T07:23:16.707+0000][1][gc,heap      ] GC(3) CMS: 6701K->6701K(174784K)
[2019-10-14T07:23:16.708+0000][1][gc,metaspace ] GC(3) Metaspace: 18353K->18353K(1067008K)
[2019-10-14T07:23:16.708+0000][1][gc           ] GC(3) Pause Young (Allocation Failure) 78M->13M(247M) 37.662ms
[2019-10-14T07:23:16.708+0000][1][gc,cpu       ] GC(3) User=0.03s Sys=0.00s Real=0.04s
[2019-10-14T07:23:16.708+0000][1][safepoint    ] Leaving safepoint region
[2019-10-14T07:23:16.709+0000][1][safepoint    ] Total time for which application threads were stopped: 0.0389149 seconds, Stopping threads took: 0.0002499 seconds
[2019-10-14T07:23:16.712+0000][1][safepoint    ] Application time: 0.0030814 seconds
[2019-10-14T07:23:16.713+0000][1][safepoint    ] Entering safepoint region: BulkRevokeBias
[2019-10-14T07:23:16.713+0000][1][safepoint    ] Leaving safepoint region
[2019-10-14T07:23:16.713+0000][1][safepoint    ] Total time for which application threads were stopped: 0.0006659 seconds, Stopping threads took: 0.0003532 seconds
[2019-10-14T07:23:16.724+0000][1][safepoint    ] Application time: 0.0103337 seconds
[2019-10-14T07:23:16.736+0000][1][safepoint    ] Entering safepoint region: RevokeBias
[2019-10-14T07:23:16.737+0000][1][safepoint    ] Leaving safepoint region
[2019-10-14T07:23:16.737+0000][1][safepoint    ] Total time for which application threads were stopped: 0.0122486 seconds, Stopping threads took: 0.0120137 seconds
[2019-10-14T07:23:16.737+0000][1][safepoint    ] Application time: 0.0000949 seconds
[2019-10-14T07:23:16.737+0000][1][safepoint    ] Entering safepoint region: RevokeBias
[2019-10-14T07:23:16.738+0000][1][safepoint    ] Leaving safepoint region
[2019-10-14T07:23:16.738+0000][1][safepoint    ] Total time for which application threads were stopped: 0.0008471 seconds, Stopping threads took: 0.0004755 seconds
[2019-10-14T07:23:16.738+0000][1][safepoint    ] Application time: 0.0000668 seconds
[2019-10-14T07:23:16.739+0000][1][safepoint    ] Entering safepoint region: RevokeBias
[2019-10-14T07:23:16.739+0000][1][safepoint    ] Leaving safepoint region
[2019-10-14T07:23:16.739+0000][1][safepoint    ] Total time for which application threads were stopped: 0.0006446 seconds, Stopping threads took: 0.0002528 seconds
[2019-10-14T07:23:16.740+0000][1][safepoint    ] Application time: 0.0001083 seconds
[2019-10-14T07:23:16.740+0000][1][safepoint    ] Entering safepoint region: RevokeBias
[2019-10-14T07:23:16.740+0000][1][safepoint    ] Leaving safepoint region
[2019-10-14T07:23:16.741+0000][1][safepoint    ] Total time for which application threads were stopped: 0.0005551 seconds, Stopping threads took: 0.0002357 seconds
[2019-10-14T07:23:16.741+0000][1][safepoint    ] Application time: 0.0000572 seconds
[2019-10-14T07:23:16.741+0000][1][safepoint    ] Entering safepoint region: RevokeBias
[2019-10-14T07:23:16.741+0000][1][safepoint    ] Leaving safepoint region
[2019-10-14T07:23:16.742+0000][1][safepoint    ] Total time for which application threads were stopped: 0.0004830 seconds, Stopping threads took: 0.0002178 seconds
[2019-10-14T07:23:16.742+0000][1][safepoint    ] Application time: 0.0001205 seconds
[2019-10-14T07:23:16.742+0000][1][safepoint    ] Entering safepoint region: RevokeBias
[2019-10-14T07:23:16.743+0000][1][safepoint    ] Leaving safepoint region
[2019-10-14T07:23:16.743+0000][1][safepoint    ] Total time for which application threads were stopped: 0.0007761 seconds, Stopping threads took: 0.0002883 seconds
[2019-10-14T07:23:16.743+0000][1][safepoint    ] Application time: 0.0000616 seconds
[2019-10-14T07:23:16.744+0000][1][safepoint    ] Entering safepoint region: RevokeBias
[2019-10-14T07:23:16.744+0000][1][safepoint    ] Leaving safepoint region
[2019-10-14T07:23:16.744+0000][1][safepoint    ] Total time for which application threads were stopped: 0.0007645 seconds, Stopping threads took: 0.0002516 seconds
[2019-10-14T07:23:16.745+0000][1][safepoint    ] Application time: 0.0000492 seconds
[2019-10-14T07:23:16.745+0000][1][safepoint    ] Entering safepoint region: RevokeBias
[2019-10-14T07:23:16.745+0000][1][safepoint    ] Leaving safepoint region
[2019-10-14T07:23:16.745+0000][1][safepoint    ] Total time for which application threads were stopped: 0.0005479 seconds, Stopping threads took: 0.0002048 seconds
[2019-10-14T07:23:16.746+0000][1][safepoint    ] Application time: 0.0001676 seconds
[2019-10-14T07:23:16.746+0000][1][safepoint    ] Entering safepoint region: RevokeBias
[2019-10-14T07:23:16.747+0000][1][safepoint    ] Leaving safepoint region
[2019-10-14T07:23:16.747+0000][1][safepoint    ] Total time for which application threads were stopped: 0.0010129 seconds, Stopping threads took: 0.0004798 seconds
[2019-10-14T07:23:16.747+0000][1][safepoint    ] Application time: 0.0000771 seconds
[2019-10-14T07:23:16.748+0000][1][safepoint    ] Entering safepoint region: RevokeBias
[2019-10-14T07:23:16.748+0000][1][safepoint    ] Leaving safepoint region
[2019-10-14T07:23:16.748+0000][1][safepoint    ] Total time for which application threads were stopped: 0.0006741 seconds, Stopping threads took: 0.0004426 seconds
[2019-10-14T07:23:16.749+0000][1][safepoint    ] Application time: 0.0001145 seconds
[2019-10-14T07:23:16.749+0000][1][safepoint    ] Entering safepoint region: RevokeBias
[2019-10-14T07:23:16.749+0000][1][safepoint    ] Leaving safepoint region
[2019-10-14T07:23:16.750+0000][1][safepoint    ] Total time for which application threads were stopped: 0.0005547 seconds, Stopping threads took: 0.0001978 seconds
[2019-10-14T07:23:16.750+0000][1][safepoint    ] Application time: 0.0004678 seconds
[2019-10-14T07:23:16.750+0000][1][safepoint    ] Entering safepoint region: RevokeBias
[2019-10-14T07:23:16.751+0000][1][safepoint    ] Leaving safepoint region
[2019-10-14T07:23:16.751+0000][1][safepoint    ] Total time for which application threads were stopped: 0.0005227 seconds, Stopping threads took: 0.0002336 seconds
[2019-10-14T07:23:16.751+0000][1][safepoint    ] Application time: 0.0000674 seconds
[2019-10-14T07:23:16.752+0000][1][safepoint    ] Entering safepoint region: RevokeBias
[2019-10-14T07:23:16.752+0000][1][safepoint    ] Leaving safepoint region
[2019-10-14T07:23:16.752+0000][1][safepoint    ] Total time for which application threads were stopped: 0.0008702 seconds, Stopping threads took: 0.0002207 seconds
[2019-10-14T07:23:16.753+0000][1][safepoint    ] Application time: 0.0001274 seconds
[2019-10-14T07:23:16.753+0000][1][safepoint    ] Entering safepoint region: RevokeBias
[2019-10-14T07:23:16.753+0000][1][safepoint    ] Leaving safepoint region
[2019-10-14T07:23:16.754+0000][1][safepoint    ] Total time for which application threads were stopped: 0.0005955 seconds, Stopping threads took: 0.0003286 seconds
[2019-10-14T07:23:16.754+0000][1][safepoint    ] Application time: 0.0001242 seconds
[2019-10-14T07:23:16.754+0000][1][safepoint    ] Entering safepoint region: RevokeBias
[2019-10-14T07:23:16.755+0000][1][safepoint    ] Leaving safepoint region
[2019-10-14T07:23:16.755+0000][1][safepoint    ] Total time for which application threads were stopped: 0.0005790 seconds, Stopping threads took: 0.0002265 seconds
[2019-10-14T07:23:16.756+0000][1][safepoint    ] Application time: 0.0004504 seconds
[2019-10-14T07:23:16.756+0000][1][safepoint    ] Entering safepoint region: RevokeBias
[2019-10-14T07:23:16.756+0000][1][safepoint    ] Leaving safepoint region
[2019-10-14T07:23:16.757+0000][1][safepoint    ] Total time for which application threads were stopped: 0.0006811 seconds, Stopping threads took: 0.0002586 seconds
[2019-10-14T07:23:16.757+0000][1][safepoint    ] Application time: 0.0000586 seconds
[2019-10-14T07:23:16.758+0000][1][safepoint    ] Entering safepoint region: RevokeBias
[2019-10-14T07:23:16.758+0000][1][safepoint    ] Leaving safepoint region
[2019-10-14T07:23:16.758+0000][1][safepoint    ] Total time for which application threads were stopped: 0.0008050 seconds, Stopping threads took: 0.0004055 seconds
[2019-10-14T07:23:16.759+0000][1][safepoint    ] Application time: 0.0001526 seconds
[2019-10-14T07:23:16.759+0000][1][safepoint    ] Entering safepoint region: RevokeBias
[2019-10-14T07:23:16.759+0000][1][safepoint    ] Leaving safepoint region
[2019-10-14T07:23:16.760+0000][1][safepoint    ] Total time for which application threads were stopped: 0.0006263 seconds, Stopping threads took: 0.0002577 seconds
[2019-10-14T07:23:16.760+0000][1][safepoint    ] Application time: 0.0000626 seconds
[2019-10-14T07:23:16.761+0000][1][safepoint    ] Entering safepoint region: RevokeBias
[2019-10-14T07:23:16.761+0000][1][safepoint    ] Leaving safepoint region
[2019-10-14T07:23:16.761+0000][1][safepoint    ] Total time for which application threads were stopped: 0.0005860 seconds, Stopping threads took: 0.0003151 seconds
[2019-10-14T07:23:16.762+0000][1][safepoint    ] Application time: 0.0000316 seconds
[2019-10-14T07:23:16.762+0000][1][safepoint    ] Entering safepoint region: RevokeBias
[2019-10-14T07:23:16.762+0000][1][safepoint    ] Leaving safepoint region
[2019-10-14T07:23:16.763+0000][1][safepoint    ] Total time for which application threads were stopped: 0.0006070 seconds, Stopping threads took: 0.0003121 seconds
[2019-10-14T07:23:17.076+0000][1][safepoint    ] Application time: 0.3134066 seconds
[2019-10-14T07:23:17.077+0000][1][safepoint    ] Entering safepoint region: GenCollectForAllocation
[2019-10-14T07:23:17.077+0000][1][gc,start     ] GC(4) Pause Young (Allocation Failure)
[2019-10-14T07:23:17.077+0000][1][gc,task      ] GC(4) Using 2 workers of 2 for evacuation
[2019-10-14T07:23:17.096+0000][1][gc,age       ] GC(4) Desired survivor size 4456448 bytes, new threshold 2 (max threshold 6)
[2019-10-14T07:23:17.097+0000][1][gc,age       ] GC(4) Age table with threshold 2 (max threshold 6)
[2019-10-14T07:23:17.097+0000][1][gc,age       ] GC(4) - age   1:    1608288 bytes,    1608288 total
[2019-10-14T07:23:17.097+0000][1][gc,age       ] GC(4) - age   2:    3328632 bytes,    4936920 total
[2019-10-14T07:23:17.097+0000][1][gc,age       ] GC(4) - age   3:     294648 bytes,    5231568 total
[2019-10-14T07:23:17.098+0000][1][gc,heap      ] GC(4) ParNew: 77006K->7332K(78656K)
[2019-10-14T07:23:17.098+0000][1][gc,heap      ] GC(4) CMS: 6701K->7829K(174784K)
[2019-10-14T07:23:17.098+0000][1][gc,metaspace ] GC(4) Metaspace: 18556K->18556K(1067008K)
[2019-10-14T07:23:17.098+0000][1][gc           ] GC(4) Pause Young (Allocation Failure) 81M->14M(247M) 21.124ms
[2019-10-14T07:23:17.099+0000][1][gc,cpu       ] GC(4) User=0.01s Sys=0.00s Real=0.02s
[2019-10-14T07:23:17.099+0000][1][safepoint    ] Leaving safepoint region
[2019-10-14T07:23:17.099+0000][1][safepoint    ] Total time for which application threads were stopped: 0.0223463 seconds, Stopping threads took: 0.0002035 seconds
[2019-10-14T07:23:17.100+0000][1][safepoint    ] Application time: 0.0002028 seconds
[2019-10-14T07:23:17.100+0000][1][safepoint    ] Entering safepoint region: RevokeBias
[2019-10-14T07:23:17.109+0000][1][safepoint    ] Leaving safepoint region
[2019-10-14T07:23:17.110+0000][1][safepoint    ] Total time for which application threads were stopped: 0.0096686 seconds, Stopping threads took: 0.0092428 seconds
[2019-10-14T07:23:17.110+0000][1][safepoint    ] Application time: 0.0001204 seconds
[2019-10-14T07:23:17.110+0000][1][safepoint    ] Entering safepoint region: RevokeBias
[2019-10-14T07:23:17.110+0000][1][safepoint    ] Leaving safepoint region
[2019-10-14T07:23:17.111+0000][1][safepoint    ] Total time for which application threads were stopped: 0.0006483 seconds, Stopping threads took: 0.0003412 seconds
[2019-10-14T07:23:17.111+0000][1][safepoint    ] Application time: 0.0000908 seconds
[2019-10-14T07:23:17.111+0000][1][safepoint    ] Entering safepoint region: RevokeBias
[2019-10-14T07:23:17.112+0000][1][safepoint    ] Leaving safepoint region
[2019-10-14T07:23:17.112+0000][1][safepoint    ] Total time for which application threads were stopped: 0.0005632 seconds, Stopping threads took: 0.0003096 seconds
[2019-10-14T07:23:17.112+0000][1][safepoint    ] Application time: 0.0002125 seconds
[2019-10-14T07:23:17.113+0000][1][safepoint    ] Entering safepoint region: RevokeBias
[2019-10-14T07:23:17.114+0000][1][safepoint    ] Leaving safepoint region
[2019-10-14T07:23:17.114+0000][1][safepoint    ] Total time for which application threads were stopped: 0.0009810 seconds, Stopping threads took: 0.0006427 seconds
[2019-10-14T07:23:17.140+0000][1][safepoint    ] Application time: 0.0257515 seconds
[2019-10-14T07:23:17.140+0000][1][safepoint    ] Entering safepoint region: Deoptimize
[2019-10-14T07:23:17.141+0000][1][safepoint    ] Leaving safepoint region
[2019-10-14T07:23:17.141+0000][1][safepoint    ] Total time for which application threads were stopped: 0.0009009 seconds, Stopping threads took: 0.0002594 seconds
[2019-10-14T07:23:17.247+0000][1][safepoint    ] Application time: 0.1051794 seconds
[2019-10-14T07:23:17.247+0000][1][safepoint    ] Entering safepoint region: Deoptimize
[2019-10-14T07:23:17.248+0000][1][safepoint    ] Leaving safepoint region
[2019-10-14T07:23:17.248+0000][1][safepoint    ] Total time for which application threads were stopped: 0.0013380 seconds, Stopping threads took: 0.0005110 seconds
[2019-10-14T07:23:17.271+0000][1][safepoint    ] Application time: 0.0226928 seconds
[2019-10-14T07:23:17.272+0000][1][safepoint    ] Entering safepoint region: RevokeBias
[2019-10-14T07:23:17.272+0000][1][safepoint    ] Leaving safepoint region
[2019-10-14T07:23:17.272+0000][1][safepoint    ] Total time for which application threads were stopped: 0.0004744 seconds, Stopping threads took: 0.0002062 seconds
[2019-10-14T07:23:17.276+0000][1][safepoint    ] Application time: 0.0035144 seconds
[2019-10-14T07:23:17.276+0000][1][safepoint    ] Entering safepoint region: RevokeBias
[2019-10-14T07:23:17.277+0000][1][safepoint    ] Leaving safepoint region
[2019-10-14T07:23:17.282+0000][1][safepoint    ] Total time for which application threads were stopped: 0.0061694 seconds, Stopping threads took: 0.0002998 seconds
[2019-10-14T07:23:17.497+0000][1][safepoint    ] Application time: 0.2138206 seconds
[2019-10-14T07:23:17.497+0000][1][safepoint    ] Entering safepoint region: GenCollectForAllocation
[2019-10-14T07:23:17.497+0000][1][gc,start     ] GC(5) Pause Young (Allocation Failure)
[2019-10-14T07:23:17.498+0000][1][gc,task      ] GC(5) Using 2 workers of 2 for evacuation
[2019-10-14T07:23:17.522+0000][1][gc,age       ] GC(5) Desired survivor size 4456448 bytes, new threshold 6 (max threshold 6)
[2019-10-14T07:23:17.522+0000][1][gc,age       ] GC(5) Age table with threshold 6 (max threshold 6)
[2019-10-14T07:23:17.522+0000][1][gc,age       ] GC(5) - age   1:    3045888 bytes,    3045888 total
[2019-10-14T07:23:17.523+0000][1][gc,age       ] GC(5) - age   2:     442672 bytes,    3488560 total
[2019-10-14T07:23:17.523+0000][1][gc,heap      ] GC(5) ParNew: 77284K->5053K(78656K)
[2019-10-14T07:23:17.523+0000][1][gc,heap      ] GC(5) CMS: 7829K->11399K(174784K)
[2019-10-14T07:23:17.523+0000][1][gc,metaspace ] GC(5) Metaspace: 18895K->18895K(1067008K)
[2019-10-14T07:23:17.524+0000][1][gc           ] GC(5) Pause Young (Allocation Failure) 83M->16M(247M) 26.430ms
[2019-10-14T07:23:17.524+0000][1][gc,cpu       ] GC(5) User=0.02s Sys=0.00s Real=0.03s
[2019-10-14T07:23:17.524+0000][1][safepoint    ] Leaving safepoint region
[2019-10-14T07:23:17.525+0000][1][safepoint    ] Total time for which application threads were stopped: 0.0278107 seconds, Stopping threads took: 0.0002310 seconds
[2019-10-14T07:23:17.525+0000][1][safepoint    ] Application time: 0.0001809 seconds
[2019-10-14T07:23:17.525+0000][1][safepoint    ] Entering safepoint region: RevokeBias
[2019-10-14T07:23:17.526+0000][1][safepoint    ] Leaving safepoint region
[2019-10-14T07:23:17.526+0000][1][safepoint    ] Total time for which application threads were stopped: 0.0005314 seconds, Stopping threads took: 0.0002613 seconds
[2019-10-14T07:23:17.526+0000][1][safepoint    ] Application time: 0.0000928 seconds
[2019-10-14T07:23:17.526+0000][1][safepoint    ] Entering safepoint region: RevokeBias
[2019-10-14T07:23:17.527+0000][1][safepoint    ] Leaving safepoint region
[2019-10-14T07:23:17.527+0000][1][safepoint    ] Total time for which application threads were stopped: 0.0006036 seconds, Stopping threads took: 0.0002228 seconds
[2019-10-14T07:23:17.527+0000][1][safepoint    ] Application time: 0.0000868 seconds
[2019-10-14T07:23:17.528+0000][1][safepoint    ] Entering safepoint region: RevokeBias
[2019-10-14T07:23:17.528+0000][1][safepoint    ] Leaving safepoint region
[2019-10-14T07:23:17.528+0000][1][safepoint    ] Total time for which application threads were stopped: 0.0005943 seconds, Stopping threads took: 0.0003043 seconds
[2019-10-14T07:23:17.528+0000][1][safepoint    ] Application time: 0.0000503 seconds
[2019-10-14T07:23:17.529+0000][1][safepoint    ] Entering safepoint region: RevokeBias
[2019-10-14T07:23:17.529+0000][1][safepoint    ] Leaving safepoint region
[2019-10-14T07:23:17.529+0000][1][safepoint    ] Total time for which application threads were stopped: 0.0006687 seconds, Stopping threads took: 0.0002488 seconds
[2019-10-14T07:23:17.530+0000][1][safepoint    ] Application time: 0.0000859 seconds
[2019-10-14T07:23:17.530+0000][1][safepoint    ] Entering safepoint region: RevokeBias
[2019-10-14T07:23:17.530+0000][1][safepoint    ] Leaving safepoint region
[2019-10-14T07:23:17.530+0000][1][safepoint    ] Total time for which application threads were stopped: 0.0005795 seconds, Stopping threads took: 0.0003179 seconds
[2019-10-14T07:23:17.531+0000][1][safepoint    ] Application time: 0.0000524 seconds
[2019-10-14T07:23:17.531+0000][1][safepoint    ] Entering safepoint region: RevokeBias
[2019-10-14T07:23:17.531+0000][1][safepoint    ] Leaving safepoint region
[2019-10-14T07:23:17.532+0000][1][safepoint    ] Total time for which application threads were stopped: 0.0007522 seconds, Stopping threads took: 0.0003879 seconds
[2019-10-14T07:23:17.698+0000][1][safepoint    ] Application time: 0.1656047 seconds
[2019-10-14T07:23:17.789+0000][1][safepoint    ] Entering safepoint region: RevokeBias
[2019-10-14T07:23:17.798+0000][1][safepoint    ] Leaving safepoint region
[2019-10-14T07:23:17.835+0000][1][safepoint    ] Total time for which application threads were stopped: 0.0456751 seconds, Stopping threads took: 0.0088015 seconds
[2019-10-14T07:23:17.857+0000][1][safepoint    ] Application time: 0.0005045 seconds
[2019-10-14T07:23:17.857+0000][1][safepoint    ] Entering safepoint region: BulkRevokeBias
[2019-10-14T07:23:17.857+0000][1][safepoint    ] Leaving safepoint region
[2019-10-14T07:23:17.858+0000][1][safepoint    ] Total time for which application threads were stopped: 0.0006422 seconds, Stopping threads took: 0.0002774 seconds
[2019-10-14T07:23:17.926+0000][1][safepoint    ] Application time: 0.0681278 seconds
[2019-10-14T07:23:17.927+0000][1][safepoint    ] Entering safepoint region: GenCollectForAllocation
[2019-10-14T07:23:17.933+0000][1][gc,start     ] GC(6) Pause Young (Allocation Failure)
[2019-10-14T07:23:17.933+0000][1][gc,task      ] GC(6) Using 2 workers of 2 for evacuation
[2019-10-14T07:23:17.970+0000][1][gc,age       ] GC(6) Desired survivor size 4456448 bytes, new threshold 6 (max threshold 6)
[2019-10-14T07:23:17.970+0000][1][gc,age       ] GC(6) Age table with threshold 6 (max threshold 6)
[2019-10-14T07:23:17.971+0000][1][gc,age       ] GC(6) - age   1:    1815648 bytes,    1815648 total
[2019-10-14T07:23:17.971+0000][1][gc,age       ] GC(6) - age   2:    2195368 bytes,    4011016 total
[2019-10-14T07:23:17.971+0000][1][gc,age       ] GC(6) - age   3:     442672 bytes,    4453688 total
[2019-10-14T07:23:17.971+0000][1][gc,heap      ] GC(6) ParNew: 75005K->7637K(78656K)
[2019-10-14T07:23:17.972+0000][1][gc,heap      ] GC(6) CMS: 11399K->11399K(174784K)
[2019-10-14T07:23:17.972+0000][1][gc,metaspace ] GC(6) Metaspace: 19200K->19200K(1067008K)
[2019-10-14T07:23:17.972+0000][1][gc           ] GC(6) Pause Young (Allocation Failure) 84M->18M(247M) 39.541ms
[2019-10-14T07:23:17.973+0000][1][gc,cpu       ] GC(6) User=0.06s Sys=0.00s Real=0.04s
[2019-10-14T07:23:17.973+0000][1][safepoint    ] Leaving safepoint region
[2019-10-14T07:23:17.973+0000][1][safepoint    ] Total time for which application threads were stopped: 0.0467919 seconds, Stopping threads took: 0.0062437 seconds
[2019-10-14T07:23:17.977+0000][1][safepoint    ] Application time: 0.0035733 seconds
[2019-10-14T07:23:17.986+0000][1][safepoint    ] Entering safepoint region: BulkRevokeBias
[2019-10-14T07:23:17.994+0000][1][safepoint    ] Leaving safepoint region
[2019-10-14T07:23:17.995+0000][1][safepoint    ] Total time for which application threads were stopped: 0.0168119 seconds, Stopping threads took: 0.0086277 seconds
[2019-10-14T07:23:18.255+0000][1][safepoint    ] Application time: 0.2599396 seconds
[2019-10-14T07:23:18.256+0000][1][safepoint    ] Entering safepoint region: CollectForMetadataAllocation
[2019-10-14T07:23:18.256+0000][1][safepoint    ] Leaving safepoint region
[2019-10-14T07:23:18.256+0000][1][safepoint    ] Total time for which application threads were stopped: 0.0007182 seconds, Stopping threads took: 0.0002852 seconds
[2019-10-14T07:23:18.313+0000][1][safepoint    ] Application time: 0.0568424 seconds
[2019-10-14T07:23:18.314+0000][1][safepoint    ] Entering safepoint region: GenCollectForAllocation
[2019-10-14T07:23:18.315+0000][1][gc,start     ] GC(7) Pause Young (Allocation Failure)
[2019-10-14T07:23:18.315+0000][1][gc,task      ] GC(7) Using 2 workers of 2 for evacuation
[2019-10-14T07:23:18.326+0000][1][gc,age       ] GC(7) Desired survivor size 4456448 bytes, new threshold 3 (max threshold 6)
[2019-10-14T07:23:18.333+0000][1][gc,age       ] GC(7) Age table with threshold 3 (max threshold 6)
[2019-10-14T07:23:18.334+0000][1][gc,age       ] GC(7) - age   1:    1201280 bytes,    1201280 total
[2019-10-14T07:23:18.334+0000][1][gc,age       ] GC(7) - age   2:    1129608 bytes,    2330888 total
[2019-10-14T07:23:18.334+0000][1][gc,age       ] GC(7) - age   3:    2193072 bytes,    4523960 total
[2019-10-14T07:23:18.343+0000][1][gc,age       ] GC(7) - age   4:     442672 bytes,    4966632 total
[2019-10-14T07:23:18.344+0000][1][gc,heap      ] GC(7) ParNew: 77589K->5598K(78656K)
[2019-10-14T07:23:18.344+0000][1][gc,heap      ] GC(7) CMS: 11399K->11399K(174784K)
[2019-10-14T07:23:18.344+0000][1][gc,metaspace ] GC(7) Metaspace: 20212K->20212K(1069056K)
[2019-10-14T07:23:18.345+0000][1][gc           ] GC(7) Pause Young (Allocation Failure) 86M->16M(247M) 29.766ms
[2019-10-14T07:23:18.345+0000][1][gc,cpu       ] GC(7) User=0.04s Sys=0.00s Real=0.03s
[2019-10-14T07:23:18.345+0000][1][safepoint    ] Leaving safepoint region
[2019-10-14T07:23:18.346+0000][1][safepoint    ] Total time for which application threads were stopped: 0.0311087 seconds, Stopping threads took: 0.0002879 seconds
[2019-10-14T07:23:18.346+0000][1][safepoint    ] Application time: 0.0003359 seconds
[2019-10-14T07:23:18.347+0000][1][safepoint    ] Entering safepoint region: CMS_Initial_Mark
[2019-10-14T07:23:18.347+0000][1][gc,start     ] GC(8) Pause Initial Mark
[2019-10-14T07:23:18.351+0000][1][gc           ] GC(8) Pause Initial Mark 17M->17M(247M) 3.645ms
[2019-10-14T07:23:18.351+0000][1][gc,cpu       ] GC(8) User=0.01s Sys=0.00s Real=0.00s
[2019-10-14T07:23:18.351+0000][1][safepoint    ] Leaving safepoint region
[2019-10-14T07:23:18.352+0000][1][safepoint    ] Total time for which application threads were stopped: 0.0052338 seconds, Stopping threads took: 0.0004548 seconds
[2019-10-14T07:23:18.352+0000][1][gc           ] GC(8) Concurrent Mark
[2019-10-14T07:23:18.407+0000][1][gc           ] GC(8) Concurrent Mark 54.546ms
[2019-10-14T07:23:18.407+0000][1][gc,cpu       ] GC(8) User=0.07s Sys=0.00s Real=0.06s
[2019-10-14T07:23:18.407+0000][1][gc           ] GC(8) Concurrent Preclean
[2019-10-14T07:23:18.408+0000][1][gc           ] GC(8) Concurrent Preclean 0.455ms
[2019-10-14T07:23:18.408+0000][1][gc,cpu       ] GC(8) User=0.00s Sys=0.00s Real=0.00s
[2019-10-14T07:23:18.408+0000][1][gc           ] GC(8) Concurrent Abortable Preclean
[2019-10-14T07:23:18.521+0000][1][safepoint    ] Application time: 0.1690685 seconds
[2019-10-14T07:23:18.521+0000][1][safepoint    ] Entering safepoint region: GenCollectForAllocation
[2019-10-14T07:23:18.522+0000][1][gc,start     ] GC(9) Pause Young (Allocation Failure)
[2019-10-14T07:23:18.523+0000][1][gc,task      ] GC(9) Using 2 workers of 2 for evacuation
[2019-10-14T07:23:18.541+0000][1][gc           ] GC(8) Concurrent Abortable Preclean 132.750ms
[2019-10-14T07:23:18.541+0000][1][gc,cpu       ] GC(8) User=0.14s Sys=0.02s Real=0.13s
[2019-10-14T07:23:18.553+0000][1][gc,age       ] GC(9) Desired survivor size 4456448 bytes, new threshold 6 (max threshold 6)
[2019-10-14T07:23:18.553+0000][1][gc,age       ] GC(9) Age table with threshold 6 (max threshold 6)
[2019-10-14T07:23:18.554+0000][1][gc,age       ] GC(9) - age   1:    1068832 bytes,    1068832 total
[2019-10-14T07:23:18.554+0000][1][gc,age       ] GC(9) - age   2:     787632 bytes,    1856464 total
[2019-10-14T07:23:18.555+0000][1][gc,age       ] GC(9) - age   3:    1129608 bytes,    2986072 total
[2019-10-14T07:23:18.555+0000][1][gc,heap      ] GC(9) ParNew: 75550K->5945K(78656K)
[2019-10-14T07:23:18.555+0000][1][gc,heap      ] GC(9) CMS: 11399K->13992K(174784K)
[2019-10-14T07:23:18.557+0000][1][gc,metaspace ] GC(9) Metaspace: 20239K->20239K(1069056K)
[2019-10-14T07:23:18.557+0000][1][gc           ] GC(9) Pause Young (Allocation Failure) 84M->19M(247M) 35.252ms
[2019-10-14T07:23:18.557+0000][1][gc,cpu       ] GC(9) User=0.02s Sys=0.00s Real=0.04s
[2019-10-14T07:23:18.558+0000][1][safepoint    ] Leaving safepoint region
[2019-10-14T07:23:18.558+0000][1][safepoint    ] Total time for which application threads were stopped: 0.0364845 seconds, Stopping threads took: 0.0003844 seconds
[2019-10-14T07:23:18.575+0000][1][safepoint    ] Application time: 0.0171968 seconds
[2019-10-14T07:23:18.593+0000][1][safepoint    ] Entering safepoint region: CMS_Final_Remark
[2019-10-14T07:23:18.594+0000][1][gc,start     ] GC(8) Pause Remark
[2019-10-14T07:23:18.613+0000][1][gc           ] GC(8) Pause Remark 26M->26M(247M) 19.804ms
[2019-10-14T07:23:18.614+0000][1][gc,cpu       ] GC(8) User=0.01s Sys=0.00s Real=0.02s
[2019-10-14T07:23:18.615+0000][1][safepoint    ] Leaving safepoint region
[2019-10-14T07:23:18.615+0000][1][safepoint    ] Total time for which application threads were stopped: 0.0393845 seconds, Stopping threads took: 0.0177298 seconds
[2019-10-14T07:23:18.644+0000][1][gc           ] GC(8) Concurrent Sweep
[2019-10-14T07:23:18.651+0000][1][gc           ] GC(8) Concurrent Sweep 6.410ms
[2019-10-14T07:23:18.669+0000][1][gc,cpu       ] GC(8) User=0.01s Sys=0.00s Real=0.02s
[2019-10-14T07:23:18.670+0000][1][gc           ] GC(8) Concurrent Reset
[2019-10-14T07:23:18.670+0000][1][gc           ] GC(8) Concurrent Reset 0.400ms
[2019-10-14T07:23:18.670+0000][1][gc,cpu       ] GC(8) User=0.00s Sys=0.00s Real=0.00s
[2019-10-14T07:23:18.671+0000][1][gc,heap      ] GC(8) Old: 11399K->13966K(174784K)
[2019-10-14T07:23:18.787+0000][1][safepoint    ] Application time: 0.1719287 seconds
[2019-10-14T07:23:18.788+0000][1][safepoint    ] Entering safepoint region: GenCollectForAllocation
[2019-10-14T07:23:18.788+0000][1][gc,start     ] GC(10) Pause Young (Allocation Failure)
[2019-10-14T07:23:18.789+0000][1][gc,task      ] GC(10) Using 2 workers of 2 for evacuation
[2019-10-14T07:23:18.793+0000][1][gc,age       ] GC(10) Desired survivor size 4456448 bytes, new threshold 6 (max threshold 6)
[2019-10-14T07:23:18.794+0000][1][gc,age       ] GC(10) Age table with threshold 6 (max threshold 6)
[2019-10-14T07:23:18.794+0000][1][gc,age       ] GC(10) - age   1:     662520 bytes,     662520 total
[2019-10-14T07:23:18.794+0000][1][gc,age       ] GC(10) - age   2:     206040 bytes,     868560 total
[2019-10-14T07:23:18.795+0000][1][gc,age       ] GC(10) - age   3:     787512 bytes,    1656072 total
[2019-10-14T07:23:18.795+0000][1][gc,age       ] GC(10) - age   4:    1129608 bytes,    2785680 total
[2019-10-14T07:23:18.795+0000][1][gc,heap      ] GC(10) ParNew: 75897K->3254K(78656K)
[2019-10-14T07:23:18.795+0000][1][gc,heap      ] GC(10) CMS: 13966K->13966K(174784K)
[2019-10-14T07:23:18.796+0000][1][gc,metaspace ] GC(10) Metaspace: 20353K->20353K(1069056K)
[2019-10-14T07:23:18.796+0000][1][gc           ] GC(10) Pause Young (Allocation Failure) 87M->16M(247M) 7.407ms
[2019-10-14T07:23:18.796+0000][1][gc,cpu       ] GC(10) User=0.00s Sys=0.01s Real=0.01s
[2019-10-14T07:23:18.797+0000][1][safepoint    ] Leaving safepoint region
[2019-10-14T07:23:18.797+0000][1][safepoint    ] Total time for which application threads were stopped: 0.0091338 seconds, Stopping threads took: 0.0002297 seconds
[2019-10-14T07:23:18.909+0000][1][safepoint    ] Application time: 0.1119567 seconds
[2019-10-14T07:23:18.910+0000][1][safepoint    ] Entering safepoint region: GenCollectForAllocation
[2019-10-14T07:23:18.910+0000][1][gc,start     ] GC(11) Pause Young (Allocation Failure)
[2019-10-14T07:23:18.910+0000][1][gc,task      ] GC(11) Using 2 workers of 2 for evacuation
[2019-10-14T07:23:18.916+0000][1][gc,age       ] GC(11) Desired survivor size 4456448 bytes, new threshold 6 (max threshold 6)
[2019-10-14T07:23:18.917+0000][1][gc,age       ] GC(11) Age table with threshold 6 (max threshold 6)
[2019-10-14T07:23:18.917+0000][1][gc,age       ] GC(11) - age   1:    1260088 bytes,    1260088 total
[2019-10-14T07:23:18.917+0000][1][gc,age       ] GC(11) - age   2:      99480 bytes,    1359568 total
[2019-10-14T07:23:18.917+0000][1][gc,age       ] GC(11) - age   3:     206040 bytes,    1565608 total
[2019-10-14T07:23:18.918+0000][1][gc,age       ] GC(11) - age   4:     787360 bytes,    2352968 total
[2019-10-14T07:23:18.918+0000][1][gc,age       ] GC(11) - age   5:    1129320 bytes,    3482288 total
[2019-10-14T07:23:18.918+0000][1][gc,heap      ] GC(11) ParNew: 73206K->3698K(78656K)
[2019-10-14T07:23:18.918+0000][1][gc,heap      ] GC(11) CMS: 13966K->13966K(174784K)
[2019-10-14T07:23:18.919+0000][1][gc,metaspace ] GC(11) Metaspace: 20419K->20419K(1069056K)
[2019-10-14T07:23:18.919+0000][1][gc           ] GC(11) Pause Young (Allocation Failure) 85M->17M(247M) 9.152ms
[2019-10-14T07:23:18.919+0000][1][gc,cpu       ] GC(11) User=0.00s Sys=0.00s Real=0.01s
[2019-10-14T07:23:18.920+0000][1][safepoint    ] Leaving safepoint region
[2019-10-14T07:23:18.920+0000][1][safepoint    ] Total time for which application threads were stopped: 0.0103773 seconds, Stopping threads took: 0.0002678 seconds
[2019-10-14T07:23:18.975+0000][1][safepoint    ] Application time: 0.0551278 seconds
[2019-10-14T07:23:18.976+0000][1][safepoint    ] Entering safepoint region: Deoptimize
[2019-10-14T07:23:18.976+0000][1][safepoint    ] Leaving safepoint region
[2019-10-14T07:23:18.977+0000][1][safepoint    ] Total time for which application threads were stopped: 0.0010673 seconds, Stopping threads took: 0.0004164 seconds
[2019-10-14T07:23:19.654+0000][1][safepoint    ] Application time: 0.6769781 seconds
[2019-10-14T07:23:19.654+0000][1][safepoint    ] Entering safepoint region: Deoptimize
[2019-10-14T07:23:19.655+0000][1][safepoint    ] Leaving safepoint region
[2019-10-14T07:23:19.655+0000][1][safepoint    ] Total time for which application threads were stopped: 0.0009158 seconds, Stopping threads took: 0.0002017 seconds
[2019-10-14T07:23:19.671+0000][1][safepoint    ] Application time: 0.0157053 seconds
[2019-10-14T07:23:19.671+0000][1][safepoint    ] Entering safepoint region: RevokeBias
[2019-10-14T07:23:19.672+0000][1][safepoint    ] Leaving safepoint region
[2019-10-14T07:23:19.672+0000][1][safepoint    ] Total time for which application threads were stopped: 0.0004687 seconds, Stopping threads took: 0.0002062 seconds
[2019-10-14T07:23:19.682+0000][1][safepoint    ] Application time: 0.0095822 seconds
[2019-10-14T07:23:19.682+0000][1][safepoint    ] Entering safepoint region: RevokeBias
[2019-10-14T07:23:19.682+0000][1][safepoint    ] Leaving safepoint region
[2019-10-14T07:23:19.683+0000][1][safepoint    ] Total time for which application threads were stopped: 0.0007319 seconds, Stopping threads took: 0.0002486 seconds
[2019-10-14T07:23:19.686+0000][1][safepoint    ] Application time: 0.0033350 seconds
[2019-10-14T07:23:19.687+0000][1][safepoint    ] Entering safepoint region: Deoptimize
[2019-10-14T07:23:19.687+0000][1][safepoint    ] Leaving safepoint region
[2019-10-14T07:23:19.688+0000][1][safepoint    ] Total time for which application threads were stopped: 0.0009374 seconds, Stopping threads took: 0.0002290 seconds
[2019-10-14T07:23:19.696+0000][1][safepoint    ] Application time: 0.0080037 seconds
[2019-10-14T07:23:19.696+0000][1][safepoint    ] Entering safepoint region: Deoptimize
[2019-10-14T07:23:19.697+0000][1][safepoint    ] Leaving safepoint region
[2019-10-14T07:23:19.697+0000][1][safepoint    ] Total time for which application threads were stopped: 0.0008053 seconds, Stopping threads took: 0.0002375 seconds
[2019-10-14T07:23:20.155+0000][1][safepoint    ] Application time: 0.4573161 seconds
[2019-10-14T07:23:20.155+0000][1][safepoint    ] Entering safepoint region: GenCollectForAllocation
[2019-10-14T07:23:20.156+0000][1][gc,start     ] GC(12) Pause Young (Allocation Failure)
[2019-10-14T07:23:20.157+0000][1][gc,task      ] GC(12) Using 2 workers of 2 for evacuation
[2019-10-14T07:23:20.184+0000][1][gc,age       ] GC(12) Desired survivor size 4456448 bytes, new threshold 1 (max threshold 6)
[2019-10-14T07:23:20.185+0000][1][gc,age       ] GC(12) Age table with threshold 1 (max threshold 6)
[2019-10-14T07:23:20.185+0000][1][gc,age       ] GC(12) - age   1:    5877504 bytes,    5877504 total
[2019-10-14T07:23:20.185+0000][1][gc,age       ] GC(12) - age   2:     381416 bytes,    6258920 total
[2019-10-14T07:23:20.186+0000][1][gc,age       ] GC(12) - age   3:      98584 bytes,    6357504 total
[2019-10-14T07:23:20.186+0000][1][gc,age       ] GC(12) - age   4:     205728 bytes,    6563232 total
[2019-10-14T07:23:20.186+0000][1][gc,age       ] GC(12) - age   5:     775984 bytes,    7339216 total
[2019-10-14T07:23:20.186+0000][1][gc,age       ] GC(12) - age   6:    1126096 bytes,    8465312 total
[2019-10-14T07:23:20.187+0000][1][gc,heap      ] GC(12) ParNew: 73650K->8704K(78656K)
[2019-10-14T07:23:20.187+0000][1][gc,heap      ] GC(12) CMS: 13966K->14266K(174784K)
[2019-10-14T07:23:20.187+0000][1][gc,metaspace ] GC(12) Metaspace: 26794K->26794K(1075200K)
[2019-10-14T07:23:20.187+0000][1][gc           ] GC(12) Pause Young (Allocation Failure) 85M->22M(247M) 31.643ms
[2019-10-14T07:23:20.188+0000][1][gc,cpu       ] GC(12) User=0.02s Sys=0.00s Real=0.03s
[2019-10-14T07:23:20.188+0000][1][safepoint    ] Leaving safepoint region
[2019-10-14T07:23:20.188+0000][1][safepoint    ] Total time for which application threads were stopped: 0.0329025 seconds, Stopping threads took: 0.0003245 seconds
[2019-10-14T07:23:21.134+0000][1][safepoint    ] Application time: 0.9453001 seconds
[2019-10-14T07:23:21.134+0000][1][safepoint    ] Entering safepoint region: RevokeBias
[2019-10-14T07:23:21.135+0000][1][safepoint    ] Leaving safepoint region
[2019-10-14T07:23:21.136+0000][1][safepoint    ] Total time for which application threads were stopped: 0.0020986 seconds, Stopping threads took: 0.0007699 seconds
[2019-10-14T07:23:21.511+0000][1][safepoint    ] Application time: 0.3693591 seconds
[2019-10-14T07:23:21.512+0000][1][safepoint    ] Entering safepoint region: GenCollectForAllocation
[2019-10-14T07:23:21.512+0000][1][gc,start     ] GC(13) Pause Young (Allocation Failure)
[2019-10-14T07:23:21.513+0000][1][gc,task      ] GC(13) Using 2 workers of 2 for evacuation
[2019-10-14T07:23:21.585+0000][1][gc,age       ] GC(13) Desired survivor size 4456448 bytes, new threshold 1 (max threshold 6)
[2019-10-14T07:23:21.585+0000][1][gc,age       ] GC(13) Age table with threshold 1 (max threshold 6)
[2019-10-14T07:23:21.585+0000][1][gc,age       ] GC(13) - age   1:    8912816 bytes,    8912816 total
[2019-10-14T07:23:21.586+0000][1][gc,heap      ] GC(13) ParNew: 78656K->8704K(78656K)
[2019-10-14T07:23:21.586+0000][1][gc,heap      ] GC(13) CMS: 14266K->27615K(174784K)
[2019-10-14T07:23:21.586+0000][1][gc,metaspace ] GC(13) Metaspace: 26912K->26912K(1075200K)
[2019-10-14T07:23:21.587+0000][1][gc           ] GC(13) Pause Young (Allocation Failure) 90M->35M(247M) 74.294ms
[2019-10-14T07:23:21.587+0000][1][gc,cpu       ] GC(13) User=0.06s Sys=0.01s Real=0.08s
[2019-10-14T07:23:21.587+0000][1][safepoint    ] Leaving safepoint region
[2019-10-14T07:23:21.587+0000][1][safepoint    ] Total time for which application threads were stopped: 0.0754517 seconds, Stopping threads took: 0.0003074 seconds
[2019-10-14T07:23:22.596+0000][1][safepoint    ] Application time: 1.0078949 seconds
[2019-10-14T07:23:22.604+0000][1][safepoint    ] Entering safepoint region: Cleanup
[2019-10-14T07:23:22.604+0000][1][safepoint    ] Leaving safepoint region
[2019-10-14T07:23:22.604+0000][1][safepoint    ] Total time for which application threads were stopped: 0.0082677 seconds, Stopping threads took: 0.0080418 seconds
[2019-10-14T07:23:22.866+0000][1][safepoint    ] Application time: 0.2612566 seconds
[2019-10-14T07:23:22.866+0000][1][safepoint    ] Entering safepoint region: GenCollectForAllocation
[2019-10-14T07:23:22.866+0000][1][gc,start     ] GC(14) Pause Young (Allocation Failure)
[2019-10-14T07:23:22.867+0000][1][gc,task      ] GC(14) Using 2 workers of 2 for evacuation
[2019-10-14T07:23:22.968+0000][1][gc,age       ] GC(14) Desired survivor size 4456448 bytes, new threshold 1 (max threshold 6)
[2019-10-14T07:23:22.968+0000][1][gc,age       ] GC(14) Age table with threshold 1 (max threshold 6)
[2019-10-14T07:23:22.968+0000][1][gc,age       ] GC(14) - age   1:    8912784 bytes,    8912784 total
[2019-10-14T07:23:22.968+0000][1][gc,heap      ] GC(14) ParNew: 78656K->8704K(78656K)
[2019-10-14T07:23:22.969+0000][1][gc,heap      ] GC(14) CMS: 27615K->40349K(174784K)
[2019-10-14T07:23:22.969+0000][1][gc,metaspace ] GC(14) Metaspace: 27050K->27050K(1075200K)
[2019-10-14T07:23:22.971+0000][1][gc           ] GC(14) Pause Young (Allocation Failure) 103M->47M(247M) 104.571ms
[2019-10-14T07:23:22.971+0000][1][gc,cpu       ] GC(14) User=0.10s Sys=0.02s Real=0.10s
[2019-10-14T07:23:22.973+0000][1][safepoint    ] Leaving safepoint region
[2019-10-14T07:23:22.981+0000][1][safepoint    ] Total time for which application threads were stopped: 0.1147096 seconds, Stopping threads took: 0.0002242 seconds
[2019-10-14T07:23:23.281+0000][1][safepoint    ] Application time: 0.2997624 seconds
[2019-10-14T07:23:23.282+0000][1][safepoint    ] Entering safepoint region: RevokeBias
[2019-10-14T07:23:23.282+0000][1][safepoint    ] Leaving safepoint region
[2019-10-14T07:23:23.282+0000][1][safepoint    ] Total time for which application threads were stopped: 0.0005741 seconds, Stopping threads took: 0.0002674 seconds
[2019-10-14T07:23:23.901+0000][1][safepoint    ] Application time: 0.6181418 seconds
[2019-10-14T07:23:23.901+0000][1][safepoint    ] Entering safepoint region: GenCollectForAllocation
[2019-10-14T07:23:23.901+0000][1][gc,start     ] GC(15) Pause Young (Allocation Failure)
[2019-10-14T07:23:23.902+0000][1][gc,task      ] GC(15) Using 2 workers of 2 for evacuation
[2019-10-14T07:23:23.946+0000][1][gc,age       ] GC(15) Desired survivor size 4456448 bytes, new threshold 1 (max threshold 6)
[2019-10-14T07:23:23.947+0000][1][gc,age       ] GC(15) Age table with threshold 1 (max threshold 6)
[2019-10-14T07:23:23.947+0000][1][gc,age       ] GC(15) - age   1:    6109504 bytes,    6109504 total
[2019-10-14T07:23:23.947+0000][1][gc,heap      ] GC(15) ParNew: 78656K->8704K(78656K)
[2019-10-14T07:23:23.948+0000][1][gc,heap      ] GC(15) CMS: 40349K->50253K(174784K)
[2019-10-14T07:23:23.948+0000][1][gc,metaspace ] GC(15) Metaspace: 32367K->32367K(1079296K)
[2019-10-14T07:23:23.948+0000][1][gc           ] GC(15) Pause Young (Allocation Failure) 116M->57M(247M) 46.655ms
[2019-10-14T07:23:23.948+0000][1][gc,cpu       ] GC(15) User=0.05s Sys=0.00s Real=0.05s
[2019-10-14T07:23:23.949+0000][1][safepoint    ] Leaving safepoint region
[2019-10-14T07:23:23.949+0000][1][safepoint    ] Total time for which application threads were stopped: 0.0476931 seconds, Stopping threads took: 0.0002740 seconds
[2019-10-14T07:23:24.150+0000][1][safepoint    ] Application time: 0.2010370 seconds
[2019-10-14T07:23:24.150+0000][1][safepoint    ] Entering safepoint region: GenCollectForAllocation
[2019-10-14T07:23:24.151+0000][1][gc,start     ] GC(16) Pause Young (Allocation Failure)
[2019-10-14T07:23:24.151+0000][1][gc,task      ] GC(16) Using 2 workers of 2 for evacuation
[2019-10-14T07:23:24.161+0000][1][gc,age       ] GC(16) Desired survivor size 4456448 bytes, new threshold 6 (max threshold 6)
[2019-10-14T07:23:24.162+0000][1][gc,age       ] GC(16) Age table with threshold 6 (max threshold 6)
[2019-10-14T07:23:24.162+0000][1][gc,age       ] GC(16) - age   1:     309504 bytes,     309504 total
[2019-10-14T07:23:24.162+0000][1][gc,heap      ] GC(16) ParNew: 78656K->6623K(78656K)
[2019-10-14T07:23:24.163+0000][1][gc,heap      ] GC(16) CMS: 50253K->56270K(174784K)
[2019-10-14T07:23:24.165+0000][1][gc,metaspace ] GC(16) Metaspace: 32850K->32850K(1079296K)
[2019-10-14T07:23:24.170+0000][1][gc           ] GC(16) Pause Young (Allocation Failure) 125M->61M(247M) 14.459ms
[2019-10-14T07:23:24.170+0000][1][gc,cpu       ] GC(16) User=0.02s Sys=0.00s Real=0.02s
[2019-10-14T07:23:24.171+0000][1][safepoint    ] Leaving safepoint region
[2019-10-14T07:23:24.171+0000][1][safepoint    ] Total time for which application threads were stopped: 0.0204688 seconds, Stopping threads took: 0.0002346 seconds
[2019-10-14T07:23:24.595+0000][1][safepoint    ] Application time: 0.4238447 seconds
[2019-10-14T07:23:24.596+0000][1][safepoint    ] Entering safepoint region: CollectForMetadataAllocation
[2019-10-14T07:23:24.596+0000][1][safepoint    ] Leaving safepoint region
[2019-10-14T07:23:24.596+0000][1][safepoint    ] Total time for which application threads were stopped: 0.0005844 seconds, Stopping threads took: 0.0002316 seconds
[2019-10-14T07:23:24.731+0000][1][safepoint    ] Application time: 0.1345024 seconds
[2019-10-14T07:23:24.731+0000][1][safepoint    ] Entering safepoint region: CollectForMetadataAllocation
[2019-10-14T07:23:24.732+0000][1][safepoint    ] Leaving safepoint region
[2019-10-14T07:23:24.732+0000][1][safepoint    ] Total time for which application threads were stopped: 0.0007852 seconds, Stopping threads took: 0.0003065 seconds
[2019-10-14T07:23:24.774+0000][1][safepoint    ] Application time: 0.0416686 seconds
[2019-10-14T07:23:24.774+0000][1][safepoint    ] Entering safepoint region: CollectForMetadataAllocation
[2019-10-14T07:23:24.775+0000][1][safepoint    ] Leaving safepoint region
[2019-10-14T07:23:24.775+0000][1][safepoint    ] Total time for which application threads were stopped: 0.0005319 seconds, Stopping threads took: 0.0002211 seconds
[2019-10-14T07:23:24.847+0000][1][safepoint    ] Application time: 0.0714259 seconds
[2019-10-14T07:23:24.847+0000][1][safepoint    ] Entering safepoint region: CollectForMetadataAllocation
[2019-10-14T07:23:24.847+0000][1][safepoint    ] Leaving safepoint region
[2019-10-14T07:23:24.847+0000][1][safepoint    ] Total time for which application threads were stopped: 0.0005786 seconds, Stopping threads took: 0.0002487 seconds
[2019-10-14T07:23:24.895+0000][1][safepoint    ] Application time: 0.0471502 seconds
[2019-10-14T07:23:24.896+0000][1][safepoint    ] Entering safepoint region: CollectForMetadataAllocation
[2019-10-14T07:23:24.897+0000][1][safepoint    ] Leaving safepoint region
[2019-10-14T07:23:24.897+0000][1][safepoint    ] Total time for which application threads were stopped: 0.0014117 seconds, Stopping threads took: 0.0010189 seconds
[2019-10-14T07:23:24.912+0000][1][safepoint    ] Application time: 0.0147225 seconds
[2019-10-14T07:23:24.913+0000][1][safepoint    ] Entering safepoint region: CollectForMetadataAllocation
[2019-10-14T07:23:24.913+0000][1][safepoint    ] Leaving safepoint region
[2019-10-14T07:23:24.913+0000][1][safepoint    ] Total time for which application threads were stopped: 0.0005452 seconds, Stopping threads took: 0.0002185 seconds
[2019-10-14T07:23:24.961+0000][1][safepoint    ] Application time: 0.0474039 seconds
[2019-10-14T07:23:24.962+0000][1][safepoint    ] Entering safepoint region: CollectForMetadataAllocation
[2019-10-14T07:23:24.962+0000][1][safepoint    ] Leaving safepoint region
[2019-10-14T07:23:24.964+0000][1][safepoint    ] Total time for which application threads were stopped: 0.0024779 seconds, Stopping threads took: 0.0002830 seconds
[2019-10-14T07:23:25.023+0000][1][safepoint    ] Application time: 0.0587567 seconds
[2019-10-14T07:23:25.033+0000][1][safepoint    ] Entering safepoint region: CollectForMetadataAllocation
[2019-10-14T07:23:25.033+0000][1][safepoint    ] Leaving safepoint region
[2019-10-14T07:23:25.034+0000][1][safepoint    ] Total time for which application threads were stopped: 0.0008280 seconds, Stopping threads took: 0.0003192 seconds
[2019-10-14T07:23:25.073+0000][1][safepoint    ] Application time: 0.0382131 seconds
[2019-10-14T07:23:25.073+0000][1][safepoint    ] Entering safepoint region: CollectForMetadataAllocation
[2019-10-14T07:23:25.074+0000][1][safepoint    ] Leaving safepoint region
[2019-10-14T07:23:25.074+0000][1][safepoint    ] Total time for which application threads were stopped: 0.0012739 seconds, Stopping threads took: 0.0005262 seconds
[2019-10-14T07:23:25.152+0000][1][safepoint    ] Application time: 0.0770802 seconds
[2019-10-14T07:23:25.154+0000][1][safepoint    ] Entering safepoint region: CollectForMetadataAllocation
[2019-10-14T07:23:25.176+0000][1][safepoint    ] Leaving safepoint region
[2019-10-14T07:23:25.187+0000][1][safepoint    ] Total time for which application threads were stopped: 0.0331499 seconds, Stopping threads took: 0.0221213 seconds
[2019-10-14T07:23:25.268+0000][1][safepoint    ] Application time: 0.0806625 seconds
[2019-10-14T07:23:25.268+0000][1][safepoint    ] Entering safepoint region: CollectForMetadataAllocation
[2019-10-14T07:23:25.269+0000][1][safepoint    ] Leaving safepoint region
[2019-10-14T07:23:25.269+0000][1][safepoint    ] Total time for which application threads were stopped: 0.0008144 seconds, Stopping threads took: 0.0004660 seconds
[2019-10-14T07:23:25.316+0000][1][safepoint    ] Application time: 0.0468733 seconds
[2019-10-14T07:23:25.317+0000][1][safepoint    ] Entering safepoint region: RevokeBias
[2019-10-14T07:23:25.317+0000][1][safepoint    ] Leaving safepoint region
[2019-10-14T07:23:25.317+0000][1][safepoint    ] Total time for which application threads were stopped: 0.0006476 seconds, Stopping threads took: 0.0002149 seconds
[2019-10-14T07:23:25.361+0000][1][safepoint    ] Application time: 0.0429498 seconds
[2019-10-14T07:23:25.363+0000][1][safepoint    ] Entering safepoint region: CollectForMetadataAllocation
[2019-10-14T07:23:25.364+0000][1][safepoint    ] Leaving safepoint region
[2019-10-14T07:23:25.364+0000][1][safepoint    ] Total time for which application threads were stopped: 0.0008738 seconds, Stopping threads took: 0.0004228 seconds
[2019-10-14T07:23:25.430+0000][1][safepoint    ] Application time: 0.0658801 seconds
[2019-10-14T07:23:25.430+0000][1][safepoint    ] Entering safepoint region: CollectForMetadataAllocation
[2019-10-14T07:23:25.431+0000][1][safepoint    ] Leaving safepoint region
[2019-10-14T07:23:25.431+0000][1][safepoint    ] Total time for which application threads were stopped: 0.0005742 seconds, Stopping threads took: 0.0002195 seconds
[2019-10-14T07:23:25.513+0000][1][safepoint    ] Application time: 0.0819303 seconds
[2019-10-14T07:23:25.514+0000][1][safepoint    ] Entering safepoint region: CollectForMetadataAllocation
[2019-10-14T07:23:25.514+0000][1][safepoint    ] Leaving safepoint region
[2019-10-14T07:23:25.514+0000][1][safepoint    ] Total time for which application threads were stopped: 0.0006780 seconds, Stopping threads took: 0.0002978 seconds
[2019-10-14T07:23:25.567+0000][1][safepoint    ] Application time: 0.0520913 seconds
[2019-10-14T07:23:25.573+0000][1][safepoint    ] Entering safepoint region: CollectForMetadataAllocation
[2019-10-14T07:23:25.573+0000][1][safepoint    ] Leaving safepoint region
[2019-10-14T07:23:25.574+0000][1][safepoint    ] Total time for which application threads were stopped: 0.0008444 seconds, Stopping threads took: 0.0004043 seconds
[2019-10-14T07:23:25.634+0000][1][safepoint    ] Application time: 0.0606488 seconds
[2019-10-14T07:23:25.644+0000][1][safepoint    ] Entering safepoint region: CollectForMetadataAllocation
[2019-10-14T07:23:25.645+0000][1][safepoint    ] Leaving safepoint region
[2019-10-14T07:23:25.645+0000][1][safepoint    ] Total time for which application threads were stopped: 0.0008683 seconds, Stopping threads took: 0.0003660 seconds
[2019-10-14T07:23:25.678+0000][1][safepoint    ] Application time: 0.0330874 seconds
[2019-10-14T07:23:25.678+0000][1][safepoint    ] Entering safepoint region: CollectForMetadataAllocation
[2019-10-14T07:23:25.679+0000][1][safepoint    ] Leaving safepoint region
[2019-10-14T07:23:25.679+0000][1][safepoint    ] Total time for which application threads were stopped: 0.0007313 seconds, Stopping threads took: 0.0003259 seconds
[2019-10-14T07:23:25.696+0000][1][safepoint    ] Application time: 0.0166727 seconds
[2019-10-14T07:23:25.697+0000][1][safepoint    ] Entering safepoint region: CollectForMetadataAllocation
[2019-10-14T07:23:25.706+0000][1][safepoint    ] Leaving safepoint region
[2019-10-14T07:23:25.707+0000][1][safepoint    ] Total time for which application threads were stopped: 0.0100609 seconds, Stopping threads took: 0.0003366 seconds
[2019-10-14T07:23:25.732+0000][1][safepoint    ] Application time: 0.0245348 seconds
[2019-10-14T07:23:25.732+0000][1][safepoint    ] Entering safepoint region: CollectForMetadataAllocation
[2019-10-14T07:23:25.733+0000][1][safepoint    ] Leaving safepoint region
[2019-10-14T07:23:25.733+0000][1][safepoint    ] Total time for which application threads were stopped: 0.0007848 seconds, Stopping threads took: 0.0003856 seconds
[2019-10-14T07:23:25.752+0000][1][safepoint    ] Application time: 0.0185049 seconds
[2019-10-14T07:23:25.752+0000][1][safepoint    ] Entering safepoint region: CollectForMetadataAllocation
[2019-10-14T07:23:25.753+0000][1][safepoint    ] Leaving safepoint region
[2019-10-14T07:23:25.753+0000][1][safepoint    ] Total time for which application threads were stopped: 0.0006892 seconds, Stopping threads took: 0.0002677 seconds
[2019-10-14T07:23:25.775+0000][1][safepoint    ] Application time: 0.0220310 seconds
[2019-10-14T07:23:25.776+0000][1][safepoint    ] Entering safepoint region: CollectForMetadataAllocation
[2019-10-14T07:23:25.777+0000][1][safepoint    ] Leaving safepoint region
[2019-10-14T07:23:25.777+0000][1][safepoint    ] Total time for which application threads were stopped: 0.0007058 seconds, Stopping threads took: 0.0003224 seconds
[2019-10-14T07:23:25.814+0000][1][safepoint    ] Application time: 0.0362111 seconds
[2019-10-14T07:23:25.814+0000][1][safepoint    ] Entering safepoint region: CollectForMetadataAllocation
[2019-10-14T07:23:25.814+0000][1][safepoint    ] Leaving safepoint region
[2019-10-14T07:23:25.824+0000][1][safepoint    ] Total time for which application threads were stopped: 0.0100486 seconds, Stopping threads took: 0.0002583 seconds
[2019-10-14T07:23:25.924+0000][1][safepoint    ] Application time: 0.0997120 seconds
[2019-10-14T07:23:25.924+0000][1][safepoint    ] Entering safepoint region: CollectForMetadataAllocation
[2019-10-14T07:23:25.925+0000][1][safepoint    ] Leaving safepoint region
[2019-10-14T07:23:25.925+0000][1][safepoint    ] Total time for which application threads were stopped: 0.0006090 seconds, Stopping threads took: 0.0002410 seconds
[2019-10-14T07:23:25.946+0000][1][safepoint    ] Application time: 0.0210472 seconds
[2019-10-14T07:23:25.956+0000][1][safepoint    ] Entering safepoint region: CollectForMetadataAllocation
[2019-10-14T07:23:25.956+0000][1][safepoint    ] Leaving safepoint region
[2019-10-14T07:23:25.957+0000][1][safepoint    ] Total time for which application threads were stopped: 0.0006452 seconds, Stopping threads took: 0.0002963 seconds
[2019-10-14T07:23:26.061+0000][1][safepoint    ] Application time: 0.1042403 seconds
[2019-10-14T07:23:26.062+0000][1][safepoint    ] Entering safepoint region: CollectForMetadataAllocation
[2019-10-14T07:23:26.062+0000][1][safepoint    ] Leaving safepoint region
[2019-10-14T07:23:26.063+0000][1][safepoint    ] Total time for which application threads were stopped: 0.0008763 seconds, Stopping threads took: 0.0003129 seconds
[2019-10-14T07:23:26.129+0000][1][safepoint    ] Application time: 0.0665610 seconds
[2019-10-14T07:23:26.130+0000][1][safepoint    ] Entering safepoint region: CollectForMetadataAllocation
[2019-10-14T07:23:26.130+0000][1][safepoint    ] Leaving safepoint region
[2019-10-14T07:23:26.131+0000][1][safepoint    ] Total time for which application threads were stopped: 0.0006414 seconds, Stopping threads took: 0.0002479 seconds
[2019-10-14T07:23:26.171+0000][1][safepoint    ] Application time: 0.0406340 seconds
[2019-10-14T07:23:26.175+0000][1][safepoint    ] Entering safepoint region: CMS_Initial_Mark
[2019-10-14T07:23:26.176+0000][1][gc,start     ] GC(17) Pause Initial Mark
[2019-10-14T07:23:26.193+0000][1][gc           ] GC(17) Pause Initial Mark 118M->118M(247M) 17.083ms
[2019-10-14T07:23:26.193+0000][1][gc,cpu       ] GC(17) User=0.03s Sys=0.00s Real=0.01s
[2019-10-14T07:23:26.194+0000][1][safepoint    ] Leaving safepoint region
[2019-10-14T07:23:26.194+0000][1][safepoint    ] Total time for which application threads were stopped: 0.0223735 seconds, Stopping threads took: 0.0036385 seconds
[2019-10-14T07:23:26.197+0000][1][gc           ] GC(17) Concurrent Mark
[2019-10-14T07:23:26.198+0000][1][safepoint    ] Application time: 0.0032930 seconds
[2019-10-14T07:23:26.198+0000][1][safepoint    ] Entering safepoint region: CollectForMetadataAllocation
[2019-10-14T07:23:26.198+0000][1][safepoint    ] Leaving safepoint region
[2019-10-14T07:23:26.200+0000][1][safepoint    ] Total time for which application threads were stopped: 0.0016283 seconds, Stopping threads took: 0.0002137 seconds
[2019-10-14T07:23:26.373+0000][1][safepoint    ] Application time: 0.1730943 seconds
[2019-10-14T07:23:26.374+0000][1][safepoint    ] Entering safepoint region: CollectForMetadataAllocation
[2019-10-14T07:23:26.374+0000][1][safepoint    ] Leaving safepoint region
[2019-10-14T07:23:26.374+0000][1][safepoint    ] Total time for which application threads were stopped: 0.0006368 seconds, Stopping threads took: 0.0002447 seconds
[2019-10-14T07:23:26.425+0000][1][safepoint    ] Application time: 0.0505397 seconds
[2019-10-14T07:23:26.431+0000][1][safepoint    ] Entering safepoint region: RevokeBias
[2019-10-14T07:23:26.431+0000][1][safepoint    ] Leaving safepoint region
[2019-10-14T07:23:26.432+0000][1][safepoint    ] Total time for which application threads were stopped: 0.0058323 seconds, Stopping threads took: 0.0054100 seconds
[2019-10-14T07:23:26.447+0000][1][safepoint    ] Application time: 0.0156955 seconds
[2019-10-14T07:23:26.449+0000][1][safepoint    ] Entering safepoint region: RevokeBias
[2019-10-14T07:23:26.451+0000][1][safepoint    ] Leaving safepoint region
[2019-10-14T07:23:26.452+0000][1][safepoint    ] Total time for which application threads were stopped: 0.0029862 seconds, Stopping threads took: 0.0017833 seconds
[2019-10-14T07:23:26.464+0000][1][gc           ] GC(17) Concurrent Mark 266.299ms
[2019-10-14T07:23:26.468+0000][1][gc,cpu       ] GC(17) User=0.25s Sys=0.01s Real=0.27s
[2019-10-14T07:23:26.468+0000][1][safepoint    ] Application time: 0.0152569 seconds
[2019-10-14T07:23:26.468+0000][1][safepoint    ] Entering safepoint region: RevokeBias
[2019-10-14T07:23:26.469+0000][1][safepoint    ] Leaving safepoint region
[2019-10-14T07:23:26.469+0000][1][safepoint    ] Total time for which application threads were stopped: 0.0006190 seconds, Stopping threads took: 0.0002395 seconds
[2019-10-14T07:23:26.469+0000][1][gc           ] GC(17) Concurrent Preclean
[2019-10-14T07:23:26.471+0000][1][gc           ] GC(17) Concurrent Preclean 1.937ms
[2019-10-14T07:23:26.472+0000][1][gc,cpu       ] GC(17) User=0.01s Sys=0.00s Real=0.00s
[2019-10-14T07:23:26.472+0000][1][gc           ] GC(17) Concurrent Abortable Preclean
[2019-10-14T07:23:26.905+0000][1][safepoint    ] Application time: 0.4356234 seconds
[2019-10-14T07:23:26.905+0000][1][safepoint    ] Entering safepoint region: GenCollectForAllocation
[2019-10-14T07:23:26.906+0000][1][gc,start     ] GC(18) Pause Young (Allocation Failure)
[2019-10-14T07:23:26.906+0000][1][gc,task      ] GC(18) Using 2 workers of 2 for evacuation
[2019-10-14T07:23:26.934+0000][1][gc,age       ] GC(18) Desired survivor size 4456448 bytes, new threshold 6 (max threshold 6)
[2019-10-14T07:23:26.935+0000][1][gc,age       ] GC(18) Age table with threshold 6 (max threshold 6)
[2019-10-14T07:23:26.935+0000][1][gc,age       ] GC(18) - age   1:    3591440 bytes,    3591440 total
[2019-10-14T07:23:26.935+0000][1][gc,age       ] GC(18) - age   2:     270216 bytes,    3861656 total
[2019-10-14T07:23:26.935+0000][1][gc,heap      ] GC(18) ParNew: 76575K->5137K(78656K)
[2019-10-14T07:23:26.935+0000][1][gc,heap      ] GC(18) CMS: 56270K->56270K(174784K)
[2019-10-14T07:23:26.936+0000][1][gc,metaspace ] GC(18) Metaspace: 41873K->41873K(1087488K)
[2019-10-14T07:23:26.936+0000][1][gc           ] GC(18) Pause Young (Allocation Failure) 129M->59M(247M) 30.447ms
[2019-10-14T07:23:26.936+0000][1][gc,cpu       ] GC(18) User=0.04s Sys=0.00s Real=0.03s
[2019-10-14T07:23:26.937+0000][1][safepoint    ] Leaving safepoint region
[2019-10-14T07:23:26.937+0000][1][safepoint    ] Total time for which application threads were stopped: 0.0317073 seconds, Stopping threads took: 0.0002263 seconds
[2019-10-14T07:23:27.053+0000][1][safepoint    ] Application time: 0.1153209 seconds
[2019-10-14T07:23:27.053+0000][1][safepoint    ] Entering safepoint region: RevokeBias
[2019-10-14T07:23:27.053+0000][1][safepoint    ] Leaving safepoint region
[2019-10-14T07:23:27.054+0000][1][safepoint    ] Total time for which application threads were stopped: 0.0007644 seconds, Stopping threads took: 0.0002659 seconds
[2019-10-14T07:23:27.146+0000][1][safepoint    ] Application time: 0.0923371 seconds
[2019-10-14T07:23:27.147+0000][1][safepoint    ] Entering safepoint region: CollectForMetadataAllocation
[2019-10-14T07:23:27.147+0000][1][safepoint    ] Leaving safepoint region
[2019-10-14T07:23:27.148+0000][1][safepoint    ] Total time for which application threads were stopped: 0.0007147 seconds, Stopping threads took: 0.0003000 seconds
[2019-10-14T07:23:27.904+0000][1][safepoint    ] Application time: 0.7557970 seconds
[2019-10-14T07:23:27.904+0000][1][safepoint    ] Entering safepoint region: CollectForMetadataAllocation
[2019-10-14T07:23:27.904+0000][1][safepoint    ] Leaving safepoint region
[2019-10-14T07:23:27.905+0000][1][safepoint    ] Total time for which application threads were stopped: 0.0007015 seconds, Stopping threads took: 0.0002696 seconds
[2019-10-14T07:23:27.941+0000][1][safepoint    ] Application time: 0.0355515 seconds
[2019-10-14T07:23:27.941+0000][1][safepoint    ] Entering safepoint region: CollectForMetadataAllocation
[2019-10-14T07:23:27.941+0000][1][safepoint    ] Leaving safepoint region
[2019-10-14T07:23:27.942+0000][1][safepoint    ] Total time for which application threads were stopped: 0.0006521 seconds, Stopping threads took: 0.0002232 seconds
[2019-10-14T07:23:28.461+0000][1][safepoint    ] Application time: 0.5188990 seconds
[2019-10-14T07:23:28.461+0000][1][safepoint    ] Entering safepoint region: CollectForMetadataAllocation
[2019-10-14T07:23:28.463+0000][1][safepoint    ] Leaving safepoint region
[2019-10-14T07:23:28.463+0000][1][safepoint    ] Total time for which application threads were stopped: 0.0019025 seconds, Stopping threads took: 0.0013156 seconds
[2019-10-14T07:23:28.544+0000][1][safepoint    ] Application time: 0.0807849 seconds
[2019-10-14T07:23:28.545+0000][1][safepoint    ] Entering safepoint region: CollectForMetadataAllocation
[2019-10-14T07:23:28.553+0000][1][safepoint    ] Leaving safepoint region
[2019-10-14T07:23:28.553+0000][1][safepoint    ] Total time for which application threads were stopped: 0.0086677 seconds, Stopping threads took: 0.0002885 seconds
[2019-10-14T07:23:28.578+0000][1][safepoint    ] Application time: 0.0248422 seconds
[2019-10-14T07:23:28.579+0000][1][safepoint    ] Entering safepoint region: CollectForMetadataAllocation
[2019-10-14T07:23:28.579+0000][1][safepoint    ] Leaving safepoint region
[2019-10-14T07:23:28.580+0000][1][safepoint    ] Total time for which application threads were stopped: 0.0009968 seconds, Stopping threads took: 0.0003731 seconds
[2019-10-14T07:23:28.580+0000][1][gc           ] GC(17) Concurrent Abortable Preclean 2108.083ms
[2019-10-14T07:23:28.580+0000][1][gc,cpu       ] GC(17) User=2.14s Sys=0.11s Real=2.11s
[2019-10-14T07:23:28.580+0000][1][safepoint    ] Application time: 0.0005078 seconds
[2019-10-14T07:23:28.581+0000][1][safepoint    ] Entering safepoint region: CMS_Final_Remark
[2019-10-14T07:23:28.581+0000][1][gc,start     ] GC(17) Pause Remark
[2019-10-14T07:23:28.602+0000][1][gc           ] GC(17) Pause Remark 96M->96M(247M) 21.016ms
[2019-10-14T07:23:28.614+0000][1][gc,cpu       ] GC(17) User=0.04s Sys=0.00s Real=0.04s
[2019-10-14T07:23:28.614+0000][1][safepoint    ] Leaving safepoint region
[2019-10-14T07:23:28.614+0000][1][safepoint    ] Total time for which application threads were stopped: 0.0335005 seconds, Stopping threads took: 0.0003491 seconds
[2019-10-14T07:23:28.620+0000][1][gc           ] GC(17) Concurrent Sweep
[2019-10-14T07:23:28.670+0000][1][gc           ] GC(17) Concurrent Sweep 50.735ms
[2019-10-14T07:23:28.673+0000][1][gc,cpu       ] GC(17) User=0.05s Sys=0.00s Real=0.06s
[2019-10-14T07:23:28.674+0000][1][gc           ] GC(17) Concurrent Reset
[2019-10-14T07:23:28.674+0000][1][gc           ] GC(17) Concurrent Reset 0.410ms
[2019-10-14T07:23:28.675+0000][1][gc,cpu       ] GC(17) User=0.01s Sys=0.00s Real=0.00s
[2019-10-14T07:23:28.675+0000][1][gc,heap      ] GC(17) Old: 56270K->56068K(174784K)
[2019-10-14T07:23:28.987+0000][1][safepoint    ] Application time: 0.3729235 seconds
[2019-10-14T07:23:28.989+0000][1][safepoint    ] Entering safepoint region: RevokeBias
[2019-10-14T07:23:28.994+0000][1][safepoint    ] Leaving safepoint region
[2019-10-14T07:23:28.999+0000][1][safepoint    ] Total time for which application threads were stopped: 0.0101440 seconds, Stopping threads took: 0.0009823 seconds
[2019-10-14T07:23:29.011+0000][1][safepoint    ] Application time: 0.0075971 seconds
[2019-10-14T07:23:29.014+0000][1][safepoint    ] Entering safepoint region: RevokeBias
[2019-10-14T07:23:29.016+0000][1][safepoint    ] Leaving safepoint region
[2019-10-14T07:23:29.026+0000][1][safepoint    ] Total time for which application threads were stopped: 0.0111410 seconds, Stopping threads took: 0.0010417 seconds
[2019-10-14T07:23:29.464+0000][1][safepoint    ] Application time: 0.4337528 seconds
[2019-10-14T07:23:29.465+0000][1][safepoint    ] Entering safepoint region: RevokeBias
[2019-10-14T07:23:29.465+0000][1][safepoint    ] Leaving safepoint region
[2019-10-14T07:23:29.465+0000][1][safepoint    ] Total time for which application threads were stopped: 0.0007891 seconds, Stopping threads took: 0.0002102 seconds
[2019-10-14T07:23:29.466+0000][1][safepoint    ] Application time: 0.0002021 seconds
[2019-10-14T07:23:29.466+0000][1][safepoint    ] Entering safepoint region: RevokeBias
[2019-10-14T07:23:29.466+0000][1][safepoint    ] Leaving safepoint region
[2019-10-14T07:23:29.467+0000][1][safepoint    ] Total time for which application threads were stopped: 0.0006313 seconds, Stopping threads took: 0.0003338 seconds
[2019-10-14T07:23:29.467+0000][1][safepoint    ] Application time: 0.0002822 seconds
[2019-10-14T07:23:29.468+0000][1][safepoint    ] Entering safepoint region: RevokeBias
[2019-10-14T07:23:29.469+0000][1][safepoint    ] Leaving safepoint region
[2019-10-14T07:23:29.469+0000][1][safepoint    ] Total time for which application threads were stopped: 0.0011348 seconds, Stopping threads took: 0.0008037 seconds
[2019-10-14T07:23:29.469+0000][1][safepoint    ] Application time: 0.0001377 seconds
[2019-10-14T07:23:29.470+0000][1][safepoint    ] Entering safepoint region: RevokeBias
[2019-10-14T07:23:29.470+0000][1][safepoint    ] Leaving safepoint region
[2019-10-14T07:23:29.473+0000][1][safepoint    ] Total time for which application threads were stopped: 0.0031605 seconds, Stopping threads took: 0.0003666 seconds
[2019-10-14T07:23:29.494+0000][1][safepoint    ] Application time: 0.0112886 seconds
[2019-10-14T07:23:29.494+0000][1][safepoint    ] Entering safepoint region: GenCollectForAllocation
[2019-10-14T07:23:29.495+0000][1][gc,start     ] GC(19) Pause Young (Allocation Failure)
[2019-10-14T07:23:29.495+0000][1][gc,task      ] GC(19) Using 2 workers of 2 for evacuation
[2019-10-14T07:23:29.526+0000][1][gc,age       ] GC(19) Desired survivor size 4456448 bytes, new threshold 2 (max threshold 6)
[2019-10-14T07:23:29.526+0000][1][gc,age       ] GC(19) Age table with threshold 2 (max threshold 6)
[2019-10-14T07:23:29.526+0000][1][gc,age       ] GC(19) - age   1:    3038016 bytes,    3038016 total
[2019-10-14T07:23:29.527+0000][1][gc,age       ] GC(19) - age   2:    3503920 bytes,    6541936 total
[2019-10-14T07:23:29.527+0000][1][gc,age       ] GC(19) - age   3:     270120 bytes,    6812056 total
[2019-10-14T07:23:29.527+0000][1][gc,heap      ] GC(19) ParNew: 75089K->8141K(78656K)
[2019-10-14T07:23:29.527+0000][1][gc,heap      ] GC(19) CMS: 56068K->56068K(174784K)
[2019-10-14T07:23:29.528+0000][1][gc,metaspace ] GC(19) Metaspace: 46544K->46544K(1091584K)
[2019-10-14T07:23:29.528+0000][1][gc           ] GC(19) Pause Young (Allocation Failure) 128M->62M(247M) 33.126ms
[2019-10-14T07:23:29.528+0000][1][gc,cpu       ] GC(19) User=0.05s Sys=0.00s Real=0.03s
[2019-10-14T07:23:29.529+0000][1][safepoint    ] Leaving safepoint region
[2019-10-14T07:23:29.529+0000][1][safepoint    ] Total time for which application threads were stopped: 0.0347633 seconds, Stopping threads took: 0.0003532 seconds
[2019-10-14T07:23:29.614+0000][1][safepoint    ] Application time: 0.0849465 seconds
[2019-10-14T07:23:29.615+0000][1][safepoint    ] Entering safepoint region: RevokeBias
[2019-10-14T07:23:29.615+0000][1][safepoint    ] Leaving safepoint region
[2019-10-14T07:23:29.615+0000][1][safepoint    ] Total time for which application threads were stopped: 0.0005462 seconds, Stopping threads took: 0.0002866 seconds
[2019-10-14T07:23:29.616+0000][1][safepoint    ] Application time: 0.0001801 seconds
[2019-10-14T07:23:29.616+0000][1][safepoint    ] Entering safepoint region: RevokeBias
[2019-10-14T07:23:29.616+0000][1][safepoint    ] Leaving safepoint region
[2019-10-14T07:23:29.616+0000][1][safepoint    ] Total time for which application threads were stopped: 0.0004611 seconds, Stopping threads took: 0.0002086 seconds
[2019-10-14T07:23:29.617+0000][1][safepoint    ] Application time: 0.0002740 seconds
[2019-10-14T07:23:29.617+0000][1][safepoint    ] Entering safepoint region: RevokeBias
[2019-10-14T07:23:29.617+0000][1][safepoint    ] Leaving safepoint region
[2019-10-14T07:23:29.618+0000][1][safepoint    ] Total time for which application threads were stopped: 0.0004533 seconds, Stopping threads took: 0.0002134 seconds
[2019-10-14T07:23:29.618+0000][1][safepoint    ] Application time: 0.0005687 seconds
[2019-10-14T07:23:29.619+0000][1][safepoint    ] Entering safepoint region: RevokeBias
[2019-10-14T07:23:29.619+0000][1][safepoint    ] Leaving safepoint region
[2019-10-14T07:23:29.619+0000][1][safepoint    ] Total time for which application threads were stopped: 0.0004446 seconds, Stopping threads took: 0.0002018 seconds
[2019-10-14T07:23:29.620+0000][1][safepoint    ] Application time: 0.0002669 seconds
[2019-10-14T07:23:29.620+0000][1][safepoint    ] Entering safepoint region: RevokeBias
[2019-10-14T07:23:29.620+0000][1][safepoint    ] Leaving safepoint region
[2019-10-14T07:23:29.621+0000][1][safepoint    ] Total time for which application threads were stopped: 0.0007429 seconds, Stopping threads took: 0.0004496 seconds
[2019-10-14T07:23:29.622+0000][1][safepoint    ] Application time: 0.0008873 seconds
[2019-10-14T07:23:29.622+0000][1][safepoint    ] Entering safepoint region: RevokeBias
[2019-10-14T07:23:29.623+0000][1][safepoint    ] Leaving safepoint region
[2019-10-14T07:23:29.623+0000][1][safepoint    ] Total time for which application threads were stopped: 0.0008299 seconds, Stopping threads took: 0.0004513 seconds
[2019-10-14T07:23:29.623+0000][1][safepoint    ] Application time: 0.0001522 seconds
[2019-10-14T07:23:29.624+0000][1][safepoint    ] Entering safepoint region: RevokeBias
[2019-10-14T07:23:29.624+0000][1][safepoint    ] Leaving safepoint region
[2019-10-14T07:23:29.625+0000][1][safepoint    ] Total time for which application threads were stopped: 0.0008719 seconds, Stopping threads took: 0.0004221 seconds
[2019-10-14T07:23:29.625+0000][1][safepoint    ] Application time: 0.0002218 seconds
[2019-10-14T07:23:29.625+0000][1][safepoint    ] Entering safepoint region: RevokeBias
[2019-10-14T07:23:29.626+0000][1][safepoint    ] Leaving safepoint region
[2019-10-14T07:23:29.626+0000][1][safepoint    ] Total time for which application threads were stopped: 0.0005536 seconds, Stopping threads took: 0.0002608 seconds
[2019-10-14T07:23:29.626+0000][1][safepoint    ] Application time: 0.0000952 seconds
[2019-10-14T07:23:29.626+0000][1][safepoint    ] Entering safepoint region: RevokeBias
[2019-10-14T07:23:29.627+0000][1][safepoint    ] Leaving safepoint region
[2019-10-14T07:23:29.627+0000][1][safepoint    ] Total time for which application threads were stopped: 0.0004806 seconds, Stopping threads took: 0.0002285 seconds
[2019-10-14T07:23:29.627+0000][1][safepoint    ] Application time: 0.0001437 seconds
[2019-10-14T07:23:29.628+0000][1][safepoint    ] Entering safepoint region: RevokeBias
[2019-10-14T07:23:29.628+0000][1][safepoint    ] Leaving safepoint region
[2019-10-14T07:23:29.628+0000][1][safepoint    ] Total time for which application threads were stopped: 0.0007430 seconds, Stopping threads took: 0.0002490 seconds
[2019-10-14T07:23:29.629+0000][1][safepoint    ] Application time: 0.0001190 seconds
[2019-10-14T07:23:29.629+0000][1][safepoint    ] Entering safepoint region: RevokeBias
[2019-10-14T07:23:29.630+0000][1][safepoint    ] Leaving safepoint region
[2019-10-14T07:23:29.630+0000][1][safepoint    ] Total time for which application threads were stopped: 0.0009366 seconds, Stopping threads took: 0.0004067 seconds
[2019-10-14T07:23:29.631+0000][1][safepoint    ] Application time: 0.0001210 seconds
[2019-10-14T07:23:29.631+0000][1][safepoint    ] Entering safepoint region: RevokeBias
[2019-10-14T07:23:29.632+0000][1][safepoint    ] Leaving safepoint region
[2019-10-14T07:23:29.633+0000][1][safepoint    ] Total time for which application threads were stopped: 0.0014011 seconds, Stopping threads took: 0.0003008 seconds
[2019-10-14T07:23:29.633+0000][1][safepoint    ] Application time: 0.0001261 seconds
[2019-10-14T07:23:29.633+0000][1][safepoint    ] Entering safepoint region: RevokeBias
[2019-10-14T07:23:29.634+0000][1][safepoint    ] Leaving safepoint region
[2019-10-14T07:23:29.634+0000][1][safepoint    ] Total time for which application threads were stopped: 0.0005894 seconds, Stopping threads took: 0.0002679 seconds
[2019-10-14T07:23:29.634+0000][1][safepoint    ] Application time: 0.0001152 seconds
[2019-10-14T07:23:29.634+0000][1][safepoint    ] Entering safepoint region: RevokeBias
[2019-10-14T07:23:29.635+0000][1][safepoint    ] Leaving safepoint region
[2019-10-14T07:23:29.635+0000][1][safepoint    ] Total time for which application threads were stopped: 0.0004829 seconds, Stopping threads took: 0.0002271 seconds
[2019-10-14T07:23:29.635+0000][1][safepoint    ] Application time: 0.0001188 seconds
[2019-10-14T07:23:29.635+0000][1][safepoint    ] Entering safepoint region: RevokeBias
[2019-10-14T07:23:29.636+0000][1][safepoint    ] Leaving safepoint region
[2019-10-14T07:23:29.636+0000][1][safepoint    ] Total time for which application threads were stopped: 0.0005106 seconds, Stopping threads took: 0.0002087 seconds
[2019-10-14T07:23:29.636+0000][1][safepoint    ] Application time: 0.0001182 seconds
[2019-10-14T07:23:29.637+0000][1][safepoint    ] Entering safepoint region: RevokeBias
[2019-10-14T07:23:29.637+0000][1][safepoint    ] Leaving safepoint region
[2019-10-14T07:23:29.637+0000][1][safepoint    ] Total time for which application threads were stopped: 0.0006128 seconds, Stopping threads took: 0.0003163 seconds
[2019-10-14T07:23:29.638+0000][1][safepoint    ] Application time: 0.0001061 seconds
[2019-10-14T07:23:29.638+0000][1][safepoint    ] Entering safepoint region: RevokeBias
[2019-10-14T07:23:29.638+0000][1][safepoint    ] Leaving safepoint region
[2019-10-14T07:23:29.638+0000][1][safepoint    ] Total time for which application threads were stopped: 0.0005324 seconds, Stopping threads took: 0.0002398 seconds
[2019-10-14T07:23:29.639+0000][1][safepoint    ] Application time: 0.0001484 seconds
[2019-10-14T07:23:29.639+0000][1][safepoint    ] Entering safepoint region: RevokeBias
[2019-10-14T07:23:29.639+0000][1][safepoint    ] Leaving safepoint region
[2019-10-14T07:23:29.640+0000][1][safepoint    ] Total time for which application threads were stopped: 0.0006215 seconds, Stopping threads took: 0.0003325 seconds
[2019-10-14T07:23:29.640+0000][1][safepoint    ] Application time: 0.0001170 seconds
[2019-10-14T07:23:29.640+0000][1][safepoint    ] Entering safepoint region: RevokeBias
[2019-10-14T07:23:29.641+0000][1][safepoint    ] Leaving safepoint region
[2019-10-14T07:23:29.641+0000][1][safepoint    ] Total time for which application threads were stopped: 0.0005842 seconds, Stopping threads took: 0.0002791 seconds
[2019-10-14T07:23:29.641+0000][1][safepoint    ] Application time: 0.0001240 seconds
[2019-10-14T07:23:29.641+0000][1][safepoint    ] Entering safepoint region: RevokeBias
[2019-10-14T07:23:29.642+0000][1][safepoint    ] Leaving safepoint region
[2019-10-14T07:23:29.642+0000][1][safepoint    ] Total time for which application threads were stopped: 0.0004762 seconds, Stopping threads took: 0.0002277 seconds
[2019-10-14T07:23:29.642+0000][1][safepoint    ] Application time: 0.0001174 seconds
[2019-10-14T07:23:29.642+0000][1][safepoint    ] Entering safepoint region: RevokeBias
[2019-10-14T07:23:29.643+0000][1][safepoint    ] Leaving safepoint region
[2019-10-14T07:23:29.643+0000][1][safepoint    ] Total time for which application threads were stopped: 0.0005880 seconds, Stopping threads took: 0.0002293 seconds
[2019-10-14T07:23:29.643+0000][1][safepoint    ] Application time: 0.0001457 seconds
[2019-10-14T07:23:29.644+0000][1][safepoint    ] Entering safepoint region: RevokeBias
[2019-10-14T07:23:29.644+0000][1][safepoint    ] Leaving safepoint region
[2019-10-14T07:23:29.644+0000][1][safepoint    ] Total time for which application threads were stopped: 0.0005768 seconds, Stopping threads took: 0.0002012 seconds
[2019-10-14T07:23:29.645+0000][1][safepoint    ] Application time: 0.0003468 seconds
[2019-10-14T07:23:29.645+0000][1][safepoint    ] Entering safepoint region: RevokeBias
[2019-10-14T07:23:29.646+0000][1][safepoint    ] Leaving safepoint region
[2019-10-14T07:23:29.646+0000][1][safepoint    ] Total time for which application threads were stopped: 0.0007002 seconds, Stopping threads took: 0.0002532 seconds
[2019-10-14T07:23:29.646+0000][1][safepoint    ] Application time: 0.0001505 seconds
[2019-10-14T07:23:29.647+0000][1][safepoint    ] Entering safepoint region: RevokeBias
[2019-10-14T07:23:29.647+0000][1][safepoint    ] Leaving safepoint region
[2019-10-14T07:23:29.647+0000][1][safepoint    ] Total time for which application threads were stopped: 0.0007661 seconds, Stopping threads took: 0.0002821 seconds
[2019-10-14T07:23:29.648+0000][1][safepoint    ] Application time: 0.0001926 seconds
[2019-10-14T07:23:29.648+0000][1][safepoint    ] Entering safepoint region: BulkRevokeBias
[2019-10-14T07:23:29.648+0000][1][safepoint    ] Leaving safepoint region
[2019-10-14T07:23:29.649+0000][1][safepoint    ] Total time for which application threads were stopped: 0.0006744 seconds, Stopping threads took: 0.0002702 seconds
[2019-10-14T07:23:29.649+0000][1][safepoint    ] Application time: 0.0002445 seconds
[2019-10-14T07:23:29.649+0000][1][safepoint    ] Entering safepoint region: RevokeBias
[2019-10-14T07:23:29.650+0000][1][safepoint    ] Leaving safepoint region
[2019-10-14T07:23:29.650+0000][1][safepoint    ] Total time for which application threads were stopped: 0.0004635 seconds, Stopping threads took: 0.0002111 seconds
[2019-10-14T07:23:29.650+0000][1][safepoint    ] Application time: 0.0001492 seconds
[2019-10-14T07:23:29.650+0000][1][safepoint    ] Entering safepoint region: RevokeBias
[2019-10-14T07:23:29.651+0000][1][safepoint    ] Leaving safepoint region
[2019-10-14T07:23:29.651+0000][1][safepoint    ] Total time for which application threads were stopped: 0.0004907 seconds, Stopping threads took: 0.0002329 seconds
[2019-10-14T07:23:29.651+0000][1][safepoint    ] Application time: 0.0001983 seconds
[2019-10-14T07:23:29.652+0000][1][safepoint    ] Entering safepoint region: RevokeBias
[2019-10-14T07:23:29.652+0000][1][safepoint    ] Leaving safepoint region
[2019-10-14T07:23:29.652+0000][1][safepoint    ] Total time for which application threads were stopped: 0.0007453 seconds, Stopping threads took: 0.0002986 seconds
[2019-10-14T07:23:29.653+0000][1][safepoint    ] Application time: 0.0002537 seconds
[2019-10-14T07:23:29.653+0000][1][safepoint    ] Entering safepoint region: RevokeBias
[2019-10-14T07:23:29.653+0000][1][safepoint    ] Leaving safepoint region
[2019-10-14T07:23:29.654+0000][1][safepoint    ] Total time for which application threads were stopped: 0.0005642 seconds, Stopping threads took: 0.0002475 seconds
[2019-10-14T07:23:29.654+0000][1][safepoint    ] Application time: 0.0001811 seconds
[2019-10-14T07:23:29.654+0000][1][safepoint    ] Entering safepoint region: RevokeBias
[2019-10-14T07:23:29.655+0000][1][safepoint    ] Leaving safepoint region
[2019-10-14T07:23:29.655+0000][1][safepoint    ] Total time for which application threads were stopped: 0.0009375 seconds, Stopping threads took: 0.0005526 seconds
[2019-10-14T07:23:29.656+0000][1][safepoint    ] Application time: 0.0001961 seconds
[2019-10-14T07:23:29.656+0000][1][safepoint    ] Entering safepoint region: RevokeBias
[2019-10-14T07:23:29.656+0000][1][safepoint    ] Leaving safepoint region
[2019-10-14T07:23:29.657+0000][1][safepoint    ] Total time for which application threads were stopped: 0.0005705 seconds, Stopping threads took: 0.0002457 seconds
[2019-10-14T07:23:29.657+0000][1][safepoint    ] Application time: 0.0002086 seconds
[2019-10-14T07:23:29.657+0000][1][safepoint    ] Entering safepoint region: RevokeBias
[2019-10-14T07:23:29.657+0000][1][safepoint    ] Leaving safepoint region
[2019-10-14T07:23:29.658+0000][1][safepoint    ] Total time for which application threads were stopped: 0.0005327 seconds, Stopping threads took: 0.0002341 seconds
[2019-10-14T07:23:29.658+0000][1][safepoint    ] Application time: 0.0003678 seconds
[2019-10-14T07:23:29.659+0000][1][safepoint    ] Entering safepoint region: RevokeBias
[2019-10-14T07:23:29.659+0000][1][safepoint    ] Leaving safepoint region
[2019-10-14T07:23:29.659+0000][1][safepoint    ] Total time for which application threads were stopped: 0.0005272 seconds, Stopping threads took: 0.0002137 seconds
[2019-10-14T07:23:29.659+0000][1][safepoint    ] Application time: 0.0001318 seconds
[2019-10-14T07:23:29.660+0000][1][safepoint    ] Entering safepoint region: RevokeBias
[2019-10-14T07:23:29.660+0000][1][safepoint    ] Leaving safepoint region
[2019-10-14T07:23:29.660+0000][1][safepoint    ] Total time for which application threads were stopped: 0.0005217 seconds, Stopping threads took: 0.0002525 seconds
[2019-10-14T07:23:29.661+0000][1][safepoint    ] Application time: 0.0001847 seconds
[2019-10-14T07:23:29.661+0000][1][safepoint    ] Entering safepoint region: RevokeBias
[2019-10-14T07:23:29.661+0000][1][safepoint    ] Leaving safepoint region
[2019-10-14T07:23:29.661+0000][1][safepoint    ] Total time for which application threads were stopped: 0.0004945 seconds, Stopping threads took: 0.0002389 seconds
[2019-10-14T07:23:29.662+0000][1][safepoint    ] Application time: 0.0001088 seconds
[2019-10-14T07:23:29.662+0000][1][safepoint    ] Entering safepoint region: RevokeBias
[2019-10-14T07:23:29.662+0000][1][safepoint    ] Leaving safepoint region
[2019-10-14T07:23:29.663+0000][1][safepoint    ] Total time for which application threads were stopped: 0.0006655 seconds, Stopping threads took: 0.0002287 seconds
[2019-10-14T07:23:29.663+0000][1][safepoint    ] Application time: 0.0001602 seconds
[2019-10-14T07:23:29.664+0000][1][safepoint    ] Entering safepoint region: RevokeBias
[2019-10-14T07:23:29.664+0000][1][safepoint    ] Leaving safepoint region
[2019-10-14T07:23:29.664+0000][1][safepoint    ] Total time for which application threads were stopped: 0.0006101 seconds, Stopping threads took: 0.0003052 seconds
[2019-10-14T07:23:29.665+0000][1][safepoint    ] Application time: 0.0001065 seconds
[2019-10-14T07:23:29.665+0000][1][safepoint    ] Entering safepoint region: RevokeBias
[2019-10-14T07:23:29.665+0000][1][safepoint    ] Leaving safepoint region
[2019-10-14T07:23:29.665+0000][1][safepoint    ] Total time for which application threads were stopped: 0.0005595 seconds, Stopping threads took: 0.0002472 seconds
[2019-10-14T07:23:29.666+0000][1][safepoint    ] Application time: 0.0001496 seconds
[2019-10-14T07:23:29.666+0000][1][safepoint    ] Entering safepoint region: RevokeBias
[2019-10-14T07:23:29.666+0000][1][safepoint    ] Leaving safepoint region
[2019-10-14T07:23:29.667+0000][1][safepoint    ] Total time for which application threads were stopped: 0.0005562 seconds, Stopping threads took: 0.0002536 seconds
[2019-10-14T07:23:29.667+0000][1][safepoint    ] Application time: 0.0001467 seconds
[2019-10-14T07:23:29.667+0000][1][safepoint    ] Entering safepoint region: RevokeBias
[2019-10-14T07:23:29.668+0000][1][safepoint    ] Leaving safepoint region
[2019-10-14T07:23:29.668+0000][1][safepoint    ] Total time for which application threads were stopped: 0.0004797 seconds, Stopping threads took: 0.0002257 seconds
[2019-10-14T07:23:29.668+0000][1][safepoint    ] Application time: 0.0002854 seconds
[2019-10-14T07:23:29.668+0000][1][safepoint    ] Entering safepoint region: RevokeBias
[2019-10-14T07:23:29.669+0000][1][safepoint    ] Leaving safepoint region
[2019-10-14T07:23:29.669+0000][1][safepoint    ] Total time for which application threads were stopped: 0.0006369 seconds, Stopping threads took: 0.0003254 seconds
[2019-10-14T07:23:29.670+0000][1][safepoint    ] Application time: 0.0001188 seconds
[2019-10-14T07:23:29.670+0000][1][safepoint    ] Entering safepoint region: RevokeBias
[2019-10-14T07:23:29.670+0000][1][safepoint    ] Leaving safepoint region
[2019-10-14T07:23:29.670+0000][1][safepoint    ] Total time for which application threads were stopped: 0.0005815 seconds, Stopping threads took: 0.0002538 seconds
[2019-10-14T07:23:29.671+0000][1][safepoint    ] Application time: 0.0001638 seconds
[2019-10-14T07:23:29.671+0000][1][safepoint    ] Entering safepoint region: RevokeBias
[2019-10-14T07:23:29.671+0000][1][safepoint    ] Leaving safepoint region
[2019-10-14T07:23:29.672+0000][1][safepoint    ] Total time for which application threads were stopped: 0.0007104 seconds, Stopping threads took: 0.0002838 seconds
[2019-10-14T07:23:29.672+0000][1][safepoint    ] Application time: 0.0001180 seconds
[2019-10-14T07:23:29.672+0000][1][safepoint    ] Entering safepoint region: RevokeBias
[2019-10-14T07:23:29.673+0000][1][safepoint    ] Leaving safepoint region
[2019-10-14T07:23:29.673+0000][1][safepoint    ] Total time for which application threads were stopped: 0.0005485 seconds, Stopping threads took: 0.0002489 seconds
[2019-10-14T07:23:29.673+0000][1][safepoint    ] Application time: 0.0001125 seconds
[2019-10-14T07:23:29.673+0000][1][safepoint    ] Entering safepoint region: RevokeBias
[2019-10-14T07:23:29.674+0000][1][safepoint    ] Leaving safepoint region
[2019-10-14T07:23:29.674+0000][1][safepoint    ] Total time for which application threads were stopped: 0.0005449 seconds, Stopping threads took: 0.0002273 seconds
[2019-10-14T07:23:29.674+0000][1][safepoint    ] Application time: 0.0001113 seconds
[2019-10-14T07:23:29.675+0000][1][safepoint    ] Entering safepoint region: RevokeBias
[2019-10-14T07:23:29.675+0000][1][safepoint    ] Leaving safepoint region
[2019-10-14T07:23:29.675+0000][1][safepoint    ] Total time for which application threads were stopped: 0.0005653 seconds, Stopping threads took: 0.0002465 seconds
[2019-10-14T07:23:29.675+0000][1][safepoint    ] Application time: 0.0001033 seconds
[2019-10-14T07:23:29.676+0000][1][safepoint    ] Entering safepoint region: RevokeBias
[2019-10-14T07:23:29.676+0000][1][safepoint    ] Leaving safepoint region
[2019-10-14T07:23:29.676+0000][1][safepoint    ] Total time for which application threads were stopped: 0.0005422 seconds, Stopping threads took: 0.0002460 seconds
[2019-10-14T07:23:29.677+0000][1][safepoint    ] Application time: 0.0001168 seconds
[2019-10-14T07:23:29.677+0000][1][safepoint    ] Entering safepoint region: BulkRevokeBias
[2019-10-14T07:23:29.678+0000][1][safepoint    ] Leaving safepoint region
[2019-10-14T07:23:29.678+0000][1][safepoint    ] Total time for which application threads were stopped: 0.0006631 seconds, Stopping threads took: 0.0002955 seconds
[2019-10-14T07:23:29.679+0000][1][safepoint    ] Application time: 0.0004172 seconds
[2019-10-14T07:23:29.679+0000][1][safepoint    ] Entering safepoint region: RevokeBias
[2019-10-14T07:23:29.679+0000][1][safepoint    ] Leaving safepoint region
[2019-10-14T07:23:29.680+0000][1][safepoint    ] Total time for which application threads were stopped: 0.0007740 seconds, Stopping threads took: 0.0004599 seconds
[2019-10-14T07:23:29.680+0000][1][safepoint    ] Application time: 0.0002300 seconds
[2019-10-14T07:23:29.683+0000][1][safepoint    ] Entering safepoint region: RevokeBias
[2019-10-14T07:23:29.683+0000][1][safepoint    ] Leaving safepoint region
[2019-10-14T07:23:29.684+0000][1][safepoint    ] Total time for which application threads were stopped: 0.0031717 seconds, Stopping threads took: 0.0028152 seconds
[2019-10-14T07:23:29.684+0000][1][safepoint    ] Application time: 0.0002612 seconds
[2019-10-14T07:23:29.685+0000][1][safepoint    ] Entering safepoint region: RevokeBias
[2019-10-14T07:23:29.685+0000][1][safepoint    ] Leaving safepoint region
[2019-10-14T07:23:29.685+0000][1][safepoint    ] Total time for which application threads were stopped: 0.0005954 seconds, Stopping threads took: 0.0003096 seconds
[2019-10-14T07:23:29.686+0000][1][safepoint    ] Application time: 0.0001572 seconds
[2019-10-14T07:23:29.686+0000][1][safepoint    ] Entering safepoint region: RevokeBias
[2019-10-14T07:23:29.686+0000][1][safepoint    ] Leaving safepoint region
[2019-10-14T07:23:29.687+0000][1][safepoint    ] Total time for which application threads were stopped: 0.0006630 seconds, Stopping threads took: 0.0003377 seconds
[2019-10-14T07:23:29.687+0000][1][safepoint    ] Application time: 0.0000867 seconds
[2019-10-14T07:23:29.687+0000][1][safepoint    ] Entering safepoint region: RevokeBias
[2019-10-14T07:23:29.687+0000][1][safepoint    ] Leaving safepoint region
[2019-10-14T07:23:29.688+0000][1][safepoint    ] Total time for which application threads were stopped: 0.0005463 seconds, Stopping threads took: 0.0002310 seconds
[2019-10-14T07:23:29.688+0000][1][safepoint    ] Application time: 0.0001338 seconds
[2019-10-14T07:23:29.689+0000][1][safepoint    ] Entering safepoint region: RevokeBias
[2019-10-14T07:23:29.689+0000][1][safepoint    ] Leaving safepoint region
[2019-10-14T07:23:29.689+0000][1][safepoint    ] Total time for which application threads were stopped: 0.0007665 seconds, Stopping threads took: 0.0004731 seconds
[2019-10-14T07:23:29.690+0000][1][safepoint    ] Application time: 0.0002992 seconds
[2019-10-14T07:23:29.692+0000][1][safepoint    ] Entering safepoint region: RevokeBias
[2019-10-14T07:23:29.692+0000][1][safepoint    ] Leaving safepoint region
[2019-10-14T07:23:29.693+0000][1][safepoint    ] Total time for which application threads were stopped: 0.0025845 seconds, Stopping threads took: 0.0022507 seconds
[2019-10-14T07:23:29.693+0000][1][safepoint    ] Application time: 0.0002604 seconds
[2019-10-14T07:23:29.693+0000][1][safepoint    ] Entering safepoint region: RevokeBias
[2019-10-14T07:23:29.693+0000][1][safepoint    ] Leaving safepoint region
[2019-10-14T07:23:29.694+0000][1][safepoint    ] Total time for which application threads were stopped: 0.0004858 seconds, Stopping threads took: 0.0002220 seconds
[2019-10-14T07:23:29.694+0000][1][safepoint    ] Application time: 0.0004712 seconds
[2019-10-14T07:23:29.695+0000][1][safepoint    ] Entering safepoint region: RevokeBias
[2019-10-14T07:23:29.695+0000][1][safepoint    ] Leaving safepoint region
[2019-10-14T07:23:29.695+0000][1][safepoint    ] Total time for which application threads were stopped: 0.0005955 seconds, Stopping threads took: 0.0002792 seconds
[2019-10-14T07:23:29.696+0000][1][safepoint    ] Application time: 0.0008587 seconds
[2019-10-14T07:23:29.697+0000][1][safepoint    ] Entering safepoint region: RevokeBias
[2019-10-14T07:23:29.698+0000][1][safepoint    ] Leaving safepoint region
[2019-10-14T07:23:29.698+0000][1][safepoint    ] Total time for which application threads were stopped: 0.0006927 seconds, Stopping threads took: 0.0003211 seconds
[2019-10-14T07:23:29.698+0000][1][safepoint    ] Application time: 0.0002608 seconds
[2019-10-14T07:23:29.699+0000][1][safepoint    ] Entering safepoint region: RevokeBias
[2019-10-14T07:23:29.699+0000][1][safepoint    ] Leaving safepoint region
[2019-10-14T07:23:29.700+0000][1][safepoint    ] Total time for which application threads were stopped: 0.0006022 seconds, Stopping threads took: 0.0002781 seconds
[2019-10-14T07:23:29.701+0000][1][safepoint    ] Application time: 0.0006668 seconds
[2019-10-14T07:23:29.701+0000][1][safepoint    ] Entering safepoint region: RevokeBias
[2019-10-14T07:23:29.701+0000][1][safepoint    ] Leaving safepoint region
[2019-10-14T07:23:29.701+0000][1][safepoint    ] Total time for which application threads were stopped: 0.0004851 seconds, Stopping threads took: 0.0002200 seconds
[2019-10-14T07:23:29.702+0000][1][safepoint    ] Application time: 0.0003093 seconds
[2019-10-14T07:23:29.703+0000][1][safepoint    ] Entering safepoint region: RevokeBias
[2019-10-14T07:23:29.703+0000][1][safepoint    ] Leaving safepoint region
[2019-10-14T07:23:29.704+0000][1][safepoint    ] Total time for which application threads were stopped: 0.0014673 seconds, Stopping threads took: 0.0011524 seconds
[2019-10-14T07:23:29.705+0000][1][safepoint    ] Application time: 0.0014127 seconds
[2019-10-14T07:23:29.706+0000][1][safepoint    ] Entering safepoint region: RevokeBias
[2019-10-14T07:23:29.706+0000][1][safepoint    ] Leaving safepoint region
[2019-10-14T07:23:29.706+0000][1][safepoint    ] Total time for which application threads were stopped: 0.0005277 seconds, Stopping threads took: 0.0002719 seconds
[2019-10-14T07:23:29.710+0000][1][safepoint    ] Application time: 0.0037968 seconds
[2019-10-14T07:23:29.711+0000][1][safepoint    ] Entering safepoint region: RevokeBias
[2019-10-14T07:23:29.711+0000][1][safepoint    ] Leaving safepoint region
[2019-10-14T07:23:29.711+0000][1][safepoint    ] Total time for which application threads were stopped: 0.0008284 seconds, Stopping threads took: 0.0005000 seconds
[2019-10-14T07:23:29.715+0000][1][safepoint    ] Application time: 0.0034666 seconds
[2019-10-14T07:23:29.715+0000][1][safepoint    ] Entering safepoint region: RevokeBias
[2019-10-14T07:23:29.716+0000][1][safepoint    ] Leaving safepoint region
[2019-10-14T07:23:29.716+0000][1][safepoint    ] Total time for which application threads were stopped: 0.0007085 seconds, Stopping threads took: 0.0003102 seconds
[2019-10-14T07:23:29.720+0000][1][safepoint    ] Application time: 0.0037450 seconds
[2019-10-14T07:23:29.721+0000][1][safepoint    ] Entering safepoint region: RevokeBias
[2019-10-14T07:23:29.721+0000][1][safepoint    ] Leaving safepoint region
[2019-10-14T07:23:29.721+0000][1][safepoint    ] Total time for which application threads were stopped: 0.0006747 seconds, Stopping threads took: 0.0002671 seconds
[2019-10-14T07:23:29.726+0000][1][safepoint    ] Application time: 0.0033726 seconds
[2019-10-14T07:23:29.726+0000][1][safepoint    ] Entering safepoint region: RevokeBias
[2019-10-14T07:23:29.726+0000][1][safepoint    ] Leaving safepoint region
[2019-10-14T07:23:29.726+0000][1][safepoint    ] Total time for which application threads were stopped: 0.0005775 seconds, Stopping threads took: 0.0002755 seconds
[2019-10-14T07:23:29.729+0000][1][safepoint    ] Application time: 0.0022671 seconds
[2019-10-14T07:23:29.730+0000][1][safepoint    ] Entering safepoint region: RevokeBias
[2019-10-14T07:23:29.730+0000][1][safepoint    ] Leaving safepoint region
[2019-10-14T07:23:29.730+0000][1][safepoint    ] Total time for which application threads were stopped: 0.0008893 seconds, Stopping threads took: 0.0005840 seconds
[2019-10-14T07:23:29.732+0000][1][safepoint    ] Application time: 0.0010289 seconds
[2019-10-14T07:23:29.732+0000][1][safepoint    ] Entering safepoint region: RevokeBias
[2019-10-14T07:23:29.732+0000][1][safepoint    ] Leaving safepoint region
[2019-10-14T07:23:29.733+0000][1][safepoint    ] Total time for which application threads were stopped: 0.0008285 seconds, Stopping threads took: 0.0004445 seconds
[2019-10-14T07:23:29.733+0000][1][safepoint    ] Application time: 0.0003062 seconds
[2019-10-14T07:23:29.734+0000][1][safepoint    ] Entering safepoint region: RevokeBias
[2019-10-14T07:23:29.734+0000][1][safepoint    ] Leaving safepoint region
[2019-10-14T07:23:29.734+0000][1][safepoint    ] Total time for which application threads were stopped: 0.0007618 seconds, Stopping threads took: 0.0004642 seconds
[2019-10-14T07:23:30.245+0000][1][safepoint    ] Application time: 0.5109821 seconds
[2019-10-14T07:23:30.246+0000][1][safepoint    ] Entering safepoint region: RevokeBias
[2019-10-14T07:23:30.246+0000][1][safepoint    ] Leaving safepoint region
[2019-10-14T07:23:30.247+0000][1][safepoint    ] Total time for which application threads were stopped: 0.0011097 seconds, Stopping threads took: 0.0004416 seconds
[2019-10-14T07:23:30.426+0000][1][safepoint    ] Application time: 0.1792879 seconds
[2019-10-14T07:23:30.433+0000][1][safepoint    ] Entering safepoint region: RevokeBias
[2019-10-14T07:23:30.433+0000][1][safepoint    ] Leaving safepoint region
[2019-10-14T07:23:30.434+0000][1][safepoint    ] Total time for which application threads were stopped: 0.0067823 seconds, Stopping threads took: 0.0064820 seconds
[2019-10-14T07:23:30.457+0000][1][safepoint    ] Application time: 0.0224595 seconds
[2019-10-14T07:23:30.486+0000][1][safepoint    ] Entering safepoint region: RevokeBias
[2019-10-14T07:23:30.492+0000][1][safepoint    ] Leaving safepoint region
[2019-10-14T07:23:30.493+0000][1][safepoint    ] Total time for which application threads were stopped: 0.0232203 seconds, Stopping threads took: 0.0213820 seconds
[2019-10-14T07:23:30.500+0000][1][safepoint    ] Application time: 0.0036780 seconds
[2019-10-14T07:23:30.501+0000][1][safepoint    ] Entering safepoint region: RevokeBias
[2019-10-14T07:23:30.502+0000][1][safepoint    ] Leaving safepoint region
[2019-10-14T07:23:30.503+0000][1][safepoint    ] Total time for which application threads were stopped: 0.0012737 seconds, Stopping threads took: 0.0002912 seconds
[2019-10-14T07:23:31.410+0000][1][safepoint    ] Application time: 0.9056075 seconds
[2019-10-14T07:23:31.411+0000][1][safepoint    ] Entering safepoint region: RevokeBias
[2019-10-14T07:23:31.425+0000][1][safepoint    ] Leaving safepoint region
[2019-10-14T07:23:31.427+0000][1][safepoint    ] Total time for which application threads were stopped: 0.0160161 seconds, Stopping threads took: 0.0137791 seconds
[2019-10-14T07:23:31.428+0000][1][safepoint    ] Application time: 0.0000831 seconds
[2019-10-14T07:23:31.428+0000][1][safepoint    ] Entering safepoint region: RevokeBias
[2019-10-14T07:23:31.432+0000][1][safepoint    ] Leaving safepoint region
[2019-10-14T07:23:31.432+0000][1][safepoint    ] Total time for which application threads were stopped: 0.0034595 seconds, Stopping threads took: 0.0030409 seconds
[2019-10-14T07:23:31.546+0000][1][safepoint    ] Application time: 0.1077834 seconds
[2019-10-14T07:23:31.546+0000][1][safepoint    ] Entering safepoint region: RevokeBias
[2019-10-14T07:23:31.546+0000][1][safepoint    ] Leaving safepoint region
[2019-10-14T07:23:31.547+0000][1][safepoint    ] Total time for which application threads were stopped: 0.0005742 seconds, Stopping threads took: 0.0002705 seconds
[2019-10-14T07:23:31.595+0000][1][safepoint    ] Application time: 0.0481310 seconds
[2019-10-14T07:23:31.599+0000][1][safepoint    ] Entering safepoint region: RevokeBias
[2019-10-14T07:23:31.600+0000][1][safepoint    ] Leaving safepoint region
[2019-10-14T07:23:31.600+0000][1][safepoint    ] Total time for which application threads were stopped: 0.0048177 seconds, Stopping threads took: 0.0041616 seconds
[2019-10-14T07:23:31.602+0000][1][safepoint    ] Application time: 0.0015935 seconds
[2019-10-14T07:23:31.603+0000][1][safepoint    ] Entering safepoint region: RevokeBias
[2019-10-14T07:23:31.604+0000][1][safepoint    ] Leaving safepoint region
[2019-10-14T07:23:31.604+0000][1][safepoint    ] Total time for which application threads were stopped: 0.0012311 seconds, Stopping threads took: 0.0004280 seconds
[2019-10-14T07:23:31.630+0000][1][safepoint    ] Application time: 0.0249363 seconds
[2019-10-14T07:23:31.630+0000][1][safepoint    ] Entering safepoint region: GenCollectForAllocation
[2019-10-14T07:23:31.631+0000][1][gc,start     ] GC(20) Pause Young (Allocation Failure)
[2019-10-14T07:23:31.631+0000][1][gc,task      ] GC(20) Using 2 workers of 2 for evacuation
[2019-10-14T07:23:31.687+0000][1][gc,age       ] GC(20) Desired survivor size 4456448 bytes, new threshold 6 (max threshold 6)
[2019-10-14T07:23:31.687+0000][1][gc,age       ] GC(20) Age table with threshold 6 (max threshold 6)
[2019-10-14T07:23:31.687+0000][1][gc,age       ] GC(20) - age   1:    1253536 bytes,    1253536 total
[2019-10-14T07:23:31.688+0000][1][gc,age       ] GC(20) - age   2:    2999632 bytes,    4253168 total
[2019-10-14T07:23:31.688+0000][1][gc,heap      ] GC(20) ParNew: 78093K->8704K(78656K)
[2019-10-14T07:23:31.688+0000][1][gc,heap      ] GC(20) CMS: 56068K->59870K(174784K)
[2019-10-14T07:23:31.688+0000][1][gc,metaspace ] GC(20) Metaspace: 52312K->52312K(1097728K)
[2019-10-14T07:23:31.689+0000][1][gc           ] GC(20) Pause Young (Allocation Failure) 131M->66M(247M) 57.873ms
[2019-10-14T07:23:31.689+0000][1][gc,cpu       ] GC(20) User=0.07s Sys=0.00s Real=0.06s
[2019-10-14T07:23:31.689+0000][1][safepoint    ] Leaving safepoint region
[2019-10-14T07:23:31.690+0000][1][safepoint    ] Total time for which application threads were stopped: 0.0592541 seconds, Stopping threads took: 0.0002423 seconds
[2019-10-14T07:23:31.695+0000][1][safepoint    ] Application time: 0.0049580 seconds
[2019-10-14T07:23:31.695+0000][1][safepoint    ] Entering safepoint region: RevokeBias
[2019-10-14T07:23:31.696+0000][1][safepoint    ] Leaving safepoint region
[2019-10-14T07:23:31.696+0000][1][safepoint    ] Total time for which application threads were stopped: 0.0005446 seconds, Stopping threads took: 0.0002107 seconds
[2019-10-14T07:23:32.589+0000][1][safepoint    ] Application time: 0.8924303 seconds
[2019-10-14T07:23:32.589+0000][1][safepoint    ] Entering safepoint region: RevokeBias
[2019-10-14T07:23:32.590+0000][1][safepoint    ] Leaving safepoint region
[2019-10-14T07:23:32.590+0000][1][safepoint    ] Total time for which application threads were stopped: 0.0010105 seconds, Stopping threads took: 0.0002229 seconds
[2019-10-14T07:23:32.611+0000][1][safepoint    ] Application time: 0.0206529 seconds
[2019-10-14T07:23:32.611+0000][1][safepoint    ] Entering safepoint region: RevokeBias
[2019-10-14T07:23:32.612+0000][1][safepoint    ] Leaving safepoint region
[2019-10-14T07:23:32.612+0000][1][safepoint    ] Total time for which application threads were stopped: 0.0008658 seconds, Stopping threads took: 0.0005154 seconds
[2019-10-14T07:23:32.635+0000][1][safepoint    ] Application time: 0.0228475 seconds
[2019-10-14T07:23:32.636+0000][1][safepoint    ] Entering safepoint region: Deoptimize
[2019-10-14T07:23:32.636+0000][1][safepoint    ] Leaving safepoint region
[2019-10-14T07:23:32.637+0000][1][safepoint    ] Total time for which application threads were stopped: 0.0009123 seconds, Stopping threads took: 0.0002322 seconds
[2019-10-14T07:23:32.719+0000][1][safepoint    ] Application time: 0.0822144 seconds
[2019-10-14T07:23:32.720+0000][1][safepoint    ] Entering safepoint region: RevokeBias
[2019-10-14T07:23:32.720+0000][1][safepoint    ] Leaving safepoint region
[2019-10-14T07:23:32.721+0000][1][safepoint    ] Total time for which application threads were stopped: 0.0011326 seconds, Stopping threads took: 0.0008621 seconds
[2019-10-14T07:23:32.721+0000][1][safepoint    ] Application time: 0.0003827 seconds
[2019-10-14T07:23:32.721+0000][1][safepoint    ] Entering safepoint region: RevokeBias
[2019-10-14T07:23:32.722+0000][1][safepoint    ] Leaving safepoint region
[2019-10-14T07:23:32.722+0000][1][safepoint    ] Total time for which application threads were stopped: 0.0006844 seconds, Stopping threads took: 0.0003755 seconds
[2019-10-14T07:23:32.722+0000][1][safepoint    ] Application time: 0.0001278 seconds
[2019-10-14T07:23:32.723+0000][1][safepoint    ] Entering safepoint region: RevokeBias
[2019-10-14T07:23:32.723+0000][1][safepoint    ] Leaving safepoint region
[2019-10-14T07:23:32.723+0000][1][safepoint    ] Total time for which application threads were stopped: 0.0005977 seconds, Stopping threads took: 0.0003198 seconds
[2019-10-14T07:23:32.726+0000][1][safepoint    ] Application time: 0.0021800 seconds
[2019-10-14T07:23:32.726+0000][1][safepoint    ] Entering safepoint region: RevokeBias
[2019-10-14T07:23:32.727+0000][1][safepoint    ] Leaving safepoint region
[2019-10-14T07:23:32.727+0000][1][safepoint    ] Total time for which application threads were stopped: 0.0011272 seconds, Stopping threads took: 0.0007827 seconds
[2019-10-14T07:23:33.229+0000][1][safepoint    ] Application time: 0.5018610 seconds
[2019-10-14T07:23:33.230+0000][1][safepoint    ] Entering safepoint region: Deoptimize
[2019-10-14T07:23:33.232+0000][1][safepoint    ] Leaving safepoint region
[2019-10-14T07:23:33.232+0000][1][safepoint    ] Total time for which application threads were stopped: 0.0023215 seconds, Stopping threads took: 0.0002496 seconds
[2019-10-14T07:23:33.620+0000][1][safepoint    ] Application time: 0.3879811 seconds
[2019-10-14T07:23:33.621+0000][1][safepoint    ] Entering safepoint region: RevokeBias
[2019-10-14T07:23:33.621+0000][1][safepoint    ] Leaving safepoint region
[2019-10-14T07:23:33.621+0000][1][safepoint    ] Total time for which application threads were stopped: 0.0008793 seconds, Stopping threads took: 0.0005263 seconds
[2019-10-14T07:23:33.899+0000][1][safepoint    ] Application time: 0.2775210 seconds
[2019-10-14T07:23:33.912+0000][1][safepoint    ] Entering safepoint region: GenCollectForAllocation
[2019-10-14T07:23:33.916+0000][1][gc,start     ] GC(21) Pause Young (Allocation Failure)
[2019-10-14T07:23:33.917+0000][1][gc,task      ] GC(21) Using 2 workers of 2 for evacuation
[2019-10-14T07:23:33.942+0000][1][gc,age       ] GC(21) Desired survivor size 4456448 bytes, new threshold 2 (max threshold 6)
[2019-10-14T07:23:33.942+0000][1][gc,age       ] GC(21) Age table with threshold 2 (max threshold 6)
[2019-10-14T07:23:33.943+0000][1][gc,age       ] GC(21) - age   1:    3560200 bytes,    3560200 total
[2019-10-14T07:23:33.943+0000][1][gc,age       ] GC(21) - age   2:    1196448 bytes,    4756648 total
[2019-10-14T07:23:33.943+0000][1][gc,age       ] GC(21) - age   3:    2991984 bytes,    7748632 total
[2019-10-14T07:23:33.943+0000][1][gc,heap      ] GC(21) ParNew: 78656K->8704K(78656K)
[2019-10-14T07:23:33.944+0000][1][gc,heap      ] GC(21) CMS: 59870K->59870K(174784K)
[2019-10-14T07:23:33.944+0000][1][gc,metaspace ] GC(21) Metaspace: 59948K->59948K(1103872K)
[2019-10-14T07:23:33.944+0000][1][gc           ] GC(21) Pause Young (Allocation Failure) 135M->66M(247M) 28.702ms
[2019-10-14T07:23:33.945+0000][1][gc,cpu       ] GC(21) User=0.03s Sys=0.00s Real=0.03s
[2019-10-14T07:23:33.945+0000][1][safepoint    ] Leaving safepoint region
[2019-10-14T07:23:33.946+0000][1][safepoint    ] Total time for which application threads were stopped: 0.0341781 seconds, Stopping threads took: 0.0037131 seconds
[2019-10-14T07:23:34.244+0000][1][safepoint    ] Application time: 0.3193800 seconds
[2019-10-14T07:23:34.245+0000][1][safepoint    ] Entering safepoint region: RevokeBias
[2019-10-14T07:23:34.245+0000][1][safepoint    ] Leaving safepoint region
[2019-10-14T07:23:34.245+0000][1][safepoint    ] Total time for which application threads were stopped: 0.0006652 seconds, Stopping threads took: 0.0003065 seconds
[2019-10-14T07:23:34.397+0000][1][safepoint    ] Application time: 0.1514151 seconds
[2019-10-14T07:23:34.398+0000][1][safepoint    ] Entering safepoint region: Deoptimize
[2019-10-14T07:23:34.399+0000][1][safepoint    ] Leaving safepoint region
[2019-10-14T07:23:34.400+0000][1][safepoint    ] Total time for which application threads were stopped: 0.0018421 seconds, Stopping threads took: 0.0007116 seconds
[2019-10-14T07:23:34.406+0000][1][safepoint    ] Application time: 0.0055605 seconds
[2019-10-14T07:23:34.406+0000][1][safepoint    ] Entering safepoint region: RevokeBias
[2019-10-14T07:23:34.407+0000][1][safepoint    ] Leaving safepoint region
[2019-10-14T07:23:34.407+0000][1][safepoint    ] Total time for which application threads were stopped: 0.0005284 seconds, Stopping threads took: 0.0002785 seconds
[2019-10-14T07:23:34.407+0000][1][safepoint    ] Application time: 0.0000889 seconds
[2019-10-14T07:23:34.408+0000][1][safepoint    ] Entering safepoint region: RevokeBias
[2019-10-14T07:23:34.408+0000][1][safepoint    ] Leaving safepoint region
[2019-10-14T07:23:34.408+0000][1][safepoint    ] Total time for which application threads were stopped: 0.0006468 seconds, Stopping threads took: 0.0003451 seconds
[2019-10-14T07:23:34.409+0000][1][safepoint    ] Application time: 0.0000692 seconds
[2019-10-14T07:23:34.409+0000][1][safepoint    ] Entering safepoint region: RevokeBias
[2019-10-14T07:23:34.409+0000][1][safepoint    ] Leaving safepoint region
[2019-10-14T07:23:34.409+0000][1][safepoint    ] Total time for which application threads were stopped: 0.0006167 seconds, Stopping threads took: 0.0003157 seconds
[2019-10-14T07:23:34.410+0000][1][safepoint    ] Application time: 0.0000703 seconds
[2019-10-14T07:23:34.410+0000][1][safepoint    ] Entering safepoint region: RevokeBias
[2019-10-14T07:23:34.410+0000][1][safepoint    ] Leaving safepoint region
[2019-10-14T07:23:34.411+0000][1][safepoint    ] Total time for which application threads were stopped: 0.0007292 seconds, Stopping threads took: 0.0003516 seconds
[2019-10-14T07:23:34.411+0000][1][safepoint    ] Application time: 0.0001330 seconds
[2019-10-14T07:23:34.411+0000][1][safepoint    ] Entering safepoint region: RevokeBias
[2019-10-14T07:23:34.412+0000][1][safepoint    ] Leaving safepoint region
[2019-10-14T07:23:34.412+0000][1][safepoint    ] Total time for which application threads were stopped: 0.0006597 seconds, Stopping threads took: 0.0003185 seconds
[2019-10-14T07:23:34.412+0000][1][safepoint    ] Application time: 0.0001587 seconds
[2019-10-14T07:23:34.413+0000][1][safepoint    ] Entering safepoint region: RevokeBias
[2019-10-14T07:23:34.413+0000][1][safepoint    ] Leaving safepoint region
[2019-10-14T07:23:34.414+0000][1][safepoint    ] Total time for which application threads were stopped: 0.0007819 seconds, Stopping threads took: 0.0003343 seconds
[2019-10-14T07:23:34.414+0000][1][safepoint    ] Application time: 0.0000619 seconds
[2019-10-14T07:23:34.414+0000][1][safepoint    ] Entering safepoint region: RevokeBias
[2019-10-14T07:23:34.415+0000][1][safepoint    ] Leaving safepoint region
[2019-10-14T07:23:34.415+0000][1][safepoint    ] Total time for which application threads were stopped: 0.0008333 seconds, Stopping threads took: 0.0003980 seconds
[2019-10-14T07:23:34.419+0000][1][safepoint    ] Application time: 0.0030881 seconds
[2019-10-14T07:23:34.419+0000][1][safepoint    ] Entering safepoint region: RevokeBias
[2019-10-14T07:23:34.419+0000][1][safepoint    ] Leaving safepoint region
[2019-10-14T07:23:34.420+0000][1][safepoint    ] Total time for which application threads were stopped: 0.0007648 seconds, Stopping threads took: 0.0003571 seconds
[2019-10-14T07:23:34.420+0000][1][safepoint    ] Application time: 0.0003050 seconds
[2019-10-14T07:23:34.421+0000][1][safepoint    ] Entering safepoint region: RevokeBias
[2019-10-14T07:23:34.421+0000][1][safepoint    ] Leaving safepoint region
[2019-10-14T07:23:34.421+0000][1][safepoint    ] Total time for which application threads were stopped: 0.0007656 seconds, Stopping threads took: 0.0003410 seconds
[2019-10-14T07:23:34.422+0000][1][safepoint    ] Application time: 0.0002119 seconds
[2019-10-14T07:23:34.422+0000][1][safepoint    ] Entering safepoint region: BulkRevokeBias
[2019-10-14T07:23:34.423+0000][1][safepoint    ] Leaving safepoint region
[2019-10-14T07:23:34.423+0000][1][safepoint    ] Total time for which application threads were stopped: 0.0007926 seconds, Stopping threads took: 0.0003417 seconds
[2019-10-14T07:23:34.424+0000][1][safepoint    ] Application time: 0.0006458 seconds
[2019-10-14T07:23:34.424+0000][1][safepoint    ] Entering safepoint region: RevokeBias
[2019-10-14T07:23:34.424+0000][1][safepoint    ] Leaving safepoint region
[2019-10-14T07:23:34.425+0000][1][safepoint    ] Total time for which application threads were stopped: 0.0005020 seconds, Stopping threads took: 0.0002095 seconds
[2019-10-14T07:23:34.425+0000][1][safepoint    ] Application time: 0.0001656 seconds
[2019-10-14T07:23:34.425+0000][1][safepoint    ] Entering safepoint region: RevokeBias
[2019-10-14T07:23:34.426+0000][1][safepoint    ] Leaving safepoint region
[2019-10-14T07:23:34.426+0000][1][safepoint    ] Total time for which application threads were stopped: 0.0006657 seconds, Stopping threads took: 0.0003257 seconds
[2019-10-14T07:23:34.427+0000][1][safepoint    ] Application time: 0.0004551 seconds
[2019-10-14T07:23:34.427+0000][1][safepoint    ] Entering safepoint region: RevokeBias
[2019-10-14T07:23:34.427+0000][1][safepoint    ] Leaving safepoint region
[2019-10-14T07:23:34.428+0000][1][safepoint    ] Total time for which application threads were stopped: 0.0004517 seconds, Stopping threads took: 0.0002128 seconds
[2019-10-14T07:23:34.428+0000][1][safepoint    ] Application time: 0.0000553 seconds
[2019-10-14T07:23:34.428+0000][1][safepoint    ] Entering safepoint region: RevokeBias
[2019-10-14T07:23:34.428+0000][1][safepoint    ] Leaving safepoint region
[2019-10-14T07:23:34.429+0000][1][safepoint    ] Total time for which application threads were stopped: 0.0006084 seconds, Stopping threads took: 0.0002318 seconds
[2019-10-14T07:23:34.429+0000][1][safepoint    ] Application time: 0.0001324 seconds
[2019-10-14T07:23:34.429+0000][1][safepoint    ] Entering safepoint region: RevokeBias
[2019-10-14T07:23:34.429+0000][1][safepoint    ] Leaving safepoint region
[2019-10-14T07:23:34.430+0000][1][safepoint    ] Total time for which application threads were stopped: 0.0004262 seconds, Stopping threads took: 0.0001949 seconds
[2019-10-14T07:23:34.430+0000][1][safepoint    ] Application time: 0.0001424 seconds
[2019-10-14T07:23:34.431+0000][1][safepoint    ] Entering safepoint region: RevokeBias
[2019-10-14T07:23:34.431+0000][1][safepoint    ] Leaving safepoint region
[2019-10-14T07:23:34.431+0000][1][safepoint    ] Total time for which application threads were stopped: 0.0009235 seconds, Stopping threads took: 0.0003733 seconds
[2019-10-14T07:23:34.432+0000][1][safepoint    ] Application time: 0.0002653 seconds
[2019-10-14T07:23:34.432+0000][1][safepoint    ] Entering safepoint region: RevokeBias
[2019-10-14T07:23:34.433+0000][1][safepoint    ] Leaving safepoint region
[2019-10-14T07:23:34.433+0000][1][safepoint    ] Total time for which application threads were stopped: 0.0007106 seconds, Stopping threads took: 0.0003375 seconds
[2019-10-14T07:23:34.434+0000][1][safepoint    ] Application time: 0.0002846 seconds
[2019-10-14T07:23:34.434+0000][1][safepoint    ] Entering safepoint region: RevokeBias
[2019-10-14T07:23:34.434+0000][1][safepoint    ] Leaving safepoint region
[2019-10-14T07:23:34.435+0000][1][safepoint    ] Total time for which application threads were stopped: 0.0013103 seconds, Stopping threads took: 0.0004285 seconds
[2019-10-14T07:23:34.437+0000][1][safepoint    ] Application time: 0.0000617 seconds
[2019-10-14T07:23:34.437+0000][1][safepoint    ] Entering safepoint region: RevokeBias
[2019-10-14T07:23:34.438+0000][1][safepoint    ] Leaving safepoint region
[2019-10-14T07:23:34.438+0000][1][safepoint    ] Total time for which application threads were stopped: 0.0007334 seconds, Stopping threads took: 0.0003560 seconds
[2019-10-14T07:23:34.440+0000][1][safepoint    ] Application time: 0.0015525 seconds
[2019-10-14T07:23:34.440+0000][1][safepoint    ] Entering safepoint region: RevokeBias
[2019-10-14T07:23:34.440+0000][1][safepoint    ] Leaving safepoint region
[2019-10-14T07:23:34.441+0000][1][safepoint    ] Total time for which application threads were stopped: 0.0014195 seconds, Stopping threads took: 0.0003536 seconds
[2019-10-14T07:23:34.442+0000][1][safepoint    ] Application time: 0.0001272 seconds
[2019-10-14T07:23:34.442+0000][1][safepoint    ] Entering safepoint region: RevokeBias
[2019-10-14T07:23:34.443+0000][1][safepoint    ] Leaving safepoint region
[2019-10-14T07:23:34.443+0000][1][safepoint    ] Total time for which application threads were stopped: 0.0004957 seconds, Stopping threads took: 0.0002372 seconds
[2019-10-14T07:23:34.445+0000][1][safepoint    ] Application time: 0.0018815 seconds
[2019-10-14T07:23:34.449+0000][1][safepoint    ] Entering safepoint region: Deoptimize
[2019-10-14T07:23:34.449+0000][1][safepoint    ] Leaving safepoint region
[2019-10-14T07:23:34.450+0000][1][safepoint    ] Total time for which application threads were stopped: 0.0044577 seconds, Stopping threads took: 0.0035330 seconds
[2019-10-14T07:23:34.451+0000][1][safepoint    ] Application time: 0.0006700 seconds
[2019-10-14T07:23:34.451+0000][1][safepoint    ] Entering safepoint region: RevokeBias
[2019-10-14T07:23:34.452+0000][1][safepoint    ] Leaving safepoint region
[2019-10-14T07:23:34.452+0000][1][safepoint    ] Total time for which application threads were stopped: 0.0006903 seconds, Stopping threads took: 0.0003614 seconds
[2019-10-14T07:23:34.476+0000][1][safepoint    ] Application time: 0.0241559 seconds
[2019-10-14T07:23:34.477+0000][1][safepoint    ] Entering safepoint region: RevokeBias
[2019-10-14T07:23:34.477+0000][1][safepoint    ] Leaving safepoint region
[2019-10-14T07:23:34.478+0000][1][safepoint    ] Total time for which application threads were stopped: 0.0009022 seconds, Stopping threads took: 0.0004522 seconds
[2019-10-14T07:23:34.479+0000][1][safepoint    ] Application time: 0.0005263 seconds
[2019-10-14T07:23:34.479+0000][1][safepoint    ] Entering safepoint region: RevokeBias
[2019-10-14T07:23:34.479+0000][1][safepoint    ] Leaving safepoint region
[2019-10-14T07:23:34.480+0000][1][safepoint    ] Total time for which application threads were stopped: 0.0005925 seconds, Stopping threads took: 0.0002466 seconds
[2019-10-14T07:23:34.574+0000][1][safepoint    ] Application time: 0.0946034 seconds
[2019-10-14T07:23:34.575+0000][1][safepoint    ] Entering safepoint region: RevokeBias
[2019-10-14T07:23:34.575+0000][1][safepoint    ] Leaving safepoint region
[2019-10-14T07:23:34.575+0000][1][safepoint    ] Total time for which application threads were stopped: 0.0005936 seconds, Stopping threads took: 0.0002184 seconds
[2019-10-14T07:23:34.576+0000][1][safepoint    ] Application time: 0.0003565 seconds
[2019-10-14T07:23:34.576+0000][1][safepoint    ] Entering safepoint region: RevokeBias
[2019-10-14T07:23:34.577+0000][1][safepoint    ] Leaving safepoint region
[2019-10-14T07:23:34.577+0000][1][safepoint    ] Total time for which application threads were stopped: 0.0005092 seconds, Stopping threads took: 0.0002417 seconds
[2019-10-14T07:23:34.601+0000][1][safepoint    ] Application time: 0.0242235 seconds
[2019-10-14T07:23:34.602+0000][1][safepoint    ] Entering safepoint region: RevokeBias
[2019-10-14T07:23:34.602+0000][1][safepoint    ] Leaving safepoint region
[2019-10-14T07:23:34.602+0000][1][safepoint    ] Total time for which application threads were stopped: 0.0005828 seconds, Stopping threads took: 0.0001953 seconds
[2019-10-14T07:23:34.611+0000][1][safepoint    ] Application time: 0.0081949 seconds
[2019-10-14T07:23:34.611+0000][1][safepoint    ] Entering safepoint region: RevokeBias
[2019-10-14T07:23:34.611+0000][1][safepoint    ] Leaving safepoint region
[2019-10-14T07:23:34.611+0000][1][safepoint    ] Total time for which application threads were stopped: 0.0005226 seconds, Stopping threads took: 0.0002015 seconds
[2019-10-14T07:23:34.612+0000][1][safepoint    ] Application time: 0.0001113 seconds
[2019-10-14T07:23:34.612+0000][1][safepoint    ] Entering safepoint region: RevokeBias
[2019-10-14T07:23:34.612+0000][1][safepoint    ] Leaving safepoint region
[2019-10-14T07:23:34.613+0000][1][safepoint    ] Total time for which application threads were stopped: 0.0004682 seconds, Stopping threads took: 0.0002218 seconds
[2019-10-14T07:23:34.614+0000][1][safepoint    ] Application time: 0.0008466 seconds
[2019-10-14T07:23:34.614+0000][1][safepoint    ] Entering safepoint region: RevokeBias
[2019-10-14T07:23:34.615+0000][1][safepoint    ] Leaving safepoint region
[2019-10-14T07:23:34.616+0000][1][safepoint    ] Total time for which application threads were stopped: 0.0016848 seconds, Stopping threads took: 0.0013477 seconds
[2019-10-14T07:23:34.618+0000][1][safepoint    ] Application time: 0.0018687 seconds
[2019-10-14T07:23:34.618+0000][1][safepoint    ] Entering safepoint region: RevokeBias
[2019-10-14T07:23:34.619+0000][1][safepoint    ] Leaving safepoint region
[2019-10-14T07:23:34.619+0000][1][safepoint    ] Total time for which application threads were stopped: 0.0006402 seconds, Stopping threads took: 0.0003104 seconds
[2019-10-14T07:23:34.619+0000][1][safepoint    ] Application time: 0.0003187 seconds
[2019-10-14T07:23:34.620+0000][1][safepoint    ] Entering safepoint region: RevokeBias
[2019-10-14T07:23:34.620+0000][1][safepoint    ] Leaving safepoint region
[2019-10-14T07:23:34.620+0000][1][safepoint    ] Total time for which application threads were stopped: 0.0004973 seconds, Stopping threads took: 0.0002564 seconds
[2019-10-14T07:23:34.620+0000][1][safepoint    ] Application time: 0.0000832 seconds
[2019-10-14T07:23:34.621+0000][1][safepoint    ] Entering safepoint region: RevokeBias
[2019-10-14T07:23:34.621+0000][1][safepoint    ] Leaving safepoint region
[2019-10-14T07:23:34.621+0000][1][safepoint    ] Total time for which application threads were stopped: 0.0006747 seconds, Stopping threads took: 0.0001929 seconds
[2019-10-14T07:23:34.622+0000][1][safepoint    ] Application time: 0.0001477 seconds
[2019-10-14T07:23:34.622+0000][1][safepoint    ] Entering safepoint region: RevokeBias
[2019-10-14T07:23:34.622+0000][1][safepoint    ] Leaving safepoint region
[2019-10-14T07:23:34.623+0000][1][safepoint    ] Total time for which application threads were stopped: 0.0006602 seconds, Stopping threads took: 0.0002915 seconds
[2019-10-14T07:23:34.623+0000][1][safepoint    ] Application time: 0.0002890 seconds
[2019-10-14T07:23:34.624+0000][1][safepoint    ] Entering safepoint region: RevokeBias
[2019-10-14T07:23:34.624+0000][1][safepoint    ] Leaving safepoint region
[2019-10-14T07:23:34.625+0000][1][safepoint    ] Total time for which application threads were stopped: 0.0012299 seconds, Stopping threads took: 0.0002890 seconds
[2019-10-14T07:23:34.625+0000][1][safepoint    ] Application time: 0.0003164 seconds
[2019-10-14T07:23:34.626+0000][1][safepoint    ] Entering safepoint region: RevokeBias
[2019-10-14T07:23:34.626+0000][1][safepoint    ] Leaving safepoint region
[2019-10-14T07:23:34.626+0000][1][safepoint    ] Total time for which application threads were stopped: 0.0004422 seconds, Stopping threads took: 0.0002124 seconds
[2019-10-14T07:23:34.627+0000][1][safepoint    ] Application time: 0.0001654 seconds
[2019-10-14T07:23:34.627+0000][1][safepoint    ] Entering safepoint region: RevokeBias
[2019-10-14T07:23:34.627+0000][1][safepoint    ] Leaving safepoint region
[2019-10-14T07:23:34.628+0000][1][safepoint    ] Total time for which application threads were stopped: 0.0006260 seconds, Stopping threads took: 0.0002774 seconds
[2019-10-14T07:23:34.628+0000][1][safepoint    ] Application time: 0.0000615 seconds
[2019-10-14T07:23:34.628+0000][1][safepoint    ] Entering safepoint region: RevokeBias
[2019-10-14T07:23:34.629+0000][1][safepoint    ] Leaving safepoint region
[2019-10-14T07:23:34.629+0000][1][safepoint    ] Total time for which application threads were stopped: 0.0005850 seconds, Stopping threads took: 0.0002885 seconds
[2019-10-14T07:23:34.632+0000][1][safepoint    ] Application time: 0.0028967 seconds
[2019-10-14T07:23:34.633+0000][1][safepoint    ] Entering safepoint region: RevokeBias
[2019-10-14T07:23:34.634+0000][1][safepoint    ] Leaving safepoint region
[2019-10-14T07:23:34.634+0000][1][safepoint    ] Total time for which application threads were stopped: 0.0013347 seconds, Stopping threads took: 0.0009461 seconds
[2019-10-14T07:23:34.635+0000][1][safepoint    ] Application time: 0.0008814 seconds
[2019-10-14T07:23:34.635+0000][1][safepoint    ] Entering safepoint region: BulkRevokeBias
[2019-10-14T07:23:34.636+0000][1][safepoint    ] Leaving safepoint region
[2019-10-14T07:23:34.636+0000][1][safepoint    ] Total time for which application threads were stopped: 0.0007325 seconds, Stopping threads took: 0.0003067 seconds
[2019-10-14T07:23:34.698+0000][1][safepoint    ] Application time: 0.0615663 seconds
[2019-10-14T07:23:34.700+0000][1][safepoint    ] Entering safepoint region: RevokeBias
[2019-10-14T07:23:34.700+0000][1][safepoint    ] Leaving safepoint region
[2019-10-14T07:23:34.700+0000][1][safepoint    ] Total time for which application threads were stopped: 0.0007084 seconds, Stopping threads took: 0.0002953 seconds
[2019-10-14T07:23:34.701+0000][1][safepoint    ] Application time: 0.0000789 seconds
[2019-10-14T07:23:34.701+0000][1][safepoint    ] Entering safepoint region: RevokeBias
[2019-10-14T07:23:34.701+0000][1][safepoint    ] Leaving safepoint region
[2019-10-14T07:23:34.701+0000][1][safepoint    ] Total time for which application threads were stopped: 0.0004653 seconds, Stopping threads took: 0.0002173 seconds
[2019-10-14T07:23:34.702+0000][1][safepoint    ] Application time: 0.0000665 seconds
[2019-10-14T07:23:34.702+0000][1][safepoint    ] Entering safepoint region: RevokeBias
[2019-10-14T07:23:34.702+0000][1][safepoint    ] Leaving safepoint region
[2019-10-14T07:23:34.702+0000][1][safepoint    ] Total time for which application threads were stopped: 0.0004530 seconds, Stopping threads took: 0.0002121 seconds
[2019-10-14T07:23:34.743+0000][1][safepoint    ] Application time: 0.0409682 seconds
[2019-10-14T07:23:34.744+0000][1][safepoint    ] Entering safepoint region: RevokeBias
[2019-10-14T07:23:34.744+0000][1][safepoint    ] Leaving safepoint region
[2019-10-14T07:23:34.744+0000][1][safepoint    ] Total time for which application threads were stopped: 0.0006439 seconds, Stopping threads took: 0.0003209 seconds
[2019-10-14T07:23:34.745+0000][1][safepoint    ] Application time: 0.0001118 seconds
[2019-10-14T07:23:34.745+0000][1][safepoint    ] Entering safepoint region: RevokeBias
[2019-10-14T07:23:34.745+0000][1][safepoint    ] Leaving safepoint region
[2019-10-14T07:23:34.746+0000][1][safepoint    ] Total time for which application threads were stopped: 0.0006123 seconds, Stopping threads took: 0.0002381 seconds
[2019-10-14T07:23:34.761+0000][1][safepoint    ] Application time: 0.0148134 seconds
[2019-10-14T07:23:34.761+0000][1][safepoint    ] Entering safepoint region: RevokeBias
[2019-10-14T07:23:34.761+0000][1][safepoint    ] Leaving safepoint region
[2019-10-14T07:23:34.761+0000][1][safepoint    ] Total time for which application threads were stopped: 0.0004577 seconds, Stopping threads took: 0.0002067 seconds
[2019-10-14T07:23:34.765+0000][1][safepoint    ] Application time: 0.0026340 seconds
[2019-10-14T07:23:34.770+0000][1][safepoint    ] Entering safepoint region: RevokeBias
[2019-10-14T07:23:34.771+0000][1][safepoint    ] Leaving safepoint region
[2019-10-14T07:23:34.771+0000][1][safepoint    ] Total time for which application threads were stopped: 0.0008639 seconds, Stopping threads took: 0.0005212 seconds
[2019-10-14T07:23:34.772+0000][1][safepoint    ] Application time: 0.0001823 seconds
[2019-10-14T07:23:34.772+0000][1][safepoint    ] Entering safepoint region: RevokeBias
[2019-10-14T07:23:34.772+0000][1][safepoint    ] Leaving safepoint region
[2019-10-14T07:23:34.772+0000][1][safepoint    ] Total time for which application threads were stopped: 0.0004997 seconds, Stopping threads took: 0.0002763 seconds
[2019-10-14T07:23:34.772+0000][1][safepoint    ] Application time: 0.0000389 seconds
[2019-10-14T07:23:34.773+0000][1][safepoint    ] Entering safepoint region: RevokeBias
[2019-10-14T07:23:34.773+0000][1][safepoint    ] Leaving safepoint region
[2019-10-14T07:23:34.773+0000][1][safepoint    ] Total time for which application threads were stopped: 0.0005120 seconds, Stopping threads took: 0.0002783 seconds
[2019-10-14T07:23:34.814+0000][1][safepoint    ] Application time: 0.0400106 seconds
[2019-10-14T07:23:34.814+0000][1][safepoint    ] Entering safepoint region: RevokeBias
[2019-10-14T07:23:34.814+0000][1][safepoint    ] Leaving safepoint region
[2019-10-14T07:23:34.815+0000][1][safepoint    ] Total time for which application threads were stopped: 0.0006055 seconds, Stopping threads took: 0.0002729 seconds
[2019-10-14T07:23:34.815+0000][1][safepoint    ] Application time: 0.0001330 seconds
[2019-10-14T07:23:34.815+0000][1][safepoint    ] Entering safepoint region: RevokeBias
[2019-10-14T07:23:34.816+0000][1][safepoint    ] Leaving safepoint region
[2019-10-14T07:23:34.816+0000][1][safepoint    ] Total time for which application threads were stopped: 0.0005265 seconds, Stopping threads took: 0.0002396 seconds
[2019-10-14T07:23:34.843+0000][1][safepoint    ] Application time: 0.0268205 seconds
[2019-10-14T07:23:34.843+0000][1][safepoint    ] Entering safepoint region: RevokeBias
[2019-10-14T07:23:34.844+0000][1][safepoint    ] Leaving safepoint region
[2019-10-14T07:23:34.845+0000][1][safepoint    ] Total time for which application threads were stopped: 0.0011338 seconds, Stopping threads took: 0.0008467 seconds
[2019-10-14T07:23:34.992+0000][1][safepoint    ] Application time: 0.1467097 seconds
[2019-10-14T07:23:34.996+0000][1][safepoint    ] Entering safepoint region: RevokeBias
[2019-10-14T07:23:34.996+0000][1][safepoint    ] Leaving safepoint region
[2019-10-14T07:23:34.996+0000][1][safepoint    ] Total time for which application threads were stopped: 0.0007591 seconds, Stopping threads took: 0.0004173 seconds
[2019-10-14T07:23:35.007+0000][1][safepoint    ] Application time: 0.0102653 seconds
[2019-10-14T07:23:35.009+0000][1][safepoint    ] Entering safepoint region: RevokeBias
[2019-10-14T07:23:35.009+0000][1][safepoint    ] Leaving safepoint region
[2019-10-14T07:23:35.009+0000][1][safepoint    ] Total time for which application threads were stopped: 0.0018820 seconds, Stopping threads took: 0.0015748 seconds
[2019-10-14T07:23:35.022+0000][1][safepoint    ] Application time: 0.0129218 seconds
[2019-10-14T07:23:35.024+0000][1][safepoint    ] Entering safepoint region: RevokeBias
[2019-10-14T07:23:35.025+0000][1][safepoint    ] Leaving safepoint region
[2019-10-14T07:23:35.032+0000][1][safepoint    ] Total time for which application threads were stopped: 0.0075815 seconds, Stopping threads took: 0.0003592 seconds
[2019-10-14T07:23:35.035+0000][1][safepoint    ] Application time: 0.0027152 seconds
[2019-10-14T07:23:35.037+0000][1][safepoint    ] Entering safepoint region: RevokeBias
[2019-10-14T07:23:35.038+0000][1][safepoint    ] Leaving safepoint region
[2019-10-14T07:23:35.038+0000][1][safepoint    ] Total time for which application threads were stopped: 0.0006979 seconds, Stopping threads took: 0.0003628 seconds
[2019-10-14T07:23:35.038+0000][1][safepoint    ] Application time: 0.0000406 seconds
[2019-10-14T07:23:35.039+0000][1][safepoint    ] Entering safepoint region: RevokeBias
[2019-10-14T07:23:35.039+0000][1][safepoint    ] Leaving safepoint region
[2019-10-14T07:23:35.039+0000][1][safepoint    ] Total time for which application threads were stopped: 0.0004816 seconds, Stopping threads took: 0.0002021 seconds
[2019-10-14T07:23:35.039+0000][1][safepoint    ] Application time: 0.0000327 seconds
[2019-10-14T07:23:35.051+0000][1][safepoint    ] Entering safepoint region: RevokeBias
[2019-10-14T07:23:35.052+0000][1][safepoint    ] Leaving safepoint region
[2019-10-14T07:23:35.053+0000][1][safepoint    ] Total time for which application threads were stopped: 0.0012431 seconds, Stopping threads took: 0.0004661 seconds
[2019-10-14T07:23:35.058+0000][1][safepoint    ] Application time: 0.0053878 seconds
[2019-10-14T07:23:35.059+0000][1][safepoint    ] Entering safepoint region: RevokeBias
[2019-10-14T07:23:35.060+0000][1][safepoint    ] Leaving safepoint region
[2019-10-14T07:23:35.060+0000][1][safepoint    ] Total time for which application threads were stopped: 0.0005261 seconds, Stopping threads took: 0.0002436 seconds
[2019-10-14T07:23:35.060+0000][1][safepoint    ] Application time: 0.0001913 seconds
[2019-10-14T07:23:35.062+0000][1][safepoint    ] Entering safepoint region: RevokeBias
[2019-10-14T07:23:35.063+0000][1][safepoint    ] Leaving safepoint region
[2019-10-14T07:23:35.063+0000][1][safepoint    ] Total time for which application threads were stopped: 0.0005981 seconds, Stopping threads took: 0.0003246 seconds
[2019-10-14T07:23:35.069+0000][1][safepoint    ] Application time: 0.0058127 seconds
[2019-10-14T07:23:35.070+0000][1][safepoint    ] Entering safepoint region: RevokeBias
[2019-10-14T07:23:35.070+0000][1][safepoint    ] Leaving safepoint region
[2019-10-14T07:23:35.071+0000][1][safepoint    ] Total time for which application threads were stopped: 0.0010469 seconds, Stopping threads took: 0.0005882 seconds
[2019-10-14T07:23:35.206+0000][1][safepoint    ] Application time: 0.1353763 seconds
[2019-10-14T07:23:35.211+0000][1][safepoint    ] Entering safepoint region: RevokeBias
[2019-10-14T07:23:35.212+0000][1][safepoint    ] Leaving safepoint region
[2019-10-14T07:23:35.212+0000][1][safepoint    ] Total time for which application threads were stopped: 0.0053422 seconds, Stopping threads took: 0.0045971 seconds
[2019-10-14T07:23:35.230+0000][1][safepoint    ] Application time: 0.0172420 seconds
[2019-10-14T07:23:35.230+0000][1][safepoint    ] Entering safepoint region: RevokeBias
[2019-10-14T07:23:35.231+0000][1][safepoint    ] Leaving safepoint region
[2019-10-14T07:23:35.231+0000][1][safepoint    ] Total time for which application threads were stopped: 0.0008997 seconds, Stopping threads took: 0.0004480 seconds
[2019-10-14T07:23:35.232+0000][1][safepoint    ] Application time: 0.0001527 seconds
[2019-10-14T07:23:35.232+0000][1][safepoint    ] Entering safepoint region: RevokeBias
[2019-10-14T07:23:35.232+0000][1][safepoint    ] Leaving safepoint region
[2019-10-14T07:23:35.232+0000][1][safepoint    ] Total time for which application threads were stopped: 0.0006300 seconds, Stopping threads took: 0.0002932 seconds
[2019-10-14T07:23:35.233+0000][1][safepoint    ] Application time: 0.0000953 seconds
[2019-10-14T07:23:35.233+0000][1][safepoint    ] Entering safepoint region: RevokeBias
[2019-10-14T07:23:35.233+0000][1][safepoint    ] Leaving safepoint region
[2019-10-14T07:23:35.234+0000][1][safepoint    ] Total time for which application threads were stopped: 0.0005753 seconds, Stopping threads took: 0.0002646 seconds
[2019-10-14T07:23:35.234+0000][1][safepoint    ] Application time: 0.0000725 seconds
[2019-10-14T07:23:35.235+0000][1][safepoint    ] Entering safepoint region: RevokeBias
[2019-10-14T07:23:35.235+0000][1][safepoint    ] Leaving safepoint region
[2019-10-14T07:23:35.235+0000][1][safepoint    ] Total time for which application threads were stopped: 0.0011846 seconds, Stopping threads took: 0.0007892 seconds
[2019-10-14T07:23:35.236+0000][1][safepoint    ] Application time: 0.0000532 seconds
[2019-10-14T07:23:35.236+0000][1][safepoint    ] Entering safepoint region: RevokeBias
[2019-10-14T07:23:35.236+0000][1][safepoint    ] Leaving safepoint region
[2019-10-14T07:23:35.237+0000][1][safepoint    ] Total time for which application threads were stopped: 0.0006132 seconds, Stopping threads took: 0.0002774 seconds
[2019-10-14T07:23:35.237+0000][1][safepoint    ] Application time: 0.0001738 seconds
[2019-10-14T07:23:35.237+0000][1][safepoint    ] Entering safepoint region: RevokeBias
[2019-10-14T07:23:35.238+0000][1][safepoint    ] Leaving safepoint region
[2019-10-14T07:23:35.238+0000][1][safepoint    ] Total time for which application threads were stopped: 0.0007160 seconds, Stopping threads took: 0.0002712 seconds
[2019-10-14T07:23:35.238+0000][1][safepoint    ] Application time: 0.0000900 seconds
[2019-10-14T07:23:35.240+0000][1][safepoint    ] Entering safepoint region: RevokeBias
[2019-10-14T07:23:35.240+0000][1][safepoint    ] Leaving safepoint region
[2019-10-14T07:23:35.240+0000][1][safepoint    ] Total time for which application threads were stopped: 0.0007610 seconds, Stopping threads took: 0.0004109 seconds
[2019-10-14T07:23:35.241+0000][1][safepoint    ] Application time: 0.0000787 seconds
[2019-10-14T07:23:35.241+0000][1][safepoint    ] Entering safepoint region: RevokeBias
[2019-10-14T07:23:35.241+0000][1][safepoint    ] Leaving safepoint region
[2019-10-14T07:23:35.241+0000][1][safepoint    ] Total time for which application threads were stopped: 0.0005662 seconds, Stopping threads took: 0.0002525 seconds
[2019-10-14T07:23:35.248+0000][1][safepoint    ] Application time: 0.0065249 seconds
[2019-10-14T07:23:35.250+0000][1][safepoint    ] Entering safepoint region: RevokeBias
[2019-10-14T07:23:35.251+0000][1][safepoint    ] Leaving safepoint region
[2019-10-14T07:23:35.252+0000][1][safepoint    ] Total time for which application threads were stopped: 0.0027416 seconds, Stopping threads took: 0.0013651 seconds
[2019-10-14T07:23:35.255+0000][1][safepoint    ] Application time: 0.0025629 seconds
[2019-10-14T07:23:35.257+0000][1][safepoint    ] Entering safepoint region: RevokeBias
[2019-10-14T07:23:35.258+0000][1][safepoint    ] Leaving safepoint region
[2019-10-14T07:23:35.258+0000][1][safepoint    ] Total time for which application threads were stopped: 0.0024214 seconds, Stopping threads took: 0.0014361 seconds
[2019-10-14T07:23:35.272+0000][1][safepoint    ] Application time: 0.0128612 seconds
[2019-10-14T07:23:35.274+0000][1][safepoint    ] Entering safepoint region: RevokeBias
[2019-10-14T07:23:35.278+0000][1][safepoint    ] Leaving safepoint region
[2019-10-14T07:23:35.280+0000][1][safepoint    ] Total time for which application threads were stopped: 0.0069770 seconds, Stopping threads took: 0.0037590 seconds
[2019-10-14T07:23:35.287+0000][1][safepoint    ] Application time: 0.0048070 seconds
[2019-10-14T07:23:35.288+0000][1][safepoint    ] Entering safepoint region: RevokeBias
[2019-10-14T07:23:35.289+0000][1][safepoint    ] Leaving safepoint region
[2019-10-14T07:23:35.290+0000][1][safepoint    ] Total time for which application threads were stopped: 0.0010265 seconds, Stopping threads took: 0.0005989 seconds
[2019-10-14T07:23:35.301+0000][1][safepoint    ] Application time: 0.0105076 seconds
[2019-10-14T07:23:35.307+0000][1][safepoint    ] Entering safepoint region: RevokeBias
[2019-10-14T07:23:35.307+0000][1][safepoint    ] Leaving safepoint region
[2019-10-14T07:23:35.307+0000][1][safepoint    ] Total time for which application threads were stopped: 0.0053198 seconds, Stopping threads took: 0.0049771 seconds
[2019-10-14T07:23:35.308+0000][1][safepoint    ] Application time: 0.0000787 seconds
[2019-10-14T07:23:35.308+0000][1][safepoint    ] Entering safepoint region: RevokeBias
[2019-10-14T07:23:35.309+0000][1][safepoint    ] Leaving safepoint region
[2019-10-14T07:23:35.309+0000][1][safepoint    ] Total time for which application threads were stopped: 0.0009219 seconds, Stopping threads took: 0.0003192 seconds
[2019-10-14T07:23:35.310+0000][1][safepoint    ] Application time: 0.0003348 seconds
[2019-10-14T07:23:35.311+0000][1][safepoint    ] Entering safepoint region: RevokeBias
[2019-10-14T07:23:35.312+0000][1][safepoint    ] Leaving safepoint region
[2019-10-14T07:23:35.313+0000][1][safepoint    ] Total time for which application threads were stopped: 0.0015197 seconds, Stopping threads took: 0.0007230 seconds
[2019-10-14T07:23:35.313+0000][1][safepoint    ] Application time: 0.0000870 seconds
[2019-10-14T07:23:35.314+0000][1][safepoint    ] Entering safepoint region: RevokeBias
[2019-10-14T07:23:35.314+0000][1][safepoint    ] Leaving safepoint region
[2019-10-14T07:23:35.315+0000][1][safepoint    ] Total time for which application threads were stopped: 0.0013354 seconds, Stopping threads took: 0.0003230 seconds
[2019-10-14T07:23:35.378+0000][1][safepoint    ] Application time: 0.0624164 seconds
[2019-10-14T07:23:35.390+0000][1][safepoint    ] Entering safepoint region: RevokeBias
[2019-10-14T07:23:35.392+0000][1][safepoint    ] Leaving safepoint region
[2019-10-14T07:23:35.392+0000][1][safepoint    ] Total time for which application threads were stopped: 0.0132822 seconds, Stopping threads took: 0.0125134 seconds
[2019-10-14T07:23:35.428+0000][1][safepoint    ] Application time: 0.0355972 seconds
[2019-10-14T07:23:35.429+0000][1][safepoint    ] Entering safepoint region: RevokeBias
[2019-10-14T07:23:35.429+0000][1][safepoint    ] Leaving safepoint region
[2019-10-14T07:23:35.429+0000][1][safepoint    ] Total time for which application threads were stopped: 0.0006805 seconds, Stopping threads took: 0.0003188 seconds
[2019-10-14T07:23:35.432+0000][1][safepoint    ] Application time: 0.0022873 seconds
[2019-10-14T07:23:35.432+0000][1][safepoint    ] Entering safepoint region: RevokeBias
[2019-10-14T07:23:35.433+0000][1][safepoint    ] Leaving safepoint region
[2019-10-14T07:23:35.433+0000][1][safepoint    ] Total time for which application threads were stopped: 0.0006455 seconds, Stopping threads took: 0.0003409 seconds
[2019-10-14T07:23:35.434+0000][1][safepoint    ] Application time: 0.0003424 seconds
[2019-10-14T07:23:35.434+0000][1][safepoint    ] Entering safepoint region: RevokeBias
[2019-10-14T07:23:35.434+0000][1][safepoint    ] Leaving safepoint region
[2019-10-14T07:23:35.434+0000][1][safepoint    ] Total time for which application threads were stopped: 0.0005936 seconds, Stopping threads took: 0.0002423 seconds
[2019-10-14T07:23:35.436+0000][1][safepoint    ] Application time: 0.0017154 seconds
[2019-10-14T07:23:35.437+0000][1][safepoint    ] Entering safepoint region: RevokeBias
[2019-10-14T07:23:35.437+0000][1][safepoint    ] Leaving safepoint region
[2019-10-14T07:23:35.438+0000][1][safepoint    ] Total time for which application threads were stopped: 0.0008916 seconds, Stopping threads took: 0.0005378 seconds
[2019-10-14T07:23:35.439+0000][1][safepoint    ] Application time: 0.0010792 seconds
[2019-10-14T07:23:35.440+0000][1][safepoint    ] Entering safepoint region: RevokeBias
[2019-10-14T07:23:35.440+0000][1][safepoint    ] Leaving safepoint region
[2019-10-14T07:23:35.440+0000][1][safepoint    ] Total time for which application threads were stopped: 0.0008552 seconds, Stopping threads took: 0.0004837 seconds
[2019-10-14T07:23:35.456+0000][1][safepoint    ] Application time: 0.0156279 seconds
[2019-10-14T07:23:35.462+0000][1][safepoint    ] Entering safepoint region: RevokeBias
[2019-10-14T07:23:35.462+0000][1][safepoint    ] Leaving safepoint region
[2019-10-14T07:23:35.463+0000][1][safepoint    ] Total time for which application threads were stopped: 0.0010298 seconds, Stopping threads took: 0.0005623 seconds
[2019-10-14T07:23:35.465+0000][1][safepoint    ] Application time: 0.0013858 seconds
[2019-10-14T07:23:35.468+0000][1][safepoint    ] Entering safepoint region: RevokeBias
[2019-10-14T07:23:35.469+0000][1][safepoint    ] Leaving safepoint region
[2019-10-14T07:23:35.469+0000][1][safepoint    ] Total time for which application threads were stopped: 0.0037656 seconds, Stopping threads took: 0.0034474 seconds
[2019-10-14T07:23:35.472+0000][1][safepoint    ] Application time: 0.0024643 seconds
[2019-10-14T07:23:35.472+0000][1][safepoint    ] Entering safepoint region: RevokeBias
[2019-10-14T07:23:35.472+0000][1][safepoint    ] Leaving safepoint region
[2019-10-14T07:23:35.473+0000][1][safepoint    ] Total time for which application threads were stopped: 0.0006025 seconds, Stopping threads took: 0.0002989 seconds
[2019-10-14T07:23:35.473+0000][1][safepoint    ] Application time: 0.0000793 seconds
[2019-10-14T07:23:35.476+0000][1][safepoint    ] Entering safepoint region: RevokeBias
[2019-10-14T07:23:35.476+0000][1][safepoint    ] Leaving safepoint region
[2019-10-14T07:23:35.476+0000][1][safepoint    ] Total time for which application threads were stopped: 0.0031260 seconds, Stopping threads took: 0.0027511 seconds
[2019-10-14T07:23:35.477+0000][1][safepoint    ] Application time: 0.0000687 seconds
[2019-10-14T07:23:35.477+0000][1][safepoint    ] Entering safepoint region: RevokeBias
[2019-10-14T07:23:35.478+0000][1][safepoint    ] Leaving safepoint region
[2019-10-14T07:23:35.478+0000][1][safepoint    ] Total time for which application threads were stopped: 0.0006488 seconds, Stopping threads took: 0.0003766 seconds
[2019-10-14T07:23:35.478+0000][1][safepoint    ] Application time: 0.0002439 seconds
[2019-10-14T07:23:35.482+0000][1][safepoint    ] Entering safepoint region: RevokeBias
[2019-10-14T07:23:35.483+0000][1][safepoint    ] Leaving safepoint region
[2019-10-14T07:23:35.483+0000][1][safepoint    ] Total time for which application threads were stopped: 0.0040717 seconds, Stopping threads took: 0.0037348 seconds
[2019-10-14T07:23:35.484+0000][1][safepoint    ] Application time: 0.0007919 seconds
[2019-10-14T07:23:35.491+0000][1][safepoint    ] Entering safepoint region: BulkRevokeBias
[2019-10-14T07:23:35.493+0000][1][safepoint    ] Leaving safepoint region
[2019-10-14T07:23:35.493+0000][1][safepoint    ] Total time for which application threads were stopped: 0.0085649 seconds, Stopping threads took: 0.0077208 seconds
[2019-10-14T07:23:35.515+0000][1][safepoint    ] Application time: 0.0212929 seconds
[2019-10-14T07:23:35.523+0000][1][safepoint    ] Entering safepoint region: RevokeBias
[2019-10-14T07:23:35.524+0000][1][safepoint    ] Leaving safepoint region
[2019-10-14T07:23:35.524+0000][1][safepoint    ] Total time for which application threads were stopped: 0.0076248 seconds, Stopping threads took: 0.0072888 seconds
[2019-10-14T07:23:35.532+0000][1][safepoint    ] Application time: 0.0075605 seconds
[2019-10-14T07:23:35.533+0000][1][safepoint    ] Entering safepoint region: RevokeBias
[2019-10-14T07:23:35.536+0000][1][safepoint    ] Leaving safepoint region
[2019-10-14T07:23:35.536+0000][1][safepoint    ] Total time for which application threads were stopped: 0.0030063 seconds, Stopping threads took: 0.0024329 seconds
[2019-10-14T07:23:35.547+0000][1][safepoint    ] Application time: 0.0109406 seconds
[2019-10-14T07:23:35.556+0000][1][safepoint    ] Entering safepoint region: Deoptimize
[2019-10-14T07:23:35.557+0000][1][safepoint    ] Leaving safepoint region
[2019-10-14T07:23:35.557+0000][1][safepoint    ] Total time for which application threads were stopped: 0.0048375 seconds, Stopping threads took: 0.0040712 seconds
[2019-10-14T07:23:35.588+0000][1][safepoint    ] Application time: 0.0303895 seconds
[2019-10-14T07:23:35.588+0000][1][safepoint    ] Entering safepoint region: RevokeBias
[2019-10-14T07:23:35.589+0000][1][safepoint    ] Leaving safepoint region
[2019-10-14T07:23:35.589+0000][1][safepoint    ] Total time for which application threads were stopped: 0.0006353 seconds, Stopping threads took: 0.0002455 seconds
[2019-10-14T07:23:35.592+0000][1][safepoint    ] Application time: 0.0028880 seconds
[2019-10-14T07:23:35.593+0000][1][safepoint    ] Entering safepoint region: RevokeBias
[2019-10-14T07:23:35.593+0000][1][safepoint    ] Leaving safepoint region
[2019-10-14T07:23:35.594+0000][1][safepoint    ] Total time for which application threads were stopped: 0.0010847 seconds, Stopping threads took: 0.0007144 seconds
[2019-10-14T07:23:35.597+0000][1][safepoint    ] Application time: 0.0030717 seconds
[2019-10-14T07:23:35.597+0000][1][safepoint    ] Entering safepoint region: RevokeBias
[2019-10-14T07:23:35.598+0000][1][safepoint    ] Leaving safepoint region
[2019-10-14T07:23:35.598+0000][1][safepoint    ] Total time for which application threads were stopped: 0.0005631 seconds, Stopping threads took: 0.0002808 seconds
[2019-10-14T07:23:35.603+0000][1][safepoint    ] Application time: 0.0045220 seconds
[2019-10-14T07:23:35.603+0000][1][safepoint    ] Entering safepoint region: RevokeBias
[2019-10-14T07:23:35.604+0000][1][safepoint    ] Leaving safepoint region
[2019-10-14T07:23:35.604+0000][1][safepoint    ] Total time for which application threads were stopped: 0.0006494 seconds, Stopping threads took: 0.0003547 seconds
[2019-10-14T07:23:35.647+0000][1][safepoint    ] Application time: 0.0422768 seconds
[2019-10-14T07:23:35.649+0000][1][safepoint    ] Entering safepoint region: RevokeBias
[2019-10-14T07:23:35.650+0000][1][safepoint    ] Leaving safepoint region
[2019-10-14T07:23:35.650+0000][1][safepoint    ] Total time for which application threads were stopped: 0.0011321 seconds, Stopping threads took: 0.0004394 seconds
[2019-10-14T07:23:35.652+0000][1][safepoint    ] Application time: 0.0014549 seconds
[2019-10-14T07:23:35.653+0000][1][safepoint    ] Entering safepoint region: RevokeBias
[2019-10-14T07:23:35.655+0000][1][safepoint    ] Leaving safepoint region
[2019-10-14T07:23:35.656+0000][1][safepoint    ] Total time for which application threads were stopped: 0.0017069 seconds, Stopping threads took: 0.0014069 seconds
[2019-10-14T07:23:35.656+0000][1][safepoint    ] Application time: 0.0003557 seconds
[2019-10-14T07:23:35.657+0000][1][safepoint    ] Entering safepoint region: RevokeBias
[2019-10-14T07:23:35.657+0000][1][safepoint    ] Leaving safepoint region
[2019-10-14T07:23:35.660+0000][1][safepoint    ] Total time for which application threads were stopped: 0.0007837 seconds, Stopping threads took: 0.0005192 seconds
[2019-10-14T07:23:35.661+0000][1][safepoint    ] Application time: 0.0005897 seconds
[2019-10-14T07:23:35.661+0000][1][safepoint    ] Entering safepoint region: RevokeBias
[2019-10-14T07:23:35.662+0000][1][safepoint    ] Leaving safepoint region
[2019-10-14T07:23:35.662+0000][1][safepoint    ] Total time for which application threads were stopped: 0.0007266 seconds, Stopping threads took: 0.0003672 seconds
[2019-10-14T07:23:35.664+0000][1][safepoint    ] Application time: 0.0016688 seconds
[2019-10-14T07:23:35.665+0000][1][safepoint    ] Entering safepoint region: RevokeBias
[2019-10-14T07:23:35.666+0000][1][safepoint    ] Leaving safepoint region
[2019-10-14T07:23:35.666+0000][1][safepoint    ] Total time for which application threads were stopped: 0.0007190 seconds, Stopping threads took: 0.0003518 seconds
[2019-10-14T07:23:35.667+0000][1][safepoint    ] Application time: 0.0011033 seconds
[2019-10-14T07:23:35.668+0000][1][safepoint    ] Entering safepoint region: RevokeBias
[2019-10-14T07:23:35.668+0000][1][safepoint    ] Leaving safepoint region
[2019-10-14T07:23:35.668+0000][1][safepoint    ] Total time for which application threads were stopped: 0.0007719 seconds, Stopping threads took: 0.0004453 seconds
[2019-10-14T07:23:35.673+0000][1][safepoint    ] Application time: 0.0047535 seconds
[2019-10-14T07:23:35.674+0000][1][safepoint    ] Entering safepoint region: RevokeBias
[2019-10-14T07:23:35.674+0000][1][safepoint    ] Leaving safepoint region
[2019-10-14T07:23:35.675+0000][1][safepoint    ] Total time for which application threads were stopped: 0.0007010 seconds, Stopping threads took: 0.0004194 seconds
[2019-10-14T07:23:35.675+0000][1][safepoint    ] Application time: 0.0003498 seconds
[2019-10-14T07:23:35.676+0000][1][safepoint    ] Entering safepoint region: RevokeBias
[2019-10-14T07:23:35.676+0000][1][safepoint    ] Leaving safepoint region
[2019-10-14T07:23:35.676+0000][1][safepoint    ] Total time for which application threads were stopped: 0.0007023 seconds, Stopping threads took: 0.0004254 seconds
[2019-10-14T07:23:35.691+0000][1][safepoint    ] Application time: 0.0142952 seconds
[2019-10-14T07:23:35.691+0000][1][safepoint    ] Entering safepoint region: RevokeBias
[2019-10-14T07:23:35.692+0000][1][safepoint    ] Leaving safepoint region
[2019-10-14T07:23:35.692+0000][1][safepoint    ] Total time for which application threads were stopped: 0.0006219 seconds, Stopping threads took: 0.0003308 seconds
[2019-10-14T07:23:35.693+0000][1][safepoint    ] Application time: 0.0009983 seconds
[2019-10-14T07:23:35.694+0000][1][safepoint    ] Entering safepoint region: RevokeBias
[2019-10-14T07:23:35.694+0000][1][safepoint    ] Leaving safepoint region
[2019-10-14T07:23:35.694+0000][1][safepoint    ] Total time for which application threads were stopped: 0.0009530 seconds, Stopping threads took: 0.0005697 seconds
[2019-10-14T07:23:35.695+0000][1][safepoint    ] Application time: 0.0001252 seconds
[2019-10-14T07:23:35.697+0000][1][safepoint    ] Entering safepoint region: RevokeBias
[2019-10-14T07:23:35.698+0000][1][safepoint    ] Leaving safepoint region
[2019-10-14T07:23:35.698+0000][1][safepoint    ] Total time for which application threads were stopped: 0.0025639 seconds, Stopping threads took: 0.0015013 seconds
[2019-10-14T07:23:35.777+0000][1][safepoint    ] Application time: 0.0778930 seconds
[2019-10-14T07:23:35.777+0000][1][safepoint    ] Entering safepoint region: RevokeBias
[2019-10-14T07:23:35.778+0000][1][safepoint    ] Leaving safepoint region
[2019-10-14T07:23:35.778+0000][1][safepoint    ] Total time for which application threads were stopped: 0.0006725 seconds, Stopping threads took: 0.0002952 seconds
[2019-10-14T07:23:35.788+0000][1][safepoint    ] Application time: 0.0103456 seconds
[2019-10-14T07:23:35.789+0000][1][safepoint    ] Entering safepoint region: RevokeBias
[2019-10-14T07:23:35.789+0000][1][safepoint    ] Leaving safepoint region
[2019-10-14T07:23:35.789+0000][1][safepoint    ] Total time for which application threads were stopped: 0.0005278 seconds, Stopping threads took: 0.0002645 seconds
[2019-10-14T07:23:35.794+0000][1][safepoint    ] Application time: 0.0048810 seconds
[2019-10-14T07:23:35.795+0000][1][safepoint    ] Entering safepoint region: RevokeBias
[2019-10-14T07:23:35.795+0000][1][safepoint    ] Leaving safepoint region
[2019-10-14T07:23:35.796+0000][1][safepoint    ] Total time for which application threads were stopped: 0.0008511 seconds, Stopping threads took: 0.0003605 seconds
[2019-10-14T07:23:35.801+0000][1][safepoint    ] Application time: 0.0053671 seconds
[2019-10-14T07:23:35.802+0000][1][safepoint    ] Entering safepoint region: RevokeBias
[2019-10-14T07:23:35.802+0000][1][safepoint    ] Leaving safepoint region
[2019-10-14T07:23:35.802+0000][1][safepoint    ] Total time for which application threads were stopped: 0.0005102 seconds, Stopping threads took: 0.0002424 seconds
[2019-10-14T07:23:35.831+0000][1][safepoint    ] Application time: 0.0285228 seconds
[2019-10-14T07:23:35.833+0000][1][safepoint    ] Entering safepoint region: Deoptimize
[2019-10-14T07:23:35.834+0000][1][safepoint    ] Leaving safepoint region
[2019-10-14T07:23:35.834+0000][1][safepoint    ] Total time for which application threads were stopped: 0.0016767 seconds, Stopping threads took: 0.0009015 seconds
[2019-10-14T07:23:35.841+0000][1][safepoint    ] Application time: 0.0068682 seconds
[2019-10-14T07:23:35.842+0000][1][safepoint    ] Entering safepoint region: RevokeBias
[2019-10-14T07:23:35.842+0000][1][safepoint    ] Leaving safepoint region
[2019-10-14T07:23:35.842+0000][1][safepoint    ] Total time for which application threads were stopped: 0.0006025 seconds, Stopping threads took: 0.0003275 seconds
[2019-10-14T07:23:35.868+0000][1][safepoint    ] Application time: 0.0256576 seconds
[2019-10-14T07:23:35.872+0000][1][safepoint    ] Entering safepoint region: RevokeBias
[2019-10-14T07:23:35.872+0000][1][safepoint    ] Leaving safepoint region
[2019-10-14T07:23:35.872+0000][1][safepoint    ] Total time for which application threads were stopped: 0.0037098 seconds, Stopping threads took: 0.0033141 seconds
[2019-10-14T07:23:35.873+0000][1][safepoint    ] Application time: 0.0000818 seconds
[2019-10-14T07:23:35.873+0000][1][safepoint    ] Entering safepoint region: RevokeBias
[2019-10-14T07:23:35.873+0000][1][safepoint    ] Leaving safepoint region
[2019-10-14T07:23:35.874+0000][1][safepoint    ] Total time for which application threads were stopped: 0.0005894 seconds, Stopping threads took: 0.0002631 seconds
[2019-10-14T07:23:35.943+0000][1][safepoint    ] Application time: 0.0685669 seconds
[2019-10-14T07:23:35.946+0000][1][safepoint    ] Entering safepoint region: RevokeBias
[2019-10-14T07:23:35.947+0000][1][safepoint    ] Leaving safepoint region
[2019-10-14T07:23:35.947+0000][1][safepoint    ] Total time for which application threads were stopped: 0.0039564 seconds, Stopping threads took: 0.0036025 seconds
[2019-10-14T07:23:35.967+0000][1][safepoint    ] Application time: 0.0200486 seconds
[2019-10-14T07:23:35.968+0000][1][safepoint    ] Entering safepoint region: GenCollectForAllocation
[2019-10-14T07:23:35.968+0000][1][gc,start     ] GC(22) Pause Young (Allocation Failure)
[2019-10-14T07:23:35.968+0000][1][gc,task      ] GC(22) Using 2 workers of 2 for evacuation
[2019-10-14T07:23:35.997+0000][1][gc,age       ] GC(22) Desired survivor size 4456448 bytes, new threshold 2 (max threshold 6)
[2019-10-14T07:23:35.998+0000][1][gc,age       ] GC(22) Age table with threshold 2 (max threshold 6)
[2019-10-14T07:23:35.998+0000][1][gc,age       ] GC(22) - age   1:    2848008 bytes,    2848008 total
[2019-10-14T07:23:35.998+0000][1][gc,age       ] GC(22) - age   2:    3354992 bytes,    6203000 total
[2019-10-14T07:23:35.999+0000][1][gc,heap      ] GC(22) ParNew: 78656K->8704K(78656K)
[2019-10-14T07:23:35.999+0000][1][gc,heap      ] GC(22) CMS: 59870K->63994K(174784K)
[2019-10-14T07:23:35.999+0000][1][gc,metaspace ] GC(22) Metaspace: 66968K->66968K(1110016K)
[2019-10-14T07:23:35.999+0000][1][gc           ] GC(22) Pause Young (Allocation Failure) 135M->70M(247M) 31.498ms
[2019-10-14T07:23:36.000+0000][1][gc,cpu       ] GC(22) User=0.04s Sys=0.00s Real=0.03s
[2019-10-14T07:23:36.000+0000][1][safepoint    ] Leaving safepoint region
[2019-10-14T07:23:36.000+0000][1][safepoint    ] Total time for which application threads were stopped: 0.0328918 seconds, Stopping threads took: 0.0002599 seconds
[2019-10-14T07:23:36.030+0000][1][safepoint    ] Application time: 0.0293320 seconds
[2019-10-14T07:23:36.032+0000][1][safepoint    ] Entering safepoint region: RevokeBias
[2019-10-14T07:23:36.033+0000][1][safepoint    ] Leaving safepoint region
[2019-10-14T07:23:36.033+0000][1][safepoint    ] Total time for which application threads were stopped: 0.0012479 seconds, Stopping threads took: 0.0008057 seconds
[2019-10-14T07:23:36.034+0000][1][safepoint    ] Application time: 0.0002088 seconds
[2019-10-14T07:23:36.034+0000][1][safepoint    ] Entering safepoint region: RevokeBias
[2019-10-14T07:23:36.035+0000][1][safepoint    ] Leaving safepoint region
[2019-10-14T07:23:36.035+0000][1][safepoint    ] Total time for which application threads were stopped: 0.0007422 seconds, Stopping threads took: 0.0002979 seconds
[2019-10-14T07:23:36.035+0000][1][safepoint    ] Application time: 0.0001070 seconds
[2019-10-14T07:23:36.036+0000][1][safepoint    ] Entering safepoint region: RevokeBias
[2019-10-14T07:23:36.036+0000][1][safepoint    ] Leaving safepoint region
[2019-10-14T07:23:36.037+0000][1][safepoint    ] Total time for which application threads were stopped: 0.0009434 seconds, Stopping threads took: 0.0005247 seconds
[2019-10-14T07:23:36.037+0000][1][safepoint    ] Application time: 0.0002766 seconds
[2019-10-14T07:23:36.038+0000][1][safepoint    ] Entering safepoint region: RevokeBias
[2019-10-14T07:23:36.038+0000][1][safepoint    ] Leaving safepoint region
[2019-10-14T07:23:36.038+0000][1][safepoint    ] Total time for which application threads were stopped: 0.0007175 seconds, Stopping threads took: 0.0004431 seconds
[2019-10-14T07:23:36.071+0000][1][safepoint    ] Application time: 0.0323619 seconds
[2019-10-14T07:23:36.072+0000][1][safepoint    ] Entering safepoint region: RevokeBias
[2019-10-14T07:23:36.073+0000][1][safepoint    ] Leaving safepoint region
[2019-10-14T07:23:36.073+0000][1][safepoint    ] Total time for which application threads were stopped: 0.0006708 seconds, Stopping threads took: 0.0003411 seconds
[2019-10-14T07:23:36.073+0000][1][safepoint    ] Application time: 0.0000989 seconds
[2019-10-14T07:23:36.073+0000][1][safepoint    ] Entering safepoint region: BulkRevokeBias
[2019-10-14T07:23:36.074+0000][1][safepoint    ] Leaving safepoint region
[2019-10-14T07:23:36.074+0000][1][safepoint    ] Total time for which application threads were stopped: 0.0007293 seconds, Stopping threads took: 0.0002333 seconds
[2019-10-14T07:23:36.074+0000][1][safepoint    ] Application time: 0.0000559 seconds
[2019-10-14T07:23:36.075+0000][1][safepoint    ] Entering safepoint region: RevokeBias
[2019-10-14T07:23:36.075+0000][1][safepoint    ] Leaving safepoint region
[2019-10-14T07:23:36.075+0000][1][safepoint    ] Total time for which application threads were stopped: 0.0004597 seconds, Stopping threads took: 0.0002377 seconds
[2019-10-14T07:23:36.076+0000][1][safepoint    ] Application time: 0.0001927 seconds
[2019-10-14T07:23:36.076+0000][1][safepoint    ] Entering safepoint region: RevokeBias
[2019-10-14T07:23:36.076+0000][1][safepoint    ] Leaving safepoint region
[2019-10-14T07:23:36.076+0000][1][safepoint    ] Total time for which application threads were stopped: 0.0005033 seconds, Stopping threads took: 0.0002386 seconds
[2019-10-14T07:23:36.224+0000][1][safepoint    ] Application time: 0.1476530 seconds
[2019-10-14T07:23:36.225+0000][1][safepoint    ] Entering safepoint region: RevokeBias
[2019-10-14T07:23:36.225+0000][1][safepoint    ] Leaving safepoint region
[2019-10-14T07:23:36.225+0000][1][safepoint    ] Total time for which application threads were stopped: 0.0007422 seconds, Stopping threads took: 0.0002624 seconds
[2019-10-14T07:23:36.302+0000][1][safepoint    ] Application time: 0.0758111 seconds
[2019-10-14T07:23:36.302+0000][1][safepoint    ] Entering safepoint region: RevokeBias
[2019-10-14T07:23:36.302+0000][1][safepoint    ] Leaving safepoint region
[2019-10-14T07:23:36.304+0000][1][safepoint    ] Total time for which application threads were stopped: 0.0020334 seconds, Stopping threads took: 0.0002366 seconds
[2019-10-14T07:23:36.400+0000][1][safepoint    ] Application time: 0.0957882 seconds
[2019-10-14T07:23:36.400+0000][1][safepoint    ] Entering safepoint region: RevokeBias
[2019-10-14T07:23:36.401+0000][1][safepoint    ] Leaving safepoint region
[2019-10-14T07:23:36.401+0000][1][safepoint    ] Total time for which application threads were stopped: 0.0006378 seconds, Stopping threads took: 0.0002833 seconds
[2019-10-14T07:23:36.499+0000][1][safepoint    ] Application time: 0.0976563 seconds
[2019-10-14T07:23:36.500+0000][1][safepoint    ] Entering safepoint region: RevokeBias
[2019-10-14T07:23:36.500+0000][1][safepoint    ] Leaving safepoint region
[2019-10-14T07:23:36.500+0000][1][safepoint    ] Total time for which application threads were stopped: 0.0006932 seconds, Stopping threads took: 0.0003940 seconds
[2019-10-14T07:23:36.693+0000][1][safepoint    ] Application time: 0.1921708 seconds
[2019-10-14T07:23:36.693+0000][1][safepoint    ] Entering safepoint region: RevokeBias
[2019-10-14T07:23:36.693+0000][1][safepoint    ] Leaving safepoint region
[2019-10-14T07:23:36.694+0000][1][safepoint    ] Total time for which application threads were stopped: 0.0006142 seconds, Stopping threads took: 0.0002630 seconds
[2019-10-14T07:23:36.807+0000][1][safepoint    ] Application time: 0.1137246 seconds
[2019-10-14T07:23:36.808+0000][1][safepoint    ] Entering safepoint region: RevokeBias
[2019-10-14T07:23:36.808+0000][1][safepoint    ] Leaving safepoint region
[2019-10-14T07:23:36.808+0000][1][safepoint    ] Total time for which application threads were stopped: 0.0005720 seconds, Stopping threads took: 0.0002979 seconds
[2019-10-14T07:23:36.897+0000][1][safepoint    ] Application time: 0.0881874 seconds
[2019-10-14T07:23:36.897+0000][1][safepoint    ] Entering safepoint region: RevokeBias
[2019-10-14T07:23:36.897+0000][1][safepoint    ] Leaving safepoint region
[2019-10-14T07:23:36.898+0000][1][safepoint    ] Total time for which application threads were stopped: 0.0005064 seconds, Stopping threads took: 0.0002250 seconds
[2019-10-14T07:23:37.088+0000][1][safepoint    ] Application time: 0.1902816 seconds
[2019-10-14T07:23:37.089+0000][1][safepoint    ] Entering safepoint region: RevokeBias
[2019-10-14T07:23:37.089+0000][1][safepoint    ] Leaving safepoint region
[2019-10-14T07:23:37.089+0000][1][safepoint    ] Total time for which application threads were stopped: 0.0005399 seconds, Stopping threads took: 0.0002486 seconds
[2019-10-14T07:23:37.228+0000][1][safepoint    ] Application time: 0.1389889 seconds
[2019-10-14T07:23:37.229+0000][1][safepoint    ] Entering safepoint region: RevokeBias
[2019-10-14T07:23:37.229+0000][1][safepoint    ] Leaving safepoint region
[2019-10-14T07:23:37.232+0000][1][safepoint    ] Total time for which application threads were stopped: 0.0030473 seconds, Stopping threads took: 0.0003489 seconds
[2019-10-14T07:23:37.232+0000][1][safepoint    ] Application time: 0.0001710 seconds
[2019-10-14T07:23:37.233+0000][1][safepoint    ] Entering safepoint region: RevokeBias
[2019-10-14T07:23:37.233+0000][1][safepoint    ] Leaving safepoint region
[2019-10-14T07:23:37.234+0000][1][safepoint    ] Total time for which application threads were stopped: 0.0014228 seconds, Stopping threads took: 0.0003081 seconds
[2019-10-14T07:23:37.235+0000][1][safepoint    ] Application time: 0.0004101 seconds
[2019-10-14T07:23:37.235+0000][1][safepoint    ] Entering safepoint region: RevokeBias
[2019-10-14T07:23:37.236+0000][1][safepoint    ] Leaving safepoint region
[2019-10-14T07:23:37.237+0000][1][safepoint    ] Total time for which application threads were stopped: 0.0006917 seconds, Stopping threads took: 0.0003839 seconds
[2019-10-14T07:23:37.237+0000][1][safepoint    ] Application time: 0.0001286 seconds
[2019-10-14T07:23:37.237+0000][1][safepoint    ] Entering safepoint region: RevokeBias
[2019-10-14T07:23:37.238+0000][1][safepoint    ] Leaving safepoint region
[2019-10-14T07:23:37.238+0000][1][safepoint    ] Total time for which application threads were stopped: 0.0007489 seconds, Stopping threads took: 0.0003776 seconds
[2019-10-14T07:23:37.239+0000][1][safepoint    ] Application time: 0.0001054 seconds
[2019-10-14T07:23:37.239+0000][1][safepoint    ] Entering safepoint region: RevokeBias
[2019-10-14T07:23:37.240+0000][1][safepoint    ] Leaving safepoint region
[2019-10-14T07:23:37.240+0000][1][safepoint    ] Total time for which application threads were stopped: 0.0005357 seconds, Stopping threads took: 0.0002616 seconds
[2019-10-14T07:23:37.240+0000][1][safepoint    ] Application time: 0.0002273 seconds
[2019-10-14T07:23:37.241+0000][1][safepoint    ] Entering safepoint region: RevokeBias
[2019-10-14T07:23:37.241+0000][1][safepoint    ] Leaving safepoint region
[2019-10-14T07:23:37.241+0000][1][safepoint    ] Total time for which application threads were stopped: 0.0005773 seconds, Stopping threads took: 0.0002466 seconds
[2019-10-14T07:23:37.242+0000][1][safepoint    ] Application time: 0.0001345 seconds
[2019-10-14T07:23:37.242+0000][1][safepoint    ] Entering safepoint region: RevokeBias
[2019-10-14T07:23:37.242+0000][1][safepoint    ] Leaving safepoint region
[2019-10-14T07:23:37.243+0000][1][safepoint    ] Total time for which application threads were stopped: 0.0006745 seconds, Stopping threads took: 0.0003174 seconds
[2019-10-14T07:23:37.243+0000][1][safepoint    ] Application time: 0.0001734 seconds
[2019-10-14T07:23:37.243+0000][1][safepoint    ] Entering safepoint region: RevokeBias
[2019-10-14T07:23:37.244+0000][1][safepoint    ] Leaving safepoint region
[2019-10-14T07:23:37.244+0000][1][safepoint    ] Total time for which application threads were stopped: 0.0007043 seconds, Stopping threads took: 0.0002893 seconds
[2019-10-14T07:23:37.374+0000][1][safepoint    ] Application time: 0.1294448 seconds
[2019-10-14T07:23:37.374+0000][1][safepoint    ] Entering safepoint region: RevokeBias
[2019-10-14T07:23:37.375+0000][1][safepoint    ] Leaving safepoint region
[2019-10-14T07:23:37.375+0000][1][safepoint    ] Total time for which application threads were stopped: 0.0007315 seconds, Stopping threads took: 0.0003516 seconds
[2019-10-14T07:23:37.387+0000][1][safepoint    ] Application time: 0.0110828 seconds
[2019-10-14T07:23:37.387+0000][1][safepoint    ] Entering safepoint region: RevokeBias
[2019-10-14T07:23:37.387+0000][1][safepoint    ] Leaving safepoint region
[2019-10-14T07:23:37.388+0000][1][safepoint    ] Total time for which application threads were stopped: 0.0007951 seconds, Stopping threads took: 0.0003886 seconds
[2019-10-14T07:23:37.486+0000][1][safepoint    ] Application time: 0.0980982 seconds
[2019-10-14T07:23:37.487+0000][1][safepoint    ] Entering safepoint region: RevokeBias
[2019-10-14T07:23:37.487+0000][1][safepoint    ] Leaving safepoint region
[2019-10-14T07:23:37.488+0000][1][safepoint    ] Total time for which application threads were stopped: 0.0009235 seconds, Stopping threads took: 0.0004632 seconds
[2019-10-14T07:23:38.490+0000][1][safepoint    ] Application time: 1.0016835 seconds
[2019-10-14T07:23:38.490+0000][1][safepoint    ] Entering safepoint region: Cleanup
[2019-10-14T07:23:38.491+0000][1][safepoint    ] Leaving safepoint region
[2019-10-14T07:23:38.491+0000][1][safepoint    ] Total time for which application threads were stopped: 0.0007730 seconds, Stopping threads took: 0.0004313 seconds
[2019-10-14T07:23:39.291+0000][1][safepoint    ] Application time: 0.7994487 seconds
[2019-10-14T07:23:39.291+0000][1][safepoint    ] Entering safepoint region: BulkRevokeBias
[2019-10-14T07:23:39.292+0000][1][safepoint    ] Leaving safepoint region
[2019-10-14T07:23:39.292+0000][1][safepoint    ] Total time for which application threads were stopped: 0.0008606 seconds, Stopping threads took: 0.0002628 seconds
[2019-10-14T07:23:40.293+0000][1][safepoint    ] Application time: 1.0005616 seconds
[2019-10-14T07:23:40.293+0000][1][safepoint    ] Entering safepoint region: Cleanup
[2019-10-14T07:23:40.294+0000][1][safepoint    ] Leaving safepoint region
[2019-10-14T07:23:40.294+0000][1][safepoint    ] Total time for which application threads were stopped: 0.0006474 seconds, Stopping threads took: 0.0003183 seconds
[2019-10-14T07:23:42.295+0000][1][safepoint    ] Application time: 2.0010506 seconds
[2019-10-14T07:23:42.296+0000][1][safepoint    ] Entering safepoint region: Cleanup
[2019-10-14T07:23:42.296+0000][1][safepoint    ] Leaving safepoint region
[2019-10-14T07:23:42.297+0000][1][safepoint    ] Total time for which application threads were stopped: 0.0008722 seconds, Stopping threads took: 0.0004610 seconds
[2019-10-14T07:23:44.125+0000][1][safepoint    ] Application time: 1.8285735 seconds
[2019-10-14T07:23:44.128+0000][1][safepoint    ] Entering safepoint region: RevokeBias
[2019-10-14T07:23:44.135+0000][1][safepoint    ] Leaving safepoint region
[2019-10-14T07:23:44.137+0000][1][safepoint    ] Total time for which application threads were stopped: 0.0089088 seconds, Stopping threads took: 0.0069744 seconds
[2019-10-14T07:23:44.139+0000][1][safepoint    ] Application time: 0.0019498 seconds
[2019-10-14T07:23:44.140+0000][1][safepoint    ] Entering safepoint region: RevokeBias
[2019-10-14T07:23:44.140+0000][1][safepoint    ] Leaving safepoint region
[2019-10-14T07:23:44.140+0000][1][safepoint    ] Total time for which application threads were stopped: 0.0006637 seconds, Stopping threads took: 0.0002953 seconds
[2019-10-14T07:23:44.148+0000][1][safepoint    ] Application time: 0.0073781 seconds
[2019-10-14T07:23:44.149+0000][1][safepoint    ] Entering safepoint region: RevokeBias
[2019-10-14T07:23:44.149+0000][1][safepoint    ] Leaving safepoint region
[2019-10-14T07:23:44.150+0000][1][safepoint    ] Total time for which application threads were stopped: 0.0009263 seconds, Stopping threads took: 0.0004931 seconds
[2019-10-14T07:23:44.222+0000][1][safepoint    ] Application time: 0.0719718 seconds
[2019-10-14T07:23:44.223+0000][1][safepoint    ] Entering safepoint region: RevokeBias
[2019-10-14T07:23:44.223+0000][1][safepoint    ] Leaving safepoint region
[2019-10-14T07:23:44.223+0000][1][safepoint    ] Total time for which application threads were stopped: 0.0006188 seconds, Stopping threads took: 0.0002840 seconds
[2019-10-14T07:23:44.243+0000][1][safepoint    ] Application time: 0.0198008 seconds
[2019-10-14T07:23:44.244+0000][1][safepoint    ] Entering safepoint region: RevokeBias
[2019-10-14T07:23:44.245+0000][1][safepoint    ] Leaving safepoint region
[2019-10-14T07:23:44.245+0000][1][safepoint    ] Total time for which application threads were stopped: 0.0010182 seconds, Stopping threads took: 0.0004990 seconds
[2019-10-14T07:23:44.246+0000][1][safepoint    ] Application time: 0.0004720 seconds
[2019-10-14T07:23:44.246+0000][1][safepoint    ] Entering safepoint region: RevokeBias
[2019-10-14T07:23:44.247+0000][1][safepoint    ] Leaving safepoint region
[2019-10-14T07:23:44.247+0000][1][safepoint    ] Total time for which application threads were stopped: 0.0008653 seconds, Stopping threads took: 0.0004329 seconds
[2019-10-14T07:23:44.267+0000][1][safepoint    ] Application time: 0.0195397 seconds
[2019-10-14T07:23:44.268+0000][1][safepoint    ] Entering safepoint region: RevokeBias
[2019-10-14T07:23:44.268+0000][1][safepoint    ] Leaving safepoint region
[2019-10-14T07:23:44.268+0000][1][safepoint    ] Total time for which application threads were stopped: 0.0008201 seconds, Stopping threads took: 0.0003757 seconds
[2019-10-14T07:23:44.284+0000][1][safepoint    ] Application time: 0.0154958 seconds
[2019-10-14T07:23:44.294+0000][1][safepoint    ] Entering safepoint region: Deoptimize
[2019-10-14T07:23:44.296+0000][1][safepoint    ] Leaving safepoint region
[2019-10-14T07:23:44.297+0000][1][safepoint    ] Total time for which application threads were stopped: 0.0121266 seconds, Stopping threads took: 0.0101301 seconds
[2019-10-14T07:23:44.309+0000][1][safepoint    ] Application time: 0.0104503 seconds
[2019-10-14T07:23:44.310+0000][1][safepoint    ] Entering safepoint region: RevokeBias
[2019-10-14T07:23:44.311+0000][1][safepoint    ] Leaving safepoint region
[2019-10-14T07:23:44.311+0000][1][safepoint    ] Total time for which application threads were stopped: 0.0006930 seconds, Stopping threads took: 0.0002977 seconds
[2019-10-14T07:23:44.326+0000][1][safepoint    ] Application time: 0.0144895 seconds
[2019-10-14T07:23:44.329+0000][1][safepoint    ] Entering safepoint region: RevokeBias
[2019-10-14T07:23:44.330+0000][1][safepoint    ] Leaving safepoint region
[2019-10-14T07:23:44.330+0000][1][safepoint    ] Total time for which application threads were stopped: 0.0042337 seconds, Stopping threads took: 0.0036069 seconds
[2019-10-14T07:23:44.331+0000][1][safepoint    ] Application time: 0.0003544 seconds
[2019-10-14T07:23:44.332+0000][1][safepoint    ] Entering safepoint region: RevokeBias
[2019-10-14T07:23:44.333+0000][1][safepoint    ] Leaving safepoint region
[2019-10-14T07:23:44.333+0000][1][safepoint    ] Total time for which application threads were stopped: 0.0006321 seconds, Stopping threads took: 0.0003024 seconds
[2019-10-14T07:23:44.346+0000][1][safepoint    ] Application time: 0.0132254 seconds
[2019-10-14T07:23:44.349+0000][1][safepoint    ] Entering safepoint region: RevokeBias
[2019-10-14T07:23:44.350+0000][1][safepoint    ] Leaving safepoint region
[2019-10-14T07:23:44.350+0000][1][safepoint    ] Total time for which application threads were stopped: 0.0032150 seconds, Stopping threads took: 0.0026823 seconds
[2019-10-14T07:23:44.355+0000][1][safepoint    ] Application time: 0.0051325 seconds
[2019-10-14T07:23:44.356+0000][1][safepoint    ] Entering safepoint region: RevokeBias
[2019-10-14T07:23:44.356+0000][1][safepoint    ] Leaving safepoint region
[2019-10-14T07:23:44.357+0000][1][safepoint    ] Total time for which application threads were stopped: 0.0008121 seconds, Stopping threads took: 0.0005077 seconds
[2019-10-14T07:23:44.463+0000][1][safepoint    ] Application time: 0.1062834 seconds
[2019-10-14T07:23:44.467+0000][1][safepoint    ] Entering safepoint region: RevokeBias
[2019-10-14T07:23:44.468+0000][1][safepoint    ] Leaving safepoint region
[2019-10-14T07:23:44.468+0000][1][safepoint    ] Total time for which application threads were stopped: 0.0044588 seconds, Stopping threads took: 0.0041681 seconds
[2019-10-14T07:23:44.483+0000][1][safepoint    ] Application time: 0.0143958 seconds
[2019-10-14T07:23:44.483+0000][1][safepoint    ] Entering safepoint region: RevokeBias
[2019-10-14T07:23:44.484+0000][1][safepoint    ] Leaving safepoint region
[2019-10-14T07:23:44.484+0000][1][safepoint    ] Total time for which application threads were stopped: 0.0013454 seconds, Stopping threads took: 0.0009143 seconds
[2019-10-14T07:23:44.588+0000][1][safepoint    ] Application time: 0.1032471 seconds
[2019-10-14T07:23:44.612+0000][1][safepoint    ] Entering safepoint region: RevokeBias
[2019-10-14T07:23:44.613+0000][1][safepoint    ] Leaving safepoint region
[2019-10-14T07:23:44.613+0000][1][safepoint    ] Total time for which application threads were stopped: 0.0247912 seconds, Stopping threads took: 0.0242861 seconds
[2019-10-14T07:23:44.614+0000][1][safepoint    ] Application time: 0.0004983 seconds
[2019-10-14T07:23:44.632+0000][1][safepoint    ] Entering safepoint region: RevokeBias
[2019-10-14T07:23:44.635+0000][1][safepoint    ] Leaving safepoint region
[2019-10-14T07:23:44.635+0000][1][safepoint    ] Total time for which application threads were stopped: 0.0134088 seconds, Stopping threads took: 0.0110820 seconds
[2019-10-14T07:23:44.637+0000][1][safepoint    ] Application time: 0.0004551 seconds
[2019-10-14T07:23:44.637+0000][1][safepoint    ] Entering safepoint region: RevokeBias
[2019-10-14T07:23:44.638+0000][1][safepoint    ] Leaving safepoint region
[2019-10-14T07:23:44.639+0000][1][safepoint    ] Total time for which application threads were stopped: 0.0013399 seconds, Stopping threads took: 0.0008078 seconds
[2019-10-14T07:23:44.640+0000][1][safepoint    ] Application time: 0.0009508 seconds
[2019-10-14T07:23:44.642+0000][1][safepoint    ] Entering safepoint region: RevokeBias
[2019-10-14T07:23:44.643+0000][1][safepoint    ] Leaving safepoint region
[2019-10-14T07:23:44.643+0000][1][safepoint    ] Total time for which application threads were stopped: 0.0023653 seconds, Stopping threads took: 0.0017777 seconds
[2019-10-14T07:23:44.701+0000][1][safepoint    ] Application time: 0.0574650 seconds
[2019-10-14T07:23:44.702+0000][1][safepoint    ] Entering safepoint region: RevokeBias
[2019-10-14T07:23:44.702+0000][1][safepoint    ] Leaving safepoint region
[2019-10-14T07:23:44.703+0000][1][safepoint    ] Total time for which application threads were stopped: 0.0009661 seconds, Stopping threads took: 0.0005967 seconds
[2019-10-14T07:23:44.703+0000][1][safepoint    ] Application time: 0.0005453 seconds
[2019-10-14T07:23:44.704+0000][1][safepoint    ] Entering safepoint region: RevokeBias
[2019-10-14T07:23:44.704+0000][1][safepoint    ] Leaving safepoint region
[2019-10-14T07:23:44.704+0000][1][safepoint    ] Total time for which application threads were stopped: 0.0006984 seconds, Stopping threads took: 0.0003155 seconds
[2019-10-14T07:23:45.288+0000][1][safepoint    ] Application time: 0.5832756 seconds
[2019-10-14T07:23:45.289+0000][1][safepoint    ] Entering safepoint region: RevokeBias
[2019-10-14T07:23:45.289+0000][1][safepoint    ] Leaving safepoint region
[2019-10-14T07:23:45.289+0000][1][safepoint    ] Total time for which application threads were stopped: 0.0005418 seconds, Stopping threads took: 0.0002450 seconds
[2019-10-14T07:23:45.289+0000][1][safepoint    ] Application time: 0.0000658 seconds
[2019-10-14T07:23:45.290+0000][1][safepoint    ] Entering safepoint region: RevokeBias
[2019-10-14T07:23:45.290+0000][1][safepoint    ] Leaving safepoint region
[2019-10-14T07:23:45.290+0000][1][safepoint    ] Total time for which application threads were stopped: 0.0005887 seconds, Stopping threads took: 0.0002350 seconds
[2019-10-14T07:23:45.300+0000][1][safepoint    ] Application time: 0.0095700 seconds
[2019-10-14T07:23:45.306+0000][1][safepoint    ] Entering safepoint region: RevokeBias
[2019-10-14T07:23:45.307+0000][1][safepoint    ] Leaving safepoint region
[2019-10-14T07:23:45.307+0000][1][safepoint    ] Total time for which application threads were stopped: 0.0068419 seconds, Stopping threads took: 0.0064069 seconds
[2019-10-14T07:23:45.312+0000][1][safepoint    ] Application time: 0.0041629 seconds
[2019-10-14T07:23:45.312+0000][1][safepoint    ] Entering safepoint region: GenCollectForAllocation
[2019-10-14T07:23:45.321+0000][1][gc,start     ] GC(23) Pause Young (Allocation Failure)
[2019-10-14T07:23:45.322+0000][1][gc,task      ] GC(23) Using 2 workers of 2 for evacuation
[2019-10-14T07:23:45.344+0000][1][gc,age       ] GC(23) Desired survivor size 4456448 bytes, new threshold 6 (max threshold 6)
[2019-10-14T07:23:45.348+0000][1][gc,age       ] GC(23) Age table with threshold 6 (max threshold 6)
[2019-10-14T07:23:45.348+0000][1][gc,age       ] GC(23) - age   1:     983448 bytes,     983448 total
[2019-10-14T07:23:45.349+0000][1][gc,age       ] GC(23) - age   2:    2414440 bytes,    3397888 total
[2019-10-14T07:23:45.349+0000][1][gc,heap      ] GC(23) ParNew: 78656K->6150K(78656K)
[2019-10-14T07:23:45.349+0000][1][gc,heap      ] GC(23) CMS: 63994K->67402K(174784K)
[2019-10-14T07:23:45.349+0000][1][gc,metaspace ] GC(23) Metaspace: 70260K->70260K(1114112K)
[2019-10-14T07:23:45.350+0000][1][gc           ] GC(23) Pause Young (Allocation Failure) 139M->71M(247M) 28.347ms
[2019-10-14T07:23:45.350+0000][1][gc,cpu       ] GC(23) User=0.03s Sys=0.00s Real=0.03s
[2019-10-14T07:23:45.350+0000][1][safepoint    ] Leaving safepoint region
[2019-10-14T07:23:45.350+0000][1][safepoint    ] Total time for which application threads were stopped: 0.0383738 seconds, Stopping threads took: 0.0090484 seconds
[2019-10-14T07:23:45.356+0000][1][safepoint    ] Application time: 0.0055092 seconds
[2019-10-14T07:23:45.358+0000][1][safepoint    ] Entering safepoint region: RevokeBias
[2019-10-14T07:23:45.358+0000][1][safepoint    ] Leaving safepoint region
[2019-10-14T07:23:45.358+0000][1][safepoint    ] Total time for which application threads were stopped: 0.0016585 seconds, Stopping threads took: 0.0012902 seconds
[2019-10-14T07:23:45.465+0000][1][safepoint    ] Application time: 0.1064929 seconds
[2019-10-14T07:23:45.465+0000][1][safepoint    ] Entering safepoint region: RevokeBias
[2019-10-14T07:23:45.466+0000][1][safepoint    ] Leaving safepoint region
[2019-10-14T07:23:45.466+0000][1][safepoint    ] Total time for which application threads were stopped: 0.0006600 seconds, Stopping threads took: 0.0002813 seconds
[2019-10-14T07:23:45.484+0000][1][safepoint    ] Application time: 0.0172015 seconds
[2019-10-14T07:23:45.484+0000][1][safepoint    ] Entering safepoint region: RevokeBias
[2019-10-14T07:23:45.484+0000][1][safepoint    ] Leaving safepoint region
[2019-10-14T07:23:45.485+0000][1][safepoint    ] Total time for which application threads were stopped: 0.0009898 seconds, Stopping threads took: 0.0004930 seconds
[2019-10-14T07:23:45.507+0000][1][safepoint    ] Application time: 0.0214256 seconds
[2019-10-14T07:23:45.507+0000][1][safepoint    ] Entering safepoint region: RevokeBias
[2019-10-14T07:23:45.507+0000][1][safepoint    ] Leaving safepoint region
[2019-10-14T07:23:45.508+0000][1][safepoint    ] Total time for which application threads were stopped: 0.0005818 seconds, Stopping threads took: 0.0002969 seconds
[2019-10-14T07:23:45.509+0000][1][safepoint    ] Application time: 0.0009086 seconds
[2019-10-14T07:23:45.509+0000][1][safepoint    ] Entering safepoint region: RevokeBias
[2019-10-14T07:23:45.509+0000][1][safepoint    ] Leaving safepoint region
[2019-10-14T07:23:45.510+0000][1][safepoint    ] Total time for which application threads were stopped: 0.0005613 seconds, Stopping threads took: 0.0002443 seconds
[2019-10-14T07:23:45.525+0000][1][safepoint    ] Application time: 0.0150523 seconds
[2019-10-14T07:23:45.526+0000][1][safepoint    ] Entering safepoint region: RevokeBias
[2019-10-14T07:23:45.526+0000][1][safepoint    ] Leaving safepoint region
[2019-10-14T07:23:45.526+0000][1][safepoint    ] Total time for which application threads were stopped: 0.0006281 seconds, Stopping threads took: 0.0003185 seconds
[2019-10-14T07:23:45.530+0000][1][safepoint    ] Application time: 0.0039000 seconds
[2019-10-14T07:23:45.531+0000][1][safepoint    ] Entering safepoint region: RevokeBias
[2019-10-14T07:23:45.531+0000][1][safepoint    ] Leaving safepoint region
[2019-10-14T07:23:45.532+0000][1][safepoint    ] Total time for which application threads were stopped: 0.0008589 seconds, Stopping threads took: 0.0003659 seconds
[2019-10-14T07:23:45.547+0000][1][safepoint    ] Application time: 0.0149488 seconds
[2019-10-14T07:23:45.548+0000][1][safepoint    ] Entering safepoint region: RevokeBias
[2019-10-14T07:23:45.548+0000][1][safepoint    ] Leaving safepoint region
[2019-10-14T07:23:45.548+0000][1][safepoint    ] Total time for which application threads were stopped: 0.0006361 seconds, Stopping threads took: 0.0003354 seconds
[2019-10-14T07:23:45.609+0000][1][safepoint    ] Application time: 0.0603224 seconds
[2019-10-14T07:23:45.610+0000][1][safepoint    ] Entering safepoint region: RevokeBias
[2019-10-14T07:23:45.610+0000][1][safepoint    ] Leaving safepoint region
[2019-10-14T07:23:45.611+0000][1][safepoint    ] Total time for which application threads were stopped: 0.0007797 seconds, Stopping threads took: 0.0003423 seconds
[2019-10-14T07:23:45.612+0000][1][safepoint    ] Application time: 0.0012157 seconds
[2019-10-14T07:23:45.612+0000][1][safepoint    ] Entering safepoint region: RevokeBias
[2019-10-14T07:23:45.614+0000][1][safepoint    ] Leaving safepoint region
[2019-10-14T07:23:45.614+0000][1][safepoint    ] Total time for which application threads were stopped: 0.0020872 seconds, Stopping threads took: 0.0012783 seconds
[2019-10-14T07:23:45.665+0000][1][safepoint    ] Application time: 0.0505695 seconds
[2019-10-14T07:23:45.666+0000][1][safepoint    ] Entering safepoint region: RevokeBias
[2019-10-14T07:23:45.666+0000][1][safepoint    ] Leaving safepoint region
[2019-10-14T07:23:45.666+0000][1][safepoint    ] Total time for which application threads were stopped: 0.0006910 seconds, Stopping threads took: 0.0003285 seconds
[2019-10-14T07:23:45.667+0000][1][safepoint    ] Application time: 0.0002567 seconds
[2019-10-14T07:23:45.667+0000][1][safepoint    ] Entering safepoint region: RevokeBias
[2019-10-14T07:23:45.667+0000][1][safepoint    ] Leaving safepoint region
[2019-10-14T07:23:45.668+0000][1][safepoint    ] Total time for which application threads were stopped: 0.0005124 seconds, Stopping threads took: 0.0002288 seconds
[2019-10-14T07:23:45.670+0000][1][safepoint    ] Application time: 0.0018380 seconds
[2019-10-14T07:23:45.670+0000][1][safepoint    ] Entering safepoint region: RevokeBias
[2019-10-14T07:23:45.670+0000][1][safepoint    ] Leaving safepoint region
[2019-10-14T07:23:45.671+0000][1][safepoint    ] Total time for which application threads were stopped: 0.0005746 seconds, Stopping threads took: 0.0002965 seconds
[2019-10-14T07:23:45.671+0000][1][safepoint    ] Application time: 0.0006783 seconds
[2019-10-14T07:23:45.672+0000][1][safepoint    ] Entering safepoint region: RevokeBias
[2019-10-14T07:23:45.672+0000][1][safepoint    ] Leaving safepoint region
[2019-10-14T07:23:45.672+0000][1][safepoint    ] Total time for which application threads were stopped: 0.0005443 seconds, Stopping threads took: 0.0002377 seconds
[2019-10-14T07:23:45.673+0000][1][safepoint    ] Application time: 0.0002345 seconds
[2019-10-14T07:23:45.673+0000][1][safepoint    ] Entering safepoint region: RevokeBias
[2019-10-14T07:23:45.674+0000][1][safepoint    ] Leaving safepoint region
[2019-10-14T07:23:45.674+0000][1][safepoint    ] Total time for which application threads were stopped: 0.0006818 seconds, Stopping threads took: 0.0003716 seconds
[2019-10-14T07:23:45.674+0000][1][safepoint    ] Application time: 0.0000611 seconds
[2019-10-14T07:23:45.674+0000][1][safepoint    ] Entering safepoint region: RevokeBias
[2019-10-14T07:23:45.675+0000][1][safepoint    ] Leaving safepoint region
[2019-10-14T07:23:45.675+0000][1][safepoint    ] Total time for which application threads were stopped: 0.0004639 seconds, Stopping threads took: 0.0002210 seconds
[2019-10-14T07:23:45.675+0000][1][safepoint    ] Application time: 0.0002348 seconds
[2019-10-14T07:23:45.676+0000][1][safepoint    ] Entering safepoint region: RevokeBias
[2019-10-14T07:23:45.676+0000][1][safepoint    ] Leaving safepoint region
[2019-10-14T07:23:45.676+0000][1][safepoint    ] Total time for which application threads were stopped: 0.0004863 seconds, Stopping threads took: 0.0002504 seconds
[2019-10-14T07:23:45.676+0000][1][safepoint    ] Application time: 0.0000446 seconds
[2019-10-14T07:23:45.677+0000][1][safepoint    ] Entering safepoint region: RevokeBias
[2019-10-14T07:23:45.677+0000][1][safepoint    ] Leaving safepoint region
[2019-10-14T07:23:45.677+0000][1][safepoint    ] Total time for which application threads were stopped: 0.0004941 seconds, Stopping threads took: 0.0002151 seconds
[2019-10-14T07:23:45.677+0000][1][safepoint    ] Application time: 0.0000674 seconds
[2019-10-14T07:23:45.678+0000][1][safepoint    ] Entering safepoint region: RevokeBias
[2019-10-14T07:23:45.678+0000][1][safepoint    ] Leaving safepoint region
[2019-10-14T07:23:45.678+0000][1][safepoint    ] Total time for which application threads were stopped: 0.0004759 seconds, Stopping threads took: 0.0002223 seconds
[2019-10-14T07:23:45.678+0000][1][safepoint    ] Application time: 0.0000717 seconds
[2019-10-14T07:23:45.679+0000][1][safepoint    ] Entering safepoint region: RevokeBias
[2019-10-14T07:23:45.679+0000][1][safepoint    ] Leaving safepoint region
[2019-10-14T07:23:45.679+0000][1][safepoint    ] Total time for which application threads were stopped: 0.0005371 seconds, Stopping threads took: 0.0002234 seconds
[2019-10-14T07:23:45.680+0000][1][safepoint    ] Application time: 0.0003011 seconds
[2019-10-14T07:23:45.681+0000][1][safepoint    ] Entering safepoint region: RevokeBias
[2019-10-14T07:23:45.682+0000][1][safepoint    ] Leaving safepoint region
[2019-10-14T07:23:45.682+0000][1][safepoint    ] Total time for which application threads were stopped: 0.0006615 seconds, Stopping threads took: 0.0003111 seconds
[2019-10-14T07:23:45.683+0000][1][safepoint    ] Application time: 0.0001186 seconds
[2019-10-14T07:23:45.683+0000][1][safepoint    ] Entering safepoint region: RevokeBias
[2019-10-14T07:23:45.684+0000][1][safepoint    ] Leaving safepoint region
[2019-10-14T07:23:45.693+0000][1][safepoint    ] Total time for which application threads were stopped: 0.0095129 seconds, Stopping threads took: 0.0005625 seconds
[2019-10-14T07:23:45.694+0000][1][safepoint    ] Application time: 0.0001689 seconds
[2019-10-14T07:23:45.694+0000][1][safepoint    ] Entering safepoint region: RevokeBias
[2019-10-14T07:23:45.695+0000][1][safepoint    ] Leaving safepoint region
[2019-10-14T07:23:45.698+0000][1][safepoint    ] Total time for which application threads were stopped: 0.0031875 seconds, Stopping threads took: 0.0004120 seconds
[2019-10-14T07:23:45.698+0000][1][safepoint    ] Application time: 0.0001489 seconds
[2019-10-14T07:23:45.698+0000][1][safepoint    ] Entering safepoint region: RevokeBias
[2019-10-14T07:23:45.699+0000][1][safepoint    ] Leaving safepoint region
[2019-10-14T07:23:45.699+0000][1][safepoint    ] Total time for which application threads were stopped: 0.0008290 seconds, Stopping threads took: 0.0004897 seconds
[2019-10-14T07:23:45.700+0000][1][safepoint    ] Application time: 0.0000993 seconds
[2019-10-14T07:23:45.700+0000][1][safepoint    ] Entering safepoint region: RevokeBias
[2019-10-14T07:23:45.700+0000][1][safepoint    ] Leaving safepoint region
[2019-10-14T07:23:45.700+0000][1][safepoint    ] Total time for which application threads were stopped: 0.0005520 seconds, Stopping threads took: 0.0002548 seconds
[2019-10-14T07:23:45.701+0000][1][safepoint    ] Application time: 0.0003083 seconds
[2019-10-14T07:23:45.701+0000][1][safepoint    ] Entering safepoint region: RevokeBias
[2019-10-14T07:23:45.701+0000][1][safepoint    ] Leaving safepoint region
[2019-10-14T07:23:45.702+0000][1][safepoint    ] Total time for which application threads were stopped: 0.0005264 seconds, Stopping threads took: 0.0002399 seconds
[2019-10-14T07:23:45.702+0000][1][safepoint    ] Application time: 0.0000765 seconds
[2019-10-14T07:23:45.704+0000][1][safepoint    ] Entering safepoint region: RevokeBias
[2019-10-14T07:23:45.705+0000][1][safepoint    ] Leaving safepoint region
[2019-10-14T07:23:45.705+0000][1][safepoint    ] Total time for which application threads were stopped: 0.0008578 seconds, Stopping threads took: 0.0004712 seconds
[2019-10-14T07:23:45.705+0000][1][safepoint    ] Application time: 0.0000986 seconds
[2019-10-14T07:23:45.706+0000][1][safepoint    ] Entering safepoint region: RevokeBias
[2019-10-14T07:23:45.706+0000][1][safepoint    ] Leaving safepoint region
[2019-10-14T07:23:45.707+0000][1][safepoint    ] Total time for which application threads were stopped: 0.0007529 seconds, Stopping threads took: 0.0002766 seconds
[2019-10-14T07:23:45.707+0000][1][safepoint    ] Application time: 0.0000984 seconds
[2019-10-14T07:23:45.707+0000][1][safepoint    ] Entering safepoint region: RevokeBias
[2019-10-14T07:23:45.707+0000][1][safepoint    ] Leaving safepoint region
[2019-10-14T07:23:45.708+0000][1][safepoint    ] Total time for which application threads were stopped: 0.0006476 seconds, Stopping threads took: 0.0002276 seconds
[2019-10-14T07:23:45.708+0000][1][safepoint    ] Application time: 0.0004502 seconds
[2019-10-14T07:23:45.709+0000][1][safepoint    ] Entering safepoint region: RevokeBias
[2019-10-14T07:23:45.709+0000][1][safepoint    ] Leaving safepoint region
[2019-10-14T07:23:45.709+0000][1][safepoint    ] Total time for which application threads were stopped: 0.0005801 seconds, Stopping threads took: 0.0002798 seconds
[2019-10-14T07:23:45.710+0000][1][safepoint    ] Application time: 0.0000806 seconds
[2019-10-14T07:23:45.710+0000][1][safepoint    ] Entering safepoint region: RevokeBias
[2019-10-14T07:23:45.710+0000][1][safepoint    ] Leaving safepoint region
[2019-10-14T07:23:45.710+0000][1][safepoint    ] Total time for which application threads were stopped: 0.0005182 seconds, Stopping threads took: 0.0002661 seconds
[2019-10-14T07:23:45.711+0000][1][safepoint    ] Application time: 0.0001146 seconds
[2019-10-14T07:23:45.711+0000][1][safepoint    ] Entering safepoint region: RevokeBias
[2019-10-14T07:23:45.711+0000][1][safepoint    ] Leaving safepoint region
[2019-10-14T07:23:45.711+0000][1][safepoint    ] Total time for which application threads were stopped: 0.0005404 seconds, Stopping threads took: 0.0002532 seconds
[2019-10-14T07:23:45.712+0000][1][safepoint    ] Application time: 0.0000692 seconds
[2019-10-14T07:23:45.712+0000][1][safepoint    ] Entering safepoint region: RevokeBias
[2019-10-14T07:23:45.712+0000][1][safepoint    ] Leaving safepoint region
[2019-10-14T07:23:45.713+0000][1][safepoint    ] Total time for which application threads were stopped: 0.0009516 seconds, Stopping threads took: 0.0002470 seconds
[2019-10-14T07:23:45.713+0000][1][safepoint    ] Application time: 0.0000888 seconds
[2019-10-14T07:23:45.714+0000][1][safepoint    ] Entering safepoint region: RevokeBias
[2019-10-14T07:23:45.714+0000][1][safepoint    ] Leaving safepoint region
[2019-10-14T07:23:45.714+0000][1][safepoint    ] Total time for which application threads were stopped: 0.0005826 seconds, Stopping threads took: 0.0002733 seconds
[2019-10-14T07:23:45.715+0000][1][safepoint    ] Application time: 0.0003885 seconds
[2019-10-14T07:23:45.715+0000][1][safepoint    ] Entering safepoint region: RevokeBias
[2019-10-14T07:23:45.716+0000][1][safepoint    ] Leaving safepoint region
[2019-10-14T07:23:45.716+0000][1][safepoint    ] Total time for which application threads were stopped: 0.0009637 seconds, Stopping threads took: 0.0004561 seconds
[2019-10-14T07:23:45.717+0000][1][safepoint    ] Application time: 0.0003689 seconds
[2019-10-14T07:23:45.717+0000][1][safepoint    ] Entering safepoint region: RevokeBias
[2019-10-14T07:23:45.718+0000][1][safepoint    ] Leaving safepoint region
[2019-10-14T07:23:45.719+0000][1][safepoint    ] Total time for which application threads were stopped: 0.0016734 seconds, Stopping threads took: 0.0003507 seconds
[2019-10-14T07:23:45.727+0000][1][safepoint    ] Application time: 0.0066083 seconds
[2019-10-14T07:23:45.728+0000][1][safepoint    ] Entering safepoint region: RevokeBias
[2019-10-14T07:23:45.729+0000][1][safepoint    ] Leaving safepoint region
[2019-10-14T07:23:45.730+0000][1][safepoint    ] Total time for which application threads were stopped: 0.0018726 seconds, Stopping threads took: 0.0010102 seconds
[2019-10-14T07:23:45.731+0000][1][safepoint    ] Application time: 0.0000910 seconds
[2019-10-14T07:23:45.731+0000][1][safepoint    ] Entering safepoint region: RevokeBias
[2019-10-14T07:23:45.732+0000][1][safepoint    ] Leaving safepoint region
[2019-10-14T07:23:45.732+0000][1][safepoint    ] Total time for which application threads were stopped: 0.0008370 seconds, Stopping threads took: 0.0003746 seconds
[2019-10-14T07:23:45.733+0000][1][safepoint    ] Application time: 0.0000679 seconds
[2019-10-14T07:23:45.733+0000][1][safepoint    ] Entering safepoint region: RevokeBias
[2019-10-14T07:23:45.733+0000][1][safepoint    ] Leaving safepoint region
[2019-10-14T07:23:45.734+0000][1][safepoint    ] Total time for which application threads were stopped: 0.0007694 seconds, Stopping threads took: 0.0004222 seconds
[2019-10-14T07:23:45.734+0000][1][safepoint    ] Application time: 0.0000816 seconds
[2019-10-14T07:23:45.734+0000][1][safepoint    ] Entering safepoint region: RevokeBias
[2019-10-14T07:23:45.735+0000][1][safepoint    ] Leaving safepoint region
[2019-10-14T07:23:45.735+0000][1][safepoint    ] Total time for which application threads were stopped: 0.0009425 seconds, Stopping threads took: 0.0002621 seconds
[2019-10-14T07:23:45.735+0000][1][safepoint    ] Application time: 0.0000935 seconds
[2019-10-14T07:23:45.736+0000][1][safepoint    ] Entering safepoint region: RevokeBias
[2019-10-14T07:23:45.736+0000][1][safepoint    ] Leaving safepoint region
[2019-10-14T07:23:45.737+0000][1][safepoint    ] Total time for which application threads were stopped: 0.0012040 seconds, Stopping threads took: 0.0003469 seconds
[2019-10-14T07:23:45.737+0000][1][safepoint    ] Application time: 0.0000648 seconds
[2019-10-14T07:23:45.738+0000][1][safepoint    ] Entering safepoint region: RevokeBias
[2019-10-14T07:23:45.738+0000][1][safepoint    ] Leaving safepoint region
[2019-10-14T07:23:45.738+0000][1][safepoint    ] Total time for which application threads were stopped: 0.0008017 seconds, Stopping threads took: 0.0003929 seconds
[2019-10-14T07:23:45.739+0000][1][safepoint    ] Application time: 0.0000870 seconds
[2019-10-14T07:23:45.739+0000][1][safepoint    ] Entering safepoint region: RevokeBias
[2019-10-14T07:23:45.739+0000][1][safepoint    ] Leaving safepoint region
[2019-10-14T07:23:45.740+0000][1][safepoint    ] Total time for which application threads were stopped: 0.0007435 seconds, Stopping threads took: 0.0004268 seconds
[2019-10-14T07:23:45.740+0000][1][safepoint    ] Application time: 0.0000994 seconds
[2019-10-14T07:23:45.740+0000][1][safepoint    ] Entering safepoint region: RevokeBias
[2019-10-14T07:23:45.741+0000][1][safepoint    ] Leaving safepoint region
[2019-10-14T07:23:45.741+0000][1][safepoint    ] Total time for which application threads were stopped: 0.0006057 seconds, Stopping threads took: 0.0002574 seconds
[2019-10-14T07:23:45.741+0000][1][safepoint    ] Application time: 0.0001194 seconds
[2019-10-14T07:23:45.742+0000][1][safepoint    ] Entering safepoint region: RevokeBias
[2019-10-14T07:23:45.742+0000][1][safepoint    ] Leaving safepoint region
[2019-10-14T07:23:45.743+0000][1][safepoint    ] Total time for which application threads were stopped: 0.0009932 seconds, Stopping threads took: 0.0005682 seconds
[2019-10-14T07:23:45.751+0000][1][safepoint    ] Application time: 0.0076825 seconds
[2019-10-14T07:23:45.761+0000][1][safepoint    ] Entering safepoint region: RevokeBias
[2019-10-14T07:23:45.762+0000][1][safepoint    ] Leaving safepoint region
[2019-10-14T07:23:45.765+0000][1][safepoint    ] Total time for which application threads were stopped: 0.0042854 seconds, Stopping threads took: 0.0006788 seconds
[2019-10-14T07:23:45.766+0000][1][safepoint    ] Application time: 0.0001198 seconds
[2019-10-14T07:23:45.766+0000][1][safepoint    ] Entering safepoint region: RevokeBias
[2019-10-14T07:23:45.766+0000][1][safepoint    ] Leaving safepoint region
[2019-10-14T07:23:45.767+0000][1][safepoint    ] Total time for which application threads were stopped: 0.0005639 seconds, Stopping threads took: 0.0002579 seconds
[2019-10-14T07:23:45.767+0000][1][safepoint    ] Application time: 0.0000782 seconds
[2019-10-14T07:23:45.767+0000][1][safepoint    ] Entering safepoint region: RevokeBias
[2019-10-14T07:23:45.767+0000][1][safepoint    ] Leaving safepoint region
[2019-10-14T07:23:45.768+0000][1][safepoint    ] Total time for which application threads were stopped: 0.0006561 seconds, Stopping threads took: 0.0003069 seconds
[2019-10-14T07:23:45.768+0000][1][safepoint    ] Application time: 0.0000628 seconds
[2019-10-14T07:23:45.769+0000][1][safepoint    ] Entering safepoint region: BulkRevokeBias
[2019-10-14T07:23:45.769+0000][1][safepoint    ] Leaving safepoint region
[2019-10-14T07:23:45.769+0000][1][safepoint    ] Total time for which application threads were stopped: 0.0006735 seconds, Stopping threads took: 0.0002444 seconds
[2019-10-14T07:23:46.267+0000][1][safepoint    ] Application time: 0.4976591 seconds
[2019-10-14T07:23:46.267+0000][1][safepoint    ] Entering safepoint region: RevokeBias
[2019-10-14T07:23:46.268+0000][1][safepoint    ] Leaving safepoint region
[2019-10-14T07:23:46.268+0000][1][safepoint    ] Total time for which application threads were stopped: 0.0004688 seconds, Stopping threads took: 0.0001959 seconds
[2019-10-14T07:23:46.298+0000][1][safepoint    ] Application time: 0.0296122 seconds
[2019-10-14T07:23:46.298+0000][1][safepoint    ] Entering safepoint region: RevokeBias
[2019-10-14T07:23:46.298+0000][1][safepoint    ] Leaving safepoint region
[2019-10-14T07:23:46.298+0000][1][safepoint    ] Total time for which application threads were stopped: 0.0005445 seconds, Stopping threads took: 0.0002171 seconds
[2019-10-14T07:23:46.468+0000][1][safepoint    ] Application time: 0.1688556 seconds
[2019-10-14T07:23:46.468+0000][1][safepoint    ] Entering safepoint region: RevokeBias
[2019-10-14T07:23:46.468+0000][1][safepoint    ] Leaving safepoint region
[2019-10-14T07:23:46.468+0000][1][safepoint    ] Total time for which application threads were stopped: 0.0004995 seconds, Stopping threads took: 0.0002364 seconds
[2019-10-14T07:23:46.477+0000][1][safepoint    ] Application time: 0.0079482 seconds
[2019-10-14T07:23:46.477+0000][1][safepoint    ] Entering safepoint region: RevokeBias
[2019-10-14T07:23:46.477+0000][1][safepoint    ] Leaving safepoint region
[2019-10-14T07:23:46.478+0000][1][safepoint    ] Total time for which application threads were stopped: 0.0006544 seconds, Stopping threads took: 0.0002533 seconds
[2019-10-14T07:23:46.521+0000][1][safepoint    ] Application time: 0.0431209 seconds
[2019-10-14T07:23:46.521+0000][1][safepoint    ] Entering safepoint region: RevokeBias
[2019-10-14T07:23:46.522+0000][1][safepoint    ] Leaving safepoint region
[2019-10-14T07:23:46.522+0000][1][safepoint    ] Total time for which application threads were stopped: 0.0007067 seconds, Stopping threads took: 0.0003413 seconds
[2019-10-14T07:23:46.540+0000][1][safepoint    ] Application time: 0.0182915 seconds
[2019-10-14T07:23:46.541+0000][1][safepoint    ] Entering safepoint region: RevokeBias
[2019-10-14T07:23:46.541+0000][1][safepoint    ] Leaving safepoint region
[2019-10-14T07:23:46.542+0000][1][safepoint    ] Total time for which application threads were stopped: 0.0007589 seconds, Stopping threads took: 0.0003332 seconds
[2019-10-14T07:23:46.565+0000][1][safepoint    ] Application time: 0.0230858 seconds
[2019-10-14T07:23:46.565+0000][1][safepoint    ] Entering safepoint region: RevokeBias
[2019-10-14T07:23:46.566+0000][1][safepoint    ] Leaving safepoint region
[2019-10-14T07:23:46.566+0000][1][safepoint    ] Total time for which application threads were stopped: 0.0005430 seconds, Stopping threads took: 0.0002341 seconds
[2019-10-14T07:23:46.567+0000][1][safepoint    ] Application time: 0.0013351 seconds
[2019-10-14T07:23:46.568+0000][1][safepoint    ] Entering safepoint region: RevokeBias
[2019-10-14T07:23:46.568+0000][1][safepoint    ] Leaving safepoint region
[2019-10-14T07:23:46.568+0000][1][safepoint    ] Total time for which application threads were stopped: 0.0005029 seconds, Stopping threads took: 0.0002446 seconds
[2019-10-14T07:23:46.582+0000][1][safepoint    ] Application time: 0.0130229 seconds
[2019-10-14T07:23:46.582+0000][1][safepoint    ] Entering safepoint region: RevokeBias
[2019-10-14T07:23:46.582+0000][1][safepoint    ] Leaving safepoint region
[2019-10-14T07:23:46.582+0000][1][safepoint    ] Total time for which application threads were stopped: 0.0004936 seconds, Stopping threads took: 0.0001901 seconds
[2019-10-14T07:23:46.588+0000][1][safepoint    ] Application time: 0.0055020 seconds
[2019-10-14T07:23:46.588+0000][1][safepoint    ] Entering safepoint region: RevokeBias
[2019-10-14T07:23:46.588+0000][1][safepoint    ] Leaving safepoint region
[2019-10-14T07:23:46.589+0000][1][safepoint    ] Total time for which application threads were stopped: 0.0004568 seconds, Stopping threads took: 0.0002156 seconds
[2019-10-14T07:23:46.598+0000][1][safepoint    ] Application time: 0.0093387 seconds
[2019-10-14T07:23:46.599+0000][1][safepoint    ] Entering safepoint region: RevokeBias
[2019-10-14T07:23:46.599+0000][1][safepoint    ] Leaving safepoint region
[2019-10-14T07:23:46.599+0000][1][safepoint    ] Total time for which application threads were stopped: 0.0006497 seconds, Stopping threads took: 0.0003570 seconds
[2019-10-14T07:23:46.616+0000][1][safepoint    ] Application time: 0.0165654 seconds
[2019-10-14T07:23:46.616+0000][1][safepoint    ] Entering safepoint region: RevokeBias
[2019-10-14T07:23:46.617+0000][1][safepoint    ] Leaving safepoint region
[2019-10-14T07:23:46.617+0000][1][safepoint    ] Total time for which application threads were stopped: 0.0006401 seconds, Stopping threads took: 0.0002688 seconds
[2019-10-14T07:23:46.619+0000][1][safepoint    ] Application time: 0.0018478 seconds
[2019-10-14T07:23:46.620+0000][1][safepoint    ] Entering safepoint region: RevokeBias
[2019-10-14T07:23:46.620+0000][1][safepoint    ] Leaving safepoint region
[2019-10-14T07:23:46.620+0000][1][safepoint    ] Total time for which application threads were stopped: 0.0005690 seconds, Stopping threads took: 0.0002531 seconds
[2019-10-14T07:23:46.622+0000][1][safepoint    ] Application time: 0.0013963 seconds
[2019-10-14T07:23:46.622+0000][1][safepoint    ] Entering safepoint region: CollectForMetadataAllocation
[2019-10-14T07:23:46.623+0000][1][safepoint    ] Leaving safepoint region
[2019-10-14T07:23:46.624+0000][1][safepoint    ] Total time for which application threads were stopped: 0.0016771 seconds, Stopping threads took: 0.0003716 seconds
[2019-10-14T07:23:46.629+0000][1][safepoint    ] Application time: 0.0046304 seconds
[2019-10-14T07:23:46.629+0000][1][safepoint    ] Entering safepoint region: RevokeBias
[2019-10-14T07:23:46.629+0000][1][safepoint    ] Leaving safepoint region
[2019-10-14T07:23:46.630+0000][1][safepoint    ] Total time for which application threads were stopped: 0.0005297 seconds, Stopping threads took: 0.0002379 seconds
[2019-10-14T07:23:46.630+0000][1][safepoint    ] Application time: 0.0000562 seconds
[2019-10-14T07:23:46.630+0000][1][safepoint    ] Entering safepoint region: RevokeBias
[2019-10-14T07:23:46.630+0000][1][safepoint    ] Leaving safepoint region
[2019-10-14T07:23:46.631+0000][1][safepoint    ] Total time for which application threads were stopped: 0.0005920 seconds, Stopping threads took: 0.0002748 seconds
[2019-10-14T07:23:46.631+0000][1][safepoint    ] Application time: 0.0001342 seconds
[2019-10-14T07:23:46.632+0000][1][safepoint    ] Entering safepoint region: RevokeBias
[2019-10-14T07:23:46.632+0000][1][safepoint    ] Leaving safepoint region
[2019-10-14T07:23:46.633+0000][1][safepoint    ] Total time for which application threads were stopped: 0.0010143 seconds, Stopping threads took: 0.0003797 seconds
[2019-10-14T07:23:46.669+0000][1][safepoint    ] Application time: 0.0359824 seconds
[2019-10-14T07:23:46.669+0000][1][safepoint    ] Entering safepoint region: CollectForMetadataAllocation
[2019-10-14T07:23:46.670+0000][1][safepoint    ] Leaving safepoint region
[2019-10-14T07:23:46.670+0000][1][safepoint    ] Total time for which application threads were stopped: 0.0007577 seconds, Stopping threads took: 0.0003071 seconds
[2019-10-14T07:23:46.717+0000][1][safepoint    ] Application time: 0.0472890 seconds
[2019-10-14T07:23:46.718+0000][1][safepoint    ] Entering safepoint region: Deoptimize
[2019-10-14T07:23:46.719+0000][1][safepoint    ] Leaving safepoint region
[2019-10-14T07:23:46.719+0000][1][safepoint    ] Total time for which application threads were stopped: 0.0012615 seconds, Stopping threads took: 0.0002929 seconds
[2019-10-14T07:23:46.721+0000][1][safepoint    ] Application time: 0.0016210 seconds
[2019-10-14T07:23:46.721+0000][1][safepoint    ] Entering safepoint region: CollectForMetadataAllocation
[2019-10-14T07:23:46.722+0000][1][safepoint    ] Leaving safepoint region
[2019-10-14T07:23:46.722+0000][1][safepoint    ] Total time for which application threads were stopped: 0.0007331 seconds, Stopping threads took: 0.0003882 seconds
[2019-10-14T07:23:46.747+0000][1][safepoint    ] Application time: 0.0250406 seconds
[2019-10-14T07:23:46.748+0000][1][safepoint    ] Entering safepoint region: RevokeBias
[2019-10-14T07:23:46.748+0000][1][safepoint    ] Leaving safepoint region
[2019-10-14T07:23:46.748+0000][1][safepoint    ] Total time for which application threads were stopped: 0.0004693 seconds, Stopping threads took: 0.0002015 seconds
[2019-10-14T07:23:46.782+0000][1][safepoint    ] Application time: 0.0334572 seconds
[2019-10-14T07:23:46.782+0000][1][safepoint    ] Entering safepoint region: RevokeBias
[2019-10-14T07:23:46.782+0000][1][safepoint    ] Leaving safepoint region
[2019-10-14T07:23:46.783+0000][1][safepoint    ] Total time for which application threads were stopped: 0.0006114 seconds, Stopping threads took: 0.0002793 seconds
[2019-10-14T07:23:46.783+0000][1][safepoint    ] Application time: 0.0001314 seconds
[2019-10-14T07:23:46.784+0000][1][safepoint    ] Entering safepoint region: RevokeBias
[2019-10-14T07:23:46.784+0000][1][safepoint    ] Leaving safepoint region
[2019-10-14T07:23:46.784+0000][1][safepoint    ] Total time for which application threads were stopped: 0.0008606 seconds, Stopping threads took: 0.0004556 seconds
[2019-10-14T07:23:46.826+0000][1][safepoint    ] Application time: 0.0417882 seconds
[2019-10-14T07:23:46.827+0000][1][safepoint    ] Entering safepoint region: RevokeBias
[2019-10-14T07:23:46.827+0000][1][safepoint    ] Leaving safepoint region
[2019-10-14T07:23:46.828+0000][1][safepoint    ] Total time for which application threads were stopped: 0.0009055 seconds, Stopping threads took: 0.0003931 seconds
[2019-10-14T07:23:46.850+0000][1][safepoint    ] Application time: 0.0223913 seconds
[2019-10-14T07:23:46.851+0000][1][safepoint    ] Entering safepoint region: RevokeBias
[2019-10-14T07:23:46.851+0000][1][safepoint    ] Leaving safepoint region
[2019-10-14T07:23:46.852+0000][1][safepoint    ] Total time for which application threads were stopped: 0.0009689 seconds, Stopping threads took: 0.0003078 seconds
[2019-10-14T07:23:46.878+0000][1][safepoint    ] Application time: 0.0258828 seconds
[2019-10-14T07:23:46.878+0000][1][safepoint    ] Entering safepoint region: RevokeBias
[2019-10-14T07:23:46.878+0000][1][safepoint    ] Leaving safepoint region
[2019-10-14T07:23:46.879+0000][1][safepoint    ] Total time for which application threads were stopped: 0.0004619 seconds, Stopping threads took: 0.0002148 seconds
[2019-10-14T07:23:46.883+0000][1][safepoint    ] Application time: 0.0039320 seconds
[2019-10-14T07:23:46.883+0000][1][safepoint    ] Entering safepoint region: Deoptimize
[2019-10-14T07:23:46.884+0000][1][safepoint    ] Leaving safepoint region
[2019-10-14T07:23:46.885+0000][1][safepoint    ] Total time for which application threads were stopped: 0.0015720 seconds, Stopping threads took: 0.0002327 seconds
[2019-10-14T07:23:46.909+0000][1][safepoint    ] Application time: 0.0244847 seconds
[2019-10-14T07:23:46.910+0000][1][safepoint    ] Entering safepoint region: CollectForMetadataAllocation
[2019-10-14T07:23:46.910+0000][1][safepoint    ] Leaving safepoint region
[2019-10-14T07:23:46.910+0000][1][safepoint    ] Total time for which application threads were stopped: 0.0005912 seconds, Stopping threads took: 0.0002019 seconds
[2019-10-14T07:23:46.920+0000][1][safepoint    ] Application time: 0.0093284 seconds
[2019-10-14T07:23:46.920+0000][1][safepoint    ] Entering safepoint region: RevokeBias
[2019-10-14T07:23:46.920+0000][1][safepoint    ] Leaving safepoint region
[2019-10-14T07:23:46.921+0000][1][safepoint    ] Total time for which application threads were stopped: 0.0004976 seconds, Stopping threads took: 0.0002234 seconds
[2019-10-14T07:23:46.924+0000][1][safepoint    ] Application time: 0.0029316 seconds
[2019-10-14T07:23:46.924+0000][1][safepoint    ] Entering safepoint region: RevokeBias
[2019-10-14T07:23:46.924+0000][1][safepoint    ] Leaving safepoint region
[2019-10-14T07:23:46.925+0000][1][safepoint    ] Total time for which application threads were stopped: 0.0004869 seconds, Stopping threads took: 0.0001992 seconds
[2019-10-14T07:23:46.925+0000][1][safepoint    ] Application time: 0.0002939 seconds
[2019-10-14T07:23:46.925+0000][1][safepoint    ] Entering safepoint region: RevokeBias
[2019-10-14T07:23:46.926+0000][1][safepoint    ] Leaving safepoint region
[2019-10-14T07:23:46.926+0000][1][safepoint    ] Total time for which application threads were stopped: 0.0005590 seconds, Stopping threads took: 0.0002574 seconds
[2019-10-14T07:23:46.928+0000][1][safepoint    ] Application time: 0.0017641 seconds
[2019-10-14T07:23:46.928+0000][1][safepoint    ] Entering safepoint region: RevokeBias
[2019-10-14T07:23:46.929+0000][1][safepoint    ] Leaving safepoint region
[2019-10-14T07:23:46.929+0000][1][safepoint    ] Total time for which application threads were stopped: 0.0005334 seconds, Stopping threads took: 0.0002558 seconds
[2019-10-14T07:23:46.931+0000][1][safepoint    ] Application time: 0.0022064 seconds
[2019-10-14T07:23:46.932+0000][1][safepoint    ] Entering safepoint region: RevokeBias
[2019-10-14T07:23:46.932+0000][1][safepoint    ] Leaving safepoint region
[2019-10-14T07:23:46.932+0000][1][safepoint    ] Total time for which application threads were stopped: 0.0004222 seconds, Stopping threads took: 0.0001659 seconds
[2019-10-14T07:23:46.941+0000][1][safepoint    ] Application time: 0.0085815 seconds
[2019-10-14T07:23:46.941+0000][1][safepoint    ] Entering safepoint region: RevokeBias
[2019-10-14T07:23:46.942+0000][1][safepoint    ] Leaving safepoint region
[2019-10-14T07:23:46.942+0000][1][safepoint    ] Total time for which application threads were stopped: 0.0009711 seconds, Stopping threads took: 0.0002866 seconds
[2019-10-14T07:23:46.966+0000][1][safepoint    ] Application time: 0.0233569 seconds
[2019-10-14T07:23:46.968+0000][1][safepoint    ] Entering safepoint region: RevokeBias
[2019-10-14T07:23:46.969+0000][1][safepoint    ] Leaving safepoint region
[2019-10-14T07:23:46.969+0000][1][safepoint    ] Total time for which application threads were stopped: 0.0030448 seconds, Stopping threads took: 0.0024366 seconds
[2019-10-14T07:23:46.972+0000][1][safepoint    ] Application time: 0.0025801 seconds
[2019-10-14T07:23:46.973+0000][1][safepoint    ] Entering safepoint region: RevokeBias
[2019-10-14T07:23:46.973+0000][1][safepoint    ] Leaving safepoint region
[2019-10-14T07:23:46.974+0000][1][safepoint    ] Total time for which application threads were stopped: 0.0011756 seconds, Stopping threads took: 0.0006806 seconds
[2019-10-14T07:23:46.983+0000][1][safepoint    ] Application time: 0.0086829 seconds
[2019-10-14T07:23:46.983+0000][1][safepoint    ] Entering safepoint region: RevokeBias
[2019-10-14T07:23:46.984+0000][1][safepoint    ] Leaving safepoint region
[2019-10-14T07:23:46.984+0000][1][safepoint    ] Total time for which application threads were stopped: 0.0011252 seconds, Stopping threads took: 0.0005454 seconds
[2019-10-14T07:23:46.986+0000][1][safepoint    ] Application time: 0.0012008 seconds
[2019-10-14T07:23:46.986+0000][1][safepoint    ] Entering safepoint region: RevokeBias
[2019-10-14T07:23:46.987+0000][1][safepoint    ] Leaving safepoint region
[2019-10-14T07:23:46.987+0000][1][safepoint    ] Total time for which application threads were stopped: 0.0008143 seconds, Stopping threads took: 0.0004255 seconds
[2019-10-14T07:23:46.989+0000][1][safepoint    ] Application time: 0.0011557 seconds
[2019-10-14T07:23:46.989+0000][1][safepoint    ] Entering safepoint region: CollectForMetadataAllocation
[2019-10-14T07:23:46.990+0000][1][safepoint    ] Leaving safepoint region
[2019-10-14T07:23:46.991+0000][1][safepoint    ] Total time for which application threads were stopped: 0.0022097 seconds, Stopping threads took: 0.0006850 seconds
[2019-10-14T07:23:46.992+0000][1][safepoint    ] Application time: 0.0003445 seconds
[2019-10-14T07:23:46.998+0000][1][safepoint    ] Entering safepoint region: CollectForMetadataAllocation
[2019-10-14T07:23:46.998+0000][1][safepoint    ] Leaving safepoint region
[2019-10-14T07:23:46.999+0000][1][safepoint    ] Total time for which application threads were stopped: 0.0062830 seconds, Stopping threads took: 0.0058328 seconds
[2019-10-14T07:23:47.001+0000][1][safepoint    ] Application time: 0.0014853 seconds
[2019-10-14T07:23:47.001+0000][1][safepoint    ] Entering safepoint region: RevokeBias
[2019-10-14T07:23:47.002+0000][1][safepoint    ] Leaving safepoint region
[2019-10-14T07:23:47.002+0000][1][safepoint    ] Total time for which application threads were stopped: 0.0011975 seconds, Stopping threads took: 0.0008201 seconds
[2019-10-14T07:23:47.003+0000][1][safepoint    ] Application time: 0.0005573 seconds
[2019-10-14T07:23:47.003+0000][1][safepoint    ] Entering safepoint region: Deoptimize
[2019-10-14T07:23:47.005+0000][1][safepoint    ] Leaving safepoint region
[2019-10-14T07:23:47.005+0000][1][safepoint    ] Total time for which application threads were stopped: 0.0023338 seconds, Stopping threads took: 0.0005639 seconds
[2019-10-14T07:23:47.026+0000][1][safepoint    ] Application time: 0.0204522 seconds
[2019-10-14T07:23:47.027+0000][1][safepoint    ] Entering safepoint region: RevokeBias
[2019-10-14T07:23:47.028+0000][1][safepoint    ] Leaving safepoint region
[2019-10-14T07:23:47.028+0000][1][safepoint    ] Total time for which application threads were stopped: 0.0010431 seconds, Stopping threads took: 0.0007262 seconds
[2019-10-14T07:23:47.030+0000][1][safepoint    ] Application time: 0.0021648 seconds
[2019-10-14T07:23:47.031+0000][1][safepoint    ] Entering safepoint region: RevokeBias
[2019-10-14T07:23:47.031+0000][1][safepoint    ] Leaving safepoint region
[2019-10-14T07:23:47.031+0000][1][safepoint    ] Total time for which application threads were stopped: 0.0006608 seconds, Stopping threads took: 0.0002425 seconds
[2019-10-14T07:23:47.035+0000][1][safepoint    ] Application time: 0.0029915 seconds
[2019-10-14T07:23:47.035+0000][1][safepoint    ] Entering safepoint region: RevokeBias
[2019-10-14T07:23:47.036+0000][1][safepoint    ] Leaving safepoint region
[2019-10-14T07:23:47.036+0000][1][safepoint    ] Total time for which application threads were stopped: 0.0010522 seconds, Stopping threads took: 0.0004630 seconds
[2019-10-14T07:23:47.086+0000][1][safepoint    ] Application time: 0.0499279 seconds
[2019-10-14T07:23:47.087+0000][1][safepoint    ] Entering safepoint region: CollectForMetadataAllocation
[2019-10-14T07:23:47.087+0000][1][safepoint    ] Leaving safepoint region
[2019-10-14T07:23:47.088+0000][1][safepoint    ] Total time for which application threads were stopped: 0.0009352 seconds, Stopping threads took: 0.0003977 seconds
[2019-10-14T07:23:47.122+0000][1][safepoint    ] Application time: 0.0338330 seconds
[2019-10-14T07:23:47.125+0000][1][safepoint    ] Entering safepoint region: RevokeBias
[2019-10-14T07:23:47.125+0000][1][safepoint    ] Leaving safepoint region
[2019-10-14T07:23:47.126+0000][1][safepoint    ] Total time for which application threads were stopped: 0.0038541 seconds, Stopping threads took: 0.0034535 seconds
[2019-10-14T07:23:47.127+0000][1][safepoint    ] Application time: 0.0006760 seconds
[2019-10-14T07:23:47.130+0000][1][safepoint    ] Entering safepoint region: RevokeBias
[2019-10-14T07:23:47.130+0000][1][safepoint    ] Leaving safepoint region
[2019-10-14T07:23:47.131+0000][1][safepoint    ] Total time for which application threads were stopped: 0.0037629 seconds, Stopping threads took: 0.0031403 seconds
[2019-10-14T07:23:47.138+0000][1][safepoint    ] Application time: 0.0066984 seconds
[2019-10-14T07:23:47.141+0000][1][safepoint    ] Entering safepoint region: CollectForMetadataAllocation
[2019-10-14T07:23:47.142+0000][1][safepoint    ] Leaving safepoint region
[2019-10-14T07:23:47.142+0000][1][safepoint    ] Total time for which application threads were stopped: 0.0037684 seconds, Stopping threads took: 0.0033846 seconds
[2019-10-14T07:23:47.155+0000][1][safepoint    ] Application time: 0.0133170 seconds
[2019-10-14T07:23:47.156+0000][1][safepoint    ] Entering safepoint region: GenCollectForAllocation
[2019-10-14T07:23:47.156+0000][1][gc,start     ] GC(24) Pause Young (Allocation Failure)
[2019-10-14T07:23:47.156+0000][1][gc,task      ] GC(24) Using 2 workers of 2 for evacuation
[2019-10-14T07:23:47.175+0000][1][gc,age       ] GC(24) Desired survivor size 4456448 bytes, new threshold 3 (max threshold 6)
[2019-10-14T07:23:47.176+0000][1][gc,age       ] GC(24) Age table with threshold 3 (max threshold 6)
[2019-10-14T07:23:47.176+0000][1][gc,age       ] GC(24) - age   1:    3581064 bytes,    3581064 total
[2019-10-14T07:23:47.176+0000][1][gc,age       ] GC(24) - age   2:     763920 bytes,    4344984 total
[2019-10-14T07:23:47.176+0000][1][gc,age       ] GC(24) - age   3:    2409440 bytes,    6754424 total
[2019-10-14T07:23:47.177+0000][1][gc,heap      ] GC(24) ParNew: 76102K->8704K(78656K)
[2019-10-14T07:23:47.177+0000][1][gc,heap      ] GC(24) CMS: 67402K->67402K(174784K)
[2019-10-14T07:23:47.177+0000][1][gc,metaspace ] GC(24) Metaspace: 75647K->75647K(1118208K)
[2019-10-14T07:23:47.177+0000][1][gc           ] GC(24) Pause Young (Allocation Failure) 140M->74M(247M) 21.048ms
[2019-10-14T07:23:47.177+0000][1][gc,cpu       ] GC(24) User=0.02s Sys=0.00s Real=0.02s
[2019-10-14T07:23:47.178+0000][1][safepoint    ] Leaving safepoint region
[2019-10-14T07:23:47.178+0000][1][safepoint    ] Total time for which application threads were stopped: 0.0222005 seconds, Stopping threads took: 0.0003731 seconds
[2019-10-14T07:23:47.179+0000][1][safepoint    ] Application time: 0.0004538 seconds
[2019-10-14T07:23:47.179+0000][1][safepoint    ] Entering safepoint region: CMS_Initial_Mark
[2019-10-14T07:23:47.180+0000][1][gc,start     ] GC(25) Pause Initial Mark
[2019-10-14T07:23:47.183+0000][1][gc           ] GC(25) Pause Initial Mark 74M->74M(247M) 3.705ms
[2019-10-14T07:23:47.184+0000][1][gc,cpu       ] GC(25) User=0.01s Sys=0.00s Real=0.01s
[2019-10-14T07:23:47.184+0000][1][safepoint    ] Leaving safepoint region
[2019-10-14T07:23:47.184+0000][1][safepoint    ] Total time for which application threads were stopped: 0.0050825 seconds, Stopping threads took: 0.0006243 seconds
[2019-10-14T07:23:47.185+0000][1][gc           ] GC(25) Concurrent Mark
[2019-10-14T07:23:47.194+0000][1][safepoint    ] Application time: 0.0100530 seconds
[2019-10-14T07:23:47.195+0000][1][safepoint    ] Entering safepoint region: RevokeBias
[2019-10-14T07:23:47.195+0000][1][safepoint    ] Leaving safepoint region
[2019-10-14T07:23:47.196+0000][1][safepoint    ] Total time for which application threads were stopped: 0.0009746 seconds, Stopping threads took: 0.0003108 seconds
[2019-10-14T07:23:47.203+0000][1][safepoint    ] Application time: 0.0065134 seconds
[2019-10-14T07:23:47.203+0000][1][safepoint    ] Entering safepoint region: RevokeBias
[2019-10-14T07:23:47.204+0000][1][safepoint    ] Leaving safepoint region
[2019-10-14T07:23:47.205+0000][1][safepoint    ] Total time for which application threads were stopped: 0.0022567 seconds, Stopping threads took: 0.0003951 seconds
[2019-10-14T07:23:47.212+0000][1][safepoint    ] Application time: 0.0070915 seconds
[2019-10-14T07:23:47.213+0000][1][safepoint    ] Entering safepoint region: CollectForMetadataAllocation
[2019-10-14T07:23:47.213+0000][1][safepoint    ] Leaving safepoint region
[2019-10-14T07:23:47.214+0000][1][safepoint    ] Total time for which application threads were stopped: 0.0009414 seconds, Stopping threads took: 0.0005045 seconds
[2019-10-14T07:23:47.232+0000][1][safepoint    ] Application time: 0.0180836 seconds
[2019-10-14T07:23:47.233+0000][1][safepoint    ] Entering safepoint region: BulkRevokeBias
[2019-10-14T07:23:47.233+0000][1][safepoint    ] Leaving safepoint region
[2019-10-14T07:23:47.233+0000][1][safepoint    ] Total time for which application threads were stopped: 0.0009281 seconds, Stopping threads took: 0.0004770 seconds
[2019-10-14T07:23:47.255+0000][1][safepoint    ] Application time: 0.0219216 seconds
[2019-10-14T07:23:47.258+0000][1][safepoint    ] Entering safepoint region: RevokeBias
[2019-10-14T07:23:47.258+0000][1][safepoint    ] Leaving safepoint region
[2019-10-14T07:23:47.259+0000][1][safepoint    ] Total time for which application threads were stopped: 0.0006039 seconds, Stopping threads took: 0.0003176 seconds
[2019-10-14T07:23:47.266+0000][1][safepoint    ] Application time: 0.0071768 seconds
[2019-10-14T07:23:47.266+0000][1][safepoint    ] Entering safepoint region: RevokeBias
[2019-10-14T07:23:47.267+0000][1][safepoint    ] Leaving safepoint region
[2019-10-14T07:23:47.267+0000][1][safepoint    ] Total time for which application threads were stopped: 0.0008279 seconds, Stopping threads took: 0.0003681 seconds
[2019-10-14T07:23:47.283+0000][1][safepoint    ] Application time: 0.0155004 seconds
[2019-10-14T07:23:47.286+0000][1][safepoint    ] Entering safepoint region: RevokeBias
[2019-10-14T07:23:47.287+0000][1][safepoint    ] Leaving safepoint region
[2019-10-14T07:23:47.287+0000][1][safepoint    ] Total time for which application threads were stopped: 0.0040106 seconds, Stopping threads took: 0.0035131 seconds
[2019-10-14T07:23:47.379+0000][1][safepoint    ] Application time: 0.0915683 seconds
[2019-10-14T07:23:47.379+0000][1][safepoint    ] Entering safepoint region: RevokeBias
[2019-10-14T07:23:47.380+0000][1][safepoint    ] Leaving safepoint region
[2019-10-14T07:23:47.380+0000][1][safepoint    ] Total time for which application threads were stopped: 0.0005368 seconds, Stopping threads took: 0.0002479 seconds
[2019-10-14T07:23:47.388+0000][1][safepoint    ] Application time: 0.0080428 seconds
[2019-10-14T07:23:47.389+0000][1][safepoint    ] Entering safepoint region: RevokeBias
[2019-10-14T07:23:47.389+0000][1][safepoint    ] Leaving safepoint region
[2019-10-14T07:23:47.389+0000][1][safepoint    ] Total time for which application threads were stopped: 0.0007664 seconds, Stopping threads took: 0.0003834 seconds
[2019-10-14T07:23:47.390+0000][1][safepoint    ] Application time: 0.0006337 seconds
[2019-10-14T07:23:47.392+0000][1][safepoint    ] Entering safepoint region: RevokeBias
[2019-10-14T07:23:47.394+0000][1][safepoint    ] Leaving safepoint region
[2019-10-14T07:23:47.395+0000][1][safepoint    ] Total time for which application threads were stopped: 0.0033779 seconds, Stopping threads took: 0.0021180 seconds
[2019-10-14T07:23:47.402+0000][1][gc           ] GC(25) Concurrent Mark 217.483ms
[2019-10-14T07:23:47.403+0000][1][gc,cpu       ] GC(25) User=0.25s Sys=0.05s Real=0.21s
[2019-10-14T07:23:47.404+0000][1][safepoint    ] Application time: 0.0074010 seconds
[2019-10-14T07:23:47.408+0000][1][safepoint    ] Entering safepoint region: RevokeBias
[2019-10-14T07:23:47.408+0000][1][safepoint    ] Leaving safepoint region
[2019-10-14T07:23:47.409+0000][1][safepoint    ] Total time for which application threads were stopped: 0.0053029 seconds, Stopping threads took: 0.0044482 seconds
[2019-10-14T07:23:47.409+0000][1][gc           ] GC(25) Concurrent Preclean
[2019-10-14T07:23:47.414+0000][1][gc           ] GC(25) Concurrent Preclean 4.746ms
[2019-10-14T07:23:47.415+0000][1][gc,cpu       ] GC(25) User=0.00s Sys=0.01s Real=0.01s
[2019-10-14T07:23:47.415+0000][1][gc           ] GC(25) Concurrent Abortable Preclean
[2019-10-14T07:23:47.433+0000][1][safepoint    ] Application time: 0.0240674 seconds
[2019-10-14T07:23:47.439+0000][1][safepoint    ] Entering safepoint region: RevokeBias
[2019-10-14T07:23:47.440+0000][1][safepoint    ] Leaving safepoint region
[2019-10-14T07:23:47.440+0000][1][safepoint    ] Total time for which application threads were stopped: 0.0008991 seconds, Stopping threads took: 0.0005512 seconds
[2019-10-14T07:23:47.496+0000][1][safepoint    ] Application time: 0.0557600 seconds
[2019-10-14T07:23:47.497+0000][1][safepoint    ] Entering safepoint region: CollectForMetadataAllocation
[2019-10-14T07:23:47.497+0000][1][safepoint    ] Leaving safepoint region
[2019-10-14T07:23:47.497+0000][1][safepoint    ] Total time for which application threads were stopped: 0.0009471 seconds, Stopping threads took: 0.0003457 seconds
[2019-10-14T07:23:47.533+0000][1][safepoint    ] Application time: 0.0354276 seconds
[2019-10-14T07:23:47.534+0000][1][safepoint    ] Entering safepoint region: RevokeBias
[2019-10-14T07:23:47.535+0000][1][safepoint    ] Leaving safepoint region
[2019-10-14T07:23:47.535+0000][1][safepoint    ] Total time for which application threads were stopped: 0.0008590 seconds, Stopping threads took: 0.0003254 seconds
[2019-10-14T07:23:47.536+0000][1][safepoint    ] Application time: 0.0003618 seconds
[2019-10-14T07:23:47.536+0000][1][safepoint    ] Entering safepoint region: RevokeBias
[2019-10-14T07:23:47.537+0000][1][safepoint    ] Leaving safepoint region
[2019-10-14T07:23:47.537+0000][1][safepoint    ] Total time for which application threads were stopped: 0.0006580 seconds, Stopping threads took: 0.0003846 seconds
[2019-10-14T07:23:47.544+0000][1][safepoint    ] Application time: 0.0066976 seconds
[2019-10-14T07:23:47.544+0000][1][safepoint    ] Entering safepoint region: RevokeBias
[2019-10-14T07:23:47.545+0000][1][safepoint    ] Leaving safepoint region
[2019-10-14T07:23:47.545+0000][1][safepoint    ] Total time for which application threads were stopped: 0.0007175 seconds, Stopping threads took: 0.0003868 seconds
[2019-10-14T07:23:47.545+0000][1][safepoint    ] Application time: 0.0003365 seconds
[2019-10-14T07:23:47.546+0000][1][safepoint    ] Entering safepoint region: RevokeBias
[2019-10-14T07:23:47.546+0000][1][safepoint    ] Leaving safepoint region
[2019-10-14T07:23:47.546+0000][1][safepoint    ] Total time for which application threads were stopped: 0.0006448 seconds, Stopping threads took: 0.0004044 seconds
[2019-10-14T07:23:47.547+0000][1][safepoint    ] Application time: 0.0002821 seconds
[2019-10-14T07:23:47.547+0000][1][safepoint    ] Entering safepoint region: RevokeBias
[2019-10-14T07:23:47.547+0000][1][safepoint    ] Leaving safepoint region
[2019-10-14T07:23:47.548+0000][1][safepoint    ] Total time for which application threads were stopped: 0.0014105 seconds, Stopping threads took: 0.0004527 seconds
[2019-10-14T07:23:47.550+0000][1][safepoint    ] Application time: 0.0009061 seconds
[2019-10-14T07:23:47.551+0000][1][safepoint    ] Entering safepoint region: RevokeBias
[2019-10-14T07:23:47.551+0000][1][safepoint    ] Leaving safepoint region
[2019-10-14T07:23:47.552+0000][1][safepoint    ] Total time for which application threads were stopped: 0.0010932 seconds, Stopping threads took: 0.0005230 seconds
[2019-10-14T07:23:47.560+0000][1][safepoint    ] Application time: 0.0079232 seconds
[2019-10-14T07:23:47.560+0000][1][safepoint    ] Entering safepoint region: RevokeBias
[2019-10-14T07:23:47.561+0000][1][safepoint    ] Leaving safepoint region
[2019-10-14T07:23:47.562+0000][1][safepoint    ] Total time for which application threads were stopped: 0.0013626 seconds, Stopping threads took: 0.0007129 seconds
[2019-10-14T07:23:47.562+0000][1][safepoint    ] Application time: 0.0002465 seconds
[2019-10-14T07:23:47.563+0000][1][safepoint    ] Entering safepoint region: RevokeBias
[2019-10-14T07:23:47.564+0000][1][safepoint    ] Leaving safepoint region
[2019-10-14T07:23:47.564+0000][1][safepoint    ] Total time for which application threads were stopped: 0.0010452 seconds, Stopping threads took: 0.0005705 seconds
[2019-10-14T07:23:47.565+0000][1][safepoint    ] Application time: 0.0002050 seconds
[2019-10-14T07:23:47.566+0000][1][safepoint    ] Entering safepoint region: RevokeBias
[2019-10-14T07:23:47.567+0000][1][safepoint    ] Leaving safepoint region
[2019-10-14T07:23:47.567+0000][1][safepoint    ] Total time for which application threads were stopped: 0.0020221 seconds, Stopping threads took: 0.0017520 seconds
[2019-10-14T07:23:47.568+0000][1][safepoint    ] Application time: 0.0002512 seconds
[2019-10-14T07:23:47.568+0000][1][safepoint    ] Entering safepoint region: RevokeBias
[2019-10-14T07:23:47.569+0000][1][safepoint    ] Leaving safepoint region
[2019-10-14T07:23:47.569+0000][1][safepoint    ] Total time for which application threads were stopped: 0.0007764 seconds, Stopping threads took: 0.0004486 seconds
[2019-10-14T07:23:47.569+0000][1][safepoint    ] Application time: 0.0003069 seconds
[2019-10-14T07:23:47.570+0000][1][safepoint    ] Entering safepoint region: RevokeBias
[2019-10-14T07:23:47.570+0000][1][safepoint    ] Leaving safepoint region
[2019-10-14T07:23:47.570+0000][1][safepoint    ] Total time for which application threads were stopped: 0.0005446 seconds, Stopping threads took: 0.0002259 seconds
[2019-10-14T07:23:47.571+0000][1][safepoint    ] Application time: 0.0000892 seconds
[2019-10-14T07:23:47.571+0000][1][safepoint    ] Entering safepoint region: RevokeBias
[2019-10-14T07:23:47.572+0000][1][safepoint    ] Leaving safepoint region
[2019-10-14T07:23:47.572+0000][1][safepoint    ] Total time for which application threads were stopped: 0.0011375 seconds, Stopping threads took: 0.0007740 seconds
[2019-10-14T07:23:47.572+0000][1][safepoint    ] Application time: 0.0001023 seconds
[2019-10-14T07:23:47.573+0000][1][safepoint    ] Entering safepoint region: RevokeBias
[2019-10-14T07:23:47.573+0000][1][safepoint    ] Leaving safepoint region
[2019-10-14T07:23:47.573+0000][1][safepoint    ] Total time for which application threads were stopped: 0.0005685 seconds, Stopping threads took: 0.0002977 seconds
[2019-10-14T07:23:47.573+0000][1][safepoint    ] Application time: 0.0001443 seconds
[2019-10-14T07:23:47.574+0000][1][safepoint    ] Entering safepoint region: RevokeBias
[2019-10-14T07:23:47.575+0000][1][safepoint    ] Leaving safepoint region
[2019-10-14T07:23:47.575+0000][1][safepoint    ] Total time for which application threads were stopped: 0.0004985 seconds, Stopping threads took: 0.0002136 seconds
[2019-10-14T07:23:47.575+0000][1][safepoint    ] Application time: 0.0003563 seconds
[2019-10-14T07:23:47.576+0000][1][safepoint    ] Entering safepoint region: RevokeBias
[2019-10-14T07:23:47.576+0000][1][safepoint    ] Leaving safepoint region
[2019-10-14T07:23:47.577+0000][1][safepoint    ] Total time for which application threads were stopped: 0.0008617 seconds, Stopping threads took: 0.0002908 seconds
[2019-10-14T07:23:47.578+0000][1][safepoint    ] Application time: 0.0004323 seconds
[2019-10-14T07:23:47.578+0000][1][safepoint    ] Entering safepoint region: RevokeBias
[2019-10-14T07:23:47.578+0000][1][safepoint    ] Leaving safepoint region
[2019-10-14T07:23:47.578+0000][1][safepoint    ] Total time for which application threads were stopped: 0.0004758 seconds, Stopping threads took: 0.0002575 seconds
[2019-10-14T07:23:47.580+0000][1][safepoint    ] Application time: 0.0010799 seconds
[2019-10-14T07:23:47.581+0000][1][safepoint    ] Entering safepoint region: RevokeBias
[2019-10-14T07:23:47.581+0000][1][safepoint    ] Leaving safepoint region
[2019-10-14T07:23:47.581+0000][1][safepoint    ] Total time for which application threads were stopped: 0.0005071 seconds, Stopping threads took: 0.0002316 seconds
[2019-10-14T07:23:47.582+0000][1][safepoint    ] Application time: 0.0002245 seconds
[2019-10-14T07:23:47.582+0000][1][safepoint    ] Entering safepoint region: RevokeBias
[2019-10-14T07:23:47.583+0000][1][safepoint    ] Leaving safepoint region
[2019-10-14T07:23:47.583+0000][1][safepoint    ] Total time for which application threads were stopped: 0.0008496 seconds, Stopping threads took: 0.0003289 seconds
[2019-10-14T07:23:47.586+0000][1][safepoint    ] Application time: 0.0026155 seconds
[2019-10-14T07:23:47.587+0000][1][safepoint    ] Entering safepoint region: RevokeBias
[2019-10-14T07:23:47.587+0000][1][safepoint    ] Leaving safepoint region
[2019-10-14T07:23:47.587+0000][1][safepoint    ] Total time for which application threads were stopped: 0.0007385 seconds, Stopping threads took: 0.0003419 seconds
[2019-10-14T07:23:47.589+0000][1][safepoint    ] Application time: 0.0005108 seconds
[2019-10-14T07:23:47.589+0000][1][safepoint    ] Entering safepoint region: RevokeBias
[2019-10-14T07:23:47.592+0000][1][safepoint    ] Leaving safepoint region
[2019-10-14T07:23:47.593+0000][1][safepoint    ] Total time for which application threads were stopped: 0.0032405 seconds, Stopping threads took: 0.0023428 seconds
[2019-10-14T07:23:47.593+0000][1][safepoint    ] Application time: 0.0001580 seconds
[2019-10-14T07:23:47.594+0000][1][safepoint    ] Entering safepoint region: RevokeBias
[2019-10-14T07:23:47.594+0000][1][safepoint    ] Leaving safepoint region
[2019-10-14T07:23:47.594+0000][1][safepoint    ] Total time for which application threads were stopped: 0.0007825 seconds, Stopping threads took: 0.0003473 seconds
[2019-10-14T07:23:47.595+0000][1][safepoint    ] Application time: 0.0001169 seconds
[2019-10-14T07:23:47.595+0000][1][safepoint    ] Entering safepoint region: BulkRevokeBias
[2019-10-14T07:23:47.597+0000][1][safepoint    ] Leaving safepoint region
[2019-10-14T07:23:47.597+0000][1][safepoint    ] Total time for which application threads were stopped: 0.0017170 seconds, Stopping threads took: 0.0009473 seconds
[2019-10-14T07:23:47.694+0000][1][safepoint    ] Application time: 0.0965254 seconds
[2019-10-14T07:23:47.697+0000][1][safepoint    ] Entering safepoint region: RevokeBias
[2019-10-14T07:23:47.698+0000][1][safepoint    ] Leaving safepoint region
[2019-10-14T07:23:47.698+0000][1][safepoint    ] Total time for which application threads were stopped: 0.0039729 seconds, Stopping threads took: 0.0033118 seconds
[2019-10-14T07:23:47.753+0000][1][safepoint    ] Application time: 0.0542891 seconds
[2019-10-14T07:23:47.764+0000][1][safepoint    ] Entering safepoint region: RevokeBias
[2019-10-14T07:23:47.764+0000][1][safepoint    ] Leaving safepoint region
[2019-10-14T07:23:47.765+0000][1][safepoint    ] Total time for which application threads were stopped: 0.0116698 seconds, Stopping threads took: 0.0113052 seconds
[2019-10-14T07:23:47.777+0000][1][safepoint    ] Application time: 0.0125375 seconds
[2019-10-14T07:23:47.778+0000][1][safepoint    ] Entering safepoint region: RevokeBias
[2019-10-14T07:23:47.778+0000][1][safepoint    ] Leaving safepoint region
[2019-10-14T07:23:47.778+0000][1][safepoint    ] Total time for which application threads were stopped: 0.0006917 seconds, Stopping threads took: 0.0003115 seconds
[2019-10-14T07:23:47.784+0000][1][safepoint    ] Application time: 0.0055919 seconds
[2019-10-14T07:23:47.788+0000][1][safepoint    ] Entering safepoint region: RevokeBias
[2019-10-14T07:23:47.789+0000][1][safepoint    ] Leaving safepoint region
[2019-10-14T07:23:47.789+0000][1][safepoint    ] Total time for which application threads were stopped: 0.0047954 seconds, Stopping threads took: 0.0042499 seconds
[2019-10-14T07:23:47.806+0000][1][safepoint    ] Application time: 0.0161598 seconds
[2019-10-14T07:23:47.809+0000][1][safepoint    ] Entering safepoint region: RevokeBias
[2019-10-14T07:23:47.810+0000][1][safepoint    ] Leaving safepoint region
[2019-10-14T07:23:47.810+0000][1][safepoint    ] Total time for which application threads were stopped: 0.0038416 seconds, Stopping threads took: 0.0033909 seconds
[2019-10-14T07:23:47.811+0000][1][safepoint    ] Application time: 0.0001438 seconds
[2019-10-14T07:23:47.811+0000][1][safepoint    ] Entering safepoint region: RevokeBias
[2019-10-14T07:23:47.812+0000][1][safepoint    ] Leaving safepoint region
[2019-10-14T07:23:47.812+0000][1][safepoint    ] Total time for which application threads were stopped: 0.0013638 seconds, Stopping threads took: 0.0007746 seconds
[2019-10-14T07:23:47.813+0000][1][safepoint    ] Application time: 0.0001331 seconds
[2019-10-14T07:23:47.813+0000][1][safepoint    ] Entering safepoint region: RevokeBias
[2019-10-14T07:23:47.813+0000][1][safepoint    ] Leaving safepoint region
[2019-10-14T07:23:47.813+0000][1][safepoint    ] Total time for which application threads were stopped: 0.0004810 seconds, Stopping threads took: 0.0001998 seconds
[2019-10-14T07:23:47.820+0000][1][safepoint    ] Application time: 0.0060012 seconds
[2019-10-14T07:23:47.820+0000][1][safepoint    ] Entering safepoint region: RevokeBias
[2019-10-14T07:23:47.820+0000][1][safepoint    ] Leaving safepoint region
[2019-10-14T07:23:47.821+0000][1][safepoint    ] Total time for which application threads were stopped: 0.0006713 seconds, Stopping threads took: 0.0004036 seconds
[2019-10-14T07:23:47.835+0000][1][safepoint    ] Application time: 0.0143290 seconds
[2019-10-14T07:23:47.836+0000][1][safepoint    ] Entering safepoint region: RevokeBias
[2019-10-14T07:23:47.836+0000][1][safepoint    ] Leaving safepoint region
[2019-10-14T07:23:47.836+0000][1][safepoint    ] Total time for which application threads were stopped: 0.0007269 seconds, Stopping threads took: 0.0003764 seconds
[2019-10-14T07:23:47.837+0000][1][safepoint    ] Application time: 0.0004637 seconds
[2019-10-14T07:23:47.837+0000][1][safepoint    ] Entering safepoint region: RevokeBias
[2019-10-14T07:23:47.838+0000][1][safepoint    ] Leaving safepoint region
[2019-10-14T07:23:47.838+0000][1][safepoint    ] Total time for which application threads were stopped: 0.0005719 seconds, Stopping threads took: 0.0002902 seconds
[2019-10-14T07:23:47.838+0000][1][safepoint    ] Application time: 0.0003093 seconds
[2019-10-14T07:23:47.839+0000][1][safepoint    ] Entering safepoint region: RevokeBias
[2019-10-14T07:23:47.839+0000][1][safepoint    ] Leaving safepoint region
[2019-10-14T07:23:47.839+0000][1][safepoint    ] Total time for which application threads were stopped: 0.0007183 seconds, Stopping threads took: 0.0004036 seconds
[2019-10-14T07:23:47.840+0000][1][safepoint    ] Application time: 0.0007786 seconds
[2019-10-14T07:23:47.841+0000][1][safepoint    ] Entering safepoint region: RevokeBias
[2019-10-14T07:23:47.841+0000][1][safepoint    ] Leaving safepoint region
[2019-10-14T07:23:47.841+0000][1][safepoint    ] Total time for which application threads were stopped: 0.0006170 seconds, Stopping threads took: 0.0003341 seconds
[2019-10-14T07:23:47.853+0000][1][safepoint    ] Application time: 0.0112560 seconds
[2019-10-14T07:23:47.853+0000][1][safepoint    ] Entering safepoint region: RevokeBias
[2019-10-14T07:23:47.854+0000][1][safepoint    ] Leaving safepoint region
[2019-10-14T07:23:47.854+0000][1][safepoint    ] Total time for which application threads were stopped: 0.0007184 seconds, Stopping threads took: 0.0003733 seconds
[2019-10-14T07:23:47.892+0000][1][safepoint    ] Application time: 0.0378674 seconds
[2019-10-14T07:23:47.892+0000][1][safepoint    ] Entering safepoint region: RevokeBias
[2019-10-14T07:23:47.893+0000][1][safepoint    ] Leaving safepoint region
[2019-10-14T07:23:47.893+0000][1][safepoint    ] Total time for which application threads were stopped: 0.0005273 seconds, Stopping threads took: 0.0002676 seconds
[2019-10-14T07:23:47.926+0000][1][safepoint    ] Application time: 0.0331066 seconds
[2019-10-14T07:23:47.927+0000][1][safepoint    ] Entering safepoint region: RevokeBias
[2019-10-14T07:23:47.927+0000][1][safepoint    ] Leaving safepoint region
[2019-10-14T07:23:47.927+0000][1][safepoint    ] Total time for which application threads were stopped: 0.0006686 seconds, Stopping threads took: 0.0003557 seconds
[2019-10-14T07:23:47.928+0000][1][safepoint    ] Application time: 0.0003535 seconds
[2019-10-14T07:23:47.933+0000][1][safepoint    ] Entering safepoint region: RevokeBias
[2019-10-14T07:23:47.933+0000][1][safepoint    ] Leaving safepoint region
[2019-10-14T07:23:47.934+0000][1][safepoint    ] Total time for which application threads were stopped: 0.0055118 seconds, Stopping threads took: 0.0050110 seconds
[2019-10-14T07:23:47.936+0000][1][safepoint    ] Application time: 0.0016812 seconds
[2019-10-14T07:23:47.936+0000][1][safepoint    ] Entering safepoint region: RevokeBias
[2019-10-14T07:23:47.936+0000][1][safepoint    ] Leaving safepoint region
[2019-10-14T07:23:47.937+0000][1][safepoint    ] Total time for which application threads were stopped: 0.0008382 seconds, Stopping threads took: 0.0004489 seconds
[2019-10-14T07:23:47.970+0000][1][safepoint    ] Application time: 0.0329860 seconds
[2019-10-14T07:23:47.970+0000][1][safepoint    ] Entering safepoint region: RevokeBias
[2019-10-14T07:23:47.971+0000][1][safepoint    ] Leaving safepoint region
[2019-10-14T07:23:47.971+0000][1][safepoint    ] Total time for which application threads were stopped: 0.0006166 seconds, Stopping threads took: 0.0002907 seconds
[2019-10-14T07:23:47.975+0000][1][safepoint    ] Application time: 0.0041123 seconds
[2019-10-14T07:23:47.977+0000][1][safepoint    ] Entering safepoint region: RevokeBias
[2019-10-14T07:23:47.978+0000][1][safepoint    ] Leaving safepoint region
[2019-10-14T07:23:47.978+0000][1][safepoint    ] Total time for which application threads were stopped: 0.0024420 seconds, Stopping threads took: 0.0021526 seconds
[2019-10-14T07:23:47.982+0000][1][safepoint    ] Application time: 0.0034356 seconds
[2019-10-14T07:23:47.982+0000][1][safepoint    ] Entering safepoint region: RevokeBias
[2019-10-14T07:23:47.983+0000][1][safepoint    ] Leaving safepoint region
[2019-10-14T07:23:47.983+0000][1][safepoint    ] Total time for which application threads were stopped: 0.0008801 seconds, Stopping threads took: 0.0004828 seconds
[2019-10-14T07:23:48.245+0000][1][safepoint    ] Application time: 0.2618746 seconds
[2019-10-14T07:23:48.245+0000][1][safepoint    ] Entering safepoint region: RevokeBias
[2019-10-14T07:23:48.246+0000][1][safepoint    ] Leaving safepoint region
[2019-10-14T07:23:48.246+0000][1][safepoint    ] Total time for which application threads were stopped: 0.0005627 seconds, Stopping threads took: 0.0002499 seconds
[2019-10-14T07:23:48.262+0000][1][safepoint    ] Application time: 0.0155468 seconds
[2019-10-14T07:23:48.262+0000][1][safepoint    ] Entering safepoint region: CollectForMetadataAllocation
[2019-10-14T07:23:48.263+0000][1][safepoint    ] Leaving safepoint region
[2019-10-14T07:23:48.263+0000][1][safepoint    ] Total time for which application threads were stopped: 0.0008899 seconds, Stopping threads took: 0.0003947 seconds
[2019-10-14T07:23:48.265+0000][1][safepoint    ] Application time: 0.0020114 seconds
[2019-10-14T07:23:48.266+0000][1][safepoint    ] Entering safepoint region: CollectForMetadataAllocation
[2019-10-14T07:23:48.266+0000][1][safepoint    ] Leaving safepoint region
[2019-10-14T07:23:48.267+0000][1][safepoint    ] Total time for which application threads were stopped: 0.0008544 seconds, Stopping threads took: 0.0003633 seconds
[2019-10-14T07:23:48.308+0000][1][safepoint    ] Application time: 0.0406630 seconds
[2019-10-14T07:23:48.308+0000][1][safepoint    ] Entering safepoint region: RevokeBias
[2019-10-14T07:23:48.309+0000][1][safepoint    ] Leaving safepoint region
[2019-10-14T07:23:48.309+0000][1][safepoint    ] Total time for which application threads were stopped: 0.0006101 seconds, Stopping threads took: 0.0002936 seconds
[2019-10-14T07:23:48.334+0000][1][safepoint    ] Application time: 0.0247160 seconds
[2019-10-14T07:23:48.334+0000][1][safepoint    ] Entering safepoint region: RevokeBias
[2019-10-14T07:23:48.335+0000][1][safepoint    ] Leaving safepoint region
[2019-10-14T07:23:48.335+0000][1][safepoint    ] Total time for which application threads were stopped: 0.0007249 seconds, Stopping threads took: 0.0003567 seconds
[2019-10-14T07:23:48.386+0000][1][safepoint    ] Application time: 0.0506588 seconds
[2019-10-14T07:23:48.386+0000][1][safepoint    ] Entering safepoint region: RevokeBias
[2019-10-14T07:23:48.387+0000][1][safepoint    ] Leaving safepoint region
[2019-10-14T07:23:48.387+0000][1][safepoint    ] Total time for which application threads were stopped: 0.0008530 seconds, Stopping threads took: 0.0004142 seconds
[2019-10-14T07:23:48.392+0000][1][safepoint    ] Application time: 0.0041317 seconds
[2019-10-14T07:23:48.392+0000][1][safepoint    ] Entering safepoint region: RevokeBias
[2019-10-14T07:23:48.393+0000][1][safepoint    ] Leaving safepoint region
[2019-10-14T07:23:48.393+0000][1][safepoint    ] Total time for which application threads were stopped: 0.0010288 seconds, Stopping threads took: 0.0006008 seconds
[2019-10-14T07:23:48.394+0000][1][safepoint    ] Application time: 0.0000684 seconds
[2019-10-14T07:23:48.394+0000][1][safepoint    ] Entering safepoint region: RevokeBias
[2019-10-14T07:23:48.395+0000][1][safepoint    ] Leaving safepoint region
[2019-10-14T07:23:48.395+0000][1][safepoint    ] Total time for which application threads were stopped: 0.0008511 seconds, Stopping threads took: 0.0004840 seconds
[2019-10-14T07:23:48.395+0000][1][safepoint    ] Application time: 0.0000870 seconds
[2019-10-14T07:23:48.396+0000][1][safepoint    ] Entering safepoint region: RevokeBias
[2019-10-14T07:23:48.396+0000][1][safepoint    ] Leaving safepoint region
[2019-10-14T07:23:48.396+0000][1][safepoint    ] Total time for which application threads were stopped: 0.0007121 seconds, Stopping threads took: 0.0003463 seconds
[2019-10-14T07:23:48.397+0000][1][safepoint    ] Application time: 0.0000785 seconds
[2019-10-14T07:23:48.397+0000][1][safepoint    ] Entering safepoint region: RevokeBias
[2019-10-14T07:23:48.398+0000][1][safepoint    ] Leaving safepoint region
[2019-10-14T07:23:48.398+0000][1][safepoint    ] Total time for which application threads were stopped: 0.0011219 seconds, Stopping threads took: 0.0004637 seconds
[2019-10-14T07:23:48.401+0000][1][safepoint    ] Application time: 0.0020560 seconds
[2019-10-14T07:23:48.402+0000][1][safepoint    ] Entering safepoint region: BulkRevokeBias
[2019-10-14T07:23:48.402+0000][1][safepoint    ] Leaving safepoint region
[2019-10-14T07:23:48.403+0000][1][safepoint    ] Total time for which application threads were stopped: 0.0011653 seconds, Stopping threads took: 0.0005672 seconds
[2019-10-14T07:23:48.433+0000][1][safepoint    ] Application time: 0.0298678 seconds
[2019-10-14T07:23:48.434+0000][1][safepoint    ] Entering safepoint region: BulkRevokeBias
[2019-10-14T07:23:48.434+0000][1][safepoint    ] Leaving safepoint region
[2019-10-14T07:23:48.435+0000][1][safepoint    ] Total time for which application threads were stopped: 0.0013849 seconds, Stopping threads took: 0.0005729 seconds
[2019-10-14T07:23:48.449+0000][1][safepoint    ] Application time: 0.0144609 seconds
[2019-10-14T07:23:48.450+0000][1][safepoint    ] Entering safepoint region: RevokeBias
[2019-10-14T07:23:48.450+0000][1][safepoint    ] Leaving safepoint region
[2019-10-14T07:23:48.451+0000][1][safepoint    ] Total time for which application threads were stopped: 0.0007901 seconds, Stopping threads took: 0.0003208 seconds
[2019-10-14T07:23:48.451+0000][1][safepoint    ] Application time: 0.0000475 seconds
[2019-10-14T07:23:48.455+0000][1][safepoint    ] Entering safepoint region: RevokeBias
[2019-10-14T07:23:48.457+0000][1][safepoint    ] Leaving safepoint region
[2019-10-14T07:23:48.457+0000][1][safepoint    ] Total time for which application threads were stopped: 0.0020332 seconds, Stopping threads took: 0.0015459 seconds
[2019-10-14T07:23:48.458+0000][1][safepoint    ] Application time: 0.0004763 seconds
[2019-10-14T07:23:48.459+0000][1][safepoint    ] Entering safepoint region: RevokeBias
[2019-10-14T07:23:48.459+0000][1][safepoint    ] Leaving safepoint region
[2019-10-14T07:23:48.459+0000][1][safepoint    ] Total time for which application threads were stopped: 0.0008978 seconds, Stopping threads took: 0.0004975 seconds
[2019-10-14T07:23:48.460+0000][1][safepoint    ] Application time: 0.0002925 seconds
[2019-10-14T07:23:48.460+0000][1][safepoint    ] Entering safepoint region: RevokeBias
[2019-10-14T07:23:48.461+0000][1][safepoint    ] Leaving safepoint region
[2019-10-14T07:23:48.461+0000][1][safepoint    ] Total time for which application threads were stopped: 0.0006527 seconds, Stopping threads took: 0.0003556 seconds
[2019-10-14T07:23:48.481+0000][1][safepoint    ] Application time: 0.0193282 seconds
[2019-10-14T07:23:48.483+0000][1][safepoint    ] Entering safepoint region: RevokeBias
[2019-10-14T07:23:48.483+0000][1][safepoint    ] Leaving safepoint region
[2019-10-14T07:23:48.484+0000][1][safepoint    ] Total time for which application threads were stopped: 0.0011601 seconds, Stopping threads took: 0.0007396 seconds
[2019-10-14T07:23:48.495+0000][1][safepoint    ] Application time: 0.0109679 seconds
[2019-10-14T07:23:48.496+0000][1][safepoint    ] Entering safepoint region: RevokeBias
[2019-10-14T07:23:48.496+0000][1][safepoint    ] Leaving safepoint region
[2019-10-14T07:23:48.496+0000][1][safepoint    ] Total time for which application threads were stopped: 0.0008189 seconds, Stopping threads took: 0.0004146 seconds
[2019-10-14T07:23:48.502+0000][1][safepoint    ] Application time: 0.0049448 seconds
[2019-10-14T07:23:48.506+0000][1][safepoint    ] Entering safepoint region: RevokeBias
[2019-10-14T07:23:48.506+0000][1][safepoint    ] Leaving safepoint region
[2019-10-14T07:23:48.507+0000][1][safepoint    ] Total time for which application threads were stopped: 0.0044125 seconds, Stopping threads took: 0.0038129 seconds
[2019-10-14T07:23:48.508+0000][1][safepoint    ] Application time: 0.0004137 seconds
[2019-10-14T07:23:48.508+0000][1][safepoint    ] Entering safepoint region: RevokeBias
[2019-10-14T07:23:48.509+0000][1][safepoint    ] Leaving safepoint region
[2019-10-14T07:23:48.509+0000][1][safepoint    ] Total time for which application threads were stopped: 0.0008983 seconds, Stopping threads took: 0.0004796 seconds
[2019-10-14T07:23:48.516+0000][1][safepoint    ] Application time: 0.0071169 seconds
[2019-10-14T07:23:48.517+0000][1][safepoint    ] Entering safepoint region: RevokeBias
[2019-10-14T07:23:48.517+0000][1][safepoint    ] Leaving safepoint region
[2019-10-14T07:23:48.518+0000][1][safepoint    ] Total time for which application threads were stopped: 0.0008347 seconds, Stopping threads took: 0.0003818 seconds
[2019-10-14T07:23:48.522+0000][1][safepoint    ] Application time: 0.0037602 seconds
[2019-10-14T07:23:48.523+0000][1][safepoint    ] Entering safepoint region: RevokeBias
[2019-10-14T07:23:48.524+0000][1][safepoint    ] Leaving safepoint region
[2019-10-14T07:23:48.525+0000][1][safepoint    ] Total time for which application threads were stopped: 0.0022499 seconds, Stopping threads took: 0.0010646 seconds
[2019-10-14T07:23:48.527+0000][1][safepoint    ] Application time: 0.0020698 seconds
[2019-10-14T07:23:48.532+0000][1][safepoint    ] Entering safepoint region: RevokeBias
[2019-10-14T07:23:48.533+0000][1][safepoint    ] Leaving safepoint region
[2019-10-14T07:23:48.533+0000][1][safepoint    ] Total time for which application threads were stopped: 0.0011305 seconds, Stopping threads took: 0.0006220 seconds
[2019-10-14T07:23:48.534+0000][1][safepoint    ] Application time: 0.0003102 seconds
[2019-10-14T07:23:48.534+0000][1][safepoint    ] Entering safepoint region: RevokeBias
[2019-10-14T07:23:48.534+0000][1][safepoint    ] Leaving safepoint region
[2019-10-14T07:23:48.535+0000][1][safepoint    ] Total time for which application threads were stopped: 0.0007076 seconds, Stopping threads took: 0.0003474 seconds
[2019-10-14T07:23:48.536+0000][1][safepoint    ] Application time: 0.0008177 seconds
[2019-10-14T07:23:48.536+0000][1][safepoint    ] Entering safepoint region: RevokeBias
[2019-10-14T07:23:48.537+0000][1][safepoint    ] Leaving safepoint region
[2019-10-14T07:23:48.537+0000][1][safepoint    ] Total time for which application threads were stopped: 0.0008747 seconds, Stopping threads took: 0.0004280 seconds
[2019-10-14T07:23:48.538+0000][1][safepoint    ] Application time: 0.0005585 seconds
[2019-10-14T07:23:48.541+0000][1][safepoint    ] Entering safepoint region: RevokeBias
[2019-10-14T07:23:48.541+0000][1][safepoint    ] Leaving safepoint region
[2019-10-14T07:23:48.542+0000][1][safepoint    ] Total time for which application threads were stopped: 0.0016326 seconds, Stopping threads took: 0.0009860 seconds
[2019-10-14T07:23:48.554+0000][1][safepoint    ] Application time: 0.0111602 seconds
[2019-10-14T07:23:48.557+0000][1][safepoint    ] Entering safepoint region: RevokeBias
[2019-10-14T07:23:48.558+0000][1][safepoint    ] Leaving safepoint region
[2019-10-14T07:23:48.558+0000][1][safepoint    ] Total time for which application threads were stopped: 0.0037154 seconds, Stopping threads took: 0.0032733 seconds
[2019-10-14T07:23:48.574+0000][1][safepoint    ] Application time: 0.0153115 seconds
[2019-10-14T07:23:48.574+0000][1][safepoint    ] Entering safepoint region: RevokeBias
[2019-10-14T07:23:48.575+0000][1][safepoint    ] Leaving safepoint region
[2019-10-14T07:23:48.575+0000][1][safepoint    ] Total time for which application threads were stopped: 0.0008315 seconds, Stopping threads took: 0.0004529 seconds
[2019-10-14T07:23:48.576+0000][1][safepoint    ] Application time: 0.0006010 seconds
[2019-10-14T07:23:48.576+0000][1][safepoint    ] Entering safepoint region: RevokeBias
[2019-10-14T07:23:48.576+0000][1][safepoint    ] Leaving safepoint region
[2019-10-14T07:23:48.577+0000][1][safepoint    ] Total time for which application threads were stopped: 0.0006788 seconds, Stopping threads took: 0.0003216 seconds
[2019-10-14T07:23:48.603+0000][1][safepoint    ] Application time: 0.0254603 seconds
[2019-10-14T07:23:48.603+0000][1][safepoint    ] Entering safepoint region: RevokeBias
[2019-10-14T07:23:48.603+0000][1][safepoint    ] Leaving safepoint region
[2019-10-14T07:23:48.604+0000][1][safepoint    ] Total time for which application threads were stopped: 0.0007696 seconds, Stopping threads took: 0.0003103 seconds
[2019-10-14T07:23:48.610+0000][1][safepoint    ] Application time: 0.0064688 seconds
[2019-10-14T07:23:48.611+0000][1][safepoint    ] Entering safepoint region: RevokeBias
[2019-10-14T07:23:48.611+0000][1][safepoint    ] Leaving safepoint region
[2019-10-14T07:23:48.612+0000][1][safepoint    ] Total time for which application threads were stopped: 0.0006938 seconds, Stopping threads took: 0.0002920 seconds
[2019-10-14T07:23:48.613+0000][1][safepoint    ] Application time: 0.0006303 seconds
[2019-10-14T07:23:48.613+0000][1][safepoint    ] Entering safepoint region: RevokeBias
[2019-10-14T07:23:48.613+0000][1][safepoint    ] Leaving safepoint region
[2019-10-14T07:23:48.614+0000][1][safepoint    ] Total time for which application threads were stopped: 0.0008356 seconds, Stopping threads took: 0.0004264 seconds
[2019-10-14T07:23:48.794+0000][1][safepoint    ] Application time: 0.1798380 seconds
[2019-10-14T07:23:48.795+0000][1][safepoint    ] Entering safepoint region: RevokeBias
[2019-10-14T07:23:48.796+0000][1][safepoint    ] Leaving safepoint region
[2019-10-14T07:23:48.796+0000][1][safepoint    ] Total time for which application threads were stopped: 0.0014038 seconds, Stopping threads took: 0.0006659 seconds
[2019-10-14T07:23:48.798+0000][1][safepoint    ] Application time: 0.0003744 seconds
[2019-10-14T07:23:48.798+0000][1][safepoint    ] Entering safepoint region: RevokeBias
[2019-10-14T07:23:48.799+0000][1][safepoint    ] Leaving safepoint region
[2019-10-14T07:23:48.800+0000][1][safepoint    ] Total time for which application threads were stopped: 0.0019271 seconds, Stopping threads took: 0.0006652 seconds
[2019-10-14T07:23:48.801+0000][1][safepoint    ] Application time: 0.0001813 seconds
[2019-10-14T07:23:48.802+0000][1][safepoint    ] Entering safepoint region: RevokeBias
[2019-10-14T07:23:48.802+0000][1][safepoint    ] Leaving safepoint region
[2019-10-14T07:23:48.803+0000][1][safepoint    ] Total time for which application threads were stopped: 0.0009768 seconds, Stopping threads took: 0.0004170 seconds
[2019-10-14T07:23:48.809+0000][1][safepoint    ] Application time: 0.0058378 seconds
[2019-10-14T07:23:48.809+0000][1][safepoint    ] Entering safepoint region: RevokeBias
[2019-10-14T07:23:48.810+0000][1][safepoint    ] Leaving safepoint region
[2019-10-14T07:23:48.810+0000][1][safepoint    ] Total time for which application threads were stopped: 0.0008160 seconds, Stopping threads took: 0.0003285 seconds
[2019-10-14T07:23:48.831+0000][1][safepoint    ] Application time: 0.0205503 seconds
[2019-10-14T07:23:48.832+0000][1][safepoint    ] Entering safepoint region: RevokeBias
[2019-10-14T07:23:48.834+0000][1][safepoint    ] Leaving safepoint region
[2019-10-14T07:23:48.834+0000][1][safepoint    ] Total time for which application threads were stopped: 0.0018672 seconds, Stopping threads took: 0.0014813 seconds
[2019-10-14T07:23:48.835+0000][1][safepoint    ] Application time: 0.0005093 seconds
[2019-10-14T07:23:48.835+0000][1][safepoint    ] Entering safepoint region: RevokeBias
[2019-10-14T07:23:48.836+0000][1][safepoint    ] Leaving safepoint region
[2019-10-14T07:23:48.836+0000][1][safepoint    ] Total time for which application threads were stopped: 0.0007817 seconds, Stopping threads took: 0.0003028 seconds
[2019-10-14T07:23:48.839+0000][1][safepoint    ] Application time: 0.0028301 seconds
[2019-10-14T07:23:48.840+0000][1][safepoint    ] Entering safepoint region: RevokeBias
[2019-10-14T07:23:48.840+0000][1][safepoint    ] Leaving safepoint region
[2019-10-14T07:23:48.841+0000][1][safepoint    ] Total time for which application threads were stopped: 0.0008266 seconds, Stopping threads took: 0.0003821 seconds
[2019-10-14T07:23:48.843+0000][1][safepoint    ] Application time: 0.0014690 seconds
[2019-10-14T07:23:48.843+0000][1][safepoint    ] Entering safepoint region: RevokeBias
[2019-10-14T07:23:48.843+0000][1][safepoint    ] Leaving safepoint region
[2019-10-14T07:23:48.844+0000][1][safepoint    ] Total time for which application threads were stopped: 0.0009061 seconds, Stopping threads took: 0.0003619 seconds
[2019-10-14T07:23:48.979+0000][1][safepoint    ] Application time: 0.1343749 seconds
[2019-10-14T07:23:48.979+0000][1][safepoint    ] Entering safepoint region: RevokeBias
[2019-10-14T07:23:48.979+0000][1][safepoint    ] Leaving safepoint region
[2019-10-14T07:23:48.980+0000][1][safepoint    ] Total time for which application threads were stopped: 0.0008394 seconds, Stopping threads took: 0.0003828 seconds
[2019-10-14T07:23:49.066+0000][1][safepoint    ] Application time: 0.0860115 seconds
[2019-10-14T07:23:49.067+0000][1][safepoint    ] Entering safepoint region: RevokeBias
[2019-10-14T07:23:49.068+0000][1][safepoint    ] Leaving safepoint region
[2019-10-14T07:23:49.069+0000][1][safepoint    ] Total time for which application threads were stopped: 0.0014771 seconds, Stopping threads took: 0.0006989 seconds
[2019-10-14T07:23:49.070+0000][1][safepoint    ] Application time: 0.0005120 seconds
[2019-10-14T07:23:49.070+0000][1][safepoint    ] Entering safepoint region: RevokeBias
[2019-10-14T07:23:49.071+0000][1][safepoint    ] Leaving safepoint region
[2019-10-14T07:23:49.071+0000][1][safepoint    ] Total time for which application threads were stopped: 0.0010105 seconds, Stopping threads took: 0.0005546 seconds
[2019-10-14T07:23:49.074+0000][1][safepoint    ] Application time: 0.0026693 seconds
[2019-10-14T07:23:49.075+0000][1][safepoint    ] Entering safepoint region: RevokeBias
[2019-10-14T07:23:49.075+0000][1][safepoint    ] Leaving safepoint region
[2019-10-14T07:23:49.076+0000][1][safepoint    ] Total time for which application threads were stopped: 0.0008659 seconds, Stopping threads took: 0.0004216 seconds
[2019-10-14T07:23:49.077+0000][1][safepoint    ] Application time: 0.0009353 seconds
[2019-10-14T07:23:49.078+0000][1][safepoint    ] Entering safepoint region: RevokeBias
[2019-10-14T07:23:49.078+0000][1][safepoint    ] Leaving safepoint region
[2019-10-14T07:23:49.079+0000][1][safepoint    ] Total time for which application threads were stopped: 0.0008108 seconds, Stopping threads took: 0.0003809 seconds
[2019-10-14T07:23:49.252+0000][1][safepoint    ] Application time: 0.1732533 seconds
[2019-10-14T07:23:49.252+0000][1][safepoint    ] Entering safepoint region: RevokeBias
[2019-10-14T07:23:49.253+0000][1][safepoint    ] Leaving safepoint region
[2019-10-14T07:23:49.254+0000][1][safepoint    ] Total time for which application threads were stopped: 0.0014746 seconds, Stopping threads took: 0.0003764 seconds
[2019-10-14T07:23:49.338+0000][1][safepoint    ] Application time: 0.0834598 seconds
[2019-10-14T07:23:49.339+0000][1][safepoint    ] Entering safepoint region: RevokeBias
[2019-10-14T07:23:49.339+0000][1][safepoint    ] Leaving safepoint region
[2019-10-14T07:23:49.339+0000][1][safepoint    ] Total time for which application threads were stopped: 0.0007302 seconds, Stopping threads took: 0.0003565 seconds
[2019-10-14T07:23:49.373+0000][1][safepoint    ] Application time: 0.0328424 seconds
[2019-10-14T07:23:49.373+0000][1][safepoint    ] Entering safepoint region: RevokeBias
[2019-10-14T07:23:49.373+0000][1][safepoint    ] Leaving safepoint region
[2019-10-14T07:23:49.374+0000][1][safepoint    ] Total time for which application threads were stopped: 0.0007692 seconds, Stopping threads took: 0.0003933 seconds
[2019-10-14T07:23:49.374+0000][1][safepoint    ] Application time: 0.0004928 seconds
[2019-10-14T07:23:49.375+0000][1][safepoint    ] Entering safepoint region: RevokeBias
[2019-10-14T07:23:49.375+0000][1][safepoint    ] Leaving safepoint region
[2019-10-14T07:23:49.375+0000][1][safepoint    ] Total time for which application threads were stopped: 0.0006756 seconds, Stopping threads took: 0.0002970 seconds
[2019-10-14T07:23:49.377+0000][1][safepoint    ] Application time: 0.0015054 seconds
[2019-10-14T07:23:49.378+0000][1][safepoint    ] Entering safepoint region: RevokeBias
[2019-10-14T07:23:49.378+0000][1][safepoint    ] Leaving safepoint region
[2019-10-14T07:23:49.378+0000][1][safepoint    ] Total time for which application threads were stopped: 0.0007849 seconds, Stopping threads took: 0.0003787 seconds
[2019-10-14T07:23:49.386+0000][1][safepoint    ] Application time: 0.0073644 seconds
[2019-10-14T07:23:49.386+0000][1][safepoint    ] Entering safepoint region: RevokeBias
[2019-10-14T07:23:49.387+0000][1][safepoint    ] Leaving safepoint region
[2019-10-14T07:23:49.387+0000][1][safepoint    ] Total time for which application threads were stopped: 0.0007087 seconds, Stopping threads took: 0.0003803 seconds
[2019-10-14T07:23:49.388+0000][1][safepoint    ] Application time: 0.0001702 seconds
[2019-10-14T07:23:49.388+0000][1][safepoint    ] Entering safepoint region: RevokeBias
[2019-10-14T07:23:49.388+0000][1][safepoint    ] Leaving safepoint region
[2019-10-14T07:23:49.388+0000][1][safepoint    ] Total time for which application threads were stopped: 0.0005691 seconds, Stopping threads took: 0.0002544 seconds
[2019-10-14T07:23:49.395+0000][1][safepoint    ] Application time: 0.0058608 seconds
[2019-10-14T07:23:49.395+0000][1][safepoint    ] Entering safepoint region: RevokeBias
[2019-10-14T07:23:49.395+0000][1][safepoint    ] Leaving safepoint region
[2019-10-14T07:23:49.396+0000][1][safepoint    ] Total time for which application threads were stopped: 0.0006486 seconds, Stopping threads took: 0.0003378 seconds
[2019-10-14T07:23:49.397+0000][1][safepoint    ] Application time: 0.0014690 seconds
[2019-10-14T07:23:49.398+0000][1][safepoint    ] Entering safepoint region: RevokeBias
[2019-10-14T07:23:49.398+0000][1][safepoint    ] Leaving safepoint region
[2019-10-14T07:23:49.398+0000][1][safepoint    ] Total time for which application threads were stopped: 0.0005222 seconds, Stopping threads took: 0.0002330 seconds
[2019-10-14T07:23:49.404+0000][1][safepoint    ] Application time: 0.0052778 seconds
[2019-10-14T07:23:49.404+0000][1][safepoint    ] Entering safepoint region: RevokeBias
[2019-10-14T07:23:49.405+0000][1][safepoint    ] Leaving safepoint region
[2019-10-14T07:23:49.405+0000][1][safepoint    ] Total time for which application threads were stopped: 0.0008555 seconds, Stopping threads took: 0.0003779 seconds
[2019-10-14T07:23:49.408+0000][1][safepoint    ] Application time: 0.0021370 seconds
[2019-10-14T07:23:49.408+0000][1][safepoint    ] Entering safepoint region: RevokeBias
[2019-10-14T07:23:49.408+0000][1][safepoint    ] Leaving safepoint region
[2019-10-14T07:23:49.409+0000][1][safepoint    ] Total time for which application threads were stopped: 0.0006316 seconds, Stopping threads took: 0.0002513 seconds
[2019-10-14T07:23:49.431+0000][1][safepoint    ] Application time: 0.0220505 seconds
[2019-10-14T07:23:49.431+0000][1][safepoint    ] Entering safepoint region: GenCollectForAllocation
[2019-10-14T07:23:49.432+0000][1][gc,start     ] GC(26) Pause Young (Allocation Failure)
[2019-10-14T07:23:49.432+0000][1][gc,task      ] GC(26) Using 2 workers of 2 for evacuation
[2019-10-14T07:23:49.455+0000][1][gc,age       ] GC(26) Desired survivor size 4456448 bytes, new threshold 2 (max threshold 6)
[2019-10-14T07:23:49.455+0000][1][gc,age       ] GC(26) Age table with threshold 2 (max threshold 6)
[2019-10-14T07:23:49.456+0000][1][gc,age       ] GC(26) - age   1:    2520000 bytes,    2520000 total
[2019-10-14T07:23:49.456+0000][1][gc,age       ] GC(26) - age   2:    3310344 bytes,    5830344 total
[2019-10-14T07:23:49.456+0000][1][gc,age       ] GC(26) - age   3:     761072 bytes,    6591416 total
[2019-10-14T07:23:49.457+0000][1][gc,heap      ] GC(26) ParNew: 78521K->8191K(78656K)
[2019-10-14T07:23:49.457+0000][1][gc,heap      ] GC(26) CMS: 67402K->69796K(174784K)
[2019-10-14T07:23:49.457+0000][1][gc,metaspace ] GC(26) Metaspace: 76949K->76949K(1120256K)
[2019-10-14T07:23:49.457+0000][1][gc           ] GC(26) Pause Young (Allocation Failure) 142M->76M(247M) 25.539ms
[2019-10-14T07:23:49.457+0000][1][gc,cpu       ] GC(26) User=0.04s Sys=0.01s Real=0.03s
[2019-10-14T07:23:49.458+0000][1][safepoint    ] Leaving safepoint region
[2019-10-14T07:23:49.458+0000][1][safepoint    ] Total time for which application threads were stopped: 0.0267756 seconds, Stopping threads took: 0.0004013 seconds
[2019-10-14T07:23:49.615+0000][1][safepoint    ] Application time: 0.1564926 seconds
[2019-10-14T07:23:49.615+0000][1][safepoint    ] Entering safepoint region: RevokeBias
[2019-10-14T07:23:49.616+0000][1][safepoint    ] Leaving safepoint region
[2019-10-14T07:23:49.616+0000][1][safepoint    ] Total time for which application threads were stopped: 0.0007026 seconds, Stopping threads took: 0.0003737 seconds
[2019-10-14T07:23:50.265+0000][1][safepoint    ] Application time: 0.6485394 seconds
[2019-10-14T07:23:50.265+0000][1][safepoint    ] Entering safepoint region: CollectForMetadataAllocation
[2019-10-14T07:23:50.266+0000][1][safepoint    ] Leaving safepoint region
[2019-10-14T07:23:50.267+0000][1][safepoint    ] Total time for which application threads were stopped: 0.0015219 seconds, Stopping threads took: 0.0005247 seconds
[2019-10-14T07:23:50.385+0000][1][safepoint    ] Application time: 0.1183186 seconds
[2019-10-14T07:23:50.386+0000][1][safepoint    ] Entering safepoint region: RevokeBias
[2019-10-14T07:23:50.387+0000][1][safepoint    ] Leaving safepoint region
[2019-10-14T07:23:50.387+0000][1][safepoint    ] Total time for which application threads were stopped: 0.0014943 seconds, Stopping threads took: 0.0005321 seconds
[2019-10-14T07:23:51.389+0000][1][safepoint    ] Application time: 1.0009282 seconds
[2019-10-14T07:23:51.390+0000][1][safepoint    ] Entering safepoint region: Cleanup
[2019-10-14T07:23:51.391+0000][1][safepoint    ] Leaving safepoint region
[2019-10-14T07:23:51.391+0000][1][safepoint    ] Total time for which application threads were stopped: 0.0013071 seconds, Stopping threads took: 0.0007009 seconds
[2019-10-14T07:23:51.621+0000][1][safepoint    ] Application time: 0.2286935 seconds
[2019-10-14T07:23:51.621+0000][1][safepoint    ] Entering safepoint region: RevokeBias
[2019-10-14T07:23:51.621+0000][1][safepoint    ] Leaving safepoint region
[2019-10-14T07:23:51.622+0000][1][safepoint    ] Total time for which application threads were stopped: 0.0008864 seconds, Stopping threads took: 0.0003527 seconds
[2019-10-14T07:23:51.622+0000][1][safepoint    ] Application time: 0.0001316 seconds
[2019-10-14T07:23:51.623+0000][1][safepoint    ] Entering safepoint region: BulkRevokeBias
[2019-10-14T07:23:51.623+0000][1][safepoint    ] Leaving safepoint region
[2019-10-14T07:23:51.623+0000][1][safepoint    ] Total time for which application threads were stopped: 0.0008908 seconds, Stopping threads took: 0.0003525 seconds
[2019-10-14T07:23:51.634+0000][1][safepoint    ] Application time: 0.0102001 seconds
[2019-10-14T07:23:51.635+0000][1][safepoint    ] Entering safepoint region: RevokeBias
[2019-10-14T07:23:51.635+0000][1][safepoint    ] Leaving safepoint region
[2019-10-14T07:23:51.635+0000][1][safepoint    ] Total time for which application threads were stopped: 0.0006459 seconds, Stopping threads took: 0.0003105 seconds
[2019-10-14T07:23:51.636+0000][1][safepoint    ] Application time: 0.0003092 seconds
[2019-10-14T07:23:51.636+0000][1][safepoint    ] Entering safepoint region: RevokeBias
[2019-10-14T07:23:51.637+0000][1][safepoint    ] Leaving safepoint region
[2019-10-14T07:23:51.637+0000][1][safepoint    ] Total time for which application threads were stopped: 0.0006339 seconds, Stopping threads took: 0.0002669 seconds
[2019-10-14T07:23:51.637+0000][1][safepoint    ] Application time: 0.0001501 seconds
[2019-10-14T07:23:51.638+0000][1][safepoint    ] Entering safepoint region: RevokeBias
[2019-10-14T07:23:51.638+0000][1][safepoint    ] Leaving safepoint region
[2019-10-14T07:23:51.638+0000][1][safepoint    ] Total time for which application threads were stopped: 0.0007202 seconds, Stopping threads took: 0.0003436 seconds
[2019-10-14T07:23:51.640+0000][1][safepoint    ] Application time: 0.0016345 seconds
[2019-10-14T07:23:51.641+0000][1][safepoint    ] Entering safepoint region: RevokeBias
[2019-10-14T07:23:51.641+0000][1][safepoint    ] Leaving safepoint region
[2019-10-14T07:23:51.642+0000][1][safepoint    ] Total time for which application threads were stopped: 0.0007738 seconds, Stopping threads took: 0.0004213 seconds
[2019-10-14T07:23:51.852+0000][1][safepoint    ] Application time: 0.2105782 seconds
[2019-10-14T07:23:51.854+0000][1][safepoint    ] Entering safepoint region: RevokeBias
[2019-10-14T07:23:51.854+0000][1][safepoint    ] Leaving safepoint region
[2019-10-14T07:23:51.854+0000][1][safepoint    ] Total time for which application threads were stopped: 0.0015822 seconds, Stopping threads took: 0.0010564 seconds
[2019-10-14T07:23:51.910+0000][1][safepoint    ] Application time: 0.0548620 seconds
[2019-10-14T07:23:51.910+0000][1][safepoint    ] Entering safepoint region: RevokeBias
[2019-10-14T07:23:51.911+0000][1][safepoint    ] Leaving safepoint region
[2019-10-14T07:23:51.911+0000][1][safepoint    ] Total time for which application threads were stopped: 0.0008090 seconds, Stopping threads took: 0.0003462 seconds
[2019-10-14T07:23:51.952+0000][1][safepoint    ] Application time: 0.0404614 seconds
[2019-10-14T07:23:51.954+0000][1][safepoint    ] Entering safepoint region: BulkRevokeBias
[2019-10-14T07:23:51.955+0000][1][safepoint    ] Leaving safepoint region
[2019-10-14T07:23:51.955+0000][1][safepoint    ] Total time for which application threads were stopped: 0.0010234 seconds, Stopping threads took: 0.0003559 seconds
[2019-10-14T07:23:51.956+0000][1][safepoint    ] Application time: 0.0001494 seconds
[2019-10-14T07:23:51.956+0000][1][safepoint    ] Entering safepoint region: RevokeBias
[2019-10-14T07:23:51.956+0000][1][safepoint    ] Leaving safepoint region
[2019-10-14T07:23:51.957+0000][1][safepoint    ] Total time for which application threads were stopped: 0.0006922 seconds, Stopping threads took: 0.0003414 seconds
[2019-10-14T07:23:51.957+0000][1][safepoint    ] Application time: 0.0000585 seconds
[2019-10-14T07:23:51.957+0000][1][safepoint    ] Entering safepoint region: RevokeBias
[2019-10-14T07:23:51.961+0000][1][safepoint    ] Leaving safepoint region
[2019-10-14T07:23:51.961+0000][1][safepoint    ] Total time for which application threads were stopped: 0.0041555 seconds, Stopping threads took: 0.0031887 seconds
[2019-10-14T07:23:51.962+0000][1][safepoint    ] Application time: 0.0000860 seconds
[2019-10-14T07:23:51.962+0000][1][safepoint    ] Entering safepoint region: RevokeBias
[2019-10-14T07:23:51.962+0000][1][safepoint    ] Leaving safepoint region
[2019-10-14T07:23:51.963+0000][1][safepoint    ] Total time for which application threads were stopped: 0.0009474 seconds, Stopping threads took: 0.0004231 seconds
[2019-10-14T07:23:51.963+0000][1][safepoint    ] Application time: 0.0000685 seconds
[2019-10-14T07:23:51.964+0000][1][safepoint    ] Entering safepoint region: RevokeBias
[2019-10-14T07:23:51.964+0000][1][safepoint    ] Leaving safepoint region
[2019-10-14T07:23:51.967+0000][1][safepoint    ] Total time for which application threads were stopped: 0.0030117 seconds, Stopping threads took: 0.0003430 seconds
[2019-10-14T07:23:51.981+0000][1][safepoint    ] Application time: 0.0125556 seconds
[2019-10-14T07:23:51.984+0000][1][safepoint    ] Entering safepoint region: RevokeBias
[2019-10-14T07:23:51.984+0000][1][safepoint    ] Leaving safepoint region
[2019-10-14T07:23:51.985+0000][1][safepoint    ] Total time for which application threads were stopped: 0.0031519 seconds, Stopping threads took: 0.0027585 seconds
[2019-10-14T07:23:51.988+0000][1][safepoint    ] Application time: 0.0035261 seconds
[2019-10-14T07:23:51.989+0000][1][safepoint    ] Entering safepoint region: RevokeBias
[2019-10-14T07:23:51.989+0000][1][safepoint    ] Leaving safepoint region
[2019-10-14T07:23:51.989+0000][1][safepoint    ] Total time for which application threads were stopped: 0.0006555 seconds, Stopping threads took: 0.0003155 seconds
[2019-10-14T07:23:52.387+0000][1][gc           ] GC(25) Concurrent Abortable Preclean 4971.667ms
[2019-10-14T07:23:52.388+0000][1][gc,cpu       ] GC(25) User=2.73s Sys=0.58s Real=4.97s
[2019-10-14T07:23:52.389+0000][1][safepoint    ] Application time: 0.3988594 seconds
[2019-10-14T07:23:52.389+0000][1][safepoint    ] Entering safepoint region: CMS_Final_Remark
[2019-10-14T07:23:52.390+0000][1][gc,start     ] GC(25) Pause Remark
[2019-10-14T07:23:52.423+0000][1][gc           ] GC(25) Pause Remark 112M->112M(247M) 32.786ms
[2019-10-14T07:23:52.423+0000][1][gc,cpu       ] GC(25) User=0.04s Sys=0.00s Real=0.04s
[2019-10-14T07:23:52.424+0000][1][safepoint    ] Leaving safepoint region
[2019-10-14T07:23:52.424+0000][1][safepoint    ] Total time for which application threads were stopped: 0.0348034 seconds, Stopping threads took: 0.0006316 seconds
[2019-10-14T07:23:52.424+0000][1][gc           ] GC(25) Concurrent Sweep
[2019-10-14T07:23:52.432+0000][1][safepoint    ] Application time: 0.0079940 seconds
[2019-10-14T07:23:52.433+0000][1][safepoint    ] Entering safepoint region: RevokeBias
[2019-10-14T07:23:52.434+0000][1][safepoint    ] Leaving safepoint region
[2019-10-14T07:23:52.434+0000][1][safepoint    ] Total time for which application threads were stopped: 0.0016927 seconds, Stopping threads took: 0.0007787 seconds
[2019-10-14T07:23:52.453+0000][1][gc           ] GC(25) Concurrent Sweep 29.084ms
[2019-10-14T07:23:52.454+0000][1][gc,cpu       ] GC(25) User=0.04s Sys=0.00s Real=0.03s
[2019-10-14T07:23:52.454+0000][1][gc           ] GC(25) Concurrent Reset
[2019-10-14T07:23:52.455+0000][1][gc           ] GC(25) Concurrent Reset 0.482ms
[2019-10-14T07:23:52.455+0000][1][gc,cpu       ] GC(25) User=0.00s Sys=0.00s Real=0.00s
[2019-10-14T07:23:52.455+0000][1][gc,heap      ] GC(25) Old: 67402K->69223K(174784K)
[2019-10-14T07:23:53.435+0000][1][safepoint    ] Application time: 1.0006974 seconds
[2019-10-14T07:23:53.437+0000][1][safepoint    ] Entering safepoint region: Cleanup
[2019-10-14T07:23:53.437+0000][1][safepoint    ] Leaving safepoint region
[2019-10-14T07:23:53.438+0000][1][safepoint    ] Total time for which application threads were stopped: 0.0012249 seconds, Stopping threads took: 0.0006996 seconds
[2019-10-14T07:23:54.439+0000][1][safepoint    ] Application time: 1.0005742 seconds
[2019-10-14T07:23:54.440+0000][1][safepoint    ] Entering safepoint region: Cleanup
[2019-10-14T07:23:54.440+0000][1][safepoint    ] Leaving safepoint region
[2019-10-14T07:23:54.441+0000][1][safepoint    ] Total time for which application threads were stopped: 0.0012574 seconds, Stopping threads took: 0.0005859 seconds
[2019-10-14T07:23:54.545+0000][1][safepoint    ] Application time: 0.1042452 seconds
[2019-10-14T07:23:54.546+0000][1][safepoint    ] Entering safepoint region: RevokeBias
[2019-10-14T07:23:54.547+0000][1][safepoint    ] Leaving safepoint region
[2019-10-14T07:23:54.547+0000][1][safepoint    ] Total time for which application threads were stopped: 0.0012913 seconds, Stopping threads took: 0.0005129 seconds
[2019-10-14T07:23:54.548+0000][1][safepoint    ] Application time: 0.0003216 seconds
[2019-10-14T07:23:54.549+0000][1][safepoint    ] Entering safepoint region: RevokeBias
[2019-10-14T07:23:54.549+0000][1][safepoint    ] Leaving safepoint region
[2019-10-14T07:23:54.550+0000][1][safepoint    ] Total time for which application threads were stopped: 0.0009553 seconds, Stopping threads took: 0.0004417 seconds
[2019-10-14T07:23:54.993+0000][1][safepoint    ] Application time: 0.4424660 seconds
[2019-10-14T07:23:54.993+0000][1][safepoint    ] Entering safepoint region: RevokeBias
[2019-10-14T07:23:54.994+0000][1][safepoint    ] Leaving safepoint region
[2019-10-14T07:23:54.995+0000][1][safepoint    ] Total time for which application threads were stopped: 0.0016368 seconds, Stopping threads took: 0.0006699 seconds
[2019-10-14T07:23:54.996+0000][1][safepoint    ] Application time: 0.0001572 seconds
[2019-10-14T07:23:54.996+0000][1][safepoint    ] Entering safepoint region: RevokeBias
[2019-10-14T07:23:54.997+0000][1][safepoint    ] Leaving safepoint region
[2019-10-14T07:23:54.998+0000][1][safepoint    ] Total time for which application threads were stopped: 0.0014171 seconds, Stopping threads took: 0.0005261 seconds
[2019-10-14T07:23:54.998+0000][1][safepoint    ] Application time: 0.0001547 seconds
[2019-10-14T07:23:54.999+0000][1][safepoint    ] Entering safepoint region: RevokeBias
[2019-10-14T07:23:54.999+0000][1][safepoint    ] Leaving safepoint region
[2019-10-14T07:23:55.000+0000][1][safepoint    ] Total time for which application threads were stopped: 0.0009271 seconds, Stopping threads took: 0.0004830 seconds
[2019-10-14T07:23:55.000+0000][1][safepoint    ] Application time: 0.0001188 seconds
[2019-10-14T07:23:55.001+0000][1][safepoint    ] Entering safepoint region: RevokeBias
[2019-10-14T07:23:55.001+0000][1][safepoint    ] Leaving safepoint region
[2019-10-14T07:23:55.001+0000][1][safepoint    ] Total time for which application threads were stopped: 0.0008014 seconds, Stopping threads took: 0.0003781 seconds
[2019-10-14T07:23:55.002+0000][1][safepoint    ] Application time: 0.0000660 seconds
[2019-10-14T07:23:55.002+0000][1][safepoint    ] Entering safepoint region: RevokeBias
[2019-10-14T07:23:55.003+0000][1][safepoint    ] Leaving safepoint region
[2019-10-14T07:23:55.003+0000][1][safepoint    ] Total time for which application threads were stopped: 0.0010413 seconds, Stopping threads took: 0.0003494 seconds
[2019-10-14T07:23:55.004+0000][1][safepoint    ] Application time: 0.0000571 seconds
[2019-10-14T07:23:55.004+0000][1][safepoint    ] Entering safepoint region: RevokeBias
[2019-10-14T07:23:55.005+0000][1][safepoint    ] Leaving safepoint region
[2019-10-14T07:23:55.005+0000][1][safepoint    ] Total time for which application threads were stopped: 0.0009587 seconds, Stopping threads took: 0.0005430 seconds
[2019-10-14T07:23:55.009+0000][1][safepoint    ] Application time: 0.0039811 seconds
[2019-10-14T07:23:55.010+0000][1][safepoint    ] Entering safepoint region: RevokeBias
[2019-10-14T07:23:55.010+0000][1][safepoint    ] Leaving safepoint region
[2019-10-14T07:23:55.011+0000][1][safepoint    ] Total time for which application threads were stopped: 0.0010054 seconds, Stopping threads took: 0.0006034 seconds
[2019-10-14T07:23:56.015+0000][1][safepoint    ] Application time: 1.0036376 seconds
[2019-10-14T07:23:56.015+0000][1][safepoint    ] Entering safepoint region: Cleanup
[2019-10-14T07:23:56.015+0000][1][safepoint    ] Leaving safepoint region
[2019-10-14T07:23:56.016+0000][1][safepoint    ] Total time for which application threads were stopped: 0.0006063 seconds, Stopping threads took: 0.0003135 seconds
[2019-10-14T07:23:57.016+0000][1][safepoint    ] Application time: 1.0002001 seconds
[2019-10-14T07:23:57.016+0000][1][safepoint    ] Entering safepoint region: Cleanup
[2019-10-14T07:23:57.017+0000][1][safepoint    ] Leaving safepoint region
[2019-10-14T07:23:57.017+0000][1][safepoint    ] Total time for which application threads were stopped: 0.0005887 seconds, Stopping threads took: 0.0002259 seconds
[2019-10-14T07:23:58.018+0000][1][safepoint    ] Application time: 1.0003831 seconds
[2019-10-14T07:23:58.018+0000][1][safepoint    ] Entering safepoint region: Cleanup
[2019-10-14T07:23:58.018+0000][1][safepoint    ] Leaving safepoint region
[2019-10-14T07:23:58.019+0000][1][safepoint    ] Total time for which application threads were stopped: 0.0007597 seconds, Stopping threads took: 0.0003564 seconds
[2019-10-14T07:23:59.021+0000][1][safepoint    ] Application time: 1.0016012 seconds
[2019-10-14T07:23:59.022+0000][1][safepoint    ] Entering safepoint region: Cleanup
[2019-10-14T07:23:59.025+0000][1][safepoint    ] Leaving safepoint region
[2019-10-14T07:23:59.025+0000][1][safepoint    ] Total time for which application threads were stopped: 0.0033678 seconds, Stopping threads took: 0.0026389 seconds
[2019-10-14T07:24:00.027+0000][1][safepoint    ] Application time: 1.0002557 seconds
[2019-10-14T07:24:00.028+0000][1][safepoint    ] Entering safepoint region: Cleanup
[2019-10-14T07:24:00.031+0000][1][safepoint    ] Leaving safepoint region
[2019-10-14T07:24:00.032+0000][1][safepoint    ] Total time for which application threads were stopped: 0.0036527 seconds, Stopping threads took: 0.0023525 seconds
[2019-10-14T07:24:01.044+0000][1][safepoint    ] Application time: 1.0003175 seconds
[2019-10-14T07:24:01.045+0000][1][safepoint    ] Entering safepoint region: Cleanup
[2019-10-14T07:24:01.045+0000][1][safepoint    ] Leaving safepoint region
[2019-10-14T07:24:01.046+0000][1][safepoint    ] Total time for which application threads were stopped: 0.0009805 seconds, Stopping threads took: 0.0004911 seconds
[2019-10-14T07:24:02.046+0000][1][safepoint    ] Application time: 1.0004387 seconds
[2019-10-14T07:24:02.055+0000][1][safepoint    ] Entering safepoint region: Cleanup
[2019-10-14T07:24:02.057+0000][1][safepoint    ] Leaving safepoint region
[2019-10-14T07:24:02.058+0000][1][safepoint    ] Total time for which application threads were stopped: 0.0032919 seconds, Stopping threads took: 0.0024834 seconds
[2019-10-14T07:24:03.059+0000][1][safepoint    ] Application time: 1.0003330 seconds
[2019-10-14T07:24:03.059+0000][1][safepoint    ] Entering safepoint region: Cleanup
[2019-10-14T07:24:03.060+0000][1][safepoint    ] Leaving safepoint region
[2019-10-14T07:24:03.060+0000][1][safepoint    ] Total time for which application threads were stopped: 0.0008330 seconds, Stopping threads took: 0.0004353 seconds
[2019-10-14T07:24:04.060+0000][1][safepoint    ] Application time: 1.0001415 seconds
[2019-10-14T07:24:04.061+0000][1][safepoint    ] Entering safepoint region: Cleanup
[2019-10-14T07:24:04.061+0000][1][safepoint    ] Leaving safepoint region
[2019-10-14T07:24:04.062+0000][1][safepoint    ] Total time for which application threads were stopped: 0.0009126 seconds, Stopping threads took: 0.0004520 seconds
[2019-10-14T07:24:04.525+0000][1][safepoint    ] Application time: 0.4853727 seconds
[2019-10-14T07:24:04.526+0000][1][safepoint    ] Entering safepoint region: RevokeBias
[2019-10-14T07:24:04.527+0000][1][safepoint    ] Leaving safepoint region
[2019-10-14T07:24:04.528+0000][1][safepoint    ] Total time for which application threads were stopped: 0.0013453 seconds, Stopping threads took: 0.0006286 seconds
[2019-10-14T07:24:05.200+0000][1][safepoint    ] Application time: 0.6724348 seconds
[2019-10-14T07:24:05.201+0000][1][safepoint    ] Entering safepoint region: RevokeBias
[2019-10-14T07:24:05.201+0000][1][safepoint    ] Leaving safepoint region
[2019-10-14T07:24:05.202+0000][1][safepoint    ] Total time for which application threads were stopped: 0.0009621 seconds, Stopping threads took: 0.0004271 seconds
[2019-10-14T07:24:05.269+0000][1][safepoint    ] Application time: 0.0662454 seconds
[2019-10-14T07:24:05.269+0000][1][safepoint    ] Entering safepoint region: RevokeBias
[2019-10-14T07:24:05.270+0000][1][safepoint    ] Leaving safepoint region
[2019-10-14T07:24:05.270+0000][1][safepoint    ] Total time for which application threads were stopped: 0.0007948 seconds, Stopping threads took: 0.0004172 seconds
[2019-10-14T07:24:06.271+0000][1][safepoint    ] Application time: 1.0006662 seconds
[2019-10-14T07:24:06.272+0000][1][safepoint    ] Entering safepoint region: Cleanup
[2019-10-14T07:24:06.273+0000][1][safepoint    ] Leaving safepoint region
[2019-10-14T07:24:06.273+0000][1][safepoint    ] Total time for which application threads were stopped: 0.0009851 seconds, Stopping threads took: 0.0005794 seconds
[2019-10-14T07:24:07.373+0000][1][safepoint    ] Application time: 1.0999435 seconds
[2019-10-14T07:24:07.386+0000][1][safepoint    ] Entering safepoint region: Cleanup
[2019-10-14T07:24:07.387+0000][1][safepoint    ] Leaving safepoint region
[2019-10-14T07:24:07.389+0000][1][safepoint    ] Total time for which application threads were stopped: 0.0037016 seconds, Stopping threads took: 0.0010683 seconds
[2019-10-14T07:24:08.390+0000][1][safepoint    ] Application time: 1.0005694 seconds
[2019-10-14T07:24:08.392+0000][1][safepoint    ] Entering safepoint region: Cleanup
[2019-10-14T07:24:08.393+0000][1][safepoint    ] Leaving safepoint region
[2019-10-14T07:24:08.393+0000][1][safepoint    ] Total time for which application threads were stopped: 0.0007866 seconds, Stopping threads took: 0.0003964 seconds
[2019-10-14T07:24:09.394+0000][1][safepoint    ] Application time: 1.0006926 seconds
[2019-10-14T07:24:09.410+0000][1][safepoint    ] Entering safepoint region: Cleanup
[2019-10-14T07:24:09.411+0000][1][safepoint    ] Leaving safepoint region
[2019-10-14T07:24:09.412+0000][1][safepoint    ] Total time for which application threads were stopped: 0.0027135 seconds, Stopping threads took: 0.0011417 seconds
[2019-10-14T07:24:10.420+0000][1][safepoint    ] Application time: 1.0070749 seconds
[2019-10-14T07:24:10.421+0000][1][safepoint    ] Entering safepoint region: Cleanup
[2019-10-14T07:24:10.423+0000][1][safepoint    ] Leaving safepoint region
[2019-10-14T07:24:10.423+0000][1][safepoint    ] Total time for which application threads were stopped: 0.0023429 seconds, Stopping threads took: 0.0010400 seconds
[2019-10-14T07:24:11.426+0000][1][safepoint    ] Application time: 1.0014116 seconds
[2019-10-14T07:24:11.427+0000][1][safepoint    ] Entering safepoint region: Cleanup
[2019-10-14T07:24:11.427+0000][1][safepoint    ] Leaving safepoint region
[2019-10-14T07:24:11.428+0000][1][safepoint    ] Total time for which application threads were stopped: 0.0011407 seconds, Stopping threads took: 0.0005204 seconds
[2019-10-14T07:24:12.430+0000][1][safepoint    ] Application time: 1.0020533 seconds
[2019-10-14T07:24:12.431+0000][1][safepoint    ] Entering safepoint region: Cleanup
[2019-10-14T07:24:12.432+0000][1][safepoint    ] Leaving safepoint region
[2019-10-14T07:24:12.432+0000][1][safepoint    ] Total time for which application threads were stopped: 0.0010825 seconds, Stopping threads took: 0.0006315 seconds
[2019-10-14T07:24:13.433+0000][1][safepoint    ] Application time: 1.0002660 seconds
[2019-10-14T07:24:13.434+0000][1][safepoint    ] Entering safepoint region: Cleanup
[2019-10-14T07:24:13.434+0000][1][safepoint    ] Leaving safepoint region
[2019-10-14T07:24:13.435+0000][1][safepoint    ] Total time for which application threads were stopped: 0.0010862 seconds, Stopping threads took: 0.0005133 seconds
[2019-10-14T07:24:14.437+0000][1][safepoint    ] Application time: 1.0019387 seconds
[2019-10-14T07:24:14.437+0000][1][safepoint    ] Entering safepoint region: Cleanup
[2019-10-14T07:24:14.438+0000][1][safepoint    ] Leaving safepoint region
[2019-10-14T07:24:14.438+0000][1][safepoint    ] Total time for which application threads were stopped: 0.0008458 seconds, Stopping threads took: 0.0004417 seconds
[2019-10-14T07:24:15.439+0000][1][safepoint    ] Application time: 1.0004880 seconds
[2019-10-14T07:24:15.440+0000][1][safepoint    ] Entering safepoint region: Cleanup
[2019-10-14T07:24:15.440+0000][1][safepoint    ] Leaving safepoint region
[2019-10-14T07:24:15.441+0000][1][safepoint    ] Total time for which application threads were stopped: 0.0009219 seconds, Stopping threads took: 0.0004762 seconds
[2019-10-14T07:24:15.749+0000][1][safepoint    ] Application time: 0.3082924 seconds
[2019-10-14T07:24:15.750+0000][1][safepoint    ] Entering safepoint region: RevokeBias
[2019-10-14T07:24:15.750+0000][1][safepoint    ] Leaving safepoint region
[2019-10-14T07:24:15.751+0000][1][safepoint    ] Total time for which application threads were stopped: 0.0009383 seconds, Stopping threads took: 0.0005157 seconds
[2019-10-14T07:24:16.755+0000][1][safepoint    ] Application time: 1.0037770 seconds
[2019-10-14T07:24:16.756+0000][1][safepoint    ] Entering safepoint region: Cleanup
[2019-10-14T07:24:16.756+0000][1][safepoint    ] Leaving safepoint region
[2019-10-14T07:24:16.757+0000][1][safepoint    ] Total time for which application threads were stopped: 0.0010897 seconds, Stopping threads took: 0.0006043 seconds
[2019-10-14T07:24:17.759+0000][1][safepoint    ] Application time: 1.0020808 seconds
[2019-10-14T07:24:17.760+0000][1][safepoint    ] Entering safepoint region: Cleanup
[2019-10-14T07:24:17.760+0000][1][safepoint    ] Leaving safepoint region
[2019-10-14T07:24:17.761+0000][1][safepoint    ] Total time for which application threads were stopped: 0.0007883 seconds, Stopping threads took: 0.0004162 seconds
[2019-10-14T07:24:17.771+0000][1][safepoint    ] Application time: 0.0102841 seconds
[2019-10-14T07:24:17.772+0000][1][safepoint    ] Entering safepoint region: RevokeBias
[2019-10-14T07:24:17.773+0000][1][safepoint    ] Leaving safepoint region
[2019-10-14T07:24:17.774+0000][1][safepoint    ] Total time for which application threads were stopped: 0.0015150 seconds, Stopping threads took: 0.0005812 seconds
[2019-10-14T07:24:18.775+0000][1][safepoint    ] Application time: 1.0005659 seconds
[2019-10-14T07:24:18.776+0000][1][safepoint    ] Entering safepoint region: Cleanup
[2019-10-14T07:24:18.776+0000][1][safepoint    ] Leaving safepoint region
[2019-10-14T07:24:18.777+0000][1][safepoint    ] Total time for which application threads were stopped: 0.0007719 seconds, Stopping threads took: 0.0003096 seconds
[2019-10-14T07:24:19.781+0000][1][safepoint    ] Application time: 1.0039521 seconds
[2019-10-14T07:24:19.782+0000][1][safepoint    ] Entering safepoint region: Cleanup
[2019-10-14T07:24:19.782+0000][1][safepoint    ] Leaving safepoint region
[2019-10-14T07:24:19.783+0000][1][safepoint    ] Total time for which application threads were stopped: 0.0010954 seconds, Stopping threads took: 0.0006024 seconds
[2019-10-14T07:24:20.783+0000][1][safepoint    ] Application time: 1.0003238 seconds
[2019-10-14T07:24:20.784+0000][1][safepoint    ] Entering safepoint region: Cleanup
[2019-10-14T07:24:20.785+0000][1][safepoint    ] Leaving safepoint region
[2019-10-14T07:24:20.785+0000][1][safepoint    ] Total time for which application threads were stopped: 0.0006980 seconds, Stopping threads took: 0.0003062 seconds
[2019-10-14T07:24:21.787+0000][1][safepoint    ] Application time: 1.0022308 seconds
[2019-10-14T07:24:21.788+0000][1][safepoint    ] Entering safepoint region: Cleanup
[2019-10-14T07:24:21.789+0000][1][safepoint    ] Leaving safepoint region
[2019-10-14T07:24:21.789+0000][1][safepoint    ] Total time for which application threads were stopped: 0.0013576 seconds, Stopping threads took: 0.0005460 seconds
[2019-10-14T07:24:22.791+0000][1][safepoint    ] Application time: 1.0008664 seconds
[2019-10-14T07:24:22.791+0000][1][safepoint    ] Entering safepoint region: Cleanup
[2019-10-14T07:24:22.791+0000][1][safepoint    ] Leaving safepoint region
[2019-10-14T07:24:22.792+0000][1][safepoint    ] Total time for which application threads were stopped: 0.0007279 seconds, Stopping threads took: 0.0002888 seconds
[2019-10-14T07:24:23.794+0000][1][safepoint    ] Application time: 1.0015583 seconds
[2019-10-14T07:24:23.795+0000][1][safepoint    ] Entering safepoint region: Cleanup
[2019-10-14T07:24:23.795+0000][1][safepoint    ] Leaving safepoint region
[2019-10-14T07:24:23.796+0000][1][safepoint    ] Total time for which application threads were stopped: 0.0010422 seconds, Stopping threads took: 0.0005278 seconds
[2019-10-14T07:24:24.797+0000][1][safepoint    ] Application time: 1.0007303 seconds
[2019-10-14T07:24:24.798+0000][1][safepoint    ] Entering safepoint region: Cleanup
[2019-10-14T07:24:24.798+0000][1][safepoint    ] Leaving safepoint region
[2019-10-14T07:24:24.799+0000][1][safepoint    ] Total time for which application threads were stopped: 0.0011104 seconds, Stopping threads took: 0.0005351 seconds
[2019-10-14T07:24:25.799+0000][1][safepoint    ] Application time: 1.0003244 seconds
[2019-10-14T07:24:25.800+0000][1][safepoint    ] Entering safepoint region: Cleanup
[2019-10-14T07:24:25.801+0000][1][safepoint    ] Leaving safepoint region
[2019-10-14T07:24:25.801+0000][1][safepoint    ] Total time for which application threads were stopped: 0.0010994 seconds, Stopping threads took: 0.0005931 seconds
[2019-10-14T07:24:26.803+0000][1][safepoint    ] Application time: 1.0009426 seconds
[2019-10-14T07:24:26.803+0000][1][safepoint    ] Entering safepoint region: Cleanup
[2019-10-14T07:24:26.804+0000][1][safepoint    ] Leaving safepoint region
[2019-10-14T07:24:26.807+0000][1][safepoint    ] Total time for which application threads were stopped: 0.0042627 seconds, Stopping threads took: 0.0005277 seconds
[2019-10-14T07:24:26.975+0000][1][safepoint    ] Application time: 0.1668067 seconds
[2019-10-14T07:24:26.975+0000][1][safepoint    ] Entering safepoint region: GenCollectForAllocation
[2019-10-14T07:24:26.976+0000][1][gc,start     ] GC(27) Pause Young (Allocation Failure)
[2019-10-14T07:24:26.976+0000][1][gc,task      ] GC(27) Using 2 workers of 2 for evacuation
[2019-10-14T07:24:26.985+0000][1][gc,age       ] GC(27) Desired survivor size 4456448 bytes, new threshold 6 (max threshold 6)
[2019-10-14T07:24:26.985+0000][1][gc,age       ] GC(27) Age table with threshold 6 (max threshold 6)
[2019-10-14T07:24:26.986+0000][1][gc,age       ] GC(27) - age   1:     292952 bytes,     292952 total
[2019-10-14T07:24:26.986+0000][1][gc,age       ] GC(27) - age   2:    1197752 bytes,    1490704 total
[2019-10-14T07:24:26.986+0000][1][gc,heap      ] GC(27) ParNew: 78120K->4198K(78656K)
[2019-10-14T07:24:26.986+0000][1][gc,heap      ] GC(27) CMS: 69223K->73242K(174784K)
[2019-10-14T07:24:26.987+0000][1][gc,metaspace ] GC(27) Metaspace: 77521K->77521K(1120256K)
[2019-10-14T07:24:26.987+0000][1][gc           ] GC(27) Pause Young (Allocation Failure) 143M->75M(247M) 11.034ms
[2019-10-14T07:24:26.987+0000][1][gc,cpu       ] GC(27) User=0.02s Sys=0.00s Real=0.01s
[2019-10-14T07:24:26.988+0000][1][safepoint    ] Leaving safepoint region
[2019-10-14T07:24:26.988+0000][1][safepoint    ] Total time for which application threads were stopped: 0.0126496 seconds, Stopping threads took: 0.0004943 seconds
[2019-10-14T07:24:27.989+0000][1][safepoint    ] Application time: 1.0006988 seconds
[2019-10-14T07:24:27.990+0000][1][safepoint    ] Entering safepoint region: Cleanup
[2019-10-14T07:24:27.990+0000][1][safepoint    ] Leaving safepoint region
[2019-10-14T07:24:27.990+0000][1][safepoint    ] Total time for which application threads were stopped: 0.0009195 seconds, Stopping threads took: 0.0004051 seconds
[2019-10-14T07:24:28.991+0000][1][safepoint    ] Application time: 1.0004544 seconds
[2019-10-14T07:24:28.992+0000][1][safepoint    ] Entering safepoint region: Cleanup
[2019-10-14T07:24:28.992+0000][1][safepoint    ] Leaving safepoint region
[2019-10-14T07:24:28.993+0000][1][safepoint    ] Total time for which application threads were stopped: 0.0008556 seconds, Stopping threads took: 0.0002814 seconds
[2019-10-14T07:24:30.003+0000][1][safepoint    ] Application time: 1.0103688 seconds
[2019-10-14T07:24:30.012+0000][1][safepoint    ] Entering safepoint region: Cleanup
[2019-10-14T07:24:30.013+0000][1][safepoint    ] Leaving safepoint region
[2019-10-14T07:24:30.013+0000][1][safepoint    ] Total time for which application threads were stopped: 0.0011484 seconds, Stopping threads took: 0.0006396 seconds
[2019-10-14T07:24:31.014+0000][1][safepoint    ] Application time: 1.0003179 seconds
[2019-10-14T07:24:31.014+0000][1][safepoint    ] Entering safepoint region: Cleanup
[2019-10-14T07:24:31.014+0000][1][safepoint    ] Leaving safepoint region
[2019-10-14T07:24:31.015+0000][1][safepoint    ] Total time for which application threads were stopped: 0.0007335 seconds, Stopping threads took: 0.0003274 seconds
[2019-10-14T07:24:32.015+0000][1][safepoint    ] Application time: 1.0002691 seconds
[2019-10-14T07:24:32.016+0000][1][safepoint    ] Entering safepoint region: Cleanup
[2019-10-14T07:24:32.016+0000][1][safepoint    ] Leaving safepoint region
[2019-10-14T07:24:32.016+0000][1][safepoint    ] Total time for which application threads were stopped: 0.0008008 seconds, Stopping threads took: 0.0003693 seconds
[2019-10-14T07:24:33.017+0000][1][safepoint    ] Application time: 1.0002545 seconds
[2019-10-14T07:24:33.017+0000][1][safepoint    ] Entering safepoint region: Cleanup
[2019-10-14T07:24:33.018+0000][1][safepoint    ] Leaving safepoint region
[2019-10-14T07:24:33.018+0000][1][safepoint    ] Total time for which application threads were stopped: 0.0011498 seconds, Stopping threads took: 0.0007226 seconds
[2019-10-14T07:24:34.020+0000][1][safepoint    ] Application time: 1.0011353 seconds
[2019-10-14T07:24:34.020+0000][1][safepoint    ] Entering safepoint region: Cleanup
[2019-10-14T07:24:34.021+0000][1][safepoint    ] Leaving safepoint region
[2019-10-14T07:24:34.021+0000][1][safepoint    ] Total time for which application threads were stopped: 0.0006491 seconds, Stopping threads took: 0.0002827 seconds
[2019-10-14T07:24:35.003+0000][1][safepoint    ] Application time: 1.0026679 seconds
[2019-10-14T07:24:35.004+0000][1][safepoint    ] Entering safepoint region: Cleanup
[2019-10-14T07:24:35.004+0000][1][safepoint    ] Leaving safepoint region
[2019-10-14T07:24:35.004+0000][1][safepoint    ] Total time for which application threads were stopped: 0.0007779 seconds, Stopping threads took: 0.0003491 seconds
[2019-10-14T07:24:36.005+0000][1][safepoint    ] Application time: 1.0002461 seconds
[2019-10-14T07:24:36.005+0000][1][safepoint    ] Entering safepoint region: Cleanup
[2019-10-14T07:24:36.006+0000][1][safepoint    ] Leaving safepoint region
[2019-10-14T07:24:36.006+0000][1][safepoint    ] Total time for which application threads were stopped: 0.0007322 seconds, Stopping threads took: 0.0003464 seconds
[2019-10-14T07:24:37.007+0000][1][safepoint    ] Application time: 1.0003739 seconds
[2019-10-14T07:24:37.009+0000][1][safepoint    ] Entering safepoint region: Cleanup
[2019-10-14T07:24:37.010+0000][1][safepoint    ] Leaving safepoint region
[2019-10-14T07:24:37.013+0000][1][safepoint    ] Total time for which application threads were stopped: 0.0046850 seconds, Stopping threads took: 0.0007891 seconds
[2019-10-14T07:24:38.015+0000][1][safepoint    ] Application time: 1.0003288 seconds
[2019-10-14T07:24:38.016+0000][1][safepoint    ] Entering safepoint region: Cleanup
[2019-10-14T07:24:38.016+0000][1][safepoint    ] Leaving safepoint region
[2019-10-14T07:24:38.016+0000][1][safepoint    ] Total time for which application threads were stopped: 0.0007639 seconds, Stopping threads took: 0.0003939 seconds
[2019-10-14T07:24:39.017+0000][1][safepoint    ] Application time: 1.0001135 seconds
[2019-10-14T07:24:39.017+0000][1][safepoint    ] Entering safepoint region: Cleanup
[2019-10-14T07:24:39.018+0000][1][safepoint    ] Leaving safepoint region
[2019-10-14T07:24:39.018+0000][1][safepoint    ] Total time for which application threads were stopped: 0.0009330 seconds, Stopping threads took: 0.0004082 seconds
[2019-10-14T07:24:40.019+0000][1][safepoint    ] Application time: 1.0001379 seconds
[2019-10-14T07:24:40.020+0000][1][safepoint    ] Entering safepoint region: Cleanup
[2019-10-14T07:24:40.024+0000][1][safepoint    ] Leaving safepoint region
[2019-10-14T07:24:40.025+0000][1][safepoint    ] Total time for which application threads were stopped: 0.0049661 seconds, Stopping threads took: 0.0043751 seconds
[2019-10-14T07:24:41.026+0000][1][safepoint    ] Application time: 1.0003123 seconds
[2019-10-14T07:24:41.027+0000][1][safepoint    ] Entering safepoint region: Cleanup
[2019-10-14T07:24:41.028+0000][1][safepoint    ] Leaving safepoint region
[2019-10-14T07:24:41.029+0000][1][safepoint    ] Total time for which application threads were stopped: 0.0014681 seconds, Stopping threads took: 0.0006888 seconds
[2019-10-14T07:24:42.030+0000][1][safepoint    ] Application time: 1.0007534 seconds
[2019-10-14T07:24:42.031+0000][1][safepoint    ] Entering safepoint region: Cleanup
[2019-10-14T07:24:42.032+0000][1][safepoint    ] Leaving safepoint region
[2019-10-14T07:24:42.032+0000][1][safepoint    ] Total time for which application threads were stopped: 0.0010776 seconds, Stopping threads took: 0.0004760 seconds
[2019-10-14T07:24:43.033+0000][1][safepoint    ] Application time: 1.0003501 seconds
[2019-10-14T07:24:43.034+0000][1][safepoint    ] Entering safepoint region: Cleanup
[2019-10-14T07:24:43.034+0000][1][safepoint    ] Leaving safepoint region
[2019-10-14T07:24:43.034+0000][1][safepoint    ] Total time for which application threads were stopped: 0.0009416 seconds, Stopping threads took: 0.0004237 seconds
[2019-10-14T07:24:44.036+0000][1][safepoint    ] Application time: 1.0006495 seconds
[2019-10-14T07:24:44.036+0000][1][safepoint    ] Entering safepoint region: Cleanup
[2019-10-14T07:24:44.037+0000][1][safepoint    ] Leaving safepoint region
[2019-10-14T07:24:44.037+0000][1][safepoint    ] Total time for which application threads were stopped: 0.0009011 seconds, Stopping threads took: 0.0004065 seconds
[2019-10-14T07:24:45.038+0000][1][safepoint    ] Application time: 1.0012042 seconds
[2019-10-14T07:24:45.040+0000][1][safepoint    ] Entering safepoint region: Cleanup
[2019-10-14T07:24:45.040+0000][1][safepoint    ] Leaving safepoint region
[2019-10-14T07:24:45.041+0000][1][safepoint    ] Total time for which application threads were stopped: 0.0013709 seconds, Stopping threads took: 0.0006470 seconds
[2019-10-14T07:24:46.042+0000][1][safepoint    ] Application time: 1.0001901 seconds
[2019-10-14T07:24:46.043+0000][1][safepoint    ] Entering safepoint region: Cleanup
[2019-10-14T07:24:46.044+0000][1][safepoint    ] Leaving safepoint region
[2019-10-14T07:24:46.044+0000][1][safepoint    ] Total time for which application threads were stopped: 0.0012952 seconds, Stopping threads took: 0.0007336 seconds
[2019-10-14T07:24:47.045+0000][1][safepoint    ] Application time: 1.0001006 seconds
[2019-10-14T07:24:47.046+0000][1][safepoint    ] Entering safepoint region: Cleanup
[2019-10-14T07:24:47.047+0000][1][safepoint    ] Leaving safepoint region
[2019-10-14T07:24:47.047+0000][1][safepoint    ] Total time for which application threads were stopped: 0.0013317 seconds, Stopping threads took: 0.0006704 seconds
[2019-10-14T07:24:48.048+0000][1][safepoint    ] Application time: 1.0001591 seconds
[2019-10-14T07:24:48.049+0000][1][safepoint    ] Entering safepoint region: Cleanup
[2019-10-14T07:24:48.049+0000][1][safepoint    ] Leaving safepoint region
[2019-10-14T07:24:48.049+0000][1][safepoint    ] Total time for which application threads were stopped: 0.0009951 seconds, Stopping threads took: 0.0004506 seconds
[2019-10-14T07:24:49.052+0000][1][safepoint    ] Application time: 1.0019532 seconds
[2019-10-14T07:24:49.053+0000][1][safepoint    ] Entering safepoint region: Cleanup
[2019-10-14T07:24:49.053+0000][1][safepoint    ] Leaving safepoint region
[2019-10-14T07:24:49.054+0000][1][safepoint    ] Total time for which application threads were stopped: 0.0014839 seconds, Stopping threads took: 0.0004355 seconds
[2019-10-14T07:24:50.060+0000][1][safepoint    ] Application time: 1.0035274 seconds
[2019-10-14T07:24:50.061+0000][1][safepoint    ] Entering safepoint region: Cleanup
[2019-10-14T07:24:50.062+0000][1][safepoint    ] Leaving safepoint region
[2019-10-14T07:24:50.062+0000][1][safepoint    ] Total time for which application threads were stopped: 0.0010732 seconds, Stopping threads took: 0.0005657 seconds
[2019-10-14T07:24:51.064+0000][1][safepoint    ] Application time: 1.0007489 seconds
[2019-10-14T07:24:51.065+0000][1][safepoint    ] Entering safepoint region: Cleanup
[2019-10-14T07:24:51.065+0000][1][safepoint    ] Leaving safepoint region
[2019-10-14T07:24:51.066+0000][1][safepoint    ] Total time for which application threads were stopped: 0.0015367 seconds, Stopping threads took: 0.0006664 seconds
[2019-10-14T07:24:52.067+0000][1][safepoint    ] Application time: 1.0001309 seconds
[2019-10-14T07:24:52.067+0000][1][safepoint    ] Entering safepoint region: Cleanup
[2019-10-14T07:24:52.068+0000][1][safepoint    ] Leaving safepoint region
[2019-10-14T07:24:52.068+0000][1][safepoint    ] Total time for which application threads were stopped: 0.0008477 seconds, Stopping threads took: 0.0003858 seconds
[2019-10-14T07:24:53.072+0000][1][safepoint    ] Application time: 1.0035011 seconds
[2019-10-14T07:24:53.073+0000][1][safepoint    ] Entering safepoint region: Cleanup
[2019-10-14T07:24:53.073+0000][1][safepoint    ] Leaving safepoint region
[2019-10-14T07:24:53.074+0000][1][safepoint    ] Total time for which application threads were stopped: 0.0010109 seconds, Stopping threads took: 0.0003931 seconds
[2019-10-14T07:24:54.074+0000][1][safepoint    ] Application time: 1.0004726 seconds
[2019-10-14T07:24:54.075+0000][1][safepoint    ] Entering safepoint region: Cleanup
[2019-10-14T07:24:54.076+0000][1][safepoint    ] Leaving safepoint region
[2019-10-14T07:24:54.077+0000][1][safepoint    ] Total time for which application threads were stopped: 0.0014589 seconds, Stopping threads took: 0.0006795 seconds
[2019-10-14T07:24:55.078+0000][1][safepoint    ] Application time: 1.0006580 seconds
[2019-10-14T07:24:55.079+0000][1][safepoint    ] Entering safepoint region: Cleanup
[2019-10-14T07:24:55.080+0000][1][safepoint    ] Leaving safepoint region
[2019-10-14T07:24:55.080+0000][1][safepoint    ] Total time for which application threads were stopped: 0.0014408 seconds, Stopping threads took: 0.0007469 seconds
[2019-10-14T07:24:56.081+0000][1][safepoint    ] Application time: 1.0002416 seconds
[2019-10-14T07:24:56.082+0000][1][safepoint    ] Entering safepoint region: Cleanup
[2019-10-14T07:24:56.082+0000][1][safepoint    ] Leaving safepoint region
[2019-10-14T07:24:56.083+0000][1][safepoint    ] Total time for which application threads were stopped: 0.0010470 seconds, Stopping threads took: 0.0005389 seconds
[2019-10-14T07:24:56.876+0000][1][safepoint    ] Application time: 0.7928797 seconds
[2019-10-14T07:24:56.877+0000][1][safepoint    ] Entering safepoint region: RevokeBias
[2019-10-14T07:24:56.878+0000][1][safepoint    ] Leaving safepoint region
[2019-10-14T07:24:56.878+0000][1][safepoint    ] Total time for which application threads were stopped: 0.0011701 seconds, Stopping threads took: 0.0003785 seconds
[2019-10-14T07:24:56.947+0000][1][safepoint    ] Application time: 0.0689704 seconds
[2019-10-14T07:24:56.951+0000][1][safepoint    ] Entering safepoint region: RevokeBias
[2019-10-14T07:24:56.957+0000][1][safepoint    ] Leaving safepoint region
[2019-10-14T07:24:56.957+0000][1][safepoint    ] Total time for which application threads were stopped: 0.0062275 seconds, Stopping threads took: 0.0055996 seconds
[2019-10-14T07:24:56.959+0000][1][safepoint    ] Application time: 0.0009421 seconds
[2019-10-14T07:24:56.959+0000][1][safepoint    ] Entering safepoint region: RevokeBias
[2019-10-14T07:24:56.960+0000][1][safepoint    ] Leaving safepoint region
[2019-10-14T07:24:56.960+0000][1][safepoint    ] Total time for which application threads were stopped: 0.0006156 seconds, Stopping threads took: 0.0003180 seconds
[2019-10-14T07:24:56.975+0000][1][safepoint    ] Application time: 0.0146801 seconds
[2019-10-14T07:24:56.975+0000][1][safepoint    ] Entering safepoint region: RevokeBias
[2019-10-14T07:24:56.975+0000][1][safepoint    ] Leaving safepoint region
[2019-10-14T07:24:56.976+0000][1][safepoint    ] Total time for which application threads were stopped: 0.0006535 seconds, Stopping threads took: 0.0002895 seconds
[2019-10-14T07:24:57.465+0000][1][safepoint    ] Application time: 0.4889661 seconds
[2019-10-14T07:24:57.465+0000][1][safepoint    ] Entering safepoint region: RevokeBias
[2019-10-14T07:24:57.466+0000][1][safepoint    ] Leaving safepoint region
[2019-10-14T07:24:57.466+0000][1][safepoint    ] Total time for which application threads were stopped: 0.0007471 seconds, Stopping threads took: 0.0003030 seconds
[2019-10-14T07:24:57.477+0000][1][safepoint    ] Application time: 0.0107615 seconds
[2019-10-14T07:24:57.477+0000][1][safepoint    ] Entering safepoint region: RevokeBias
[2019-10-14T07:24:57.478+0000][1][safepoint    ] Leaving safepoint region
[2019-10-14T07:24:57.478+0000][1][safepoint    ] Total time for which application threads were stopped: 0.0005603 seconds, Stopping threads took: 0.0002405 seconds
[2019-10-14T07:24:57.478+0000][1][safepoint    ] Application time: 0.0002060 seconds
[2019-10-14T07:24:57.479+0000][1][safepoint    ] Entering safepoint region: RevokeBias
[2019-10-14T07:24:57.479+0000][1][safepoint    ] Leaving safepoint region
[2019-10-14T07:24:57.479+0000][1][safepoint    ] Total time for which application threads were stopped: 0.0005066 seconds, Stopping threads took: 0.0002397 seconds
[2019-10-14T07:24:57.481+0000][1][safepoint    ] Application time: 0.0014275 seconds
[2019-10-14T07:24:57.481+0000][1][safepoint    ] Entering safepoint region: RevokeBias
[2019-10-14T07:24:57.481+0000][1][safepoint    ] Leaving safepoint region
[2019-10-14T07:24:57.482+0000][1][safepoint    ] Total time for which application threads were stopped: 0.0005117 seconds, Stopping threads took: 0.0002182 seconds
[2019-10-14T07:24:57.483+0000][1][safepoint    ] Application time: 0.0007913 seconds
[2019-10-14T07:24:57.483+0000][1][safepoint    ] Entering safepoint region: RevokeBias
[2019-10-14T07:24:57.483+0000][1][safepoint    ] Leaving safepoint region
[2019-10-14T07:24:57.483+0000][1][safepoint    ] Total time for which application threads were stopped: 0.0005895 seconds, Stopping threads took: 0.0002572 seconds
[2019-10-14T07:24:57.559+0000][1][safepoint    ] Application time: 0.0749489 seconds
[2019-10-14T07:24:57.563+0000][1][safepoint    ] Entering safepoint region: RevokeBias
[2019-10-14T07:24:57.564+0000][1][safepoint    ] Leaving safepoint region
[2019-10-14T07:24:57.564+0000][1][safepoint    ] Total time for which application threads were stopped: 0.0052645 seconds, Stopping threads took: 0.0045600 seconds
[2019-10-14T07:24:57.565+0000][1][safepoint    ] Application time: 0.0008928 seconds
[2019-10-14T07:24:57.566+0000][1][safepoint    ] Entering safepoint region: RevokeBias
[2019-10-14T07:24:57.566+0000][1][safepoint    ] Leaving safepoint region
[2019-10-14T07:24:57.566+0000][1][safepoint    ] Total time for which application threads were stopped: 0.0006908 seconds, Stopping threads took: 0.0003342 seconds
[2019-10-14T07:24:57.572+0000][1][safepoint    ] Application time: 0.0051376 seconds
[2019-10-14T07:24:57.573+0000][1][safepoint    ] Entering safepoint region: RevokeBias
[2019-10-14T07:24:57.573+0000][1][safepoint    ] Leaving safepoint region
[2019-10-14T07:24:57.573+0000][1][safepoint    ] Total time for which application threads were stopped: 0.0009253 seconds, Stopping threads took: 0.0006023 seconds
[2019-10-14T07:24:57.574+0000][1][safepoint    ] Application time: 0.0001212 seconds
[2019-10-14T07:24:57.574+0000][1][safepoint    ] Entering safepoint region: RevokeBias
[2019-10-14T07:24:57.575+0000][1][safepoint    ] Leaving safepoint region
[2019-10-14T07:24:57.575+0000][1][safepoint    ] Total time for which application threads were stopped: 0.0005896 seconds, Stopping threads took: 0.0002700 seconds
[2019-10-14T07:24:57.575+0000][1][safepoint    ] Application time: 0.0002169 seconds
[2019-10-14T07:24:57.576+0000][1][safepoint    ] Entering safepoint region: RevokeBias
[2019-10-14T07:24:57.576+0000][1][safepoint    ] Leaving safepoint region
[2019-10-14T07:24:57.577+0000][1][safepoint    ] Total time for which application threads were stopped: 0.0016611 seconds, Stopping threads took: 0.0007018 seconds
[2019-10-14T07:24:57.578+0000][1][safepoint    ] Application time: 0.0003896 seconds
[2019-10-14T07:24:57.579+0000][1][safepoint    ] Entering safepoint region: RevokeBias
[2019-10-14T07:24:57.579+0000][1][safepoint    ] Leaving safepoint region
[2019-10-14T07:24:57.579+0000][1][safepoint    ] Total time for which application threads were stopped: 0.0006867 seconds, Stopping threads took: 0.0002728 seconds
[2019-10-14T07:24:57.585+0000][1][safepoint    ] Application time: 0.0049045 seconds
[2019-10-14T07:24:57.585+0000][1][safepoint    ] Entering safepoint region: RevokeBias
[2019-10-14T07:24:57.585+0000][1][safepoint    ] Leaving safepoint region
[2019-10-14T07:24:57.586+0000][1][safepoint    ] Total time for which application threads were stopped: 0.0006786 seconds, Stopping threads took: 0.0003365 seconds
[2019-10-14T07:24:58.586+0000][1][safepoint    ] Application time: 1.0003273 seconds
[2019-10-14T07:24:58.587+0000][1][safepoint    ] Entering safepoint region: Cleanup
[2019-10-14T07:24:58.587+0000][1][safepoint    ] Leaving safepoint region
[2019-10-14T07:24:58.587+0000][1][safepoint    ] Total time for which application threads were stopped: 0.0007868 seconds, Stopping threads took: 0.0003265 seconds
[2019-10-14T07:24:59.590+0000][1][safepoint    ] Application time: 1.0022936 seconds
[2019-10-14T07:24:59.591+0000][1][safepoint    ] Entering safepoint region: Cleanup
[2019-10-14T07:24:59.591+0000][1][safepoint    ] Leaving safepoint region
[2019-10-14T07:24:59.591+0000][1][safepoint    ] Total time for which application threads were stopped: 0.0007604 seconds, Stopping threads took: 0.0003236 seconds
[2019-10-14T07:25:00.592+0000][1][safepoint    ] Application time: 1.0008205 seconds
[2019-10-14T07:25:00.593+0000][1][safepoint    ] Entering safepoint region: Cleanup
[2019-10-14T07:25:00.593+0000][1][safepoint    ] Leaving safepoint region
[2019-10-14T07:25:00.594+0000][1][safepoint    ] Total time for which application threads were stopped: 0.0007972 seconds, Stopping threads took: 0.0003344 seconds
[2019-10-14T07:25:01.595+0000][1][safepoint    ] Application time: 1.0005652 seconds
[2019-10-14T07:25:01.596+0000][1][safepoint    ] Entering safepoint region: Cleanup
[2019-10-14T07:25:01.596+0000][1][safepoint    ] Leaving safepoint region
[2019-10-14T07:25:01.597+0000][1][safepoint    ] Total time for which application threads were stopped: 0.0008039 seconds, Stopping threads took: 0.0004326 seconds
[2019-10-14T07:25:02.303+0000][1][safepoint    ] Application time: 0.7055756 seconds
[2019-10-14T07:25:02.304+0000][1][safepoint    ] Entering safepoint region: RevokeBias
[2019-10-14T07:25:02.306+0000][1][safepoint    ] Leaving safepoint region
[2019-10-14T07:25:02.310+0000][1][safepoint    ] Total time for which application threads were stopped: 0.0059520 seconds, Stopping threads took: 0.0022256 seconds
[2019-10-14T07:25:03.316+0000][1][safepoint    ] Application time: 1.0056416 seconds
[2019-10-14T07:25:03.317+0000][1][safepoint    ] Entering safepoint region: Cleanup
[2019-10-14T07:25:03.317+0000][1][safepoint    ] Leaving safepoint region
[2019-10-14T07:25:03.319+0000][1][safepoint    ] Total time for which application threads were stopped: 0.0024837 seconds, Stopping threads took: 0.0004656 seconds
[2019-10-14T07:25:04.299+0000][1][safepoint    ] Application time: 1.0003753 seconds
[2019-10-14T07:25:04.300+0000][1][safepoint    ] Entering safepoint region: Cleanup
[2019-10-14T07:25:04.300+0000][1][safepoint    ] Leaving safepoint region
[2019-10-14T07:25:04.301+0000][1][safepoint    ] Total time for which application threads were stopped: 0.0010862 seconds, Stopping threads took: 0.0005049 seconds
[2019-10-14T07:25:05.258+0000][1][safepoint    ] Application time: 0.9565352 seconds
[2019-10-14T07:25:05.258+0000][1][safepoint    ] Entering safepoint region: RevokeBias
[2019-10-14T07:25:05.259+0000][1][safepoint    ] Leaving safepoint region
[2019-10-14T07:25:05.259+0000][1][safepoint    ] Total time for which application threads were stopped: 0.0007312 seconds, Stopping threads took: 0.0002628 seconds
[2019-10-14T07:25:06.261+0000][1][safepoint    ] Application time: 1.0012271 seconds
[2019-10-14T07:25:06.261+0000][1][safepoint    ] Entering safepoint region: Cleanup
[2019-10-14T07:25:06.262+0000][1][safepoint    ] Leaving safepoint region
[2019-10-14T07:25:06.263+0000][1][safepoint    ] Total time for which application threads were stopped: 0.0015908 seconds, Stopping threads took: 0.0007157 seconds
[2019-10-14T07:25:07.264+0000][1][safepoint    ] Application time: 1.0008965 seconds
[2019-10-14T07:25:07.265+0000][1][safepoint    ] Entering safepoint region: Cleanup
[2019-10-14T07:25:07.265+0000][1][safepoint    ] Leaving safepoint region
[2019-10-14T07:25:07.265+0000][1][safepoint    ] Total time for which application threads were stopped: 0.0008366 seconds, Stopping threads took: 0.0003510 seconds
[2019-10-14T07:25:08.266+0000][1][safepoint    ] Application time: 1.0004997 seconds
[2019-10-14T07:25:08.267+0000][1][safepoint    ] Entering safepoint region: Cleanup
[2019-10-14T07:25:08.268+0000][1][safepoint    ] Leaving safepoint region
[2019-10-14T07:25:08.268+0000][1][safepoint    ] Total time for which application threads were stopped: 0.0008728 seconds, Stopping threads took: 0.0004520 seconds
[2019-10-14T07:25:09.269+0000][1][safepoint    ] Application time: 1.0005790 seconds
[2019-10-14T07:25:09.271+0000][1][safepoint    ] Entering safepoint region: Cleanup
[2019-10-14T07:25:09.271+0000][1][safepoint    ] Leaving safepoint region
[2019-10-14T07:25:09.272+0000][1][safepoint    ] Total time for which application threads were stopped: 0.0013470 seconds, Stopping threads took: 0.0006805 seconds
[2019-10-14T07:25:10.273+0000][1][safepoint    ] Application time: 1.0002734 seconds
[2019-10-14T07:25:10.274+0000][1][safepoint    ] Entering safepoint region: Cleanup
[2019-10-14T07:25:10.274+0000][1][safepoint    ] Leaving safepoint region
[2019-10-14T07:25:10.275+0000][1][safepoint    ] Total time for which application threads were stopped: 0.0012804 seconds, Stopping threads took: 0.0005979 seconds
[2019-10-14T07:25:11.276+0000][1][safepoint    ] Application time: 1.0006597 seconds
[2019-10-14T07:25:11.279+0000][1][safepoint    ] Entering safepoint region: Cleanup
[2019-10-14T07:25:11.280+0000][1][safepoint    ] Leaving safepoint region
[2019-10-14T07:25:11.280+0000][1][safepoint    ] Total time for which application threads were stopped: 0.0013815 seconds, Stopping threads took: 0.0009145 seconds
[2019-10-14T07:25:12.281+0000][1][safepoint    ] Application time: 1.0003336 seconds
[2019-10-14T07:25:12.282+0000][1][safepoint    ] Entering safepoint region: Cleanup
[2019-10-14T07:25:12.283+0000][1][safepoint    ] Leaving safepoint region
[2019-10-14T07:25:12.283+0000][1][safepoint    ] Total time for which application threads were stopped: 0.0015146 seconds, Stopping threads took: 0.0008326 seconds
[2019-10-14T07:25:13.284+0000][1][safepoint    ] Application time: 1.0002118 seconds
[2019-10-14T07:25:13.285+0000][1][safepoint    ] Entering safepoint region: Cleanup
[2019-10-14T07:25:13.285+0000][1][safepoint    ] Leaving safepoint region
[2019-10-14T07:25:13.286+0000][1][safepoint    ] Total time for which application threads were stopped: 0.0008650 seconds, Stopping threads took: 0.0003572 seconds
[2019-10-14T07:25:14.286+0000][1][safepoint    ] Application time: 1.0005161 seconds
[2019-10-14T07:25:14.287+0000][1][safepoint    ] Entering safepoint region: Cleanup
[2019-10-14T07:25:14.288+0000][1][safepoint    ] Leaving safepoint region
[2019-10-14T07:25:14.288+0000][1][safepoint    ] Total time for which application threads were stopped: 0.0013218 seconds, Stopping threads took: 0.0007069 seconds
[2019-10-14T07:25:15.290+0000][1][safepoint    ] Application time: 1.0013046 seconds
[2019-10-14T07:25:15.291+0000][1][safepoint    ] Entering safepoint region: Cleanup
[2019-10-14T07:25:15.292+0000][1][safepoint    ] Leaving safepoint region
[2019-10-14T07:25:15.294+0000][1][safepoint    ] Total time for which application threads were stopped: 0.0029303 seconds, Stopping threads took: 0.0007608 seconds
[2019-10-14T07:25:16.297+0000][1][safepoint    ] Application time: 1.0023839 seconds
[2019-10-14T07:25:16.298+0000][1][safepoint    ] Entering safepoint region: Cleanup
[2019-10-14T07:25:16.299+0000][1][safepoint    ] Leaving safepoint region
[2019-10-14T07:25:16.299+0000][1][safepoint    ] Total time for which application threads were stopped: 0.0015193 seconds, Stopping threads took: 0.0008963 seconds
[2019-10-14T07:25:17.300+0000][1][safepoint    ] Application time: 1.0004776 seconds
[2019-10-14T07:25:17.301+0000][1][safepoint    ] Entering safepoint region: Cleanup
[2019-10-14T07:25:17.301+0000][1][safepoint    ] Leaving safepoint region
[2019-10-14T07:25:17.302+0000][1][safepoint    ] Total time for which application threads were stopped: 0.0007500 seconds, Stopping threads took: 0.0004126 seconds
[2019-10-14T07:25:18.303+0000][1][safepoint    ] Application time: 1.0011875 seconds
[2019-10-14T07:25:18.306+0000][1][safepoint    ] Entering safepoint region: Cleanup
[2019-10-14T07:25:18.308+0000][1][safepoint    ] Leaving safepoint region
[2019-10-14T07:25:18.309+0000][1][safepoint    ] Total time for which application threads were stopped: 0.0026211 seconds, Stopping threads took: 0.0014321 seconds
[2019-10-14T07:25:19.310+0000][1][safepoint    ] Application time: 1.0004269 seconds
[2019-10-14T07:25:19.311+0000][1][safepoint    ] Entering safepoint region: Cleanup
[2019-10-14T07:25:19.311+0000][1][safepoint    ] Leaving safepoint region
[2019-10-14T07:25:19.312+0000][1][safepoint    ] Total time for which application threads were stopped: 0.0011578 seconds, Stopping threads took: 0.0005763 seconds
[2019-10-14T07:25:20.313+0000][1][safepoint    ] Application time: 1.0003984 seconds
[2019-10-14T07:25:20.313+0000][1][safepoint    ] Entering safepoint region: Cleanup
[2019-10-14T07:25:20.314+0000][1][safepoint    ] Leaving safepoint region
[2019-10-14T07:25:20.314+0000][1][safepoint    ] Total time for which application threads were stopped: 0.0006882 seconds, Stopping threads took: 0.0003734 seconds
[2019-10-14T07:25:21.317+0000][1][safepoint    ] Application time: 1.0035147 seconds
[2019-10-14T07:25:21.319+0000][1][safepoint    ] Entering safepoint region: Cleanup
[2019-10-14T07:25:21.319+0000][1][safepoint    ] Leaving safepoint region
[2019-10-14T07:25:21.319+0000][1][safepoint    ] Total time for which application threads were stopped: 0.0006914 seconds, Stopping threads took: 0.0003430 seconds
[2019-10-14T07:25:22.320+0000][1][safepoint    ] Application time: 1.0005914 seconds
[2019-10-14T07:25:22.321+0000][1][safepoint    ] Entering safepoint region: Cleanup
[2019-10-14T07:25:22.322+0000][1][safepoint    ] Leaving safepoint region
[2019-10-14T07:25:22.323+0000][1][safepoint    ] Total time for which application threads were stopped: 0.0014633 seconds, Stopping threads took: 0.0007343 seconds
[2019-10-14T07:25:23.324+0000][1][safepoint    ] Application time: 1.0007759 seconds
[2019-10-14T07:25:23.325+0000][1][safepoint    ] Entering safepoint region: Cleanup
[2019-10-14T07:25:23.326+0000][1][safepoint    ] Leaving safepoint region
[2019-10-14T07:25:23.327+0000][1][safepoint    ] Total time for which application threads were stopped: 0.0018202 seconds, Stopping threads took: 0.0009406 seconds
[2019-10-14T07:25:24.330+0000][1][safepoint    ] Application time: 1.0018494 seconds
[2019-10-14T07:25:24.331+0000][1][safepoint    ] Entering safepoint region: Cleanup
[2019-10-14T07:25:24.331+0000][1][safepoint    ] Leaving safepoint region
[2019-10-14T07:25:24.332+0000][1][safepoint    ] Total time for which application threads were stopped: 0.0016922 seconds, Stopping threads took: 0.0008054 seconds
[2019-10-14T07:25:25.333+0000][1][safepoint    ] Application time: 1.0002537 seconds
[2019-10-14T07:25:25.334+0000][1][safepoint    ] Entering safepoint region: Cleanup
[2019-10-14T07:25:25.335+0000][1][safepoint    ] Leaving safepoint region
[2019-10-14T07:25:25.336+0000][1][safepoint    ] Total time for which application threads were stopped: 0.0015929 seconds, Stopping threads took: 0.0007881 seconds
[2019-10-14T07:25:26.337+0000][1][safepoint    ] Application time: 1.0009838 seconds
[2019-10-14T07:25:26.338+0000][1][safepoint    ] Entering safepoint region: Cleanup
[2019-10-14T07:25:26.339+0000][1][safepoint    ] Leaving safepoint region
[2019-10-14T07:25:26.340+0000][1][safepoint    ] Total time for which application threads were stopped: 0.0017656 seconds, Stopping threads took: 0.0009004 seconds
[2019-10-14T07:25:27.588+0000][1][safepoint    ] Application time: 1.2470012 seconds
[2019-10-14T07:25:27.589+0000][1][safepoint    ] Entering safepoint region: Cleanup
[2019-10-14T07:25:27.590+0000][1][safepoint    ] Leaving safepoint region
[2019-10-14T07:25:27.591+0000][1][safepoint    ] Total time for which application threads were stopped: 0.0015487 seconds, Stopping threads took: 0.0008733 seconds
[2019-10-14T07:25:28.591+0000][1][safepoint    ] Application time: 1.0001885 seconds
[2019-10-14T07:25:28.592+0000][1][safepoint    ] Entering safepoint region: Cleanup
[2019-10-14T07:25:28.593+0000][1][safepoint    ] Leaving safepoint region
[2019-10-14T07:25:28.593+0000][1][safepoint    ] Total time for which application threads were stopped: 0.0013000 seconds, Stopping threads took: 0.0007312 seconds
[2019-10-14T07:25:29.595+0000][1][safepoint    ] Application time: 1.0013371 seconds
[2019-10-14T07:25:29.596+0000][1][safepoint    ] Entering safepoint region: Cleanup
[2019-10-14T07:25:29.596+0000][1][safepoint    ] Leaving safepoint region
[2019-10-14T07:25:29.597+0000][1][safepoint    ] Total time for which application threads were stopped: 0.0015576 seconds, Stopping threads took: 0.0004315 seconds
[2019-10-14T07:25:30.598+0000][1][safepoint    ] Application time: 1.0003186 seconds
[2019-10-14T07:25:30.600+0000][1][safepoint    ] Entering safepoint region: Cleanup
[2019-10-14T07:25:30.601+0000][1][safepoint    ] Leaving safepoint region
[2019-10-14T07:25:30.602+0000][1][safepoint    ] Total time for which application threads were stopped: 0.0018279 seconds, Stopping threads took: 0.0007204 seconds
[2019-10-14T07:25:31.606+0000][1][safepoint    ] Application time: 1.0011233 seconds
[2019-10-14T07:25:31.607+0000][1][safepoint    ] Entering safepoint region: Cleanup
[2019-10-14T07:25:31.608+0000][1][safepoint    ] Leaving safepoint region
[2019-10-14T07:25:31.609+0000][1][safepoint    ] Total time for which application threads were stopped: 0.0019203 seconds, Stopping threads took: 0.0006765 seconds
[2019-10-14T07:25:32.610+0000][1][safepoint    ] Application time: 1.0001636 seconds
[2019-10-14T07:25:32.648+0000][1][safepoint    ] Entering safepoint region: Cleanup
[2019-10-14T07:25:32.649+0000][1][safepoint    ] Leaving safepoint region
[2019-10-14T07:25:32.649+0000][1][safepoint    ] Total time for which application threads were stopped: 0.0009787 seconds, Stopping threads took: 0.0004992 seconds
[2019-10-14T07:25:33.650+0000][1][safepoint    ] Application time: 1.0001812 seconds
[2019-10-14T07:25:33.650+0000][1][safepoint    ] Entering safepoint region: Cleanup
[2019-10-14T07:25:33.651+0000][1][safepoint    ] Leaving safepoint region
[2019-10-14T07:25:33.652+0000][1][safepoint    ] Total time for which application threads were stopped: 0.0012889 seconds, Stopping threads took: 0.0007058 seconds
[2019-10-14T07:25:34.631+0000][1][safepoint    ] Application time: 1.0003518 seconds
[2019-10-14T07:25:34.632+0000][1][safepoint    ] Entering safepoint region: Cleanup
[2019-10-14T07:25:34.633+0000][1][safepoint    ] Leaving safepoint region
[2019-10-14T07:25:34.634+0000][1][safepoint    ] Total time for which application threads were stopped: 0.0019346 seconds, Stopping threads took: 0.0010048 seconds
[2019-10-14T07:25:35.636+0000][1][safepoint    ] Application time: 1.0010081 seconds
[2019-10-14T07:25:35.637+0000][1][safepoint    ] Entering safepoint region: Cleanup
[2019-10-14T07:25:35.638+0000][1][safepoint    ] Leaving safepoint region
[2019-10-14T07:25:35.638+0000][1][safepoint    ] Total time for which application threads were stopped: 0.0012667 seconds, Stopping threads took: 0.0006169 seconds
[2019-10-14T07:25:36.639+0000][1][safepoint    ] Application time: 1.0004278 seconds
[2019-10-14T07:25:36.640+0000][1][safepoint    ] Entering safepoint region: Cleanup
[2019-10-14T07:25:36.641+0000][1][safepoint    ] Leaving safepoint region
[2019-10-14T07:25:36.642+0000][1][safepoint    ] Total time for which application threads were stopped: 0.0015118 seconds, Stopping threads took: 0.0007765 seconds
[2019-10-14T07:25:37.644+0000][1][safepoint    ] Application time: 1.0018113 seconds
[2019-10-14T07:25:37.644+0000][1][safepoint    ] Entering safepoint region: Cleanup
[2019-10-14T07:25:37.645+0000][1][safepoint    ] Leaving safepoint region
[2019-10-14T07:25:37.645+0000][1][safepoint    ] Total time for which application threads were stopped: 0.0009046 seconds, Stopping threads took: 0.0004255 seconds
[2019-10-14T07:25:38.646+0000][1][safepoint    ] Application time: 1.0007088 seconds
[2019-10-14T07:25:38.647+0000][1][safepoint    ] Entering safepoint region: Cleanup
[2019-10-14T07:25:38.648+0000][1][safepoint    ] Leaving safepoint region
[2019-10-14T07:25:38.649+0000][1][safepoint    ] Total time for which application threads were stopped: 0.0014155 seconds, Stopping threads took: 0.0007525 seconds
[2019-10-14T07:25:39.650+0000][1][safepoint    ] Application time: 1.0006457 seconds
[2019-10-14T07:25:39.650+0000][1][safepoint    ] Entering safepoint region: Cleanup
[2019-10-14T07:25:39.651+0000][1][safepoint    ] Leaving safepoint region
[2019-10-14T07:25:39.651+0000][1][safepoint    ] Total time for which application threads were stopped: 0.0008229 seconds, Stopping threads took: 0.0004464 seconds
[2019-10-14T07:25:40.652+0000][1][safepoint    ] Application time: 1.0004726 seconds
[2019-10-14T07:25:40.653+0000][1][safepoint    ] Entering safepoint region: Cleanup
[2019-10-14T07:25:40.654+0000][1][safepoint    ] Leaving safepoint region
[2019-10-14T07:25:40.654+0000][1][safepoint    ] Total time for which application threads were stopped: 0.0012643 seconds, Stopping threads took: 0.0006838 seconds
[2019-10-14T07:25:41.657+0000][1][safepoint    ] Application time: 1.0018843 seconds
[2019-10-14T07:25:41.658+0000][1][safepoint    ] Entering safepoint region: Cleanup
[2019-10-14T07:25:41.658+0000][1][safepoint    ] Leaving safepoint region
[2019-10-14T07:25:41.659+0000][1][safepoint    ] Total time for which application threads were stopped: 0.0012440 seconds, Stopping threads took: 0.0005870 seconds
[2019-10-14T07:25:42.660+0000][1][safepoint    ] Application time: 1.0003548 seconds
[2019-10-14T07:25:42.661+0000][1][safepoint    ] Entering safepoint region: Cleanup
[2019-10-14T07:25:42.662+0000][1][safepoint    ] Leaving safepoint region
[2019-10-14T07:25:42.662+0000][1][safepoint    ] Total time for which application threads were stopped: 0.0012145 seconds, Stopping threads took: 0.0007087 seconds
[2019-10-14T07:25:43.520+0000][1][safepoint    ] Application time: 0.8572553 seconds
[2019-10-14T07:25:43.520+0000][1][safepoint    ] Entering safepoint region: GenCollectForAllocation
[2019-10-14T07:25:43.521+0000][1][gc,start     ] GC(28) Pause Young (Allocation Failure)
[2019-10-14T07:25:43.522+0000][1][gc,task      ] GC(28) Using 2 workers of 2 for evacuation
[2019-10-14T07:25:43.527+0000][1][gc,age       ] GC(28) Desired survivor size 4456448 bytes, new threshold 6 (max threshold 6)
[2019-10-14T07:25:43.527+0000][1][gc,age       ] GC(28) Age table with threshold 6 (max threshold 6)
[2019-10-14T07:25:43.529+0000][1][gc,age       ] GC(28) - age   1:     307440 bytes,     307440 total
[2019-10-14T07:25:43.529+0000][1][gc,age       ] GC(28) - age   2:     256456 bytes,     563896 total
[2019-10-14T07:25:43.530+0000][1][gc,age       ] GC(28) - age   3:    1135104 bytes,    1699000 total
[2019-10-14T07:25:43.530+0000][1][gc,heap      ] GC(28) ParNew: 74150K->2827K(78656K)
[2019-10-14T07:25:43.530+0000][1][gc,heap      ] GC(28) CMS: 73242K->73242K(174784K)
[2019-10-14T07:25:43.531+0000][1][gc,metaspace ] GC(28) Metaspace: 78247K->78247K(1120256K)
[2019-10-14T07:25:43.531+0000][1][gc           ] GC(28) Pause Young (Allocation Failure) 143M->74M(247M) 9.616ms
[2019-10-14T07:25:43.531+0000][1][gc,cpu       ] GC(28) User=0.01s Sys=0.00s Real=0.01s
[2019-10-14T07:25:43.532+0000][1][safepoint    ] Leaving safepoint region
[2019-10-14T07:25:43.532+0000][1][safepoint    ] Total time for which application threads were stopped: 0.0115055 seconds, Stopping threads took: 0.0007155 seconds
[2019-10-14T07:25:44.533+0000][1][safepoint    ] Application time: 1.0011855 seconds
[2019-10-14T07:25:44.535+0000][1][safepoint    ] Entering safepoint region: Cleanup
[2019-10-14T07:25:44.535+0000][1][safepoint    ] Leaving safepoint region
[2019-10-14T07:25:44.536+0000][1][safepoint    ] Total time for which application threads were stopped: 0.0010839 seconds, Stopping threads took: 0.0005450 seconds
[2019-10-14T07:25:45.536+0000][1][safepoint    ] Application time: 1.0002258 seconds
[2019-10-14T07:25:45.537+0000][1][safepoint    ] Entering safepoint region: Cleanup
[2019-10-14T07:25:45.537+0000][1][safepoint    ] Leaving safepoint region
[2019-10-14T07:25:45.537+0000][1][safepoint    ] Total time for which application threads were stopped: 0.0007514 seconds, Stopping threads took: 0.0003334 seconds
[2019-10-14T07:25:46.540+0000][1][safepoint    ] Application time: 1.0027052 seconds
[2019-10-14T07:25:46.553+0000][1][safepoint    ] Entering safepoint region: Cleanup
[2019-10-14T07:25:46.553+0000][1][safepoint    ] Leaving safepoint region
[2019-10-14T07:25:46.554+0000][1][safepoint    ] Total time for which application threads were stopped: 0.0008560 seconds, Stopping threads took: 0.0004256 seconds
[2019-10-14T07:25:47.558+0000][1][safepoint    ] Application time: 1.0035257 seconds
[2019-10-14T07:25:47.565+0000][1][safepoint    ] Entering safepoint region: Cleanup
[2019-10-14T07:25:47.566+0000][1][safepoint    ] Leaving safepoint region
[2019-10-14T07:25:47.567+0000][1][safepoint    ] Total time for which application threads were stopped: 0.0017117 seconds, Stopping threads took: 0.0012598 seconds
[2019-10-14T07:25:48.567+0000][1][safepoint    ] Application time: 1.0001951 seconds
[2019-10-14T07:25:48.568+0000][1][safepoint    ] Entering safepoint region: Cleanup
[2019-10-14T07:25:48.568+0000][1][safepoint    ] Leaving safepoint region
[2019-10-14T07:25:48.568+0000][1][safepoint    ] Total time for which application threads were stopped: 0.0006882 seconds, Stopping threads took: 0.0003052 seconds
[2019-10-14T07:25:49.569+0000][1][safepoint    ] Application time: 1.0008430 seconds
[2019-10-14T07:25:49.570+0000][1][safepoint    ] Entering safepoint region: Cleanup
[2019-10-14T07:25:49.571+0000][1][safepoint    ] Leaving safepoint region
[2019-10-14T07:25:49.579+0000][1][safepoint    ] Total time for which application threads were stopped: 0.0091264 seconds, Stopping threads took: 0.0010215 seconds
[2019-10-14T07:25:50.586+0000][1][safepoint    ] Application time: 1.0059595 seconds
[2019-10-14T07:25:50.587+0000][1][safepoint    ] Entering safepoint region: Cleanup
[2019-10-14T07:25:50.587+0000][1][safepoint    ] Leaving safepoint region
[2019-10-14T07:25:50.587+0000][1][safepoint    ] Total time for which application threads were stopped: 0.0009708 seconds, Stopping threads took: 0.0004191 seconds
[2019-10-14T07:25:51.588+0000][1][safepoint    ] Application time: 1.0003196 seconds
[2019-10-14T07:25:51.589+0000][1][safepoint    ] Entering safepoint region: Cleanup
[2019-10-14T07:25:51.589+0000][1][safepoint    ] Leaving safepoint region
[2019-10-14T07:25:51.589+0000][1][safepoint    ] Total time for which application threads were stopped: 0.0006045 seconds, Stopping threads took: 0.0002774 seconds
[2019-10-14T07:25:52.590+0000][1][safepoint    ] Application time: 1.0001967 seconds
[2019-10-14T07:25:52.591+0000][1][safepoint    ] Entering safepoint region: Cleanup
[2019-10-14T07:25:52.591+0000][1][safepoint    ] Leaving safepoint region
[2019-10-14T07:25:52.592+0000][1][safepoint    ] Total time for which application threads were stopped: 0.0009679 seconds, Stopping threads took: 0.0006181 seconds
[2019-10-14T07:25:53.593+0000][1][safepoint    ] Application time: 1.0014234 seconds
[2019-10-14T07:25:53.594+0000][1][safepoint    ] Entering safepoint region: Cleanup
[2019-10-14T07:25:53.594+0000][1][safepoint    ] Leaving safepoint region
[2019-10-14T07:25:53.596+0000][1][safepoint    ] Total time for which application threads were stopped: 0.0017827 seconds, Stopping threads took: 0.0003866 seconds
[2019-10-14T07:25:54.598+0000][1][safepoint    ] Application time: 1.0010057 seconds
[2019-10-14T07:25:54.599+0000][1][safepoint    ] Entering safepoint region: Cleanup
[2019-10-14T07:25:54.599+0000][1][safepoint    ] Leaving safepoint region
[2019-10-14T07:25:54.599+0000][1][safepoint    ] Total time for which application threads were stopped: 0.0006339 seconds, Stopping threads took: 0.0003437 seconds
[2019-10-14T07:25:55.600+0000][1][safepoint    ] Application time: 1.0008867 seconds
[2019-10-14T07:25:55.601+0000][1][safepoint    ] Entering safepoint region: Cleanup
[2019-10-14T07:25:55.602+0000][1][safepoint    ] Leaving safepoint region
[2019-10-14T07:25:55.602+0000][1][safepoint    ] Total time for which application threads were stopped: 0.0007189 seconds, Stopping threads took: 0.0003743 seconds
[2019-10-14T07:25:56.602+0000][1][safepoint    ] Application time: 1.0002913 seconds
[2019-10-14T07:25:56.603+0000][1][safepoint    ] Entering safepoint region: Cleanup
[2019-10-14T07:25:56.604+0000][1][safepoint    ] Leaving safepoint region
[2019-10-14T07:25:56.604+0000][1][safepoint    ] Total time for which application threads were stopped: 0.0009634 seconds, Stopping threads took: 0.0004868 seconds
[2019-10-14T07:25:57.605+0000][1][safepoint    ] Application time: 1.0005718 seconds
[2019-10-14T07:25:57.606+0000][1][safepoint    ] Entering safepoint region: Cleanup
[2019-10-14T07:25:57.606+0000][1][safepoint    ] Leaving safepoint region
[2019-10-14T07:25:57.607+0000][1][safepoint    ] Total time for which application threads were stopped: 0.0011648 seconds, Stopping threads took: 0.0006954 seconds
[2019-10-14T07:25:58.609+0000][1][safepoint    ] Application time: 1.0017303 seconds
[2019-10-14T07:25:58.611+0000][1][safepoint    ] Entering safepoint region: Cleanup
[2019-10-14T07:25:58.611+0000][1][safepoint    ] Leaving safepoint region
[2019-10-14T07:25:58.612+0000][1][safepoint    ] Total time for which application threads were stopped: 0.0009492 seconds, Stopping threads took: 0.0004194 seconds
[2019-10-14T07:25:59.612+0000][1][safepoint    ] Application time: 1.0002672 seconds
[2019-10-14T07:25:59.615+0000][1][safepoint    ] Entering safepoint region: Cleanup
[2019-10-14T07:25:59.618+0000][1][safepoint    ] Leaving safepoint region
[2019-10-14T07:25:59.618+0000][1][safepoint    ] Total time for which application threads were stopped: 0.0039026 seconds, Stopping threads took: 0.0031232 seconds
[2019-10-14T07:26:00.621+0000][1][safepoint    ] Application time: 1.0008522 seconds
[2019-10-14T07:26:00.621+0000][1][safepoint    ] Entering safepoint region: Cleanup
[2019-10-14T07:26:00.622+0000][1][safepoint    ] Leaving safepoint region
[2019-10-14T07:26:00.622+0000][1][safepoint    ] Total time for which application threads were stopped: 0.0008580 seconds, Stopping threads took: 0.0003168 seconds
[2019-10-14T07:26:01.625+0000][1][safepoint    ] Application time: 1.0018591 seconds
[2019-10-14T07:26:01.627+0000][1][safepoint    ] Entering safepoint region: Cleanup
[2019-10-14T07:26:01.628+0000][1][safepoint    ] Leaving safepoint region
[2019-10-14T07:26:01.628+0000][1][safepoint    ] Total time for which application threads were stopped: 0.0009890 seconds, Stopping threads took: 0.0005409 seconds
[2019-10-14T07:26:02.629+0000][1][safepoint    ] Application time: 1.0006761 seconds
[2019-10-14T07:26:02.630+0000][1][safepoint    ] Entering safepoint region: Cleanup
[2019-10-14T07:26:02.631+0000][1][safepoint    ] Leaving safepoint region
[2019-10-14T07:26:02.632+0000][1][safepoint    ] Total time for which application threads were stopped: 0.0015529 seconds, Stopping threads took: 0.0008045 seconds
[2019-10-14T07:26:03.633+0000][1][safepoint    ] Application time: 1.0002505 seconds
[2019-10-14T07:26:03.633+0000][1][safepoint    ] Entering safepoint region: Cleanup
[2019-10-14T07:26:03.634+0000][1][safepoint    ] Leaving safepoint region
[2019-10-14T07:26:03.636+0000][1][safepoint    ] Total time for which application threads were stopped: 0.0025829 seconds, Stopping threads took: 0.0004425 seconds
[2019-10-14T07:26:04.615+0000][1][safepoint    ] Application time: 1.0002876 seconds
[2019-10-14T07:26:04.617+0000][1][safepoint    ] Entering safepoint region: Cleanup
[2019-10-14T07:26:04.617+0000][1][safepoint    ] Leaving safepoint region
[2019-10-14T07:26:04.618+0000][1][safepoint    ] Total time for which application threads were stopped: 0.0010032 seconds, Stopping threads took: 0.0005276 seconds
[2019-10-14T07:26:05.235+0000][1][safepoint    ] Application time: 0.6172554 seconds
[2019-10-14T07:26:05.245+0000][1][safepoint    ] Entering safepoint region: RevokeBias
[2019-10-14T07:26:05.245+0000][1][safepoint    ] Leaving safepoint region
[2019-10-14T07:26:05.245+0000][1][safepoint    ] Total time for which application threads were stopped: 0.0007561 seconds, Stopping threads took: 0.0003650 seconds
[2019-10-14T07:26:06.246+0000][1][safepoint    ] Application time: 1.0006107 seconds
[2019-10-14T07:26:06.247+0000][1][safepoint    ] Entering safepoint region: Cleanup
[2019-10-14T07:26:06.248+0000][1][safepoint    ] Leaving safepoint region
[2019-10-14T07:26:06.249+0000][1][safepoint    ] Total time for which application threads were stopped: 0.0015729 seconds, Stopping threads took: 0.0006963 seconds
[2019-10-14T07:26:07.325+0000][1][safepoint    ] Application time: 1.0757215 seconds
[2019-10-14T07:26:07.371+0000][1][safepoint    ] Entering safepoint region: Cleanup
[2019-10-14T07:26:07.372+0000][1][safepoint    ] Leaving safepoint region
[2019-10-14T07:26:07.372+0000][1][safepoint    ] Total time for which application threads were stopped: 0.0013924 seconds, Stopping threads took: 0.0007367 seconds
[2019-10-14T07:26:08.376+0000][1][safepoint    ] Application time: 1.0030410 seconds
[2019-10-14T07:26:08.379+0000][1][safepoint    ] Entering safepoint region: Cleanup
[2019-10-14T07:26:08.380+0000][1][safepoint    ] Leaving safepoint region
[2019-10-14T07:26:08.381+0000][1][safepoint    ] Total time for which application threads were stopped: 0.0017051 seconds, Stopping threads took: 0.0010503 seconds
[2019-10-14T07:26:09.382+0000][1][safepoint    ] Application time: 1.0006938 seconds
[2019-10-14T07:26:09.386+0000][1][safepoint    ] Entering safepoint region: Cleanup
[2019-10-14T07:26:09.388+0000][1][safepoint    ] Leaving safepoint region
[2019-10-14T07:26:09.427+0000][1][safepoint    ] Total time for which application threads were stopped: 0.0176380 seconds, Stopping threads took: 0.0023843 seconds
[2019-10-14T07:26:10.533+0000][1][safepoint    ] Application time: 1.0019696 seconds
[2019-10-14T07:26:10.535+0000][1][safepoint    ] Entering safepoint region: Cleanup
[2019-10-14T07:26:10.537+0000][1][safepoint    ] Leaving safepoint region
[2019-10-14T07:26:10.537+0000][1][safepoint    ] Total time for which application threads were stopped: 0.0022681 seconds, Stopping threads took: 0.0014828 seconds
[2019-10-14T07:26:11.539+0000][1][safepoint    ] Application time: 1.0014493 seconds
[2019-10-14T07:26:11.540+0000][1][safepoint    ] Entering safepoint region: Cleanup
[2019-10-14T07:26:11.541+0000][1][safepoint    ] Leaving safepoint region
[2019-10-14T07:26:11.541+0000][1][safepoint    ] Total time for which application threads were stopped: 0.0012698 seconds, Stopping threads took: 0.0007958 seconds
[2019-10-14T07:26:12.542+0000][1][safepoint    ] Application time: 1.0004314 seconds
[2019-10-14T07:26:12.544+0000][1][safepoint    ] Entering safepoint region: Cleanup
[2019-10-14T07:26:12.544+0000][1][safepoint    ] Leaving safepoint region
[2019-10-14T07:26:12.545+0000][1][safepoint    ] Total time for which application threads were stopped: 0.0014112 seconds, Stopping threads took: 0.0005557 seconds
[2019-10-14T07:26:13.546+0000][1][safepoint    ] Application time: 1.0003272 seconds
[2019-10-14T07:26:13.555+0000][1][safepoint    ] Entering safepoint region: Cleanup
[2019-10-14T07:26:13.555+0000][1][safepoint    ] Leaving safepoint region
[2019-10-14T07:26:13.556+0000][1][safepoint    ] Total time for which application threads were stopped: 0.0009011 seconds, Stopping threads took: 0.0004394 seconds
[2019-10-14T07:26:14.557+0000][1][safepoint    ] Application time: 1.0003030 seconds
[2019-10-14T07:26:14.560+0000][1][safepoint    ] Entering safepoint region: Cleanup
[2019-10-14T07:26:14.561+0000][1][safepoint    ] Leaving safepoint region
[2019-10-14T07:26:14.561+0000][1][safepoint    ] Total time for which application threads were stopped: 0.0043554 seconds, Stopping threads took: 0.0036434 seconds
[2019-10-14T07:26:15.564+0000][1][safepoint    ] Application time: 1.0016819 seconds
[2019-10-14T07:26:15.565+0000][1][safepoint    ] Entering safepoint region: Cleanup
[2019-10-14T07:26:15.565+0000][1][safepoint    ] Leaving safepoint region
[2019-10-14T07:26:15.566+0000][1][safepoint    ] Total time for which application threads were stopped: 0.0008439 seconds, Stopping threads took: 0.0004274 seconds
[2019-10-14T07:26:16.569+0000][1][safepoint    ] Application time: 1.0027928 seconds
[2019-10-14T07:26:16.571+0000][1][safepoint    ] Entering safepoint region: Cleanup
[2019-10-14T07:26:16.575+0000][1][safepoint    ] Leaving safepoint region
[2019-10-14T07:26:16.576+0000][1][safepoint    ] Total time for which application threads were stopped: 0.0050255 seconds, Stopping threads took: 0.0034063 seconds
[2019-10-14T07:26:17.577+0000][1][safepoint    ] Application time: 1.0007012 seconds
[2019-10-14T07:26:17.578+0000][1][safepoint    ] Entering safepoint region: Cleanup
[2019-10-14T07:26:17.579+0000][1][safepoint    ] Leaving safepoint region
[2019-10-14T07:26:17.579+0000][1][safepoint    ] Total time for which application threads were stopped: 0.0010104 seconds, Stopping threads took: 0.0004477 seconds
[2019-10-14T07:26:18.580+0000][1][safepoint    ] Application time: 1.0003853 seconds
[2019-10-14T07:26:18.581+0000][1][safepoint    ] Entering safepoint region: Cleanup
[2019-10-14T07:26:18.581+0000][1][safepoint    ] Leaving safepoint region
[2019-10-14T07:26:18.581+0000][1][safepoint    ] Total time for which application threads were stopped: 0.0009330 seconds, Stopping threads took: 0.0003855 seconds
[2019-10-14T07:26:19.583+0000][1][safepoint    ] Application time: 1.0003856 seconds
[2019-10-14T07:26:19.584+0000][1][safepoint    ] Entering safepoint region: Cleanup
[2019-10-14T07:26:19.585+0000][1][safepoint    ] Leaving safepoint region
[2019-10-14T07:26:19.585+0000][1][safepoint    ] Total time for which application threads were stopped: 0.0011143 seconds, Stopping threads took: 0.0005971 seconds
[2019-10-14T07:26:20.586+0000][1][safepoint    ] Application time: 1.0005532 seconds
[2019-10-14T07:26:20.587+0000][1][safepoint    ] Entering safepoint region: Cleanup
[2019-10-14T07:26:20.588+0000][1][safepoint    ] Leaving safepoint region
[2019-10-14T07:26:20.588+0000][1][safepoint    ] Total time for which application threads were stopped: 0.0012770 seconds, Stopping threads took: 0.0006802 seconds
[2019-10-14T07:26:21.589+0000][1][safepoint    ] Application time: 1.0005452 seconds
[2019-10-14T07:26:21.591+0000][1][safepoint    ] Entering safepoint region: Cleanup
[2019-10-14T07:26:21.592+0000][1][safepoint    ] Leaving safepoint region
[2019-10-14T07:26:21.593+0000][1][safepoint    ] Total time for which application threads were stopped: 0.0011205 seconds, Stopping threads took: 0.0007134 seconds
[2019-10-14T07:26:22.593+0000][1][safepoint    ] Application time: 1.0003592 seconds
[2019-10-14T07:26:22.595+0000][1][safepoint    ] Entering safepoint region: Cleanup
[2019-10-14T07:26:22.596+0000][1][safepoint    ] Leaving safepoint region
[2019-10-14T07:26:22.596+0000][1][safepoint    ] Total time for which application threads were stopped: 0.0010249 seconds, Stopping threads took: 0.0004741 seconds
[2019-10-14T07:26:23.597+0000][1][safepoint    ] Application time: 1.0005260 seconds
[2019-10-14T07:26:23.598+0000][1][safepoint    ] Entering safepoint region: Cleanup
[2019-10-14T07:26:23.598+0000][1][safepoint    ] Leaving safepoint region
[2019-10-14T07:26:23.599+0000][1][safepoint    ] Total time for which application threads were stopped: 0.0009533 seconds, Stopping threads took: 0.0004353 seconds
[2019-10-14T07:26:24.599+0000][1][safepoint    ] Application time: 1.0003829 seconds
[2019-10-14T07:26:24.601+0000][1][safepoint    ] Entering safepoint region: Cleanup
[2019-10-14T07:26:24.601+0000][1][safepoint    ] Leaving safepoint region
[2019-10-14T07:26:24.602+0000][1][safepoint    ] Total time for which application threads were stopped: 0.0017485 seconds, Stopping threads took: 0.0006520 seconds
[2019-10-14T07:26:25.604+0000][1][safepoint    ] Application time: 1.0007027 seconds
[2019-10-14T07:26:25.605+0000][1][safepoint    ] Entering safepoint region: Cleanup
[2019-10-14T07:26:25.605+0000][1][safepoint    ] Leaving safepoint region
[2019-10-14T07:26:25.606+0000][1][safepoint    ] Total time for which application threads were stopped: 0.0011225 seconds, Stopping threads took: 0.0005777 seconds
[2019-10-14T07:26:26.607+0000][1][safepoint    ] Application time: 1.0004086 seconds
[2019-10-14T07:26:26.608+0000][1][safepoint    ] Entering safepoint region: Cleanup
[2019-10-14T07:26:26.609+0000][1][safepoint    ] Leaving safepoint region
[2019-10-14T07:26:26.609+0000][1][safepoint    ] Total time for which application threads were stopped: 0.0013646 seconds, Stopping threads took: 0.0006832 seconds
[2019-10-14T07:26:27.611+0000][1][safepoint    ] Application time: 1.0014421 seconds
[2019-10-14T07:26:27.612+0000][1][safepoint    ] Entering safepoint region: Cleanup
[2019-10-14T07:26:27.613+0000][1][safepoint    ] Leaving safepoint region
[2019-10-14T07:26:27.613+0000][1][safepoint    ] Total time for which application threads were stopped: 0.0010979 seconds, Stopping threads took: 0.0005528 seconds
[2019-10-14T07:26:28.614+0000][1][safepoint    ] Application time: 1.0006011 seconds
[2019-10-14T07:26:28.614+0000][1][safepoint    ] Entering safepoint region: Cleanup
[2019-10-14T07:26:28.615+0000][1][safepoint    ] Leaving safepoint region
[2019-10-14T07:26:28.618+0000][1][safepoint    ] Total time for which application threads were stopped: 0.0036445 seconds, Stopping threads took: 0.0003919 seconds
[2019-10-14T07:26:29.619+0000][1][safepoint    ] Application time: 1.0003159 seconds
[2019-10-14T07:26:29.620+0000][1][safepoint    ] Entering safepoint region: Cleanup
[2019-10-14T07:26:29.621+0000][1][safepoint    ] Leaving safepoint region
[2019-10-14T07:26:29.621+0000][1][safepoint    ] Total time for which application threads were stopped: 0.0012644 seconds, Stopping threads took: 0.0007388 seconds
[2019-10-14T07:26:30.622+0000][1][safepoint    ] Application time: 1.0005858 seconds
[2019-10-14T07:26:30.623+0000][1][safepoint    ] Entering safepoint region: Cleanup
[2019-10-14T07:26:30.623+0000][1][safepoint    ] Leaving safepoint region
[2019-10-14T07:26:30.624+0000][1][safepoint    ] Total time for which application threads were stopped: 0.0012073 seconds, Stopping threads took: 0.0005287 seconds
[2019-10-14T07:26:31.625+0000][1][safepoint    ] Application time: 1.0003069 seconds
[2019-10-14T07:26:31.625+0000][1][safepoint    ] Entering safepoint region: Cleanup
[2019-10-14T07:26:31.626+0000][1][safepoint    ] Leaving safepoint region
[2019-10-14T07:26:31.626+0000][1][safepoint    ] Total time for which application threads were stopped: 0.0009304 seconds, Stopping threads took: 0.0004151 seconds
[2019-10-14T07:26:32.628+0000][1][safepoint    ] Application time: 1.0010291 seconds
[2019-10-14T07:26:32.629+0000][1][safepoint    ] Entering safepoint region: Cleanup
[2019-10-14T07:26:32.630+0000][1][safepoint    ] Leaving safepoint region
[2019-10-14T07:26:32.631+0000][1][safepoint    ] Total time for which application threads were stopped: 0.0021656 seconds, Stopping threads took: 0.0012833 seconds
[2019-10-14T07:26:33.635+0000][1][safepoint    ] Application time: 1.0018487 seconds
[2019-10-14T07:26:33.635+0000][1][safepoint    ] Entering safepoint region: Cleanup
[2019-10-14T07:26:33.636+0000][1][safepoint    ] Leaving safepoint region
[2019-10-14T07:26:33.636+0000][1][safepoint    ] Total time for which application threads were stopped: 0.0009525 seconds, Stopping threads took: 0.0004239 seconds
[2019-10-14T07:26:34.615+0000][1][safepoint    ] Application time: 1.0002917 seconds
[2019-10-14T07:26:34.616+0000][1][safepoint    ] Entering safepoint region: Cleanup
[2019-10-14T07:26:34.617+0000][1][safepoint    ] Leaving safepoint region
[2019-10-14T07:26:34.617+0000][1][safepoint    ] Total time for which application threads were stopped: 0.0011098 seconds, Stopping threads took: 0.0005047 seconds
[2019-10-14T07:26:35.618+0000][1][safepoint    ] Application time: 1.0002916 seconds
[2019-10-14T07:26:35.619+0000][1][safepoint    ] Entering safepoint region: Cleanup
[2019-10-14T07:26:35.619+0000][1][safepoint    ] Leaving safepoint region
[2019-10-14T07:26:35.620+0000][1][safepoint    ] Total time for which application threads were stopped: 0.0013516 seconds, Stopping threads took: 0.0006419 seconds
[2019-10-14T07:26:36.621+0000][1][safepoint    ] Application time: 1.0002582 seconds
[2019-10-14T07:26:36.622+0000][1][safepoint    ] Entering safepoint region: Cleanup
[2019-10-14T07:26:36.623+0000][1][safepoint    ] Leaving safepoint region
[2019-10-14T07:26:36.624+0000][1][safepoint    ] Total time for which application threads were stopped: 0.0013480 seconds, Stopping threads took: 0.0006648 seconds
[2019-10-14T07:26:37.625+0000][1][safepoint    ] Application time: 1.0010965 seconds
[2019-10-14T07:26:37.630+0000][1][safepoint    ] Entering safepoint region: Cleanup
[2019-10-14T07:26:37.631+0000][1][safepoint    ] Leaving safepoint region
[2019-10-14T07:26:37.631+0000][1][safepoint    ] Total time for which application threads were stopped: 0.0007389 seconds, Stopping threads took: 0.0003691 seconds
[2019-10-14T07:26:38.634+0000][1][safepoint    ] Application time: 1.0031946 seconds
[2019-10-14T07:26:38.635+0000][1][safepoint    ] Entering safepoint region: Cleanup
[2019-10-14T07:26:38.636+0000][1][safepoint    ] Leaving safepoint region
[2019-10-14T07:26:38.636+0000][1][safepoint    ] Total time for which application threads were stopped: 0.0009484 seconds, Stopping threads took: 0.0004755 seconds
[2019-10-14T07:26:39.637+0000][1][safepoint    ] Application time: 1.0006022 seconds
[2019-10-14T07:26:39.638+0000][1][safepoint    ] Entering safepoint region: Cleanup
[2019-10-14T07:26:39.639+0000][1][safepoint    ] Leaving safepoint region
[2019-10-14T07:26:39.640+0000][1][safepoint    ] Total time for which application threads were stopped: 0.0020573 seconds, Stopping threads took: 0.0008153 seconds
[2019-10-14T07:26:40.643+0000][1][safepoint    ] Application time: 1.0018605 seconds
[2019-10-14T07:26:40.643+0000][1][safepoint    ] Entering safepoint region: Cleanup
[2019-10-14T07:26:40.644+0000][1][safepoint    ] Leaving safepoint region
[2019-10-14T07:26:40.644+0000][1][safepoint    ] Total time for which application threads were stopped: 0.0009205 seconds, Stopping threads took: 0.0004146 seconds
[2019-10-14T07:26:41.645+0000][1][safepoint    ] Application time: 1.0006135 seconds
[2019-10-14T07:26:41.646+0000][1][safepoint    ] Entering safepoint region: Cleanup
[2019-10-14T07:26:41.647+0000][1][safepoint    ] Leaving safepoint region
[2019-10-14T07:26:41.647+0000][1][safepoint    ] Total time for which application threads were stopped: 0.0008356 seconds, Stopping threads took: 0.0003709 seconds
[2019-10-14T07:26:42.649+0000][1][safepoint    ] Application time: 1.0014909 seconds
[2019-10-14T07:26:42.650+0000][1][safepoint    ] Entering safepoint region: Cleanup
[2019-10-14T07:26:42.651+0000][1][safepoint    ] Leaving safepoint region
[2019-10-14T07:26:42.651+0000][1][safepoint    ] Total time for which application threads were stopped: 0.0012076 seconds, Stopping threads took: 0.0006465 seconds
[2019-10-14T07:26:43.652+0000][1][safepoint    ] Application time: 1.0003870 seconds
[2019-10-14T07:26:43.653+0000][1][safepoint    ] Entering safepoint region: Cleanup
[2019-10-14T07:26:43.654+0000][1][safepoint    ] Leaving safepoint region
[2019-10-14T07:26:43.654+0000][1][safepoint    ] Total time for which application threads were stopped: 0.0009733 seconds, Stopping threads took: 0.0005257 seconds
[2019-10-14T07:26:44.654+0000][1][safepoint    ] Application time: 1.0002403 seconds
[2019-10-14T07:26:44.655+0000][1][safepoint    ] Entering safepoint region: Cleanup
[2019-10-14T07:26:44.656+0000][1][safepoint    ] Leaving safepoint region
[2019-10-14T07:26:44.656+0000][1][safepoint    ] Total time for which application threads were stopped: 0.0010697 seconds, Stopping threads took: 0.0004932 seconds
[2019-10-14T07:26:45.657+0000][1][safepoint    ] Application time: 1.0007203 seconds
[2019-10-14T07:26:45.658+0000][1][safepoint    ] Entering safepoint region: Cleanup
[2019-10-14T07:26:45.659+0000][1][safepoint    ] Leaving safepoint region
[2019-10-14T07:26:45.659+0000][1][safepoint    ] Total time for which application threads were stopped: 0.0010459 seconds, Stopping threads took: 0.0005766 seconds
[2019-10-14T07:26:46.660+0000][1][safepoint    ] Application time: 1.0003626 seconds
[2019-10-14T07:26:46.661+0000][1][safepoint    ] Entering safepoint region: Cleanup
[2019-10-14T07:26:46.662+0000][1][safepoint    ] Leaving safepoint region
[2019-10-14T07:26:46.662+0000][1][safepoint    ] Total time for which application threads were stopped: 0.0011577 seconds, Stopping threads took: 0.0005800 seconds
[2019-10-14T07:26:47.664+0000][1][safepoint    ] Application time: 1.0017245 seconds
[2019-10-14T07:26:47.666+0000][1][safepoint    ] Entering safepoint region: Cleanup
[2019-10-14T07:26:47.668+0000][1][safepoint    ] Leaving safepoint region
[2019-10-14T07:26:47.668+0000][1][safepoint    ] Total time for which application threads were stopped: 0.0019061 seconds, Stopping threads took: 0.0007665 seconds
[2019-10-14T07:26:48.669+0000][1][safepoint    ] Application time: 1.0007588 seconds
[2019-10-14T07:26:48.670+0000][1][safepoint    ] Entering safepoint region: Cleanup
[2019-10-14T07:26:48.671+0000][1][safepoint    ] Leaving safepoint region
[2019-10-14T07:26:48.671+0000][1][safepoint    ] Total time for which application threads were stopped: 0.0008587 seconds, Stopping threads took: 0.0004218 seconds
[2019-10-14T07:26:49.672+0000][1][safepoint    ] Application time: 1.0001575 seconds
[2019-10-14T07:26:49.672+0000][1][safepoint    ] Entering safepoint region: Cleanup
[2019-10-14T07:26:49.673+0000][1][safepoint    ] Leaving safepoint region
[2019-10-14T07:26:49.673+0000][1][safepoint    ] Total time for which application threads were stopped: 0.0011909 seconds, Stopping threads took: 0.0005865 seconds
[2019-10-14T07:26:50.674+0000][1][safepoint    ] Application time: 1.0000926 seconds
[2019-10-14T07:26:50.675+0000][1][safepoint    ] Entering safepoint region: Cleanup
[2019-10-14T07:26:50.675+0000][1][safepoint    ] Leaving safepoint region
[2019-10-14T07:26:50.676+0000][1][safepoint    ] Total time for which application threads were stopped: 0.0009230 seconds, Stopping threads took: 0.0004826 seconds
[2019-10-14T07:26:51.677+0000][1][safepoint    ] Application time: 1.0007594 seconds
[2019-10-14T07:26:51.678+0000][1][safepoint    ] Entering safepoint region: Cleanup
[2019-10-14T07:26:51.679+0000][1][safepoint    ] Leaving safepoint region
[2019-10-14T07:26:51.679+0000][1][safepoint    ] Total time for which application threads were stopped: 0.0013997 seconds, Stopping threads took: 0.0006724 seconds
[2019-10-14T07:26:52.680+0000][1][safepoint    ] Application time: 1.0002979 seconds
[2019-10-14T07:26:52.681+0000][1][safepoint    ] Entering safepoint region: Cleanup
[2019-10-14T07:26:52.681+0000][1][safepoint    ] Leaving safepoint region
[2019-10-14T07:26:52.682+0000][1][safepoint    ] Total time for which application threads were stopped: 0.0008982 seconds, Stopping threads took: 0.0003208 seconds
[2019-10-14T07:26:53.683+0000][1][safepoint    ] Application time: 1.0006824 seconds
[2019-10-14T07:26:53.684+0000][1][safepoint    ] Entering safepoint region: Cleanup
[2019-10-14T07:26:53.685+0000][1][safepoint    ] Leaving safepoint region
[2019-10-14T07:26:53.685+0000][1][safepoint    ] Total time for which application threads were stopped: 0.0011059 seconds, Stopping threads took: 0.0004960 seconds
[2019-10-14T07:26:54.687+0000][1][safepoint    ] Application time: 1.0009409 seconds
[2019-10-14T07:26:54.687+0000][1][safepoint    ] Entering safepoint region: Cleanup
[2019-10-14T07:26:54.688+0000][1][safepoint    ] Leaving safepoint region
[2019-10-14T07:26:54.688+0000][1][safepoint    ] Total time for which application threads were stopped: 0.0011294 seconds, Stopping threads took: 0.0005923 seconds
[2019-10-14T07:26:55.689+0000][1][safepoint    ] Application time: 1.0002321 seconds
[2019-10-14T07:26:55.689+0000][1][safepoint    ] Entering safepoint region: Cleanup
[2019-10-14T07:26:55.690+0000][1][safepoint    ] Leaving safepoint region
[2019-10-14T07:26:55.690+0000][1][safepoint    ] Total time for which application threads were stopped: 0.0010859 seconds, Stopping threads took: 0.0004595 seconds
[2019-10-14T07:26:56.692+0000][1][safepoint    ] Application time: 1.0015245 seconds
[2019-10-14T07:26:56.693+0000][1][safepoint    ] Entering safepoint region: Cleanup
[2019-10-14T07:26:56.694+0000][1][safepoint    ] Leaving safepoint region
[2019-10-14T07:26:56.694+0000][1][safepoint    ] Total time for which application threads were stopped: 0.0011022 seconds, Stopping threads took: 0.0005346 seconds
[2019-10-14T07:26:57.695+0000][1][safepoint    ] Application time: 1.0003527 seconds
[2019-10-14T07:26:57.696+0000][1][safepoint    ] Entering safepoint region: Cleanup
[2019-10-14T07:26:57.697+0000][1][safepoint    ] Leaving safepoint region
[2019-10-14T07:26:57.697+0000][1][safepoint    ] Total time for which application threads were stopped: 0.0012031 seconds, Stopping threads took: 0.0005585 seconds
[2019-10-14T07:26:58.702+0000][1][safepoint    ] Application time: 1.0047416 seconds
[2019-10-14T07:26:58.703+0000][1][safepoint    ] Entering safepoint region: Cleanup
[2019-10-14T07:26:58.705+0000][1][safepoint    ] Leaving safepoint region
[2019-10-14T07:26:58.706+0000][1][safepoint    ] Total time for which application threads were stopped: 0.0028078 seconds, Stopping threads took: 0.0015430 seconds
[2019-10-14T07:26:59.707+0000][1][safepoint    ] Application time: 1.0003101 seconds
[2019-10-14T07:26:59.708+0000][1][safepoint    ] Entering safepoint region: Cleanup
[2019-10-14T07:26:59.709+0000][1][safepoint    ] Leaving safepoint region
[2019-10-14T07:26:59.709+0000][1][safepoint    ] Total time for which application threads were stopped: 0.0011870 seconds, Stopping threads took: 0.0005491 seconds
[2019-10-14T07:27:00.711+0000][1][safepoint    ] Application time: 1.0009789 seconds
[2019-10-14T07:27:00.711+0000][1][safepoint    ] Entering safepoint region: Cleanup
[2019-10-14T07:27:00.712+0000][1][safepoint    ] Leaving safepoint region
[2019-10-14T07:27:00.713+0000][1][safepoint    ] Total time for which application threads were stopped: 0.0012174 seconds, Stopping threads took: 0.0006143 seconds
[2019-10-14T07:27:01.714+0000][1][safepoint    ] Application time: 1.0009535 seconds
[2019-10-14T07:27:01.715+0000][1][safepoint    ] Entering safepoint region: Cleanup
[2019-10-14T07:27:01.716+0000][1][safepoint    ] Leaving safepoint region
[2019-10-14T07:27:01.716+0000][1][safepoint    ] Total time for which application threads were stopped: 0.0019297 seconds, Stopping threads took: 0.0011312 seconds
[2019-10-14T07:27:02.721+0000][1][safepoint    ] Application time: 1.0034170 seconds
[2019-10-14T07:27:02.726+0000][1][safepoint    ] Entering safepoint region: Cleanup
[2019-10-14T07:27:02.726+0000][1][safepoint    ] Leaving safepoint region
[2019-10-14T07:27:02.727+0000][1][safepoint    ] Total time for which application threads were stopped: 0.0009716 seconds, Stopping threads took: 0.0004592 seconds
[2019-10-14T07:27:03.728+0000][1][safepoint    ] Application time: 1.0002970 seconds
[2019-10-14T07:27:03.728+0000][1][safepoint    ] Entering safepoint region: Cleanup
[2019-10-14T07:27:03.729+0000][1][safepoint    ] Leaving safepoint region
[2019-10-14T07:27:03.729+0000][1][safepoint    ] Total time for which application threads were stopped: 0.0008751 seconds, Stopping threads took: 0.0004373 seconds
[2019-10-14T07:27:04.710+0000][1][safepoint    ] Application time: 1.0014467 seconds
[2019-10-14T07:27:04.710+0000][1][safepoint    ] Entering safepoint region: Cleanup
[2019-10-14T07:27:04.711+0000][1][safepoint    ] Leaving safepoint region
[2019-10-14T07:27:04.711+0000][1][safepoint    ] Total time for which application threads were stopped: 0.0007445 seconds, Stopping threads took: 0.0003900 seconds
[2019-10-14T07:27:05.213+0000][1][safepoint    ] Application time: 0.5022025 seconds
[2019-10-14T07:27:05.215+0000][1][safepoint    ] Entering safepoint region: BulkRevokeBias
[2019-10-14T07:27:05.215+0000][1][safepoint    ] Leaving safepoint region
[2019-10-14T07:27:05.216+0000][1][safepoint    ] Total time for which application threads were stopped: 0.0011068 seconds, Stopping threads took: 0.0004751 seconds
[2019-10-14T07:27:06.217+0000][1][safepoint    ] Application time: 1.0003927 seconds
[2019-10-14T07:27:06.217+0000][1][safepoint    ] Entering safepoint region: Cleanup
[2019-10-14T07:27:06.218+0000][1][safepoint    ] Leaving safepoint region
[2019-10-14T07:27:06.219+0000][1][safepoint    ] Total time for which application threads were stopped: 0.0013706 seconds, Stopping threads took: 0.0005819 seconds
[2019-10-14T07:27:07.221+0000][1][safepoint    ] Application time: 1.0018748 seconds
[2019-10-14T07:27:07.225+0000][1][safepoint    ] Entering safepoint region: Cleanup
[2019-10-14T07:27:07.226+0000][1][safepoint    ] Leaving safepoint region
[2019-10-14T07:27:07.229+0000][1][safepoint    ] Total time for which application threads were stopped: 0.0035625 seconds, Stopping threads took: 0.0007271 seconds
[2019-10-14T07:27:08.235+0000][1][safepoint    ] Application time: 1.0048229 seconds
[2019-10-14T07:27:08.235+0000][1][safepoint    ] Entering safepoint region: Cleanup
[2019-10-14T07:27:08.236+0000][1][safepoint    ] Leaving safepoint region
[2019-10-14T07:27:08.236+0000][1][safepoint    ] Total time for which application threads were stopped: 0.0010024 seconds, Stopping threads took: 0.0005063 seconds
[2019-10-14T07:27:09.237+0000][1][safepoint    ] Application time: 1.0002492 seconds
[2019-10-14T07:27:09.237+0000][1][safepoint    ] Entering safepoint region: Cleanup
[2019-10-14T07:27:09.238+0000][1][safepoint    ] Leaving safepoint region
[2019-10-14T07:27:09.238+0000][1][safepoint    ] Total time for which application threads were stopped: 0.0012774 seconds, Stopping threads took: 0.0005197 seconds
[2019-10-14T07:27:09.254+0000][1][safepoint    ] Application time: 0.0142657 seconds
[2019-10-14T07:27:09.256+0000][1][safepoint    ] Entering safepoint region: GenCollectForAllocation
[2019-10-14T07:27:09.257+0000][1][gc,start     ] GC(29) Pause Young (Allocation Failure)
[2019-10-14T07:27:09.257+0000][1][gc,task      ] GC(29) Using 2 workers of 2 for evacuation
[2019-10-14T07:27:09.262+0000][1][gc,age       ] GC(29) Desired survivor size 4456448 bytes, new threshold 6 (max threshold 6)
[2019-10-14T07:27:09.263+0000][1][gc,age       ] GC(29) Age table with threshold 6 (max threshold 6)
[2019-10-14T07:27:09.263+0000][1][gc,age       ] GC(29) - age   1:      59144 bytes,      59144 total
[2019-10-14T07:27:09.263+0000][1][gc,age       ] GC(29) - age   2:     255528 bytes,     314672 total
[2019-10-14T07:27:09.263+0000][1][gc,age       ] GC(29) - age   3:     256312 bytes,     570984 total
[2019-10-14T07:27:09.264+0000][1][gc,age       ] GC(29) - age   4:    1134520 bytes,    1705504 total
[2019-10-14T07:27:09.264+0000][1][gc,heap      ] GC(29) ParNew: 72779K->1951K(78656K)
[2019-10-14T07:27:09.264+0000][1][gc,heap      ] GC(29) CMS: 73242K->73242K(174784K)
[2019-10-14T07:27:09.264+0000][1][gc,metaspace ] GC(29) Metaspace: 78792K->78792K(1122304K)
[2019-10-14T07:27:09.265+0000][1][gc           ] GC(29) Pause Young (Allocation Failure) 142M->73M(247M) 8.093ms
[2019-10-14T07:27:09.265+0000][1][gc,cpu       ] GC(29) User=0.01s Sys=0.00s Real=0.01s
[2019-10-14T07:27:09.265+0000][1][safepoint    ] Leaving safepoint region
[2019-10-14T07:27:09.266+0000][1][safepoint    ] Total time for which application threads were stopped: 0.0097824 seconds, Stopping threads took: 0.0005623 seconds
[2019-10-14T07:27:10.267+0000][1][safepoint    ] Application time: 1.0011496 seconds
[2019-10-14T07:27:10.268+0000][1][safepoint    ] Entering safepoint region: Cleanup
[2019-10-14T07:27:10.269+0000][1][safepoint    ] Leaving safepoint region
[2019-10-14T07:27:10.270+0000][1][safepoint    ] Total time for which application threads were stopped: 0.0013739 seconds, Stopping threads took: 0.0005619 seconds
[2019-10-14T07:27:10.787+0000][1][safepoint    ] Application time: 0.5174670 seconds
[2019-10-14T07:27:10.788+0000][1][safepoint    ] Entering safepoint region: RevokeBias
[2019-10-14T07:27:10.790+0000][1][safepoint    ] Leaving safepoint region
[2019-10-14T07:27:10.791+0000][1][safepoint    ] Total time for which application threads were stopped: 0.0027617 seconds, Stopping threads took: 0.0008412 seconds
[2019-10-14T07:27:10.791+0000][1][safepoint    ] Application time: 0.0002150 seconds
[2019-10-14T07:27:10.793+0000][1][safepoint    ] Entering safepoint region: RevokeBias
[2019-10-14T07:27:10.793+0000][1][safepoint    ] Leaving safepoint region
[2019-10-14T07:27:10.794+0000][1][safepoint    ] Total time for which application threads were stopped: 0.0011276 seconds, Stopping threads took: 0.0004229 seconds
[2019-10-14T07:27:10.795+0000][1][safepoint    ] Application time: 0.0001740 seconds
[2019-10-14T07:27:10.795+0000][1][safepoint    ] Entering safepoint region: RevokeBias
[2019-10-14T07:27:10.796+0000][1][safepoint    ] Leaving safepoint region
[2019-10-14T07:27:10.796+0000][1][safepoint    ] Total time for which application threads were stopped: 0.0010041 seconds, Stopping threads took: 0.0004377 seconds
[2019-10-14T07:27:10.797+0000][1][safepoint    ] Application time: 0.0003401 seconds
[2019-10-14T07:27:10.798+0000][1][safepoint    ] Entering safepoint region: RevokeBias
[2019-10-14T07:27:10.798+0000][1][safepoint    ] Leaving safepoint region
[2019-10-14T07:27:10.799+0000][1][safepoint    ] Total time for which application threads were stopped: 0.0010732 seconds, Stopping threads took: 0.0005999 seconds
[2019-10-14T07:27:10.799+0000][1][safepoint    ] Application time: 0.0001426 seconds
[2019-10-14T07:27:10.800+0000][1][safepoint    ] Entering safepoint region: RevokeBias
[2019-10-14T07:27:10.800+0000][1][safepoint    ] Leaving safepoint region
[2019-10-14T07:27:10.800+0000][1][safepoint    ] Total time for which application threads were stopped: 0.0008976 seconds, Stopping threads took: 0.0003619 seconds
[2019-10-14T07:27:10.801+0000][1][safepoint    ] Application time: 0.0001458 seconds
[2019-10-14T07:27:10.801+0000][1][safepoint    ] Entering safepoint region: RevokeBias
[2019-10-14T07:27:10.802+0000][1][safepoint    ] Leaving safepoint region
[2019-10-14T07:27:10.802+0000][1][safepoint    ] Total time for which application threads were stopped: 0.0009227 seconds, Stopping threads took: 0.0004646 seconds
[2019-10-14T07:27:11.805+0000][1][safepoint    ] Application time: 1.0015911 seconds
[2019-10-14T07:27:11.806+0000][1][safepoint    ] Entering safepoint region: Cleanup
[2019-10-14T07:27:11.807+0000][1][safepoint    ] Leaving safepoint region
[2019-10-14T07:27:11.807+0000][1][safepoint    ] Total time for which application threads were stopped: 0.0015121 seconds, Stopping threads took: 0.0009186 seconds
[2019-10-14T07:27:12.808+0000][1][safepoint    ] Application time: 1.0001813 seconds
[2019-10-14T07:27:12.808+0000][1][safepoint    ] Entering safepoint region: Cleanup
[2019-10-14T07:27:12.809+0000][1][safepoint    ] Leaving safepoint region
[2019-10-14T07:27:12.809+0000][1][safepoint    ] Total time for which application threads were stopped: 0.0008335 seconds, Stopping threads took: 0.0003717 seconds
[2019-10-14T07:27:13.812+0000][1][safepoint    ] Application time: 1.0022362 seconds
[2019-10-14T07:27:13.812+0000][1][safepoint    ] Entering safepoint region: Cleanup
[2019-10-14T07:27:13.813+0000][1][safepoint    ] Leaving safepoint region
[2019-10-14T07:27:13.813+0000][1][safepoint    ] Total time for which application threads were stopped: 0.0008786 seconds, Stopping threads took: 0.0003974 seconds
[2019-10-14T07:27:14.418+0000][1][safepoint    ] Application time: 0.6036802 seconds
[2019-10-14T07:27:14.419+0000][1][safepoint    ] Entering safepoint region: RevokeBias
[2019-10-14T07:27:14.420+0000][1][safepoint    ] Leaving safepoint region
[2019-10-14T07:27:14.420+0000][1][safepoint    ] Total time for which application threads were stopped: 0.0009257 seconds, Stopping threads took: 0.0004231 seconds
[2019-10-14T07:27:14.421+0000][1][safepoint    ] Application time: 0.0001460 seconds
[2019-10-14T07:27:14.421+0000][1][safepoint    ] Entering safepoint region: RevokeBias
[2019-10-14T07:27:14.421+0000][1][safepoint    ] Leaving safepoint region
[2019-10-14T07:27:14.422+0000][1][safepoint    ] Total time for which application threads were stopped: 0.0007985 seconds, Stopping threads took: 0.0003452 seconds
[2019-10-14T07:27:14.422+0000][1][safepoint    ] Application time: 0.0002207 seconds
[2019-10-14T07:27:14.423+0000][1][safepoint    ] Entering safepoint region: RevokeBias
[2019-10-14T07:27:14.423+0000][1][safepoint    ] Leaving safepoint region
[2019-10-14T07:27:14.423+0000][1][safepoint    ] Total time for which application threads were stopped: 0.0006654 seconds, Stopping threads took: 0.0003185 seconds
[2019-10-14T07:27:15.425+0000][1][safepoint    ] Application time: 1.0008049 seconds
[2019-10-14T07:27:15.432+0000][1][safepoint    ] Entering safepoint region: Cleanup
[2019-10-14T07:27:15.432+0000][1][safepoint    ] Leaving safepoint region
[2019-10-14T07:27:15.433+0000][1][safepoint    ] Total time for which application threads were stopped: 0.0013049 seconds, Stopping threads took: 0.0005059 seconds
[2019-10-14T07:27:16.433+0000][1][safepoint    ] Application time: 1.0002097 seconds
[2019-10-14T07:27:16.434+0000][1][safepoint    ] Entering safepoint region: Cleanup
[2019-10-14T07:27:16.435+0000][1][safepoint    ] Leaving safepoint region
[2019-10-14T07:27:16.435+0000][1][safepoint    ] Total time for which application threads were stopped: 0.0010036 seconds, Stopping threads took: 0.0005076 seconds
[2019-10-14T07:27:17.437+0000][1][safepoint    ] Application time: 1.0012854 seconds
[2019-10-14T07:27:17.438+0000][1][safepoint    ] Entering safepoint region: Cleanup
[2019-10-14T07:27:17.439+0000][1][safepoint    ] Leaving safepoint region
[2019-10-14T07:27:17.439+0000][1][safepoint    ] Total time for which application threads were stopped: 0.0013779 seconds, Stopping threads took: 0.0006621 seconds
[2019-10-14T07:27:18.442+0000][1][safepoint    ] Application time: 1.0022228 seconds
[2019-10-14T07:27:18.443+0000][1][safepoint    ] Entering safepoint region: Cleanup
[2019-10-14T07:27:18.444+0000][1][safepoint    ] Leaving safepoint region
[2019-10-14T07:27:18.444+0000][1][safepoint    ] Total time for which application threads were stopped: 0.0010095 seconds, Stopping threads took: 0.0004942 seconds
[2019-10-14T07:27:19.445+0000][1][safepoint    ] Application time: 1.0009628 seconds
[2019-10-14T07:27:19.446+0000][1][safepoint    ] Entering safepoint region: Cleanup
[2019-10-14T07:27:19.447+0000][1][safepoint    ] Leaving safepoint region
[2019-10-14T07:27:19.447+0000][1][safepoint    ] Total time for which application threads were stopped: 0.0012800 seconds, Stopping threads took: 0.0006910 seconds
[2019-10-14T07:27:20.448+0000][1][safepoint    ] Application time: 1.0006836 seconds
[2019-10-14T07:27:20.453+0000][1][safepoint    ] Entering safepoint region: Cleanup
[2019-10-14T07:27:20.453+0000][1][safepoint    ] Leaving safepoint region
[2019-10-14T07:27:20.454+0000][1][safepoint    ] Total time for which application threads were stopped: 0.0012815 seconds, Stopping threads took: 0.0006483 seconds
[2019-10-14T07:27:21.458+0000][1][safepoint    ] Application time: 1.0037887 seconds
[2019-10-14T07:27:21.459+0000][1][safepoint    ] Entering safepoint region: Cleanup
[2019-10-14T07:27:21.459+0000][1][safepoint    ] Leaving safepoint region
[2019-10-14T07:27:21.460+0000][1][safepoint    ] Total time for which application threads were stopped: 0.0012473 seconds, Stopping threads took: 0.0005867 seconds
[2019-10-14T07:27:22.461+0000][1][safepoint    ] Application time: 1.0008532 seconds
[2019-10-14T07:27:22.462+0000][1][safepoint    ] Entering safepoint region: Cleanup
[2019-10-14T07:27:22.463+0000][1][safepoint    ] Leaving safepoint region
[2019-10-14T07:27:22.463+0000][1][safepoint    ] Total time for which application threads were stopped: 0.0008972 seconds, Stopping threads took: 0.0004215 seconds
[2019-10-14T07:27:23.464+0000][1][safepoint    ] Application time: 1.0007232 seconds
[2019-10-14T07:27:23.468+0000][1][safepoint    ] Entering safepoint region: Cleanup
[2019-10-14T07:27:23.468+0000][1][safepoint    ] Leaving safepoint region
[2019-10-14T07:27:23.469+0000][1][safepoint    ] Total time for which application threads were stopped: 0.0012562 seconds, Stopping threads took: 0.0006341 seconds
[2019-10-14T07:27:24.470+0000][1][safepoint    ] Application time: 1.0007550 seconds
[2019-10-14T07:27:24.471+0000][1][safepoint    ] Entering safepoint region: Cleanup
[2019-10-14T07:27:24.471+0000][1][safepoint    ] Leaving safepoint region
[2019-10-14T07:27:24.472+0000][1][safepoint    ] Total time for which application threads were stopped: 0.0010146 seconds, Stopping threads took: 0.0004068 seconds
[2019-10-14T07:27:25.472+0000][1][safepoint    ] Application time: 1.0000933 seconds
[2019-10-14T07:27:25.473+0000][1][safepoint    ] Entering safepoint region: Cleanup
[2019-10-14T07:27:25.473+0000][1][safepoint    ] Leaving safepoint region
[2019-10-14T07:27:25.474+0000][1][safepoint    ] Total time for which application threads were stopped: 0.0009915 seconds, Stopping threads took: 0.0004937 seconds
[2019-10-14T07:27:26.474+0000][1][safepoint    ] Application time: 1.0002012 seconds
[2019-10-14T07:27:26.476+0000][1][safepoint    ] Entering safepoint region: Cleanup
[2019-10-14T07:27:26.477+0000][1][safepoint    ] Leaving safepoint region
[2019-10-14T07:27:26.478+0000][1][safepoint    ] Total time for which application threads were stopped: 0.0013822 seconds, Stopping threads took: 0.0007264 seconds
[2019-10-14T07:27:27.478+0000][1][safepoint    ] Application time: 1.0001804 seconds
[2019-10-14T07:27:27.479+0000][1][safepoint    ] Entering safepoint region: Cleanup
[2019-10-14T07:27:27.479+0000][1][safepoint    ] Leaving safepoint region
[2019-10-14T07:27:27.480+0000][1][safepoint    ] Total time for which application threads were stopped: 0.0010540 seconds, Stopping threads took: 0.0004910 seconds
[2019-10-14T07:27:28.481+0000][1][safepoint    ] Application time: 1.0003522 seconds
[2019-10-14T07:27:28.482+0000][1][safepoint    ] Entering safepoint region: Cleanup
[2019-10-14T07:27:28.483+0000][1][safepoint    ] Leaving safepoint region
[2019-10-14T07:27:28.483+0000][1][safepoint    ] Total time for which application threads were stopped: 0.0017513 seconds, Stopping threads took: 0.0009415 seconds
[2019-10-14T07:27:29.484+0000][1][safepoint    ] Application time: 1.0005509 seconds
[2019-10-14T07:27:29.485+0000][1][safepoint    ] Entering safepoint region: Cleanup
[2019-10-14T07:27:29.486+0000][1][safepoint    ] Leaving safepoint region
[2019-10-14T07:27:29.487+0000][1][safepoint    ] Total time for which application threads were stopped: 0.0019652 seconds, Stopping threads took: 0.0008524 seconds
[2019-10-14T07:27:30.489+0000][1][safepoint    ] Application time: 1.0007436 seconds
[2019-10-14T07:27:30.490+0000][1][safepoint    ] Entering safepoint region: Cleanup
[2019-10-14T07:27:30.491+0000][1][safepoint    ] Leaving safepoint region
[2019-10-14T07:27:30.491+0000][1][safepoint    ] Total time for which application threads were stopped: 0.0010910 seconds, Stopping threads took: 0.0005104 seconds
[2019-10-14T07:27:31.492+0000][1][safepoint    ] Application time: 1.0003819 seconds
[2019-10-14T07:27:31.493+0000][1][safepoint    ] Entering safepoint region: Cleanup
[2019-10-14T07:27:31.493+0000][1][safepoint    ] Leaving safepoint region
[2019-10-14T07:27:31.493+0000][1][safepoint    ] Total time for which application threads were stopped: 0.0009207 seconds, Stopping threads took: 0.0004350 seconds
[2019-10-14T07:27:32.496+0000][1][safepoint    ] Application time: 1.0021103 seconds
[2019-10-14T07:27:32.497+0000][1][safepoint    ] Entering safepoint region: Cleanup
[2019-10-14T07:27:32.497+0000][1][safepoint    ] Leaving safepoint region
[2019-10-14T07:27:32.498+0000][1][safepoint    ] Total time for which application threads were stopped: 0.0011156 seconds, Stopping threads took: 0.0005488 seconds
[2019-10-14T07:27:33.499+0000][1][safepoint    ] Application time: 1.0005899 seconds
[2019-10-14T07:27:33.500+0000][1][safepoint    ] Entering safepoint region: Cleanup
[2019-10-14T07:27:33.501+0000][1][safepoint    ] Leaving safepoint region
[2019-10-14T07:27:33.501+0000][1][safepoint    ] Total time for which application threads were stopped: 0.0012405 seconds, Stopping threads took: 0.0006885 seconds
[2019-10-14T07:27:34.480+0000][1][safepoint    ] Application time: 1.0001342 seconds
[2019-10-14T07:27:34.481+0000][1][safepoint    ] Entering safepoint region: Cleanup
[2019-10-14T07:27:34.481+0000][1][safepoint    ] Leaving safepoint region
[2019-10-14T07:27:34.482+0000][1][safepoint    ] Total time for which application threads were stopped: 0.0010086 seconds, Stopping threads took: 0.0005104 seconds
[2019-10-14T07:27:35.483+0000][1][safepoint    ] Application time: 1.0003549 seconds
[2019-10-14T07:27:35.484+0000][1][safepoint    ] Entering safepoint region: Cleanup
[2019-10-14T07:27:35.484+0000][1][safepoint    ] Leaving safepoint region
[2019-10-14T07:27:35.485+0000][1][safepoint    ] Total time for which application threads were stopped: 0.0013625 seconds, Stopping threads took: 0.0005560 seconds
[2019-10-14T07:27:36.485+0000][1][safepoint    ] Application time: 1.0001404 seconds
[2019-10-14T07:27:36.486+0000][1][safepoint    ] Entering safepoint region: Cleanup
[2019-10-14T07:27:36.487+0000][1][safepoint    ] Leaving safepoint region
[2019-10-14T07:27:36.494+0000][1][safepoint    ] Total time for which application threads were stopped: 0.0074880 seconds, Stopping threads took: 0.0005294 seconds
[2019-10-14T07:27:37.496+0000][1][safepoint    ] Application time: 1.0015233 seconds
[2019-10-14T07:27:37.496+0000][1][safepoint    ] Entering safepoint region: Cleanup
[2019-10-14T07:27:37.497+0000][1][safepoint    ] Leaving safepoint region
[2019-10-14T07:27:37.498+0000][1][safepoint    ] Total time for which application threads were stopped: 0.0014562 seconds, Stopping threads took: 0.0006093 seconds
[2019-10-14T07:27:38.499+0000][1][safepoint    ] Application time: 1.0005828 seconds
[2019-10-14T07:27:38.499+0000][1][safepoint    ] Entering safepoint region: Cleanup
[2019-10-14T07:27:38.500+0000][1][safepoint    ] Leaving safepoint region
[2019-10-14T07:27:38.501+0000][1][safepoint    ] Total time for which application threads were stopped: 0.0016216 seconds, Stopping threads took: 0.0005989 seconds
[2019-10-14T07:27:39.502+0000][1][safepoint    ] Application time: 1.0005048 seconds
[2019-10-14T07:27:39.503+0000][1][safepoint    ] Entering safepoint region: Cleanup
[2019-10-14T07:27:39.504+0000][1][safepoint    ] Leaving safepoint region
[2019-10-14T07:27:39.504+0000][1][safepoint    ] Total time for which application threads were stopped: 0.0012307 seconds, Stopping threads took: 0.0005851 seconds
[2019-10-14T07:27:40.506+0000][1][safepoint    ] Application time: 1.0007382 seconds
[2019-10-14T07:27:40.507+0000][1][safepoint    ] Entering safepoint region: Cleanup
[2019-10-14T07:27:40.508+0000][1][safepoint    ] Leaving safepoint region
[2019-10-14T07:27:40.509+0000][1][safepoint    ] Total time for which application threads were stopped: 0.0021323 seconds, Stopping threads took: 0.0014142 seconds
[2019-10-14T07:27:41.510+0000][1][safepoint    ] Application time: 1.0006076 seconds
[2019-10-14T07:27:41.510+0000][1][safepoint    ] Entering safepoint region: Cleanup
[2019-10-14T07:27:41.511+0000][1][safepoint    ] Leaving safepoint region
[2019-10-14T07:27:41.512+0000][1][safepoint    ] Total time for which application threads were stopped: 0.0015100 seconds, Stopping threads took: 0.0006637 seconds
[2019-10-14T07:27:42.514+0000][1][safepoint    ] Application time: 1.0007802 seconds
[2019-10-14T07:27:42.515+0000][1][safepoint    ] Entering safepoint region: Cleanup
[2019-10-14T07:27:42.516+0000][1][safepoint    ] Leaving safepoint region
[2019-10-14T07:27:42.516+0000][1][safepoint    ] Total time for which application threads were stopped: 0.0014986 seconds, Stopping threads took: 0.0010819 seconds
[2019-10-14T07:27:43.521+0000][1][safepoint    ] Application time: 1.0045382 seconds
[2019-10-14T07:27:43.522+0000][1][safepoint    ] Entering safepoint region: Cleanup
[2019-10-14T07:27:43.522+0000][1][safepoint    ] Leaving safepoint region
[2019-10-14T07:27:43.523+0000][1][safepoint    ] Total time for which application threads were stopped: 0.0010056 seconds, Stopping threads took: 0.0004438 seconds
[2019-10-14T07:27:44.525+0000][1][safepoint    ] Application time: 1.0019964 seconds
[2019-10-14T07:27:44.526+0000][1][safepoint    ] Entering safepoint region: Cleanup
[2019-10-14T07:27:44.527+0000][1][safepoint    ] Leaving safepoint region
[2019-10-14T07:27:44.527+0000][1][safepoint    ] Total time for which application threads were stopped: 0.0009681 seconds, Stopping threads took: 0.0004793 seconds
[2019-10-14T07:27:45.529+0000][1][safepoint    ] Application time: 1.0016857 seconds
[2019-10-14T07:27:45.530+0000][1][safepoint    ] Entering safepoint region: Cleanup
[2019-10-14T07:27:45.530+0000][1][safepoint    ] Leaving safepoint region
[2019-10-14T07:27:45.531+0000][1][safepoint    ] Total time for which application threads were stopped: 0.0012195 seconds, Stopping threads took: 0.0006188 seconds
[2019-10-14T07:27:46.532+0000][1][safepoint    ] Application time: 1.0002301 seconds
[2019-10-14T07:27:46.532+0000][1][safepoint    ] Entering safepoint region: Cleanup
[2019-10-14T07:27:46.533+0000][1][safepoint    ] Leaving safepoint region
[2019-10-14T07:27:46.534+0000][1][safepoint    ] Total time for which application threads were stopped: 0.0018872 seconds, Stopping threads took: 0.0007376 seconds
[2019-10-14T07:27:47.536+0000][1][safepoint    ] Application time: 1.0017364 seconds
[2019-10-14T07:27:47.537+0000][1][safepoint    ] Entering safepoint region: Cleanup
[2019-10-14T07:27:47.538+0000][1][safepoint    ] Leaving safepoint region
[2019-10-14T07:27:47.539+0000][1][safepoint    ] Total time for which application threads were stopped: 0.0014733 seconds, Stopping threads took: 0.0007470 seconds
[2019-10-14T07:27:48.540+0000][1][safepoint    ] Application time: 1.0007337 seconds
[2019-10-14T07:27:48.541+0000][1][safepoint    ] Entering safepoint region: Cleanup
[2019-10-14T07:27:48.544+0000][1][safepoint    ] Leaving safepoint region
[2019-10-14T07:27:48.545+0000][1][safepoint    ] Total time for which application threads were stopped: 0.0034734 seconds, Stopping threads took: 0.0024513 seconds
[2019-10-14T07:27:49.546+0000][1][safepoint    ] Application time: 1.0003315 seconds
[2019-10-14T07:27:49.547+0000][1][safepoint    ] Entering safepoint region: Cleanup
[2019-10-14T07:27:49.547+0000][1][safepoint    ] Leaving safepoint region
[2019-10-14T07:27:49.548+0000][1][safepoint    ] Total time for which application threads were stopped: 0.0015147 seconds, Stopping threads took: 0.0007248 seconds
[2019-10-14T07:27:50.550+0000][1][safepoint    ] Application time: 1.0008406 seconds
[2019-10-14T07:27:50.550+0000][1][safepoint    ] Entering safepoint region: Cleanup
[2019-10-14T07:27:50.551+0000][1][safepoint    ] Leaving safepoint region
[2019-10-14T07:27:50.552+0000][1][safepoint    ] Total time for which application threads were stopped: 0.0013418 seconds, Stopping threads took: 0.0005765 seconds
[2019-10-14T07:27:51.700+0000][1][safepoint    ] Application time: 1.1484637 seconds
[2019-10-14T07:27:51.701+0000][1][safepoint    ] Entering safepoint region: Cleanup
[2019-10-14T07:27:51.702+0000][1][safepoint    ] Leaving safepoint region
[2019-10-14T07:27:51.703+0000][1][safepoint    ] Total time for which application threads were stopped: 0.0015943 seconds, Stopping threads took: 0.0007095 seconds
[2019-10-14T07:27:52.704+0000][1][safepoint    ] Application time: 1.0002159 seconds
[2019-10-14T07:27:52.705+0000][1][safepoint    ] Entering safepoint region: Cleanup
[2019-10-14T07:27:52.706+0000][1][safepoint    ] Leaving safepoint region
[2019-10-14T07:27:52.706+0000][1][safepoint    ] Total time for which application threads were stopped: 0.0015102 seconds, Stopping threads took: 0.0008188 seconds
[2019-10-14T07:27:53.711+0000][1][safepoint    ] Application time: 1.0045369 seconds
[2019-10-14T07:27:53.718+0000][1][safepoint    ] Entering safepoint region: Cleanup
[2019-10-14T07:27:53.720+0000][1][safepoint    ] Leaving safepoint region
[2019-10-14T07:27:53.723+0000][1][safepoint    ] Total time for which application threads were stopped: 0.0043196 seconds, Stopping threads took: 0.0017892 seconds
[2019-10-14T07:27:54.724+0000][1][safepoint    ] Application time: 1.0004298 seconds
[2019-10-14T07:27:54.724+0000][1][safepoint    ] Entering safepoint region: Cleanup
[2019-10-14T07:27:54.724+0000][1][safepoint    ] Leaving safepoint region
[2019-10-14T07:27:54.725+0000][1][safepoint    ] Total time for which application threads were stopped: 0.0005452 seconds, Stopping threads took: 0.0002372 seconds
[2019-10-14T07:27:55.725+0000][1][safepoint    ] Application time: 1.0002913 seconds
[2019-10-14T07:27:55.726+0000][1][safepoint    ] Entering safepoint region: Cleanup
[2019-10-14T07:27:55.727+0000][1][safepoint    ] Leaving safepoint region
[2019-10-14T07:27:55.728+0000][1][safepoint    ] Total time for which application threads were stopped: 0.0025284 seconds, Stopping threads took: 0.0007645 seconds
[2019-10-14T07:27:56.730+0000][1][safepoint    ] Application time: 1.0005981 seconds
[2019-10-14T07:27:56.731+0000][1][safepoint    ] Entering safepoint region: Cleanup
[2019-10-14T07:27:56.732+0000][1][safepoint    ] Leaving safepoint region
[2019-10-14T07:27:56.732+0000][1][safepoint    ] Total time for which application threads were stopped: 0.0012486 seconds, Stopping threads took: 0.0005203 seconds
[2019-10-14T07:27:57.733+0000][1][safepoint    ] Application time: 1.0001975 seconds
[2019-10-14T07:27:57.733+0000][1][safepoint    ] Entering safepoint region: Cleanup
[2019-10-14T07:27:57.734+0000][1][safepoint    ] Leaving safepoint region
[2019-10-14T07:27:57.734+0000][1][safepoint    ] Total time for which application threads were stopped: 0.0006306 seconds, Stopping threads took: 0.0003004 seconds
[2019-10-14T07:27:58.736+0000][1][safepoint    ] Application time: 1.0007103 seconds
[2019-10-14T07:27:58.736+0000][1][safepoint    ] Entering safepoint region: Cleanup
[2019-10-14T07:27:58.737+0000][1][safepoint    ] Leaving safepoint region
[2019-10-14T07:27:58.737+0000][1][safepoint    ] Total time for which application threads were stopped: 0.0008390 seconds, Stopping threads took: 0.0004189 seconds
[2019-10-14T07:27:59.738+0000][1][safepoint    ] Application time: 1.0004124 seconds
[2019-10-14T07:27:59.739+0000][1][safepoint    ] Entering safepoint region: Cleanup
[2019-10-14T07:27:59.739+0000][1][safepoint    ] Leaving safepoint region
[2019-10-14T07:27:59.740+0000][1][safepoint    ] Total time for which application threads were stopped: 0.0012254 seconds, Stopping threads took: 0.0006333 seconds
[2019-10-14T07:28:00.740+0000][1][safepoint    ] Application time: 1.0002021 seconds
[2019-10-14T07:28:00.741+0000][1][safepoint    ] Entering safepoint region: Cleanup
[2019-10-14T07:28:00.744+0000][1][safepoint    ] Leaving safepoint region
[2019-10-14T07:28:00.745+0000][1][safepoint    ] Total time for which application threads were stopped: 0.0040144 seconds, Stopping threads took: 0.0034288 seconds
[2019-10-14T07:28:01.746+0000][1][safepoint    ] Application time: 1.0011195 seconds
[2019-10-14T07:28:01.747+0000][1][safepoint    ] Entering safepoint region: Cleanup
[2019-10-14T07:28:01.748+0000][1][safepoint    ] Leaving safepoint region
[2019-10-14T07:28:01.748+0000][1][safepoint    ] Total time for which application threads were stopped: 0.0012790 seconds, Stopping threads took: 0.0007113 seconds
[2019-10-14T07:28:02.750+0000][1][safepoint    ] Application time: 1.0014611 seconds
[2019-10-14T07:28:02.751+0000][1][safepoint    ] Entering safepoint region: Cleanup
[2019-10-14T07:28:02.752+0000][1][safepoint    ] Leaving safepoint region
[2019-10-14T07:28:02.753+0000][1][safepoint    ] Total time for which application threads were stopped: 0.0011690 seconds, Stopping threads took: 0.0005410 seconds
[2019-10-14T07:28:03.754+0000][1][safepoint    ] Application time: 1.0006801 seconds
[2019-10-14T07:28:03.754+0000][1][safepoint    ] Entering safepoint region: Cleanup
[2019-10-14T07:28:03.755+0000][1][safepoint    ] Leaving safepoint region
[2019-10-14T07:28:03.755+0000][1][safepoint    ] Total time for which application threads were stopped: 0.0005718 seconds, Stopping threads took: 0.0002429 seconds
[2019-10-14T07:28:04.734+0000][1][safepoint    ] Application time: 1.0003307 seconds
[2019-10-14T07:28:04.735+0000][1][safepoint    ] Entering safepoint region: Cleanup
[2019-10-14T07:28:04.735+0000][1][safepoint    ] Leaving safepoint region
[2019-10-14T07:28:04.736+0000][1][safepoint    ] Total time for which application threads were stopped: 0.0008764 seconds, Stopping threads took: 0.0003763 seconds
[2019-10-14T07:28:05.189+0000][1][safepoint    ] Application time: 0.4525807 seconds
[2019-10-14T07:28:05.189+0000][1][safepoint    ] Entering safepoint region: RevokeBias
[2019-10-14T07:28:05.189+0000][1][safepoint    ] Leaving safepoint region
[2019-10-14T07:28:05.190+0000][1][safepoint    ] Total time for which application threads were stopped: 0.0006689 seconds, Stopping threads took: 0.0003039 seconds
[2019-10-14T07:28:06.190+0000][1][safepoint    ] Application time: 1.0005534 seconds
[2019-10-14T07:28:06.191+0000][1][safepoint    ] Entering safepoint region: Cleanup
[2019-10-14T07:28:06.192+0000][1][safepoint    ] Leaving safepoint region
[2019-10-14T07:28:06.193+0000][1][safepoint    ] Total time for which application threads were stopped: 0.0014236 seconds, Stopping threads took: 0.0007822 seconds
[2019-10-14T07:28:07.194+0000][1][safepoint    ] Application time: 1.0006102 seconds
[2019-10-14T07:28:07.194+0000][1][safepoint    ] Entering safepoint region: Cleanup
[2019-10-14T07:28:07.195+0000][1][safepoint    ] Leaving safepoint region
[2019-10-14T07:28:07.195+0000][1][safepoint    ] Total time for which application threads were stopped: 0.0009820 seconds, Stopping threads took: 0.0005224 seconds
[2019-10-14T07:28:08.197+0000][1][safepoint    ] Application time: 1.0016217 seconds
[2019-10-14T07:28:08.245+0000][1][safepoint    ] Entering safepoint region: Cleanup
[2019-10-14T07:28:08.263+0000][1][safepoint    ] Leaving safepoint region
[2019-10-14T07:28:08.291+0000][1][safepoint    ] Total time for which application threads were stopped: 0.0523029 seconds, Stopping threads took: 0.0067213 seconds
[2019-10-14T07:28:09.294+0000][1][safepoint    ] Application time: 1.0020562 seconds
[2019-10-14T07:28:09.294+0000][1][safepoint    ] Entering safepoint region: Cleanup
[2019-10-14T07:28:09.296+0000][1][safepoint    ] Leaving safepoint region
[2019-10-14T07:28:09.296+0000][1][safepoint    ] Total time for which application threads were stopped: 0.0020672 seconds, Stopping threads took: 0.0014714 seconds
[2019-10-14T07:28:10.299+0000][1][safepoint    ] Application time: 1.0019556 seconds
[2019-10-14T07:28:10.299+0000][1][safepoint    ] Entering safepoint region: Cleanup
[2019-10-14T07:28:10.300+0000][1][safepoint    ] Leaving safepoint region
[2019-10-14T07:28:10.300+0000][1][safepoint    ] Total time for which application threads were stopped: 0.0010344 seconds, Stopping threads took: 0.0005459 seconds
[2019-10-14T07:28:11.304+0000][1][safepoint    ] Application time: 1.0027276 seconds
[2019-10-14T07:28:11.304+0000][1][safepoint    ] Entering safepoint region: Cleanup
[2019-10-14T07:28:11.305+0000][1][safepoint    ] Leaving safepoint region
[2019-10-14T07:28:11.305+0000][1][safepoint    ] Total time for which application threads were stopped: 0.0009604 seconds, Stopping threads took: 0.0004479 seconds
[2019-10-14T07:28:12.306+0000][1][safepoint    ] Application time: 1.0005705 seconds
[2019-10-14T07:28:12.306+0000][1][safepoint    ] Entering safepoint region: Cleanup
[2019-10-14T07:28:12.307+0000][1][safepoint    ] Leaving safepoint region
[2019-10-14T07:28:12.307+0000][1][safepoint    ] Total time for which application threads were stopped: 0.0006885 seconds, Stopping threads took: 0.0002859 seconds
[2019-10-14T07:28:13.308+0000][1][safepoint    ] Application time: 1.0003196 seconds
[2019-10-14T07:28:13.308+0000][1][safepoint    ] Entering safepoint region: Cleanup
[2019-10-14T07:28:13.309+0000][1][safepoint    ] Leaving safepoint region
[2019-10-14T07:28:13.310+0000][1][safepoint    ] Total time for which application threads were stopped: 0.0012220 seconds, Stopping threads took: 0.0006293 seconds
[2019-10-14T07:28:14.310+0000][1][safepoint    ] Application time: 1.0004299 seconds
[2019-10-14T07:28:14.311+0000][1][safepoint    ] Entering safepoint region: Cleanup
[2019-10-14T07:28:14.312+0000][1][safepoint    ] Leaving safepoint region
[2019-10-14T07:28:14.312+0000][1][safepoint    ] Total time for which application threads were stopped: 0.0010687 seconds, Stopping threads took: 0.0005436 seconds
[2019-10-14T07:28:15.314+0000][1][safepoint    ] Application time: 1.0014713 seconds
[2019-10-14T07:28:15.315+0000][1][safepoint    ] Entering safepoint region: Cleanup
[2019-10-14T07:28:15.316+0000][1][safepoint    ] Leaving safepoint region
[2019-10-14T07:28:15.316+0000][1][safepoint    ] Total time for which application threads were stopped: 0.0012221 seconds, Stopping threads took: 0.0004694 seconds
[2019-10-14T07:28:16.317+0000][1][safepoint    ] Application time: 1.0004881 seconds
[2019-10-14T07:28:16.318+0000][1][safepoint    ] Entering safepoint region: Cleanup
[2019-10-14T07:28:16.318+0000][1][safepoint    ] Leaving safepoint region
[2019-10-14T07:28:16.319+0000][1][safepoint    ] Total time for which application threads were stopped: 0.0010298 seconds, Stopping threads took: 0.0004728 seconds
[2019-10-14T07:28:17.320+0000][1][safepoint    ] Application time: 1.0004208 seconds
[2019-10-14T07:28:17.321+0000][1][safepoint    ] Entering safepoint region: Cleanup
[2019-10-14T07:28:17.321+0000][1][safepoint    ] Leaving safepoint region
[2019-10-14T07:28:17.322+0000][1][safepoint    ] Total time for which application threads were stopped: 0.0010753 seconds, Stopping threads took: 0.0004858 seconds
[2019-10-14T07:28:18.322+0000][1][safepoint    ] Application time: 1.0003324 seconds
[2019-10-14T07:28:18.323+0000][1][safepoint    ] Entering safepoint region: Cleanup
[2019-10-14T07:28:18.324+0000][1][safepoint    ] Leaving safepoint region
[2019-10-14T07:28:18.324+0000][1][safepoint    ] Total time for which application threads were stopped: 0.0010210 seconds, Stopping threads took: 0.0004517 seconds
[2019-10-14T07:28:19.326+0000][1][safepoint    ] Application time: 1.0011577 seconds
[2019-10-14T07:28:19.326+0000][1][safepoint    ] Entering safepoint region: Cleanup
[2019-10-14T07:28:19.327+0000][1][safepoint    ] Leaving safepoint region
[2019-10-14T07:28:19.328+0000][1][safepoint    ] Total time for which application threads were stopped: 0.0013344 seconds, Stopping threads took: 0.0008380 seconds
[2019-10-14T07:28:20.329+0000][1][safepoint    ] Application time: 1.0010142 seconds
[2019-10-14T07:28:20.330+0000][1][safepoint    ] Entering safepoint region: Cleanup
[2019-10-14T07:28:20.331+0000][1][safepoint    ] Leaving safepoint region
[2019-10-14T07:28:20.331+0000][1][safepoint    ] Total time for which application threads were stopped: 0.0012585 seconds, Stopping threads took: 0.0007616 seconds
[2019-10-14T07:28:21.335+0000][1][safepoint    ] Application time: 1.0031262 seconds
[2019-10-14T07:28:21.335+0000][1][safepoint    ] Entering safepoint region: Cleanup
[2019-10-14T07:28:21.336+0000][1][safepoint    ] Leaving safepoint region
[2019-10-14T07:28:21.337+0000][1][safepoint    ] Total time for which application threads were stopped: 0.0018591 seconds, Stopping threads took: 0.0007915 seconds
[2019-10-14T07:28:22.340+0000][1][safepoint    ] Application time: 1.0020128 seconds
[2019-10-14T07:28:22.340+0000][1][safepoint    ] Entering safepoint region: Cleanup
[2019-10-14T07:28:22.341+0000][1][safepoint    ] Leaving safepoint region
[2019-10-14T07:28:22.342+0000][1][safepoint    ] Total time for which application threads were stopped: 0.0011725 seconds, Stopping threads took: 0.0006073 seconds
[2019-10-14T07:28:23.346+0000][1][safepoint    ] Application time: 1.0037466 seconds
[2019-10-14T07:28:23.346+0000][1][safepoint    ] Entering safepoint region: Cleanup
[2019-10-14T07:28:23.347+0000][1][safepoint    ] Leaving safepoint region
[2019-10-14T07:28:23.347+0000][1][safepoint    ] Total time for which application threads were stopped: 0.0010240 seconds, Stopping threads took: 0.0004889 seconds
[2019-10-14T07:28:24.348+0000][1][safepoint    ] Application time: 1.0004372 seconds
[2019-10-14T07:28:24.349+0000][1][safepoint    ] Entering safepoint region: Cleanup
[2019-10-14T07:28:24.350+0000][1][safepoint    ] Leaving safepoint region
[2019-10-14T07:28:24.350+0000][1][safepoint    ] Total time for which application threads were stopped: 0.0010345 seconds, Stopping threads took: 0.0004532 seconds
[2019-10-14T07:28:25.351+0000][1][safepoint    ] Application time: 1.0001809 seconds
[2019-10-14T07:28:25.351+0000][1][safepoint    ] Entering safepoint region: Cleanup
[2019-10-14T07:28:25.352+0000][1][safepoint    ] Leaving safepoint region
[2019-10-14T07:28:25.353+0000][1][safepoint    ] Total time for which application threads were stopped: 0.0014877 seconds, Stopping threads took: 0.0006544 seconds
[2019-10-14T07:28:26.354+0000][1][safepoint    ] Application time: 1.0013557 seconds
[2019-10-14T07:28:26.355+0000][1][safepoint    ] Entering safepoint region: Cleanup
[2019-10-14T07:28:26.356+0000][1][safepoint    ] Leaving safepoint region
[2019-10-14T07:28:26.356+0000][1][safepoint    ] Total time for which application threads were stopped: 0.0012257 seconds, Stopping threads took: 0.0004781 seconds
[2019-10-14T07:28:27.360+0000][1][safepoint    ] Application time: 1.0030040 seconds
[2019-10-14T07:28:27.360+0000][1][safepoint    ] Entering safepoint region: Cleanup
[2019-10-14T07:28:27.361+0000][1][safepoint    ] Leaving safepoint region
[2019-10-14T07:28:27.361+0000][1][safepoint    ] Total time for which application threads were stopped: 0.0008238 seconds, Stopping threads took: 0.0003834 seconds
[2019-10-14T07:28:28.362+0000][1][safepoint    ] Application time: 1.0002839 seconds
[2019-10-14T07:28:28.363+0000][1][safepoint    ] Entering safepoint region: Cleanup
[2019-10-14T07:28:28.364+0000][1][safepoint    ] Leaving safepoint region
[2019-10-14T07:28:28.364+0000][1][safepoint    ] Total time for which application threads were stopped: 0.0017064 seconds, Stopping threads took: 0.0012063 seconds
[2019-10-14T07:28:29.367+0000][1][safepoint    ] Application time: 1.0020459 seconds
[2019-10-14T07:28:29.367+0000][1][safepoint    ] Entering safepoint region: Cleanup
[2019-10-14T07:28:29.368+0000][1][safepoint    ] Leaving safepoint region
[2019-10-14T07:28:29.368+0000][1][safepoint    ] Total time for which application threads were stopped: 0.0011509 seconds, Stopping threads took: 0.0006197 seconds
[2019-10-14T07:28:30.370+0000][1][safepoint    ] Application time: 1.0013064 seconds
[2019-10-14T07:28:30.371+0000][1][safepoint    ] Entering safepoint region: Cleanup
[2019-10-14T07:28:30.372+0000][1][safepoint    ] Leaving safepoint region
[2019-10-14T07:28:30.373+0000][1][safepoint    ] Total time for which application threads were stopped: 0.0015927 seconds, Stopping threads took: 0.0009267 seconds
[2019-10-14T07:28:31.374+0000][1][safepoint    ] Application time: 1.0005029 seconds
[2019-10-14T07:28:31.375+0000][1][safepoint    ] Entering safepoint region: Cleanup
[2019-10-14T07:28:31.376+0000][1][safepoint    ] Leaving safepoint region
[2019-10-14T07:28:31.377+0000][1][safepoint    ] Total time for which application threads were stopped: 0.0021021 seconds, Stopping threads took: 0.0009172 seconds
[2019-10-14T07:28:32.379+0000][1][safepoint    ] Application time: 1.0012009 seconds
[2019-10-14T07:28:32.380+0000][1][safepoint    ] Entering safepoint region: Cleanup
[2019-10-14T07:28:32.381+0000][1][safepoint    ] Leaving safepoint region
[2019-10-14T07:28:32.382+0000][1][safepoint    ] Total time for which application threads were stopped: 0.0016730 seconds, Stopping threads took: 0.0009191 seconds
[2019-10-14T07:28:33.383+0000][1][safepoint    ] Application time: 1.0003707 seconds
[2019-10-14T07:28:33.384+0000][1][safepoint    ] Entering safepoint region: Cleanup
[2019-10-14T07:28:33.385+0000][1][safepoint    ] Leaving safepoint region
[2019-10-14T07:28:33.386+0000][1][safepoint    ] Total time for which application threads were stopped: 0.0022015 seconds, Stopping threads took: 0.0013672 seconds
[2019-10-14T07:28:34.365+0000][1][safepoint    ] Application time: 1.0001104 seconds
[2019-10-14T07:28:34.366+0000][1][safepoint    ] Entering safepoint region: Cleanup
[2019-10-14T07:28:34.367+0000][1][safepoint    ] Leaving safepoint region
[2019-10-14T07:28:34.368+0000][1][safepoint    ] Total time for which application threads were stopped: 0.0013752 seconds, Stopping threads took: 0.0006489 seconds
[2019-10-14T07:28:35.086+0000][1][safepoint    ] Application time: 0.7177635 seconds
[2019-10-14T07:28:35.087+0000][1][safepoint    ] Entering safepoint region: GenCollectForAllocation
[2019-10-14T07:28:35.087+0000][1][gc,start     ] GC(30) Pause Young (Allocation Failure)
[2019-10-14T07:28:35.088+0000][1][gc,task      ] GC(30) Using 2 workers of 2 for evacuation
[2019-10-14T07:28:35.103+0000][1][gc,age       ] GC(30) Desired survivor size 4456448 bytes, new threshold 6 (max threshold 6)
[2019-10-14T07:28:35.104+0000][1][gc,age       ] GC(30) Age table with threshold 6 (max threshold 6)
[2019-10-14T07:28:35.104+0000][1][gc,age       ] GC(30) - age   1:      36408 bytes,      36408 total
[2019-10-14T07:28:35.104+0000][1][gc,age       ] GC(30) - age   2:      36808 bytes,      73216 total
[2019-10-14T07:28:35.105+0000][1][gc,age       ] GC(30) - age   3:     255344 bytes,     328560 total
[2019-10-14T07:28:35.105+0000][1][gc,age       ] GC(30) - age   4:     254000 bytes,     582560 total
[2019-10-14T07:28:35.105+0000][1][gc,age       ] GC(30) - age   5:    1078544 bytes,    1661104 total
[2019-10-14T07:28:35.106+0000][1][gc,heap      ] GC(30) ParNew: 71903K->2239K(78656K)
[2019-10-14T07:28:35.106+0000][1][gc,heap      ] GC(30) CMS: 73242K->73242K(174784K)
[2019-10-14T07:28:35.107+0000][1][gc,metaspace ] GC(30) Metaspace: 79029K->79029K(1122304K)
[2019-10-14T07:28:35.107+0000][1][gc           ] GC(30) Pause Young (Allocation Failure) 141M->73M(247M) 19.732ms
[2019-10-14T07:28:35.107+0000][1][gc,cpu       ] GC(30) User=0.03s Sys=0.00s Real=0.01s
[2019-10-14T07:28:35.108+0000][1][safepoint    ] Leaving safepoint region
[2019-10-14T07:28:35.108+0000][1][safepoint    ] Total time for which application threads were stopped: 0.0218937 seconds, Stopping threads took: 0.0006063 seconds
[2019-10-14T07:28:36.110+0000][1][safepoint    ] Application time: 1.0006142 seconds
[2019-10-14T07:28:36.111+0000][1][safepoint    ] Entering safepoint region: Cleanup
[2019-10-14T07:28:36.112+0000][1][safepoint    ] Leaving safepoint region
[2019-10-14T07:28:36.113+0000][1][safepoint    ] Total time for which application threads were stopped: 0.0018475 seconds, Stopping threads took: 0.0006972 seconds
[2019-10-14T07:28:37.114+0000][1][safepoint    ] Application time: 1.0002144 seconds
[2019-10-14T07:28:37.114+0000][1][safepoint    ] Entering safepoint region: Cleanup
[2019-10-14T07:28:37.115+0000][1][safepoint    ] Leaving safepoint region
[2019-10-14T07:28:37.115+0000][1][safepoint    ] Total time for which application threads were stopped: 0.0009575 seconds, Stopping threads took: 0.0004118 seconds
[2019-10-14T07:28:38.116+0000][1][safepoint    ] Application time: 1.0002236 seconds
[2019-10-14T07:28:38.117+0000][1][safepoint    ] Entering safepoint region: Cleanup
[2019-10-14T07:28:38.118+0000][1][safepoint    ] Leaving safepoint region
[2019-10-14T07:28:38.118+0000][1][safepoint    ] Total time for which application threads were stopped: 0.0008917 seconds, Stopping threads took: 0.0004312 seconds
[2019-10-14T07:28:39.119+0000][1][safepoint    ] Application time: 1.0008556 seconds
[2019-10-14T07:28:39.120+0000][1][safepoint    ] Entering safepoint region: Cleanup
[2019-10-14T07:28:39.121+0000][1][safepoint    ] Leaving safepoint region
[2019-10-14T07:28:39.121+0000][1][safepoint    ] Total time for which application threads were stopped: 0.0009626 seconds, Stopping threads took: 0.0005121 seconds
[2019-10-14T07:28:40.122+0000][1][safepoint    ] Application time: 1.0002897 seconds
[2019-10-14T07:28:40.123+0000][1][safepoint    ] Entering safepoint region: Cleanup
[2019-10-14T07:28:40.124+0000][1][safepoint    ] Leaving safepoint region
[2019-10-14T07:28:40.125+0000][1][safepoint    ] Total time for which application threads were stopped: 0.0019862 seconds, Stopping threads took: 0.0008346 seconds
[2019-10-14T07:28:41.129+0000][1][safepoint    ] Application time: 1.0030048 seconds
[2019-10-14T07:28:41.139+0000][1][safepoint    ] Entering safepoint region: Cleanup
[2019-10-14T07:28:41.140+0000][1][safepoint    ] Leaving safepoint region
[2019-10-14T07:28:41.140+0000][1][safepoint    ] Total time for which application threads were stopped: 0.0012480 seconds, Stopping threads took: 0.0004972 seconds
[2019-10-14T07:28:42.141+0000][1][safepoint    ] Application time: 1.0002318 seconds
[2019-10-14T07:28:42.142+0000][1][safepoint    ] Entering safepoint region: Cleanup
[2019-10-14T07:28:42.143+0000][1][safepoint    ] Leaving safepoint region
[2019-10-14T07:28:42.145+0000][1][safepoint    ] Total time for which application threads were stopped: 0.0032794 seconds, Stopping threads took: 0.0007562 seconds
[2019-10-14T07:28:43.146+0000][1][safepoint    ] Application time: 1.0006354 seconds
[2019-10-14T07:28:43.147+0000][1][safepoint    ] Entering safepoint region: Cleanup
[2019-10-14T07:28:43.149+0000][1][safepoint    ] Leaving safepoint region
[2019-10-14T07:28:43.150+0000][1][safepoint    ] Total time for which application threads were stopped: 0.0023440 seconds, Stopping threads took: 0.0016119 seconds
[2019-10-14T07:28:44.151+0000][1][safepoint    ] Application time: 1.0008813 seconds
[2019-10-14T07:28:44.153+0000][1][safepoint    ] Entering safepoint region: Cleanup
[2019-10-14T07:28:44.153+0000][1][safepoint    ] Leaving safepoint region
[2019-10-14T07:28:44.154+0000][1][safepoint    ] Total time for which application threads were stopped: 0.0014368 seconds, Stopping threads took: 0.0007174 seconds
[2019-10-14T07:28:45.156+0000][1][safepoint    ] Application time: 1.0012358 seconds
[2019-10-14T07:28:45.157+0000][1][safepoint    ] Entering safepoint region: Cleanup
[2019-10-14T07:28:45.158+0000][1][safepoint    ] Leaving safepoint region
[2019-10-14T07:28:45.158+0000][1][safepoint    ] Total time for which application threads were stopped: 0.0012850 seconds, Stopping threads took: 0.0005933 seconds
[2019-10-14T07:28:46.159+0000][1][safepoint    ] Application time: 1.0007927 seconds
[2019-10-14T07:28:46.160+0000][1][safepoint    ] Entering safepoint region: Cleanup
[2019-10-14T07:28:46.161+0000][1][safepoint    ] Leaving safepoint region
[2019-10-14T07:28:46.161+0000][1][safepoint    ] Total time for which application threads were stopped: 0.0010867 seconds, Stopping threads took: 0.0005554 seconds
[2019-10-14T07:28:47.162+0000][1][safepoint    ] Application time: 1.0002191 seconds
[2019-10-14T07:28:47.163+0000][1][safepoint    ] Entering safepoint region: Cleanup
[2019-10-14T07:28:47.164+0000][1][safepoint    ] Leaving safepoint region
[2019-10-14T07:28:47.165+0000][1][safepoint    ] Total time for which application threads were stopped: 0.0017399 seconds, Stopping threads took: 0.0008424 seconds
[2019-10-14T07:28:48.169+0000][1][safepoint    ] Application time: 1.0032261 seconds
[2019-10-14T07:28:48.171+0000][1][safepoint    ] Entering safepoint region: Cleanup
[2019-10-14T07:28:48.172+0000][1][safepoint    ] Leaving safepoint region
[2019-10-14T07:28:48.172+0000][1][safepoint    ] Total time for which application threads were stopped: 0.0014044 seconds, Stopping threads took: 0.0007589 seconds
[2019-10-14T07:28:49.173+0000][1][safepoint    ] Application time: 1.0004715 seconds
[2019-10-14T07:28:49.174+0000][1][safepoint    ] Entering safepoint region: Cleanup
[2019-10-14T07:28:49.175+0000][1][safepoint    ] Leaving safepoint region
[2019-10-14T07:28:49.175+0000][1][safepoint    ] Total time for which application threads were stopped: 0.0010930 seconds, Stopping threads took: 0.0006173 seconds
[2019-10-14T07:28:50.177+0000][1][safepoint    ] Application time: 1.0014564 seconds
[2019-10-14T07:28:50.178+0000][1][safepoint    ] Entering safepoint region: Cleanup
[2019-10-14T07:28:50.178+0000][1][safepoint    ] Leaving safepoint region
[2019-10-14T07:28:50.179+0000][1][safepoint    ] Total time for which application threads were stopped: 0.0010568 seconds, Stopping threads took: 0.0004165 seconds
[2019-10-14T07:28:51.180+0000][1][safepoint    ] Application time: 1.0005861 seconds
[2019-10-14T07:28:51.182+0000][1][safepoint    ] Entering safepoint region: Cleanup
[2019-10-14T07:28:51.188+0000][1][safepoint    ] Leaving safepoint region
[2019-10-14T07:28:51.189+0000][1][safepoint    ] Total time for which application threads were stopped: 0.0072167 seconds, Stopping threads took: 0.0061069 seconds
[2019-10-14T07:28:52.191+0000][1][safepoint    ] Application time: 1.0002152 seconds
[2019-10-14T07:28:52.192+0000][1][safepoint    ] Entering safepoint region: Cleanup
[2019-10-14T07:28:52.193+0000][1][safepoint    ] Leaving safepoint region
[2019-10-14T07:28:52.193+0000][1][safepoint    ] Total time for which application threads were stopped: 0.0012187 seconds, Stopping threads took: 0.0005287 seconds
[2019-10-14T07:28:53.194+0000][1][safepoint    ] Application time: 1.0003194 seconds
[2019-10-14T07:28:53.195+0000][1][safepoint    ] Entering safepoint region: Cleanup
[2019-10-14T07:28:53.195+0000][1][safepoint    ] Leaving safepoint region
[2019-10-14T07:28:53.196+0000][1][safepoint    ] Total time for which application threads were stopped: 0.0011664 seconds, Stopping threads took: 0.0005634 seconds
[2019-10-14T07:28:54.216+0000][1][safepoint    ] Application time: 1.0194037 seconds
[2019-10-14T07:28:54.220+0000][1][safepoint    ] Entering safepoint region: Cleanup
[2019-10-14T07:28:54.220+0000][1][safepoint    ] Leaving safepoint region
[2019-10-14T07:28:54.221+0000][1][safepoint    ] Total time for which application threads were stopped: 0.0009028 seconds, Stopping threads took: 0.0004180 seconds
[2019-10-14T07:28:55.222+0000][1][safepoint    ] Application time: 1.0006153 seconds
[2019-10-14T07:28:55.223+0000][1][safepoint    ] Entering safepoint region: Cleanup
[2019-10-14T07:28:55.224+0000][1][safepoint    ] Leaving safepoint region
[2019-10-14T07:28:55.224+0000][1][safepoint    ] Total time for which application threads were stopped: 0.0011649 seconds, Stopping threads took: 0.0006139 seconds
[2019-10-14T07:28:56.225+0000][1][safepoint    ] Application time: 1.0007361 seconds
[2019-10-14T07:28:56.230+0000][1][safepoint    ] Entering safepoint region: Cleanup
[2019-10-14T07:28:56.231+0000][1][safepoint    ] Leaving safepoint region
[2019-10-14T07:28:56.232+0000][1][safepoint    ] Total time for which application threads were stopped: 0.0026473 seconds, Stopping threads took: 0.0009223 seconds
[2019-10-14T07:28:56.305+0000][1][safepoint    ] Application time: 0.0716970 seconds
[2019-10-14T07:28:56.306+0000][1][safepoint    ] Entering safepoint region: RevokeBias
[2019-10-14T07:28:56.307+0000][1][safepoint    ] Leaving safepoint region
[2019-10-14T07:28:56.307+0000][1][safepoint    ] Total time for which application threads were stopped: 0.0012976 seconds, Stopping threads took: 0.0004184 seconds
[2019-10-14T07:28:56.407+0000][1][safepoint    ] Application time: 0.0996728 seconds
[2019-10-14T07:28:56.408+0000][1][safepoint    ] Entering safepoint region: RevokeBias
[2019-10-14T07:28:56.408+0000][1][safepoint    ] Leaving safepoint region
[2019-10-14T07:28:56.408+0000][1][safepoint    ] Total time for which application threads were stopped: 0.0007520 seconds, Stopping threads took: 0.0003206 seconds
[2019-10-14T07:28:56.410+0000][1][safepoint    ] Application time: 0.0013874 seconds
[2019-10-14T07:28:56.410+0000][1][safepoint    ] Entering safepoint region: RevokeBias
[2019-10-14T07:28:56.411+0000][1][safepoint    ] Leaving safepoint region
[2019-10-14T07:28:56.411+0000][1][safepoint    ] Total time for which application threads were stopped: 0.0006537 seconds, Stopping threads took: 0.0003178 seconds
[2019-10-14T07:28:56.417+0000][1][safepoint    ] Application time: 0.0061102 seconds
[2019-10-14T07:28:56.418+0000][1][safepoint    ] Entering safepoint region: RevokeBias
[2019-10-14T07:28:56.418+0000][1][safepoint    ] Leaving safepoint region
[2019-10-14T07:28:56.419+0000][1][safepoint    ] Total time for which application threads were stopped: 0.0009529 seconds, Stopping threads took: 0.0005011 seconds
[2019-10-14T07:28:56.420+0000][1][safepoint    ] Application time: 0.0013027 seconds
[2019-10-14T07:28:56.421+0000][1][safepoint    ] Entering safepoint region: RevokeBias
[2019-10-14T07:28:56.421+0000][1][safepoint    ] Leaving safepoint region
[2019-10-14T07:28:56.421+0000][1][safepoint    ] Total time for which application threads were stopped: 0.0006947 seconds, Stopping threads took: 0.0003223 seconds
[2019-10-14T07:28:56.422+0000][1][safepoint    ] Application time: 0.0001390 seconds
[2019-10-14T07:28:56.422+0000][1][safepoint    ] Entering safepoint region: RevokeBias
[2019-10-14T07:28:56.423+0000][1][safepoint    ] Leaving safepoint region
[2019-10-14T07:28:56.423+0000][1][safepoint    ] Total time for which application threads were stopped: 0.0008367 seconds, Stopping threads took: 0.0004140 seconds
[2019-10-14T07:28:56.424+0000][1][safepoint    ] Application time: 0.0002609 seconds
[2019-10-14T07:28:56.424+0000][1][safepoint    ] Entering safepoint region: RevokeBias
[2019-10-14T07:28:56.424+0000][1][safepoint    ] Leaving safepoint region
[2019-10-14T07:28:56.425+0000][1][safepoint    ] Total time for which application threads were stopped: 0.0008252 seconds, Stopping threads took: 0.0002853 seconds
[2019-10-14T07:28:56.425+0000][1][safepoint    ] Application time: 0.0000707 seconds
[2019-10-14T07:28:56.426+0000][1][safepoint    ] Entering safepoint region: RevokeBias
[2019-10-14T07:28:56.426+0000][1][safepoint    ] Leaving safepoint region
[2019-10-14T07:28:56.427+0000][1][safepoint    ] Total time for which application threads were stopped: 0.0009299 seconds, Stopping threads took: 0.0004973 seconds
[2019-10-14T07:28:56.466+0000][1][safepoint    ] Application time: 0.0387314 seconds
[2019-10-14T07:28:56.466+0000][1][safepoint    ] Entering safepoint region: RevokeBias
[2019-10-14T07:28:56.467+0000][1][safepoint    ] Leaving safepoint region
[2019-10-14T07:28:56.467+0000][1][safepoint    ] Total time for which application threads were stopped: 0.0007182 seconds, Stopping threads took: 0.0003373 seconds
[2019-10-14T07:28:56.468+0000][1][safepoint    ] Application time: 0.0008285 seconds
[2019-10-14T07:28:56.468+0000][1][safepoint    ] Entering safepoint region: RevokeBias
[2019-10-14T07:28:56.469+0000][1][safepoint    ] Leaving safepoint region
[2019-10-14T07:28:56.469+0000][1][safepoint    ] Total time for which application threads were stopped: 0.0007920 seconds, Stopping threads took: 0.0003566 seconds
[2019-10-14T07:28:56.801+0000][1][safepoint    ] Application time: 0.3313461 seconds
[2019-10-14T07:28:56.802+0000][1][safepoint    ] Entering safepoint region: RevokeBias
[2019-10-14T07:28:56.802+0000][1][safepoint    ] Leaving safepoint region
[2019-10-14T07:28:56.803+0000][1][safepoint    ] Total time for which application threads were stopped: 0.0011105 seconds, Stopping threads took: 0.0004607 seconds
[2019-10-14T07:28:56.804+0000][1][safepoint    ] Application time: 0.0004123 seconds
[2019-10-14T07:28:56.804+0000][1][safepoint    ] Entering safepoint region: RevokeBias
[2019-10-14T07:28:56.805+0000][1][safepoint    ] Leaving safepoint region
[2019-10-14T07:28:56.805+0000][1][safepoint    ] Total time for which application threads were stopped: 0.0010062 seconds, Stopping threads took: 0.0004937 seconds
[2019-10-14T07:28:56.806+0000][1][safepoint    ] Application time: 0.0004551 seconds
[2019-10-14T07:28:56.807+0000][1][safepoint    ] Entering safepoint region: RevokeBias
[2019-10-14T07:28:56.807+0000][1][safepoint    ] Leaving safepoint region
[2019-10-14T07:28:56.808+0000][1][safepoint    ] Total time for which application threads were stopped: 0.0009353 seconds, Stopping threads took: 0.0004626 seconds
[2019-10-14T07:28:56.809+0000][1][safepoint    ] Application time: 0.0006299 seconds
[2019-10-14T07:28:56.809+0000][1][safepoint    ] Entering safepoint region: RevokeBias
[2019-10-14T07:28:56.809+0000][1][safepoint    ] Leaving safepoint region
[2019-10-14T07:28:56.810+0000][1][safepoint    ] Total time for which application threads were stopped: 0.0012101 seconds, Stopping threads took: 0.0004524 seconds
[2019-10-14T07:28:57.811+0000][1][safepoint    ] Application time: 1.0002488 seconds
[2019-10-14T07:28:57.811+0000][1][safepoint    ] Entering safepoint region: Cleanup
[2019-10-14T07:28:57.812+0000][1][safepoint    ] Leaving safepoint region
[2019-10-14T07:28:57.812+0000][1][safepoint    ] Total time for which application threads were stopped: 0.0008930 seconds, Stopping threads took: 0.0004039 seconds
[2019-10-14T07:28:58.813+0000][1][safepoint    ] Application time: 1.0004322 seconds
[2019-10-14T07:28:58.814+0000][1][safepoint    ] Entering safepoint region: Cleanup
[2019-10-14T07:28:58.814+0000][1][safepoint    ] Leaving safepoint region
[2019-10-14T07:28:58.815+0000][1][safepoint    ] Total time for which application threads were stopped: 0.0009263 seconds, Stopping threads took: 0.0004043 seconds
[2019-10-14T07:28:59.190+0000][1][safepoint    ] Application time: 0.3748047 seconds
[2019-10-14T07:28:59.190+0000][1][safepoint    ] Entering safepoint region: RevokeBias
[2019-10-14T07:28:59.191+0000][1][safepoint    ] Leaving safepoint region
[2019-10-14T07:28:59.191+0000][1][safepoint    ] Total time for which application threads were stopped: 0.0008595 seconds, Stopping threads took: 0.0003839 seconds
[2019-10-14T07:28:59.192+0000][1][safepoint    ] Application time: 0.0001861 seconds
[2019-10-14T07:28:59.192+0000][1][safepoint    ] Entering safepoint region: RevokeBias
[2019-10-14T07:28:59.193+0000][1][safepoint    ] Leaving safepoint region
[2019-10-14T07:28:59.193+0000][1][safepoint    ] Total time for which application threads were stopped: 0.0008164 seconds, Stopping threads took: 0.0003764 seconds
[2019-10-14T07:29:00.195+0000][1][safepoint    ] Application time: 1.0009349 seconds
[2019-10-14T07:29:00.196+0000][1][safepoint    ] Entering safepoint region: Cleanup
[2019-10-14T07:29:00.197+0000][1][safepoint    ] Leaving safepoint region
[2019-10-14T07:29:00.198+0000][1][safepoint    ] Total time for which application threads were stopped: 0.0015655 seconds, Stopping threads took: 0.0010967 seconds
[2019-10-14T07:29:01.201+0000][1][safepoint    ] Application time: 1.0028266 seconds
[2019-10-14T07:29:01.201+0000][1][safepoint    ] Entering safepoint region: Cleanup
[2019-10-14T07:29:01.202+0000][1][safepoint    ] Leaving safepoint region
[2019-10-14T07:29:01.202+0000][1][safepoint    ] Total time for which application threads were stopped: 0.0009475 seconds, Stopping threads took: 0.0004218 seconds
[2019-10-14T07:29:02.203+0000][1][safepoint    ] Application time: 1.0003903 seconds
[2019-10-14T07:29:02.204+0000][1][safepoint    ] Entering safepoint region: Cleanup
[2019-10-14T07:29:02.205+0000][1][safepoint    ] Leaving safepoint region
[2019-10-14T07:29:02.205+0000][1][safepoint    ] Total time for which application threads were stopped: 0.0007800 seconds, Stopping threads took: 0.0004086 seconds
[2019-10-14T07:29:03.207+0000][1][safepoint    ] Application time: 1.0016934 seconds
[2019-10-14T07:29:03.208+0000][1][safepoint    ] Entering safepoint region: Cleanup
[2019-10-14T07:29:03.208+0000][1][safepoint    ] Leaving safepoint region
[2019-10-14T07:29:03.208+0000][1][safepoint    ] Total time for which application threads were stopped: 0.0008250 seconds, Stopping threads took: 0.0003950 seconds
[2019-10-14T07:29:04.188+0000][1][safepoint    ] Application time: 1.0005562 seconds
[2019-10-14T07:29:04.189+0000][1][safepoint    ] Entering safepoint region: Cleanup
[2019-10-14T07:29:04.190+0000][1][safepoint    ] Leaving safepoint region
[2019-10-14T07:29:04.191+0000][1][safepoint    ] Total time for which application threads were stopped: 0.0021943 seconds, Stopping threads took: 0.0013801 seconds
[2019-10-14T07:29:05.194+0000][1][safepoint    ] Application time: 1.0027983 seconds
[2019-10-14T07:29:05.197+0000][1][safepoint    ] Entering safepoint region: Cleanup
[2019-10-14T07:29:05.197+0000][1][safepoint    ] Leaving safepoint region
[2019-10-14T07:29:05.197+0000][1][safepoint    ] Total time for which application threads were stopped: 0.0021123 seconds, Stopping threads took: 0.0015576 seconds
[2019-10-14T07:29:05.223+0000][1][safepoint    ] Application time: 0.0251672 seconds
[2019-10-14T07:29:05.226+0000][1][safepoint    ] Entering safepoint region: RevokeBias
[2019-10-14T07:29:05.226+0000][1][safepoint    ] Leaving safepoint region
[2019-10-14T07:29:05.227+0000][1][safepoint    ] Total time for which application threads were stopped: 0.0010599 seconds, Stopping threads took: 0.0004259 seconds
[2019-10-14T07:29:06.229+0000][1][safepoint    ] Application time: 1.0006512 seconds
[2019-10-14T07:29:06.230+0000][1][safepoint    ] Entering safepoint region: Cleanup
[2019-10-14T07:29:06.230+0000][1][safepoint    ] Leaving safepoint region
[2019-10-14T07:29:06.231+0000][1][safepoint    ] Total time for which application threads were stopped: 0.0010665 seconds, Stopping threads took: 0.0005483 seconds
[2019-10-14T07:29:07.232+0000][1][safepoint    ] Application time: 1.0009772 seconds
[2019-10-14T07:29:07.233+0000][1][safepoint    ] Entering safepoint region: Cleanup
[2019-10-14T07:29:07.234+0000][1][safepoint    ] Leaving safepoint region
[2019-10-14T07:29:07.234+0000][1][safepoint    ] Total time for which application threads were stopped: 0.0015340 seconds, Stopping threads took: 0.0007233 seconds
[2019-10-14T07:29:08.235+0000][1][safepoint    ] Application time: 1.0002452 seconds
[2019-10-14T07:29:08.236+0000][1][safepoint    ] Entering safepoint region: Cleanup
[2019-10-14T07:29:08.236+0000][1][safepoint    ] Leaving safepoint region
[2019-10-14T07:29:08.236+0000][1][safepoint    ] Total time for which application threads were stopped: 0.0006642 seconds, Stopping threads took: 0.0003248 seconds
[2019-10-14T07:29:09.237+0000][1][safepoint    ] Application time: 1.0005473 seconds
[2019-10-14T07:29:09.238+0000][1][safepoint    ] Entering safepoint region: Cleanup
[2019-10-14T07:29:09.238+0000][1][safepoint    ] Leaving safepoint region
[2019-10-14T07:29:09.239+0000][1][safepoint    ] Total time for which application threads were stopped: 0.0009733 seconds, Stopping threads took: 0.0005255 seconds
[2019-10-14T07:29:10.239+0000][1][safepoint    ] Application time: 1.0004508 seconds
[2019-10-14T07:29:10.240+0000][1][safepoint    ] Entering safepoint region: Cleanup
[2019-10-14T07:29:10.241+0000][1][safepoint    ] Leaving safepoint region
[2019-10-14T07:29:10.241+0000][1][safepoint    ] Total time for which application threads were stopped: 0.0010358 seconds, Stopping threads took: 0.0005011 seconds
[2019-10-14T07:29:11.242+0000][1][safepoint    ] Application time: 1.0001298 seconds
[2019-10-14T07:29:11.243+0000][1][safepoint    ] Entering safepoint region: Cleanup
[2019-10-14T07:29:11.243+0000][1][safepoint    ] Leaving safepoint region
[2019-10-14T07:29:11.243+0000][1][safepoint    ] Total time for which application threads were stopped: 0.0007692 seconds, Stopping threads took: 0.0003420 seconds
[2019-10-14T07:29:12.244+0000][1][safepoint    ] Application time: 1.0002017 seconds
[2019-10-14T07:29:12.245+0000][1][safepoint    ] Entering safepoint region: Cleanup
[2019-10-14T07:29:12.246+0000][1][safepoint    ] Leaving safepoint region
[2019-10-14T07:29:12.246+0000][1][safepoint    ] Total time for which application threads were stopped: 0.0015952 seconds, Stopping threads took: 0.0011284 seconds
[2019-10-14T07:29:13.247+0000][1][safepoint    ] Application time: 1.0005333 seconds
[2019-10-14T07:29:13.248+0000][1][safepoint    ] Entering safepoint region: Cleanup
[2019-10-14T07:29:13.248+0000][1][safepoint    ] Leaving safepoint region
[2019-10-14T07:29:13.248+0000][1][safepoint    ] Total time for which application threads were stopped: 0.0009706 seconds, Stopping threads took: 0.0005752 seconds
[2019-10-14T07:29:14.250+0000][1][safepoint    ] Application time: 1.0005900 seconds
[2019-10-14T07:29:14.250+0000][1][safepoint    ] Entering safepoint region: Cleanup
[2019-10-14T07:29:14.251+0000][1][safepoint    ] Leaving safepoint region
[2019-10-14T07:29:14.252+0000][1][safepoint    ] Total time for which application threads were stopped: 0.0011605 seconds, Stopping threads took: 0.0005409 seconds
[2019-10-14T07:29:15.252+0000][1][safepoint    ] Application time: 1.0003756 seconds
[2019-10-14T07:29:15.253+0000][1][safepoint    ] Entering safepoint region: Cleanup
[2019-10-14T07:29:15.254+0000][1][safepoint    ] Leaving safepoint region
[2019-10-14T07:29:15.254+0000][1][safepoint    ] Total time for which application threads were stopped: 0.0008844 seconds, Stopping threads took: 0.0005127 seconds
[2019-10-14T07:29:16.254+0000][1][safepoint    ] Application time: 1.0002722 seconds
[2019-10-14T07:29:16.255+0000][1][safepoint    ] Entering safepoint region: Cleanup
[2019-10-14T07:29:16.259+0000][1][safepoint    ] Leaving safepoint region
[2019-10-14T07:29:16.259+0000][1][safepoint    ] Total time for which application threads were stopped: 0.0037046 seconds, Stopping threads took: 0.0031134 seconds
[2019-10-14T07:29:17.260+0000][1][safepoint    ] Application time: 1.0002535 seconds
[2019-10-14T07:29:17.260+0000][1][safepoint    ] Entering safepoint region: Cleanup
[2019-10-14T07:29:17.260+0000][1][safepoint    ] Leaving safepoint region
[2019-10-14T07:29:17.261+0000][1][safepoint    ] Total time for which application threads were stopped: 0.0006963 seconds, Stopping threads took: 0.0002773 seconds
[2019-10-14T07:29:18.261+0000][1][safepoint    ] Application time: 1.0001741 seconds
[2019-10-14T07:29:18.262+0000][1][safepoint    ] Entering safepoint region: Cleanup
[2019-10-14T07:29:18.262+0000][1][safepoint    ] Leaving safepoint region
[2019-10-14T07:29:18.262+0000][1][safepoint    ] Total time for which application threads were stopped: 0.0007060 seconds, Stopping threads took: 0.0002451 seconds
[2019-10-14T07:29:19.264+0000][1][safepoint    ] Application time: 1.0013882 seconds
[2019-10-14T07:29:19.264+0000][1][safepoint    ] Entering safepoint region: Cleanup
[2019-10-14T07:29:19.265+0000][1][safepoint    ] Leaving safepoint region
[2019-10-14T07:29:19.265+0000][1][safepoint    ] Total time for which application threads were stopped: 0.0006976 seconds, Stopping threads took: 0.0002873 seconds
[2019-10-14T07:29:20.266+0000][1][safepoint    ] Application time: 1.0002542 seconds
[2019-10-14T07:29:20.266+0000][1][safepoint    ] Entering safepoint region: Cleanup
[2019-10-14T07:29:20.267+0000][1][safepoint    ] Leaving safepoint region
[2019-10-14T07:29:20.267+0000][1][safepoint    ] Total time for which application threads were stopped: 0.0007426 seconds, Stopping threads took: 0.0003278 seconds
[2019-10-14T07:29:21.268+0000][1][safepoint    ] Application time: 1.0007486 seconds
[2019-10-14T07:29:21.269+0000][1][safepoint    ] Entering safepoint region: Cleanup
[2019-10-14T07:29:21.270+0000][1][safepoint    ] Leaving safepoint region
[2019-10-14T07:29:21.270+0000][1][safepoint    ] Total time for which application threads were stopped: 0.0014166 seconds, Stopping threads took: 0.0003478 seconds
[2019-10-14T07:29:22.272+0000][1][safepoint    ] Application time: 1.0013516 seconds
[2019-10-14T07:29:22.272+0000][1][safepoint    ] Entering safepoint region: Cleanup
[2019-10-14T07:29:22.273+0000][1][safepoint    ] Leaving safepoint region
[2019-10-14T07:29:22.274+0000][1][safepoint    ] Total time for which application threads were stopped: 0.0011137 seconds, Stopping threads took: 0.0004672 seconds
[2019-10-14T07:29:23.274+0000][1][safepoint    ] Application time: 1.0004002 seconds
[2019-10-14T07:29:23.276+0000][1][safepoint    ] Entering safepoint region: Cleanup
[2019-10-14T07:29:23.277+0000][1][safepoint    ] Leaving safepoint region
[2019-10-14T07:29:23.277+0000][1][safepoint    ] Total time for which application threads were stopped: 0.0007562 seconds, Stopping threads took: 0.0003479 seconds
[2019-10-14T07:29:24.278+0000][1][safepoint    ] Application time: 1.0003331 seconds
[2019-10-14T07:29:24.278+0000][1][safepoint    ] Entering safepoint region: Cleanup
[2019-10-14T07:29:24.279+0000][1][safepoint    ] Leaving safepoint region
[2019-10-14T07:29:24.279+0000][1][safepoint    ] Total time for which application threads were stopped: 0.0006702 seconds, Stopping threads took: 0.0002978 seconds
[2019-10-14T07:29:25.280+0000][1][safepoint    ] Application time: 1.0008419 seconds
[2019-10-14T07:29:25.280+0000][1][safepoint    ] Entering safepoint region: Cleanup
[2019-10-14T07:29:25.281+0000][1][safepoint    ] Leaving safepoint region
[2019-10-14T07:29:25.281+0000][1][safepoint    ] Total time for which application threads were stopped: 0.0008493 seconds, Stopping threads took: 0.0003883 seconds
[2019-10-14T07:29:26.282+0000][1][safepoint    ] Application time: 1.0003320 seconds
[2019-10-14T07:29:26.282+0000][1][safepoint    ] Entering safepoint region: Cleanup
[2019-10-14T07:29:26.283+0000][1][safepoint    ] Leaving safepoint region
[2019-10-14T07:29:26.283+0000][1][safepoint    ] Total time for which application threads were stopped: 0.0005916 seconds, Stopping threads took: 0.0002910 seconds
[2019-10-14T07:29:27.283+0000][1][safepoint    ] Application time: 1.0003842 seconds
[2019-10-14T07:29:27.284+0000][1][safepoint    ] Entering safepoint region: Cleanup
[2019-10-14T07:29:27.284+0000][1][safepoint    ] Leaving safepoint region
[2019-10-14T07:29:27.285+0000][1][safepoint    ] Total time for which application threads were stopped: 0.0007531 seconds, Stopping threads took: 0.0003410 seconds
[2019-10-14T07:29:28.286+0000][1][safepoint    ] Application time: 1.0010314 seconds
[2019-10-14T07:29:28.286+0000][1][safepoint    ] Entering safepoint region: Cleanup
[2019-10-14T07:29:28.287+0000][1][safepoint    ] Leaving safepoint region
[2019-10-14T07:29:28.287+0000][1][safepoint    ] Total time for which application threads were stopped: 0.0007216 seconds, Stopping threads took: 0.0003174 seconds
[2019-10-14T07:29:29.288+0000][1][safepoint    ] Application time: 1.0003806 seconds
[2019-10-14T07:29:29.288+0000][1][safepoint    ] Entering safepoint region: Cleanup
[2019-10-14T07:29:29.289+0000][1][safepoint    ] Leaving safepoint region
[2019-10-14T07:29:29.289+0000][1][safepoint    ] Total time for which application threads were stopped: 0.0007523 seconds, Stopping threads took: 0.0003166 seconds
[2019-10-14T07:29:30.290+0000][1][safepoint    ] Application time: 1.0006645 seconds
[2019-10-14T07:29:30.291+0000][1][safepoint    ] Entering safepoint region: Cleanup
[2019-10-14T07:29:30.291+0000][1][safepoint    ] Leaving safepoint region
[2019-10-14T07:29:30.291+0000][1][safepoint    ] Total time for which application threads were stopped: 0.0007058 seconds, Stopping threads took: 0.0003577 seconds
[2019-10-14T07:29:31.294+0000][1][safepoint    ] Application time: 1.0018285 seconds
[2019-10-14T07:29:31.294+0000][1][safepoint    ] Entering safepoint region: Cleanup
[2019-10-14T07:29:31.295+0000][1][safepoint    ] Leaving safepoint region
[2019-10-14T07:29:31.295+0000][1][safepoint    ] Total time for which application threads were stopped: 0.0009832 seconds, Stopping threads took: 0.0005125 seconds
[2019-10-14T07:29:32.297+0000][1][safepoint    ] Application time: 1.0012309 seconds
[2019-10-14T07:29:32.298+0000][1][safepoint    ] Entering safepoint region: Cleanup
[2019-10-14T07:29:32.298+0000][1][safepoint    ] Leaving safepoint region
[2019-10-14T07:29:32.298+0000][1][safepoint    ] Total time for which application threads were stopped: 0.0008251 seconds, Stopping threads took: 0.0003823 seconds
[2019-10-14T07:29:33.299+0000][1][safepoint    ] Application time: 1.0002683 seconds
[2019-10-14T07:29:33.299+0000][1][safepoint    ] Entering safepoint region: Cleanup
[2019-10-14T07:29:33.300+0000][1][safepoint    ] Leaving safepoint region
[2019-10-14T07:29:33.300+0000][1][safepoint    ] Total time for which application threads were stopped: 0.0007770 seconds, Stopping threads took: 0.0003353 seconds
[2019-10-14T07:29:34.279+0000][1][safepoint    ] Application time: 1.0004517 seconds
[2019-10-14T07:29:34.280+0000][1][safepoint    ] Entering safepoint region: Cleanup
[2019-10-14T07:29:34.280+0000][1][safepoint    ] Leaving safepoint region
[2019-10-14T07:29:34.280+0000][1][safepoint    ] Total time for which application threads were stopped: 0.0006777 seconds, Stopping threads took: 0.0002836 seconds
[2019-10-14T07:29:35.283+0000][1][safepoint    ] Application time: 1.0019639 seconds
[2019-10-14T07:29:35.283+0000][1][safepoint    ] Entering safepoint region: Cleanup
[2019-10-14T07:29:35.284+0000][1][safepoint    ] Leaving safepoint region
[2019-10-14T07:29:35.284+0000][1][safepoint    ] Total time for which application threads were stopped: 0.0007521 seconds, Stopping threads took: 0.0002985 seconds
[2019-10-14T07:29:36.284+0000][1][safepoint    ] Application time: 1.0001856 seconds
[2019-10-14T07:29:36.285+0000][1][safepoint    ] Entering safepoint region: Cleanup
[2019-10-14T07:29:36.286+0000][1][safepoint    ] Leaving safepoint region
[2019-10-14T07:29:36.286+0000][1][safepoint    ] Total time for which application threads were stopped: 0.0014880 seconds, Stopping threads took: 0.0004699 seconds
[2019-10-14T07:29:37.288+0000][1][safepoint    ] Application time: 1.0011695 seconds
[2019-10-14T07:29:37.288+0000][1][safepoint    ] Entering safepoint region: Cleanup
[2019-10-14T07:29:37.289+0000][1][safepoint    ] Leaving safepoint region
[2019-10-14T07:29:37.290+0000][1][safepoint    ] Total time for which application threads were stopped: 0.0011310 seconds, Stopping threads took: 0.0005486 seconds
[2019-10-14T07:29:38.291+0000][1][safepoint    ] Application time: 1.0013679 seconds
[2019-10-14T07:29:38.292+0000][1][safepoint    ] Entering safepoint region: Cleanup
[2019-10-14T07:29:38.293+0000][1][safepoint    ] Leaving safepoint region
[2019-10-14T07:29:38.293+0000][1][safepoint    ] Total time for which application threads were stopped: 0.0007609 seconds, Stopping threads took: 0.0003196 seconds
[2019-10-14T07:29:39.296+0000][1][safepoint    ] Application time: 1.0030362 seconds
[2019-10-14T07:29:39.297+0000][1][safepoint    ] Entering safepoint region: Cleanup
[2019-10-14T07:29:39.297+0000][1][safepoint    ] Leaving safepoint region
[2019-10-14T07:29:39.298+0000][1][safepoint    ] Total time for which application threads were stopped: 0.0007450 seconds, Stopping threads took: 0.0003612 seconds
[2019-10-14T07:29:40.298+0000][1][safepoint    ] Application time: 1.0001072 seconds
[2019-10-14T07:29:40.299+0000][1][safepoint    ] Entering safepoint region: Cleanup
[2019-10-14T07:29:40.299+0000][1][safepoint    ] Leaving safepoint region
[2019-10-14T07:29:40.299+0000][1][safepoint    ] Total time for which application threads were stopped: 0.0008206 seconds, Stopping threads took: 0.0003878 seconds
[2019-10-14T07:29:41.301+0000][1][safepoint    ] Application time: 1.0011538 seconds
[2019-10-14T07:29:41.301+0000][1][safepoint    ] Entering safepoint region: Cleanup
[2019-10-14T07:29:41.302+0000][1][safepoint    ] Leaving safepoint region
[2019-10-14T07:29:41.302+0000][1][safepoint    ] Total time for which application threads were stopped: 0.0010033 seconds, Stopping threads took: 0.0002891 seconds
[2019-10-14T07:29:42.304+0000][1][safepoint    ] Application time: 1.0003762 seconds
[2019-10-14T07:29:42.305+0000][1][safepoint    ] Entering safepoint region: Cleanup
[2019-10-14T07:29:42.306+0000][1][safepoint    ] Leaving safepoint region
[2019-10-14T07:29:42.306+0000][1][safepoint    ] Total time for which application threads were stopped: 0.0008361 seconds, Stopping threads took: 0.0004230 seconds
[2019-10-14T07:29:43.303+0000][1][safepoint    ] Application time: 0.9962163 seconds
[2019-10-14T07:29:43.304+0000][1][safepoint    ] Entering safepoint region: RevokeBias
[2019-10-14T07:29:43.304+0000][1][safepoint    ] Leaving safepoint region
[2019-10-14T07:29:43.304+0000][1][safepoint    ] Total time for which application threads were stopped: 0.0010596 seconds, Stopping threads took: 0.0005450 seconds
[2019-10-14T07:29:44.306+0000][1][safepoint    ] Application time: 1.0005065 seconds
[2019-10-14T07:29:44.307+0000][1][safepoint    ] Entering safepoint region: Cleanup
[2019-10-14T07:29:44.307+0000][1][safepoint    ] Leaving safepoint region
[2019-10-14T07:29:44.308+0000][1][safepoint    ] Total time for which application threads were stopped: 0.0014107 seconds, Stopping threads took: 0.0005082 seconds
[2019-10-14T07:29:45.309+0000][1][safepoint    ] Application time: 1.0002001 seconds
[2019-10-14T07:29:45.309+0000][1][safepoint    ] Entering safepoint region: Cleanup
[2019-10-14T07:29:45.310+0000][1][safepoint    ] Leaving safepoint region
[2019-10-14T07:29:45.310+0000][1][safepoint    ] Total time for which application threads were stopped: 0.0011161 seconds, Stopping threads took: 0.0005886 seconds
[2019-10-14T07:29:46.311+0000][1][safepoint    ] Application time: 1.0002014 seconds
[2019-10-14T07:29:46.312+0000][1][safepoint    ] Entering safepoint region: Cleanup
[2019-10-14T07:29:46.313+0000][1][safepoint    ] Leaving safepoint region
[2019-10-14T07:29:46.313+0000][1][safepoint    ] Total time for which application threads were stopped: 0.0016931 seconds, Stopping threads took: 0.0010491 seconds
[2019-10-14T07:29:47.314+0000][1][safepoint    ] Application time: 1.0003403 seconds
[2019-10-14T07:29:47.316+0000][1][safepoint    ] Entering safepoint region: Cleanup
[2019-10-14T07:29:47.317+0000][1][safepoint    ] Leaving safepoint region
[2019-10-14T07:29:47.317+0000][1][safepoint    ] Total time for which application threads were stopped: 0.0011733 seconds, Stopping threads took: 0.0005499 seconds
[2019-10-14T07:29:48.319+0000][1][safepoint    ] Application time: 1.0006928 seconds
[2019-10-14T07:29:48.319+0000][1][safepoint    ] Entering safepoint region: Cleanup
[2019-10-14T07:29:48.320+0000][1][safepoint    ] Leaving safepoint region
[2019-10-14T07:29:48.320+0000][1][safepoint    ] Total time for which application threads were stopped: 0.0008341 seconds, Stopping threads took: 0.0004160 seconds
[2019-10-14T07:29:49.321+0000][1][safepoint    ] Application time: 1.0010488 seconds
[2019-10-14T07:29:49.323+0000][1][safepoint    ] Entering safepoint region: Cleanup
[2019-10-14T07:29:49.324+0000][1][safepoint    ] Leaving safepoint region
[2019-10-14T07:29:49.324+0000][1][safepoint    ] Total time for which application threads were stopped: 0.0007985 seconds, Stopping threads took: 0.0003784 seconds
[2019-10-14T07:29:50.326+0000][1][safepoint    ] Application time: 1.0005308 seconds
[2019-10-14T07:29:50.326+0000][1][safepoint    ] Entering safepoint region: Cleanup
[2019-10-14T07:29:50.326+0000][1][safepoint    ] Leaving safepoint region
[2019-10-14T07:29:50.327+0000][1][safepoint    ] Total time for which application threads were stopped: 0.0006212 seconds, Stopping threads took: 0.0002724 seconds
[2019-10-14T07:29:51.327+0000][1][safepoint    ] Application time: 1.0002404 seconds
[2019-10-14T07:29:51.328+0000][1][safepoint    ] Entering safepoint region: Cleanup
[2019-10-14T07:29:51.329+0000][1][safepoint    ] Leaving safepoint region
[2019-10-14T07:29:51.330+0000][1][safepoint    ] Total time for which application threads were stopped: 0.0027114 seconds, Stopping threads took: 0.0007344 seconds
[2019-10-14T07:29:52.331+0000][1][safepoint    ] Application time: 1.0002995 seconds
[2019-10-14T07:29:52.333+0000][1][safepoint    ] Entering safepoint region: Cleanup
[2019-10-14T07:29:52.334+0000][1][safepoint    ] Leaving safepoint region
[2019-10-14T07:29:52.335+0000][1][safepoint    ] Total time for which application threads were stopped: 0.0022644 seconds, Stopping threads took: 0.0011554 seconds
[2019-10-14T07:29:53.336+0000][1][safepoint    ] Application time: 1.0001318 seconds
[2019-10-14T07:29:53.336+0000][1][safepoint    ] Entering safepoint region: Cleanup
[2019-10-14T07:29:53.337+0000][1][safepoint    ] Leaving safepoint region
[2019-10-14T07:29:53.337+0000][1][safepoint    ] Total time for which application threads were stopped: 0.0006386 seconds, Stopping threads took: 0.0002799 seconds
[2019-10-14T07:29:54.338+0000][1][safepoint    ] Application time: 1.0010778 seconds
[2019-10-14T07:29:54.339+0000][1][safepoint    ] Entering safepoint region: Cleanup
[2019-10-14T07:29:54.339+0000][1][safepoint    ] Leaving safepoint region
[2019-10-14T07:29:54.340+0000][1][safepoint    ] Total time for which application threads were stopped: 0.0008982 seconds, Stopping threads took: 0.0005073 seconds
[2019-10-14T07:29:55.341+0000][1][safepoint    ] Application time: 1.0009229 seconds
[2019-10-14T07:29:55.342+0000][1][safepoint    ] Entering safepoint region: Cleanup
[2019-10-14T07:29:55.343+0000][1][safepoint    ] Leaving safepoint region
[2019-10-14T07:29:55.343+0000][1][safepoint    ] Total time for which application threads were stopped: 0.0013328 seconds, Stopping threads took: 0.0005645 seconds
[2019-10-14T07:29:56.370+0000][1][safepoint    ] Application time: 1.0004100 seconds
[2019-10-14T07:29:56.372+0000][1][safepoint    ] Entering safepoint region: Cleanup
[2019-10-14T07:29:56.372+0000][1][safepoint    ] Leaving safepoint region
[2019-10-14T07:29:56.373+0000][1][safepoint    ] Total time for which application threads were stopped: 0.0013538 seconds, Stopping threads took: 0.0007573 seconds
[2019-10-14T07:29:57.375+0000][1][safepoint    ] Application time: 1.0017116 seconds
[2019-10-14T07:29:57.376+0000][1][safepoint    ] Entering safepoint region: Cleanup
[2019-10-14T07:29:57.377+0000][1][safepoint    ] Leaving safepoint region
[2019-10-14T07:29:57.377+0000][1][safepoint    ] Total time for which application threads were stopped: 0.0019806 seconds, Stopping threads took: 0.0014803 seconds
[2019-10-14T07:29:58.378+0000][1][safepoint    ] Application time: 1.0003543 seconds
[2019-10-14T07:29:58.379+0000][1][safepoint    ] Entering safepoint region: Cleanup
[2019-10-14T07:29:58.379+0000][1][safepoint    ] Leaving safepoint region
[2019-10-14T07:29:58.380+0000][1][safepoint    ] Total time for which application threads were stopped: 0.0012789 seconds, Stopping threads took: 0.0003544 seconds
[2019-10-14T07:29:59.329+0000][1][safepoint    ] Application time: 0.9484485 seconds
[2019-10-14T07:29:59.330+0000][1][safepoint    ] Entering safepoint region: GenCollectForAllocation
[2019-10-14T07:29:59.330+0000][1][gc,start     ] GC(31) Pause Young (Allocation Failure)
[2019-10-14T07:29:59.331+0000][1][gc,task      ] GC(31) Using 2 workers of 2 for evacuation
[2019-10-14T07:29:59.340+0000][1][gc,age       ] GC(31) Desired survivor size 4456448 bytes, new threshold 6 (max threshold 6)
[2019-10-14T07:29:59.341+0000][1][gc,age       ] GC(31) Age table with threshold 6 (max threshold 6)
[2019-10-14T07:29:59.341+0000][1][gc,age       ] GC(31) - age   1:     175008 bytes,     175008 total
[2019-10-14T07:29:59.342+0000][1][gc,age       ] GC(31) - age   2:       6528 bytes,     181536 total
[2019-10-14T07:29:59.343+0000][1][gc,age       ] GC(31) - age   3:      36024 bytes,     217560 total
[2019-10-14T07:29:59.343+0000][1][gc,age       ] GC(31) - age   4:     202496 bytes,     420056 total
[2019-10-14T07:29:59.343+0000][1][gc,age       ] GC(31) - age   5:     150560 bytes,     570616 total
[2019-10-14T07:29:59.344+0000][1][gc,age       ] GC(31) - age   6:    1016944 bytes,    1587560 total
[2019-10-14T07:29:59.344+0000][1][gc,heap      ] GC(31) ParNew: 72191K->2384K(78656K)
[2019-10-14T07:29:59.344+0000][1][gc,heap      ] GC(31) CMS: 73242K->73242K(174784K)
[2019-10-14T07:29:59.345+0000][1][gc,metaspace ] GC(31) Metaspace: 79219K->79219K(1122304K)
[2019-10-14T07:29:59.345+0000][1][gc           ] GC(31) Pause Young (Allocation Failure) 142M->73M(247M) 14.404ms
[2019-10-14T07:29:59.345+0000][1][gc,cpu       ] GC(31) User=0.02s Sys=0.00s Real=0.02s
[2019-10-14T07:29:59.346+0000][1][safepoint    ] Leaving safepoint region
[2019-10-14T07:29:59.346+0000][1][safepoint    ] Total time for which application threads were stopped: 0.0159663 seconds, Stopping threads took: 0.0003685 seconds
[2019-10-14T07:30:00.346+0000][1][safepoint    ] Application time: 1.0002218 seconds
[2019-10-14T07:30:00.347+0000][1][safepoint    ] Entering safepoint region: Cleanup
[2019-10-14T07:30:00.347+0000][1][safepoint    ] Leaving safepoint region
[2019-10-14T07:30:00.348+0000][1][safepoint    ] Total time for which application threads were stopped: 0.0008677 seconds, Stopping threads took: 0.0003827 seconds
[2019-10-14T07:30:01.351+0000][1][safepoint    ] Application time: 1.0033142 seconds
[2019-10-14T07:30:01.389+0000][1][safepoint    ] Entering safepoint region: Cleanup
[2019-10-14T07:30:01.389+0000][1][safepoint    ] Leaving safepoint region
[2019-10-14T07:30:01.391+0000][1][safepoint    ] Total time for which application threads were stopped: 0.0026849 seconds, Stopping threads took: 0.0005831 seconds
[2019-10-14T07:30:01.393+0000][1][safepoint    ] Application time: 0.0000427 seconds
[2019-10-14T07:30:01.394+0000][1][safepoint    ] Entering safepoint region: RevokeBias
[2019-10-14T07:30:01.394+0000][1][safepoint    ] Leaving safepoint region
[2019-10-14T07:30:01.394+0000][1][safepoint    ] Total time for which application threads were stopped: 0.0008255 seconds, Stopping threads took: 0.0003862 seconds
[2019-10-14T07:30:01.402+0000][1][safepoint    ] Application time: 0.0073109 seconds
[2019-10-14T07:30:01.403+0000][1][safepoint    ] Entering safepoint region: RevokeBias
[2019-10-14T07:30:01.404+0000][1][safepoint    ] Leaving safepoint region
[2019-10-14T07:30:01.405+0000][1][safepoint    ] Total time for which application threads were stopped: 0.0023241 seconds, Stopping threads took: 0.0010536 seconds
[2019-10-14T07:30:01.407+0000][1][safepoint    ] Application time: 0.0008885 seconds
[2019-10-14T07:30:01.414+0000][1][safepoint    ] Entering safepoint region: RevokeBias
[2019-10-14T07:30:01.416+0000][1][safepoint    ] Leaving safepoint region
[2019-10-14T07:30:01.419+0000][1][safepoint    ] Total time for which application threads were stopped: 0.0045621 seconds, Stopping threads took: 0.0019589 seconds
[2019-10-14T07:30:01.488+0000][1][safepoint    ] Application time: 0.0690898 seconds
[2019-10-14T07:30:01.489+0000][1][safepoint    ] Entering safepoint region: RevokeBias
[2019-10-14T07:30:01.489+0000][1][safepoint    ] Leaving safepoint region
[2019-10-14T07:30:01.490+0000][1][safepoint    ] Total time for which application threads were stopped: 0.0010584 seconds, Stopping threads took: 0.0004617 seconds
[2019-10-14T07:30:01.494+0000][1][safepoint    ] Application time: 0.0037280 seconds
[2019-10-14T07:30:01.498+0000][1][safepoint    ] Entering safepoint region: RevokeBias
[2019-10-14T07:30:01.501+0000][1][safepoint    ] Leaving safepoint region
[2019-10-14T07:30:01.502+0000][1][safepoint    ] Total time for which application threads were stopped: 0.0045907 seconds, Stopping threads took: 0.0015536 seconds
[2019-10-14T07:30:01.505+0000][1][safepoint    ] Application time: 0.0027551 seconds
[2019-10-14T07:30:01.506+0000][1][safepoint    ] Entering safepoint region: RevokeBias
[2019-10-14T07:30:01.507+0000][1][safepoint    ] Leaving safepoint region
[2019-10-14T07:30:01.507+0000][1][safepoint    ] Total time for which application threads were stopped: 0.0012453 seconds, Stopping threads took: 0.0005718 seconds
[2019-10-14T07:30:01.508+0000][1][safepoint    ] Application time: 0.0000921 seconds
[2019-10-14T07:30:01.508+0000][1][safepoint    ] Entering safepoint region: RevokeBias
[2019-10-14T07:30:01.509+0000][1][safepoint    ] Leaving safepoint region
[2019-10-14T07:30:01.509+0000][1][safepoint    ] Total time for which application threads were stopped: 0.0010367 seconds, Stopping threads took: 0.0005704 seconds
[2019-10-14T07:30:01.564+0000][1][safepoint    ] Application time: 0.0534813 seconds
[2019-10-14T07:30:01.577+0000][1][safepoint    ] Entering safepoint region: RevokeBias
[2019-10-14T07:30:01.578+0000][1][safepoint    ] Leaving safepoint region
[2019-10-14T07:30:01.579+0000][1][safepoint    ] Total time for which application threads were stopped: 0.0127936 seconds, Stopping threads took: 0.0120633 seconds
[2019-10-14T07:30:01.583+0000][1][safepoint    ] Application time: 0.0035225 seconds
[2019-10-14T07:30:01.584+0000][1][safepoint    ] Entering safepoint region: RevokeBias
[2019-10-14T07:30:01.585+0000][1][safepoint    ] Leaving safepoint region
[2019-10-14T07:30:01.585+0000][1][safepoint    ] Total time for which application threads were stopped: 0.0013147 seconds, Stopping threads took: 0.0006486 seconds
[2019-10-14T07:30:01.604+0000][1][safepoint    ] Application time: 0.0177624 seconds
[2019-10-14T07:30:01.606+0000][1][safepoint    ] Entering safepoint region: RevokeBias
[2019-10-14T07:30:01.607+0000][1][safepoint    ] Leaving safepoint region
[2019-10-14T07:30:01.607+0000][1][safepoint    ] Total time for which application threads were stopped: 0.0013913 seconds, Stopping threads took: 0.0008266 seconds
[2019-10-14T07:30:01.608+0000][1][safepoint    ] Application time: 0.0002049 seconds
[2019-10-14T07:30:01.608+0000][1][safepoint    ] Entering safepoint region: RevokeBias
[2019-10-14T07:30:01.609+0000][1][safepoint    ] Leaving safepoint region
[2019-10-14T07:30:01.609+0000][1][safepoint    ] Total time for which application threads were stopped: 0.0008986 seconds, Stopping threads took: 0.0004085 seconds
[2019-10-14T07:30:01.642+0000][1][safepoint    ] Application time: 0.0320235 seconds
[2019-10-14T07:30:01.649+0000][1][safepoint    ] Entering safepoint region: RevokeBias
[2019-10-14T07:30:01.651+0000][1][safepoint    ] Leaving safepoint region
[2019-10-14T07:30:01.652+0000][1][safepoint    ] Total time for which application threads were stopped: 0.0092374 seconds, Stopping threads took: 0.0079790 seconds
[2019-10-14T07:30:01.721+0000][1][safepoint    ] Application time: 0.0687113 seconds
[2019-10-14T07:30:01.722+0000][1][safepoint    ] Entering safepoint region: RevokeBias
[2019-10-14T07:30:01.723+0000][1][safepoint    ] Leaving safepoint region
[2019-10-14T07:30:01.723+0000][1][safepoint    ] Total time for which application threads were stopped: 0.0011946 seconds, Stopping threads took: 0.0005989 seconds
[2019-10-14T07:30:01.724+0000][1][safepoint    ] Application time: 0.0003833 seconds
[2019-10-14T07:30:01.725+0000][1][safepoint    ] Entering safepoint region: RevokeBias
[2019-10-14T07:30:01.726+0000][1][safepoint    ] Leaving safepoint region
[2019-10-14T07:30:01.731+0000][1][safepoint    ] Total time for which application threads were stopped: 0.0058570 seconds, Stopping threads took: 0.0005389 seconds
[2019-10-14T07:30:02.733+0000][1][safepoint    ] Application time: 1.0008243 seconds
[2019-10-14T07:30:02.733+0000][1][safepoint    ] Entering safepoint region: Cleanup
[2019-10-14T07:30:02.734+0000][1][safepoint    ] Leaving safepoint region
[2019-10-14T07:30:02.734+0000][1][safepoint    ] Total time for which application threads were stopped: 0.0007114 seconds, Stopping threads took: 0.0002998 seconds
[2019-10-14T07:30:03.737+0000][1][safepoint    ] Application time: 1.0028444 seconds
[2019-10-14T07:30:03.739+0000][1][safepoint    ] Entering safepoint region: Cleanup
[2019-10-14T07:30:03.740+0000][1][safepoint    ] Leaving safepoint region
[2019-10-14T07:30:03.742+0000][1][safepoint    ] Total time for which application threads were stopped: 0.0029122 seconds, Stopping threads took: 0.0005720 seconds
[2019-10-14T07:30:04.314+0000][1][safepoint    ] Application time: 0.5930547 seconds
[2019-10-14T07:30:04.315+0000][1][safepoint    ] Entering safepoint region: RevokeBias
[2019-10-14T07:30:04.316+0000][1][safepoint    ] Leaving safepoint region
[2019-10-14T07:30:04.316+0000][1][safepoint    ] Total time for which application threads were stopped: 0.0009113 seconds, Stopping threads took: 0.0005053 seconds
[2019-10-14T07:30:04.316+0000][1][safepoint    ] Application time: 0.0001755 seconds
[2019-10-14T07:30:04.317+0000][1][safepoint    ] Entering safepoint region: RevokeBias
[2019-10-14T07:30:04.317+0000][1][safepoint    ] Leaving safepoint region
[2019-10-14T07:30:04.317+0000][1][safepoint    ] Total time for which application threads were stopped: 0.0006774 seconds, Stopping threads took: 0.0002747 seconds
[2019-10-14T07:30:04.318+0000][1][safepoint    ] Application time: 0.0001395 seconds
[2019-10-14T07:30:04.318+0000][1][safepoint    ] Entering safepoint region: RevokeBias
[2019-10-14T07:30:04.319+0000][1][safepoint    ] Leaving safepoint region
[2019-10-14T07:30:04.319+0000][1][safepoint    ] Total time for which application threads were stopped: 0.0007012 seconds, Stopping threads took: 0.0003240 seconds
[2019-10-14T07:30:05.243+0000][1][safepoint    ] Application time: 0.9235634 seconds
[2019-10-14T07:30:05.244+0000][1][safepoint    ] Entering safepoint region: RevokeBias
[2019-10-14T07:30:05.245+0000][1][safepoint    ] Leaving safepoint region
[2019-10-14T07:30:05.245+0000][1][safepoint    ] Total time for which application threads were stopped: 0.0012038 seconds, Stopping threads took: 0.0005113 seconds
[2019-10-14T07:30:06.246+0000][1][safepoint    ] Application time: 1.0004674 seconds
[2019-10-14T07:30:06.247+0000][1][safepoint    ] Entering safepoint region: Cleanup
[2019-10-14T07:30:06.247+0000][1][safepoint    ] Leaving safepoint region
[2019-10-14T07:30:06.248+0000][1][safepoint    ] Total time for which application threads were stopped: 0.0009114 seconds, Stopping threads took: 0.0003706 seconds
[2019-10-14T07:30:07.248+0000][1][safepoint    ] Application time: 1.0004780 seconds
[2019-10-14T07:30:07.254+0000][1][safepoint    ] Entering safepoint region: Cleanup
[2019-10-14T07:30:07.254+0000][1][safepoint    ] Leaving safepoint region
[2019-10-14T07:30:07.255+0000][1][safepoint    ] Total time for which application threads were stopped: 0.0010164 seconds, Stopping threads took: 0.0004992 seconds
[2019-10-14T07:30:08.264+0000][1][safepoint    ] Application time: 1.0087648 seconds
[2019-10-14T07:30:08.655+0000][1][safepoint    ] Entering safepoint region: Cleanup
[2019-10-14T07:30:08.663+0000][1][safepoint    ] Leaving safepoint region
[2019-10-14T07:30:08.664+0000][1][safepoint    ] Total time for which application threads were stopped: 0.2999801 seconds, Stopping threads took: 0.2977066 seconds
[2019-10-14T07:30:09.666+0000][1][safepoint    ] Application time: 1.0005246 seconds
[2019-10-14T07:30:09.711+0000][1][safepoint    ] Entering safepoint region: Cleanup
[2019-10-14T07:30:09.718+0000][1][safepoint    ] Leaving safepoint region
[2019-10-14T07:30:09.878+0000][1][safepoint    ] Total time for which application threads were stopped: 0.1817153 seconds, Stopping threads took: 0.0212762 seconds
[2019-10-14T07:30:10.988+0000][1][safepoint    ] Application time: 1.0998085 seconds
[2019-10-14T07:30:11.005+0000][1][safepoint    ] Entering safepoint region: Cleanup
[2019-10-14T07:30:11.006+0000][1][safepoint    ] Leaving safepoint region
[2019-10-14T07:30:11.007+0000][1][safepoint    ] Total time for which application threads were stopped: 0.0015575 seconds, Stopping threads took: 0.0007645 seconds
[2019-10-14T07:30:12.119+0000][1][safepoint    ] Application time: 1.0024325 seconds
[2019-10-14T07:30:12.121+0000][1][safepoint    ] Entering safepoint region: Cleanup
[2019-10-14T07:30:12.122+0000][1][safepoint    ] Leaving safepoint region
[2019-10-14T07:30:12.122+0000][1][safepoint    ] Total time for which application threads were stopped: 0.0008688 seconds, Stopping threads took: 0.0004515 seconds
[2019-10-14T07:30:13.127+0000][1][safepoint    ] Application time: 1.0043631 seconds
[2019-10-14T07:30:13.127+0000][1][safepoint    ] Entering safepoint region: Cleanup
[2019-10-14T07:30:13.128+0000][1][safepoint    ] Leaving safepoint region
[2019-10-14T07:30:13.128+0000][1][safepoint    ] Total time for which application threads were stopped: 0.0006432 seconds, Stopping threads took: 0.0002689 seconds
[2019-10-14T07:30:14.130+0000][1][safepoint    ] Application time: 1.0014109 seconds
[2019-10-14T07:30:14.130+0000][1][safepoint    ] Entering safepoint region: Cleanup
[2019-10-14T07:30:14.131+0000][1][safepoint    ] Leaving safepoint region
[2019-10-14T07:30:14.131+0000][1][safepoint    ] Total time for which application threads were stopped: 0.0012329 seconds, Stopping threads took: 0.0005258 seconds
[2019-10-14T07:30:14.315+0000][1][safepoint    ] Application time: 0.1831833 seconds
[2019-10-14T07:30:14.315+0000][1][safepoint    ] Entering safepoint region: RevokeBias
[2019-10-14T07:30:14.316+0000][1][safepoint    ] Leaving safepoint region
[2019-10-14T07:30:14.316+0000][1][safepoint    ] Total time for which application threads were stopped: 0.0009209 seconds, Stopping threads took: 0.0004137 seconds
[2019-10-14T07:30:15.317+0000][1][safepoint    ] Application time: 1.0004532 seconds
[2019-10-14T07:30:15.317+0000][1][safepoint    ] Entering safepoint region: Cleanup
[2019-10-14T07:30:15.318+0000][1][safepoint    ] Leaving safepoint region
[2019-10-14T07:30:15.318+0000][1][safepoint    ] Total time for which application threads were stopped: 0.0007965 seconds, Stopping threads took: 0.0003264 seconds
[2019-10-14T07:30:16.370+0000][1][safepoint    ] Application time: 1.0511189 seconds
[2019-10-14T07:30:16.370+0000][1][safepoint    ] Entering safepoint region: Cleanup
[2019-10-14T07:30:16.371+0000][1][safepoint    ] Leaving safepoint region
[2019-10-14T07:30:16.372+0000][1][safepoint    ] Total time for which application threads were stopped: 0.0012567 seconds, Stopping threads took: 0.0005513 seconds
[2019-10-14T07:30:17.374+0000][1][safepoint    ] Application time: 1.0015194 seconds
[2019-10-14T07:30:17.375+0000][1][safepoint    ] Entering safepoint region: Cleanup
[2019-10-14T07:30:17.376+0000][1][safepoint    ] Leaving safepoint region
[2019-10-14T07:30:17.377+0000][1][safepoint    ] Total time for which application threads were stopped: 0.0021030 seconds, Stopping threads took: 0.0011594 seconds
[2019-10-14T07:30:18.379+0000][1][safepoint    ] Application time: 1.0002226 seconds
[2019-10-14T07:30:18.379+0000][1][safepoint    ] Entering safepoint region: Cleanup
[2019-10-14T07:30:18.380+0000][1][safepoint    ] Leaving safepoint region
[2019-10-14T07:30:18.381+0000][1][safepoint    ] Total time for which application threads were stopped: 0.0011137 seconds, Stopping threads took: 0.0004412 seconds
[2019-10-14T07:30:19.382+0000][1][safepoint    ] Application time: 1.0010947 seconds
[2019-10-14T07:30:19.385+0000][1][safepoint    ] Entering safepoint region: Cleanup
[2019-10-14T07:30:19.387+0000][1][safepoint    ] Leaving safepoint region
[2019-10-14T07:30:19.388+0000][1][safepoint    ] Total time for which application threads were stopped: 0.0029817 seconds, Stopping threads took: 0.0019965 seconds
[2019-10-14T07:30:20.389+0000][1][safepoint    ] Application time: 1.0001150 seconds
[2019-10-14T07:30:20.389+0000][1][safepoint    ] Entering safepoint region: Cleanup
[2019-10-14T07:30:20.390+0000][1][safepoint    ] Leaving safepoint region
[2019-10-14T07:30:20.390+0000][1][safepoint    ] Total time for which application threads were stopped: 0.0011169 seconds, Stopping threads took: 0.0004800 seconds
[2019-10-14T07:30:21.392+0000][1][safepoint    ] Application time: 1.0012587 seconds
[2019-10-14T07:30:21.393+0000][1][safepoint    ] Entering safepoint region: Cleanup
[2019-10-14T07:30:21.394+0000][1][safepoint    ] Leaving safepoint region
[2019-10-14T07:30:21.395+0000][1][safepoint    ] Total time for which application threads were stopped: 0.0018578 seconds, Stopping threads took: 0.0007672 seconds
[2019-10-14T07:30:22.396+0000][1][safepoint    ] Application time: 1.0005190 seconds
[2019-10-14T07:30:22.397+0000][1][safepoint    ] Entering safepoint region: Cleanup
[2019-10-14T07:30:22.397+0000][1][safepoint    ] Leaving safepoint region
[2019-10-14T07:30:22.398+0000][1][safepoint    ] Total time for which application threads were stopped: 0.0012284 seconds, Stopping threads took: 0.0004763 seconds
[2019-10-14T07:30:23.399+0000][1][safepoint    ] Application time: 1.0010705 seconds
[2019-10-14T07:30:23.400+0000][1][safepoint    ] Entering safepoint region: Cleanup
[2019-10-14T07:30:23.401+0000][1][safepoint    ] Leaving safepoint region
[2019-10-14T07:30:23.401+0000][1][safepoint    ] Total time for which application threads were stopped: 0.0012820 seconds, Stopping threads took: 0.0006276 seconds
[2019-10-14T07:30:24.412+0000][1][safepoint    ] Application time: 1.0100862 seconds
[2019-10-14T07:30:24.418+0000][1][safepoint    ] Entering safepoint region: Cleanup
[2019-10-14T07:30:24.429+0000][1][safepoint    ] Leaving safepoint region
[2019-10-14T07:30:24.432+0000][1][safepoint    ] Total time for which application threads were stopped: 0.0146997 seconds, Stopping threads took: 0.0111127 seconds
[2019-10-14T07:30:25.434+0000][1][safepoint    ] Application time: 1.0001749 seconds
[2019-10-14T07:30:25.434+0000][1][safepoint    ] Entering safepoint region: Cleanup
[2019-10-14T07:30:25.435+0000][1][safepoint    ] Leaving safepoint region
[2019-10-14T07:30:25.435+0000][1][safepoint    ] Total time for which application threads were stopped: 0.0008033 seconds, Stopping threads took: 0.0003336 seconds
[2019-10-14T07:30:26.436+0000][1][safepoint    ] Application time: 1.0003363 seconds
[2019-10-14T07:30:26.437+0000][1][safepoint    ] Entering safepoint region: Cleanup
[2019-10-14T07:30:26.437+0000][1][safepoint    ] Leaving safepoint region
[2019-10-14T07:30:26.438+0000][1][safepoint    ] Total time for which application threads were stopped: 0.0010271 seconds, Stopping threads took: 0.0005000 seconds
[2019-10-14T07:30:27.439+0000][1][safepoint    ] Application time: 1.0002244 seconds
[2019-10-14T07:30:27.439+0000][1][safepoint    ] Entering safepoint region: Cleanup
[2019-10-14T07:30:27.440+0000][1][safepoint    ] Leaving safepoint region
[2019-10-14T07:30:27.440+0000][1][safepoint    ] Total time for which application threads were stopped: 0.0011241 seconds, Stopping threads took: 0.0005123 seconds
[2019-10-14T07:30:28.441+0000][1][safepoint    ] Application time: 1.0004133 seconds
[2019-10-14T07:30:28.446+0000][1][safepoint    ] Entering safepoint region: Cleanup
[2019-10-14T07:30:28.447+0000][1][safepoint    ] Leaving safepoint region
[2019-10-14T07:30:28.448+0000][1][safepoint    ] Total time for which application threads were stopped: 0.0023736 seconds, Stopping threads took: 0.0010747 seconds
[2019-10-14T07:30:29.457+0000][1][safepoint    ] Application time: 1.0073012 seconds
[2019-10-14T07:30:29.469+0000][1][safepoint    ] Entering safepoint region: Cleanup
[2019-10-14T07:30:29.470+0000][1][safepoint    ] Leaving safepoint region
[2019-10-14T07:30:29.471+0000][1][safepoint    ] Total time for which application threads were stopped: 0.0020109 seconds, Stopping threads took: 0.0012043 seconds
[2019-10-14T07:30:30.472+0000][1][safepoint    ] Application time: 1.0002172 seconds
[2019-10-14T07:30:30.473+0000][1][safepoint    ] Entering safepoint region: Cleanup
[2019-10-14T07:30:30.473+0000][1][safepoint    ] Leaving safepoint region
[2019-10-14T07:30:30.474+0000][1][safepoint    ] Total time for which application threads were stopped: 0.0010711 seconds, Stopping threads took: 0.0004013 seconds
[2019-10-14T07:30:31.476+0000][1][safepoint    ] Application time: 1.0013213 seconds
[2019-10-14T07:30:31.479+0000][1][safepoint    ] Entering safepoint region: Cleanup
[2019-10-14T07:30:31.487+0000][1][safepoint    ] Leaving safepoint region
[2019-10-14T07:30:31.487+0000][1][safepoint    ] Total time for which application threads were stopped: 0.0084941 seconds, Stopping threads took: 0.0024164 seconds
[2019-10-14T07:30:32.490+0000][1][safepoint    ] Application time: 1.0018255 seconds
[2019-10-14T07:30:32.490+0000][1][safepoint    ] Entering safepoint region: Cleanup
[2019-10-14T07:30:32.491+0000][1][safepoint    ] Leaving safepoint region
[2019-10-14T07:30:32.491+0000][1][safepoint    ] Total time for which application threads were stopped: 0.0009285 seconds, Stopping threads took: 0.0005579 seconds
[2019-10-14T07:30:33.493+0000][1][safepoint    ] Application time: 1.0017584 seconds
[2019-10-14T07:30:33.494+0000][1][safepoint    ] Entering safepoint region: Cleanup
[2019-10-14T07:30:33.494+0000][1][safepoint    ] Leaving safepoint region
[2019-10-14T07:30:33.494+0000][1][safepoint    ] Total time for which application threads were stopped: 0.0007515 seconds, Stopping threads took: 0.0003657 seconds
[2019-10-14T07:30:34.474+0000][1][safepoint    ] Application time: 1.0008802 seconds
[2019-10-14T07:30:34.475+0000][1][safepoint    ] Entering safepoint region: Cleanup
[2019-10-14T07:30:34.477+0000][1][safepoint    ] Leaving safepoint region
[2019-10-14T07:30:34.479+0000][1][safepoint    ] Total time for which application threads were stopped: 0.0041484 seconds, Stopping threads took: 0.0015037 seconds
[2019-10-14T07:30:35.481+0000][1][safepoint    ] Application time: 1.0011569 seconds
[2019-10-14T07:30:35.482+0000][1][safepoint    ] Entering safepoint region: Cleanup
[2019-10-14T07:30:35.483+0000][1][safepoint    ] Leaving safepoint region
[2019-10-14T07:30:35.483+0000][1][safepoint    ] Total time for which application threads were stopped: 0.0009489 seconds, Stopping threads took: 0.0005205 seconds
[2019-10-14T07:30:36.487+0000][1][safepoint    ] Application time: 1.0038101 seconds
[2019-10-14T07:30:36.488+0000][1][safepoint    ] Entering safepoint region: Cleanup
[2019-10-14T07:30:36.488+0000][1][safepoint    ] Leaving safepoint region
[2019-10-14T07:30:36.488+0000][1][safepoint    ] Total time for which application threads were stopped: 0.0008724 seconds, Stopping threads took: 0.0004624 seconds
[2019-10-14T07:30:37.491+0000][1][safepoint    ] Application time: 1.0020712 seconds
[2019-10-14T07:30:37.493+0000][1][safepoint    ] Entering safepoint region: Cleanup
[2019-10-14T07:30:37.499+0000][1][safepoint    ] Leaving safepoint region
[2019-10-14T07:30:37.503+0000][1][safepoint    ] Total time for which application threads were stopped: 0.0090640 seconds, Stopping threads took: 0.0057520 seconds
[2019-10-14T07:30:38.506+0000][1][safepoint    ] Application time: 1.0001640 seconds
[2019-10-14T07:30:38.506+0000][1][safepoint    ] Entering safepoint region: Cleanup
[2019-10-14T07:30:38.507+0000][1][safepoint    ] Leaving safepoint region
[2019-10-14T07:30:38.507+0000][1][safepoint    ] Total time for which application threads were stopped: 0.0011164 seconds, Stopping threads took: 0.0005080 seconds
[2019-10-14T07:30:39.510+0000][1][safepoint    ] Application time: 1.0026224 seconds
[2019-10-14T07:30:39.511+0000][1][safepoint    ] Entering safepoint region: Cleanup
[2019-10-14T07:30:39.512+0000][1][safepoint    ] Leaving safepoint region
[2019-10-14T07:30:39.512+0000][1][safepoint    ] Total time for which application threads were stopped: 0.0012797 seconds, Stopping threads took: 0.0009243 seconds
[2019-10-14T07:30:40.515+0000][1][safepoint    ] Application time: 1.0026933 seconds
[2019-10-14T07:30:40.515+0000][1][safepoint    ] Entering safepoint region: Cleanup
[2019-10-14T07:30:40.516+0000][1][safepoint    ] Leaving safepoint region
[2019-10-14T07:30:40.517+0000][1][safepoint    ] Total time for which application threads were stopped: 0.0011142 seconds, Stopping threads took: 0.0004453 seconds
[2019-10-14T07:30:41.517+0000][1][safepoint    ] Application time: 1.0001606 seconds
[2019-10-14T07:30:41.518+0000][1][safepoint    ] Entering safepoint region: Cleanup
[2019-10-14T07:30:41.518+0000][1][safepoint    ] Leaving safepoint region
[2019-10-14T07:30:41.518+0000][1][safepoint    ] Total time for which application threads were stopped: 0.0005905 seconds, Stopping threads took: 0.0002576 seconds
[2019-10-14T07:30:42.519+0000][1][safepoint    ] Application time: 1.0002177 seconds
[2019-10-14T07:30:42.519+0000][1][safepoint    ] Entering safepoint region: Cleanup
[2019-10-14T07:30:42.520+0000][1][safepoint    ] Leaving safepoint region
[2019-10-14T07:30:42.520+0000][1][safepoint    ] Total time for which application threads were stopped: 0.0006929 seconds, Stopping threads took: 0.0003178 seconds
[2019-10-14T07:30:43.521+0000][1][safepoint    ] Application time: 1.0004632 seconds
[2019-10-14T07:30:43.521+0000][1][safepoint    ] Entering safepoint region: Cleanup
[2019-10-14T07:30:43.522+0000][1][safepoint    ] Leaving safepoint region
[2019-10-14T07:30:43.523+0000][1][safepoint    ] Total time for which application threads were stopped: 0.0013464 seconds, Stopping threads took: 0.0008237 seconds
[2019-10-14T07:30:44.523+0000][1][safepoint    ] Application time: 1.0002194 seconds
[2019-10-14T07:30:44.524+0000][1][safepoint    ] Entering safepoint region: Cleanup
[2019-10-14T07:30:44.524+0000][1][safepoint    ] Leaving safepoint region
[2019-10-14T07:30:44.525+0000][1][safepoint    ] Total time for which application threads were stopped: 0.0011562 seconds, Stopping threads took: 0.0004953 seconds
[2019-10-14T07:30:45.525+0000][1][safepoint    ] Application time: 1.0003332 seconds
[2019-10-14T07:30:45.526+0000][1][safepoint    ] Entering safepoint region: Cleanup
[2019-10-14T07:30:45.526+0000][1][safepoint    ] Leaving safepoint region
[2019-10-14T07:30:45.527+0000][1][safepoint    ] Total time for which application threads were stopped: 0.0010058 seconds, Stopping threads took: 0.0004002 seconds
[2019-10-14T07:30:46.530+0000][1][safepoint    ] Application time: 1.0023920 seconds
[2019-10-14T07:30:46.530+0000][1][safepoint    ] Entering safepoint region: Cleanup
[2019-10-14T07:30:46.531+0000][1][safepoint    ] Leaving safepoint region
[2019-10-14T07:30:46.531+0000][1][safepoint    ] Total time for which application threads were stopped: 0.0007723 seconds, Stopping threads took: 0.0003068 seconds
[2019-10-14T07:30:47.531+0000][1][safepoint    ] Application time: 1.0001954 seconds
[2019-10-14T07:30:47.532+0000][1][safepoint    ] Entering safepoint region: Cleanup
[2019-10-14T07:30:47.532+0000][1][safepoint    ] Leaving safepoint region
[2019-10-14T07:30:47.533+0000][1][safepoint    ] Total time for which application threads were stopped: 0.0006655 seconds, Stopping threads took: 0.0003289 seconds
[2019-10-14T07:30:48.533+0000][1][safepoint    ] Application time: 1.0003608 seconds
[2019-10-14T07:30:48.536+0000][1][safepoint    ] Entering safepoint region: Cleanup
[2019-10-14T07:30:48.539+0000][1][safepoint    ] Leaving safepoint region
[2019-10-14T07:30:48.541+0000][1][safepoint    ] Total time for which application threads were stopped: 0.0059167 seconds, Stopping threads took: 0.0036633 seconds
[2019-10-14T07:30:49.547+0000][1][safepoint    ] Application time: 1.0044600 seconds
[2019-10-14T07:30:49.548+0000][1][safepoint    ] Entering safepoint region: Cleanup
[2019-10-14T07:30:49.548+0000][1][safepoint    ] Leaving safepoint region
[2019-10-14T07:30:49.549+0000][1][safepoint    ] Total time for which application threads were stopped: 0.0008829 seconds, Stopping threads took: 0.0003983 seconds
[2019-10-14T07:30:50.551+0000][1][safepoint    ] Application time: 1.0018376 seconds
[2019-10-14T07:30:50.552+0000][1][safepoint    ] Entering safepoint region: Cleanup
[2019-10-14T07:30:50.552+0000][1][safepoint    ] Leaving safepoint region
[2019-10-14T07:30:50.553+0000][1][safepoint    ] Total time for which application threads were stopped: 0.0013743 seconds, Stopping threads took: 0.0005532 seconds
[2019-10-14T07:30:51.554+0000][1][safepoint    ] Application time: 1.0004116 seconds
[2019-10-14T07:30:51.555+0000][1][safepoint    ] Entering safepoint region: Cleanup
[2019-10-14T07:30:51.556+0000][1][safepoint    ] Leaving safepoint region
[2019-10-14T07:30:51.556+0000][1][safepoint    ] Total time for which application threads were stopped: 0.0012225 seconds, Stopping threads took: 0.0003668 seconds
[2019-10-14T07:30:52.557+0000][1][safepoint    ] Application time: 1.0004899 seconds
[2019-10-14T07:30:52.559+0000][1][safepoint    ] Entering safepoint region: Cleanup
[2019-10-14T07:30:52.560+0000][1][safepoint    ] Leaving safepoint region
[2019-10-14T07:30:52.560+0000][1][safepoint    ] Total time for which application threads were stopped: 0.0007114 seconds, Stopping threads took: 0.0003420 seconds
[2019-10-14T07:30:53.560+0000][1][safepoint    ] Application time: 1.0002632 seconds
[2019-10-14T07:30:53.561+0000][1][safepoint    ] Entering safepoint region: Cleanup
[2019-10-14T07:30:53.562+0000][1][safepoint    ] Leaving safepoint region
[2019-10-14T07:30:53.562+0000][1][safepoint    ] Total time for which application threads were stopped: 0.0008736 seconds, Stopping threads took: 0.0004169 seconds
[2019-10-14T07:30:54.562+0000][1][safepoint    ] Application time: 1.0001940 seconds
[2019-10-14T07:30:54.563+0000][1][safepoint    ] Entering safepoint region: Cleanup
[2019-10-14T07:30:54.564+0000][1][safepoint    ] Leaving safepoint region
[2019-10-14T07:30:54.564+0000][1][safepoint    ] Total time for which application threads were stopped: 0.0010278 seconds, Stopping threads took: 0.0005477 seconds
[2019-10-14T07:30:55.565+0000][1][safepoint    ] Application time: 1.0004004 seconds
[2019-10-14T07:30:55.565+0000][1][safepoint    ] Entering safepoint region: Cleanup
[2019-10-14T07:30:55.566+0000][1][safepoint    ] Leaving safepoint region
[2019-10-14T07:30:55.566+0000][1][safepoint    ] Total time for which application threads were stopped: 0.0009429 seconds, Stopping threads took: 0.0004866 seconds
[2019-10-14T07:30:56.568+0000][1][safepoint    ] Application time: 1.0010330 seconds
[2019-10-14T07:30:56.568+0000][1][safepoint    ] Entering safepoint region: Cleanup
[2019-10-14T07:30:56.569+0000][1][safepoint    ] Leaving safepoint region
[2019-10-14T07:30:56.569+0000][1][safepoint    ] Total time for which application threads were stopped: 0.0008336 seconds, Stopping threads took: 0.0004082 seconds
[2019-10-14T07:30:57.570+0000][1][safepoint    ] Application time: 1.0003592 seconds
[2019-10-14T07:30:57.570+0000][1][safepoint    ] Entering safepoint region: Cleanup
[2019-10-14T07:30:57.571+0000][1][safepoint    ] Leaving safepoint region
[2019-10-14T07:30:57.571+0000][1][safepoint    ] Total time for which application threads were stopped: 0.0006571 seconds, Stopping threads took: 0.0003205 seconds
[2019-10-14T07:30:58.572+0000][1][safepoint    ] Application time: 1.0012208 seconds
[2019-10-14T07:30:58.573+0000][1][safepoint    ] Entering safepoint region: Cleanup
[2019-10-14T07:30:58.573+0000][1][safepoint    ] Leaving safepoint region
[2019-10-14T07:30:58.574+0000][1][safepoint    ] Total time for which application threads were stopped: 0.0009277 seconds, Stopping threads took: 0.0004577 seconds
[2019-10-14T07:30:59.576+0000][1][safepoint    ] Application time: 1.0015167 seconds
[2019-10-14T07:30:59.581+0000][1][safepoint    ] Entering safepoint region: Cleanup
[2019-10-14T07:30:59.582+0000][1][safepoint    ] Leaving safepoint region
[2019-10-14T07:30:59.582+0000][1][safepoint    ] Total time for which application threads were stopped: 0.0009584 seconds, Stopping threads took: 0.0004325 seconds
[2019-10-14T07:31:00.583+0000][1][safepoint    ] Application time: 1.0002935 seconds
[2019-10-14T07:31:00.584+0000][1][safepoint    ] Entering safepoint region: Cleanup
[2019-10-14T07:31:00.585+0000][1][safepoint    ] Leaving safepoint region
[2019-10-14T07:31:00.585+0000][1][safepoint    ] Total time for which application threads were stopped: 0.0008228 seconds, Stopping threads took: 0.0004256 seconds
[2019-10-14T07:31:01.586+0000][1][safepoint    ] Application time: 1.0007961 seconds
[2019-10-14T07:31:01.587+0000][1][safepoint    ] Entering safepoint region: Cleanup
[2019-10-14T07:31:01.588+0000][1][safepoint    ] Leaving safepoint region
[2019-10-14T07:31:01.590+0000][1][safepoint    ] Total time for which application threads were stopped: 0.0026641 seconds, Stopping threads took: 0.0005355 seconds
[2019-10-14T07:31:02.593+0000][1][safepoint    ] Application time: 1.0030163 seconds
[2019-10-14T07:31:02.594+0000][1][safepoint    ] Entering safepoint region: Cleanup
[2019-10-14T07:31:02.594+0000][1][safepoint    ] Leaving safepoint region
[2019-10-14T07:31:02.595+0000][1][safepoint    ] Total time for which application threads were stopped: 0.0007595 seconds, Stopping threads took: 0.0002963 seconds
[2019-10-14T07:31:03.596+0000][1][safepoint    ] Application time: 1.0007987 seconds
[2019-10-14T07:31:03.597+0000][1][safepoint    ] Entering safepoint region: Cleanup
[2019-10-14T07:31:03.597+0000][1][safepoint    ] Leaving safepoint region
[2019-10-14T07:31:03.598+0000][1][safepoint    ] Total time for which application threads were stopped: 0.0009950 seconds, Stopping threads took: 0.0003998 seconds
[2019-10-14T07:31:04.578+0000][1][safepoint    ] Application time: 1.0016152 seconds
[2019-10-14T07:31:04.579+0000][1][safepoint    ] Entering safepoint region: Cleanup
[2019-10-14T07:31:04.579+0000][1][safepoint    ] Leaving safepoint region
[2019-10-14T07:31:04.580+0000][1][safepoint    ] Total time for which application threads were stopped: 0.0009422 seconds, Stopping threads took: 0.0004596 seconds
[2019-10-14T07:31:05.222+0000][1][safepoint    ] Application time: 0.6421780 seconds
[2019-10-14T07:31:05.223+0000][1][safepoint    ] Entering safepoint region: RevokeBias
[2019-10-14T07:31:05.223+0000][1][safepoint    ] Leaving safepoint region
[2019-10-14T07:31:05.223+0000][1][safepoint    ] Total time for which application threads were stopped: 0.0007315 seconds, Stopping threads took: 0.0003133 seconds
[2019-10-14T07:31:06.226+0000][1][safepoint    ] Application time: 1.0024814 seconds
[2019-10-14T07:31:06.227+0000][1][safepoint    ] Entering safepoint region: Cleanup
[2019-10-14T07:31:06.228+0000][1][safepoint    ] Leaving safepoint region
[2019-10-14T07:31:06.228+0000][1][safepoint    ] Total time for which application threads were stopped: 0.0012982 seconds, Stopping threads took: 0.0006301 seconds
[2019-10-14T07:31:07.233+0000][1][safepoint    ] Application time: 1.0041460 seconds
[2019-10-14T07:31:07.233+0000][1][safepoint    ] Entering safepoint region: Cleanup
[2019-10-14T07:31:07.234+0000][1][safepoint    ] Leaving safepoint region
[2019-10-14T07:31:07.236+0000][1][safepoint    ] Total time for which application threads were stopped: 0.0020865 seconds, Stopping threads took: 0.0005991 seconds
[2019-10-14T07:31:08.237+0000][1][safepoint    ] Application time: 1.0002811 seconds
[2019-10-14T07:31:08.237+0000][1][safepoint    ] Entering safepoint region: Cleanup
[2019-10-14T07:31:08.238+0000][1][safepoint    ] Leaving safepoint region
[2019-10-14T07:31:08.238+0000][1][safepoint    ] Total time for which application threads were stopped: 0.0010738 seconds, Stopping threads took: 0.0006083 seconds
[2019-10-14T07:31:09.239+0000][1][safepoint    ] Application time: 1.0003847 seconds
[2019-10-14T07:31:09.240+0000][1][safepoint    ] Entering safepoint region: Cleanup
[2019-10-14T07:31:09.241+0000][1][safepoint    ] Leaving safepoint region
[2019-10-14T07:31:09.241+0000][1][safepoint    ] Total time for which application threads were stopped: 0.0009945 seconds, Stopping threads took: 0.0004287 seconds
[2019-10-14T07:31:10.275+0000][1][safepoint    ] Application time: 1.0329019 seconds
[2019-10-14T07:31:10.278+0000][1][safepoint    ] Entering safepoint region: Cleanup
[2019-10-14T07:31:10.283+0000][1][safepoint    ] Leaving safepoint region
[2019-10-14T07:31:10.287+0000][1][safepoint    ] Total time for which application threads were stopped: 0.0097843 seconds, Stopping threads took: 0.0049735 seconds
[2019-10-14T07:31:11.290+0000][1][safepoint    ] Application time: 1.0002383 seconds
[2019-10-14T07:31:11.291+0000][1][safepoint    ] Entering safepoint region: Cleanup
[2019-10-14T07:31:11.291+0000][1][safepoint    ] Leaving safepoint region
[2019-10-14T07:31:11.292+0000][1][safepoint    ] Total time for which application threads were stopped: 0.0011678 seconds, Stopping threads took: 0.0004876 seconds
[2019-10-14T07:31:12.294+0000][1][safepoint    ] Application time: 1.0012634 seconds
[2019-10-14T07:31:12.294+0000][1][safepoint    ] Entering safepoint region: Cleanup
[2019-10-14T07:31:12.295+0000][1][safepoint    ] Leaving safepoint region
[2019-10-14T07:31:12.295+0000][1][safepoint    ] Total time for which application threads were stopped: 0.0009757 seconds, Stopping threads took: 0.0004146 seconds
[2019-10-14T07:31:13.298+0000][1][safepoint    ] Application time: 1.0021067 seconds
[2019-10-14T07:31:13.299+0000][1][safepoint    ] Entering safepoint region: Cleanup
[2019-10-14T07:31:13.300+0000][1][safepoint    ] Leaving safepoint region
[2019-10-14T07:31:13.300+0000][1][safepoint    ] Total time for which application threads were stopped: 0.0016763 seconds, Stopping threads took: 0.0008004 seconds
[2019-10-14T07:31:14.301+0000][1][safepoint    ] Application time: 1.0007313 seconds
[2019-10-14T07:31:14.302+0000][1][safepoint    ] Entering safepoint region: Cleanup
[2019-10-14T07:31:14.303+0000][1][safepoint    ] Leaving safepoint region
[2019-10-14T07:31:14.303+0000][1][safepoint    ] Total time for which application threads were stopped: 0.0011578 seconds, Stopping threads took: 0.0005072 seconds
[2019-10-14T07:31:15.043+0000][1][safepoint    ] Application time: 0.7390284 seconds
[2019-10-14T07:31:15.043+0000][1][safepoint    ] Entering safepoint region: GenCollectForAllocation
[2019-10-14T07:31:15.044+0000][1][gc,start     ] GC(32) Pause Young (Allocation Failure)
[2019-10-14T07:31:15.045+0000][1][gc,task      ] GC(32) Using 2 workers of 2 for evacuation
[2019-10-14T07:31:15.054+0000][1][gc,age       ] GC(32) Desired survivor size 4456448 bytes, new threshold 6 (max threshold 6)
[2019-10-14T07:31:15.054+0000][1][gc,age       ] GC(32) Age table with threshold 6 (max threshold 6)
[2019-10-14T07:31:15.055+0000][1][gc,age       ] GC(32) - age   1:     307976 bytes,     307976 total
[2019-10-14T07:31:15.055+0000][1][gc,age       ] GC(32) - age   2:      96600 bytes,     404576 total
[2019-10-14T07:31:15.056+0000][1][gc,age       ] GC(32) - age   3:       6016 bytes,     410592 total
[2019-10-14T07:31:15.056+0000][1][gc,age       ] GC(32) - age   4:      35472 bytes,     446064 total
[2019-10-14T07:31:15.056+0000][1][gc,age       ] GC(32) - age   5:     168960 bytes,     615024 total
[2019-10-14T07:31:15.057+0000][1][gc,age       ] GC(32) - age   6:     150560 bytes,     765584 total
[2019-10-14T07:31:15.057+0000][1][gc,heap      ] GC(32) ParNew: 72336K->1560K(78656K)
[2019-10-14T07:31:15.057+0000][1][gc,heap      ] GC(32) CMS: 73242K->74251K(174784K)
[2019-10-14T07:31:15.057+0000][1][gc,metaspace ] GC(32) Metaspace: 79836K->79836K(1122304K)
[2019-10-14T07:31:15.058+0000][1][gc           ] GC(32) Pause Young (Allocation Failure) 142M->74M(247M) 13.355ms
[2019-10-14T07:31:15.058+0000][1][gc,cpu       ] GC(32) User=0.02s Sys=0.00s Real=0.01s
[2019-10-14T07:31:15.058+0000][1][safepoint    ] Leaving safepoint region
[2019-10-14T07:31:15.059+0000][1][safepoint    ] Total time for which application threads were stopped: 0.0153324 seconds, Stopping threads took: 0.0006817 seconds
[2019-10-14T07:31:16.061+0000][1][safepoint    ] Application time: 1.0018126 seconds
[2019-10-14T07:31:16.062+0000][1][safepoint    ] Entering safepoint region: Cleanup
[2019-10-14T07:31:16.062+0000][1][safepoint    ] Leaving safepoint region
[2019-10-14T07:31:16.063+0000][1][safepoint    ] Total time for which application threads were stopped: 0.0012929 seconds, Stopping threads took: 0.0005558 seconds
[2019-10-14T07:31:17.933+0000][1][safepoint    ] Application time: 1.8693852 seconds
[2019-10-14T07:31:17.933+0000][1][safepoint    ] Entering safepoint region: RevokeBias
[2019-10-14T07:31:17.934+0000][1][safepoint    ] Leaving safepoint region
[2019-10-14T07:31:17.934+0000][1][safepoint    ] Total time for which application threads were stopped: 0.0008850 seconds, Stopping threads took: 0.0003521 seconds
[2019-10-14T07:31:17.935+0000][1][safepoint    ] Application time: 0.0002798 seconds
[2019-10-14T07:31:17.935+0000][1][safepoint    ] Entering safepoint region: RevokeBias
[2019-10-14T07:31:17.936+0000][1][safepoint    ] Leaving safepoint region
[2019-10-14T07:31:17.936+0000][1][safepoint    ] Total time for which application threads were stopped: 0.0009047 seconds, Stopping threads took: 0.0004549 seconds
[2019-10-14T07:31:18.939+0000][1][safepoint    ] Application time: 1.0025965 seconds
[2019-10-14T07:31:18.943+0000][1][safepoint    ] Entering safepoint region: Cleanup
[2019-10-14T07:31:18.947+0000][1][safepoint    ] Leaving safepoint region
[2019-10-14T07:31:18.952+0000][1][safepoint    ] Total time for which application threads were stopped: 0.0107026 seconds, Stopping threads took: 0.0060601 seconds
[2019-10-14T07:31:23.961+0000][1][safepoint    ] Application time: 5.0075071 seconds
[2019-10-14T07:31:23.962+0000][1][safepoint    ] Entering safepoint region: Cleanup
[2019-10-14T07:31:23.962+0000][1][safepoint    ] Leaving safepoint region
[2019-10-14T07:31:23.962+0000][1][safepoint    ] Total time for which application threads were stopped: 0.0007950 seconds, Stopping threads took: 0.0003830 seconds
[2019-10-14T07:31:24.963+0000][1][safepoint    ] Application time: 1.0001584 seconds
[2019-10-14T07:31:24.964+0000][1][safepoint    ] Entering safepoint region: Cleanup
[2019-10-14T07:31:24.964+0000][1][safepoint    ] Leaving safepoint region
[2019-10-14T07:31:24.965+0000][1][safepoint    ] Total time for which application threads were stopped: 0.0016776 seconds, Stopping threads took: 0.0006435 seconds
[2019-10-14T07:31:26.971+0000][1][safepoint    ] Application time: 2.0038693 seconds
[2019-10-14T07:31:26.971+0000][1][safepoint    ] Entering safepoint region: Cleanup
[2019-10-14T07:31:26.972+0000][1][safepoint    ] Leaving safepoint region
[2019-10-14T07:31:26.973+0000][1][safepoint    ] Total time for which application threads were stopped: 0.0014187 seconds, Stopping threads took: 0.0007325 seconds
[2019-10-14T07:31:30.975+0000][1][safepoint    ] Application time: 4.0016730 seconds
[2019-10-14T07:31:30.976+0000][1][safepoint    ] Entering safepoint region: Cleanup
[2019-10-14T07:31:30.977+0000][1][safepoint    ] Leaving safepoint region
[2019-10-14T07:31:30.979+0000][1][safepoint    ] Total time for which application threads were stopped: 0.0025758 seconds, Stopping threads took: 0.0010832 seconds
[2019-10-14T07:31:35.962+0000][1][safepoint    ] Application time: 5.0034504 seconds
[2019-10-14T07:31:35.962+0000][1][safepoint    ] Entering safepoint region: Cleanup
[2019-10-14T07:31:35.963+0000][1][safepoint    ] Leaving safepoint region
[2019-10-14T07:31:35.963+0000][1][safepoint    ] Total time for which application threads were stopped: 0.0011128 seconds, Stopping threads took: 0.0005644 seconds
[2019-10-14T07:31:39.966+0000][1][safepoint    ] Application time: 4.0024582 seconds
[2019-10-14T07:31:39.967+0000][1][safepoint    ] Entering safepoint region: Cleanup
[2019-10-14T07:31:39.968+0000][1][safepoint    ] Leaving safepoint region
[2019-10-14T07:31:39.969+0000][1][safepoint    ] Total time for which application threads were stopped: 0.0018430 seconds, Stopping threads took: 0.0007151 seconds
[2019-10-14T07:31:41.970+0000][1][safepoint    ] Application time: 2.0005767 seconds
[2019-10-14T07:31:41.970+0000][1][safepoint    ] Entering safepoint region: Cleanup
[2019-10-14T07:31:41.971+0000][1][safepoint    ] Leaving safepoint region
[2019-10-14T07:31:41.971+0000][1][safepoint    ] Total time for which application threads were stopped: 0.0009471 seconds, Stopping threads took: 0.0004414 seconds
[2019-10-14T07:31:46.976+0000][1][safepoint    ] Application time: 5.0044693 seconds
[2019-10-14T07:31:46.977+0000][1][safepoint    ] Entering safepoint region: Cleanup
[2019-10-14T07:31:46.978+0000][1][safepoint    ] Leaving safepoint region
[2019-10-14T07:31:46.979+0000][1][safepoint    ] Total time for which application threads were stopped: 0.0018300 seconds, Stopping threads took: 0.0011154 seconds
[2019-10-14T07:31:50.985+0000][1][safepoint    ] Application time: 4.0030804 seconds
[2019-10-14T07:31:50.985+0000][1][safepoint    ] Entering safepoint region: Cleanup
[2019-10-14T07:31:50.986+0000][1][safepoint    ] Leaving safepoint region
[2019-10-14T07:31:50.987+0000][1][safepoint    ] Total time for which application threads were stopped: 0.0011347 seconds, Stopping threads took: 0.0006555 seconds
[2019-10-14T07:32:00.998+0000][1][safepoint    ] Application time: 10.0107473 seconds
[2019-10-14T07:32:01.005+0000][1][safepoint    ] Entering safepoint region: Cleanup
[2019-10-14T07:32:01.006+0000][1][safepoint    ] Leaving safepoint region
[2019-10-14T07:32:01.006+0000][1][safepoint    ] Total time for which application threads were stopped: 0.0014153 seconds, Stopping threads took: 0.0006926 seconds
[2019-10-14T07:32:02.007+0000][1][safepoint    ] Application time: 1.0004196 seconds
[2019-10-14T07:32:02.008+0000][1][safepoint    ] Entering safepoint region: Cleanup
[2019-10-14T07:32:02.009+0000][1][safepoint    ] Leaving safepoint region
[2019-10-14T07:32:02.009+0000][1][safepoint    ] Total time for which application threads were stopped: 0.0011899 seconds, Stopping threads took: 0.0005913 seconds
[2019-10-14T07:32:03.750+0000][1][safepoint    ] Application time: 1.7402433 seconds
[2019-10-14T07:32:03.755+0000][1][safepoint    ] Entering safepoint region: RevokeBias
[2019-10-14T07:32:03.778+0000][1][safepoint    ] Leaving safepoint region
[2019-10-14T07:32:03.781+0000][1][safepoint    ] Total time for which application threads were stopped: 0.0268372 seconds, Stopping threads took: 0.0235915 seconds
[2019-10-14T07:32:03.790+0000][1][safepoint    ] Application time: 0.0034658 seconds
[2019-10-14T07:32:03.790+0000][1][safepoint    ] Entering safepoint region: RevokeBias
[2019-10-14T07:32:03.791+0000][1][safepoint    ] Leaving safepoint region
[2019-10-14T07:32:03.792+0000][1][safepoint    ] Total time for which application threads were stopped: 0.0017380 seconds, Stopping threads took: 0.0008232 seconds
[2019-10-14T07:32:03.800+0000][1][safepoint    ] Application time: 0.0068636 seconds
[2019-10-14T07:32:03.816+0000][1][safepoint    ] Entering safepoint region: RevokeBias
[2019-10-14T07:32:03.817+0000][1][safepoint    ] Leaving safepoint region
[2019-10-14T07:32:03.817+0000][1][safepoint    ] Total time for which application threads were stopped: 0.0170309 seconds, Stopping threads took: 0.0164773 seconds
[2019-10-14T07:32:03.818+0000][1][safepoint    ] Application time: 0.0002973 seconds
[2019-10-14T07:32:03.818+0000][1][safepoint    ] Entering safepoint region: RevokeBias
[2019-10-14T07:32:03.819+0000][1][safepoint    ] Leaving safepoint region
[2019-10-14T07:32:03.819+0000][1][safepoint    ] Total time for which application threads were stopped: 0.0007717 seconds, Stopping threads took: 0.0003086 seconds
[2019-10-14T07:32:03.822+0000][1][safepoint    ] Application time: 0.0023573 seconds
[2019-10-14T07:32:03.822+0000][1][safepoint    ] Entering safepoint region: RevokeBias
[2019-10-14T07:32:03.823+0000][1][safepoint    ] Leaving safepoint region
[2019-10-14T07:32:03.823+0000][1][safepoint    ] Total time for which application threads were stopped: 0.0008970 seconds, Stopping threads took: 0.0005483 seconds
[2019-10-14T07:32:03.824+0000][1][safepoint    ] Application time: 0.0007543 seconds
[2019-10-14T07:32:03.827+0000][1][safepoint    ] Entering safepoint region: RevokeBias
[2019-10-14T07:32:03.828+0000][1][safepoint    ] Leaving safepoint region
[2019-10-14T07:32:03.828+0000][1][safepoint    ] Total time for which application threads were stopped: 0.0034337 seconds, Stopping threads took: 0.0030840 seconds
[2019-10-14T07:32:03.829+0000][1][safepoint    ] Application time: 0.0011658 seconds
[2019-10-14T07:32:03.832+0000][1][safepoint    ] Entering safepoint region: RevokeBias
[2019-10-14T07:32:03.833+0000][1][safepoint    ] Leaving safepoint region
[2019-10-14T07:32:03.833+0000][1][safepoint    ] Total time for which application threads were stopped: 0.0033429 seconds, Stopping threads took: 0.0028027 seconds
[2019-10-14T07:32:03.836+0000][1][safepoint    ] Application time: 0.0027548 seconds
[2019-10-14T07:32:03.818+0000][1][safepoint    ] Entering safepoint region: RevokeBias
[2019-10-14T07:32:03.823+0000][1][safepoint    ] Leaving safepoint region
[2019-10-14T07:32:03.824+0000][1][safepoint    ] Total time for which application threads were stopped: 0.0082336 seconds, Stopping threads took: 0.0038251 seconds
[2019-10-14T07:32:04.061+0000][1][safepoint    ] Application time: 0.2366174 seconds
[2019-10-14T07:32:04.061+0000][1][safepoint    ] Entering safepoint region: RevokeBias
[2019-10-14T07:32:04.062+0000][1][safepoint    ] Leaving safepoint region
[2019-10-14T07:32:04.062+0000][1][safepoint    ] Total time for which application threads were stopped: 0.0006750 seconds, Stopping threads took: 0.0003354 seconds
[2019-10-14T07:32:04.063+0000][1][safepoint    ] Application time: 0.0008546 seconds
[2019-10-14T07:32:04.063+0000][1][safepoint    ] Entering safepoint region: RevokeBias
[2019-10-14T07:32:04.064+0000][1][safepoint    ] Leaving safepoint region
[2019-10-14T07:32:04.064+0000][1][safepoint    ] Total time for which application threads were stopped: 0.0005678 seconds, Stopping threads took: 0.0002658 seconds
[2019-10-14T07:32:04.065+0000][1][safepoint    ] Application time: 0.0013457 seconds
[2019-10-14T07:32:04.066+0000][1][safepoint    ] Entering safepoint region: RevokeBias
[2019-10-14T07:32:04.067+0000][1][safepoint    ] Leaving safepoint region
[2019-10-14T07:32:04.069+0000][1][safepoint    ] Total time for which application threads were stopped: 0.0035947 seconds, Stopping threads took: 0.0011884 seconds
[2019-10-14T07:32:04.071+0000][1][safepoint    ] Application time: 0.0011272 seconds
[2019-10-14T07:32:04.073+0000][1][safepoint    ] Entering safepoint region: RevokeBias
[2019-10-14T07:32:04.073+0000][1][safepoint    ] Leaving safepoint region
[2019-10-14T07:32:04.074+0000][1][safepoint    ] Total time for which application threads were stopped: 0.0010067 seconds, Stopping threads took: 0.0004589 seconds
[2019-10-14T07:32:04.077+0000][1][safepoint    ] Application time: 0.0026409 seconds
[2019-10-14T07:32:04.077+0000][1][safepoint    ] Entering safepoint region: RevokeBias
[2019-10-14T07:32:04.078+0000][1][safepoint    ] Leaving safepoint region
[2019-10-14T07:32:04.078+0000][1][safepoint    ] Total time for which application threads were stopped: 0.0005578 seconds, Stopping threads took: 0.0002539 seconds
[2019-10-14T07:32:04.078+0000][1][safepoint    ] Application time: 0.0002165 seconds
[2019-10-14T07:32:04.080+0000][1][safepoint    ] Entering safepoint region: RevokeBias
[2019-10-14T07:32:04.080+0000][1][safepoint    ] Leaving safepoint region
[2019-10-14T07:32:04.081+0000][1][safepoint    ] Total time for which application threads were stopped: 0.0009166 seconds, Stopping threads took: 0.0004223 seconds
[2019-10-14T07:32:04.082+0000][1][safepoint    ] Application time: 0.0008971 seconds
[2019-10-14T07:32:04.082+0000][1][safepoint    ] Entering safepoint region: RevokeBias
[2019-10-14T07:32:04.083+0000][1][safepoint    ] Leaving safepoint region
[2019-10-14T07:32:04.083+0000][1][safepoint    ] Total time for which application threads were stopped: 0.0008713 seconds, Stopping threads took: 0.0003671 seconds
[2019-10-14T07:32:04.085+0000][1][safepoint    ] Application time: 0.0012895 seconds
[2019-10-14T07:32:04.088+0000][1][safepoint    ] Entering safepoint region: RevokeBias
[2019-10-14T07:32:04.089+0000][1][safepoint    ] Leaving safepoint region
[2019-10-14T07:32:04.089+0000][1][safepoint    ] Total time for which application threads were stopped: 0.0012450 seconds, Stopping threads took: 0.0008209 seconds
[2019-10-14T07:32:04.095+0000][1][safepoint    ] Application time: 0.0054781 seconds
[2019-10-14T07:32:04.098+0000][1][safepoint    ] Entering safepoint region: RevokeBias
[2019-10-14T07:32:04.102+0000][1][safepoint    ] Leaving safepoint region
[2019-10-14T07:32:04.109+0000][1][safepoint    ] Total time for which application threads were stopped: 0.0109952 seconds, Stopping threads took: 0.0035498 seconds
[2019-10-14T07:32:04.110+0000][1][safepoint    ] Application time: 0.0007671 seconds
[2019-10-14T07:32:04.115+0000][1][safepoint    ] Entering safepoint region: RevokeBias
[2019-10-14T07:32:04.115+0000][1][safepoint    ] Leaving safepoint region
[2019-10-14T07:32:04.116+0000][1][safepoint    ] Total time for which application threads were stopped: 0.0048223 seconds, Stopping threads took: 0.0042616 seconds
[2019-10-14T07:32:04.120+0000][1][safepoint    ] Application time: 0.0040438 seconds
[2019-10-14T07:32:04.121+0000][1][safepoint    ] Entering safepoint region: RevokeBias
[2019-10-14T07:32:04.121+0000][1][safepoint    ] Leaving safepoint region
[2019-10-14T07:32:04.121+0000][1][safepoint    ] Total time for which application threads were stopped: 0.0006438 seconds, Stopping threads took: 0.0003114 seconds
[2019-10-14T07:32:04.123+0000][1][safepoint    ] Application time: 0.0012155 seconds
[2019-10-14T07:32:04.123+0000][1][safepoint    ] Entering safepoint region: RevokeBias
[2019-10-14T07:32:04.124+0000][1][safepoint    ] Leaving safepoint region
[2019-10-14T07:32:04.125+0000][1][safepoint    ] Total time for which application threads were stopped: 0.0018510 seconds, Stopping threads took: 0.0010317 seconds
[2019-10-14T07:32:04.126+0000][1][safepoint    ] Application time: 0.0006506 seconds
[2019-10-14T07:32:04.126+0000][1][safepoint    ] Entering safepoint region: RevokeBias
[2019-10-14T07:32:04.127+0000][1][safepoint    ] Leaving safepoint region
[2019-10-14T07:32:04.127+0000][1][safepoint    ] Total time for which application threads were stopped: 0.0009200 seconds, Stopping threads took: 0.0003844 seconds
[2019-10-14T07:32:04.128+0000][1][safepoint    ] Application time: 0.0000979 seconds
[2019-10-14T07:32:04.128+0000][1][safepoint    ] Entering safepoint region: RevokeBias
[2019-10-14T07:32:04.128+0000][1][safepoint    ] Leaving safepoint region
[2019-10-14T07:32:04.129+0000][1][safepoint    ] Total time for which application threads were stopped: 0.0007146 seconds, Stopping threads took: 0.0003524 seconds
[2019-10-14T07:32:04.130+0000][1][safepoint    ] Application time: 0.0005397 seconds
[2019-10-14T07:32:04.132+0000][1][safepoint    ] Entering safepoint region: RevokeBias
[2019-10-14T07:32:04.133+0000][1][safepoint    ] Leaving safepoint region
[2019-10-14T07:32:04.134+0000][1][safepoint    ] Total time for which application threads were stopped: 0.0037724 seconds, Stopping threads took: 0.0029057 seconds
[2019-10-14T07:32:04.135+0000][1][safepoint    ] Application time: 0.0005880 seconds
[2019-10-14T07:32:04.136+0000][1][safepoint    ] Entering safepoint region: RevokeBias
[2019-10-14T07:32:04.136+0000][1][safepoint    ] Leaving safepoint region
[2019-10-14T07:32:04.137+0000][1][safepoint    ] Total time for which application threads were stopped: 0.0016974 seconds, Stopping threads took: 0.0011319 seconds
[2019-10-14T07:32:04.137+0000][1][safepoint    ] Application time: 0.0000851 seconds
[2019-10-14T07:32:04.137+0000][1][safepoint    ] Entering safepoint region: RevokeBias
[2019-10-14T07:32:04.138+0000][1][safepoint    ] Leaving safepoint region
[2019-10-14T07:32:04.138+0000][1][safepoint    ] Total time for which application threads were stopped: 0.0006489 seconds, Stopping threads took: 0.0002502 seconds
[2019-10-14T07:32:04.146+0000][1][safepoint    ] Application time: 0.0074834 seconds
[2019-10-14T07:32:04.146+0000][1][safepoint    ] Entering safepoint region: RevokeBias
[2019-10-14T07:32:04.147+0000][1][safepoint    ] Leaving safepoint region
[2019-10-14T07:32:04.147+0000][1][safepoint    ] Total time for which application threads were stopped: 0.0010973 seconds, Stopping threads took: 0.0004041 seconds
[2019-10-14T07:32:04.159+0000][1][safepoint    ] Application time: 0.0115562 seconds
[2019-10-14T07:32:04.160+0000][1][safepoint    ] Entering safepoint region: RevokeBias
[2019-10-14T07:32:04.161+0000][1][safepoint    ] Leaving safepoint region
[2019-10-14T07:32:04.161+0000][1][safepoint    ] Total time for which application threads were stopped: 0.0014088 seconds, Stopping threads took: 0.0009470 seconds
[2019-10-14T07:32:04.162+0000][1][safepoint    ] Application time: 0.0001680 seconds
[2019-10-14T07:32:04.162+0000][1][safepoint    ] Entering safepoint region: RevokeBias
[2019-10-14T07:32:04.162+0000][1][safepoint    ] Leaving safepoint region
[2019-10-14T07:32:04.163+0000][1][safepoint    ] Total time for which application threads were stopped: 0.0008924 seconds, Stopping threads took: 0.0004045 seconds
[2019-10-14T07:32:04.164+0000][1][safepoint    ] Application time: 0.0006464 seconds
[2019-10-14T07:32:04.164+0000][1][safepoint    ] Entering safepoint region: RevokeBias
[2019-10-14T07:32:04.165+0000][1][safepoint    ] Leaving safepoint region
[2019-10-14T07:32:04.165+0000][1][safepoint    ] Total time for which application threads were stopped: 0.0006447 seconds, Stopping threads took: 0.0002910 seconds
[2019-10-14T07:32:04.165+0000][1][safepoint    ] Application time: 0.0001723 seconds
[2019-10-14T07:32:04.165+0000][1][safepoint    ] Entering safepoint region: RevokeBias
[2019-10-14T07:32:04.166+0000][1][safepoint    ] Leaving safepoint region
[2019-10-14T07:32:04.167+0000][1][safepoint    ] Total time for which application threads were stopped: 0.0010695 seconds, Stopping threads took: 0.0002123 seconds
[2019-10-14T07:32:04.167+0000][1][safepoint    ] Application time: 0.0004625 seconds
[2019-10-14T07:32:04.168+0000][1][safepoint    ] Entering safepoint region: RevokeBias
[2019-10-14T07:32:04.169+0000][1][safepoint    ] Leaving safepoint region
[2019-10-14T07:32:04.169+0000][1][safepoint    ] Total time for which application threads were stopped: 0.0009910 seconds, Stopping threads took: 0.0006504 seconds
[2019-10-14T07:32:04.169+0000][1][safepoint    ] Application time: 0.0001224 seconds
[2019-10-14T07:32:04.170+0000][1][safepoint    ] Entering safepoint region: RevokeBias
[2019-10-14T07:32:04.170+0000][1][safepoint    ] Leaving safepoint region
[2019-10-14T07:32:04.171+0000][1][safepoint    ] Total time for which application threads were stopped: 0.0009981 seconds, Stopping threads took: 0.0004279 seconds
[2019-10-14T07:32:04.172+0000][1][safepoint    ] Application time: 0.0013328 seconds
[2019-10-14T07:32:04.173+0000][1][safepoint    ] Entering safepoint region: RevokeBias
[2019-10-14T07:32:04.173+0000][1][safepoint    ] Leaving safepoint region
[2019-10-14T07:32:04.174+0000][1][safepoint    ] Total time for which application threads were stopped: 0.0007507 seconds, Stopping threads took: 0.0004085 seconds
[2019-10-14T07:32:04.175+0000][1][safepoint    ] Application time: 0.0010233 seconds
[2019-10-14T07:32:04.176+0000][1][safepoint    ] Entering safepoint region: RevokeBias
[2019-10-14T07:32:04.176+0000][1][safepoint    ] Leaving safepoint region
[2019-10-14T07:32:04.176+0000][1][safepoint    ] Total time for which application threads were stopped: 0.0007992 seconds, Stopping threads took: 0.0004376 seconds
[2019-10-14T07:32:04.177+0000][1][safepoint    ] Application time: 0.0008982 seconds
[2019-10-14T07:32:04.178+0000][1][safepoint    ] Entering safepoint region: RevokeBias
[2019-10-14T07:32:04.179+0000][1][safepoint    ] Leaving safepoint region
[2019-10-14T07:32:04.181+0000][1][safepoint    ] Total time for which application threads were stopped: 0.0029306 seconds, Stopping threads took: 0.0012401 seconds
[2019-10-14T07:32:04.182+0000][1][safepoint    ] Application time: 0.0011707 seconds
[2019-10-14T07:32:04.184+0000][1][safepoint    ] Entering safepoint region: RevokeBias
[2019-10-14T07:32:04.186+0000][1][safepoint    ] Leaving safepoint region
[2019-10-14T07:32:04.187+0000][1][safepoint    ] Total time for which application threads were stopped: 0.0030416 seconds, Stopping threads took: 0.0024097 seconds
[2019-10-14T07:32:04.312+0000][1][safepoint    ] Application time: 0.1244331 seconds
[2019-10-14T07:32:04.312+0000][1][safepoint    ] Entering safepoint region: RevokeBias
[2019-10-14T07:32:04.313+0000][1][safepoint    ] Leaving safepoint region
[2019-10-14T07:32:04.313+0000][1][safepoint    ] Total time for which application threads were stopped: 0.0008594 seconds, Stopping threads took: 0.0004034 seconds
[2019-10-14T07:32:04.337+0000][1][safepoint    ] Application time: 0.0238989 seconds
[2019-10-14T07:32:04.337+0000][1][safepoint    ] Entering safepoint region: RevokeBias
[2019-10-14T07:32:04.338+0000][1][safepoint    ] Leaving safepoint region
[2019-10-14T07:32:04.338+0000][1][safepoint    ] Total time for which application threads were stopped: 0.0007109 seconds, Stopping threads took: 0.0002508 seconds
[2019-10-14T07:32:04.339+0000][1][safepoint    ] Application time: 0.0001129 seconds
[2019-10-14T07:32:04.340+0000][1][safepoint    ] Entering safepoint region: RevokeBias
[2019-10-14T07:32:04.340+0000][1][safepoint    ] Leaving safepoint region
[2019-10-14T07:32:04.341+0000][1][safepoint    ] Total time for which application threads were stopped: 0.0009675 seconds, Stopping threads took: 0.0004545 seconds
[2019-10-14T07:32:04.341+0000][1][safepoint    ] Application time: 0.0004687 seconds
[2019-10-14T07:32:04.342+0000][1][safepoint    ] Entering safepoint region: RevokeBias
[2019-10-14T07:32:04.342+0000][1][safepoint    ] Leaving safepoint region
[2019-10-14T07:32:04.342+0000][1][safepoint    ] Total time for which application threads were stopped: 0.0007620 seconds, Stopping threads took: 0.0003776 seconds
[2019-10-14T07:32:04.343+0000][1][safepoint    ] Application time: 0.0004668 seconds
[2019-10-14T07:32:04.343+0000][1][safepoint    ] Entering safepoint region: RevokeBias
[2019-10-14T07:32:04.344+0000][1][safepoint    ] Leaving safepoint region
[2019-10-14T07:32:04.344+0000][1][safepoint    ] Total time for which application threads were stopped: 0.0006760 seconds, Stopping threads took: 0.0003580 seconds
[2019-10-14T07:32:04.345+0000][1][safepoint    ] Application time: 0.0002042 seconds
[2019-10-14T07:32:04.345+0000][1][safepoint    ] Entering safepoint region: BulkRevokeBias
[2019-10-14T07:32:04.347+0000][1][safepoint    ] Leaving safepoint region
[2019-10-14T07:32:04.347+0000][1][safepoint    ] Total time for which application threads were stopped: 0.0021987 seconds, Stopping threads took: 0.0013770 seconds
[2019-10-14T07:32:04.360+0000][1][safepoint    ] Application time: 0.0116330 seconds
[2019-10-14T07:32:04.360+0000][1][safepoint    ] Entering safepoint region: BulkRevokeBias
[2019-10-14T07:32:04.361+0000][1][safepoint    ] Leaving safepoint region
[2019-10-14T07:32:04.361+0000][1][safepoint    ] Total time for which application threads were stopped: 0.0012224 seconds, Stopping threads took: 0.0004819 seconds
[2019-10-14T07:32:04.362+0000][1][safepoint    ] Application time: 0.0001527 seconds
[2019-10-14T07:32:04.362+0000][1][safepoint    ] Entering safepoint region: RevokeBias
[2019-10-14T07:32:04.363+0000][1][safepoint    ] Leaving safepoint region
[2019-10-14T07:32:04.363+0000][1][safepoint    ] Total time for which application threads were stopped: 0.0007778 seconds, Stopping threads took: 0.0003264 seconds
[2019-10-14T07:32:04.364+0000][1][safepoint    ] Application time: 0.0002967 seconds
[2019-10-14T07:32:04.364+0000][1][safepoint    ] Entering safepoint region: RevokeBias
[2019-10-14T07:32:04.365+0000][1][safepoint    ] Leaving safepoint region
[2019-10-14T07:32:04.365+0000][1][safepoint    ] Total time for which application threads were stopped: 0.0013172 seconds, Stopping threads took: 0.0002995 seconds
[2019-10-14T07:32:04.374+0000][1][safepoint    ] Application time: 0.0005715 seconds
[2019-10-14T07:32:04.375+0000][1][safepoint    ] Entering safepoint region: RevokeBias
[2019-10-14T07:32:04.375+0000][1][safepoint    ] Leaving safepoint region
[2019-10-14T07:32:04.375+0000][1][safepoint    ] Total time for which application threads were stopped: 0.0007738 seconds, Stopping threads took: 0.0003411 seconds
[2019-10-14T07:32:04.377+0000][1][safepoint    ] Application time: 0.0009205 seconds
[2019-10-14T07:32:04.387+0000][1][safepoint    ] Entering safepoint region: RevokeBias
[2019-10-14T07:32:04.388+0000][1][safepoint    ] Leaving safepoint region
[2019-10-14T07:32:04.388+0000][1][safepoint    ] Total time for which application threads were stopped: 0.0008580 seconds, Stopping threads took: 0.0004279 seconds
[2019-10-14T07:32:04.389+0000][1][safepoint    ] Application time: 0.0005823 seconds
[2019-10-14T07:32:04.389+0000][1][safepoint    ] Entering safepoint region: RevokeBias
[2019-10-14T07:32:04.390+0000][1][safepoint    ] Leaving safepoint region
[2019-10-14T07:32:04.390+0000][1][safepoint    ] Total time for which application threads were stopped: 0.0006726 seconds, Stopping threads took: 0.0003059 seconds
[2019-10-14T07:32:04.391+0000][1][safepoint    ] Application time: 0.0004739 seconds
[2019-10-14T07:32:04.394+0000][1][safepoint    ] Entering safepoint region: RevokeBias
[2019-10-14T07:32:04.395+0000][1][safepoint    ] Leaving safepoint region
[2019-10-14T07:32:04.395+0000][1][safepoint    ] Total time for which application threads were stopped: 0.0043111 seconds, Stopping threads took: 0.0038648 seconds
[2019-10-14T07:32:04.397+0000][1][safepoint    ] Application time: 0.0015806 seconds
[2019-10-14T07:32:04.398+0000][1][safepoint    ] Entering safepoint region: RevokeBias
[2019-10-14T07:32:04.398+0000][1][safepoint    ] Leaving safepoint region
[2019-10-14T07:32:04.398+0000][1][safepoint    ] Total time for which application threads were stopped: 0.0006909 seconds, Stopping threads took: 0.0003018 seconds
[2019-10-14T07:32:04.417+0000][1][safepoint    ] Application time: 0.0180813 seconds
[2019-10-14T07:32:04.418+0000][1][safepoint    ] Entering safepoint region: RevokeBias
[2019-10-14T07:32:04.418+0000][1][safepoint    ] Leaving safepoint region
[2019-10-14T07:32:04.418+0000][1][safepoint    ] Total time for which application threads were stopped: 0.0008964 seconds, Stopping threads took: 0.0004487 seconds
[2019-10-14T07:32:04.421+0000][1][safepoint    ] Application time: 0.0022518 seconds
[2019-10-14T07:32:04.421+0000][1][safepoint    ] Entering safepoint region: RevokeBias
[2019-10-14T07:32:04.422+0000][1][safepoint    ] Leaving safepoint region
[2019-10-14T07:32:04.422+0000][1][safepoint    ] Total time for which application threads were stopped: 0.0009888 seconds, Stopping threads took: 0.0002850 seconds
[2019-10-14T07:32:04.424+0000][1][safepoint    ] Application time: 0.0012420 seconds
[2019-10-14T07:32:04.425+0000][1][safepoint    ] Entering safepoint region: RevokeBias
[2019-10-14T07:32:04.425+0000][1][safepoint    ] Leaving safepoint region
[2019-10-14T07:32:04.425+0000][1][safepoint    ] Total time for which application threads were stopped: 0.0007007 seconds, Stopping threads took: 0.0003021 seconds
[2019-10-14T07:32:04.426+0000][1][safepoint    ] Application time: 0.0006426 seconds
[2019-10-14T07:32:04.427+0000][1][safepoint    ] Entering safepoint region: RevokeBias
[2019-10-14T07:32:04.428+0000][1][safepoint    ] Leaving safepoint region
[2019-10-14T07:32:04.428+0000][1][safepoint    ] Total time for which application threads were stopped: 0.0012194 seconds, Stopping threads took: 0.0008280 seconds
[2019-10-14T07:32:04.429+0000][1][safepoint    ] Application time: 0.0007328 seconds
[2019-10-14T07:32:04.429+0000][1][safepoint    ] Entering safepoint region: RevokeBias
[2019-10-14T07:32:04.430+0000][1][safepoint    ] Leaving safepoint region
[2019-10-14T07:32:04.430+0000][1][safepoint    ] Total time for which application threads were stopped: 0.0006551 seconds, Stopping threads took: 0.0003458 seconds
[2019-10-14T07:32:04.458+0000][1][safepoint    ] Application time: 0.0280123 seconds
[2019-10-14T07:32:04.459+0000][1][safepoint    ] Entering safepoint region: RevokeBias
[2019-10-14T07:32:04.459+0000][1][safepoint    ] Leaving safepoint region
[2019-10-14T07:32:04.459+0000][1][safepoint    ] Total time for which application threads were stopped: 0.0009265 seconds, Stopping threads took: 0.0003633 seconds
[2019-10-14T07:32:04.462+0000][1][safepoint    ] Application time: 0.0022858 seconds
[2019-10-14T07:32:04.462+0000][1][safepoint    ] Entering safepoint region: RevokeBias
[2019-10-14T07:32:04.463+0000][1][safepoint    ] Leaving safepoint region
[2019-10-14T07:32:04.463+0000][1][safepoint    ] Total time for which application threads were stopped: 0.0007143 seconds, Stopping threads took: 0.0004210 seconds
[2019-10-14T07:32:04.467+0000][1][gc,heap,exit ] Heap
[2019-10-14T07:32:04.468+0000][1][gc,heap,exit ]  par new generation   total 78656K, used 45427K [0x00000000f0000000, 0x00000000f5550000, 0x00000000f5550000)
[2019-10-14T07:32:04.468+0000][1][gc,heap,exit ]   eden space 69952K,  62% used [0x00000000f0000000, 0x00000000f2ad6bd0, 0x00000000f4450000)
[2019-10-14T07:32:04.468+0000][1][gc,heap,exit ]   from space 8704K,  17% used [0x00000000f4450000, 0x00000000f45d60f0, 0x00000000f4cd0000)
[2019-10-14T07:32:04.469+0000][1][gc,heap,exit ]   to   space 8704K,   0% used [0x00000000f4cd0000, 0x00000000f4cd0000, 0x00000000f5550000)
[2019-10-14T07:32:04.469+0000][1][gc,heap,exit ]  concurrent mark-sweep generation total 174784K, used 74251K [0x00000000f5550000, 0x0000000100000000, 0x0000000100000000)
[2019-10-14T07:32:04.470+0000][1][gc,heap,exit ]  Metaspace       used 80038K, capacity 85562K, committed 85840K, reserved 1122304K
[2019-10-14T07:32:04.470+0000][1][gc,heap,exit ]   class space    used 10581K, capacity 12923K, committed 13040K, reserved 1048576K
[2019-10-14T07:32:04.470+0000][1][safepoint    ] Application time: 0.0069280 seconds
[2019-10-14T07:32:04.471+0000][1][safepoint    ] Entering safepoint region: Exit
